
=== elnone (no electrode — matched baseline)  size-factor 0.96, 394s
    TE011: f=2.44920  Q0=45,639
    TM020: f=2.42365  Q0=23,219

=== el05 (5 mm from upstream end cap)  size-factor 1.06, 331s
    TE011: f=2.44900  Q0=45,338
    TM020: f=2.40555  Q0=22,132

=== el10 (10 mm from end cap)  size-factor 1.00, 433s
    TE011: f=2.45110  Q0=44,326
    TM020: f=2.40870  Q0=22,443

=== el20 (20 mm from end cap)  size-factor 0.96, 386s
    TE011: f=2.45940  Q0=42,091
    TM020: f=2.40895  Q0=22,653

=== elmid (mid-plane — the worst case)  size-factor 1.00, 360s
    TE011: f=2.36325  Q0=17,969
    TM020: f=2.40840  Q0=22,672

============================================================================
case      size-f   TE011 f       df   TE011 Q0       dQ
elnone      0.96   2.44920    +0.0M     45,639    +0.0%
el05        1.06   2.44900    -0.2M     45,338    -0.7%
el10        1.00   2.45110    +1.9M     44,326    -2.9%
el20        0.96   2.45940   +10.2M     42,091    -7.8%
elmid       1.00   2.36325   -85.9M     17,969   -60.6%

Predicted from E_phi ~ J1(chi r/a) sin(pi z/L): the band sees 5.7% of peak at
5 mm, 11.2% at 10 mm, and 31.9% at mid-plane. If dQ tracks that ordering the
short is real and placement fixes it; if even mid-plane is cheap, the band is
not the problem the analysis suggests and it can go anywhere convenient.
