R99b — LOCATE TM020 at the sapphire point. Re-solve only; no new meshes.

R99 measured, in the (2.26, 2.48) window, at L = 88.53:

    quartz    TM020 at 2.37330, boreE 2.362%  (tm020.f_raw_order1 = 2.37546 ✓)
    sapphire  NO mode with boreE above 0.25% anywhere in the window

The predicted direction is exactly this: TM020's E_z ~ J0 is MAXIMUM on axis,
where the torch is, so it is the mode sapphire loads hardest and it moves DOWN.

🔴 BUT "ABSENT FROM A WINDOW IS NOT ABSENT." That inference has been retracted
three times in this record — R54's TM111/TM020, R77's excluded 2.3431, R59's
unlocated TM111. The mode is UNLOCATED, not "below 2.26", and the difference
between those two statements is the entire result: the primary criterion is a
CLEARANCE, and a clearance cannot be computed from an absence.

🔑 ALSO: R99's OWN NULL CONTROL IS VOID, NOT PASSED. It required s99sa and s99pr
to agree on f(TM020) — unevaluable when neither has one. Nothing about TM020 from
R99 should be read until this run finds it.

WHAT THIS RUN IS: the same three meshes, a lower window, a coarser step. LOCATE
only. Once TM020 is found, a narrow fine sweep can measure it properly.

    band  (2.05, 2.30)   250 MHz — wide enough that a shift several times the
                         quartz->sapphire TE011 shift is still captured
    step  2e-4           200 kHz = ~11 points across a 2.3 MHz linewidth. Ample
                         to locate; NOT the step to quote a linewidth from.

⚠️ s99qz is included even though its TM020 is already known. It is the control
that proves the low window is being read correctly — if a spurious boreE mode
appears down here in QUARTZ too, the identification is wrong, not the physics.

==============================================================================
    torch: eps=3.78 tand=0.0001 (from mesh sidecar)
  s99qzL: s99qz.msh eps=3.78 L=88.53
    solved in 250s
    torch: eps=11.6 tand=3.5e-05 (from mesh sidecar)
  s99saL: s99sa.msh eps=11.6 L=88.53
    solved in 276s
    torch: eps=11.6 tand=3.5e-05 (from mesh sidecar)
  s99prL: s99pr.msh eps=11.6 L=87.97000000000001
    solved in 271s

  wrote 3 result files + r99b.sweep.json
  ⚠️ NO VERDICT HERE — mode identity is by boreE signature
EXIT=0
