>> /opt/amip/envs/emsim/bin/mpirun -n 32 /opt/amip/palace/bin/palace-x86_64.bin e1b_A_tran.json

_____________     _______
_____   __   \____ __   /____ ____________
____   /_/  /  __ ` /  /  __ ` /  ___/  _ \
___   _____/  /_/  /  /  /_/  /  /__/  ___/
  /__/     \___,__/__/\___,__/\_____\_____/


[38;2;255;255;000m--> Warning![0m
Output folder is not empty; program will overwrite content! (postpro/e1b_A_tran)
Git changeset ID: v0.17.0-293-g3c83b9db0
Running with 32 MPI processes, 1 OpenMP thread
Device configuration: omp,cpu
Memory configuration: host-std
libCEED backend: /cpu/self/xsmm/blocked

Added 7651 boundary elements for material interfaces to the mesh

Characteristic length and time scales:
 Lc = 2.451e-01 m, tc = 8.174e-01 ns
Finished partitioning mesh into 32 subdomains

Mesh curvature order: 2
Mesh bounding box:
 (Xmin, Ymin, Zmin) = (-1.032e-01, -1.225e-01, -4.426e-02) m
 (Xmax, Ymax, Zmax) = (+1.032e-01, +1.225e-01, +4.426e-02) m

Parallel Mesh Stats:

                minimum     average     maximum       total
 vertices           120         218         405        6982
 edges             1071        1387        1904       44398
 faces             2048        2278        2637       72904
 elements          1081        1108        1142       35487
 neighbors            5          11          21

            minimum     maximum
 h       0.00286572    0.149642
 kappa      1.03322     13.8315

Estimated current per-rank memory usage is: Min. 31.7M, Max. 59.6M, Avg. 33.1M, Total 1.0G
Estimated current per-node memory usage is: Min. 1.0G, Max. 1.0G, Avg. 1.0G, Total 1.0G

Configuring Dirichlet PEC BC at attributes:
 90

Assembling system matrices, number of global unknowns:
 H1 (p = 2): 51380, ND (p = 2): 234604, RT (p = 2): 325173
 Operator assembly level: Partial
 Mesh geometries:
  Tetrahedron: P = 20, Q = 14 (quadrature order = 4)

Configuring SLEPc eigenvalue solver:
 Scaling γ = 7.374e+04, δ = 1.173e-04
 Configuring divergence-free projection
 Using random starting vector
 Shift-and-invert σ = 1.050e+00 GHz (5.393e+00)

Assembling multigrid hierarchy:
 Level 0 (p = 1): 44398 unknowns
 Level 1 (p = 2): 234604 unknowns
 Level 0 (auxiliary) (p = 1): 6982 unknowns
 Level 1 (auxiliary) (p = 2): 51380 unknowns

#PETSc Option Table entries:
-eps_monitor # (source: code)
#End of PETSc Option Table entries

  Residual norms for GMRES solve
  0 (restart 0) KSP residual norm 9.597051e-03
  1 (restart 0) KSP residual norm 5.703331e-04
  2 (restart 0) KSP residual norm 5.952097e-05
  3 (restart 0) KSP residual norm 1.478424e-05
  4 (restart 0) KSP residual norm 3.428579e-06
  5 (restart 0) KSP residual norm 1.027112e-06
  6 (restart 0) KSP residual norm 3.476582e-07
  7 (restart 0) KSP residual norm 1.359679e-07
  8 (restart 0) KSP residual norm 6.098511e-08
  9 (restart 0) KSP residual norm 2.775991e-08
 10 (restart 0) KSP residual norm 1.395250e-08
 11 (restart 0) KSP residual norm 6.241553e-09
 12 (restart 0) KSP residual norm 2.585323e-09
 13 (restart 0) KSP residual norm 1.167768e-09
 14 (restart 0) KSP residual norm 5.342801e-10
 15 (restart 0) KSP residual norm 2.488006e-10
 16 (restart 0) KSP residual norm 1.161188e-10
 17 (restart 0) KSP residual norm 5.203873e-11
GMRES solver converged in 17 iterations (avg. reduction factor: 3.264e-01)
  Residual norms for GMRES solve
  0 (restart 0) KSP residual norm 2.652036e+00
  1 (restart 0) KSP residual norm 3.116091e-02
  2 (restart 0) KSP residual norm 1.860888e-03
  3 (restart 0) KSP residual norm 3.692122e-04
  4 (restart 0) KSP residual norm 7.876605e-05
  5 (restart 0) KSP residual norm 2.333022e-05
  6 (restart 0) KSP residual norm 8.321559e-06
  7 (restart 0) KSP residual norm 3.674971e-06
  8 (restart 0) KSP residual norm 1.746974e-06
  9 (restart 0) KSP residual norm 7.456631e-07
 10 (restart 0) KSP residual norm 3.325743e-07
 11 (restart 0) KSP residual norm 1.347193e-07
 12 (restart 0) KSP residual norm 4.935077e-08
 13 (restart 0) KSP residual norm 1.859425e-08
GMRES solver converged in 13 iterations (avg. reduction factor: 2.359e-01)
  Residual norms for GMRES solve
  0 (restart 0) KSP residual norm 1.313075e+00
  1 (restart 0) KSP residual norm 1.910889e-02
  2 (restart 0) KSP residual norm 1.110093e-03
  3 (restart 0) KSP residual norm 2.208390e-04
  4 (restart 0) KSP residual norm 4.892900e-05
  5 (restart 0) KSP residual norm 1.367029e-05
  6 (restart 0) KSP residual norm 4.525183e-06
  7 (restart 0) KSP residual norm 2.022321e-06
  8 (restart 0) KSP residual norm 9.519766e-07
  9 (restart 0) KSP residual norm 4.114685e-07
 10 (restart 0) KSP residual norm 1.870503e-07
 11 (restart 0) KSP residual norm 7.586992e-08
 12 (restart 0) KSP residual norm 2.768915e-08
 13 (restart 0) KSP residual norm 1.017394e-08
GMRES solver converged in 13 iterations (avg. reduction factor: 2.377e-01)
  Residual norms for GMRES solve
  0 (restart 0) KSP residual norm 2.234945e-01
  1 (restart 0) KSP residual norm 1.777659e-02
  2 (restart 0) KSP residual norm 8.953598e-04
  3 (restart 0) KSP residual norm 1.316983e-04
  4 (restart 0) KSP residual norm 3.327881e-05
  5 (restart 0) KSP residual norm 8.310586e-06
  6 (restart 0) KSP residual norm 2.419628e-06
  7 (restart 0) KSP residual norm 7.785138e-07
  8 (restart 0) KSP residual norm 3.495608e-07
  9 (restart 0) KSP residual norm 1.672907e-07
 10 (restart 0) KSP residual norm 7.827768e-08
 11 (restart 0) KSP residual norm 3.534406e-08
 12 (restart 0) KSP residual norm 1.405160e-08
 13 (restart 0) KSP residual norm 5.235990e-09
 14 (restart 0) KSP residual norm 1.954273e-09
GMRES solver converged in 14 iterations (avg. reduction factor: 2.657e-01)
  Residual norms for GMRES solve
  0 (restart 0) KSP residual norm 5.758667e-01
  1 (restart 0) KSP residual norm 1.802751e-02
  2 (restart 0) KSP residual norm 8.321551e-04
  3 (restart 0) KSP residual norm 1.564917e-04
  4 (restart 0) KSP residual norm 3.384801e-05
  5 (restart 0) KSP residual norm 9.351924e-06
  6 (restart 0) KSP residual norm 3.032509e-06
  7 (restart 0) KSP residual norm 1.280172e-06
  8 (restart 0) KSP residual norm 6.099544e-07
  9 (restart 0) KSP residual norm 2.811931e-07
 10 (restart 0) KSP residual norm 1.219566e-07
 11 (restart 0) KSP residual norm 4.867200e-08
 12 (restart 0) KSP residual norm 1.877123e-08
 13 (restart 0) KSP residual norm 6.828954e-09
 14 (restart 0) KSP residual norm 2.757442e-09
GMRES solver converged in 14 iterations (avg. reduction factor: 2.545e-01)
  Residual norms for GMRES solve
  0 (restart 0) KSP residual norm 1.479221e-01
  1 (restart 0) KSP residual norm 1.440500e-02
  2 (restart 0) KSP residual norm 7.614056e-04
  3 (restart 0) KSP residual norm 1.448619e-04
  4 (restart 0) KSP residual norm 3.320888e-05
  5 (restart 0) KSP residual norm 8.458180e-06
  6 (restart 0) KSP residual norm 2.385494e-06
  7 (restart 0) KSP residual norm 7.287844e-07
  8 (restart 0) KSP residual norm 2.773323e-07
  9 (restart 0) KSP residual norm 1.106311e-07
 10 (restart 0) KSP residual norm 4.675297e-08
 11 (restart 0) KSP residual norm 2.173980e-08
 12 (restart 0) KSP residual norm 9.995410e-09
 13 (restart 0) KSP residual norm 4.437071e-09
 14 (restart 0) KSP residual norm 1.882086e-09
 15 (restart 0) KSP residual norm 7.790677e-10
GMRES solver converged in 15 iterations (avg. reduction factor: 2.806e-01)
  Residual norms for GMRES solve
  0 (restart 0) KSP residual norm 6.754281e-01
  1 (restart 0) KSP residual norm 1.918589e-02
  2 (restart 0) KSP residual norm 9.188028e-04
  3 (restart 0) KSP residual norm 1.592945e-04
  4 (restart 0) KSP residual norm 3.616284e-05
  5 (restart 0) KSP residual norm 9.698065e-06
  6 (restart 0) KSP residual norm 3.167450e-06
  7 (restart 0) KSP residual norm 1.196908e-06
  8 (restart 0) KSP residual norm 4.794615e-07
  9 (restart 0) KSP residual norm 2.091052e-07
 10 (restart 0) KSP residual norm 1.000095e-07
 11 (restart 0) KSP residual norm 4.754266e-08
 12 (restart 0) KSP residual norm 2.025783e-08
 13 (restart 0) KSP residual norm 7.518636e-09
 14 (restart 0) KSP residual norm 3.106248e-09
GMRES solver converged in 14 iterations (avg. reduction factor: 2.538e-01)
  Residual norms for GMRES solve
  0 (restart 0) KSP residual norm 6.227342e-01
  1 (restart 0) KSP residual norm 1.539799e-02
  2 (restart 0) KSP residual norm 7.856404e-04
  3 (restart 0) KSP residual norm 1.484162e-04
  4 (restart 0) KSP residual norm 3.311920e-05
  5 (restart 0) KSP residual norm 8.403495e-06
  6 (restart 0) KSP residual norm 3.096734e-06
  7 (restart 0) KSP residual norm 1.278417e-06
  8 (restart 0) KSP residual norm 5.890417e-07
  9 (restart 0) KSP residual norm 2.741674e-07
 10 (restart 0) KSP residual norm 1.264328e-07
 11 (restart 0) KSP residual norm 5.131255e-08
 12 (restart 0) KSP residual norm 1.949235e-08
 13 (restart 0) KSP residual norm 7.349215e-09
 14 (restart 0) KSP residual norm 2.785690e-09
GMRES solver converged in 14 iterations (avg. reduction factor: 2.533e-01)
  Residual norms for GMRES solve
  0 (restart 0) KSP residual norm 5.173355e-01
  1 (restart 0) KSP residual norm 1.516408e-02
  2 (restart 0) KSP residual norm 6.816615e-04
  3 (restart 0) KSP residual norm 1.406252e-04
  4 (restart 0) KSP residual norm 3.113045e-05
  5 (restart 0) KSP residual norm 8.389206e-06
  6 (restart 0) KSP residual norm 2.595274e-06
  7 (restart 0) KSP residual norm 9.603966e-07
  8 (restart 0) KSP residual norm 4.242955e-07
  9 (restart 0) KSP residual norm 1.813189e-07
 10 (restart 0) KSP residual norm 8.955489e-08
 11 (restart 0) KSP residual norm 4.126441e-08
 12 (restart 0) KSP residual norm 1.620213e-08
 13 (restart 0) KSP residual norm 6.328719e-09
 14 (restart 0) KSP residual norm 2.501031e-09
GMRES solver converged in 14 iterations (avg. reduction factor: 2.547e-01)
  Residual norms for GMRES solve
  0 (restart 0) KSP residual norm 8.034530e-01
  1 (restart 0) KSP residual norm 1.512977e-02
  2 (restart 0) KSP residual norm 8.315935e-04
  3 (restart 0) KSP residual norm 1.726210e-04
  4 (restart 0) KSP residual norm 4.016811e-05
  5 (restart 0) KSP residual norm 1.119681e-05
  6 (restart 0) KSP residual norm 3.555346e-06
  7 (restart 0) KSP residual norm 1.505979e-06
  8 (restart 0) KSP residual norm 7.540454e-07
  9 (restart 0) KSP residual norm 3.298158e-07
 10 (restart 0) KSP residual norm 1.384436e-07
 11 (restart 0) KSP residual norm 5.439468e-08
 12 (restart 0) KSP residual norm 2.044840e-08
 13 (restart 0) KSP residual norm 7.937405e-09
GMRES solver converged in 13 iterations (avg. reduction factor: 2.422e-01)
  Residual norms for GMRES solve
  0 (restart 0) KSP residual norm 4.133847e-01
  1 (restart 0) KSP residual norm 1.045286e-02
  2 (restart 0) KSP residual norm 6.493933e-04
  3 (restart 0) KSP residual norm 1.309641e-04
  4 (restart 0) KSP residual norm 2.874322e-05
  5 (restart 0) KSP residual norm 7.530710e-06
  6 (restart 0) KSP residual norm 2.431744e-06
  7 (restart 0) KSP residual norm 9.119847e-07
  8 (restart 0) KSP residual norm 4.230510e-07
  9 (restart 0) KSP residual norm 1.998786e-07
 10 (restart 0) KSP residual norm 9.069194e-08
 11 (restart 0) KSP residual norm 3.825398e-08
 12 (restart 0) KSP residual norm 1.514779e-08
 13 (restart 0) KSP residual norm 5.789785e-09
 14 (restart 0) KSP residual norm 2.283581e-09
GMRES solver converged in 14 iterations (avg. reduction factor: 2.571e-01)
  Residual norms for GMRES solve
  0 (restart 0) KSP residual norm 4.334983e-01
  1 (restart 0) KSP residual norm 1.551384e-02
  2 (restart 0) KSP residual norm 7.255919e-04
  3 (restart 0) KSP residual norm 1.340076e-04
  4 (restart 0) KSP residual norm 2.834859e-05
  5 (restart 0) KSP residual norm 7.945826e-06
  6 (restart 0) KSP residual norm 2.714586e-06
  7 (restart 0) KSP residual norm 1.194697e-06
  8 (restart 0) KSP residual norm 5.806889e-07
  9 (restart 0) KSP residual norm 2.523206e-07
 10 (restart 0) KSP residual norm 1.077532e-07
 11 (restart 0) KSP residual norm 4.501869e-08
 12 (restart 0) KSP residual norm 1.687605e-08
 13 (restart 0) KSP residual norm 6.066746e-09
 14 (restart 0) KSP residual norm 2.391778e-09
GMRES solver converged in 14 iterations (avg. reduction factor: 2.571e-01)
  Residual norms for GMRES solve
  0 (restart 0) KSP residual norm 2.372505e-01
  1 (restart 0) KSP residual norm 2.108233e-02
  2 (restart 0) KSP residual norm 8.096577e-04
  3 (restart 0) KSP residual norm 1.513918e-04
  4 (restart 0) KSP residual norm 3.092427e-05
  5 (restart 0) KSP residual norm 7.897781e-06
  6 (restart 0) KSP residual norm 2.461319e-06
  7 (restart 0) KSP residual norm 9.651460e-07
  8 (restart 0) KSP residual norm 4.649409e-07
  9 (restart 0) KSP residual norm 2.165340e-07
 10 (restart 0) KSP residual norm 9.514690e-08
 11 (restart 0) KSP residual norm 3.773541e-08
 12 (restart 0) KSP residual norm 1.482153e-08
 13 (restart 0) KSP residual norm 5.714635e-09
 14 (restart 0) KSP residual norm 2.173277e-09
GMRES solver converged in 14 iterations (avg. reduction factor: 2.666e-01)
  Residual norms for GMRES solve
  0 (restart 0) KSP residual norm 4.427533e-01
  1 (restart 0) KSP residual norm 1.514494e-02
  2 (restart 0) KSP residual norm 7.160051e-04
  3 (restart 0) KSP residual norm 1.529281e-04
  4 (restart 0) KSP residual norm 3.241107e-05
  5 (restart 0) KSP residual norm 8.151797e-06
  6 (restart 0) KSP residual norm 2.558760e-06
  7 (restart 0) KSP residual norm 9.338097e-07
  8 (restart 0) KSP residual norm 4.044500e-07
  9 (restart 0) KSP residual norm 1.864133e-07
 10 (restart 0) KSP residual norm 8.943246e-08
 11 (restart 0) KSP residual norm 4.044521e-08
 12 (restart 0) KSP residual norm 1.686823e-08
 13 (restart 0) KSP residual norm 6.245262e-09
 14 (restart 0) KSP residual norm 2.396031e-09
GMRES solver converged in 14 iterations (avg. reduction factor: 2.568e-01)
  Residual norms for GMRES solve
  0 (restart 0) KSP residual norm 3.083726e-01
  1 (restart 0) KSP residual norm 8.796366e-03
  2 (restart 0) KSP residual norm 5.851563e-04
  3 (restart 0) KSP residual norm 1.236380e-04
  4 (restart 0) KSP residual norm 2.831503e-05
  5 (restart 0) KSP residual norm 7.902875e-06
  6 (restart 0) KSP residual norm 2.128482e-06
  7 (restart 0) KSP residual norm 7.703720e-07
  8 (restart 0) KSP residual norm 3.319377e-07
  9 (restart 0) KSP residual norm 1.421778e-07
 10 (restart 0) KSP residual norm 6.760481e-08
 11 (restart 0) KSP residual norm 3.054686e-08
 12 (restart 0) KSP residual norm 1.291660e-08
 13 (restart 0) KSP residual norm 5.137948e-09
 14 (restart 0) KSP residual norm 2.013394e-09
GMRES solver converged in 14 iterations (avg. reduction factor: 2.602e-01)
  Residual norms for GMRES solve
  0 (restart 0) KSP residual norm 1.067669e-01
  1 (restart 0) KSP residual norm 4.087282e-03
  2 (restart 0) KSP residual norm 6.520524e-04
  3 (restart 0) KSP residual norm 1.295057e-04
  4 (restart 0) KSP residual norm 3.017197e-05
  5 (restart 0) KSP residual norm 8.196590e-06
  6 (restart 0) KSP residual norm 2.487097e-06
  7 (restart 0) KSP residual norm 9.076282e-07
  8 (restart 0) KSP residual norm 4.320802e-07
  9 (restart 0) KSP residual norm 2.102797e-07
 10 (restart 0) KSP residual norm 9.878228e-08
 11 (restart 0) KSP residual norm 4.164323e-08
 12 (restart 0) KSP residual norm 1.589569e-08
 13 (restart 0) KSP residual norm 5.883167e-09
 14 (restart 0) KSP residual norm 2.384211e-09
 15 (restart 0) KSP residual norm 9.999974e-10
GMRES solver converged in 15 iterations (avg. reduction factor: 2.916e-01)
  Residual norms for GMRES solve
  0 (restart 0) KSP residual norm 2.657584e-01
  1 (restart 0) KSP residual norm 1.437942e-02
  2 (restart 0) KSP residual norm 6.849603e-04
  3 (restart 0) KSP residual norm 1.331532e-04
  4 (restart 0) KSP residual norm 2.994112e-05
  5 (restart 0) KSP residual norm 8.168127e-06
  6 (restart 0) KSP residual norm 2.348337e-06
  7 (restart 0) KSP residual norm 7.886813e-07
  8 (restart 0) KSP residual norm 3.307063e-07
  9 (restart 0) KSP residual norm 1.465796e-07
 10 (restart 0) KSP residual norm 6.702468e-08
 11 (restart 0) KSP residual norm 3.153080e-08
 12 (restart 0) KSP residual norm 1.404232e-08
 13 (restart 0) KSP residual norm 5.675786e-09
 14 (restart 0) KSP residual norm 2.160003e-09
GMRES solver converged in 14 iterations (avg. reduction factor: 2.643e-01)
  Residual norms for GMRES solve
  0 (restart 0) KSP residual norm 5.533582e-02
  1 (restart 0) KSP residual norm 5.879663e-03
  2 (restart 0) KSP residual norm 5.227931e-04
  3 (restart 0) KSP residual norm 1.265122e-04
  4 (restart 0) KSP residual norm 2.938843e-05
  5 (restart 0) KSP residual norm 7.557901e-06
  6 (restart 0) KSP residual norm 2.074500e-06
  7 (restart 0) KSP residual norm 6.896209e-07
  8 (restart 0) KSP residual norm 2.806668e-07
  9 (restart 0) KSP residual norm 1.243692e-07
 10 (restart 0) KSP residual norm 6.124852e-08
 11 (restart 0) KSP residual norm 3.018585e-08
 12 (restart 0) KSP residual norm 1.313475e-08
 13 (restart 0) KSP residual norm 5.465341e-09
 14 (restart 0) KSP residual norm 2.372296e-09
 15 (restart 0) KSP residual norm 1.133404e-09
 16 (restart 0) KSP residual norm 5.418222e-10
GMRES solver converged in 16 iterations (avg. reduction factor: 3.158e-01)
  Residual norms for GMRES solve
  0 (restart 0) KSP residual norm 1.110739e-01
  1 (restart 0) KSP residual norm 8.268642e-03
  2 (restart 0) KSP residual norm 4.964135e-04
  3 (restart 0) KSP residual norm 1.096606e-04
  4 (restart 0) KSP residual norm 2.379241e-05
  5 (restart 0) KSP residual norm 6.457439e-06
  6 (restart 0) KSP residual norm 1.944158e-06
  7 (restart 0) KSP residual norm 7.619238e-07
  8 (restart 0) KSP residual norm 3.550957e-07
  9 (restart 0) KSP residual norm 1.713490e-07
 10 (restart 0) KSP residual norm 8.349947e-08
 11 (restart 0) KSP residual norm 3.441254e-08
 12 (restart 0) KSP residual norm 1.321844e-08
 13 (restart 0) KSP residual norm 5.145318e-09
 14 (restart 0) KSP residual norm 2.264865e-09
 15 (restart 0) KSP residual norm 1.140574e-09
 16 (restart 0) KSP residual norm 5.407764e-10
GMRES solver converged in 16 iterations (avg. reduction factor: 3.023e-01)
  Residual norms for GMRES solve
  0 (restart 0) KSP residual norm 3.307434e-01
  1 (restart 0) KSP residual norm 8.431300e-03
  2 (restart 0) KSP residual norm 5.239909e-04
  3 (restart 0) KSP residual norm 1.141029e-04
  4 (restart 0) KSP residual norm 2.543931e-05
  5 (restart 0) KSP residual norm 7.131233e-06
  6 (restart 0) KSP residual norm 2.273247e-06
  7 (restart 0) KSP residual norm 9.048248e-07
  8 (restart 0) KSP residual norm 4.371953e-07
  9 (restart 0) KSP residual norm 2.015679e-07
 10 (restart 0) KSP residual norm 8.991499e-08
 11 (restart 0) KSP residual norm 3.824054e-08
 12 (restart 0) KSP residual norm 1.478440e-08
 13 (restart 0) KSP residual norm 5.551622e-09
 14 (restart 0) KSP residual norm 2.119318e-09
GMRES solver converged in 14 iterations (avg. reduction factor: 2.599e-01)
  Residual norms for GMRES solve
  0 (restart 0) KSP residual norm 5.760907e-01
  1 (restart 0) KSP residual norm 1.404476e-02
  2 (restart 0) KSP residual norm 7.304238e-04
  3 (restart 0) KSP residual norm 1.548803e-04
  4 (restart 0) KSP residual norm 3.514813e-05
  5 (restart 0) KSP residual norm 1.014833e-05
  6 (restart 0) KSP residual norm 3.245181e-06
  7 (restart 0) KSP residual norm 1.425817e-06
  8 (restart 0) KSP residual norm 7.097996e-07
  9 (restart 0) KSP residual norm 3.191507e-07
 10 (restart 0) KSP residual norm 1.343981e-07
 11 (restart 0) KSP residual norm 5.364533e-08
 12 (restart 0) KSP residual norm 2.066596e-08
 13 (restart 0) KSP residual norm 7.452532e-09
 14 (restart 0) KSP residual norm 2.683791e-09
GMRES solver converged in 14 iterations (avg. reduction factor: 2.540e-01)
  Residual norms for GMRES solve
  0 (restart 0) KSP residual norm 2.459712e-01
  1 (restart 0) KSP residual norm 1.052523e-02
  2 (restart 0) KSP residual norm 6.220838e-04
  3 (restart 0) KSP residual norm 1.276079e-04
  4 (restart 0) KSP residual norm 2.713720e-05
  5 (restart 0) KSP residual norm 7.818864e-06
  6 (restart 0) KSP residual norm 2.411478e-06
  7 (restart 0) KSP residual norm 8.240065e-07
  8 (restart 0) KSP residual norm 3.284151e-07
  9 (restart 0) KSP residual norm 1.355140e-07
 10 (restart 0) KSP residual norm 6.265134e-08
 11 (restart 0) KSP residual norm 3.065876e-08
 12 (restart 0) KSP residual norm 1.374815e-08
 13 (restart 0) KSP residual norm 5.392237e-09
 14 (restart 0) KSP residual norm 2.226394e-09
GMRES solver converged in 14 iterations (avg. reduction factor: 2.664e-01)
  Residual norms for GMRES solve
  0 (restart 0) KSP residual norm 8.216918e-01
  1 (restart 0) KSP residual norm 1.334401e-02
  2 (restart 0) KSP residual norm 7.934394e-04
  3 (restart 0) KSP residual norm 1.566552e-04
  4 (restart 0) KSP residual norm 3.411141e-05
  5 (restart 0) KSP residual norm 9.670552e-06
  6 (restart 0) KSP residual norm 3.168969e-06
  7 (restart 0) KSP residual norm 1.349031e-06
  8 (restart 0) KSP residual norm 6.398559e-07
  9 (restart 0) KSP residual norm 2.922443e-07
 10 (restart 0) KSP residual norm 1.303087e-07
 11 (restart 0) KSP residual norm 5.015540e-08
 12 (restart 0) KSP residual norm 1.906786e-08
 13 (restart 0) KSP residual norm 7.259781e-09
GMRES solver converged in 13 iterations (avg. reduction factor: 2.401e-01)
  Residual norms for GMRES solve
  0 (restart 0) KSP residual norm 2.401627e-01
  1 (restart 0) KSP residual norm 7.354959e-03
  2 (restart 0) KSP residual norm 5.360587e-04
  3 (restart 0) KSP residual norm 1.122483e-04
  4 (restart 0) KSP residual norm 2.542828e-05
  5 (restart 0) KSP residual norm 7.142131e-06
  6 (restart 0) KSP residual norm 2.326602e-06
  7 (restart 0) KSP residual norm 9.177073e-07
  8 (restart 0) KSP residual norm 4.125170e-07
  9 (restart 0) KSP residual norm 1.813202e-07
 10 (restart 0) KSP residual norm 8.720440e-08
 11 (restart 0) KSP residual norm 3.899993e-08
 12 (restart 0) KSP residual norm 1.521172e-08
 13 (restart 0) KSP residual norm 5.825239e-09
 14 (restart 0) KSP residual norm 2.492841e-09
 15 (restart 0) KSP residual norm 1.110257e-09
GMRES solver converged in 15 iterations (avg. reduction factor: 2.782e-01)
  Residual norms for GMRES solve
  0 (restart 0) KSP residual norm 4.813256e-02
  1 (restart 0) KSP residual norm 6.172248e-03
  2 (restart 0) KSP residual norm 5.567535e-04
  3 (restart 0) KSP residual norm 1.169486e-04
  4 (restart 0) KSP residual norm 2.606801e-05
  5 (restart 0) KSP residual norm 7.061828e-06
  6 (restart 0) KSP residual norm 2.079602e-06
  7 (restart 0) KSP residual norm 7.686273e-07
  8 (restart 0) KSP residual norm 3.159916e-07
  9 (restart 0) KSP residual norm 1.362365e-07
 10 (restart 0) KSP residual norm 6.521863e-08
 11 (restart 0) KSP residual norm 3.108980e-08
 12 (restart 0) KSP residual norm 1.343557e-08
 13 (restart 0) KSP residual norm 5.565725e-09
 14 (restart 0) KSP residual norm 2.410960e-09
 15 (restart 0) KSP residual norm 1.028610e-09
 16 (restart 0) KSP residual norm 4.404467e-10
GMRES solver converged in 16 iterations (avg. reduction factor: 3.145e-01)
  Residual norms for GMRES solve
  0 (restart 0) KSP residual norm 9.889972e-02
  1 (restart 0) KSP residual norm 6.847072e-03
  2 (restart 0) KSP residual norm 5.530197e-04
  3 (restart 0) KSP residual norm 1.159698e-04
  4 (restart 0) KSP residual norm 2.681307e-05
  5 (restart 0) KSP residual norm 7.107641e-06
  6 (restart 0) KSP residual norm 2.076342e-06
  7 (restart 0) KSP residual norm 6.925631e-07
  8 (restart 0) KSP residual norm 2.894394e-07
  9 (restart 0) KSP residual norm 1.361557e-07
 10 (restart 0) KSP residual norm 6.356592e-08
 11 (restart 0) KSP residual norm 2.908558e-08
 12 (restart 0) KSP residual norm 1.175822e-08
 13 (restart 0) KSP residual norm 4.604194e-09
 14 (restart 0) KSP residual norm 1.850488e-09
 15 (restart 0) KSP residual norm 8.457287e-10
GMRES solver converged in 15 iterations (avg. reduction factor: 2.898e-01)
  Residual norms for GMRES solve
  0 (restart 0) KSP residual norm 5.872426e-02
  1 (restart 0) KSP residual norm 6.199385e-03
  2 (restart 0) KSP residual norm 5.730334e-04
  3 (restart 0) KSP residual norm 1.248134e-04
  4 (restart 0) KSP residual norm 2.682728e-05
  5 (restart 0) KSP residual norm 7.061642e-06
  6 (restart 0) KSP residual norm 1.997442e-06
  7 (restart 0) KSP residual norm 6.758718e-07
  8 (restart 0) KSP residual norm 2.936617e-07
  9 (restart 0) KSP residual norm 1.360664e-07
 10 (restart 0) KSP residual norm 6.613692e-08
 11 (restart 0) KSP residual norm 2.894469e-08
 12 (restart 0) KSP residual norm 1.126343e-08
 13 (restart 0) KSP residual norm 4.450884e-09
 14 (restart 0) KSP residual norm 1.784321e-09
 15 (restart 0) KSP residual norm 7.486853e-10
 16 (restart 0) KSP residual norm 3.221846e-10
GMRES solver converged in 16 iterations (avg. reduction factor: 3.046e-01)
  Residual norms for GMRES solve
  0 (restart 0) KSP residual norm 1.845279e-01
  1 (restart 0) KSP residual norm 8.863337e-03
  2 (restart 0) KSP residual norm 5.798133e-04
  3 (restart 0) KSP residual norm 1.207302e-04
  4 (restart 0) KSP residual norm 2.584314e-05
  5 (restart 0) KSP residual norm 6.945127e-06
  6 (restart 0) KSP residual norm 2.059941e-06
  7 (restart 0) KSP residual norm 7.265576e-07
  8 (restart 0) KSP residual norm 3.324457e-07
  9 (restart 0) KSP residual norm 1.588327e-07
 10 (restart 0) KSP residual norm 7.339872e-08
 11 (restart 0) KSP residual norm 3.111215e-08
 12 (restart 0) KSP residual norm 1.200298e-08
 13 (restart 0) KSP residual norm 4.599966e-09
 14 (restart 0) KSP residual norm 1.770421e-09
GMRES solver converged in 14 iterations (avg. reduction factor: 2.675e-01)
  Residual norms for GMRES solve
  0 (restart 0) KSP residual norm 3.953091e-02
  1 (restart 0) KSP residual norm 3.840974e-03
  2 (restart 0) KSP residual norm 5.454569e-04
  3 (restart 0) KSP residual norm 1.212297e-04
  4 (restart 0) KSP residual norm 2.717590e-05
  5 (restart 0) KSP residual norm 6.878807e-06
  6 (restart 0) KSP residual norm 1.906332e-06
  7 (restart 0) KSP residual norm 6.785339e-07
  8 (restart 0) KSP residual norm 3.011091e-07
  9 (restart 0) KSP residual norm 1.449761e-07
 10 (restart 0) KSP residual norm 6.794697e-08
 11 (restart 0) KSP residual norm 2.969745e-08
 12 (restart 0) KSP residual norm 1.138997e-08
 13 (restart 0) KSP residual norm 4.244382e-09
 14 (restart 0) KSP residual norm 1.623422e-09
 15 (restart 0) KSP residual norm 6.825561e-10
 16 (restart 0) KSP residual norm 3.123519e-10
GMRES solver converged in 16 iterations (avg. reduction factor: 3.116e-01)
  Residual norms for GMRES solve
  0 (restart 0) KSP residual norm 1.027351e-01
  1 (restart 0) KSP residual norm 6.530296e-03
  2 (restart 0) KSP residual norm 5.725958e-04
  3 (restart 0) KSP residual norm 1.095384e-04
  4 (restart 0) KSP residual norm 2.406061e-05
  5 (restart 0) KSP residual norm 6.422634e-06
  6 (restart 0) KSP residual norm 1.860254e-06
  7 (restart 0) KSP residual norm 6.569901e-07
  8 (restart 0) KSP residual norm 3.107547e-07
  9 (restart 0) KSP residual norm 1.524273e-07
 10 (restart 0) KSP residual norm 7.212336e-08
 11 (restart 0) KSP residual norm 3.052679e-08
 12 (restart 0) KSP residual norm 1.136058e-08
 13 (restart 0) KSP residual norm 4.118446e-09
 14 (restart 0) KSP residual norm 1.627741e-09
 15 (restart 0) KSP residual norm 6.837547e-10
GMRES solver converged in 15 iterations (avg. reduction factor: 2.850e-01)
  Residual norms for GMRES solve
  0 (restart 0) KSP residual norm 7.542296e-02
  1 (restart 0) KSP residual norm 6.813502e-03
  2 (restart 0) KSP residual norm 5.867024e-04
  3 (restart 0) KSP residual norm 1.197727e-04
  4 (restart 0) KSP residual norm 2.688931e-05
  5 (restart 0) KSP residual norm 7.179468e-06
  6 (restart 0) KSP residual norm 2.115814e-06
  7 (restart 0) KSP residual norm 7.305348e-07
  8 (restart 0) KSP residual norm 2.885112e-07
  9 (restart 0) KSP residual norm 1.142786e-07
 10 (restart 0) KSP residual norm 4.988493e-08
 11 (restart 0) KSP residual norm 2.462564e-08
 12 (restart 0) KSP residual norm 1.137369e-08
 13 (restart 0) KSP residual norm 4.806925e-09
 14 (restart 0) KSP residual norm 2.045306e-09
 15 (restart 0) KSP residual norm 8.850057e-10
 16 (restart 0) KSP residual norm 3.623260e-10
GMRES solver converged in 16 iterations (avg. reduction factor: 3.021e-01)
  Residual norms for GMRES solve
  0 (restart 0) KSP residual norm 6.292416e-02
  1 (restart 0) KSP residual norm 6.764025e-03
  2 (restart 0) KSP residual norm 5.535854e-04
  3 (restart 0) KSP residual norm 1.148277e-04
  4 (restart 0) KSP residual norm 2.649052e-05
  5 (restart 0) KSP residual norm 6.747685e-06
  6 (restart 0) KSP residual norm 2.029155e-06
  7 (restart 0) KSP residual norm 7.305079e-07
  8 (restart 0) KSP residual norm 3.213796e-07
  9 (restart 0) KSP residual norm 1.500805e-07
 10 (restart 0) KSP residual norm 7.525235e-08
 11 (restart 0) KSP residual norm 3.270195e-08
 12 (restart 0) KSP residual norm 1.313299e-08
 13 (restart 0) KSP residual norm 5.184615e-09
 14 (restart 0) KSP residual norm 1.980008e-09
 15 (restart 0) KSP residual norm 8.468840e-10
 16 (restart 0) KSP residual norm 3.607828e-10
GMRES solver converged in 16 iterations (avg. reduction factor: 3.054e-01)
  Residual norms for GMRES solve
  0 (restart 0) KSP residual norm 1.216302e-01
  1 (restart 0) KSP residual norm 6.110660e-03
  2 (restart 0) KSP residual norm 5.627004e-04
  3 (restart 0) KSP residual norm 1.180200e-04
  4 (restart 0) KSP residual norm 2.739832e-05
  5 (restart 0) KSP residual norm 7.427148e-06
  6 (restart 0) KSP residual norm 2.230849e-06
  7 (restart 0) KSP residual norm 8.540128e-07
  8 (restart 0) KSP residual norm 3.929577e-07
  9 (restart 0) KSP residual norm 1.826597e-07
 10 (restart 0) KSP residual norm 8.600951e-08
 11 (restart 0) KSP residual norm 3.621313e-08
 12 (restart 0) KSP residual norm 1.404532e-08
 13 (restart 0) KSP residual norm 5.452105e-09
 14 (restart 0) KSP residual norm 2.161028e-09
 15 (restart 0) KSP residual norm 9.681600e-10
GMRES solver converged in 15 iterations (avg. reduction factor: 2.884e-01)
  Residual norms for GMRES solve
  0 (restart 0) KSP residual norm 6.143718e-02
  1 (restart 0) KSP residual norm 7.124082e-03
  2 (restart 0) KSP residual norm 4.708432e-04
  3 (restart 0) KSP residual norm 1.100022e-04
  4 (restart 0) KSP residual norm 2.452852e-05
  5 (restart 0) KSP residual norm 6.819316e-06
  6 (restart 0) KSP residual norm 2.114550e-06
  7 (restart 0) KSP residual norm 7.991014e-07
  8 (restart 0) KSP residual norm 3.758378e-07
  9 (restart 0) KSP residual norm 1.832603e-07
 10 (restart 0) KSP residual norm 8.764967e-08
 11 (restart 0) KSP residual norm 3.632923e-08
 12 (restart 0) KSP residual norm 1.406713e-08
 13 (restart 0) KSP residual norm 4.984483e-09
 14 (restart 0) KSP residual norm 1.920530e-09
 15 (restart 0) KSP residual norm 8.571282e-10
 16 (restart 0) KSP residual norm 3.703083e-10
GMRES solver converged in 16 iterations (avg. reduction factor: 3.064e-01)
  Residual norms for GMRES solve
  0 (restart 0) KSP residual norm 7.355351e-02
  1 (restart 0) KSP residual norm 8.009189e-03
  2 (restart 0) KSP residual norm 5.707559e-04
  3 (restart 0) KSP residual norm 1.242249e-04
  4 (restart 0) KSP residual norm 2.768506e-05
  5 (restart 0) KSP residual norm 7.487862e-06
  6 (restart 0) KSP residual norm 2.308710e-06
  7 (restart 0) KSP residual norm 8.935727e-07
  8 (restart 0) KSP residual norm 4.281861e-07
  9 (restart 0) KSP residual norm 2.063307e-07
 10 (restart 0) KSP residual norm 9.411277e-08
 11 (restart 0) KSP residual norm 3.952596e-08
 12 (restart 0) KSP residual norm 1.572368e-08
 13 (restart 0) KSP residual norm 5.891725e-09
 14 (restart 0) KSP residual norm 2.342547e-09
 15 (restart 0) KSP residual norm 1.017336e-09
 16 (restart 0) KSP residual norm 4.546873e-10
GMRES solver converged in 16 iterations (avg. reduction factor: 3.069e-01)
  Residual norms for GMRES solve
  0 (restart 0) KSP residual norm 9.236816e-02
  1 (restart 0) KSP residual norm 7.029344e-03
  2 (restart 0) KSP residual norm 5.228216e-04
  3 (restart 0) KSP residual norm 1.156961e-04
  4 (restart 0) KSP residual norm 2.595768e-05
  5 (restart 0) KSP residual norm 7.126525e-06
  6 (restart 0) KSP residual norm 2.168505e-06
  7 (restart 0) KSP residual norm 8.602593e-07
  8 (restart 0) KSP residual norm 4.182265e-07
  9 (restart 0) KSP residual norm 1.966179e-07
 10 (restart 0) KSP residual norm 8.997716e-08
 11 (restart 0) KSP residual norm 3.694713e-08
 12 (restart 0) KSP residual norm 1.421455e-08
 13 (restart 0) KSP residual norm 5.329256e-09
 14 (restart 0) KSP residual norm 2.098391e-09
 15 (restart 0) KSP residual norm 9.233251e-10
GMRES solver converged in 15 iterations (avg. reduction factor: 2.929e-01)
  Residual norms for GMRES solve
  0 (restart 0) KSP residual norm 5.346718e-02
  1 (restart 0) KSP residual norm 5.789289e-03
  2 (restart 0) KSP residual norm 4.581853e-04
  3 (restart 0) KSP residual norm 1.057190e-04
  4 (restart 0) KSP residual norm 2.393476e-05
  5 (restart 0) KSP residual norm 6.465828e-06
  6 (restart 0) KSP residual norm 1.934420e-06
  7 (restart 0) KSP residual norm 7.745593e-07
  8 (restart 0) KSP residual norm 3.604545e-07
  9 (restart 0) KSP residual norm 1.628361e-07
 10 (restart 0) KSP residual norm 7.494560e-08
 11 (restart 0) KSP residual norm 3.298325e-08
 12 (restart 0) KSP residual norm 1.359217e-08
 13 (restart 0) KSP residual norm 5.545205e-09
 14 (restart 0) KSP residual norm 2.404935e-09
 15 (restart 0) KSP residual norm 1.121834e-09
 16 (restart 0) KSP residual norm 5.091120e-10
GMRES solver converged in 16 iterations (avg. reduction factor: 3.153e-01)
  Residual norms for GMRES solve
  0 (restart 0) KSP residual norm 1.887560e-01
  1 (restart 0) KSP residual norm 5.197190e-03
  2 (restart 0) KSP residual norm 5.066390e-04
  3 (restart 0) KSP residual norm 1.110633e-04
  4 (restart 0) KSP residual norm 2.561719e-05
  5 (restart 0) KSP residual norm 6.730771e-06
  6 (restart 0) KSP residual norm 1.955975e-06
  7 (restart 0) KSP residual norm 6.976525e-07
  8 (restart 0) KSP residual norm 3.090306e-07
  9 (restart 0) KSP residual norm 1.461192e-07
 10 (restart 0) KSP residual norm 6.896441e-08
 11 (restart 0) KSP residual norm 3.063466e-08
 12 (restart 0) KSP residual norm 1.219816e-08
 13 (restart 0) KSP residual norm 4.616178e-09
 14 (restart 0) KSP residual norm 2.005595e-09
 15 (restart 0) KSP residual norm 9.122625e-10
GMRES solver converged in 15 iterations (avg. reduction factor: 2.790e-01)
  Residual norms for GMRES solve
  0 (restart 0) KSP residual norm 2.187028e-01
  1 (restart 0) KSP residual norm 6.484102e-03
  2 (restart 0) KSP residual norm 5.501219e-04
  3 (restart 0) KSP residual norm 1.166534e-04
  4 (restart 0) KSP residual norm 2.713095e-05
  5 (restart 0) KSP residual norm 7.026541e-06
  6 (restart 0) KSP residual norm 1.954183e-06
  7 (restart 0) KSP residual norm 6.639008e-07
  8 (restart 0) KSP residual norm 2.897330e-07
  9 (restart 0) KSP residual norm 1.297278e-07
 10 (restart 0) KSP residual norm 6.055460e-08
 11 (restart 0) KSP residual norm 2.924744e-08
 12 (restart 0) KSP residual norm 1.259392e-08
 13 (restart 0) KSP residual norm 4.945501e-09
 14 (restart 0) KSP residual norm 2.058703e-09
GMRES solver converged in 14 iterations (avg. reduction factor: 2.671e-01)
  Residual norms for GMRES solve
  0 (restart 0) KSP residual norm 7.356464e-02
  1 (restart 0) KSP residual norm 6.982960e-03
  2 (restart 0) KSP residual norm 5.629223e-04
  3 (restart 0) KSP residual norm 1.174185e-04
  4 (restart 0) KSP residual norm 2.660310e-05
  5 (restart 0) KSP residual norm 6.697477e-06
  6 (restart 0) KSP residual norm 1.845089e-06
  7 (restart 0) KSP residual norm 6.221832e-07
  8 (restart 0) KSP residual norm 2.540168e-07
  9 (restart 0) KSP residual norm 1.142235e-07
 10 (restart 0) KSP residual norm 5.476127e-08
 11 (restart 0) KSP residual norm 2.626423e-08
 12 (restart 0) KSP residual norm 1.107338e-08
 13 (restart 0) KSP residual norm 4.259108e-09
 14 (restart 0) KSP residual norm 1.682124e-09
 15 (restart 0) KSP residual norm 7.167037e-10
GMRES solver converged in 15 iterations (avg. reduction factor: 2.924e-01)
  Residual norms for GMRES solve
  0 (restart 0) KSP residual norm 1.063184e-01
  1 (restart 0) KSP residual norm 5.872449e-03
  2 (restart 0) KSP residual norm 5.429435e-04
  3 (restart 0) KSP residual norm 1.075453e-04
  4 (restart 0) KSP residual norm 2.483661e-05
  5 (restart 0) KSP residual norm 6.549946e-06
  6 (restart 0) KSP residual norm 1.894268e-06
  7 (restart 0) KSP residual norm 6.811217e-07
  8 (restart 0) KSP residual norm 2.739693e-07
  9 (restart 0) KSP residual norm 1.201194e-07
 10 (restart 0) KSP residual norm 5.847478e-08
 11 (restart 0) KSP residual norm 2.852028e-08
 12 (restart 0) KSP residual norm 1.239524e-08
 13 (restart 0) KSP residual norm 4.919546e-09
 14 (restart 0) KSP residual norm 1.934557e-09
 15 (restart 0) KSP residual norm 8.343119e-10
GMRES solver converged in 15 iterations (avg. reduction factor: 2.882e-01)
  Residual norms for GMRES solve
  0 (restart 0) KSP residual norm 1.109102e-01
  1 (restart 0) KSP residual norm 6.835472e-03
  2 (restart 0) KSP residual norm 5.560938e-04
  3 (restart 0) KSP residual norm 1.139308e-04
  4 (restart 0) KSP residual norm 2.680732e-05
  5 (restart 0) KSP residual norm 7.515138e-06
  6 (restart 0) KSP residual norm 2.276558e-06
  7 (restart 0) KSP residual norm 8.720768e-07
  8 (restart 0) KSP residual norm 3.959361e-07
  9 (restart 0) KSP residual norm 1.905484e-07
 10 (restart 0) KSP residual norm 9.198654e-08
 11 (restart 0) KSP residual norm 3.805621e-08
 12 (restart 0) KSP residual norm 1.456402e-08
 13 (restart 0) KSP residual norm 5.650578e-09
 14 (restart 0) KSP residual norm 2.134887e-09
 15 (restart 0) KSP residual norm 9.093962e-10
GMRES solver converged in 15 iterations (avg. reduction factor: 2.890e-01)
  Residual norms for GMRES solve
  0 (restart 0) KSP residual norm 1.221284e-01
  1 (restart 0) KSP residual norm 5.474054e-03
  2 (restart 0) KSP residual norm 5.030667e-04
  3 (restart 0) KSP residual norm 1.147971e-04
  4 (restart 0) KSP residual norm 2.700482e-05
  5 (restart 0) KSP residual norm 7.270967e-06
  6 (restart 0) KSP residual norm 2.185977e-06
  7 (restart 0) KSP residual norm 8.163600e-07
  8 (restart 0) KSP residual norm 3.670992e-07
  9 (restart 0) KSP residual norm 1.648506e-07
 10 (restart 0) KSP residual norm 7.778104e-08
 11 (restart 0) KSP residual norm 3.614578e-08
 12 (restart 0) KSP residual norm 1.442811e-08
 13 (restart 0) KSP residual norm 5.783194e-09
 14 (restart 0) KSP residual norm 2.352844e-09
 15 (restart 0) KSP residual norm 9.537111e-10
GMRES solver converged in 15 iterations (avg. reduction factor: 2.881e-01)
  Residual norms for GMRES solve
  0 (restart 0) KSP residual norm 1.240293e-01
  1 (restart 0) KSP residual norm 4.897633e-03
  2 (restart 0) KSP residual norm 4.813480e-04
  3 (restart 0) KSP residual norm 1.098281e-04
  4 (restart 0) KSP residual norm 2.646528e-05
  5 (restart 0) KSP residual norm 7.180065e-06
  6 (restart 0) KSP residual norm 2.044385e-06
  7 (restart 0) KSP residual norm 7.411747e-07
  8 (restart 0) KSP residual norm 3.088434e-07
  9 (restart 0) KSP residual norm 1.226622e-07
 10 (restart 0) KSP residual norm 5.713516e-08
 11 (restart 0) KSP residual norm 2.742303e-08
 12 (restart 0) KSP residual norm 1.223989e-08
 13 (restart 0) KSP residual norm 5.231098e-09
 14 (restart 0) KSP residual norm 2.201081e-09
 15 (restart 0) KSP residual norm 9.218400e-10
GMRES solver converged in 15 iterations (avg. reduction factor: 2.871e-01)
  1 EPS nconv=10 first unconverged value (error) 0.00214765-2.97347e-08i (5.04566687e-04)
  Residual norms for GMRES solve
  0 (restart 0) KSP residual norm 1.540397e-01
  1 (restart 0) KSP residual norm 4.844489e-03
  2 (restart 0) KSP residual norm 4.774999e-04
  3 (restart 0) KSP residual norm 1.018057e-04
  4 (restart 0) KSP residual norm 2.242511e-05
  5 (restart 0) KSP residual norm 6.199293e-06
  6 (restart 0) KSP residual norm 1.780521e-06
  7 (restart 0) KSP residual norm 5.884769e-07
  8 (restart 0) KSP residual norm 2.328484e-07
  9 (restart 0) KSP residual norm 1.042420e-07
 10 (restart 0) KSP residual norm 5.269089e-08
 11 (restart 0) KSP residual norm 2.535123e-08
 12 (restart 0) KSP residual norm 1.041758e-08
 13 (restart 0) KSP residual norm 4.032662e-09
 14 (restart 0) KSP residual norm 1.614844e-09
 15 (restart 0) KSP residual norm 6.913648e-10
GMRES solver converged in 15 iterations (avg. reduction factor: 2.776e-01)
  Residual norms for GMRES solve
  0 (restart 0) KSP residual norm 1.155697e-01
  1 (restart 0) KSP residual norm 5.338886e-03
  2 (restart 0) KSP residual norm 4.585765e-04
  3 (restart 0) KSP residual norm 9.515651e-05
  4 (restart 0) KSP residual norm 2.293956e-05
  5 (restart 0) KSP residual norm 6.154699e-06
  6 (restart 0) KSP residual norm 1.780569e-06
  7 (restart 0) KSP residual norm 6.529477e-07
  8 (restart 0) KSP residual norm 2.784787e-07
  9 (restart 0) KSP residual norm 1.294602e-07
 10 (restart 0) KSP residual norm 6.360874e-08
 11 (restart 0) KSP residual norm 2.802016e-08
 12 (restart 0) KSP residual norm 1.113105e-08
 13 (restart 0) KSP residual norm 4.317417e-09
 14 (restart 0) KSP residual norm 1.723199e-09
 15 (restart 0) KSP residual norm 7.520073e-10
GMRES solver converged in 15 iterations (avg. reduction factor: 2.846e-01)
  Residual norms for GMRES solve
  0 (restart 0) KSP residual norm 1.119344e-01
  1 (restart 0) KSP residual norm 6.209916e-03
  2 (restart 0) KSP residual norm 5.359459e-04
  3 (restart 0) KSP residual norm 1.096201e-04
  4 (restart 0) KSP residual norm 2.453910e-05
  5 (restart 0) KSP residual norm 6.449469e-06
  6 (restart 0) KSP residual norm 1.829957e-06
  7 (restart 0) KSP residual norm 6.427395e-07
  8 (restart 0) KSP residual norm 2.484195e-07
  9 (restart 0) KSP residual norm 9.776869e-08
 10 (restart 0) KSP residual norm 4.250040e-08
 11 (restart 0) KSP residual norm 2.084964e-08
 12 (restart 0) KSP residual norm 1.035937e-08
 13 (restart 0) KSP residual norm 4.713505e-09
 14 (restart 0) KSP residual norm 2.063506e-09
 15 (restart 0) KSP residual norm 9.386772e-10
GMRES solver converged in 15 iterations (avg. reduction factor: 2.894e-01)
  Residual norms for GMRES solve
  0 (restart 0) KSP residual norm 7.965847e-02
  1 (restart 0) KSP residual norm 4.238828e-03
  2 (restart 0) KSP residual norm 4.638053e-04
  3 (restart 0) KSP residual norm 1.015997e-04
  4 (restart 0) KSP residual norm 2.315834e-05
  5 (restart 0) KSP residual norm 6.203118e-06
  6 (restart 0) KSP residual norm 1.759412e-06
  7 (restart 0) KSP residual norm 5.944688e-07
  8 (restart 0) KSP residual norm 2.437863e-07
  9 (restart 0) KSP residual norm 1.102024e-07
 10 (restart 0) KSP residual norm 5.250623e-08
 11 (restart 0) KSP residual norm 2.508967e-08
 12 (restart 0) KSP residual norm 1.063850e-08
 13 (restart 0) KSP residual norm 4.154025e-09
 14 (restart 0) KSP residual norm 1.636623e-09
 15 (restart 0) KSP residual norm 6.808888e-10
GMRES solver converged in 15 iterations (avg. reduction factor: 2.898e-01)
  Residual norms for GMRES solve
  0 (restart 0) KSP residual norm 7.181321e-02
  1 (restart 0) KSP residual norm 4.468656e-03
  2 (restart 0) KSP residual norm 4.528024e-04
  3 (restart 0) KSP residual norm 1.028505e-04
  4 (restart 0) KSP residual norm 2.444112e-05
  5 (restart 0) KSP residual norm 6.698943e-06
  6 (restart 0) KSP residual norm 1.983108e-06
  7 (restart 0) KSP residual norm 7.339867e-07
  8 (restart 0) KSP residual norm 3.189178e-07
  9 (restart 0) KSP residual norm 1.542692e-07
 10 (restart 0) KSP residual norm 7.527882e-08
 11 (restart 0) KSP residual norm 3.251812e-08
 12 (restart 0) KSP residual norm 1.302638e-08
 13 (restart 0) KSP residual norm 4.757173e-09
 14 (restart 0) KSP residual norm 1.770520e-09
 15 (restart 0) KSP residual norm 7.283678e-10
 16 (restart 0) KSP residual norm 3.095548e-10
GMRES solver converged in 16 iterations (avg. reduction factor: 3.000e-01)
  Residual norms for GMRES solve
  0 (restart 0) KSP residual norm 1.277393e-01
  1 (restart 0) KSP residual norm 4.609730e-03
  2 (restart 0) KSP residual norm 4.488153e-04
  3 (restart 0) KSP residual norm 1.060547e-04
  4 (restart 0) KSP residual norm 2.421909e-05
  5 (restart 0) KSP residual norm 6.225915e-06
  6 (restart 0) KSP residual norm 1.818175e-06
  7 (restart 0) KSP residual norm 6.409373e-07
  8 (restart 0) KSP residual norm 2.964701e-07
  9 (restart 0) KSP residual norm 1.375554e-07
 10 (restart 0) KSP residual norm 6.659749e-08
 11 (restart 0) KSP residual norm 3.078996e-08
 12 (restart 0) KSP residual norm 1.197418e-08
 13 (restart 0) KSP residual norm 4.339830e-09
 14 (restart 0) KSP residual norm 1.628691e-09
 15 (restart 0) KSP residual norm 6.926910e-10
GMRES solver converged in 15 iterations (avg. reduction factor: 2.812e-01)
  Residual norms for GMRES solve
  0 (restart 0) KSP residual norm 7.994045e-02
  1 (restart 0) KSP residual norm 5.517850e-03
  2 (restart 0) KSP residual norm 4.972017e-04
  3 (restart 0) KSP residual norm 1.103532e-04
  4 (restart 0) KSP residual norm 2.429416e-05
  5 (restart 0) KSP residual norm 6.698880e-06
  6 (restart 0) KSP residual norm 2.081992e-06
  7 (restart 0) KSP residual norm 7.378367e-07
  8 (restart 0) KSP residual norm 3.098045e-07
  9 (restart 0) KSP residual norm 1.323356e-07
 10 (restart 0) KSP residual norm 6.277003e-08
 11 (restart 0) KSP residual norm 3.021344e-08
 12 (restart 0) KSP residual norm 1.253828e-08
 13 (restart 0) KSP residual norm 5.136069e-09
 14 (restart 0) KSP residual norm 2.140146e-09
 15 (restart 0) KSP residual norm 8.713724e-10
 16 (restart 0) KSP residual norm 3.633564e-10
GMRES solver converged in 16 iterations (avg. reduction factor: 3.010e-01)
  Residual norms for GMRES solve
  0 (restart 0) KSP residual norm 1.380771e-01
  1 (restart 0) KSP residual norm 6.322827e-03
  2 (restart 0) KSP residual norm 5.254903e-04
  3 (restart 0) KSP residual norm 1.179503e-04
  4 (restart 0) KSP residual norm 2.642210e-05
  5 (restart 0) KSP residual norm 7.132224e-06
  6 (restart 0) KSP residual norm 2.035253e-06
  7 (restart 0) KSP residual norm 6.719646e-07
  8 (restart 0) KSP residual norm 2.709713e-07
  9 (restart 0) KSP residual norm 1.214288e-07
 10 (restart 0) KSP residual norm 5.856636e-08
 11 (restart 0) KSP residual norm 2.683207e-08
 12 (restart 0) KSP residual norm 1.195732e-08
 13 (restart 0) KSP residual norm 4.615028e-09
 14 (restart 0) KSP residual norm 1.898947e-09
 15 (restart 0) KSP residual norm 8.622165e-10
GMRES solver converged in 15 iterations (avg. reduction factor: 2.838e-01)
  Residual norms for GMRES solve
  0 (restart 0) KSP residual norm 9.034833e-02
  1 (restart 0) KSP residual norm 4.376225e-03
  2 (restart 0) KSP residual norm 4.542372e-04
  3 (restart 0) KSP residual norm 1.023745e-04
  4 (restart 0) KSP residual norm 2.320405e-05
  5 (restart 0) KSP residual norm 6.314740e-06
  6 (restart 0) KSP residual norm 1.781568e-06
  7 (restart 0) KSP residual norm 5.972247e-07
  8 (restart 0) KSP residual norm 2.632591e-07
  9 (restart 0) KSP residual norm 1.233084e-07
 10 (restart 0) KSP residual norm 5.903403e-08
 11 (restart 0) KSP residual norm 2.598644e-08
 12 (restart 0) KSP residual norm 1.027204e-08
 13 (restart 0) KSP residual norm 3.899615e-09
 14 (restart 0) KSP residual norm 1.516565e-09
 15 (restart 0) KSP residual norm 6.430194e-10
GMRES solver converged in 15 iterations (avg. reduction factor: 2.863e-01)
  Residual norms for GMRES solve
  0 (restart 0) KSP residual norm 1.124715e-01
  1 (restart 0) KSP residual norm 5.011038e-03
  2 (restart 0) KSP residual norm 5.493780e-04
  3 (restart 0) KSP residual norm 1.120141e-04
  4 (restart 0) KSP residual norm 2.616779e-05
  5 (restart 0) KSP residual norm 6.769513e-06
  6 (restart 0) KSP residual norm 1.925624e-06
  7 (restart 0) KSP residual norm 6.972208e-07
  8 (restart 0) KSP residual norm 3.337945e-07
  9 (restart 0) KSP residual norm 1.560565e-07
 10 (restart 0) KSP residual norm 7.179619e-08
 11 (restart 0) KSP residual norm 3.189107e-08
 12 (restart 0) KSP residual norm 1.231199e-08
 13 (restart 0) KSP residual norm 4.586920e-09
 14 (restart 0) KSP residual norm 1.780495e-09
 15 (restart 0) KSP residual norm 7.399105e-10
GMRES solver converged in 15 iterations (avg. reduction factor: 2.848e-01)
  Residual norms for GMRES solve
  0 (restart 0) KSP residual norm 7.719330e-02
  1 (restart 0) KSP residual norm 5.901252e-03
  2 (restart 0) KSP residual norm 5.569787e-04
  3 (restart 0) KSP residual norm 1.145732e-04
  4 (restart 0) KSP residual norm 2.488798e-05
  5 (restart 0) KSP residual norm 6.849699e-06
  6 (restart 0) KSP residual norm 2.067267e-06
  7 (restart 0) KSP residual norm 8.353408e-07
  8 (restart 0) KSP residual norm 4.064888e-07
  9 (restart 0) KSP residual norm 1.896769e-07
 10 (restart 0) KSP residual norm 8.568506e-08
 11 (restart 0) KSP residual norm 3.560417e-08
 12 (restart 0) KSP residual norm 1.295001e-08
 13 (restart 0) KSP residual norm 4.743731e-09
 14 (restart 0) KSP residual norm 1.773719e-09
 15 (restart 0) KSP residual norm 7.313377e-10
GMRES solver converged in 15 iterations (avg. reduction factor: 2.918e-01)
  Residual norms for GMRES solve
  0 (restart 0) KSP residual norm 1.506081e-01
  1 (restart 0) KSP residual norm 5.914075e-03
  2 (restart 0) KSP residual norm 5.740212e-04
  3 (restart 0) KSP residual norm 1.246859e-04
  4 (restart 0) KSP residual norm 2.774832e-05
  5 (restart 0) KSP residual norm 7.687330e-06
  6 (restart 0) KSP residual norm 2.307212e-06
  7 (restart 0) KSP residual norm 8.395797e-07
  8 (restart 0) KSP residual norm 3.658887e-07
  9 (restart 0) KSP residual norm 1.664614e-07
 10 (restart 0) KSP residual norm 8.115794e-08
 11 (restart 0) KSP residual norm 3.769935e-08
 12 (restart 0) KSP residual norm 1.472601e-08
 13 (restart 0) KSP residual norm 5.536561e-09
 14 (restart 0) KSP residual norm 2.251462e-09
 15 (restart 0) KSP residual norm 9.654462e-10
GMRES solver converged in 15 iterations (avg. reduction factor: 2.843e-01)
  Residual norms for GMRES solve
  0 (restart 0) KSP residual norm 9.531338e-02
  1 (restart 0) KSP residual norm 6.061304e-03
  2 (restart 0) KSP residual norm 5.683820e-04
  3 (restart 0) KSP residual norm 1.226179e-04
  4 (restart 0) KSP residual norm 2.813663e-05
  5 (restart 0) KSP residual norm 7.669951e-06
  6 (restart 0) KSP residual norm 2.365061e-06
  7 (restart 0) KSP residual norm 8.372989e-07
  8 (restart 0) KSP residual norm 3.147901e-07
  9 (restart 0) KSP residual norm 1.174911e-07
 10 (restart 0) KSP residual norm 4.770867e-08
 11 (restart 0) KSP residual norm 2.123260e-08
 12 (restart 0) KSP residual norm 1.000493e-08
 13 (restart 0) KSP residual norm 4.786450e-09
 14 (restart 0) KSP residual norm 2.211544e-09
 15 (restart 0) KSP residual norm 9.873879e-10
 16 (restart 0) KSP residual norm 3.960115e-10
GMRES solver converged in 16 iterations (avg. reduction factor: 2.993e-01)
  Residual norms for GMRES solve
  0 (restart 0) KSP residual norm 2.377892e-01
  1 (restart 0) KSP residual norm 6.225753e-03
  2 (restart 0) KSP residual norm 6.224618e-04
  3 (restart 0) KSP residual norm 1.269208e-04
  4 (restart 0) KSP residual norm 2.670088e-05
  5 (restart 0) KSP residual norm 7.154840e-06
  6 (restart 0) KSP residual norm 2.163476e-06
  7 (restart 0) KSP residual norm 7.863434e-07
  8 (restart 0) KSP residual norm 3.578960e-07
  9 (restart 0) KSP residual norm 1.733495e-07
 10 (restart 0) KSP residual norm 8.448824e-08
 11 (restart 0) KSP residual norm 3.548752e-08
 12 (restart 0) KSP residual norm 1.351328e-08
 13 (restart 0) KSP residual norm 5.216089e-09
 14 (restart 0) KSP residual norm 2.150160e-09
GMRES solver converged in 14 iterations (avg. reduction factor: 2.663e-01)
  Residual norms for GMRES solve
  0 (restart 0) KSP residual norm 8.601498e-02
  1 (restart 0) KSP residual norm 4.983717e-03
  2 (restart 0) KSP residual norm 4.990244e-04
  3 (restart 0) KSP residual norm 1.043436e-04
  4 (restart 0) KSP residual norm 2.477050e-05
  5 (restart 0) KSP residual norm 6.742689e-06
  6 (restart 0) KSP residual norm 1.782181e-06
  7 (restart 0) KSP residual norm 5.882643e-07
  8 (restart 0) KSP residual norm 2.325343e-07
  9 (restart 0) KSP residual norm 8.632251e-08
 10 (restart 0) KSP residual norm 3.735825e-08
 11 (restart 0) KSP residual norm 1.887501e-08
 12 (restart 0) KSP residual norm 9.369595e-09
 13 (restart 0) KSP residual norm 4.295185e-09
 14 (restart 0) KSP residual norm 1.777652e-09
 15 (restart 0) KSP residual norm 7.749554e-10
GMRES solver converged in 15 iterations (avg. reduction factor: 2.908e-01)
  Residual norms for GMRES solve
  0 (restart 0) KSP residual norm 1.766146e-01
  1 (restart 0) KSP residual norm 4.840732e-03
  2 (restart 0) KSP residual norm 5.221978e-04
  3 (restart 0) KSP residual norm 1.135409e-04
  4 (restart 0) KSP residual norm 2.474426e-05
  5 (restart 0) KSP residual norm 6.525750e-06
  6 (restart 0) KSP residual norm 1.993618e-06
  7 (restart 0) KSP residual norm 7.333562e-07
  8 (restart 0) KSP residual norm 3.186474e-07
  9 (restart 0) KSP residual norm 1.542948e-07
 10 (restart 0) KSP residual norm 7.517130e-08
 11 (restart 0) KSP residual norm 3.256727e-08
 12 (restart 0) KSP residual norm 1.291580e-08
 13 (restart 0) KSP residual norm 4.934531e-09
 14 (restart 0) KSP residual norm 2.013048e-09
 15 (restart 0) KSP residual norm 8.221549e-10
GMRES solver converged in 15 iterations (avg. reduction factor: 2.783e-01)
  Residual norms for GMRES solve
  0 (restart 0) KSP residual norm 2.246996e-01
  1 (restart 0) KSP residual norm 5.128142e-03
  2 (restart 0) KSP residual norm 5.091053e-04
  3 (restart 0) KSP residual norm 1.170289e-04
  4 (restart 0) KSP residual norm 2.806909e-05
  5 (restart 0) KSP residual norm 7.425579e-06
  6 (restart 0) KSP residual norm 2.053916e-06
  7 (restart 0) KSP residual norm 7.390426e-07
  8 (restart 0) KSP residual norm 2.867990e-07
  9 (restart 0) KSP residual norm 1.018588e-07
 10 (restart 0) KSP residual norm 4.256151e-08
 11 (restart 0) KSP residual norm 2.026188e-08
 12 (restart 0) KSP residual norm 9.901564e-09
 13 (restart 0) KSP residual norm 4.615933e-09
 14 (restart 0) KSP residual norm 2.007153e-09
GMRES solver converged in 14 iterations (avg. reduction factor: 2.661e-01)
  2 EPS nconv=16 first unconverged value (error) 0.00304104-2.57405e-10i (1.45599599e-05)
  Residual norms for GMRES solve
  0 (restart 0) KSP residual norm 6.540567e-02
  1 (restart 0) KSP residual norm 6.058750e-03
  2 (restart 0) KSP residual norm 5.476281e-04
  3 (restart 0) KSP residual norm 1.142062e-04
  4 (restart 0) KSP residual norm 2.595785e-05
  5 (restart 0) KSP residual norm 7.023556e-06
  6 (restart 0) KSP residual norm 2.122356e-06
  7 (restart 0) KSP residual norm 7.705637e-07
  8 (restart 0) KSP residual norm 2.706270e-07
  9 (restart 0) KSP residual norm 9.745380e-08
 10 (restart 0) KSP residual norm 4.031215e-08
 11 (restart 0) KSP residual norm 1.819310e-08
 12 (restart 0) KSP residual norm 8.399869e-09
 13 (restart 0) KSP residual norm 3.764630e-09
 14 (restart 0) KSP residual norm 1.669732e-09
 15 (restart 0) KSP residual norm 7.880303e-10
 16 (restart 0) KSP residual norm 3.677084e-10
GMRES solver converged in 16 iterations (avg. reduction factor: 3.050e-01)
  Residual norms for GMRES solve
  0 (restart 0) KSP residual norm 5.770967e-02
  1 (restart 0) KSP residual norm 6.391334e-03
  2 (restart 0) KSP residual norm 5.427585e-04
  3 (restart 0) KSP residual norm 1.101664e-04
  4 (restart 0) KSP residual norm 2.577804e-05
  5 (restart 0) KSP residual norm 6.570396e-06
  6 (restart 0) KSP residual norm 1.916920e-06
  7 (restart 0) KSP residual norm 6.714006e-07
  8 (restart 0) KSP residual norm 2.369956e-07
  9 (restart 0) KSP residual norm 9.123548e-08
 10 (restart 0) KSP residual norm 3.987289e-08
 11 (restart 0) KSP residual norm 1.910834e-08
 12 (restart 0) KSP residual norm 9.235482e-09
 13 (restart 0) KSP residual norm 3.941551e-09
 14 (restart 0) KSP residual norm 1.617601e-09
 15 (restart 0) KSP residual norm 7.078604e-10
 16 (restart 0) KSP residual norm 2.961562e-10
GMRES solver converged in 16 iterations (avg. reduction factor: 3.033e-01)
  Residual norms for GMRES solve
  0 (restart 0) KSP residual norm 3.837178e-02
  1 (restart 0) KSP residual norm 5.201129e-03
  2 (restart 0) KSP residual norm 5.302017e-04
  3 (restart 0) KSP residual norm 1.146956e-04
  4 (restart 0) KSP residual norm 2.640618e-05
  5 (restart 0) KSP residual norm 6.766519e-06
  6 (restart 0) KSP residual norm 2.030325e-06
  7 (restart 0) KSP residual norm 7.013164e-07
  8 (restart 0) KSP residual norm 2.690123e-07
  9 (restart 0) KSP residual norm 1.170692e-07
 10 (restart 0) KSP residual norm 5.490248e-08
 11 (restart 0) KSP residual norm 2.626688e-08
 12 (restart 0) KSP residual norm 1.114668e-08
 13 (restart 0) KSP residual norm 4.537272e-09
 14 (restart 0) KSP residual norm 1.821122e-09
 15 (restart 0) KSP residual norm 7.923076e-10
 16 (restart 0) KSP residual norm 3.506853e-10
GMRES solver converged in 16 iterations (avg. reduction factor: 3.145e-01)
  Residual norms for GMRES solve
  0 (restart 0) KSP residual norm 3.587271e-02
  1 (restart 0) KSP residual norm 4.358920e-03
  2 (restart 0) KSP residual norm 4.611292e-04
  3 (restart 0) KSP residual norm 1.052294e-04
  4 (restart 0) KSP residual norm 2.319610e-05
  5 (restart 0) KSP residual norm 5.983730e-06
  6 (restart 0) KSP residual norm 1.760542e-06
  7 (restart 0) KSP residual norm 5.926243e-07
  8 (restart 0) KSP residual norm 2.226504e-07
  9 (restart 0) KSP residual norm 8.658181e-08
 10 (restart 0) KSP residual norm 4.000484e-08
 11 (restart 0) KSP residual norm 1.993259e-08
 12 (restart 0) KSP residual norm 8.988018e-09
 13 (restart 0) KSP residual norm 3.571365e-09
 14 (restart 0) KSP residual norm 1.416241e-09
 15 (restart 0) KSP residual norm 6.047802e-10
 16 (restart 0) KSP residual norm 2.670817e-10
GMRES solver converged in 16 iterations (avg. reduction factor: 3.105e-01)
  Residual norms for GMRES solve
  0 (restart 0) KSP residual norm 7.319054e-02
  1 (restart 0) KSP residual norm 4.267699e-03
  2 (restart 0) KSP residual norm 4.038199e-04
  3 (restart 0) KSP residual norm 9.092537e-05
  4 (restart 0) KSP residual norm 2.059430e-05
  5 (restart 0) KSP residual norm 5.717421e-06
  6 (restart 0) KSP residual norm 1.793729e-06
  7 (restart 0) KSP residual norm 6.815434e-07
  8 (restart 0) KSP residual norm 2.857943e-07
  9 (restart 0) KSP residual norm 1.244587e-07
 10 (restart 0) KSP residual norm 6.167823e-08
 11 (restart 0) KSP residual norm 2.739142e-08
 12 (restart 0) KSP residual norm 1.145110e-08
 13 (restart 0) KSP residual norm 4.660010e-09
 14 (restart 0) KSP residual norm 1.971602e-09
 15 (restart 0) KSP residual norm 8.076220e-10
 16 (restart 0) KSP residual norm 3.381478e-10
GMRES solver converged in 16 iterations (avg. reduction factor: 3.013e-01)
  Residual norms for GMRES solve
  0 (restart 0) KSP residual norm 3.781139e-02
  1 (restart 0) KSP residual norm 3.985462e-03
  2 (restart 0) KSP residual norm 4.311761e-04
  3 (restart 0) KSP residual norm 9.835531e-05
  4 (restart 0) KSP residual norm 2.270140e-05
  5 (restart 0) KSP residual norm 6.415981e-06
  6 (restart 0) KSP residual norm 2.037346e-06
  7 (restart 0) KSP residual norm 7.558222e-07
  8 (restart 0) KSP residual norm 3.028466e-07
  9 (restart 0) KSP residual norm 1.309474e-07
 10 (restart 0) KSP residual norm 6.525346e-08
 11 (restart 0) KSP residual norm 3.129181e-08
 12 (restart 0) KSP residual norm 1.293711e-08
 13 (restart 0) KSP residual norm 5.276085e-09
 14 (restart 0) KSP residual norm 2.196299e-09
 15 (restart 0) KSP residual norm 9.066604e-10
 16 (restart 0) KSP residual norm 3.851225e-10
 17 (restart 0) KSP residual norm 1.819485e-10
GMRES solver converged in 17 iterations (avg. reduction factor: 3.241e-01)
  Residual norms for GMRES solve
  0 (restart 0) KSP residual norm 2.987257e-02
  1 (restart 0) KSP residual norm 3.972960e-03
  2 (restart 0) KSP residual norm 4.331919e-04
  3 (restart 0) KSP residual norm 9.946278e-05
  4 (restart 0) KSP residual norm 2.237920e-05
  5 (restart 0) KSP residual norm 6.237551e-06
  6 (restart 0) KSP residual norm 2.012431e-06
  7 (restart 0) KSP residual norm 7.387977e-07
  8 (restart 0) KSP residual norm 3.010775e-07
  9 (restart 0) KSP residual norm 1.252114e-07
 10 (restart 0) KSP residual norm 5.813042e-08
 11 (restart 0) KSP residual norm 2.842223e-08
 12 (restart 0) KSP residual norm 1.166934e-08
 13 (restart 0) KSP residual norm 4.685814e-09
 14 (restart 0) KSP residual norm 1.935551e-09
 15 (restart 0) KSP residual norm 8.425476e-10
 16 (restart 0) KSP residual norm 3.610210e-10
 17 (restart 0) KSP residual norm 1.584294e-10
GMRES solver converged in 17 iterations (avg. reduction factor: 3.260e-01)
  Residual norms for GMRES solve
  0 (restart 0) KSP residual norm 3.486735e-02
  1 (restart 0) KSP residual norm 4.189412e-03
  2 (restart 0) KSP residual norm 4.174219e-04
  3 (restart 0) KSP residual norm 9.346017e-05
  4 (restart 0) KSP residual norm 2.102998e-05
  5 (restart 0) KSP residual norm 5.620777e-06
  6 (restart 0) KSP residual norm 1.761843e-06
  7 (restart 0) KSP residual norm 6.099563e-07
  8 (restart 0) KSP residual norm 2.398656e-07
  9 (restart 0) KSP residual norm 9.677625e-08
 10 (restart 0) KSP residual norm 4.334612e-08
 11 (restart 0) KSP residual norm 2.114049e-08
 12 (restart 0) KSP residual norm 9.535146e-09
 13 (restart 0) KSP residual norm 4.022509e-09
 14 (restart 0) KSP residual norm 1.699401e-09
 15 (restart 0) KSP residual norm 7.541971e-10
 16 (restart 0) KSP residual norm 3.253245e-10
GMRES solver converged in 16 iterations (avg. reduction factor: 3.149e-01)
  Residual norms for GMRES solve
  0 (restart 0) KSP residual norm 5.804345e-02
  1 (restart 0) KSP residual norm 4.107970e-03
  2 (restart 0) KSP residual norm 4.273023e-04
  3 (restart 0) KSP residual norm 9.667572e-05
  4 (restart 0) KSP residual norm 2.199236e-05
  5 (restart 0) KSP residual norm 5.753886e-06
  6 (restart 0) KSP residual norm 1.709418e-06
  7 (restart 0) KSP residual norm 5.976672e-07
  8 (restart 0) KSP residual norm 2.383625e-07
  9 (restart 0) KSP residual norm 1.060943e-07
 10 (restart 0) KSP residual norm 5.122106e-08
 11 (restart 0) KSP residual norm 2.484427e-08
 12 (restart 0) KSP residual norm 9.951442e-09
 13 (restart 0) KSP residual norm 3.763402e-09
 14 (restart 0) KSP residual norm 1.465441e-09
 15 (restart 0) KSP residual norm 6.203940e-10
 16 (restart 0) KSP residual norm 2.727628e-10
GMRES solver converged in 16 iterations (avg. reduction factor: 3.016e-01)
  Residual norms for GMRES solve
  0 (restart 0) KSP residual norm 1.991938e-02
  1 (restart 0) KSP residual norm 2.078058e-03
  2 (restart 0) KSP residual norm 3.911185e-04
  3 (restart 0) KSP residual norm 9.049175e-05
  4 (restart 0) KSP residual norm 2.161837e-05
  5 (restart 0) KSP residual norm 5.549140e-06
  6 (restart 0) KSP residual norm 1.697275e-06
  7 (restart 0) KSP residual norm 5.870211e-07
  8 (restart 0) KSP residual norm 2.444361e-07
  9 (restart 0) KSP residual norm 1.033609e-07
 10 (restart 0) KSP residual norm 4.895213e-08
 11 (restart 0) KSP residual norm 2.369683e-08
 12 (restart 0) KSP residual norm 9.876685e-09
 13 (restart 0) KSP residual norm 4.114893e-09
 14 (restart 0) KSP residual norm 1.611476e-09
 15 (restart 0) KSP residual norm 6.636572e-10
 16 (restart 0) KSP residual norm 2.657997e-10
 17 (restart 0) KSP residual norm 1.060732e-10
GMRES solver converged in 17 iterations (avg. reduction factor: 3.261e-01)
  Residual norms for GMRES solve
  0 (restart 0) KSP residual norm 6.983475e-02
  1 (restart 0) KSP residual norm 4.321874e-03
  2 (restart 0) KSP residual norm 4.501123e-04
  3 (restart 0) KSP residual norm 1.043334e-04
  4 (restart 0) KSP residual norm 2.345829e-05
  5 (restart 0) KSP residual norm 6.438675e-06
  6 (restart 0) KSP residual norm 2.017816e-06
  7 (restart 0) KSP residual norm 7.172267e-07
  8 (restart 0) KSP residual norm 2.778926e-07
  9 (restart 0) KSP residual norm 1.132735e-07
 10 (restart 0) KSP residual norm 5.134788e-08
 11 (restart 0) KSP residual norm 2.437724e-08
 12 (restart 0) KSP residual norm 1.041903e-08
 13 (restart 0) KSP residual norm 4.152169e-09
 14 (restart 0) KSP residual norm 1.817969e-09
 15 (restart 0) KSP residual norm 8.293062e-10
 16 (restart 0) KSP residual norm 3.738706e-10
GMRES solver converged in 16 iterations (avg. reduction factor: 3.041e-01)
  Residual norms for GMRES solve
  0 (restart 0) KSP residual norm 5.529978e-02
  1 (restart 0) KSP residual norm 4.090680e-03
  2 (restart 0) KSP residual norm 4.015379e-04
  3 (restart 0) KSP residual norm 9.277124e-05
  4 (restart 0) KSP residual norm 2.058528e-05
  5 (restart 0) KSP residual norm 5.449424e-06
  6 (restart 0) KSP residual norm 1.661530e-06
  7 (restart 0) KSP residual norm 5.717607e-07
  8 (restart 0) KSP residual norm 2.264593e-07
  9 (restart 0) KSP residual norm 1.009198e-07
 10 (restart 0) KSP residual norm 5.018870e-08
 11 (restart 0) KSP residual norm 2.373681e-08
 12 (restart 0) KSP residual norm 1.011217e-08
 13 (restart 0) KSP residual norm 3.951374e-09
 14 (restart 0) KSP residual norm 1.519917e-09
 15 (restart 0) KSP residual norm 6.115242e-10
 16 (restart 0) KSP residual norm 2.700602e-10
GMRES solver converged in 16 iterations (avg. reduction factor: 3.024e-01)
  Residual norms for GMRES solve
  0 (restart 0) KSP residual norm 3.190558e-02
  1 (restart 0) KSP residual norm 3.392030e-03
  2 (restart 0) KSP residual norm 4.050590e-04
  3 (restart 0) KSP residual norm 9.462854e-05
  4 (restart 0) KSP residual norm 2.223692e-05
  5 (restart 0) KSP residual norm 6.178228e-06
  6 (restart 0) KSP residual norm 1.827412e-06
  7 (restart 0) KSP residual norm 6.667715e-07
  8 (restart 0) KSP residual norm 3.018342e-07
  9 (restart 0) KSP residual norm 1.484854e-07
 10 (restart 0) KSP residual norm 6.937049e-08
 11 (restart 0) KSP residual norm 2.951545e-08
 12 (restart 0) KSP residual norm 1.114505e-08
 13 (restart 0) KSP residual norm 3.967301e-09
 14 (restart 0) KSP residual norm 1.462068e-09
 15 (restart 0) KSP residual norm 6.156952e-10
 16 (restart 0) KSP residual norm 2.537211e-10
GMRES solver converged in 16 iterations (avg. reduction factor: 3.117e-01)
  Residual norms for GMRES solve
  0 (restart 0) KSP residual norm 5.372853e-02
  1 (restart 0) KSP residual norm 4.652584e-03
  2 (restart 0) KSP residual norm 4.380028e-04
  3 (restart 0) KSP residual norm 1.065616e-04
  4 (restart 0) KSP residual norm 2.407986e-05
  5 (restart 0) KSP residual norm 6.495473e-06
  6 (restart 0) KSP residual norm 1.902022e-06
  7 (restart 0) KSP residual norm 6.617677e-07
  8 (restart 0) KSP residual norm 2.915634e-07
  9 (restart 0) KSP residual norm 1.347006e-07
 10 (restart 0) KSP residual norm 6.431638e-08
 11 (restart 0) KSP residual norm 2.982223e-08
 12 (restart 0) KSP residual norm 1.186116e-08
 13 (restart 0) KSP residual norm 4.442949e-09
 14 (restart 0) KSP residual norm 1.736147e-09
 15 (restart 0) KSP residual norm 7.374161e-10
 16 (restart 0) KSP residual norm 3.314013e-10
GMRES solver converged in 16 iterations (avg. reduction factor: 3.068e-01)
  3 EPS nconv=20 first unconverged value (error) 0.00318773-1.36998e-12i (8.19344549e-08)
  Residual norms for GMRES solve
  0 (restart 0) KSP residual norm 8.105499e-02
  1 (restart 0) KSP residual norm 4.945937e-03
  2 (restart 0) KSP residual norm 4.301733e-04
  3 (restart 0) KSP residual norm 1.040793e-04
  4 (restart 0) KSP residual norm 2.534572e-05
  5 (restart 0) KSP residual norm 6.836527e-06
  6 (restart 0) KSP residual norm 2.016820e-06
  7 (restart 0) KSP residual norm 6.860568e-07
  8 (restart 0) KSP residual norm 2.921411e-07
  9 (restart 0) KSP residual norm 1.209607e-07
 10 (restart 0) KSP residual norm 5.459908e-08
 11 (restart 0) KSP residual norm 2.631218e-08
 12 (restart 0) KSP residual norm 1.178658e-08
 13 (restart 0) KSP residual norm 4.892797e-09
 14 (restart 0) KSP residual norm 2.084959e-09
 15 (restart 0) KSP residual norm 9.090946e-10
 16 (restart 0) KSP residual norm 3.960990e-10
GMRES solver converged in 16 iterations (avg. reduction factor: 3.024e-01)
  Residual norms for GMRES solve
  0 (restart 0) KSP residual norm 8.683634e-02
  1 (restart 0) KSP residual norm 4.386037e-03
  2 (restart 0) KSP residual norm 3.651671e-04
  3 (restart 0) KSP residual norm 8.714866e-05
  4 (restart 0) KSP residual norm 2.091596e-05
  5 (restart 0) KSP residual norm 5.805005e-06
  6 (restart 0) KSP residual norm 1.776790e-06
  7 (restart 0) KSP residual norm 6.252165e-07
  8 (restart 0) KSP residual norm 2.505936e-07
  9 (restart 0) KSP residual norm 1.080028e-07
 10 (restart 0) KSP residual norm 5.307921e-08
 11 (restart 0) KSP residual norm 2.615012e-08
 12 (restart 0) KSP residual norm 1.084286e-08
 13 (restart 0) KSP residual norm 4.199821e-09
 14 (restart 0) KSP residual norm 1.593265e-09
 15 (restart 0) KSP residual norm 6.585665e-10
GMRES solver converged in 15 iterations (avg. reduction factor: 2.875e-01)
  Residual norms for GMRES solve
  0 (restart 0) KSP residual norm 5.782788e-02
  1 (restart 0) KSP residual norm 4.099370e-03
  2 (restart 0) KSP residual norm 4.706022e-04
  3 (restart 0) KSP residual norm 1.076881e-04
  4 (restart 0) KSP residual norm 2.500427e-05
  5 (restart 0) KSP residual norm 6.564073e-06
  6 (restart 0) KSP residual norm 1.951229e-06
  7 (restart 0) KSP residual norm 6.786751e-07
  8 (restart 0) KSP residual norm 2.941196e-07
  9 (restart 0) KSP residual norm 1.417710e-07
 10 (restart 0) KSP residual norm 6.641379e-08
 11 (restart 0) KSP residual norm 3.005860e-08
 12 (restart 0) KSP residual norm 1.174481e-08
 13 (restart 0) KSP residual norm 4.319324e-09
 14 (restart 0) KSP residual norm 1.712215e-09
 15 (restart 0) KSP residual norm 7.701036e-10
 16 (restart 0) KSP residual norm 3.439076e-10
GMRES solver converged in 16 iterations (avg. reduction factor: 3.061e-01)
  Residual norms for GMRES solve
  0 (restart 0) KSP residual norm 3.955194e-02
  1 (restart 0) KSP residual norm 4.198275e-03
  2 (restart 0) KSP residual norm 4.219094e-04
  3 (restart 0) KSP residual norm 9.797670e-05
  4 (restart 0) KSP residual norm 2.229195e-05
  5 (restart 0) KSP residual norm 6.091659e-06
  6 (restart 0) KSP residual norm 1.860978e-06
  7 (restart 0) KSP residual norm 6.681956e-07
  8 (restart 0) KSP residual norm 2.717924e-07
  9 (restart 0) KSP residual norm 1.059452e-07
 10 (restart 0) KSP residual norm 4.740723e-08
 11 (restart 0) KSP residual norm 2.327175e-08
 12 (restart 0) KSP residual norm 1.033570e-08
 13 (restart 0) KSP residual norm 4.517095e-09
 14 (restart 0) KSP residual norm 1.905318e-09
 15 (restart 0) KSP residual norm 7.880607e-10
 16 (restart 0) KSP residual norm 3.026706e-10
GMRES solver converged in 16 iterations (avg. reduction factor: 3.110e-01)
  Residual norms for GMRES solve
  0 (restart 0) KSP residual norm 1.945494e-02
  1 (restart 0) KSP residual norm 3.380314e-03
  2 (restart 0) KSP residual norm 4.332191e-04
  3 (restart 0) KSP residual norm 9.888356e-05
  4 (restart 0) KSP residual norm 2.215826e-05
  5 (restart 0) KSP residual norm 5.960061e-06
  6 (restart 0) KSP residual norm 1.791146e-06
  7 (restart 0) KSP residual norm 6.411295e-07
  8 (restart 0) KSP residual norm 2.589294e-07
  9 (restart 0) KSP residual norm 1.154769e-07
 10 (restart 0) KSP residual norm 5.621436e-08
 11 (restart 0) KSP residual norm 2.593835e-08
 12 (restart 0) KSP residual norm 1.058377e-08
 13 (restart 0) KSP residual norm 4.086202e-09
 14 (restart 0) KSP residual norm 1.687853e-09
 15 (restart 0) KSP residual norm 7.466726e-10
 16 (restart 0) KSP residual norm 3.515863e-10
 17 (restart 0) KSP residual norm 1.603300e-10
GMRES solver converged in 17 iterations (avg. reduction factor: 3.346e-01)
  Residual norms for GMRES solve
  0 (restart 0) KSP residual norm 5.846836e-02
  1 (restart 0) KSP residual norm 4.285740e-03
  2 (restart 0) KSP residual norm 4.226416e-04
  3 (restart 0) KSP residual norm 9.944579e-05
  4 (restart 0) KSP residual norm 2.329715e-05
  5 (restart 0) KSP residual norm 6.279908e-06
  6 (restart 0) KSP residual norm 1.880921e-06
  7 (restart 0) KSP residual norm 6.981602e-07
  8 (restart 0) KSP residual norm 2.868248e-07
  9 (restart 0) KSP residual norm 1.204427e-07
 10 (restart 0) KSP residual norm 5.716550e-08
 11 (restart 0) KSP residual norm 2.765619e-08
 12 (restart 0) KSP residual norm 1.164912e-08
 13 (restart 0) KSP residual norm 4.837638e-09
 14 (restart 0) KSP residual norm 1.974025e-09
 15 (restart 0) KSP residual norm 8.705913e-10
 16 (restart 0) KSP residual norm 3.826330e-10
GMRES solver converged in 16 iterations (avg. reduction factor: 3.080e-01)
  Residual norms for GMRES solve
  0 (restart 0) KSP residual norm 4.975157e-02
  1 (restart 0) KSP residual norm 4.203817e-03
  2 (restart 0) KSP residual norm 4.158040e-04
  3 (restart 0) KSP residual norm 9.839706e-05
  4 (restart 0) KSP residual norm 2.178158e-05
  5 (restart 0) KSP residual norm 5.682767e-06
  6 (restart 0) KSP residual norm 1.762555e-06
  7 (restart 0) KSP residual norm 6.252032e-07
  8 (restart 0) KSP residual norm 2.561999e-07
  9 (restart 0) KSP residual norm 1.131859e-07
 10 (restart 0) KSP residual norm 5.405149e-08
 11 (restart 0) KSP residual norm 2.566124e-08
 12 (restart 0) KSP residual norm 1.091820e-08
 13 (restart 0) KSP residual norm 4.499476e-09
 14 (restart 0) KSP residual norm 1.886150e-09
 15 (restart 0) KSP residual norm 8.421085e-10
 16 (restart 0) KSP residual norm 3.652515e-10
GMRES solver converged in 16 iterations (avg. reduction factor: 3.102e-01)
  Residual norms for GMRES solve
  0 (restart 0) KSP residual norm 3.619214e-02
  1 (restart 0) KSP residual norm 3.848820e-03
  2 (restart 0) KSP residual norm 3.866426e-04
  3 (restart 0) KSP residual norm 9.040726e-05
  4 (restart 0) KSP residual norm 2.118253e-05
  5 (restart 0) KSP residual norm 5.815727e-06
  6 (restart 0) KSP residual norm 1.780736e-06
  7 (restart 0) KSP residual norm 6.566063e-07
  8 (restart 0) KSP residual norm 2.658545e-07
  9 (restart 0) KSP residual norm 1.036875e-07
 10 (restart 0) KSP residual norm 4.586524e-08
 11 (restart 0) KSP residual norm 2.178232e-08
 12 (restart 0) KSP residual norm 1.008239e-08
 13 (restart 0) KSP residual norm 4.508902e-09
 14 (restart 0) KSP residual norm 1.959170e-09
 15 (restart 0) KSP residual norm 8.137794e-10
 16 (restart 0) KSP residual norm 3.158129e-10
GMRES solver converged in 16 iterations (avg. reduction factor: 3.135e-01)
  Residual norms for GMRES solve
  0 (restart 0) KSP residual norm 3.247267e-02
  1 (restart 0) KSP residual norm 3.505656e-03
  2 (restart 0) KSP residual norm 3.948640e-04
  3 (restart 0) KSP residual norm 9.478064e-05
  4 (restart 0) KSP residual norm 2.169745e-05
  5 (restart 0) KSP residual norm 6.158074e-06
  6 (restart 0) KSP residual norm 1.988166e-06
  7 (restart 0) KSP residual norm 7.801037e-07
  8 (restart 0) KSP residual norm 3.456933e-07
  9 (restart 0) KSP residual norm 1.510409e-07
 10 (restart 0) KSP residual norm 7.075663e-08
 11 (restart 0) KSP residual norm 3.196206e-08
 12 (restart 0) KSP residual norm 1.201085e-08
 13 (restart 0) KSP residual norm 4.744493e-09
 14 (restart 0) KSP residual norm 2.034289e-09
 15 (restart 0) KSP residual norm 9.095043e-10
 16 (restart 0) KSP residual norm 4.030536e-10
 17 (restart 0) KSP residual norm 1.948286e-10
GMRES solver converged in 17 iterations (avg. reduction factor: 3.284e-01)
  Residual norms for GMRES solve
  0 (restart 0) KSP residual norm 2.309571e-02
  1 (restart 0) KSP residual norm 3.125331e-03
  2 (restart 0) KSP residual norm 4.222775e-04
  3 (restart 0) KSP residual norm 1.028604e-04
  4 (restart 0) KSP residual norm 2.304162e-05
  5 (restart 0) KSP residual norm 6.056463e-06
  6 (restart 0) KSP residual norm 1.722974e-06
  7 (restart 0) KSP residual norm 6.072698e-07
  8 (restart 0) KSP residual norm 2.297193e-07
  9 (restart 0) KSP residual norm 9.041208e-08
 10 (restart 0) KSP residual norm 4.239210e-08
 11 (restart 0) KSP residual norm 2.095319e-08
 12 (restart 0) KSP residual norm 9.417839e-09
 13 (restart 0) KSP residual norm 3.893356e-09
 14 (restart 0) KSP residual norm 1.593329e-09
 15 (restart 0) KSP residual norm 6.687954e-10
 16 (restart 0) KSP residual norm 2.656217e-10
 17 (restart 0) KSP residual norm 1.078533e-10
GMRES solver converged in 17 iterations (avg. reduction factor: 3.236e-01)
  Residual norms for GMRES solve
  0 (restart 0) KSP residual norm 4.002283e-02
  1 (restart 0) KSP residual norm 3.787947e-03
  2 (restart 0) KSP residual norm 4.202902e-04
  3 (restart 0) KSP residual norm 9.568828e-05
  4 (restart 0) KSP residual norm 2.132779e-05
  5 (restart 0) KSP residual norm 5.783896e-06
  6 (restart 0) KSP residual norm 1.828165e-06
  7 (restart 0) KSP residual norm 6.567476e-07
  8 (restart 0) KSP residual norm 2.568023e-07
  9 (restart 0) KSP residual norm 1.068615e-07
 10 (restart 0) KSP residual norm 4.817240e-08
 11 (restart 0) KSP residual norm 2.325972e-08
 12 (restart 0) KSP residual norm 1.026517e-08
 13 (restart 0) KSP residual norm 4.319367e-09
 14 (restart 0) KSP residual norm 1.710581e-09
 15 (restart 0) KSP residual norm 7.288567e-10
 16 (restart 0) KSP residual norm 3.217422e-10
GMRES solver converged in 16 iterations (avg. reduction factor: 3.119e-01)
  Residual norms for GMRES solve
  0 (restart 0) KSP residual norm 4.837826e-02
  1 (restart 0) KSP residual norm 3.533297e-03
  2 (restart 0) KSP residual norm 4.459153e-04
  3 (restart 0) KSP residual norm 1.069042e-04
  4 (restart 0) KSP residual norm 2.588646e-05
  5 (restart 0) KSP residual norm 6.533868e-06
  6 (restart 0) KSP residual norm 1.856335e-06
  7 (restart 0) KSP residual norm 6.412957e-07
  8 (restart 0) KSP residual norm 2.462679e-07
  9 (restart 0) KSP residual norm 9.781970e-08
 10 (restart 0) KSP residual norm 4.354806e-08
 11 (restart 0) KSP residual norm 2.100054e-08
 12 (restart 0) KSP residual norm 9.530939e-09
 13 (restart 0) KSP residual norm 4.190752e-09
 14 (restart 0) KSP residual norm 1.829745e-09
 15 (restart 0) KSP residual norm 8.719142e-10
 16 (restart 0) KSP residual norm 4.088202e-10
GMRES solver converged in 16 iterations (avg. reduction factor: 3.129e-01)
  4 EPS nconv=27 first unconverged value (error) 0.00413547+1.53282e-09i (1.09702961e-04)

 Linear eigensolve converged (27 eigenpairs) due to CONVERGED_TOL; iterations 4
 Total number of linear systems solved: 87
 Total number of linear solver iterations: 1325
 Found 27 converged eigenvalues (first = 3.258e+01+6.739e-11i)

Computing solution error estimates and performing postprocessing

     m,        Re{f} (GHz),        Im{f} (GHz),                  Q,      Error (Bkwd.),       Error (Abs.)
     1,      +1.111364e+00,      +1.149314e-12,      +4.834902e+11,      +4.407225e-11,      +7.519476e-07
     2,      +1.770842e+00,      +1.927088e-11,      +4.594604e+10,      +6.611697e-11,      +1.128835e-06
     3,      +1.771002e+00,      -4.004769e-11,      +2.211116e+10,      +5.022995e-11,      +8.575913e-07
     4,      +1.895098e+00,      -1.832309e-11,      +5.171339e+10,      +8.072285e-11,      +1.378430e-06
     5,      +1.895267e+00,      +6.112220e-11,      +1.550392e+10,      +1.041783e-10,      +1.778957e-06
     6,      +2.025666e+00,      -1.480029e-10,      +6.843332e+09,      +1.748802e-10,      +2.986814e-06
     7,      +2.204617e+00,      +7.386763e-11,      +1.492276e+10,      +2.220777e-10,      +3.793936e-06
     8,      +2.204978e+00,      -1.465679e-10,      +7.522036e+09,      +2.614940e-10,      +4.467319e-06
     9,      +2.373556e+00,      -4.028216e-10,      +2.946163e+09,      +1.151965e-10,      +1.968540e-06
    10,      +2.373982e+00,      -2.471676e-10,      +4.802373e+09,      +1.204057e-10,      +2.057560e-06
    11,      +2.450192e+00,      -3.073619e-10,      +3.985842e+09,      +1.500870e-10,      +2.565107e-06
    12,      +2.450293e+00,      +2.836595e-10,      +4.319074e+09,      +9.325113e-11,      +1.593736e-06
    13,      +2.450703e+00,      +1.122343e-11,      +1.091780e+11,      +7.674762e-11,      +1.311679e-06
    14,      +2.552157e+00,      -2.147686e-09,      +5.941643e+08,      +3.876071e-10,      +6.625720e-06
    15,      +2.576627e+00,      +1.007699e-10,      +1.278470e+10,      +1.311827e-10,      +2.242525e-06
    16,      +2.577258e+00,      -3.339489e-10,      +3.858761e+09,      +2.522746e-10,      +4.312557e-06
    17,      +2.915617e+00,      +5.181926e-10,      +2.813256e+09,      +1.369484e-10,      +2.342644e-06
    18,      +2.915969e+00,      -1.595379e-10,      +9.138799e+09,      +2.112992e-10,      +3.614494e-06
    19,      +2.949107e+00,      -7.409954e-10,      +1.989963e+09,      +1.540252e-10,      +2.634945e-06
    20,      +2.949632e+00,      -4.617178e-10,      +3.194194e+09,      +9.931148e-11,      +1.698946e-06
    21,      +2.985108e+00,      -5.845060e-10,      +2.553531e+09,      +1.707743e-10,      +2.921698e-06
    22,      +2.986133e+00,      -1.077968e-09,      +1.385074e+09,      +2.102428e-10,      +3.596955e-06
    23,      +2.991308e+00,      -4.316958e-10,      +3.464602e+09,      +1.199531e-10,      +2.052249e-06
    24,      +2.991971e+00,      -2.075931e-10,      +7.206336e+09,      +1.192710e-10,      +2.040583e-06
    25,      +3.062470e+00,      -4.094361e-10,      +3.739864e+09,      +3.724664e-10,      +6.373416e-06
    26,      +3.244427e+00,      -1.502942e-09,      +1.079359e+09,      +1.571091e-10,      +2.689455e-06
    27,      +3.244628e+00,      -7.525596e-10,      +2.155728e+09,      +1.785302e-10,      +3.056151e-06

Completed 0 iterations of adaptive mesh refinement (AMR):
 Indicator norm = 3.733e-02, global unknowns = 234604
 Max. iterations = 0, tol. = 1.000e-02

Estimated peak per-rank memory usage is: Min. 129.6M, Max. 142.9M, Avg. 133.0M, Total 4.2G
Estimated peak per-node memory usage is: Min. 4.2G, Max. 4.2G, Avg. 4.2G, Total 4.2G

Elapsed Time Report (s)           Min.        Max.        Avg.
==============================================================
Initialization                   0.126       0.283       0.278
  Mesh Preprocessing             0.196       0.352       0.201
Operator Construction            0.193       0.197       0.197
Linear Solve                     5.115       5.358       5.237
  Setup                          0.583       0.583       0.583
  Preconditioner               103.112     103.478     103.314
  Coarse Solve                   8.315       8.446       8.354
Eigenvalue Solve                 0.341       0.354       0.350
Div.-Free Projection             7.120       7.137       7.134
Estimation                       0.087       0.093       0.089
  Construction                   0.140       0.140       0.140
  Solve                          8.723       8.732       8.731
Postprocessing                   0.664       0.677       0.667
Disk IO                          0.420       0.420       0.420
--------------------------------------------------------------
Total                          136.949     136.949     136.949

Peak Memory                   Per-Node       Total   Total HWM
==============================================================
Initialization                   71.6M       71.6M       71.6M
  Mesh Preprocessing             98.4M       98.4M      169.9M
Operator Construction           476.5M      476.5M      646.4M
Linear Solve                      2.2M        2.2M      648.7M
  Setup                         414.4M      414.4M        1.0G
  Preconditioner                  2.0M        2.0M        1.0G
  Coarse Solve                    1.6G        1.6G        2.7G
Eigenvalue Solve                165.5M      165.5M        2.8G
Div.-Free Projection            259.7M      259.7M        3.1G
Estimation                       12.9M       12.9M        3.1G
  Construction                  181.9M      181.9M        3.3G
  Solve                           7.1M        7.1M        3.3G
Postprocessing                    2.1M        2.1M        3.3G
Disk IO                          46.2M       46.2M        3.3G
--------------------------------------------------------------
Total                             3.7G        3.7G        3.7G

