>> /home/tanderson/.local/share/mamba/envs/emsim/bin/mpirun -n 4 /home/tanderson/.local/opt/palace/bin/palace-x86_64.bin e1c_k3p0.json

_____________     _______
_____   __   \____ __   /____ ____________
____   /_/  /  __ ` /  /  __ ` /  ___/  _ \
___   _____/  /_/  /  /  /_/  /  /__/  ___/
  /__/     \___,__/__/\___,__/\_____\_____/

Git changeset ID: 3c83b9d
Running with 4 MPI processes, 1 OpenMP thread
Device configuration: omp,cpu
Memory configuration: host-std
libCEED backend: /cpu/self/opt/blocked

Added 15329 boundary elements for material interfaces to the mesh

Characteristic length and time scales:
 Lc = 2.451e-01 m, tc = 8.174e-01 ns
Finished partitioning mesh into 4 subdomains

Mesh curvature order: 2
Mesh bounding box:
 (Xmin, Ymin, Zmin) = (-1.032e-01, -1.225e-01, -4.426e-02) m
 (Xmax, Ymax, Zmax) = (+1.032e-01, +1.225e-01, +4.426e-02) m

Parallel Mesh Stats:

                minimum     average     maximum       total
 vertices          2747        3354        3706       13418
 edges            20324       22036       22855       88146
 faces            35610       36736       37334      146944
 elements         17957       18053       18122       72215
 neighbors            1           2           3

            minimum     maximum
 h       0.00258365    0.236143
 kappa      1.01894     112.362

Estimated current per-rank memory usage is: Min. 38.1M, Max. 90.7M, Avg. 51.4M, Total 205.7M
Estimated current per-node memory usage is: Min. 205.8M, Max. 205.8M, Avg. 205.8M, Total 205.8M

Configuring Dirichlet PEC BC at attributes:
 90

Assembling system matrices, number of global unknowns:
 H1 (p = 2): 101564, ND (p = 2): 470180, RT (p = 2): 657477
 Operator assembly level: Partial
 Mesh geometries:
  Tetrahedron: P = 20, Q = 14 (quadrature order = 4)

Configuring SLEPc eigenvalue solver:
 Scaling γ = 4.732e+04, δ = 6.937e-05
 Configuring divergence-free projection
 Using random starting vector
 Shift-and-invert σ = 1.050e+00 GHz (5.393e+00)

Assembling multigrid hierarchy:
 Level 0 (p = 1): 88146 unknowns
 Level 1 (p = 2): 470180 unknowns
 Level 0 (auxiliary) (p = 1): 13418 unknowns
 Level 1 (auxiliary) (p = 2): 101564 unknowns

#PETSc Option Table entries:
-eps_monitor # (source: code)
#End of PETSc Option Table entries

  Residual norms for GMRES solve
  0 (restart 0) KSP residual norm 2.891648e-03
  1 (restart 0) KSP residual norm 3.694479e-04
  2 (restart 0) KSP residual norm 3.590035e-05
  3 (restart 0) KSP residual norm 1.045979e-05
  4 (restart 0) KSP residual norm 3.373715e-06
  5 (restart 0) KSP residual norm 1.274788e-06
  6 (restart 0) KSP residual norm 5.108867e-07
  7 (restart 0) KSP residual norm 2.410996e-07
  8 (restart 0) KSP residual norm 1.391934e-07
  9 (restart 0) KSP residual norm 8.404630e-08
 10 (restart 0) KSP residual norm 5.705651e-08
 11 (restart 0) KSP residual norm 4.011452e-08
 12 (restart 0) KSP residual norm 2.642682e-08
 13 (restart 0) KSP residual norm 1.803413e-08
 14 (restart 0) KSP residual norm 1.260601e-08
 15 (restart 0) KSP residual norm 9.189696e-09
 16 (restart 0) KSP residual norm 6.535473e-09
 17 (restart 0) KSP residual norm 4.578737e-09
 18 (restart 0) KSP residual norm 3.110068e-09
 19 (restart 0) KSP residual norm 2.137595e-09
 20 (restart 0) KSP residual norm 1.529085e-09
 21 (restart 0) KSP residual norm 1.112522e-09
 22 (restart 0) KSP residual norm 8.097672e-10
--------------------------------------------------------------------------
prterun noticed that process rank 2 with PID 32934 on node e4bdde39d7f2 exited on
signal 15 (Terminated).
--------------------------------------------------------------------------
