>> /home/tanderson/.local/share/mamba/envs/emsim/bin/mpirun -n 4 /home/tanderson/.local/opt/palace/bin/palace-x86_64.bin e1c_k2p0.json

_____________     _______
_____   __   \____ __   /____ ____________
____   /_/  /  __ ` /  /  __ ` /  ___/  _ \
___   _____/  /_/  /  /  /_/  /  /__/  ___/
  /__/     \___,__/__/\___,__/\_____\_____/

Git changeset ID: 3c83b9d
Running with 4 MPI processes, 1 OpenMP thread
Device configuration: omp,cpu
Memory configuration: host-std
libCEED backend: /cpu/self/opt/blocked

Added 15521 boundary elements for material interfaces to the mesh

Characteristic length and time scales:
 Lc = 2.451e-01 m, tc = 8.174e-01 ns
Finished partitioning mesh into 4 subdomains

Mesh curvature order: 2
Mesh bounding box:
 (Xmin, Ymin, Zmin) = (-1.032e-01, -1.225e-01, -4.426e-02) m
 (Xmax, Ymax, Zmax) = (+1.032e-01, +1.225e-01, +4.426e-02) m

Parallel Mesh Stats:

                minimum     average     maximum       total
 vertices          3117        3499        4330       13999
 edges            22026       23040       25285       92162
 faces            37794       38422       39854      153690
 elements         18855       18881       18898       75526
 neighbors            1           2           3

            minimum     maximum
 h       0.00258365    0.190077
 kappa      1.01939     109.515

Estimated current per-rank memory usage is: Min. 38.6M, Max. 94.0M, Avg. 52.5M, Total 210.1M
Estimated current per-node memory usage is: Min. 210.2M, Max. 210.2M, Avg. 210.2M, Total 210.2M

Configuring Dirichlet PEC BC at attributes:
 90

Assembling system matrices, number of global unknowns:
 H1 (p = 2): 106161, ND (p = 2): 491704, RT (p = 2): 687648
 Operator assembly level: Partial
 Mesh geometries:
  Tetrahedron: P = 20, Q = 14 (quadrature order = 4)

Configuring SLEPc eigenvalue solver:
 Scaling γ = 5.522e+04, δ = 8.248e-05
 Configuring divergence-free projection
 Using random starting vector
 Shift-and-invert σ = 1.050e+00 GHz (5.393e+00)

Assembling multigrid hierarchy:
 Level 0 (p = 1): 92162 unknowns
 Level 1 (p = 2): 491704 unknowns
 Level 0 (auxiliary) (p = 1): 13999 unknowns
 Level 1 (auxiliary) (p = 2): 106161 unknowns

#PETSc Option Table entries:
-eps_monitor # (source: code)
#End of PETSc Option Table entries

  Residual norms for GMRES solve
  0 (restart 0) KSP residual norm 3.560229e-03
  1 (restart 0) KSP residual norm 3.838232e-04
  2 (restart 0) KSP residual norm 3.668058e-05
  3 (restart 0) KSP residual norm 1.133990e-05
  4 (restart 0) KSP residual norm 3.245943e-06
  5 (restart 0) KSP residual norm 1.192608e-06
  6 (restart 0) KSP residual norm 4.795299e-07
  7 (restart 0) KSP residual norm 2.300804e-07
  8 (restart 0) KSP residual norm 1.238526e-07
  9 (restart 0) KSP residual norm 8.007409e-08
 10 (restart 0) KSP residual norm 5.749492e-08
 11 (restart 0) KSP residual norm 3.922864e-08
 12 (restart 0) KSP residual norm 2.453884e-08
 13 (restart 0) KSP residual norm 1.467730e-08
 14 (restart 0) KSP residual norm 9.285450e-09
 15 (restart 0) KSP residual norm 6.022257e-09
 16 (restart 0) KSP residual norm 3.836016e-09
 17 (restart 0) KSP residual norm 2.450725e-09
 18 (restart 0) KSP residual norm 1.555570e-09
 19 (restart 0) KSP residual norm 9.624422e-10
 20 (restart 0) KSP residual norm 5.990035e-10
 21 (restart 0) KSP residual norm 3.843780e-10
 22 (restart 0) KSP residual norm 2.512957e-10
 23 (restart 0) KSP residual norm 1.634762e-10
 24 (restart 0) KSP residual norm 1.057062e-10
 25 (restart 0) KSP residual norm 6.317638e-11
 26 (restart 0) KSP residual norm 3.944164e-11
 27 (restart 0) KSP residual norm 2.561570e-11
GMRES solver converged in 27 iterations (avg. reduction factor: 4.994e-01)
  Residual norms for GMRES solve
  0 (restart 0) KSP residual norm 1.562205e+00
  1 (restart 0) KSP residual norm 1.979304e-02
  2 (restart 0) KSP residual norm 1.732845e-03
  3 (restart 0) KSP residual norm 4.249340e-04
  4 (restart 0) KSP residual norm 1.017630e-04
  5 (restart 0) KSP residual norm 3.099637e-05
  6 (restart 0) KSP residual norm 1.230369e-05
  7 (restart 0) KSP residual norm 4.998937e-06
  8 (restart 0) KSP residual norm 2.364151e-06
  9 (restart 0) KSP residual norm 1.275030e-06
 10 (restart 0) KSP residual norm 7.679112e-07
 11 (restart 0) KSP residual norm 5.110215e-07
 12 (restart 0) KSP residual norm 2.975604e-07
 13 (restart 0) KSP residual norm 1.728450e-07
 14 (restart 0) KSP residual norm 1.106240e-07
 15 (restart 0) KSP residual norm 7.025335e-08
 16 (restart 0) KSP residual norm 4.517040e-08
 17 (restart 0) KSP residual norm 2.964223e-08
 18 (restart 0) KSP residual norm 1.866625e-08
 19 (restart 0) KSP residual norm 1.216867e-08
GMRES solver converged in 19 iterations (avg. reduction factor: 3.743e-01)
  Residual norms for GMRES solve
  0 (restart 0) KSP residual norm 8.389367e-01
  1 (restart 0) KSP residual norm 1.410626e-02
  2 (restart 0) KSP residual norm 1.050942e-03
  3 (restart 0) KSP residual norm 2.673740e-04
  4 (restart 0) KSP residual norm 7.124151e-05
  5 (restart 0) KSP residual norm 2.244670e-05
  6 (restart 0) KSP residual norm 8.148156e-06
  7 (restart 0) KSP residual norm 3.230766e-06
  8 (restart 0) KSP residual norm 1.574048e-06
  9 (restart 0) KSP residual norm 8.043932e-07
 10 (restart 0) KSP residual norm 4.604019e-07
 11 (restart 0) KSP residual norm 3.198462e-07
 12 (restart 0) KSP residual norm 2.018090e-07
 13 (restart 0) KSP residual norm 1.228649e-07
 14 (restart 0) KSP residual norm 7.668082e-08
 15 (restart 0) KSP residual norm 4.741648e-08
 16 (restart 0) KSP residual norm 3.239605e-08
 17 (restart 0) KSP residual norm 2.117708e-08
 18 (restart 0) KSP residual norm 1.262262e-08
 19 (restart 0) KSP residual norm 7.578268e-09
GMRES solver converged in 19 iterations (avg. reduction factor: 3.772e-01)
  Residual norms for GMRES solve
  0 (restart 0) KSP residual norm 7.044654e-02
  1 (restart 0) KSP residual norm 5.202878e-03
  2 (restart 0) KSP residual norm 8.054816e-04
  3 (restart 0) KSP residual norm 1.880694e-04
  4 (restart 0) KSP residual norm 4.701188e-05
  5 (restart 0) KSP residual norm 1.365946e-05
  6 (restart 0) KSP residual norm 4.657937e-06
  7 (restart 0) KSP residual norm 1.831738e-06
  8 (restart 0) KSP residual norm 7.261157e-07
  9 (restart 0) KSP residual norm 3.262404e-07
 10 (restart 0) KSP residual norm 1.757352e-07
 11 (restart 0) KSP residual norm 1.090150e-07
 12 (restart 0) KSP residual norm 7.751164e-08
 13 (restart 0) KSP residual norm 5.332609e-08
 14 (restart 0) KSP residual norm 3.227477e-08
 15 (restart 0) KSP residual norm 2.082958e-08
 16 (restart 0) KSP residual norm 1.361757e-08
 17 (restart 0) KSP residual norm 8.779847e-09
 18 (restart 0) KSP residual norm 5.727054e-09
 19 (restart 0) KSP residual norm 3.706604e-09
 20 (restart 0) KSP residual norm 2.241432e-09
 21 (restart 0) KSP residual norm 1.508794e-09
 22 (restart 0) KSP residual norm 1.033700e-09
 23 (restart 0) KSP residual norm 6.596045e-10
GMRES solver converged in 23 iterations (avg. reduction factor: 4.476e-01)
  Residual norms for GMRES solve
  0 (restart 0) KSP residual norm 1.784316e-01
  1 (restart 0) KSP residual norm 1.302226e-02
  2 (restart 0) KSP residual norm 7.621451e-04
  3 (restart 0) KSP residual norm 1.866759e-04
  4 (restart 0) KSP residual norm 5.147748e-05
  5 (restart 0) KSP residual norm 1.483037e-05
  6 (restart 0) KSP residual norm 5.306310e-06
  7 (restart 0) KSP residual norm 2.364941e-06
  8 (restart 0) KSP residual norm 9.614983e-07
  9 (restart 0) KSP residual norm 4.414439e-07
 10 (restart 0) KSP residual norm 2.228298e-07
 11 (restart 0) KSP residual norm 1.199402e-07
 12 (restart 0) KSP residual norm 7.370672e-08
 13 (restart 0) KSP residual norm 4.735516e-08
 14 (restart 0) KSP residual norm 2.965768e-08
 15 (restart 0) KSP residual norm 1.861199e-08
 16 (restart 0) KSP residual norm 1.183275e-08
 17 (restart 0) KSP residual norm 7.692400e-09
 18 (restart 0) KSP residual norm 5.198097e-09
 19 (restart 0) KSP residual norm 3.749210e-09
 20 (restart 0) KSP residual norm 2.629898e-09
 21 (restart 0) KSP residual norm 1.694138e-09
GMRES solver converged in 21 iterations (avg. reduction factor: 4.149e-01)
  Residual norms for GMRES solve
  0 (restart 0) KSP residual norm 5.009811e-02
  1 (restart 0) KSP residual norm 7.803478e-03
  2 (restart 0) KSP residual norm 8.214416e-04
  3 (restart 0) KSP residual norm 2.080709e-04
  4 (restart 0) KSP residual norm 5.428245e-05
  5 (restart 0) KSP residual norm 1.792872e-05
  6 (restart 0) KSP residual norm 5.320237e-06
  7 (restart 0) KSP residual norm 2.233230e-06
  8 (restart 0) KSP residual norm 9.565987e-07
  9 (restart 0) KSP residual norm 4.927937e-07
 10 (restart 0) KSP residual norm 2.804610e-07
 11 (restart 0) KSP residual norm 1.852693e-07
 12 (restart 0) KSP residual norm 1.345861e-07
 13 (restart 0) KSP residual norm 8.955591e-08
 14 (restart 0) KSP residual norm 5.218507e-08
 15 (restart 0) KSP residual norm 3.434424e-08
 16 (restart 0) KSP residual norm 2.225186e-08
 17 (restart 0) KSP residual norm 1.430661e-08
 18 (restart 0) KSP residual norm 8.500087e-09
 19 (restart 0) KSP residual norm 5.231854e-09
 20 (restart 0) KSP residual norm 3.178394e-09
 21 (restart 0) KSP residual norm 1.985539e-09
 22 (restart 0) KSP residual norm 1.260077e-09
 23 (restart 0) KSP residual norm 8.140594e-10
 24 (restart 0) KSP residual norm 5.570313e-10
 25 (restart 0) KSP residual norm 3.570368e-10
GMRES solver converged in 25 iterations (avg. reduction factor: 4.722e-01)
  Residual norms for GMRES solve
  0 (restart 0) KSP residual norm 1.550798e-01
  1 (restart 0) KSP residual norm 1.446626e-02
  2 (restart 0) KSP residual norm 9.867100e-04
  3 (restart 0) KSP residual norm 2.047097e-04
  4 (restart 0) KSP residual norm 5.419320e-05
  5 (restart 0) KSP residual norm 1.715410e-05
  6 (restart 0) KSP residual norm 5.511518e-06
  7 (restart 0) KSP residual norm 2.530843e-06
  8 (restart 0) KSP residual norm 9.960327e-07
  9 (restart 0) KSP residual norm 4.675237e-07
 10 (restart 0) KSP residual norm 2.332021e-07
 11 (restart 0) KSP residual norm 1.226321e-07
 12 (restart 0) KSP residual norm 8.114585e-08
 13 (restart 0) KSP residual norm 5.313734e-08
 14 (restart 0) KSP residual norm 3.418204e-08
 15 (restart 0) KSP residual norm 2.194421e-08
 16 (restart 0) KSP residual norm 1.360966e-08
 17 (restart 0) KSP residual norm 8.222697e-09
 18 (restart 0) KSP residual norm 5.270664e-09
 19 (restart 0) KSP residual norm 3.563366e-09
 20 (restart 0) KSP residual norm 2.297090e-09
 21 (restart 0) KSP residual norm 1.540930e-09
GMRES solver converged in 21 iterations (avg. reduction factor: 4.158e-01)
  Residual norms for GMRES solve
  0 (restart 0) KSP residual norm 2.226116e-01
  1 (restart 0) KSP residual norm 1.066146e-02
  2 (restart 0) KSP residual norm 8.280669e-04
  3 (restart 0) KSP residual norm 2.091296e-04
  4 (restart 0) KSP residual norm 5.331278e-05
  5 (restart 0) KSP residual norm 1.749579e-05
  6 (restart 0) KSP residual norm 7.142997e-06
  7 (restart 0) KSP residual norm 3.373163e-06
  8 (restart 0) KSP residual norm 1.309693e-06
  9 (restart 0) KSP residual norm 5.566872e-07
 10 (restart 0) KSP residual norm 2.785770e-07
 11 (restart 0) KSP residual norm 1.717913e-07
 12 (restart 0) KSP residual norm 1.205036e-07
 13 (restart 0) KSP residual norm 7.947177e-08
 14 (restart 0) KSP residual norm 5.176691e-08
 15 (restart 0) KSP residual norm 3.274072e-08
 16 (restart 0) KSP residual norm 2.157859e-08
 17 (restart 0) KSP residual norm 1.327017e-08
 18 (restart 0) KSP residual norm 8.532144e-09
 19 (restart 0) KSP residual norm 5.617762e-09
 20 (restart 0) KSP residual norm 3.484876e-09
 21 (restart 0) KSP residual norm 2.227601e-09
 22 (restart 0) KSP residual norm 1.359590e-09
GMRES solver converged in 22 iterations (avg. reduction factor: 4.233e-01)
  Residual norms for GMRES solve
  0 (restart 0) KSP residual norm 1.906519e-01
  1 (restart 0) KSP residual norm 1.271220e-02
  2 (restart 0) KSP residual norm 8.303546e-04
  3 (restart 0) KSP residual norm 2.340567e-04
  4 (restart 0) KSP residual norm 6.128847e-05
  5 (restart 0) KSP residual norm 1.932779e-05
  6 (restart 0) KSP residual norm 8.309010e-06
  7 (restart 0) KSP residual norm 3.842392e-06
  8 (restart 0) KSP residual norm 1.618267e-06
  9 (restart 0) KSP residual norm 6.657381e-07
 10 (restart 0) KSP residual norm 3.277357e-07
 11 (restart 0) KSP residual norm 2.050403e-07
 12 (restart 0) KSP residual norm 1.432524e-07
 13 (restart 0) KSP residual norm 9.582716e-08
 14 (restart 0) KSP residual norm 6.494336e-08
 15 (restart 0) KSP residual norm 4.389465e-08
 16 (restart 0) KSP residual norm 2.782015e-08
 17 (restart 0) KSP residual norm 1.741092e-08
 18 (restart 0) KSP residual norm 1.115618e-08
 19 (restart 0) KSP residual norm 7.053756e-09
 20 (restart 0) KSP residual norm 4.167404e-09
 21 (restart 0) KSP residual norm 2.649511e-09
 22 (restart 0) KSP residual norm 1.674794e-09
GMRES solver converged in 22 iterations (avg. reduction factor: 4.303e-01)
  Residual norms for GMRES solve
  0 (restart 0) KSP residual norm 2.277460e-01
  1 (restart 0) KSP residual norm 1.192178e-02
  2 (restart 0) KSP residual norm 7.795897e-04
  3 (restart 0) KSP residual norm 2.056355e-04
  4 (restart 0) KSP residual norm 5.548806e-05
  5 (restart 0) KSP residual norm 1.701825e-05
  6 (restart 0) KSP residual norm 6.599596e-06
  7 (restart 0) KSP residual norm 2.796595e-06
  8 (restart 0) KSP residual norm 1.234364e-06
  9 (restart 0) KSP residual norm 5.326270e-07
 10 (restart 0) KSP residual norm 2.737407e-07
 11 (restart 0) KSP residual norm 1.710472e-07
 12 (restart 0) KSP residual norm 1.181169e-07
 13 (restart 0) KSP residual norm 7.798912e-08
 14 (restart 0) KSP residual norm 4.713149e-08
 15 (restart 0) KSP residual norm 3.002037e-08
 16 (restart 0) KSP residual norm 1.876655e-08
 17 (restart 0) KSP residual norm 1.178178e-08
 18 (restart 0) KSP residual norm 7.536092e-09
 19 (restart 0) KSP residual norm 4.911212e-09
 20 (restart 0) KSP residual norm 3.166209e-09
 21 (restart 0) KSP residual norm 2.134318e-09
GMRES solver converged in 21 iterations (avg. reduction factor: 4.147e-01)
  Residual norms for GMRES solve
  0 (restart 0) KSP residual norm 1.684079e-01
  1 (restart 0) KSP residual norm 9.782712e-03
  2 (restart 0) KSP residual norm 7.271492e-04
  3 (restart 0) KSP residual norm 1.894084e-04
  4 (restart 0) KSP residual norm 5.047422e-05
  5 (restart 0) KSP residual norm 1.511718e-05
  6 (restart 0) KSP residual norm 5.912677e-06
  7 (restart 0) KSP residual norm 2.565213e-06
  8 (restart 0) KSP residual norm 1.136227e-06
  9 (restart 0) KSP residual norm 5.309723e-07
 10 (restart 0) KSP residual norm 2.550793e-07
 11 (restart 0) KSP residual norm 1.478093e-07
 12 (restart 0) KSP residual norm 1.029578e-07
 13 (restart 0) KSP residual norm 6.825395e-08
 14 (restart 0) KSP residual norm 4.205918e-08
 15 (restart 0) KSP residual norm 2.620948e-08
 16 (restart 0) KSP residual norm 1.689183e-08
 17 (restart 0) KSP residual norm 1.100831e-08
 18 (restart 0) KSP residual norm 7.128251e-09
 19 (restart 0) KSP residual norm 4.667467e-09
 20 (restart 0) KSP residual norm 3.184739e-09
 21 (restart 0) KSP residual norm 2.138626e-09
 22 (restart 0) KSP residual norm 1.395088e-09
GMRES solver converged in 22 iterations (avg. reduction factor: 4.292e-01)
  Residual norms for GMRES solve
  0 (restart 0) KSP residual norm 2.016485e-01
  1 (restart 0) KSP residual norm 1.826914e-02
  2 (restart 0) KSP residual norm 8.644028e-04
  3 (restart 0) KSP residual norm 1.937914e-04
  4 (restart 0) KSP residual norm 4.779041e-05
  5 (restart 0) KSP residual norm 1.431023e-05
  6 (restart 0) KSP residual norm 4.797065e-06
  7 (restart 0) KSP residual norm 1.928263e-06
  8 (restart 0) KSP residual norm 8.641605e-07
  9 (restart 0) KSP residual norm 4.858411e-07
 10 (restart 0) KSP residual norm 3.252432e-07
 11 (restart 0) KSP residual norm 2.407740e-07
 12 (restart 0) KSP residual norm 1.583389e-07
 13 (restart 0) KSP residual norm 9.609629e-08
 14 (restart 0) KSP residual norm 6.201813e-08
 15 (restart 0) KSP residual norm 4.062663e-08
 16 (restart 0) KSP residual norm 2.663084e-08
 17 (restart 0) KSP residual norm 1.714310e-08
 18 (restart 0) KSP residual norm 1.020402e-08
 19 (restart 0) KSP residual norm 5.928579e-09
 20 (restart 0) KSP residual norm 3.471219e-09
 21 (restart 0) KSP residual norm 2.091871e-09
 22 (restart 0) KSP residual norm 1.266056e-09
GMRES solver converged in 22 iterations (avg. reduction factor: 4.238e-01)
  Residual norms for GMRES solve
  0 (restart 0) KSP residual norm 1.272142e-01
  1 (restart 0) KSP residual norm 1.533289e-02
  2 (restart 0) KSP residual norm 7.946332e-04
  3 (restart 0) KSP residual norm 2.033587e-04
  4 (restart 0) KSP residual norm 5.786090e-05
  5 (restart 0) KSP residual norm 1.763537e-05
  6 (restart 0) KSP residual norm 5.761669e-06
  7 (restart 0) KSP residual norm 2.155518e-06
  8 (restart 0) KSP residual norm 9.131854e-07
  9 (restart 0) KSP residual norm 5.193410e-07
 10 (restart 0) KSP residual norm 3.570390e-07
 11 (restart 0) KSP residual norm 2.590900e-07
 12 (restart 0) KSP residual norm 1.907684e-07
 13 (restart 0) KSP residual norm 1.151106e-07
 14 (restart 0) KSP residual norm 6.472779e-08
 15 (restart 0) KSP residual norm 3.797723e-08
 16 (restart 0) KSP residual norm 2.184647e-08
 17 (restart 0) KSP residual norm 1.257321e-08
 18 (restart 0) KSP residual norm 7.983880e-09
 19 (restart 0) KSP residual norm 5.353164e-09
 20 (restart 0) KSP residual norm 3.539289e-09
 21 (restart 0) KSP residual norm 2.304343e-09
 22 (restart 0) KSP residual norm 1.464664e-09
 23 (restart 0) KSP residual norm 9.082901e-10
GMRES solver converged in 23 iterations (avg. reduction factor: 4.424e-01)
  Residual norms for GMRES solve
  0 (restart 0) KSP residual norm 5.894379e-01
  1 (restart 0) KSP residual norm 1.079085e-02
  2 (restart 0) KSP residual norm 8.392371e-04
  3 (restart 0) KSP residual norm 2.290342e-04
  4 (restart 0) KSP residual norm 6.026238e-05
  5 (restart 0) KSP residual norm 1.901098e-05
  6 (restart 0) KSP residual norm 6.458826e-06
  7 (restart 0) KSP residual norm 2.665016e-06
  8 (restart 0) KSP residual norm 1.303094e-06
  9 (restart 0) KSP residual norm 6.466712e-07
 10 (restart 0) KSP residual norm 3.540229e-07
 11 (restart 0) KSP residual norm 2.390305e-07
 12 (restart 0) KSP residual norm 1.602372e-07
 13 (restart 0) KSP residual norm 9.836690e-08
 14 (restart 0) KSP residual norm 6.106218e-08
 15 (restart 0) KSP residual norm 3.861372e-08
 16 (restart 0) KSP residual norm 2.571184e-08
 17 (restart 0) KSP residual norm 1.716673e-08
 18 (restart 0) KSP residual norm 1.081824e-08
 19 (restart 0) KSP residual norm 6.811750e-09
 20 (restart 0) KSP residual norm 4.343640e-09
GMRES solver converged in 20 iterations (avg. reduction factor: 3.921e-01)
  Residual norms for GMRES solve
  0 (restart 0) KSP residual norm 2.421938e-01
  1 (restart 0) KSP residual norm 7.278389e-03
  2 (restart 0) KSP residual norm 6.638306e-04
  3 (restart 0) KSP residual norm 1.735483e-04
  4 (restart 0) KSP residual norm 4.271361e-05
  5 (restart 0) KSP residual norm 1.351481e-05
  6 (restart 0) KSP residual norm 4.997775e-06
  7 (restart 0) KSP residual norm 2.021602e-06
  8 (restart 0) KSP residual norm 9.372209e-07
  9 (restart 0) KSP residual norm 4.859878e-07
 10 (restart 0) KSP residual norm 2.955299e-07
 11 (restart 0) KSP residual norm 1.968104e-07
 12 (restart 0) KSP residual norm 1.264384e-07
 13 (restart 0) KSP residual norm 7.768160e-08
 14 (restart 0) KSP residual norm 5.041679e-08
 15 (restart 0) KSP residual norm 3.409701e-08
 16 (restart 0) KSP residual norm 2.234243e-08
 17 (restart 0) KSP residual norm 1.444185e-08
 18 (restart 0) KSP residual norm 8.954920e-09
 19 (restart 0) KSP residual norm 5.577872e-09
 20 (restart 0) KSP residual norm 3.437706e-09
 21 (restart 0) KSP residual norm 2.213072e-09
GMRES solver converged in 21 iterations (avg. reduction factor: 4.142e-01)
  Residual norms for GMRES solve
  0 (restart 0) KSP residual norm 1.687914e-01
  1 (restart 0) KSP residual norm 1.357841e-02
  2 (restart 0) KSP residual norm 8.984206e-04
  3 (restart 0) KSP residual norm 2.054015e-04
  4 (restart 0) KSP residual norm 5.714603e-05
  5 (restart 0) KSP residual norm 1.757506e-05
  6 (restart 0) KSP residual norm 6.229262e-06
  7 (restart 0) KSP residual norm 2.470358e-06
  8 (restart 0) KSP residual norm 1.099792e-06
  9 (restart 0) KSP residual norm 5.321236e-07
 10 (restart 0) KSP residual norm 3.041951e-07
 11 (restart 0) KSP residual norm 1.980474e-07
 12 (restart 0) KSP residual norm 1.437185e-07
 13 (restart 0) KSP residual norm 9.419689e-08
 14 (restart 0) KSP residual norm 5.747686e-08
 15 (restart 0) KSP residual norm 3.950736e-08
 16 (restart 0) KSP residual norm 2.596002e-08
 17 (restart 0) KSP residual norm 1.592405e-08
 18 (restart 0) KSP residual norm 9.439658e-09
 19 (restart 0) KSP residual norm 5.948811e-09
 20 (restart 0) KSP residual norm 3.677079e-09
 21 (restart 0) KSP residual norm 2.224907e-09
 22 (restart 0) KSP residual norm 1.431687e-09
GMRES solver converged in 22 iterations (avg. reduction factor: 4.296e-01)
  Residual norms for GMRES solve
  0 (restart 0) KSP residual norm 8.175840e-02
  1 (restart 0) KSP residual norm 1.327963e-02
  2 (restart 0) KSP residual norm 8.769600e-04
  3 (restart 0) KSP residual norm 1.920807e-04
  4 (restart 0) KSP residual norm 5.748438e-05
  5 (restart 0) KSP residual norm 1.680353e-05
  6 (restart 0) KSP residual norm 5.536531e-06
  7 (restart 0) KSP residual norm 2.432894e-06
  8 (restart 0) KSP residual norm 1.086070e-06
  9 (restart 0) KSP residual norm 4.955703e-07
 10 (restart 0) KSP residual norm 2.946963e-07
 11 (restart 0) KSP residual norm 2.126978e-07
 12 (restart 0) KSP residual norm 1.534201e-07
 13 (restart 0) KSP residual norm 1.017368e-07
 14 (restart 0) KSP residual norm 6.181736e-08
 15 (restart 0) KSP residual norm 3.975177e-08
 16 (restart 0) KSP residual norm 2.477735e-08
 17 (restart 0) KSP residual norm 1.534295e-08
 18 (restart 0) KSP residual norm 9.769072e-09
 19 (restart 0) KSP residual norm 6.280979e-09
 20 (restart 0) KSP residual norm 3.815710e-09
 21 (restart 0) KSP residual norm 2.331244e-09
 22 (restart 0) KSP residual norm 1.506790e-09
 23 (restart 0) KSP residual norm 9.402420e-10
 24 (restart 0) KSP residual norm 5.685605e-10
GMRES solver converged in 24 iterations (avg. reduction factor: 4.572e-01)
  Residual norms for GMRES solve
  0 (restart 0) KSP residual norm 4.238712e-01
  1 (restart 0) KSP residual norm 9.266646e-03
  2 (restart 0) KSP residual norm 7.722555e-04
  3 (restart 0) KSP residual norm 1.876715e-04
  4 (restart 0) KSP residual norm 5.055213e-05
  5 (restart 0) KSP residual norm 1.500562e-05
  6 (restart 0) KSP residual norm 5.838733e-06
  7 (restart 0) KSP residual norm 2.465478e-06
  8 (restart 0) KSP residual norm 1.125386e-06
  9 (restart 0) KSP residual norm 5.244186e-07
 10 (restart 0) KSP residual norm 2.826906e-07
 11 (restart 0) KSP residual norm 1.805231e-07
 12 (restart 0) KSP residual norm 1.233069e-07
 13 (restart 0) KSP residual norm 7.741274e-08
 14 (restart 0) KSP residual norm 4.895662e-08
 15 (restart 0) KSP residual norm 3.085697e-08
 16 (restart 0) KSP residual norm 1.886595e-08
 17 (restart 0) KSP residual norm 1.155849e-08
 18 (restart 0) KSP residual norm 6.831090e-09
 19 (restart 0) KSP residual norm 4.466610e-09
 20 (restart 0) KSP residual norm 2.691179e-09
GMRES solver converged in 20 iterations (avg. reduction factor: 3.892e-01)
  Residual norms for GMRES solve
  0 (restart 0) KSP residual norm 4.250206e-01
  1 (restart 0) KSP residual norm 8.718929e-03
  2 (restart 0) KSP residual norm 7.493309e-04
  3 (restart 0) KSP residual norm 1.954323e-04
  4 (restart 0) KSP residual norm 4.937658e-05
  5 (restart 0) KSP residual norm 1.597199e-05
  6 (restart 0) KSP residual norm 5.593883e-06
  7 (restart 0) KSP residual norm 2.334671e-06
  8 (restart 0) KSP residual norm 1.114055e-06
  9 (restart 0) KSP residual norm 5.254832e-07
 10 (restart 0) KSP residual norm 3.050657e-07
 11 (restart 0) KSP residual norm 2.101344e-07
 12 (restart 0) KSP residual norm 1.293238e-07
 13 (restart 0) KSP residual norm 7.749634e-08
 14 (restart 0) KSP residual norm 4.788539e-08
 15 (restart 0) KSP residual norm 2.745204e-08
 16 (restart 0) KSP residual norm 1.792601e-08
 17 (restart 0) KSP residual norm 1.104357e-08
 18 (restart 0) KSP residual norm 6.494698e-09
 19 (restart 0) KSP residual norm 4.081257e-09
GMRES solver converged in 19 iterations (avg. reduction factor: 3.785e-01)
  Residual norms for GMRES solve
  0 (restart 0) KSP residual norm 9.400344e-02
  1 (restart 0) KSP residual norm 9.865738e-03
  2 (restart 0) KSP residual norm 7.382213e-04
  3 (restart 0) KSP residual norm 1.811061e-04
  4 (restart 0) KSP residual norm 4.925082e-05
  5 (restart 0) KSP residual norm 1.513354e-05
  6 (restart 0) KSP residual norm 5.369065e-06
  7 (restart 0) KSP residual norm 2.280728e-06
  8 (restart 0) KSP residual norm 9.844083e-07
  9 (restart 0) KSP residual norm 4.596476e-07
 10 (restart 0) KSP residual norm 2.735734e-07
 11 (restart 0) KSP residual norm 1.904210e-07
 12 (restart 0) KSP residual norm 1.440751e-07
 13 (restart 0) KSP residual norm 9.892891e-08
 14 (restart 0) KSP residual norm 5.931898e-08
 15 (restart 0) KSP residual norm 3.465076e-08
 16 (restart 0) KSP residual norm 2.069633e-08
 17 (restart 0) KSP residual norm 1.207521e-08
 18 (restart 0) KSP residual norm 7.568145e-09
 19 (restart 0) KSP residual norm 4.839797e-09
 20 (restart 0) KSP residual norm 2.997507e-09
 21 (restart 0) KSP residual norm 1.804108e-09
 22 (restart 0) KSP residual norm 1.120317e-09
 23 (restart 0) KSP residual norm 7.054711e-10
GMRES solver converged in 23 iterations (avg. reduction factor: 4.434e-01)
  Residual norms for GMRES solve
  0 (restart 0) KSP residual norm 1.513549e-01
  1 (restart 0) KSP residual norm 9.603973e-03
  2 (restart 0) KSP residual norm 7.302557e-04
  3 (restart 0) KSP residual norm 1.819404e-04
  4 (restart 0) KSP residual norm 4.769724e-05
  5 (restart 0) KSP residual norm 1.535666e-05
  6 (restart 0) KSP residual norm 5.193992e-06
  7 (restart 0) KSP residual norm 2.200519e-06
  8 (restart 0) KSP residual norm 9.192026e-07
  9 (restart 0) KSP residual norm 4.446935e-07
 10 (restart 0) KSP residual norm 2.480331e-07
 11 (restart 0) KSP residual norm 1.506494e-07
 12 (restart 0) KSP residual norm 1.009872e-07
 13 (restart 0) KSP residual norm 6.223813e-08
 14 (restart 0) KSP residual norm 3.555406e-08
 15 (restart 0) KSP residual norm 2.117800e-08
 16 (restart 0) KSP residual norm 1.312174e-08
 17 (restart 0) KSP residual norm 8.316604e-09
 18 (restart 0) KSP residual norm 5.089006e-09
 19 (restart 0) KSP residual norm 3.124070e-09
 20 (restart 0) KSP residual norm 1.850764e-09
 21 (restart 0) KSP residual norm 1.184586e-09
GMRES solver converged in 21 iterations (avg. reduction factor: 4.111e-01)
  Residual norms for GMRES solve
  0 (restart 0) KSP residual norm 2.956833e-01
  1 (restart 0) KSP residual norm 6.231082e-03
  2 (restart 0) KSP residual norm 6.217944e-04
  3 (restart 0) KSP residual norm 1.627885e-04
  4 (restart 0) KSP residual norm 4.336282e-05
  5 (restart 0) KSP residual norm 1.410105e-05
  6 (restart 0) KSP residual norm 5.106897e-06
  7 (restart 0) KSP residual norm 2.203683e-06
  8 (restart 0) KSP residual norm 1.060155e-06
  9 (restart 0) KSP residual norm 4.824595e-07
 10 (restart 0) KSP residual norm 2.579531e-07
 11 (restart 0) KSP residual norm 1.775651e-07
 12 (restart 0) KSP residual norm 1.275135e-07
 13 (restart 0) KSP residual norm 8.374033e-08
 14 (restart 0) KSP residual norm 5.367418e-08
 15 (restart 0) KSP residual norm 3.479472e-08
 16 (restart 0) KSP residual norm 2.230068e-08
 17 (restart 0) KSP residual norm 1.402627e-08
 18 (restart 0) KSP residual norm 8.743248e-09
 19 (restart 0) KSP residual norm 5.284207e-09
 20 (restart 0) KSP residual norm 2.949180e-09
GMRES solver converged in 20 iterations (avg. reduction factor: 3.981e-01)
  Residual norms for GMRES solve
  0 (restart 0) KSP residual norm 7.475651e-01
  1 (restart 0) KSP residual norm 1.102571e-02
  2 (restart 0) KSP residual norm 9.398123e-04
  3 (restart 0) KSP residual norm 2.585968e-04
  4 (restart 0) KSP residual norm 6.770601e-05
  5 (restart 0) KSP residual norm 2.186036e-05
  6 (restart 0) KSP residual norm 8.104876e-06
  7 (restart 0) KSP residual norm 3.050564e-06
  8 (restart 0) KSP residual norm 1.428545e-06
  9 (restart 0) KSP residual norm 7.747644e-07
 10 (restart 0) KSP residual norm 4.416175e-07
 11 (restart 0) KSP residual norm 2.894834e-07
 12 (restart 0) KSP residual norm 1.829418e-07
 13 (restart 0) KSP residual norm 1.103035e-07
 14 (restart 0) KSP residual norm 7.005013e-08
 15 (restart 0) KSP residual norm 4.625469e-08
 16 (restart 0) KSP residual norm 3.109033e-08
 17 (restart 0) KSP residual norm 2.048714e-08
 18 (restart 0) KSP residual norm 1.231979e-08
 19 (restart 0) KSP residual norm 7.354716e-09
GMRES solver converged in 19 iterations (avg. reduction factor: 3.789e-01)
  Residual norms for GMRES solve
  0 (restart 0) KSP residual norm 5.982703e-01
  1 (restart 0) KSP residual norm 9.358650e-03
  2 (restart 0) KSP residual norm 7.982252e-04
  3 (restart 0) KSP residual norm 2.086013e-04
  4 (restart 0) KSP residual norm 5.125219e-05
  5 (restart 0) KSP residual norm 1.597287e-05
  6 (restart 0) KSP residual norm 6.221967e-06
  7 (restart 0) KSP residual norm 2.580440e-06
  8 (restart 0) KSP residual norm 1.179574e-06
  9 (restart 0) KSP residual norm 6.195133e-07
 10 (restart 0) KSP residual norm 3.534812e-07
 11 (restart 0) KSP residual norm 2.309944e-07
 12 (restart 0) KSP residual norm 1.422658e-07
 13 (restart 0) KSP residual norm 8.424595e-08
 14 (restart 0) KSP residual norm 5.233546e-08
 15 (restart 0) KSP residual norm 3.397634e-08
 16 (restart 0) KSP residual norm 2.175670e-08
 17 (restart 0) KSP residual norm 1.448521e-08
 18 (restart 0) KSP residual norm 9.011843e-09
 19 (restart 0) KSP residual norm 5.841105e-09
GMRES solver converged in 19 iterations (avg. reduction factor: 3.788e-01)
  Residual norms for GMRES solve
  0 (restart 0) KSP residual norm 2.688255e-01
  1 (restart 0) KSP residual norm 7.187228e-03
  2 (restart 0) KSP residual norm 6.745474e-04
  3 (restart 0) KSP residual norm 1.765209e-04
  4 (restart 0) KSP residual norm 4.416314e-05
  5 (restart 0) KSP residual norm 1.407251e-05
  6 (restart 0) KSP residual norm 4.817588e-06
  7 (restart 0) KSP residual norm 1.960039e-06
  8 (restart 0) KSP residual norm 9.394136e-07
  9 (restart 0) KSP residual norm 4.508941e-07
 10 (restart 0) KSP residual norm 2.240186e-07
 11 (restart 0) KSP residual norm 1.449456e-07
 12 (restart 0) KSP residual norm 9.173028e-08
 13 (restart 0) KSP residual norm 5.900099e-08
 14 (restart 0) KSP residual norm 3.655675e-08
 15 (restart 0) KSP residual norm 2.284213e-08
 16 (restart 0) KSP residual norm 1.549258e-08
 17 (restart 0) KSP residual norm 1.059509e-08
 18 (restart 0) KSP residual norm 6.881655e-09
 19 (restart 0) KSP residual norm 4.665212e-09
 20 (restart 0) KSP residual norm 2.997712e-09
 21 (restart 0) KSP residual norm 1.732496e-09
GMRES solver converged in 21 iterations (avg. reduction factor: 4.073e-01)
  Residual norms for GMRES solve
  0 (restart 0) KSP residual norm 3.551202e-02
  1 (restart 0) KSP residual norm 5.514220e-03
  2 (restart 0) KSP residual norm 6.579308e-04
  3 (restart 0) KSP residual norm 1.706817e-04
  4 (restart 0) KSP residual norm 4.346799e-05
  5 (restart 0) KSP residual norm 1.414712e-05
  6 (restart 0) KSP residual norm 4.838258e-06
  7 (restart 0) KSP residual norm 1.970719e-06
  8 (restart 0) KSP residual norm 9.688764e-07
  9 (restart 0) KSP residual norm 4.795864e-07
 10 (restart 0) KSP residual norm 2.641154e-07
 11 (restart 0) KSP residual norm 1.836284e-07
--------------------------------------------------------------------------
prterun noticed that process rank 0 with PID 32541 on node e4bdde39d7f2 exited on
signal 15 (Terminated).
--------------------------------------------------------------------------
