>> /home/tanderson/.local/share/mamba/envs/emsim/bin/mpirun -n 4 /home/tanderson/.local/opt/palace/bin/palace-x86_64.bin o2.json

_____________     _______
_____   __   \____ __   /____ ____________
____   /_/  /  __ ` /  /  __ ` /  ___/  _ \
___   _____/  /_/  /  /  /_/  /  /__/  ___/
  /__/     \___,__/__/\___,__/\_____\_____/

Git changeset ID: 3c83b9d
Running with 4 MPI processes, 1 OpenMP thread
Device configuration: omp,cpu
Memory configuration: host-std
libCEED backend: /cpu/self/opt/blocked

Added 6284 boundary elements for material interfaces to the mesh

Characteristic length and time scales:
 Lc = 1.600e-01 m, tc = 5.337e-01 ns
Finished partitioning mesh into 4 subdomains

Mesh curvature order: 2
Mesh bounding box:
 (Xmin, Ymin, Zmin) = (-8.000e-02, -8.000e-02, -6.000e-02) m
 (Xmax, Ymax, Zmax) = (+8.000e-02, +8.000e-02, +6.000e-02) m

Parallel Mesh Stats:

                minimum     average     maximum       total
 vertices          2039        2336        2768        9345
 edges            15316       16230       17634       64921
 faces            26925       27586       28794      110347
 elements         13526       13692       13927       54770
 neighbors            3           3           3

            minimum     maximum
 h        0.0089128    0.136412
 kappa      1.02327     18.7307

Estimated current per-rank memory usage is: Min. 36.4M, Max. 72.6M, Avg. 45.5M, Total 182.1M
Estimated current per-node memory usage is: Min. 182.4M, Max. 182.4M, Avg. 182.4M, Total 182.4M

Configuring Dirichlet PEC BC at attributes:
 5

Assembling system matrices, number of global unknowns:
 H1 (p = 2): 74266, ND (p = 2): 350536, RT (p = 2): 495351
 Operator assembly level: Partial
 Mesh geometries:
  Tetrahedron: P = 20, Q = 14 (quadrature order = 4)

Configuring SLEPc eigenvalue solver:
 Scaling γ = 2.996e+04, δ = 3.359e-04
 Configuring divergence-free projection
 Using random starting vector
 Shift-and-invert σ = 2.450e+00 GHz (8.216e+00)

Assembling multigrid hierarchy:
 Level 0 (p = 1): 64921 unknowns
 Level 1 (p = 2): 350536 unknowns
 Level 0 (auxiliary) (p = 1): 9345 unknowns
 Level 1 (auxiliary) (p = 2): 74266 unknowns

#PETSc Option Table entries:
-eps_monitor # (source: code)
#End of PETSc Option Table entries

  Residual norms for GMRES solve
  0 (restart 0) KSP residual norm 1.889704e-02
  1 (restart 0) KSP residual norm 7.998901e-04
  2 (restart 0) KSP residual norm 1.323817e-04
  3 (restart 0) KSP residual norm 1.492818e-05
  4 (restart 0) KSP residual norm 3.282698e-06
  5 (restart 0) KSP residual norm 8.378302e-07
  6 (restart 0) KSP residual norm 2.158022e-07
  7 (restart 0) KSP residual norm 5.270494e-08
  8 (restart 0) KSP residual norm 1.524897e-08
  9 (restart 0) KSP residual norm 4.665536e-09
 10 (restart 0) KSP residual norm 1.520143e-09
 11 (restart 0) KSP residual norm 4.705011e-10
 12 (restart 0) KSP residual norm 1.372764e-10
GMRES solver converged in 12 iterations (avg. reduction factor: 2.098e-01)
  Residual norms for GMRES solve
  0 (restart 0) KSP residual norm 1.607981e+00
  1 (restart 0) KSP residual norm 4.171294e-02
  2 (restart 0) KSP residual norm 5.760450e-03
  3 (restart 0) KSP residual norm 6.118955e-04
  4 (restart 0) KSP residual norm 1.290962e-04
  5 (restart 0) KSP residual norm 2.856777e-05
  6 (restart 0) KSP residual norm 7.550580e-06
  7 (restart 0) KSP residual norm 1.780278e-06
  8 (restart 0) KSP residual norm 5.064525e-07
  9 (restart 0) KSP residual norm 1.602787e-07
 10 (restart 0) KSP residual norm 5.298359e-08
 11 (restart 0) KSP residual norm 1.719569e-08
 12 (restart 0) KSP residual norm 4.778507e-09
GMRES solver converged in 12 iterations (avg. reduction factor: 1.947e-01)
  Residual norms for GMRES solve
  0 (restart 0) KSP residual norm 1.797463e+00
  1 (restart 0) KSP residual norm 4.439253e-02
  2 (restart 0) KSP residual norm 5.900637e-03
  3 (restart 0) KSP residual norm 6.721808e-04
  4 (restart 0) KSP residual norm 1.439211e-04
  5 (restart 0) KSP residual norm 3.284239e-05
  6 (restart 0) KSP residual norm 8.005413e-06
  7 (restart 0) KSP residual norm 1.906864e-06
  8 (restart 0) KSP residual norm 5.436416e-07
  9 (restart 0) KSP residual norm 1.742063e-07
 10 (restart 0) KSP residual norm 5.487849e-08
 11 (restart 0) KSP residual norm 1.822957e-08
 12 (restart 0) KSP residual norm 5.236532e-09
GMRES solver converged in 12 iterations (avg. reduction factor: 1.944e-01)
  Residual norms for GMRES solve
  0 (restart 0) KSP residual norm 6.347056e-01
  1 (restart 0) KSP residual norm 3.082627e-02
  2 (restart 0) KSP residual norm 4.634549e-03
  3 (restart 0) KSP residual norm 6.388070e-04
  4 (restart 0) KSP residual norm 1.015947e-04
  5 (restart 0) KSP residual norm 1.977266e-05
  6 (restart 0) KSP residual norm 4.029110e-06
  7 (restart 0) KSP residual norm 1.093635e-06
  8 (restart 0) KSP residual norm 2.853310e-07
  9 (restart 0) KSP residual norm 9.360799e-08
 10 (restart 0) KSP residual norm 3.315701e-08
 11 (restart 0) KSP residual norm 1.061796e-08
 12 (restart 0) KSP residual norm 3.068220e-09
GMRES solver converged in 12 iterations (avg. reduction factor: 2.028e-01)
  Residual norms for GMRES solve
  0 (restart 0) KSP residual norm 7.194236e-01
  1 (restart 0) KSP residual norm 3.861532e-02
  2 (restart 0) KSP residual norm 4.528984e-03
  3 (restart 0) KSP residual norm 4.592461e-04
  4 (restart 0) KSP residual norm 8.466384e-05
  5 (restart 0) KSP residual norm 1.678732e-05
  6 (restart 0) KSP residual norm 4.226157e-06
  7 (restart 0) KSP residual norm 9.098724e-07
  8 (restart 0) KSP residual norm 2.619745e-07
  9 (restart 0) KSP residual norm 8.097201e-08
 10 (restart 0) KSP residual norm 2.424767e-08
 11 (restart 0) KSP residual norm 8.670192e-09
 12 (restart 0) KSP residual norm 2.655116e-09
GMRES solver converged in 12 iterations (avg. reduction factor: 1.983e-01)
  Residual norms for GMRES solve
  0 (restart 0) KSP residual norm 6.956240e-01
  1 (restart 0) KSP residual norm 3.203118e-02
  2 (restart 0) KSP residual norm 2.688032e-03
  3 (restart 0) KSP residual norm 3.669457e-04
  4 (restart 0) KSP residual norm 6.121320e-05
  5 (restart 0) KSP residual norm 1.342538e-05
  6 (restart 0) KSP residual norm 3.738229e-06
  7 (restart 0) KSP residual norm 9.261772e-07
  8 (restart 0) KSP residual norm 2.640062e-07
  9 (restart 0) KSP residual norm 9.082667e-08
 10 (restart 0) KSP residual norm 2.796095e-08
 11 (restart 0) KSP residual norm 8.775063e-09
 12 (restart 0) KSP residual norm 2.807361e-09
GMRES solver converged in 12 iterations (avg. reduction factor: 1.998e-01)
  Residual norms for GMRES solve
  0 (restart 0) KSP residual norm 6.218620e-01
  1 (restart 0) KSP residual norm 3.464762e-02
  2 (restart 0) KSP residual norm 3.233204e-03
  3 (restart 0) KSP residual norm 6.387642e-04
  4 (restart 0) KSP residual norm 8.904923e-05
  5 (restart 0) KSP residual norm 1.994842e-05
  6 (restart 0) KSP residual norm 4.211088e-06
  7 (restart 0) KSP residual norm 9.545678e-07
  8 (restart 0) KSP residual norm 2.573630e-07
  9 (restart 0) KSP residual norm 8.328812e-08
 10 (restart 0) KSP residual norm 2.736829e-08
 11 (restart 0) KSP residual norm 9.259476e-09
 12 (restart 0) KSP residual norm 2.700991e-09
GMRES solver converged in 12 iterations (avg. reduction factor: 2.010e-01)
  Residual norms for GMRES solve
  0 (restart 0) KSP residual norm 7.846969e-01
  1 (restart 0) KSP residual norm 5.115237e-02
  2 (restart 0) KSP residual norm 6.373432e-03
  3 (restart 0) KSP residual norm 6.793859e-04
  4 (restart 0) KSP residual norm 9.285344e-05
  5 (restart 0) KSP residual norm 2.116953e-05
  6 (restart 0) KSP residual norm 5.034693e-06
  7 (restart 0) KSP residual norm 1.083474e-06
  8 (restart 0) KSP residual norm 3.314258e-07
  9 (restart 0) KSP residual norm 1.001892e-07
 10 (restart 0) KSP residual norm 3.236554e-08
 11 (restart 0) KSP residual norm 9.971643e-09
 12 (restart 0) KSP residual norm 2.836201e-09
GMRES solver converged in 12 iterations (avg. reduction factor: 1.979e-01)
  Residual norms for GMRES solve
  0 (restart 0) KSP residual norm 2.122436e+00
  1 (restart 0) KSP residual norm 5.344699e-02
  2 (restart 0) KSP residual norm 5.568878e-03
  3 (restart 0) KSP residual norm 9.211721e-04
  4 (restart 0) KSP residual norm 1.805189e-04
  5 (restart 0) KSP residual norm 4.438429e-05
  6 (restart 0) KSP residual norm 9.928339e-06
  7 (restart 0) KSP residual norm 2.227878e-06
  8 (restart 0) KSP residual norm 6.020819e-07
  9 (restart 0) KSP residual norm 1.857631e-07
 10 (restart 0) KSP residual norm 5.627135e-08
 11 (restart 0) KSP residual norm 1.797627e-08
GMRES solver converged in 11 iterations (avg. reduction factor: 1.846e-01)
  Residual norms for GMRES solve
  0 (restart 0) KSP residual norm 1.092307e+00
  1 (restart 0) KSP residual norm 3.354695e-02
  2 (restart 0) KSP residual norm 5.717596e-03
  3 (restart 0) KSP residual norm 6.407447e-04
  4 (restart 0) KSP residual norm 1.061156e-04
  5 (restart 0) KSP residual norm 2.554847e-05
  6 (restart 0) KSP residual norm 6.141315e-06
  7 (restart 0) KSP residual norm 1.421370e-06
  8 (restart 0) KSP residual norm 3.674114e-07
  9 (restart 0) KSP residual norm 1.061065e-07
 10 (restart 0) KSP residual norm 3.497414e-08
 11 (restart 0) KSP residual norm 1.102485e-08
 12 (restart 0) KSP residual norm 3.240500e-09
GMRES solver converged in 12 iterations (avg. reduction factor: 1.947e-01)
  Residual norms for GMRES solve
  0 (restart 0) KSP residual norm 4.538458e-01
  1 (restart 0) KSP residual norm 1.813017e-02
  2 (restart 0) KSP residual norm 3.186325e-03
  3 (restart 0) KSP residual norm 2.827733e-04
  4 (restart 0) KSP residual norm 5.760552e-05
  5 (restart 0) KSP residual norm 1.034004e-05
  6 (restart 0) KSP residual norm 2.363514e-06
  7 (restart 0) KSP residual norm 6.568274e-07
  8 (restart 0) KSP residual norm 1.783017e-07
  9 (restart 0) KSP residual norm 6.441441e-08
 10 (restart 0) KSP residual norm 2.051211e-08
 11 (restart 0) KSP residual norm 5.760033e-09
 12 (restart 0) KSP residual norm 1.580909e-09
GMRES solver converged in 12 iterations (avg. reduction factor: 1.973e-01)
  Residual norms for GMRES solve
  0 (restart 0) KSP residual norm 3.045303e-01
  1 (restart 0) KSP residual norm 1.665036e-02
  2 (restart 0) KSP residual norm 1.541558e-03
  3 (restart 0) KSP residual norm 2.049804e-04
  4 (restart 0) KSP residual norm 4.272145e-05
  5 (restart 0) KSP residual norm 8.151845e-06
  6 (restart 0) KSP residual norm 1.854714e-06
  7 (restart 0) KSP residual norm 4.485788e-07
  8 (restart 0) KSP residual norm 1.222418e-07
  9 (restart 0) KSP residual norm 3.464206e-08
 10 (restart 0) KSP residual norm 1.027787e-08
 11 (restart 0) KSP residual norm 3.285001e-09
 12 (restart 0) KSP residual norm 1.017923e-09
GMRES solver converged in 12 iterations (avg. reduction factor: 1.966e-01)
  Residual norms for GMRES solve
  0 (restart 0) KSP residual norm 3.848504e-01
  1 (restart 0) KSP residual norm 2.530677e-02
  2 (restart 0) KSP residual norm 1.690395e-03
  3 (restart 0) KSP residual norm 2.630259e-04
  4 (restart 0) KSP residual norm 4.602414e-05
  5 (restart 0) KSP residual norm 9.033163e-06
  6 (restart 0) KSP residual norm 2.094322e-06
  7 (restart 0) KSP residual norm 5.269319e-07
  8 (restart 0) KSP residual norm 1.417607e-07
  9 (restart 0) KSP residual norm 4.843745e-08
 10 (restart 0) KSP residual norm 1.612053e-08
 11 (restart 0) KSP residual norm 5.107453e-09
 12 (restart 0) KSP residual norm 1.484726e-09
GMRES solver converged in 12 iterations (avg. reduction factor: 1.990e-01)
  Residual norms for GMRES solve
  0 (restart 0) KSP residual norm 4.875172e-01
  1 (restart 0) KSP residual norm 2.615709e-02
  2 (restart 0) KSP residual norm 2.160507e-03
  3 (restart 0) KSP residual norm 3.112673e-04
  4 (restart 0) KSP residual norm 6.510207e-05
  5 (restart 0) KSP residual norm 1.438995e-05
  6 (restart 0) KSP residual norm 3.272401e-06
  7 (restart 0) KSP residual norm 7.697090e-07
  8 (restart 0) KSP residual norm 1.976998e-07
  9 (restart 0) KSP residual norm 5.236529e-08
 10 (restart 0) KSP residual norm 1.636752e-08
 11 (restart 0) KSP residual norm 5.740584e-09
 12 (restart 0) KSP residual norm 1.710149e-09
GMRES solver converged in 12 iterations (avg. reduction factor: 1.974e-01)
  Residual norms for GMRES solve
  0 (restart 0) KSP residual norm 4.254079e-01
  1 (restart 0) KSP residual norm 1.572192e-02
  2 (restart 0) KSP residual norm 1.678524e-03
  3 (restart 0) KSP residual norm 2.654988e-04
  4 (restart 0) KSP residual norm 5.539714e-05
  5 (restart 0) KSP residual norm 1.240356e-05
  6 (restart 0) KSP residual norm 2.626990e-06
  7 (restart 0) KSP residual norm 7.249530e-07
  8 (restart 0) KSP residual norm 1.757101e-07
  9 (restart 0) KSP residual norm 5.539546e-08
 10 (restart 0) KSP residual norm 1.980042e-08
 11 (restart 0) KSP residual norm 6.015051e-09
 12 (restart 0) KSP residual norm 1.687322e-09
GMRES solver converged in 12 iterations (avg. reduction factor: 1.995e-01)
  Residual norms for GMRES solve
  0 (restart 0) KSP residual norm 7.618073e-01
  1 (restart 0) KSP residual norm 3.073365e-02
  2 (restart 0) KSP residual norm 2.210326e-03
  3 (restart 0) KSP residual norm 6.579675e-04
  4 (restart 0) KSP residual norm 7.825419e-05
  5 (restart 0) KSP residual norm 1.935361e-05
  6 (restart 0) KSP residual norm 4.330993e-06
  7 (restart 0) KSP residual norm 1.034936e-06
  8 (restart 0) KSP residual norm 3.205310e-07
  9 (restart 0) KSP residual norm 9.911628e-08
 10 (restart 0) KSP residual norm 3.012196e-08
 11 (restart 0) KSP residual norm 1.020582e-08
 12 (restart 0) KSP residual norm 3.006975e-09
GMRES solver converged in 12 iterations (avg. reduction factor: 1.994e-01)
  Residual norms for GMRES solve
  0 (restart 0) KSP residual norm 6.893656e-01
  1 (restart 0) KSP residual norm 4.244848e-02
  2 (restart 0) KSP residual norm 2.710058e-03
  3 (restart 0) KSP residual norm 4.829181e-04
  4 (restart 0) KSP residual norm 7.891187e-05
  5 (restart 0) KSP residual norm 1.532863e-05
  6 (restart 0) KSP residual norm 3.898553e-06
  7 (restart 0) KSP residual norm 9.348646e-07
  8 (restart 0) KSP residual norm 2.536517e-07
  9 (restart 0) KSP residual norm 8.590001e-08
 10 (restart 0) KSP residual norm 2.811954e-08
 11 (restart 0) KSP residual norm 8.030461e-09
 12 (restart 0) KSP residual norm 2.455084e-09
GMRES solver converged in 12 iterations (avg. reduction factor: 1.977e-01)
  Residual norms for GMRES solve
  0 (restart 0) KSP residual norm 5.700063e-01
  1 (restart 0) KSP residual norm 3.542240e-02
  2 (restart 0) KSP residual norm 2.530608e-03
  3 (restart 0) KSP residual norm 4.726170e-04
  4 (restart 0) KSP residual norm 6.809348e-05
  5 (restart 0) KSP residual norm 1.276984e-05
  6 (restart 0) KSP residual norm 3.471732e-06
  7 (restart 0) KSP residual norm 8.011977e-07
  8 (restart 0) KSP residual norm 2.017399e-07
  9 (restart 0) KSP residual norm 6.391418e-08
 10 (restart 0) KSP residual norm 2.478277e-08
 11 (restart 0) KSP residual norm 7.534010e-09
 12 (restart 0) KSP residual norm 2.276133e-09
GMRES solver converged in 12 iterations (avg. reduction factor: 1.996e-01)
  Residual norms for GMRES solve
  0 (restart 0) KSP residual norm 3.824066e-01
  1 (restart 0) KSP residual norm 3.077886e-02
  2 (restart 0) KSP residual norm 1.964893e-03
  3 (restart 0) KSP residual norm 3.268894e-04
  4 (restart 0) KSP residual norm 4.629742e-05
  5 (restart 0) KSP residual norm 9.915672e-06
  6 (restart 0) KSP residual norm 2.577296e-06
  7 (restart 0) KSP residual norm 6.237527e-07
  8 (restart 0) KSP residual norm 1.590313e-07
  9 (restart 0) KSP residual norm 5.061715e-08
 10 (restart 0) KSP residual norm 1.734128e-08
 11 (restart 0) KSP residual norm 5.486869e-09
 12 (restart 0) KSP residual norm 1.610741e-09
GMRES solver converged in 12 iterations (avg. reduction factor: 2.005e-01)
  Residual norms for GMRES solve
  0 (restart 0) KSP residual norm 2.871253e-01
  1 (restart 0) KSP residual norm 9.144297e-03
  2 (restart 0) KSP residual norm 1.497931e-03
  3 (restart 0) KSP residual norm 1.944226e-04
  4 (restart 0) KSP residual norm 3.578642e-05
  5 (restart 0) KSP residual norm 6.754367e-06
  6 (restart 0) KSP residual norm 1.588277e-06
  7 (restart 0) KSP residual norm 4.001266e-07
  8 (restart 0) KSP residual norm 1.098375e-07
  9 (restart 0) KSP residual norm 3.641581e-08
 10 (restart 0) KSP residual norm 1.357243e-08
 11 (restart 0) KSP residual norm 4.247735e-09
 12 (restart 0) KSP residual norm 1.192693e-09
GMRES solver converged in 12 iterations (avg. reduction factor: 2.002e-01)
  Residual norms for GMRES solve
  0 (restart 0) KSP residual norm 6.476068e-01
  1 (restart 0) KSP residual norm 1.411617e-02
  2 (restart 0) KSP residual norm 1.908481e-03
  3 (restart 0) KSP residual norm 2.515816e-04
  4 (restart 0) KSP residual norm 5.636815e-05
  5 (restart 0) KSP residual norm 1.023004e-05
  6 (restart 0) KSP residual norm 2.255436e-06
  7 (restart 0) KSP residual norm 5.397896e-07
  8 (restart 0) KSP residual norm 1.297143e-07
  9 (restart 0) KSP residual norm 3.539898e-08
 10 (restart 0) KSP residual norm 1.094199e-08
 11 (restart 0) KSP residual norm 3.741847e-09
GMRES solver converged in 11 iterations (avg. reduction factor: 1.783e-01)
  Residual norms for GMRES solve
  0 (restart 0) KSP residual norm 2.766719e-01
  1 (restart 0) KSP residual norm 8.967774e-03
  2 (restart 0) KSP residual norm 1.601103e-03
  3 (restart 0) KSP residual norm 1.898174e-04
  4 (restart 0) KSP residual norm 4.617484e-05
  5 (restart 0) KSP residual norm 8.258919e-06
  6 (restart 0) KSP residual norm 1.938146e-06
  7 (restart 0) KSP residual norm 4.910454e-07
  8 (restart 0) KSP residual norm 1.310296e-07
  9 (restart 0) KSP residual norm 3.896390e-08
 10 (restart 0) KSP residual norm 1.335322e-08
 11 (restart 0) KSP residual norm 4.245430e-09
 12 (restart 0) KSP residual norm 1.171232e-09
GMRES solver converged in 12 iterations (avg. reduction factor: 2.006e-01)
  Residual norms for GMRES solve
  0 (restart 0) KSP residual norm 2.435895e-01
  1 (restart 0) KSP residual norm 9.453425e-03
  2 (restart 0) KSP residual norm 1.213486e-03
  3 (restart 0) KSP residual norm 2.159806e-04
  4 (restart 0) KSP residual norm 3.904126e-05
  5 (restart 0) KSP residual norm 9.517887e-06
  6 (restart 0) KSP residual norm 1.986361e-06
  7 (restart 0) KSP residual norm 4.729591e-07
  8 (restart 0) KSP residual norm 1.344057e-07
  9 (restart 0) KSP residual norm 3.672031e-08
 10 (restart 0) KSP residual norm 1.159639e-08
 11 (restart 0) KSP residual norm 4.003553e-09
 12 (restart 0) KSP residual norm 1.139989e-09
GMRES solver converged in 12 iterations (avg. reduction factor: 2.022e-01)
  Residual norms for GMRES solve
  0 (restart 0) KSP residual norm 3.367729e-01
  1 (restart 0) KSP residual norm 1.208239e-02
  2 (restart 0) KSP residual norm 1.380710e-03
  3 (restart 0) KSP residual norm 2.410171e-04
  4 (restart 0) KSP residual norm 4.738598e-05
  5 (restart 0) KSP residual norm 1.006668e-05
  6 (restart 0) KSP residual norm 2.275387e-06
  7 (restart 0) KSP residual norm 5.046944e-07
  8 (restart 0) KSP residual norm 1.203112e-07
  9 (restart 0) KSP residual norm 2.926802e-08
 10 (restart 0) KSP residual norm 8.472227e-09
 11 (restart 0) KSP residual norm 2.855855e-09
GMRES solver converged in 11 iterations (avg. reduction factor: 1.846e-01)
  Residual norms for GMRES solve
  0 (restart 0) KSP residual norm 3.592169e-01
  1 (restart 0) KSP residual norm 1.087122e-02
  2 (restart 0) KSP residual norm 1.242519e-03
  3 (restart 0) KSP residual norm 2.393212e-04
  4 (restart 0) KSP residual norm 4.833195e-05
  5 (restart 0) KSP residual norm 1.142689e-05
  6 (restart 0) KSP residual norm 2.517632e-06
  7 (restart 0) KSP residual norm 5.642653e-07
  8 (restart 0) KSP residual norm 1.484221e-07
  9 (restart 0) KSP residual norm 3.932386e-08
 10 (restart 0) KSP residual norm 1.353301e-08
 11 (restart 0) KSP residual norm 4.654745e-09
 12 (restart 0) KSP residual norm 1.343648e-09
GMRES solver converged in 12 iterations (avg. reduction factor: 1.985e-01)
  Residual norms for GMRES solve
  0 (restart 0) KSP residual norm 2.114279e-01
  1 (restart 0) KSP residual norm 8.044897e-03
  2 (restart 0) KSP residual norm 1.232812e-03
  3 (restart 0) KSP residual norm 1.642793e-04
  4 (restart 0) KSP residual norm 3.889589e-05
  5 (restart 0) KSP residual norm 8.646831e-06
  6 (restart 0) KSP residual norm 1.851105e-06
  7 (restart 0) KSP residual norm 4.477783e-07
  8 (restart 0) KSP residual norm 1.244347e-07
  9 (restart 0) KSP residual norm 4.194785e-08
 10 (restart 0) KSP residual norm 1.431986e-08
 11 (restart 0) KSP residual norm 4.277282e-09
 12 (restart 0) KSP residual norm 1.355282e-09
GMRES solver converged in 12 iterations (avg. reduction factor: 2.076e-01)
  Residual norms for GMRES solve
  0 (restart 0) KSP residual norm 2.403230e-01
  1 (restart 0) KSP residual norm 9.914908e-03
  2 (restart 0) KSP residual norm 9.542068e-04
  3 (restart 0) KSP residual norm 1.653605e-04
  4 (restart 0) KSP residual norm 3.401655e-05
  5 (restart 0) KSP residual norm 8.949680e-06
  6 (restart 0) KSP residual norm 1.919087e-06
  7 (restart 0) KSP residual norm 4.994714e-07
  8 (restart 0) KSP residual norm 1.411786e-07
  9 (restart 0) KSP residual norm 4.013324e-08
 10 (restart 0) KSP residual norm 1.285136e-08
 11 (restart 0) KSP residual norm 4.070645e-09
 12 (restart 0) KSP residual norm 1.242808e-09
GMRES solver converged in 12 iterations (avg. reduction factor: 2.039e-01)
  Residual norms for GMRES solve
  0 (restart 0) KSP residual norm 2.735973e-01
  1 (restart 0) KSP residual norm 1.546708e-02
  2 (restart 0) KSP residual norm 1.320319e-03
  3 (restart 0) KSP residual norm 2.097216e-04
  4 (restart 0) KSP residual norm 5.073658e-05
  5 (restart 0) KSP residual norm 9.449381e-06
  6 (restart 0) KSP residual norm 2.238789e-06
  7 (restart 0) KSP residual norm 6.379296e-07
  8 (restart 0) KSP residual norm 1.560654e-07
  9 (restart 0) KSP residual norm 5.047210e-08
 10 (restart 0) KSP residual norm 1.758729e-08
 11 (restart 0) KSP residual norm 5.502457e-09
 12 (restart 0) KSP residual norm 1.608468e-09
GMRES solver converged in 12 iterations (avg. reduction factor: 2.061e-01)
  Residual norms for GMRES solve
  0 (restart 0) KSP residual norm 4.771192e-01
  1 (restart 0) KSP residual norm 2.959233e-02
  2 (restart 0) KSP residual norm 1.697505e-03
  3 (restart 0) KSP residual norm 2.106817e-04
  4 (restart 0) KSP residual norm 4.662763e-05
  5 (restart 0) KSP residual norm 8.853304e-06
  6 (restart 0) KSP residual norm 2.425107e-06
  7 (restart 0) KSP residual norm 6.081974e-07
  8 (restart 0) KSP residual norm 1.581906e-07
  9 (restart 0) KSP residual norm 4.490086e-08
 10 (restart 0) KSP residual norm 1.531731e-08
 11 (restart 0) KSP residual norm 4.980609e-09
 12 (restart 0) KSP residual norm 1.479336e-09
GMRES solver converged in 12 iterations (avg. reduction factor: 1.954e-01)
  Residual norms for GMRES solve
  0 (restart 0) KSP residual norm 3.835835e-01
  1 (restart 0) KSP residual norm 2.534830e-02
  2 (restart 0) KSP residual norm 1.603798e-03
  3 (restart 0) KSP residual norm 2.357482e-04
  4 (restart 0) KSP residual norm 4.895675e-05
  5 (restart 0) KSP residual norm 9.944130e-06
  6 (restart 0) KSP residual norm 2.482350e-06
  7 (restart 0) KSP residual norm 7.195202e-07
  8 (restart 0) KSP residual norm 1.709640e-07
  9 (restart 0) KSP residual norm 5.249208e-08
 10 (restart 0) KSP residual norm 1.908595e-08
 11 (restart 0) KSP residual norm 5.726736e-09
 12 (restart 0) KSP residual norm 1.572895e-09
GMRES solver converged in 12 iterations (avg. reduction factor: 2.000e-01)
  Residual norms for GMRES solve
  0 (restart 0) KSP residual norm 2.349166e-01
  1 (restart 0) KSP residual norm 1.247443e-02
  2 (restart 0) KSP residual norm 1.283228e-03
  3 (restart 0) KSP residual norm 2.018617e-04
  4 (restart 0) KSP residual norm 4.215507e-05
  5 (restart 0) KSP residual norm 8.844228e-06
  6 (restart 0) KSP residual norm 1.974715e-06
  7 (restart 0) KSP residual norm 4.924544e-07
  8 (restart 0) KSP residual norm 1.342228e-07
  9 (restart 0) KSP residual norm 4.385107e-08
 10 (restart 0) KSP residual norm 1.562013e-08
 11 (restart 0) KSP residual norm 4.975517e-09
 12 (restart 0) KSP residual norm 1.474177e-09
GMRES solver converged in 12 iterations (avg. reduction factor: 2.072e-01)
  Residual norms for GMRES solve
  0 (restart 0) KSP residual norm 1.496578e-01
  1 (restart 0) KSP residual norm 5.747759e-03
  2 (restart 0) KSP residual norm 9.222830e-04
  3 (restart 0) KSP residual norm 1.469272e-04
  4 (restart 0) KSP residual norm 2.874133e-05
  5 (restart 0) KSP residual norm 6.693462e-06
  6 (restart 0) KSP residual norm 1.369364e-06
  7 (restart 0) KSP residual norm 3.444913e-07
  8 (restart 0) KSP residual norm 9.549340e-08
  9 (restart 0) KSP residual norm 2.882991e-08
 10 (restart 0) KSP residual norm 1.014311e-08
 11 (restart 0) KSP residual norm 3.384141e-09
 12 (restart 0) KSP residual norm 1.105899e-09
GMRES solver converged in 12 iterations (avg. reduction factor: 2.101e-01)
  Residual norms for GMRES solve
  0 (restart 0) KSP residual norm 1.730144e-01
  1 (restart 0) KSP residual norm 6.439257e-03
  2 (restart 0) KSP residual norm 1.427671e-03
  3 (restart 0) KSP residual norm 1.417291e-04
  4 (restart 0) KSP residual norm 3.039984e-05
  5 (restart 0) KSP residual norm 7.287724e-06
  6 (restart 0) KSP residual norm 1.551870e-06
  7 (restart 0) KSP residual norm 3.631282e-07
  8 (restart 0) KSP residual norm 9.571694e-08
  9 (restart 0) KSP residual norm 2.823800e-08
 10 (restart 0) KSP residual norm 9.766954e-09
 11 (restart 0) KSP residual norm 3.011348e-09
 12 (restart 0) KSP residual norm 8.579169e-10
GMRES solver converged in 12 iterations (avg. reduction factor: 2.032e-01)
  Residual norms for GMRES solve
  0 (restart 0) KSP residual norm 2.130226e-01
  1 (restart 0) KSP residual norm 8.006222e-03
  2 (restart 0) KSP residual norm 1.323081e-03
  3 (restart 0) KSP residual norm 1.817644e-04
  4 (restart 0) KSP residual norm 3.202478e-05
  5 (restart 0) KSP residual norm 7.542806e-06
  6 (restart 0) KSP residual norm 1.608269e-06
  7 (restart 0) KSP residual norm 3.733485e-07
  8 (restart 0) KSP residual norm 1.023037e-07
  9 (restart 0) KSP residual norm 3.108097e-08
 10 (restart 0) KSP residual norm 9.833884e-09
 11 (restart 0) KSP residual norm 3.187388e-09
 12 (restart 0) KSP residual norm 8.936340e-10
GMRES solver converged in 12 iterations (avg. reduction factor: 2.004e-01)
  Residual norms for GMRES solve
  0 (restart 0) KSP residual norm 1.838881e-01
  1 (restart 0) KSP residual norm 7.606435e-03
  2 (restart 0) KSP residual norm 8.943149e-04
  3 (restart 0) KSP residual norm 1.625212e-04
  4 (restart 0) KSP residual norm 3.100751e-05
  5 (restart 0) KSP residual norm 7.070130e-06
  6 (restart 0) KSP residual norm 1.523893e-06
  7 (restart 0) KSP residual norm 3.458818e-07
  8 (restart 0) KSP residual norm 9.493523e-08
  9 (restart 0) KSP residual norm 2.797473e-08
 10 (restart 0) KSP residual norm 9.127486e-09
 11 (restart 0) KSP residual norm 3.243415e-09
 12 (restart 0) KSP residual norm 9.894247e-10
GMRES solver converged in 12 iterations (avg. reduction factor: 2.046e-01)
  Residual norms for GMRES solve
  0 (restart 0) KSP residual norm 1.322978e-01
  1 (restart 0) KSP residual norm 5.709319e-03
  2 (restart 0) KSP residual norm 9.775649e-04
  3 (restart 0) KSP residual norm 1.091837e-04
  4 (restart 0) KSP residual norm 2.431653e-05
  5 (restart 0) KSP residual norm 5.178103e-06
  6 (restart 0) KSP residual norm 1.221348e-06
  7 (restart 0) KSP residual norm 3.418062e-07
  8 (restart 0) KSP residual norm 1.043710e-07
  9 (restart 0) KSP residual norm 3.591871e-08
 10 (restart 0) KSP residual norm 1.222337e-08
 11 (restart 0) KSP residual norm 3.639602e-09
 12 (restart 0) KSP residual norm 9.922704e-10
GMRES solver converged in 12 iterations (avg. reduction factor: 2.103e-01)
  Residual norms for GMRES solve
  0 (restart 0) KSP residual norm 1.457115e-01
  1 (restart 0) KSP residual norm 5.246204e-03
  2 (restart 0) KSP residual norm 7.210623e-04
  3 (restart 0) KSP residual norm 1.317514e-04
  4 (restart 0) KSP residual norm 2.277657e-05
  5 (restart 0) KSP residual norm 5.170103e-06
  6 (restart 0) KSP residual norm 1.248381e-06
  7 (restart 0) KSP residual norm 3.346472e-07
  8 (restart 0) KSP residual norm 1.028338e-07
  9 (restart 0) KSP residual norm 3.331575e-08
 10 (restart 0) KSP residual norm 1.080553e-08
 11 (restart 0) KSP residual norm 3.266723e-09
 12 (restart 0) KSP residual norm 8.823865e-10
GMRES solver converged in 12 iterations (avg. reduction factor: 2.066e-01)
  Residual norms for GMRES solve
  0 (restart 0) KSP residual norm 1.719066e-01
  1 (restart 0) KSP residual norm 6.595858e-03
  2 (restart 0) KSP residual norm 8.661379e-04
  3 (restart 0) KSP residual norm 1.186914e-04
  4 (restart 0) KSP residual norm 2.664339e-05
  5 (restart 0) KSP residual norm 6.236612e-06
  6 (restart 0) KSP residual norm 1.356258e-06
  7 (restart 0) KSP residual norm 3.652119e-07
  8 (restart 0) KSP residual norm 9.689963e-08
  9 (restart 0) KSP residual norm 3.270126e-08
 10 (restart 0) KSP residual norm 1.215811e-08
 11 (restart 0) KSP residual norm 3.764783e-09
 12 (restart 0) KSP residual norm 1.052037e-09
GMRES solver converged in 12 iterations (avg. reduction factor: 2.068e-01)
  Residual norms for GMRES solve
  0 (restart 0) KSP residual norm 2.420497e-01
  1 (restart 0) KSP residual norm 7.250204e-03
  2 (restart 0) KSP residual norm 8.527038e-04
  3 (restart 0) KSP residual norm 1.640503e-04
  4 (restart 0) KSP residual norm 3.249487e-05
  5 (restart 0) KSP residual norm 7.943485e-06
  6 (restart 0) KSP residual norm 1.784796e-06
  7 (restart 0) KSP residual norm 4.360087e-07
  8 (restart 0) KSP residual norm 1.323556e-07
  9 (restart 0) KSP residual norm 3.861146e-08
 10 (restart 0) KSP residual norm 1.311260e-08
 11 (restart 0) KSP residual norm 4.244607e-09
 12 (restart 0) KSP residual norm 1.251694e-09
GMRES solver converged in 12 iterations (avg. reduction factor: 2.039e-01)
  Residual norms for GMRES solve
  0 (restart 0) KSP residual norm 2.032398e-01
  1 (restart 0) KSP residual norm 6.292309e-03
  2 (restart 0) KSP residual norm 8.019916e-04
  3 (restart 0) KSP residual norm 1.575433e-04
  4 (restart 0) KSP residual norm 2.810488e-05
  5 (restart 0) KSP residual norm 6.930338e-06
  6 (restart 0) KSP residual norm 1.538952e-06
  7 (restart 0) KSP residual norm 3.807347e-07
  8 (restart 0) KSP residual norm 1.121848e-07
  9 (restart 0) KSP residual norm 3.237463e-08
 10 (restart 0) KSP residual norm 1.005834e-08
 11 (restart 0) KSP residual norm 3.128505e-09
 12 (restart 0) KSP residual norm 9.614906e-10
GMRES solver converged in 12 iterations (avg. reduction factor: 2.024e-01)
  Residual norms for GMRES solve
  0 (restart 0) KSP residual norm 1.551704e-01
  1 (restart 0) KSP residual norm 8.117339e-03
  2 (restart 0) KSP residual norm 9.856382e-04
  3 (restart 0) KSP residual norm 1.672598e-04
  4 (restart 0) KSP residual norm 2.712057e-05
  5 (restart 0) KSP residual norm 6.311882e-06
  6 (restart 0) KSP residual norm 1.397199e-06
  7 (restart 0) KSP residual norm 3.604942e-07
  8 (restart 0) KSP residual norm 1.042712e-07
  9 (restart 0) KSP residual norm 3.349634e-08
 10 (restart 0) KSP residual norm 1.141022e-08
 11 (restart 0) KSP residual norm 3.821792e-09
 12 (restart 0) KSP residual norm 1.116913e-09
GMRES solver converged in 12 iterations (avg. reduction factor: 2.096e-01)
  Residual norms for GMRES solve
  0 (restart 0) KSP residual norm 1.200409e-01
  1 (restart 0) KSP residual norm 5.863722e-03
  2 (restart 0) KSP residual norm 8.025212e-04
  3 (restart 0) KSP residual norm 1.078642e-04
  4 (restart 0) KSP residual norm 2.100113e-05
  5 (restart 0) KSP residual norm 5.362778e-06
  6 (restart 0) KSP residual norm 1.248324e-06
  7 (restart 0) KSP residual norm 3.181948e-07
  8 (restart 0) KSP residual norm 8.748644e-08
  9 (restart 0) KSP residual norm 2.966007e-08
 10 (restart 0) KSP residual norm 9.365995e-09
 11 (restart 0) KSP residual norm 2.789723e-09
 12 (restart 0) KSP residual norm 7.589539e-10
GMRES solver converged in 12 iterations (avg. reduction factor: 2.074e-01)
  Residual norms for GMRES solve
  0 (restart 0) KSP residual norm 1.376532e-01
  1 (restart 0) KSP residual norm 5.523174e-03
  2 (restart 0) KSP residual norm 9.227344e-04
  3 (restart 0) KSP residual norm 1.267895e-04
  4 (restart 0) KSP residual norm 2.483752e-05
  5 (restart 0) KSP residual norm 5.953644e-06
  6 (restart 0) KSP residual norm 1.439338e-06
  7 (restart 0) KSP residual norm 3.559031e-07
  8 (restart 0) KSP residual norm 1.137632e-07
  9 (restart 0) KSP residual norm 4.114445e-08
 10 (restart 0) KSP residual norm 1.278666e-08
 11 (restart 0) KSP residual norm 3.926324e-09
 12 (restart 0) KSP residual norm 1.234481e-09
GMRES solver converged in 12 iterations (avg. reduction factor: 2.135e-01)
  Residual norms for GMRES solve
  0 (restart 0) KSP residual norm 2.059039e-01
  1 (restart 0) KSP residual norm 7.139197e-03
  2 (restart 0) KSP residual norm 9.558770e-04
  3 (restart 0) KSP residual norm 1.676731e-04
  4 (restart 0) KSP residual norm 3.212483e-05
  5 (restart 0) KSP residual norm 8.351619e-06
  6 (restart 0) KSP residual norm 1.882152e-06
  7 (restart 0) KSP residual norm 4.558516e-07
  8 (restart 0) KSP residual norm 1.223241e-07
  9 (restart 0) KSP residual norm 3.461528e-08
 10 (restart 0) KSP residual norm 1.104740e-08
 11 (restart 0) KSP residual norm 3.590998e-09
 12 (restart 0) KSP residual norm 1.015055e-09
GMRES solver converged in 12 iterations (avg. reduction factor: 2.031e-01)
  Residual norms for GMRES solve
  0 (restart 0) KSP residual norm 2.094973e-01
  1 (restart 0) KSP residual norm 7.798330e-03
  2 (restart 0) KSP residual norm 1.077690e-03
  3 (restart 0) KSP residual norm 1.788958e-04
  4 (restart 0) KSP residual norm 3.530208e-05
  5 (restart 0) KSP residual norm 7.237790e-06
  6 (restart 0) KSP residual norm 1.840129e-06
  7 (restart 0) KSP residual norm 4.182711e-07
  8 (restart 0) KSP residual norm 1.335853e-07
  9 (restart 0) KSP residual norm 3.977738e-08
 10 (restart 0) KSP residual norm 1.224049e-08
 11 (restart 0) KSP residual norm 4.172705e-09
 12 (restart 0) KSP residual norm 1.222637e-09
GMRES solver converged in 12 iterations (avg. reduction factor: 2.060e-01)
  Residual norms for GMRES solve
  0 (restart 0) KSP residual norm 1.131250e-01
  1 (restart 0) KSP residual norm 5.802237e-03
  2 (restart 0) KSP residual norm 7.281873e-04
  3 (restart 0) KSP residual norm 1.208614e-04
  4 (restart 0) KSP residual norm 2.048761e-05
  5 (restart 0) KSP residual norm 4.848563e-06
  6 (restart 0) KSP residual norm 1.184204e-06
  7 (restart 0) KSP residual norm 3.100076e-07
  8 (restart 0) KSP residual norm 8.355842e-08
  9 (restart 0) KSP residual norm 2.685678e-08
 10 (restart 0) KSP residual norm 8.542450e-09
 11 (restart 0) KSP residual norm 2.681349e-09
 12 (restart 0) KSP residual norm 7.300445e-10
GMRES solver converged in 12 iterations (avg. reduction factor: 2.077e-01)
  Residual norms for GMRES solve
  0 (restart 0) KSP residual norm 2.284595e-01
  1 (restart 0) KSP residual norm 7.576112e-03
  2 (restart 0) KSP residual norm 1.002140e-03
  3 (restart 0) KSP residual norm 1.900356e-04
  4 (restart 0) KSP residual norm 3.421594e-05
  5 (restart 0) KSP residual norm 7.718392e-06
  6 (restart 0) KSP residual norm 1.928567e-06
  7 (restart 0) KSP residual norm 4.316448e-07
  8 (restart 0) KSP residual norm 1.167543e-07
  9 (restart 0) KSP residual norm 3.400597e-08
 10 (restart 0) KSP residual norm 1.040948e-08
 11 (restart 0) KSP residual norm 3.237228e-09
 12 (restart 0) KSP residual norm 9.602886e-10
GMRES solver converged in 12 iterations (avg. reduction factor: 2.004e-01)
  Residual norms for GMRES solve
  0 (restart 0) KSP residual norm 1.810153e-01
  1 (restart 0) KSP residual norm 9.622572e-03
  2 (restart 0) KSP residual norm 1.101326e-03
  3 (restart 0) KSP residual norm 1.699266e-04
  4 (restart 0) KSP residual norm 3.018451e-05
  5 (restart 0) KSP residual norm 6.599276e-06
  6 (restart 0) KSP residual norm 1.666261e-06
  7 (restart 0) KSP residual norm 4.119173e-07
  8 (restart 0) KSP residual norm 1.261217e-07
  9 (restart 0) KSP residual norm 4.256886e-08
 10 (restart 0) KSP residual norm 1.423458e-08
 11 (restart 0) KSP residual norm 4.450987e-09
 12 (restart 0) KSP residual norm 1.270412e-09
GMRES solver converged in 12 iterations (avg. reduction factor: 2.092e-01)
  1 EPS nconv=7 first unconverged value (error) 0.00336889+7.74637e-08i (2.99983255e-08)
  Residual norms for GMRES solve
  0 (restart 0) KSP residual norm 1.048364e-01
  1 (restart 0) KSP residual norm 4.661990e-03
  2 (restart 0) KSP residual norm 6.496473e-04
  3 (restart 0) KSP residual norm 1.134898e-04
  4 (restart 0) KSP residual norm 2.125191e-05
  5 (restart 0) KSP residual norm 5.344541e-06
  6 (restart 0) KSP residual norm 1.173503e-06
  7 (restart 0) KSP residual norm 2.902149e-07
  8 (restart 0) KSP residual norm 8.156471e-08
  9 (restart 0) KSP residual norm 2.430469e-08
 10 (restart 0) KSP residual norm 7.110148e-09
 11 (restart 0) KSP residual norm 2.263981e-09
 12 (restart 0) KSP residual norm 6.996126e-10
GMRES solver converged in 12 iterations (avg. reduction factor: 2.083e-01)
  Residual norms for GMRES solve
  0 (restart 0) KSP residual norm 5.534766e-01
  1 (restart 0) KSP residual norm 2.969506e-02
  2 (restart 0) KSP residual norm 3.308684e-03
  3 (restart 0) KSP residual norm 2.704642e-04
  4 (restart 0) KSP residual norm 6.023214e-05
  5 (restart 0) KSP residual norm 1.123278e-05
  6 (restart 0) KSP residual norm 3.135811e-06
  7 (restart 0) KSP residual norm 6.575382e-07
  8 (restart 0) KSP residual norm 1.848362e-07
  9 (restart 0) KSP residual norm 5.989538e-08
 10 (restart 0) KSP residual norm 1.951808e-08
 11 (restart 0) KSP residual norm 6.119522e-09
 12 (restart 0) KSP residual norm 1.774037e-09
GMRES solver converged in 12 iterations (avg. reduction factor: 1.960e-01)
  Residual norms for GMRES solve
  0 (restart 0) KSP residual norm 5.685704e-01
  1 (restart 0) KSP residual norm 2.779121e-02
  2 (restart 0) KSP residual norm 3.284457e-03
  3 (restart 0) KSP residual norm 2.452874e-04
  4 (restart 0) KSP residual norm 6.326751e-05
  5 (restart 0) KSP residual norm 1.206068e-05
  6 (restart 0) KSP residual norm 3.322715e-06
  7 (restart 0) KSP residual norm 7.126457e-07
  8 (restart 0) KSP residual norm 2.156670e-07
  9 (restart 0) KSP residual norm 7.337284e-08
 10 (restart 0) KSP residual norm 2.305970e-08
 11 (restart 0) KSP residual norm 7.036827e-09
 12 (restart 0) KSP residual norm 2.157143e-09
GMRES solver converged in 12 iterations (avg. reduction factor: 1.987e-01)
  Residual norms for GMRES solve
  0 (restart 0) KSP residual norm 5.574036e-01
  1 (restart 0) KSP residual norm 3.055764e-02
  2 (restart 0) KSP residual norm 2.553420e-03
  3 (restart 0) KSP residual norm 4.005323e-04
  4 (restart 0) KSP residual norm 5.451003e-05
  5 (restart 0) KSP residual norm 1.117447e-05
  6 (restart 0) KSP residual norm 3.132675e-06
  7 (restart 0) KSP residual norm 7.495327e-07
  8 (restart 0) KSP residual norm 2.109042e-07
  9 (restart 0) KSP residual norm 7.089466e-08
 10 (restart 0) KSP residual norm 2.382414e-08
 11 (restart 0) KSP residual norm 7.088195e-09
 12 (restart 0) KSP residual norm 2.157956e-09
GMRES solver converged in 12 iterations (avg. reduction factor: 1.991e-01)
  Residual norms for GMRES solve
  0 (restart 0) KSP residual norm 5.596561e-01
  1 (restart 0) KSP residual norm 2.523940e-02
  2 (restart 0) KSP residual norm 2.852253e-03
  3 (restart 0) KSP residual norm 2.221873e-04
  4 (restart 0) KSP residual norm 6.830966e-05
  5 (restart 0) KSP residual norm 1.084537e-05
  6 (restart 0) KSP residual norm 2.700820e-06
  7 (restart 0) KSP residual norm 6.460605e-07
  8 (restart 0) KSP residual norm 1.824522e-07
  9 (restart 0) KSP residual norm 5.841366e-08
 10 (restart 0) KSP residual norm 1.911360e-08
 11 (restart 0) KSP residual norm 6.407696e-09
 12 (restart 0) KSP residual norm 1.882791e-09
GMRES solver converged in 12 iterations (avg. reduction factor: 1.967e-01)
  Residual norms for GMRES solve
  0 (restart 0) KSP residual norm 4.972027e-01
  1 (restart 0) KSP residual norm 3.256629e-02
  2 (restart 0) KSP residual norm 2.396500e-03
  3 (restart 0) KSP residual norm 3.578680e-04
  4 (restart 0) KSP residual norm 4.616776e-05
  5 (restart 0) KSP residual norm 1.131622e-05
  6 (restart 0) KSP residual norm 2.871624e-06
  7 (restart 0) KSP residual norm 6.964899e-07
  8 (restart 0) KSP residual norm 1.806158e-07
  9 (restart 0) KSP residual norm 5.223311e-08
 10 (restart 0) KSP residual norm 1.669857e-08
 11 (restart 0) KSP residual norm 5.443761e-09
 12 (restart 0) KSP residual norm 1.579784e-09
GMRES solver converged in 12 iterations (avg. reduction factor: 1.958e-01)
  Residual norms for GMRES solve
  0 (restart 0) KSP residual norm 3.223702e-01
  1 (restart 0) KSP residual norm 2.327063e-02
  2 (restart 0) KSP residual norm 1.394514e-03
  3 (restart 0) KSP residual norm 2.002238e-04
  4 (restart 0) KSP residual norm 3.990179e-05
  5 (restart 0) KSP residual norm 7.404480e-06
  6 (restart 0) KSP residual norm 2.025045e-06
  7 (restart 0) KSP residual norm 4.577496e-07
  8 (restart 0) KSP residual norm 1.609745e-07
  9 (restart 0) KSP residual norm 4.816786e-08
 10 (restart 0) KSP residual norm 1.533235e-08
 11 (restart 0) KSP residual norm 4.659143e-09
 12 (restart 0) KSP residual norm 1.296067e-09
GMRES solver converged in 12 iterations (avg. reduction factor: 1.997e-01)
  Residual norms for GMRES solve
  0 (restart 0) KSP residual norm 3.650210e-01
  1 (restart 0) KSP residual norm 1.419905e-02
  2 (restart 0) KSP residual norm 1.130598e-03
  3 (restart 0) KSP residual norm 1.864606e-04
  4 (restart 0) KSP residual norm 3.267046e-05
  5 (restart 0) KSP residual norm 6.753393e-06
  6 (restart 0) KSP residual norm 1.543055e-06
  7 (restart 0) KSP residual norm 3.677025e-07
  8 (restart 0) KSP residual norm 1.153917e-07
  9 (restart 0) KSP residual norm 3.454998e-08
 10 (restart 0) KSP residual norm 1.114333e-08
 11 (restart 0) KSP residual norm 3.481501e-09
GMRES solver converged in 11 iterations (avg. reduction factor: 1.866e-01)
  Residual norms for GMRES solve
  0 (restart 0) KSP residual norm 3.557693e-01
  1 (restart 0) KSP residual norm 1.941992e-02
  2 (restart 0) KSP residual norm 1.820276e-03
  3 (restart 0) KSP residual norm 2.084701e-04
  4 (restart 0) KSP residual norm 4.188247e-05
  5 (restart 0) KSP residual norm 7.742439e-06
  6 (restart 0) KSP residual norm 2.078752e-06
  7 (restart 0) KSP residual norm 5.099437e-07
  8 (restart 0) KSP residual norm 1.281865e-07
  9 (restart 0) KSP residual norm 4.133203e-08
 10 (restart 0) KSP residual norm 1.260968e-08
 11 (restart 0) KSP residual norm 3.814375e-09
 12 (restart 0) KSP residual norm 1.149929e-09
GMRES solver converged in 12 iterations (avg. reduction factor: 1.961e-01)
  Residual norms for GMRES solve
  0 (restart 0) KSP residual norm 4.164526e-01
  1 (restart 0) KSP residual norm 1.165027e-02
  2 (restart 0) KSP residual norm 1.325336e-03
  3 (restart 0) KSP residual norm 1.516647e-04
  4 (restart 0) KSP residual norm 4.026495e-05
  5 (restart 0) KSP residual norm 7.620882e-06
  6 (restart 0) KSP residual norm 1.585345e-06
  7 (restart 0) KSP residual norm 4.339542e-07
  8 (restart 0) KSP residual norm 1.165385e-07
  9 (restart 0) KSP residual norm 4.155847e-08
 10 (restart 0) KSP residual norm 1.266127e-08
 11 (restart 0) KSP residual norm 3.537263e-09
GMRES solver converged in 11 iterations (avg. reduction factor: 1.846e-01)
  Residual norms for GMRES solve
  0 (restart 0) KSP residual norm 2.569669e-01
  1 (restart 0) KSP residual norm 1.527405e-02
  2 (restart 0) KSP residual norm 1.671164e-03
  3 (restart 0) KSP residual norm 1.969908e-04
  4 (restart 0) KSP residual norm 3.412533e-05
  5 (restart 0) KSP residual norm 7.374260e-06
  6 (restart 0) KSP residual norm 1.645264e-06
  7 (restart 0) KSP residual norm 3.983812e-07
  8 (restart 0) KSP residual norm 1.112662e-07
  9 (restart 0) KSP residual norm 3.582782e-08
 10 (restart 0) KSP residual norm 1.137050e-08
 11 (restart 0) KSP residual norm 3.639274e-09
 12 (restart 0) KSP residual norm 1.081575e-09
GMRES solver converged in 12 iterations (avg. reduction factor: 2.005e-01)
  Residual norms for GMRES solve
  0 (restart 0) KSP residual norm 6.638846e-01
  1 (restart 0) KSP residual norm 2.351622e-02
  2 (restart 0) KSP residual norm 2.475116e-03
  3 (restart 0) KSP residual norm 2.889531e-04
  4 (restart 0) KSP residual norm 5.806227e-05
  5 (restart 0) KSP residual norm 1.139675e-05
  6 (restart 0) KSP residual norm 2.978216e-06
  7 (restart 0) KSP residual norm 7.332203e-07
  8 (restart 0) KSP residual norm 2.284559e-07
  9 (restart 0) KSP residual norm 7.646495e-08
 10 (restart 0) KSP residual norm 2.577709e-08
 11 (restart 0) KSP residual norm 7.667790e-09
 12 (restart 0) KSP residual norm 2.340444e-09
GMRES solver converged in 12 iterations (avg. reduction factor: 1.975e-01)
  Residual norms for GMRES solve
  0 (restart 0) KSP residual norm 4.864309e-01
  1 (restart 0) KSP residual norm 2.481816e-02
  2 (restart 0) KSP residual norm 2.037085e-03
  3 (restart 0) KSP residual norm 3.049055e-04
  4 (restart 0) KSP residual norm 4.569542e-05
  5 (restart 0) KSP residual norm 9.278281e-06
  6 (restart 0) KSP residual norm 2.574007e-06
  7 (restart 0) KSP residual norm 5.762308e-07
  8 (restart 0) KSP residual norm 1.773257e-07
  9 (restart 0) KSP residual norm 5.916075e-08
 10 (restart 0) KSP residual norm 1.997952e-08
 11 (restart 0) KSP residual norm 6.031502e-09
 12 (restart 0) KSP residual norm 1.844671e-09
GMRES solver converged in 12 iterations (avg. reduction factor: 1.987e-01)
  Residual norms for GMRES solve
  0 (restart 0) KSP residual norm 2.452589e-01
  1 (restart 0) KSP residual norm 1.655020e-02
  2 (restart 0) KSP residual norm 1.477184e-03
  3 (restart 0) KSP residual norm 1.993379e-04
  4 (restart 0) KSP residual norm 3.202817e-05
  5 (restart 0) KSP residual norm 7.325864e-06
  6 (restart 0) KSP residual norm 1.533416e-06
  7 (restart 0) KSP residual norm 4.125716e-07
  8 (restart 0) KSP residual norm 1.141002e-07
  9 (restart 0) KSP residual norm 3.480178e-08
 10 (restart 0) KSP residual norm 1.176277e-08
 11 (restart 0) KSP residual norm 3.830120e-09
 12 (restart 0) KSP residual norm 1.093157e-09
GMRES solver converged in 12 iterations (avg. reduction factor: 2.014e-01)
  Residual norms for GMRES solve
  0 (restart 0) KSP residual norm 4.530042e-01
  1 (restart 0) KSP residual norm 1.011884e-02
  2 (restart 0) KSP residual norm 1.451316e-03
  3 (restart 0) KSP residual norm 1.864822e-04
  4 (restart 0) KSP residual norm 4.566065e-05
  5 (restart 0) KSP residual norm 7.877510e-06
  6 (restart 0) KSP residual norm 1.753661e-06
  7 (restart 0) KSP residual norm 4.151129e-07
  8 (restart 0) KSP residual norm 1.017594e-07
  9 (restart 0) KSP residual norm 3.024221e-08
 10 (restart 0) KSP residual norm 1.055149e-08
 11 (restart 0) KSP residual norm 3.696519e-09
GMRES solver converged in 11 iterations (avg. reduction factor: 1.839e-01)
  Residual norms for GMRES solve
  0 (restart 0) KSP residual norm 5.774792e-01
  1 (restart 0) KSP residual norm 1.224537e-02
  2 (restart 0) KSP residual norm 1.489503e-03
  3 (restart 0) KSP residual norm 2.225967e-04
  4 (restart 0) KSP residual norm 4.988907e-05
  5 (restart 0) KSP residual norm 9.491673e-06
  6 (restart 0) KSP residual norm 2.105610e-06
  7 (restart 0) KSP residual norm 5.088125e-07
  8 (restart 0) KSP residual norm 1.151479e-07
  9 (restart 0) KSP residual norm 3.354549e-08
 10 (restart 0) KSP residual norm 1.139481e-08
 11 (restart 0) KSP residual norm 3.993201e-09
GMRES solver converged in 11 iterations (avg. reduction factor: 1.812e-01)
  Residual norms for GMRES solve
  0 (restart 0) KSP residual norm 1.355674e-01
  1 (restart 0) KSP residual norm 6.630987e-03
  2 (restart 0) KSP residual norm 1.096274e-03
  3 (restart 0) KSP residual norm 1.270267e-04
  4 (restart 0) KSP residual norm 2.724952e-05
  5 (restart 0) KSP residual norm 5.474596e-06
  6 (restart 0) KSP residual norm 1.288968e-06
  7 (restart 0) KSP residual norm 3.307411e-07
  8 (restart 0) KSP residual norm 7.886151e-08
  9 (restart 0) KSP residual norm 2.622792e-08
 10 (restart 0) KSP residual norm 8.220049e-09
 11 (restart 0) KSP residual norm 2.628701e-09
 12 (restart 0) KSP residual norm 8.244408e-10
GMRES solver converged in 12 iterations (avg. reduction factor: 2.067e-01)
  Residual norms for GMRES solve
  0 (restart 0) KSP residual norm 1.186751e-01
  1 (restart 0) KSP residual norm 4.511369e-03
  2 (restart 0) KSP residual norm 7.255075e-04
  3 (restart 0) KSP residual norm 1.361229e-04
  4 (restart 0) KSP residual norm 2.487892e-05
  5 (restart 0) KSP residual norm 5.443717e-06
  6 (restart 0) KSP residual norm 1.233361e-06
  7 (restart 0) KSP residual norm 2.847199e-07
  8 (restart 0) KSP residual norm 8.430713e-08
  9 (restart 0) KSP residual norm 2.272681e-08
 10 (restart 0) KSP residual norm 7.901439e-09
 11 (restart 0) KSP residual norm 2.865373e-09
 12 (restart 0) KSP residual norm 8.498263e-10
GMRES solver converged in 12 iterations (avg. reduction factor: 2.095e-01)
  Residual norms for GMRES solve
  0 (restart 0) KSP residual norm 1.234477e-01
  1 (restart 0) KSP residual norm 7.325241e-03
  2 (restart 0) KSP residual norm 8.818776e-04
  3 (restart 0) KSP residual norm 1.345667e-04
  4 (restart 0) KSP residual norm 2.539457e-05
  5 (restart 0) KSP residual norm 5.410391e-06
  6 (restart 0) KSP residual norm 1.377373e-06
  7 (restart 0) KSP residual norm 2.868788e-07
  8 (restart 0) KSP residual norm 7.326838e-08
  9 (restart 0) KSP residual norm 2.359627e-08
 10 (restart 0) KSP residual norm 7.919028e-09
 11 (restart 0) KSP residual norm 2.722386e-09
 12 (restart 0) KSP residual norm 8.524661e-10
GMRES solver converged in 12 iterations (avg. reduction factor: 2.089e-01)
  Residual norms for GMRES solve
  0 (restart 0) KSP residual norm 1.561613e-01
  1 (restart 0) KSP residual norm 1.131542e-02
  2 (restart 0) KSP residual norm 8.706039e-04
  3 (restart 0) KSP residual norm 1.566644e-04
  4 (restart 0) KSP residual norm 2.309516e-05
  5 (restart 0) KSP residual norm 6.327496e-06
  6 (restart 0) KSP residual norm 1.405825e-06
  7 (restart 0) KSP residual norm 3.458772e-07
  8 (restart 0) KSP residual norm 9.042886e-08
  9 (restart 0) KSP residual norm 2.535767e-08
 10 (restart 0) KSP residual norm 8.026701e-09
 11 (restart 0) KSP residual norm 2.689929e-09
 12 (restart 0) KSP residual norm 7.619408e-10
GMRES solver converged in 12 iterations (avg. reduction factor: 2.029e-01)
  Residual norms for GMRES solve
  0 (restart 0) KSP residual norm 4.674627e-01
  1 (restart 0) KSP residual norm 3.167132e-02
  2 (restart 0) KSP residual norm 1.614450e-03
  3 (restart 0) KSP residual norm 1.973914e-04
  4 (restart 0) KSP residual norm 4.109806e-05
  5 (restart 0) KSP residual norm 7.963482e-06
  6 (restart 0) KSP residual norm 2.442448e-06
  7 (restart 0) KSP residual norm 5.182266e-07
  8 (restart 0) KSP residual norm 1.429210e-07
  9 (restart 0) KSP residual norm 4.455144e-08
 10 (restart 0) KSP residual norm 1.434562e-08
 11 (restart 0) KSP residual norm 4.585571e-09
GMRES solver converged in 11 iterations (avg. reduction factor: 1.871e-01)
  2 EPS nconv=11 first unconverged value (error) 0.00356255+2.86168e-09i (1.98834966e-08)
  Residual norms for GMRES solve
  0 (restart 0) KSP residual norm 2.903033e-01
  1 (restart 0) KSP residual norm 1.914949e-02
  2 (restart 0) KSP residual norm 1.159739e-03
  3 (restart 0) KSP residual norm 1.418936e-04
  4 (restart 0) KSP residual norm 3.237965e-05
  5 (restart 0) KSP residual norm 6.653505e-06
  6 (restart 0) KSP residual norm 1.794868e-06
  7 (restart 0) KSP residual norm 4.316758e-07
  8 (restart 0) KSP residual norm 1.153567e-07
  9 (restart 0) KSP residual norm 3.532911e-08
 10 (restart 0) KSP residual norm 1.066295e-08
 11 (restart 0) KSP residual norm 3.265962e-09
 12 (restart 0) KSP residual norm 9.150250e-10
GMRES solver converged in 12 iterations (avg. reduction factor: 1.957e-01)
  Residual norms for GMRES solve
  0 (restart 0) KSP residual norm 4.687419e-01
  1 (restart 0) KSP residual norm 3.482903e-02
  2 (restart 0) KSP residual norm 2.131864e-03
  3 (restart 0) KSP residual norm 3.086857e-04
  4 (restart 0) KSP residual norm 4.355108e-05
  5 (restart 0) KSP residual norm 1.063151e-05
  6 (restart 0) KSP residual norm 2.613335e-06
  7 (restart 0) KSP residual norm 5.964759e-07
  8 (restart 0) KSP residual norm 1.676804e-07
  9 (restart 0) KSP residual norm 4.990184e-08
 10 (restart 0) KSP residual norm 1.681789e-08
 11 (restart 0) KSP residual norm 5.402540e-09
 12 (restart 0) KSP residual norm 1.505985e-09
GMRES solver converged in 12 iterations (avg. reduction factor: 1.960e-01)
  Residual norms for GMRES solve
  0 (restart 0) KSP residual norm 6.377650e-01
  1 (restart 0) KSP residual norm 3.178157e-02
  2 (restart 0) KSP residual norm 1.804820e-03
  3 (restart 0) KSP residual norm 2.409211e-04
  4 (restart 0) KSP residual norm 6.023442e-05
  5 (restart 0) KSP residual norm 1.211148e-05
  6 (restart 0) KSP residual norm 2.952691e-06
  7 (restart 0) KSP residual norm 6.595351e-07
  8 (restart 0) KSP residual norm 1.793538e-07
  9 (restart 0) KSP residual norm 5.795406e-08
 10 (restart 0) KSP residual norm 2.069364e-08
 11 (restart 0) KSP residual norm 6.257597e-09
GMRES solver converged in 11 iterations (avg. reduction factor: 1.871e-01)
  Residual norms for GMRES solve
  0 (restart 0) KSP residual norm 4.807080e-01
  1 (restart 0) KSP residual norm 3.464312e-02
  2 (restart 0) KSP residual norm 3.191615e-03
  3 (restart 0) KSP residual norm 2.779538e-04
  4 (restart 0) KSP residual norm 4.933290e-05
  5 (restart 0) KSP residual norm 9.671631e-06
  6 (restart 0) KSP residual norm 2.752405e-06
  7 (restart 0) KSP residual norm 6.889166e-07
  8 (restart 0) KSP residual norm 2.018372e-07
  9 (restart 0) KSP residual norm 5.858482e-08
 10 (restart 0) KSP residual norm 1.879457e-08
 11 (restart 0) KSP residual norm 5.419823e-09
 12 (restart 0) KSP residual norm 1.629424e-09
GMRES solver converged in 12 iterations (avg. reduction factor: 1.969e-01)
  Residual norms for GMRES solve
  0 (restart 0) KSP residual norm 7.369808e-01
  1 (restart 0) KSP residual norm 3.658914e-02
  2 (restart 0) KSP residual norm 1.950084e-03
  3 (restart 0) KSP residual norm 2.586059e-04
  4 (restart 0) KSP residual norm 6.944781e-05
  5 (restart 0) KSP residual norm 1.306203e-05
  6 (restart 0) KSP residual norm 3.297305e-06
  7 (restart 0) KSP residual norm 7.446819e-07
  8 (restart 0) KSP residual norm 2.230274e-07
  9 (restart 0) KSP residual norm 7.160502e-08
 10 (restart 0) KSP residual norm 2.252058e-08
 11 (restart 0) KSP residual norm 7.542195e-09
 12 (restart 0) KSP residual norm 2.227849e-09
GMRES solver converged in 12 iterations (avg. reduction factor: 1.950e-01)
  Residual norms for GMRES solve
  0 (restart 0) KSP residual norm 2.499974e-01
  1 (restart 0) KSP residual norm 1.352131e-02
  2 (restart 0) KSP residual norm 1.873106e-03
  3 (restart 0) KSP residual norm 2.028834e-04
  4 (restart 0) KSP residual norm 3.463533e-05
  5 (restart 0) KSP residual norm 7.034618e-06
  6 (restart 0) KSP residual norm 1.697031e-06
  7 (restart 0) KSP residual norm 3.773601e-07
  8 (restart 0) KSP residual norm 1.047643e-07
  9 (restart 0) KSP residual norm 3.461295e-08
 10 (restart 0) KSP residual norm 1.025521e-08
 11 (restart 0) KSP residual norm 3.466791e-09
 12 (restart 0) KSP residual norm 1.065976e-09
GMRES solver converged in 12 iterations (avg. reduction factor: 2.007e-01)
  Residual norms for GMRES solve
  0 (restart 0) KSP residual norm 4.773352e-01
  1 (restart 0) KSP residual norm 1.322915e-02
  2 (restart 0) KSP residual norm 1.140314e-03
  3 (restart 0) KSP residual norm 1.360524e-04
  4 (restart 0) KSP residual norm 3.868107e-05
  5 (restart 0) KSP residual norm 7.626357e-06
  6 (restart 0) KSP residual norm 1.702036e-06
  7 (restart 0) KSP residual norm 4.568558e-07
  8 (restart 0) KSP residual norm 1.215998e-07
  9 (restart 0) KSP residual norm 3.887442e-08
 10 (restart 0) KSP residual norm 1.261541e-08
 11 (restart 0) KSP residual norm 3.289621e-09
GMRES solver converged in 11 iterations (avg. reduction factor: 1.811e-01)
  Residual norms for GMRES solve
  0 (restart 0) KSP residual norm 2.154899e-01
  1 (restart 0) KSP residual norm 8.462626e-03
  2 (restart 0) KSP residual norm 1.413478e-03
  3 (restart 0) KSP residual norm 1.282914e-04
  4 (restart 0) KSP residual norm 3.013605e-05
  5 (restart 0) KSP residual norm 5.771637e-06
  6 (restart 0) KSP residual norm 1.439593e-06
  7 (restart 0) KSP residual norm 3.756690e-07
  8 (restart 0) KSP residual norm 1.065816e-07
  9 (restart 0) KSP residual norm 3.846401e-08
 10 (restart 0) KSP residual norm 1.263971e-08
 11 (restart 0) KSP residual norm 3.507029e-09
 12 (restart 0) KSP residual norm 1.058154e-09
GMRES solver converged in 12 iterations (avg. reduction factor: 2.030e-01)
  Residual norms for GMRES solve
  0 (restart 0) KSP residual norm 3.595098e-01
  1 (restart 0) KSP residual norm 6.516473e-03
  2 (restart 0) KSP residual norm 1.161693e-03
  3 (restart 0) KSP residual norm 9.798950e-05
  4 (restart 0) KSP residual norm 2.719339e-05
  5 (restart 0) KSP residual norm 5.781829e-06
  6 (restart 0) KSP residual norm 1.255328e-06
  7 (restart 0) KSP residual norm 3.146029e-07
  8 (restart 0) KSP residual norm 8.727557e-08
  9 (restart 0) KSP residual norm 2.726684e-08
 10 (restart 0) KSP residual norm 9.644658e-09
 11 (restart 0) KSP residual norm 3.095205e-09
GMRES solver converged in 11 iterations (avg. reduction factor: 1.848e-01)
  Residual norms for GMRES solve
  0 (restart 0) KSP residual norm 1.906990e-01
  1 (restart 0) KSP residual norm 5.014525e-03
  2 (restart 0) KSP residual norm 8.586264e-04
  3 (restart 0) KSP residual norm 1.212368e-04
  4 (restart 0) KSP residual norm 2.642477e-05
  5 (restart 0) KSP residual norm 6.006375e-06
  6 (restart 0) KSP residual norm 1.413194e-06
  7 (restart 0) KSP residual norm 3.659016e-07
  8 (restart 0) KSP residual norm 1.146191e-07
  9 (restart 0) KSP residual norm 3.845408e-08
 10 (restart 0) KSP residual norm 1.193265e-08
 11 (restart 0) KSP residual norm 3.955232e-09
 12 (restart 0) KSP residual norm 1.189680e-09
GMRES solver converged in 12 iterations (avg. reduction factor: 2.071e-01)
  Residual norms for GMRES solve
  0 (restart 0) KSP residual norm 3.427598e-01
  1 (restart 0) KSP residual norm 1.596521e-02
  2 (restart 0) KSP residual norm 1.145842e-03
  3 (restart 0) KSP residual norm 1.759076e-04
  4 (restart 0) KSP residual norm 3.559379e-05
  5 (restart 0) KSP residual norm 7.602375e-06
  6 (restart 0) KSP residual norm 1.965292e-06
  7 (restart 0) KSP residual norm 4.147567e-07
  8 (restart 0) KSP residual norm 1.118112e-07
  9 (restart 0) KSP residual norm 3.618825e-08
 10 (restart 0) KSP residual norm 1.037392e-08
 11 (restart 0) KSP residual norm 3.103527e-09
GMRES solver converged in 11 iterations (avg. reduction factor: 1.857e-01)
  Residual norms for GMRES solve
  0 (restart 0) KSP residual norm 6.630822e-01
  1 (restart 0) KSP residual norm 1.802671e-02
  2 (restart 0) KSP residual norm 2.062167e-03
  3 (restart 0) KSP residual norm 2.316002e-04
  4 (restart 0) KSP residual norm 5.723050e-05
  5 (restart 0) KSP residual norm 1.048261e-05
  6 (restart 0) KSP residual norm 2.827417e-06
  7 (restart 0) KSP residual norm 6.936314e-07
  8 (restart 0) KSP residual norm 2.252211e-07
  9 (restart 0) KSP residual norm 7.987953e-08
 10 (restart 0) KSP residual norm 2.450633e-08
 11 (restart 0) KSP residual norm 7.515937e-09
 12 (restart 0) KSP residual norm 2.527025e-09
GMRES solver converged in 12 iterations (avg. reduction factor: 1.988e-01)
  Residual norms for GMRES solve
  0 (restart 0) KSP residual norm 4.104171e-01
  1 (restart 0) KSP residual norm 1.599619e-02
  2 (restart 0) KSP residual norm 1.443548e-03
  3 (restart 0) KSP residual norm 1.798970e-04
  4 (restart 0) KSP residual norm 4.461399e-05
  5 (restart 0) KSP residual norm 8.264407e-06
  6 (restart 0) KSP residual norm 2.113767e-06
  7 (restart 0) KSP residual norm 4.694510e-07
  8 (restart 0) KSP residual norm 1.319170e-07
  9 (restart 0) KSP residual norm 4.263157e-08
 10 (restart 0) KSP residual norm 1.376115e-08
 11 (restart 0) KSP residual norm 4.459231e-09
 12 (restart 0) KSP residual norm 1.378173e-09
GMRES solver converged in 12 iterations (avg. reduction factor: 1.967e-01)
  Residual norms for GMRES solve
  0 (restart 0) KSP residual norm 3.930292e-01
  1 (restart 0) KSP residual norm 1.006472e-02
  2 (restart 0) KSP residual norm 1.816513e-03
  3 (restart 0) KSP residual norm 1.880599e-04
  4 (restart 0) KSP residual norm 4.301048e-05
  5 (restart 0) KSP residual norm 7.522673e-06
  6 (restart 0) KSP residual norm 1.775080e-06
  7 (restart 0) KSP residual norm 4.663826e-07
  8 (restart 0) KSP residual norm 1.194326e-07
  9 (restart 0) KSP residual norm 3.693130e-08
 10 (restart 0) KSP residual norm 1.333641e-08
 11 (restart 0) KSP residual norm 4.319613e-09
 12 (restart 0) KSP residual norm 1.262530e-09
GMRES solver converged in 12 iterations (avg. reduction factor: 1.960e-01)
  Residual norms for GMRES solve
  0 (restart 0) KSP residual norm 6.213379e-01
  1 (restart 0) KSP residual norm 1.382485e-02
  2 (restart 0) KSP residual norm 1.937862e-03
  3 (restart 0) KSP residual norm 2.130445e-04
  4 (restart 0) KSP residual norm 5.731349e-05
  5 (restart 0) KSP residual norm 1.018047e-05
  6 (restart 0) KSP residual norm 2.305724e-06
  7 (restart 0) KSP residual norm 5.278195e-07
  8 (restart 0) KSP residual norm 1.261992e-07
  9 (restart 0) KSP residual norm 3.330036e-08
 10 (restart 0) KSP residual norm 1.061187e-08
 11 (restart 0) KSP residual norm 3.634461e-09
GMRES solver converged in 11 iterations (avg. reduction factor: 1.785e-01)
  Residual norms for GMRES solve
  0 (restart 0) KSP residual norm 1.139136e-01
  1 (restart 0) KSP residual norm 6.150402e-03
  2 (restart 0) KSP residual norm 9.148588e-04
  3 (restart 0) KSP residual norm 1.341066e-04
  4 (restart 0) KSP residual norm 2.752135e-05
  5 (restart 0) KSP residual norm 6.349562e-06
  6 (restart 0) KSP residual norm 1.311726e-06
  7 (restart 0) KSP residual norm 3.226543e-07
  8 (restart 0) KSP residual norm 8.119845e-08
  9 (restart 0) KSP residual norm 2.210949e-08
 10 (restart 0) KSP residual norm 6.888812e-09
 11 (restart 0) KSP residual norm 2.307439e-09
 12 (restart 0) KSP residual norm 7.271390e-10
GMRES solver converged in 12 iterations (avg. reduction factor: 2.075e-01)
  Residual norms for GMRES solve
  0 (restart 0) KSP residual norm 1.703590e-01
  1 (restart 0) KSP residual norm 1.020751e-02
  2 (restart 0) KSP residual norm 8.222201e-04
  3 (restart 0) KSP residual norm 1.118450e-04
  4 (restart 0) KSP residual norm 2.054823e-05
  5 (restart 0) KSP residual norm 4.927797e-06
  6 (restart 0) KSP residual norm 1.412153e-06
  7 (restart 0) KSP residual norm 3.426821e-07
  8 (restart 0) KSP residual norm 8.490100e-08
  9 (restart 0) KSP residual norm 2.671127e-08
 10 (restart 0) KSP residual norm 8.608460e-09
 11 (restart 0) KSP residual norm 2.728983e-09
 12 (restart 0) KSP residual norm 7.724601e-10
GMRES solver converged in 12 iterations (avg. reduction factor: 2.017e-01)
  Residual norms for GMRES solve
  0 (restart 0) KSP residual norm 3.751111e-01
  1 (restart 0) KSP residual norm 2.773927e-02
  2 (restart 0) KSP residual norm 1.369982e-03
  3 (restart 0) KSP residual norm 1.439830e-04
  4 (restart 0) KSP residual norm 3.290120e-05
  5 (restart 0) KSP residual norm 6.440322e-06
  6 (restart 0) KSP residual norm 1.888211e-06
  7 (restart 0) KSP residual norm 4.862967e-07
  8 (restart 0) KSP residual norm 1.456017e-07
  9 (restart 0) KSP residual norm 4.572421e-08
 10 (restart 0) KSP residual norm 1.510737e-08
 11 (restart 0) KSP residual norm 4.467145e-09
 12 (restart 0) KSP residual norm 1.243083e-09
GMRES solver converged in 12 iterations (avg. reduction factor: 1.965e-01)
  Residual norms for GMRES solve
  0 (restart 0) KSP residual norm 4.225108e-01
  1 (restart 0) KSP residual norm 2.598382e-02
  2 (restart 0) KSP residual norm 1.403570e-03
  3 (restart 0) KSP residual norm 1.832210e-04
  4 (restart 0) KSP residual norm 4.025192e-05
  5 (restart 0) KSP residual norm 7.840931e-06
  6 (restart 0) KSP residual norm 2.249762e-06
  7 (restart 0) KSP residual norm 4.989113e-07
  8 (restart 0) KSP residual norm 1.369985e-07
  9 (restart 0) KSP residual norm 4.316749e-08
 10 (restart 0) KSP residual norm 1.378912e-08
 11 (restart 0) KSP residual norm 4.357675e-09
 12 (restart 0) KSP residual norm 1.221888e-09
GMRES solver converged in 12 iterations (avg. reduction factor: 1.943e-01)
  3 EPS nconv=21 first unconverged value (error) 0.00435763+1.77638e-10i (1.26727844e-07)
  Residual norms for GMRES solve
  0 (restart 0) KSP residual norm 9.131651e-02
  1 (restart 0) KSP residual norm 5.667285e-03
  2 (restart 0) KSP residual norm 5.950482e-04
  3 (restart 0) KSP residual norm 1.187381e-04
  4 (restart 0) KSP residual norm 1.906407e-05
  5 (restart 0) KSP residual norm 5.326654e-06
  6 (restart 0) KSP residual norm 1.205691e-06
  7 (restart 0) KSP residual norm 2.863445e-07
  8 (restart 0) KSP residual norm 8.574365e-08
  9 (restart 0) KSP residual norm 2.866063e-08
 10 (restart 0) KSP residual norm 1.009437e-08
 11 (restart 0) KSP residual norm 3.119316e-09
 12 (restart 0) KSP residual norm 8.295305e-10
GMRES solver converged in 12 iterations (avg. reduction factor: 2.137e-01)
  Residual norms for GMRES solve
  0 (restart 0) KSP residual norm 4.830388e-01
  1 (restart 0) KSP residual norm 4.701108e-02
  2 (restart 0) KSP residual norm 2.492125e-03
  3 (restart 0) KSP residual norm 3.447193e-04
  4 (restart 0) KSP residual norm 4.648322e-05
  5 (restart 0) KSP residual norm 1.012043e-05
  6 (restart 0) KSP residual norm 2.906482e-06
  7 (restart 0) KSP residual norm 6.446074e-07
  8 (restart 0) KSP residual norm 2.168431e-07
  9 (restart 0) KSP residual norm 7.087131e-08
 10 (restart 0) KSP residual norm 2.278326e-08
 11 (restart 0) KSP residual norm 6.869401e-09
 12 (restart 0) KSP residual norm 2.057927e-09
GMRES solver converged in 12 iterations (avg. reduction factor: 2.007e-01)
  Residual norms for GMRES solve
  0 (restart 0) KSP residual norm 6.611996e-01
  1 (restart 0) KSP residual norm 1.812451e-02
  2 (restart 0) KSP residual norm 1.736251e-03
  3 (restart 0) KSP residual norm 2.035237e-04
  4 (restart 0) KSP residual norm 5.821405e-05
  5 (restart 0) KSP residual norm 1.025269e-05
  6 (restart 0) KSP residual norm 2.730342e-06
  7 (restart 0) KSP residual norm 6.327367e-07
  8 (restart 0) KSP residual norm 1.949536e-07
  9 (restart 0) KSP residual norm 7.249930e-08
 10 (restart 0) KSP residual norm 2.165889e-08
 11 (restart 0) KSP residual norm 6.961041e-09
 12 (restart 0) KSP residual norm 2.165547e-09
GMRES solver converged in 12 iterations (avg. reduction factor: 1.963e-01)
  Residual norms for GMRES solve
  0 (restart 0) KSP residual norm 5.472419e-01
  1 (restart 0) KSP residual norm 4.918104e-02
  2 (restart 0) KSP residual norm 2.583205e-03
  3 (restart 0) KSP residual norm 4.042083e-04
  4 (restart 0) KSP residual norm 5.637325e-05
  5 (restart 0) KSP residual norm 1.252141e-05
  6 (restart 0) KSP residual norm 3.222698e-06
  7 (restart 0) KSP residual norm 7.202665e-07
  8 (restart 0) KSP residual norm 1.966923e-07
  9 (restart 0) KSP residual norm 5.711139e-08
 10 (restart 0) KSP residual norm 1.750495e-08
 11 (restart 0) KSP residual norm 5.095398e-09
GMRES solver converged in 11 iterations (avg. reduction factor: 1.862e-01)
  Residual norms for GMRES solve
  0 (restart 0) KSP residual norm 5.838806e-01
  1 (restart 0) KSP residual norm 1.846755e-02
  2 (restart 0) KSP residual norm 2.662699e-03
  3 (restart 0) KSP residual norm 2.323508e-04
  4 (restart 0) KSP residual norm 6.482569e-05
  5 (restart 0) KSP residual norm 1.126619e-05
  6 (restart 0) KSP residual norm 2.518208e-06
  7 (restart 0) KSP residual norm 6.527077e-07
  8 (restart 0) KSP residual norm 1.817445e-07
  9 (restart 0) KSP residual norm 6.323243e-08
 10 (restart 0) KSP residual norm 2.176215e-08
 11 (restart 0) KSP residual norm 6.561543e-09
 12 (restart 0) KSP residual norm 1.918341e-09
GMRES solver converged in 12 iterations (avg. reduction factor: 1.964e-01)
  Residual norms for GMRES solve
  0 (restart 0) KSP residual norm 4.327359e-01
  1 (restart 0) KSP residual norm 1.113991e-02
  2 (restart 0) KSP residual norm 1.568985e-03
  3 (restart 0) KSP residual norm 2.236737e-04
  4 (restart 0) KSP residual norm 4.435226e-05
  5 (restart 0) KSP residual norm 7.878563e-06
  6 (restart 0) KSP residual norm 1.627029e-06
  7 (restart 0) KSP residual norm 3.898649e-07
  8 (restart 0) KSP residual norm 9.924350e-08
  9 (restart 0) KSP residual norm 3.028410e-08
 10 (restart 0) KSP residual norm 1.009255e-08
 11 (restart 0) KSP residual norm 3.598865e-09
GMRES solver converged in 11 iterations (avg. reduction factor: 1.843e-01)
  Residual norms for GMRES solve
  0 (restart 0) KSP residual norm 5.422723e-01
  1 (restart 0) KSP residual norm 1.437678e-02
  2 (restart 0) KSP residual norm 1.435780e-03
  3 (restart 0) KSP residual norm 2.050430e-04
  4 (restart 0) KSP residual norm 4.634002e-05
  5 (restart 0) KSP residual norm 9.631398e-06
  6 (restart 0) KSP residual norm 2.083891e-06
  7 (restart 0) KSP residual norm 5.348464e-07
  8 (restart 0) KSP residual norm 1.426725e-07
  9 (restart 0) KSP residual norm 4.650440e-08
 10 (restart 0) KSP residual norm 1.515472e-08
 11 (restart 0) KSP residual norm 4.702359e-09
GMRES solver converged in 11 iterations (avg. reduction factor: 1.850e-01)
  Residual norms for GMRES solve
  0 (restart 0) KSP residual norm 2.028115e-01
  1 (restart 0) KSP residual norm 6.780219e-03
  2 (restart 0) KSP residual norm 1.248357e-03
  3 (restart 0) KSP residual norm 1.688704e-04
  4 (restart 0) KSP residual norm 3.141545e-05
  5 (restart 0) KSP residual norm 7.078417e-06
  6 (restart 0) KSP residual norm 1.562755e-06
  7 (restart 0) KSP residual norm 3.663367e-07
  8 (restart 0) KSP residual norm 9.904767e-08
  9 (restart 0) KSP residual norm 3.055235e-08
 10 (restart 0) KSP residual norm 1.132280e-08
 11 (restart 0) KSP residual norm 3.460150e-09
 12 (restart 0) KSP residual norm 9.634944e-10
GMRES solver converged in 12 iterations (avg. reduction factor: 2.025e-01)
  Residual norms for GMRES solve
  0 (restart 0) KSP residual norm 3.625280e-01
  1 (restart 0) KSP residual norm 5.974678e-03
  2 (restart 0) KSP residual norm 1.018232e-03
  3 (restart 0) KSP residual norm 9.895636e-05
  4 (restart 0) KSP residual norm 2.584135e-05
  5 (restart 0) KSP residual norm 5.223609e-06
  6 (restart 0) KSP residual norm 1.173665e-06
  7 (restart 0) KSP residual norm 2.877287e-07
  8 (restart 0) KSP residual norm 7.394286e-08
  9 (restart 0) KSP residual norm 2.059819e-08
 10 (restart 0) KSP residual norm 7.449966e-09
 11 (restart 0) KSP residual norm 2.555269e-09
GMRES solver converged in 11 iterations (avg. reduction factor: 1.815e-01)
  Residual norms for GMRES solve
  0 (restart 0) KSP residual norm 1.810872e-01
  1 (restart 0) KSP residual norm 9.273125e-03
  2 (restart 0) KSP residual norm 1.170165e-03
  3 (restart 0) KSP residual norm 1.566449e-04
  4 (restart 0) KSP residual norm 2.596812e-05
  5 (restart 0) KSP residual norm 5.939361e-06
  6 (restart 0) KSP residual norm 1.400579e-06
  7 (restart 0) KSP residual norm 3.416043e-07
  8 (restart 0) KSP residual norm 9.568037e-08
  9 (restart 0) KSP residual norm 3.204748e-08
 10 (restart 0) KSP residual norm 1.061877e-08
 11 (restart 0) KSP residual norm 3.365736e-09
 12 (restart 0) KSP residual norm 9.057357e-10
GMRES solver converged in 12 iterations (avg. reduction factor: 2.034e-01)
  Residual norms for GMRES solve
  0 (restart 0) KSP residual norm 2.792642e-01
  1 (restart 0) KSP residual norm 1.094134e-02
  2 (restart 0) KSP residual norm 9.326592e-04
  3 (restart 0) KSP residual norm 1.379811e-04
  4 (restart 0) KSP residual norm 2.756837e-05
  5 (restart 0) KSP residual norm 6.171429e-06
  6 (restart 0) KSP residual norm 1.347753e-06
  7 (restart 0) KSP residual norm 3.006760e-07
  8 (restart 0) KSP residual norm 8.011755e-08
  9 (restart 0) KSP residual norm 2.227039e-08
 10 (restart 0) KSP residual norm 6.838944e-09
 11 (restart 0) KSP residual norm 2.125647e-09
GMRES solver converged in 11 iterations (avg. reduction factor: 1.828e-01)
  Residual norms for GMRES solve
  0 (restart 0) KSP residual norm 6.157946e-01
  1 (restart 0) KSP residual norm 1.403849e-02
  2 (restart 0) KSP residual norm 1.488757e-03
  3 (restart 0) KSP residual norm 2.070901e-04
  4 (restart 0) KSP residual norm 5.210246e-05
  5 (restart 0) KSP residual norm 9.616149e-06
  6 (restart 0) KSP residual norm 2.661950e-06
  7 (restart 0) KSP residual norm 6.672009e-07
  8 (restart 0) KSP residual norm 1.875186e-07
  9 (restart 0) KSP residual norm 6.138178e-08
 10 (restart 0) KSP residual norm 1.995597e-08
 11 (restart 0) KSP residual norm 5.824303e-09
GMRES solver converged in 11 iterations (avg. reduction factor: 1.864e-01)
  Residual norms for GMRES solve
  0 (restart 0) KSP residual norm 5.296259e-01
  1 (restart 0) KSP residual norm 1.792586e-02
  2 (restart 0) KSP residual norm 1.895593e-03
  3 (restart 0) KSP residual norm 2.643267e-04
  4 (restart 0) KSP residual norm 4.882088e-05
  5 (restart 0) KSP residual norm 9.363607e-06
  6 (restart 0) KSP residual norm 2.568824e-06
  7 (restart 0) KSP residual norm 7.105586e-07
  8 (restart 0) KSP residual norm 1.877190e-07
  9 (restart 0) KSP residual norm 5.942777e-08
 10 (restart 0) KSP residual norm 2.200156e-08
 11 (restart 0) KSP residual norm 6.301203e-09
 12 (restart 0) KSP residual norm 1.799087e-09
GMRES solver converged in 12 iterations (avg. reduction factor: 1.969e-01)
  Residual norms for GMRES solve
  0 (restart 0) KSP residual norm 1.477122e-01
  1 (restart 0) KSP residual norm 6.559070e-03
  2 (restart 0) KSP residual norm 1.269759e-03
  3 (restart 0) KSP residual norm 1.614633e-04
  4 (restart 0) KSP residual norm 2.906874e-05
  5 (restart 0) KSP residual norm 6.372381e-06
  6 (restart 0) KSP residual norm 1.334491e-06
  7 (restart 0) KSP residual norm 3.219286e-07
  8 (restart 0) KSP residual norm 8.941169e-08
  9 (restart 0) KSP residual norm 2.704594e-08
 10 (restart 0) KSP residual norm 8.055447e-09
 11 (restart 0) KSP residual norm 2.617907e-09
 12 (restart 0) KSP residual norm 8.683230e-10
GMRES solver converged in 12 iterations (avg. reduction factor: 2.061e-01)
  4 EPS nconv=23 first unconverged value (error) 0.00462726+2.52817e-07i (1.57861182e-04)
  Residual norms for GMRES solve
  0 (restart 0) KSP residual norm 6.724929e-01
  1 (restart 0) KSP residual norm 1.396955e-02
  2 (restart 0) KSP residual norm 1.694255e-03
  3 (restart 0) KSP residual norm 2.231864e-04
  4 (restart 0) KSP residual norm 5.918077e-05
  5 (restart 0) KSP residual norm 9.729863e-06
  6 (restart 0) KSP residual norm 2.321803e-06
  7 (restart 0) KSP residual norm 5.687316e-07
  8 (restart 0) KSP residual norm 1.380441e-07
  9 (restart 0) KSP residual norm 4.147066e-08
 10 (restart 0) KSP residual norm 1.302715e-08
 11 (restart 0) KSP residual norm 4.547555e-09
GMRES solver converged in 11 iterations (avg. reduction factor: 1.808e-01)
  Residual norms for GMRES solve
  0 (restart 0) KSP residual norm 3.099395e-01
  1 (restart 0) KSP residual norm 7.279550e-03
  2 (restart 0) KSP residual norm 1.359396e-03
  3 (restart 0) KSP residual norm 1.619131e-04
  4 (restart 0) KSP residual norm 3.378655e-05
  5 (restart 0) KSP residual norm 6.607163e-06
  6 (restart 0) KSP residual norm 1.407990e-06
  7 (restart 0) KSP residual norm 3.551530e-07
  8 (restart 0) KSP residual norm 9.092303e-08
  9 (restart 0) KSP residual norm 3.140864e-08
 10 (restart 0) KSP residual norm 1.052864e-08
 11 (restart 0) KSP residual norm 3.298983e-09
 12 (restart 0) KSP residual norm 1.085923e-09
GMRES solver converged in 12 iterations (avg. reduction factor: 1.974e-01)
  Residual norms for GMRES solve
  0 (restart 0) KSP residual norm 3.475088e-01
  1 (restart 0) KSP residual norm 1.566034e-02
  2 (restart 0) KSP residual norm 1.484325e-03
  3 (restart 0) KSP residual norm 2.413082e-04
  4 (restart 0) KSP residual norm 3.868762e-05
  5 (restart 0) KSP residual norm 8.250421e-06
  6 (restart 0) KSP residual norm 2.230750e-06
  7 (restart 0) KSP residual norm 5.284140e-07
  8 (restart 0) KSP residual norm 1.517369e-07
  9 (restart 0) KSP residual norm 4.840872e-08
 10 (restart 0) KSP residual norm 1.641260e-08
 11 (restart 0) KSP residual norm 5.418680e-09
 12 (restart 0) KSP residual norm 1.464428e-09
GMRES solver converged in 12 iterations (avg. reduction factor: 2.005e-01)
  Residual norms for GMRES solve
  0 (restart 0) KSP residual norm 7.325793e-01
  1 (restart 0) KSP residual norm 1.783295e-02
  2 (restart 0) KSP residual norm 2.104278e-03
  3 (restart 0) KSP residual norm 2.406518e-04
  4 (restart 0) KSP residual norm 5.870763e-05
  5 (restart 0) KSP residual norm 1.074936e-05
  6 (restart 0) KSP residual norm 3.066589e-06
  7 (restart 0) KSP residual norm 7.338194e-07
  8 (restart 0) KSP residual norm 2.234913e-07
  9 (restart 0) KSP residual norm 7.310711e-08
 10 (restart 0) KSP residual norm 2.231260e-08
 11 (restart 0) KSP residual norm 7.107860e-09
GMRES solver converged in 11 iterations (avg. reduction factor: 1.869e-01)
  Residual norms for GMRES solve
  0 (restart 0) KSP residual norm 4.120808e-01
  1 (restart 0) KSP residual norm 3.256267e-02
  2 (restart 0) KSP residual norm 1.809304e-03
  3 (restart 0) KSP residual norm 2.654943e-04
  4 (restart 0) KSP residual norm 4.090533e-05
  5 (restart 0) KSP residual norm 8.912914e-06
  6 (restart 0) KSP residual norm 2.341791e-06
  7 (restart 0) KSP residual norm 5.930972e-07
  8 (restart 0) KSP residual norm 1.784998e-07
  9 (restart 0) KSP residual norm 5.896682e-08
 10 (restart 0) KSP residual norm 1.893972e-08
 11 (restart 0) KSP residual norm 5.416888e-09
 12 (restart 0) KSP residual norm 1.559813e-09
GMRES solver converged in 12 iterations (avg. reduction factor: 1.987e-01)
  Residual norms for GMRES solve
  0 (restart 0) KSP residual norm 3.153348e-01
  1 (restart 0) KSP residual norm 2.295736e-02
  2 (restart 0) KSP residual norm 1.378493e-03
  3 (restart 0) KSP residual norm 1.833896e-04
  4 (restart 0) KSP residual norm 3.055152e-05
  5 (restart 0) KSP residual norm 7.348353e-06
  6 (restart 0) KSP residual norm 1.821463e-06
  7 (restart 0) KSP residual norm 4.432458e-07
  8 (restart 0) KSP residual norm 1.156306e-07
  9 (restart 0) KSP residual norm 3.410121e-08
 10 (restart 0) KSP residual norm 1.107367e-08
 11 (restart 0) KSP residual norm 3.409852e-09
 12 (restart 0) KSP residual norm 9.927266e-10
GMRES solver converged in 12 iterations (avg. reduction factor: 1.957e-01)
  Residual norms for GMRES solve
  0 (restart 0) KSP residual norm 4.003062e-01
  1 (restart 0) KSP residual norm 1.805869e-02
  2 (restart 0) KSP residual norm 1.565462e-03
  3 (restart 0) KSP residual norm 1.720028e-04
  4 (restart 0) KSP residual norm 3.542644e-05
  5 (restart 0) KSP residual norm 6.636218e-06
  6 (restart 0) KSP residual norm 1.774730e-06
  7 (restart 0) KSP residual norm 4.474904e-07
  8 (restart 0) KSP residual norm 1.159605e-07
  9 (restart 0) KSP residual norm 3.474399e-08
 10 (restart 0) KSP residual norm 1.121110e-08
 11 (restart 0) KSP residual norm 3.270859e-09
GMRES solver converged in 11 iterations (avg. reduction factor: 1.840e-01)
  Residual norms for GMRES solve
  0 (restart 0) KSP residual norm 2.883610e-01
  1 (restart 0) KSP residual norm 1.393919e-02
  2 (restart 0) KSP residual norm 1.307076e-03
  3 (restart 0) KSP residual norm 1.639158e-04
  4 (restart 0) KSP residual norm 3.419549e-05
  5 (restart 0) KSP residual norm 6.211315e-06
  6 (restart 0) KSP residual norm 1.483743e-06
  7 (restart 0) KSP residual norm 3.836017e-07
  8 (restart 0) KSP residual norm 1.136756e-07
  9 (restart 0) KSP residual norm 3.797945e-08
 10 (restart 0) KSP residual norm 1.274433e-08
 11 (restart 0) KSP residual norm 4.063094e-09
 12 (restart 0) KSP residual norm 1.140863e-09
GMRES solver converged in 12 iterations (avg. reduction factor: 1.994e-01)
  Residual norms for GMRES solve
  0 (restart 0) KSP residual norm 4.304977e-01
  1 (restart 0) KSP residual norm 1.124072e-02
  2 (restart 0) KSP residual norm 1.099475e-03
  3 (restart 0) KSP residual norm 1.162218e-04
  4 (restart 0) KSP residual norm 3.371921e-05
  5 (restart 0) KSP residual norm 7.596335e-06
  6 (restart 0) KSP residual norm 1.591964e-06
  7 (restart 0) KSP residual norm 4.487657e-07
  8 (restart 0) KSP residual norm 1.193709e-07
  9 (restart 0) KSP residual norm 3.820943e-08
 10 (restart 0) KSP residual norm 1.272684e-08
 11 (restart 0) KSP residual norm 3.695350e-09
GMRES solver converged in 11 iterations (avg. reduction factor: 1.848e-01)
  Residual norms for GMRES solve
  0 (restart 0) KSP residual norm 3.323497e-01
  1 (restart 0) KSP residual norm 2.112665e-02
  2 (restart 0) KSP residual norm 2.375482e-03
  3 (restart 0) KSP residual norm 2.385475e-04
  4 (restart 0) KSP residual norm 4.129608e-05
  5 (restart 0) KSP residual norm 7.772160e-06
  6 (restart 0) KSP residual norm 1.831896e-06
  7 (restart 0) KSP residual norm 4.226226e-07
  8 (restart 0) KSP residual norm 1.257512e-07
  9 (restart 0) KSP residual norm 3.444211e-08
 10 (restart 0) KSP residual norm 1.142356e-08
 11 (restart 0) KSP residual norm 3.928409e-09
 12 (restart 0) KSP residual norm 1.134105e-09
GMRES solver converged in 12 iterations (avg. reduction factor: 1.970e-01)
  Residual norms for GMRES solve
  0 (restart 0) KSP residual norm 6.399354e-01
  1 (restart 0) KSP residual norm 3.452281e-02
  2 (restart 0) KSP residual norm 3.603371e-03
  3 (restart 0) KSP residual norm 2.907303e-04
  4 (restart 0) KSP residual norm 6.393170e-05
  5 (restart 0) KSP residual norm 1.207624e-05
  6 (restart 0) KSP residual norm 3.326539e-06
  7 (restart 0) KSP residual norm 7.114357e-07
  8 (restart 0) KSP residual norm 2.365829e-07
  9 (restart 0) KSP residual norm 7.828973e-08
 10 (restart 0) KSP residual norm 2.444205e-08
 11 (restart 0) KSP residual norm 7.734877e-09
 12 (restart 0) KSP residual norm 2.484025e-09
GMRES solver converged in 12 iterations (avg. reduction factor: 1.991e-01)
  Residual norms for GMRES solve
  0 (restart 0) KSP residual norm 5.433940e-01
  1 (restart 0) KSP residual norm 4.092312e-02
  2 (restart 0) KSP residual norm 3.207137e-03
  3 (restart 0) KSP residual norm 3.390927e-04
  4 (restart 0) KSP residual norm 5.409360e-05
  5 (restart 0) KSP residual norm 1.144110e-05
  6 (restart 0) KSP residual norm 2.979600e-06
  7 (restart 0) KSP residual norm 7.214309e-07
  8 (restart 0) KSP residual norm 2.082557e-07
  9 (restart 0) KSP residual norm 6.459721e-08
 10 (restart 0) KSP residual norm 2.119133e-08
 11 (restart 0) KSP residual norm 6.364076e-09
 12 (restart 0) KSP residual norm 1.976867e-09
GMRES solver converged in 12 iterations (avg. reduction factor: 1.980e-01)
  Residual norms for GMRES solve
  0 (restart 0) KSP residual norm 6.532322e-01
  1 (restart 0) KSP residual norm 3.141492e-02
  2 (restart 0) KSP residual norm 2.071623e-03
  3 (restart 0) KSP residual norm 2.501132e-04
  4 (restart 0) KSP residual norm 6.529146e-05
  5 (restart 0) KSP residual norm 1.245898e-05
  6 (restart 0) KSP residual norm 3.015718e-06
  7 (restart 0) KSP residual norm 6.854752e-07
  8 (restart 0) KSP residual norm 2.004199e-07
  9 (restart 0) KSP residual norm 6.652567e-08
 10 (restart 0) KSP residual norm 2.248564e-08
 11 (restart 0) KSP residual norm 7.078731e-09
 12 (restart 0) KSP residual norm 2.214311e-09
GMRES solver converged in 12 iterations (avg. reduction factor: 1.969e-01)
  5 EPS nconv=23 first unconverged value (error) 0.00462726+2.55419e-07i (1.29979603e-06)
  Residual norms for GMRES solve
  0 (restart 0) KSP residual norm 4.119994e-01
  1 (restart 0) KSP residual norm 1.852591e-02
  2 (restart 0) KSP residual norm 2.283064e-03
  3 (restart 0) KSP residual norm 2.148347e-04
  4 (restart 0) KSP residual norm 4.813873e-05
  5 (restart 0) KSP residual norm 8.743234e-06
  6 (restart 0) KSP residual norm 2.313515e-06
  7 (restart 0) KSP residual norm 5.384904e-07
  8 (restart 0) KSP residual norm 1.593199e-07
  9 (restart 0) KSP residual norm 4.920860e-08
 10 (restart 0) KSP residual norm 1.702493e-08
 11 (restart 0) KSP residual norm 5.443733e-09
 12 (restart 0) KSP residual norm 1.658085e-09
GMRES solver converged in 12 iterations (avg. reduction factor: 1.997e-01)
  Residual norms for GMRES solve
  0 (restart 0) KSP residual norm 6.431338e-01
  1 (restart 0) KSP residual norm 2.966202e-02
  2 (restart 0) KSP residual norm 1.954281e-03
  3 (restart 0) KSP residual norm 2.484509e-04
  4 (restart 0) KSP residual norm 6.319632e-05
  5 (restart 0) KSP residual norm 1.230920e-05
  6 (restart 0) KSP residual norm 2.952106e-06
  7 (restart 0) KSP residual norm 6.629640e-07
  8 (restart 0) KSP residual norm 1.949976e-07
  9 (restart 0) KSP residual norm 6.355839e-08
 10 (restart 0) KSP residual norm 2.158670e-08
 11 (restart 0) KSP residual norm 6.805326e-09
 12 (restart 0) KSP residual norm 2.125851e-09
GMRES solver converged in 12 iterations (avg. reduction factor: 1.965e-01)
  Residual norms for GMRES solve
  0 (restart 0) KSP residual norm 4.942464e-01
  1 (restart 0) KSP residual norm 3.603724e-02
  2 (restart 0) KSP residual norm 2.671426e-03
  3 (restart 0) KSP residual norm 3.093922e-04
  4 (restart 0) KSP residual norm 4.806952e-05
  5 (restart 0) KSP residual norm 1.049523e-05
  6 (restart 0) KSP residual norm 2.585063e-06
  7 (restart 0) KSP residual norm 6.331957e-07
  8 (restart 0) KSP residual norm 1.802355e-07
  9 (restart 0) KSP residual norm 5.812399e-08
 10 (restart 0) KSP residual norm 1.912616e-08
 11 (restart 0) KSP residual norm 5.724842e-09
 12 (restart 0) KSP residual norm 1.843171e-09
GMRES solver converged in 12 iterations (avg. reduction factor: 1.984e-01)
  Residual norms for GMRES solve
  0 (restart 0) KSP residual norm 6.430101e-01
  1 (restart 0) KSP residual norm 3.056115e-02
  2 (restart 0) KSP residual norm 1.757585e-03
  3 (restart 0) KSP residual norm 2.498254e-04
  4 (restart 0) KSP residual norm 5.846179e-05
  5 (restart 0) KSP residual norm 1.148904e-05
  6 (restart 0) KSP residual norm 3.181555e-06
  7 (restart 0) KSP residual norm 7.029680e-07
  8 (restart 0) KSP residual norm 2.158200e-07
  9 (restart 0) KSP residual norm 7.133586e-08
 10 (restart 0) KSP residual norm 2.210284e-08
 11 (restart 0) KSP residual norm 6.909433e-09
 12 (restart 0) KSP residual norm 2.403235e-09
GMRES solver converged in 12 iterations (avg. reduction factor: 1.985e-01)
  Residual norms for GMRES solve
  0 (restart 0) KSP residual norm 3.859449e-01
  1 (restart 0) KSP residual norm 2.708004e-02
  2 (restart 0) KSP residual norm 2.813697e-03
  3 (restart 0) KSP residual norm 2.626334e-04
  4 (restart 0) KSP residual norm 4.415337e-05
  5 (restart 0) KSP residual norm 8.810323e-06
  6 (restart 0) KSP residual norm 2.271462e-06
  7 (restart 0) KSP residual norm 5.124642e-07
  8 (restart 0) KSP residual norm 1.636778e-07
  9 (restart 0) KSP residual norm 4.986487e-08
 10 (restart 0) KSP residual norm 1.601858e-08
 11 (restart 0) KSP residual norm 5.106794e-09
 12 (restart 0) KSP residual norm 1.511720e-09
GMRES solver converged in 12 iterations (avg. reduction factor: 1.993e-01)
  Residual norms for GMRES solve
  0 (restart 0) KSP residual norm 4.213722e-01
  1 (restart 0) KSP residual norm 1.141740e-02
  2 (restart 0) KSP residual norm 1.031154e-03
  3 (restart 0) KSP residual norm 1.261540e-04
  4 (restart 0) KSP residual norm 3.071028e-05
  5 (restart 0) KSP residual norm 7.049451e-06
  6 (restart 0) KSP residual norm 1.536034e-06
  7 (restart 0) KSP residual norm 4.338682e-07
  8 (restart 0) KSP residual norm 1.148648e-07
  9 (restart 0) KSP residual norm 3.569999e-08
 10 (restart 0) KSP residual norm 1.224307e-08
 11 (restart 0) KSP residual norm 3.371387e-09
GMRES solver converged in 11 iterations (avg. reduction factor: 1.836e-01)
  Residual norms for GMRES solve
  0 (restart 0) KSP residual norm 2.703861e-01
  1 (restart 0) KSP residual norm 1.294380e-02
  2 (restart 0) KSP residual norm 1.202682e-03
  3 (restart 0) KSP residual norm 1.617459e-04
  4 (restart 0) KSP residual norm 3.142914e-05
  5 (restart 0) KSP residual norm 6.033498e-06
  6 (restart 0) KSP residual norm 1.348027e-06
  7 (restart 0) KSP residual norm 3.746372e-07
  8 (restart 0) KSP residual norm 1.050846e-07
  9 (restart 0) KSP residual norm 3.280173e-08
 10 (restart 0) KSP residual norm 1.138204e-08
 11 (restart 0) KSP residual norm 3.360645e-09
 12 (restart 0) KSP residual norm 1.022424e-09
GMRES solver converged in 12 iterations (avg. reduction factor: 1.987e-01)
  Residual norms for GMRES solve
  0 (restart 0) KSP residual norm 4.076291e-01
  1 (restart 0) KSP residual norm 2.031235e-02
  2 (restart 0) KSP residual norm 1.597261e-03
  3 (restart 0) KSP residual norm 1.735632e-04
  4 (restart 0) KSP residual norm 3.585193e-05
  5 (restart 0) KSP residual norm 6.611599e-06
  6 (restart 0) KSP residual norm 1.917586e-06
  7 (restart 0) KSP residual norm 4.823322e-07
  8 (restart 0) KSP residual norm 1.222206e-07
  9 (restart 0) KSP residual norm 3.700310e-08
 10 (restart 0) KSP residual norm 1.250759e-08
 11 (restart 0) KSP residual norm 4.127402e-09
 12 (restart 0) KSP residual norm 1.194813e-09
GMRES solver converged in 12 iterations (avg. reduction factor: 1.945e-01)
  Residual norms for GMRES solve
  0 (restart 0) KSP residual norm 2.498715e-01
  1 (restart 0) KSP residual norm 1.604757e-02
  2 (restart 0) KSP residual norm 1.200528e-03
  3 (restart 0) KSP residual norm 1.596789e-04
  4 (restart 0) KSP residual norm 2.786149e-05
  5 (restart 0) KSP residual norm 6.612111e-06
  6 (restart 0) KSP residual norm 1.577743e-06
  7 (restart 0) KSP residual norm 4.105126e-07
  8 (restart 0) KSP residual norm 1.153383e-07
  9 (restart 0) KSP residual norm 3.867481e-08
 10 (restart 0) KSP residual norm 1.227677e-08
 11 (restart 0) KSP residual norm 3.875200e-09
 12 (restart 0) KSP residual norm 1.115481e-09
GMRES solver converged in 12 iterations (avg. reduction factor: 2.014e-01)
  Residual norms for GMRES solve
  0 (restart 0) KSP residual norm 4.566943e-01
  1 (restart 0) KSP residual norm 3.519893e-02
  2 (restart 0) KSP residual norm 1.956454e-03
  3 (restart 0) KSP residual norm 2.693714e-04
  4 (restart 0) KSP residual norm 4.368859e-05
  5 (restart 0) KSP residual norm 9.495346e-06
  6 (restart 0) KSP residual norm 2.382429e-06
  7 (restart 0) KSP residual norm 5.827882e-07
  8 (restart 0) KSP residual norm 1.713208e-07
  9 (restart 0) KSP residual norm 5.530662e-08
 10 (restart 0) KSP residual norm 1.782044e-08
 11 (restart 0) KSP residual norm 5.329379e-09
 12 (restart 0) KSP residual norm 1.562735e-09
GMRES solver converged in 12 iterations (avg. reduction factor: 1.970e-01)
  Residual norms for GMRES solve
  0 (restart 0) KSP residual norm 6.818329e-01
  1 (restart 0) KSP residual norm 1.883992e-02
  2 (restart 0) KSP residual norm 2.460355e-03
  3 (restart 0) KSP residual norm 2.502390e-04
  4 (restart 0) KSP residual norm 5.961073e-05
  5 (restart 0) KSP residual norm 1.034982e-05
  6 (restart 0) KSP residual norm 3.226578e-06
  7 (restart 0) KSP residual norm 7.761618e-07
  8 (restart 0) KSP residual norm 2.242580e-07
  9 (restart 0) KSP residual norm 7.231266e-08
 10 (restart 0) KSP residual norm 2.501402e-08
 11 (restart 0) KSP residual norm 7.374994e-09
 12 (restart 0) KSP residual norm 2.254242e-09
GMRES solver converged in 12 iterations (avg. reduction factor: 1.965e-01)
  Residual norms for GMRES solve
  0 (restart 0) KSP residual norm 4.509115e-01
  1 (restart 0) KSP residual norm 1.594133e-02
  2 (restart 0) KSP residual norm 1.828807e-03
  3 (restart 0) KSP residual norm 2.501342e-04
  4 (restart 0) KSP residual norm 4.684815e-05
  5 (restart 0) KSP residual norm 9.430277e-06
  6 (restart 0) KSP residual norm 2.604726e-06
  7 (restart 0) KSP residual norm 6.049910e-07
  8 (restart 0) KSP residual norm 1.631816e-07
  9 (restart 0) KSP residual norm 5.506342e-08
 10 (restart 0) KSP residual norm 1.825811e-08
 11 (restart 0) KSP residual norm 5.329082e-09
 12 (restart 0) KSP residual norm 1.654922e-09
GMRES solver converged in 12 iterations (avg. reduction factor: 1.982e-01)
  Residual norms for GMRES solve
  0 (restart 0) KSP residual norm 3.470267e-01
  1 (restart 0) KSP residual norm 7.893865e-03
  2 (restart 0) KSP residual norm 1.624132e-03
  3 (restart 0) KSP residual norm 1.626361e-04
  4 (restart 0) KSP residual norm 3.459678e-05
  5 (restart 0) KSP residual norm 6.230677e-06
  6 (restart 0) KSP residual norm 1.497303e-06
  7 (restart 0) KSP residual norm 3.901790e-07
  8 (restart 0) KSP residual norm 1.006343e-07
  9 (restart 0) KSP residual norm 3.400308e-08
 10 (restart 0) KSP residual norm 1.194609e-08
 11 (restart 0) KSP residual norm 3.790238e-09
 12 (restart 0) KSP residual norm 1.205448e-09
GMRES solver converged in 12 iterations (avg. reduction factor: 1.973e-01)
  6 EPS nconv=24 first unconverged value (error) 0.00462731+2.55436e-07i (1.21969955e-08)

 Linear eigensolve converged (24 eigenpairs) due to CONVERGED_TOL; iterations 6
 Total number of linear systems solved: 128
 Total number of linear solver iterations: 1512
 Found 24 converged eigenvalues (first = 7.187e+01+3.181e-04i)

Computing solution error estimates and performing postprocessing

     m,        Re{f} (GHz),        Im{f} (GHz),                  Q,      Error (Bkwd.),       Error (Abs.)
     1,      +2.528034e+00,      +5.595445e-06,      +2.259011e+05,      +1.170739e-09,      +6.988120e-06
 Wrote mode 1 to disk (Paraview)
     2,      +2.528042e+00,      +5.595307e-06,      +2.259074e+05,      +1.167808e-09,      +6.970621e-06
 Wrote mode 2 to disk (Paraview)
     3,      +2.650532e+00,      +1.331959e-05,      +9.949753e+04,      +7.631835e-10,      +4.556510e-06
 Wrote mode 3 to disk (Paraview)
     4,      +2.650553e+00,      +1.331662e-05,      +9.952052e+04,      +7.621572e-10,      +4.550382e-06
 Wrote mode 4 to disk (Paraview)
     5,      +2.785686e+00,      +7.383646e-06,      +1.886389e+05,      +1.416927e-09,      +8.461943e-06
 Wrote mode 5 to disk (Paraview)
     6,      +2.791814e+00,      +3.243292e-07,      +4.303982e+06,      +5.024008e-10,      +3.000396e-06
 Wrote mode 6 to disk (Paraview)
     7,      +2.791829e+00,      +3.243227e-07,      +4.304091e+06,      +5.060215e-10,      +3.022020e-06
 Wrote mode 7 to disk (Paraview)
     8,      +2.995894e+00,      +3.444360e-05,      +4.348985e+04,      +5.099131e-11,      +3.046607e-07
 Wrote mode 8 to disk (Paraview)
     9,      +3.000256e+00,      +1.715191e-05,      +8.746125e+04,      +8.644193e-10,      +5.164746e-06
    10,      +3.000267e+00,      +1.715292e-05,      +8.745642e+04,      +8.543296e-10,      +5.104462e-06
    11,      +3.055919e+00,      +1.945302e-05,      +7.854614e+04,      +1.103687e-09,      +6.595158e-06
    12,      +3.080799e+00,      +1.237394e-06,      +1.244874e+06,      +4.525299e-10,      +2.704278e-06
    13,      +3.080820e+00,      +1.237830e-06,      +1.244444e+06,      +4.515288e-10,      +2.698296e-06
    14,      +3.090172e+00,      +2.235567e-05,      +6.911384e+04,      +2.478696e-09,      +1.481279e-05
    15,      +3.090186e+00,      +2.236835e-05,      +6.907499e+04,      +2.481777e-09,      +1.483120e-05
    16,      +3.106928e+00,      +4.089117e-05,      +3.799020e+04,      +1.728074e-09,      +1.032744e-05
    17,      +3.106953e+00,      +4.089326e-05,      +3.798857e+04,      +1.719663e-09,      +1.027717e-05
    18,      +3.272749e+00,      +3.318108e-06,      +4.931649e+05,      +1.583375e-09,      +9.466425e-06
    19,      +3.272775e+00,      +3.319806e-06,      +4.929165e+05,      +1.568842e-09,      +9.379534e-06
    20,      +3.289157e+00,      +2.729993e-05,      +6.024113e+04,      +4.655464e-11,      +2.783445e-07
    21,      +3.358723e+00,      +1.888916e-05,      +8.890607e+04,      +1.033796e-09,      +6.182008e-06
    22,      +3.407284e+00,      +6.988329e-08,      +2.437838e+07,      +3.193589e-10,      +1.909972e-06
    23,      +3.407366e+00,      +6.964396e-08,      +2.446276e+07,      +3.212125e-10,      +1.921058e-06
    24,      +3.511114e+00,      +9.691070e-05,      +1.811521e+04,      +1.945995e-09,      +1.164143e-05

Completed 0 iterations of adaptive mesh refinement (AMR):
 Indicator norm = 1.726e-02, global unknowns = 350536
 Max. iterations = 0, tol. = 1.000e-02

Estimated peak per-rank memory usage is: Min. 875.0M, Max. 944.9M, Avg. 900.1M, Total 3.5G
Estimated peak per-node memory usage is: Min. 3.5G, Max. 3.5G, Avg. 3.5G, Total 3.5G

Elapsed Time Report (s)           Min.        Max.        Avg.
==============================================================
Initialization                   0.260       0.580       0.500
  Mesh Preprocessing             0.432       0.752       0.512
Operator Construction            7.354       7.362       7.359
Linear Solve                   204.368     204.457     204.401
  Setup                          8.963       8.964       8.964
  Preconditioner              3220.029    3220.109    3220.078
  Coarse Solve                  58.996      59.036      59.023
Eigenvalue Solve                16.602      16.632      16.618
Div.-Free Projection           411.445     411.475     411.460
Estimation                       1.812       1.880       1.848
  Construction                   5.498       5.499       5.499
  Solve                        151.015     151.042     151.024
Postprocessing                  12.760      12.801      12.784
  Paraview                      35.898      35.901      35.900
Disk IO                          0.797       0.797       0.797
--------------------------------------------------------------
Total                         4138.017    4138.021    4138.019

Peak Memory                   Per-Node       Total   Total HWM
==============================================================
Initialization                    6.3M        6.3M        6.3M
  Mesh Preprocessing             39.9M       39.9M       46.1M
Operator Construction           593.5M      593.5M      639.7M
Linear Solve                    132.0K      132.0K      639.8M
  Setup                         584.1M      584.1M        1.2G
  Preconditioner                  7.6M        7.6M        1.2G
  Coarse Solve                  862.8M      862.8M        2.0G
Eigenvalue Solve                264.6M      264.6M        2.3G
Div.-Free Projection             87.1M       87.1M        2.4G
Estimation                      164.5M      164.5M        2.5G
  Construction                  260.6M      260.6M        2.8G
  Solve                         161.4M      161.4M        3.0G
Postprocessing                  399.6M      399.6M        3.4G
  Paraview                       19.8M       19.8M        3.4G
Disk IO                          43.8M       43.8M        3.4G
--------------------------------------------------------------
Total                             3.5G        3.5G        3.5G

