
=== enclosure 90 mm (TM010 empty = 2.550 GHz) ===
  mesh ok (57083 tets)
  ring TE : 4.0026 GHz  Q=11444  alu=80%
  TM010   : 2.2080 GHz  E/H=56  alu=7.3%

=== enclosure 95 mm (TM010 empty = 2.416 GHz) ===
  mesh ok (55404 tets)
  ring TE : 3.9922 GHz  Q=11563  alu=79%
  TM010   : 2.1123 GHz  E/H=61  alu=6.2%

=== enclosure 100 mm (TM010 empty = 2.295 GHz) ===
  mesh ok (54774 tets)
  ring TE : 3.9851 GHz  Q=11703  alu=78%
  TM010   : 2.0246 GHz  E/H=66  alu=5.4%

=== enclosure 110 mm (TM010 empty = 2.086 GHz) ===
  mesh ok (52600 tets)
  ring TE : 3.9685 GHz  Q=12064  alu=76%
  TM010   : 1.8684 GHz  E/H=78  alu=4.2%

=== enclosure 120 mm (TM010 empty = 1.912 GHz) ===
  mesh ok (50574 tets)
  ring TE : 2.1264 GHz  Q=12336  alu=52%
  TM010   : 1.7344 GHz  E/H=91  alu=3.4%

=== enclosure 140 mm (TM010 empty = 1.639 GHz) ===
  mesh ok (51439 tets)
  ring TE : 2.0714 GHz  Q=13343  alu=49%
  TM010   : 1.5169 GHz  E/H=120  alu=2.3%

=== enclosure 160 mm (TM010 empty = 1.434 GHz) ===
  mesh ok (54770 tets)
  ring TE : 2.0239 GHz  Q=14750  alu=44%
  TM010   : 1.3473 GHz  E/H=152  alu=1.7%

==============================================================================
 D (mm)    ring TE      TM010     split  TM010 empty
------------------------------------------------------------------------------
     90     4.0026     2.2080    -44.8%        2.550
     95     3.9922     2.1123    -47.1%        2.416
    100     3.9851     2.0246    -49.2%        2.295
    110     3.9685     1.8684    -52.9%        2.086
    120     2.1264     1.7344    -18.4%        1.912
    140     2.0714     1.5169    -26.8%        1.639
    160     2.0239     1.3473    -33.4%        1.434

Reading it:
  * ring TE should rise toward 2.45 GHz as D shrinks (image effect).
  * TM010 should rise as 1/D and track the empty-cavity column.
  * 'split' is what a frequency-agile amplifier must cover to
    mode-shift from ignition to operation. Small is good.
  * The 160 mm row is the calibration check: order-2 gave ring
    = 2.0204 GHz. Order-1 error here bounds the whole sweep.
