E0 — how far is this solver from mathematics?

NOT "verify the instrument". Put a NUMBER on the disagreement between this
solver and the closed form, on the one case where the closed form is complete.
Nothing here licenses anything; it bounds how much a later disagreement may be
attributed to the solver rather than to the model.

VERIFICATION  physics.spectrum(103.70, 88.53) — exact for PEC walls.
FALSIFICATION chi'_01 = chi_11 IDENTICALLY, so the TE011/TM111 splitting has a
              true value of EXACTLY ZERO. Any splitting reported is pure
              numerical symmetry breaking. This is a stronger probe than
              rotation or translation: those have zero true CHANGE in one
              quantity; this has zero true DIFFERENCE between two things the
              solver must report separately.

⚠️ KNOWN DEVIATION FROM THE IDEAL REFERENCE, stated rather than hidden.
`geometry.py` cannot delete the outer torch shell — `--no-torch` sets its
permittivity to 1.0 and `--torch-tube 0,w` is refused by a guard. So the cavity
is a right circular cylinder containing a VACUUM-FILLED SHELL: electromagnetically
empty, but carrying internal mesh surfaces that the closed form knows nothing
about. `--no-inner` removes two of the three tubes. The residual is itself
informative — it is the mesh's response to physics-free internal boundaries —
but it means a small disagreement is EXPECTED and must not be read as solver error.

🔴 THREE PREVIOUS ATTEMPTS AT THIS BENCHMARK FAILED ON THE GEOMETRY, NOT THE
SOLVER: a viewport left on; a flag (`--viewport 0`) that could not turn it off
because 0 is falsy; and two volume attributes left with no material at all. Each
time the disagreement looked like a solver fault. The gates below are written as
COMPLETENESS ASSERTIONS rather than lists of things to exclude, because a list
maintained by hand is the same failure as a name maintained by hand.

==============================================================================
VERIFICATION REFERENCE — physics.py, no simulation:
    TM010  1.303825 GHz
    TE111  1.638056 GHz
    TM011  1.840302 GHz
    TM110  2.077438 GHz
    TE211  2.104475 GHz
    TE011  2.450000 GHz
    TM111  2.450000 GHz
    TE311  2.622012 GHz
    TE112  2.782711 GHz
    TM210  2.784383 GHz
    TM012  2.906367 GHz
    TM020  2.992823 GHz
  FALSIFIER: exact degeneracies [('TE011', 'TM111')] — true splitting identically 0

MESHING
  e0fine: sf 0.96, 103,678 tets, volumes ['bore', 'torch', 'upstream', 'wall']
  e0coarse: sf 0.96, 87,225 tets, volumes ['bore', 'torch', 'upstream', 'wall']
  ✅ meshes genuinely differ: fine 103,678 tets (h_air 15.30 mm) vs coarse 87,225 tets (h_air 24.47 mm)

EIGENMODE, PEC — the case the closed form describes
    e0fine: solver order 2
    ⚠️ e0fine: eigenmode with 1 lossy domain(s):
      attributes [2]: eps=1.0 tan-delta=3.5e-05 sigma=0.0
       This converges — but NLEPS is sensitive to the SHIFT TARGET. Put the target NEAR the expected loaded frequency, and note an overdense plasma pulls the mode UP, not down.
    torch: eps=1.0 (bound from mesh sidecar)
    solved in 391s
    e0coarse: solver order 2
    ⚠️ e0coarse: eigenmode with 1 lossy domain(s):
      attributes [2]: eps=1.0 tan-delta=3.5e-05 sigma=0.0
       This converges — but NLEPS is sensitive to the SHIFT TARGET. Put the target NEAR the expected loaded frequency, and note an overdense plasma pulls the mode UP, not down.
    torch: eps=1.0 (bound from mesh sidecar)
    solved in 280s

EIGENMODE, finite-conductivity wall — same mesh, only the BC changes.
  This is the like-for-like partner for a driven solve (old R37).
    e0cond: solver order 2
    ⚠️ e0cond: eigenmode with 1 lossy domain(s):
      attributes [2]: eps=1.0 tan-delta=3.5e-05 sigma=0.0
       This converges — but NLEPS is sensitive to the SHIFT TARGET. Put the target NEAR the expected loaded frequency, and note an overdense plasma pulls the mode UP, not down.
    torch: eps=1.0 (bound from mesh sidecar)
    solved in 1978s

  wrote e0.result.json — NO VERDICT HERE
EXIT=0
