E0b — is the 27.6 MHz disagreement tied to the ORIGIN?

E0 found the solver low by up to 27.6 MHz against the exact spectrum, mode-
dependent, all negative. This asks whether any of that is a coordinate artifact.

🔑 A RIGID TRANSLATION IS AN EXACT SYMMETRY OF THE PHYSICS. Move the whole cavity
+256 mm in x, y and z and every frequency must be IDENTICAL — not approximately,
identically. So the difference between the two runs is pure instrument.

AND THE ORIGIN IS A SPECIAL POINT, but NOT for the reason first supposed. Double
spacing at 0.356 m is 5.6e-17 m, still nine orders below OCC's ~1e-7 m geometric
tolerance; precision only binds near 2^31. What is special is EXACT COINCIDENCE:
at x = y = 0 the cavity axis lies exactly on the coordinate axis, and z = 0 is
exactly the mid-plane, so geometric predicates evaluate to exact zeros — which is
where degenerate tie-breaking lives in CAD and meshing algorithms. Offsetting
breaks every one of those coincidences at no precision cost.

VERIFICATION   physics.spectrum(), same reference as E0. Both runs are compared
               to it, and the two disagreement VECTORS are compared to each other.
FALSIFICATION  the exact TE011/TM111 degeneracy again — but now the question is
               whether its 1.199 MHz splitting MOVES. A splitting that changes
               under a symmetry of the physics is numerical; one that does not
               may be structural to the discretisation.

🔴 AND THE ASSERTION E0 WAS MISSING. E0's two meshes came out byte-identical and
its convergence arm was void, because I gated apertures, dielectric and material
completeness but never asserted THE CASES DIFFER. That assertion is here, and it
runs before any solve.

==============================================================================
  e0b_at0: sf 0.96, 83,322 tets, volumes ['bore', 'torch', 'upstream', 'wall']
    md5 f17f69f5d0e0
  e0b_off: sf 0.96, 83,809 tets, volumes ['bore', 'torch', 'upstream', 'wall']
    md5 d8a7f702306f
  ✅ the two meshes differ — the offset changed the discretisation

    e0b_at0: solver order 2
    solved in 227s
    e0b_off: solver order 2
    solved in 238s

   mode       exact        at 0      +256mm    Δ0 MHz  Δoff MHz    shift
  TM010    1.106485    1.106490    1.106490     0.005     0.005    0.000
  TM110    1.763008    1.763030    1.763029     0.022     0.021   -0.001
  TE111    1.893272    1.893337    1.893332     0.065     0.060   -0.005
  TM011    2.022654    2.022727    2.022723     0.073     0.068   -0.004
  TE211    2.200375    2.200509    2.200489     0.134     0.114   -0.020
  TM210    2.362953    2.363048    2.363045     0.095     0.092   -0.003
  TE011    2.444385    2.444443    2.444454     0.058     0.069    0.011
  TM111    2.444385    2.444443    2.444454     0.058     0.069    0.011
  TM020    2.539846    2.540069    2.540057     0.223     0.211   -0.012
  TM211    2.906952    2.907095    2.907083     0.143     0.131   -0.012
  TE121    2.980652    2.981013    2.981027     0.361     0.375    0.014

  shift under an EXACT SYMMETRY: mean -0.002 MHz, max |0.020| MHz
  🔑 every one of these is pure instrument — the physics did not move.
  degeneracy splitting, e0b_at0: 0.014 MHz (true value 0)
  degeneracy splitting, e0b_off: 0.001 MHz (true value 0)

  wrote e0b.result.json — NO VERDICT HERE
