E0c — the full rigid-motion factorial. Translation x rotation, 2 x 3.

Both operations are EXACT symmetries of Maxwell, so every frequency must be
identical across all six cases. Every difference is instrument, with no
modelling judgement involved anywhere.

    translation   0  and  +256 mm on each of x, y, z
    rotation      0, 120, 180 deg about the cavity axis

🔑 ROTATION IS THE PURER PROBE. The cavity is axisymmetric and empty, so a
rotation about z changes neither the physics NOR the OCC solid — not even the
bounding box. Only the parametric seam moves, and gmsh then lays out a different
mesh. Translation at least moves coordinates; rotation moves nothing a formula
could see.

🔑 AND THE FACTORIAL ASKS WHETHER THEY INTERACT. E0b found the two effects have
opposite characters: TE011's error was translation-STABLE (0.148 MHz) while the
exact degeneracy split 6x WORSE off-origin (1.199 -> 7.052 MHz). If rotation at
the origin also preserves the degeneracy, the origin's virtue is that it lets the
discretisation inherit the cavity's azimuthal symmetry — and 120 vs 180 deg
distinguishes a 3-fold from a 2-fold artifact.

VERIFICATION   physics.spectrum() — the same exact reference for all six.
FALSIFICATION  the TE011/TM111 splitting, true value EXACTLY zero, measured in
               every cell. Its VARIATION across the factorial is the artifact.
GATE           all six meshes must be pairwise distinct, asserted before solving.

==============================================================================
  e0c_at0_0: sf 0.96, 83,322 tets, volumes ['bore', 'torch', 'upstream', 'wall']
    md5 f17f69f5d0e0
  e0c_at0_120: sf 0.96, 83,579 tets, volumes ['bore', 'torch', 'upstream', 'wall']
    md5 62a95faa94b2
  e0c_at0_180: sf 0.96, 83,537 tets, volumes ['bore', 'torch', 'upstream', 'wall']
    md5 3c726c4736d4
  e0c_off_0: sf 0.96, 83,809 tets, volumes ['bore', 'torch', 'upstream', 'wall']
    md5 d8a7f702306f
  e0c_off_120: sf 0.96, 83,798 tets, volumes ['bore', 'torch', 'upstream', 'wall']
    md5 2ae4103f6c47
  e0c_off_180: sf 0.96, 83,563 tets, volumes ['bore', 'torch', 'upstream', 'wall']
    md5 579f9e8c1e6d
  ✅ all 6 meshes pairwise distinct

    e0c_at0_0: solver order 2
    solved in 227s
    e0c_at0_120: solver order 2
    solved in 229s
    e0c_at0_180: solver order 2
    solved in 225s
    e0c_off_0: solver order 2
    solved in 235s
    e0c_off_120: solver order 2
    solved in 244s
    e0c_off_180: solver order 2
    solved in 230s

Δ from EXACT, MHz — every cell should read 0.000

   mode      exact       at0_0     at0_120     at0_180       off_0     off_120     off_180
  TM010    1.10649       0.005       0.005       0.005       0.005       0.005       0.005
  TM110    1.76301       0.022       0.025       0.022       0.021       0.021       0.023
  TE111    1.89327       0.065       0.061       0.060       0.060       0.060       0.062
  TM011    2.02265       0.073       0.074       0.069       0.068       0.073       0.070
  TE211    2.20037       0.134       0.129       0.129       0.114       0.126       0.128
  TM210    2.36295       0.095       0.096       0.094       0.092       0.088       0.089
  TE011    2.44438       0.058       0.063       0.057       0.069       0.061       0.056
  TM111    2.44438       0.058       0.063       0.057       0.069       0.061       0.056
  TM020    2.53985       0.223       0.226       0.227       0.211       0.200       0.214
  TM211    2.90695       0.143       0.139       0.143       0.131       0.141       0.116
  TE121    2.98065       0.361       0.398       0.378       0.375       0.363       0.375

                        83,322      83,579      83,537      83,809      83,798      83,563   tets

  SPREAD across six rigid motions (pure instrument):
      TE121    0.038 MHz
      TM211    0.027 MHz
      TM020    0.027 MHz
      TE211    0.020 MHz
      TE011    0.013 MHz
      TM111    0.013 MHz
      TM210    0.008 MHz
      TM011    0.005 MHz
      TE111    0.005 MHz
      TM110    0.004 MHz
      TM010    0.000 MHz

  🔑 FALSIFIER — TE011/TM111 splitting, true value EXACTLY 0:
         at0_0    0.014 MHz
       at0_120    0.009 MHz
       at0_180    0.014 MHz
         off_0    0.001 MHz
       off_120    0.018 MHz
       off_180    0.011 MHz

  wrote e0c.result.json — NO VERDICT HERE
