>> /home/tanderson/.local/share/mamba/envs/emsim/bin/mpirun -n 4 /home/tanderson/.local/opt/palace/bin/palace-x86_64.bin e0c_off_180.json

_____________     _______
_____   __   \____ __   /____ ____________
____   /_/  /  __ ` /  /  __ ` /  ___/  _ \
___   _____/  /_/  /  /  /_/  /  /__/  ___/
  /__/     \___,__/__/\___,__/\_____\_____/

Git changeset ID: 3c83b9d
Running with 4 MPI processes, 1 OpenMP thread
Device configuration: omp,cpu
Memory configuration: host-std
libCEED backend: /cpu/self/opt/blocked

Added 11870 boundary elements for material interfaces to the mesh

Characteristic length and time scales:
 Lc = 2.074e-01 m, tc = 6.918e-01 ns
Finished partitioning mesh into 4 subdomains

Mesh curvature order: 2
Mesh bounding box:
 (Xmin, Ymin, Zmin) = (+1.523e-01, +1.523e-01, +2.117e-01) m
 (Xmax, Ymax, Zmax) = (+3.597e-01, +3.597e-01, +3.003e-01) m

Parallel Mesh Stats:

                minimum     average     maximum       total
 vertices          3098        3610        4091       14442
 edges            23333       24880       26342       99521
 faces            41134       42160       43155      168643
 elements         20871       20890       20903       83563
 neighbors            3           3           3

            minimum     maximum
 h       0.00320711    0.114534
 kappa       1.0135     29.1358

Estimated current per-rank memory usage is: Min. 39.6M, Max. 99.6M, Avg. 54.7M, Total 218.8M
Estimated current per-node memory usage is: Min. 219.0M, Max. 219.0M, Avg. 219.0M, Total 219.0M

Configuring Dirichlet PEC BC at attributes:
 90

Assembling system matrices, number of global unknowns:
 H1 (p = 1): 14442, ND (p = 1): 99521, RT (p = 1): 168643
 Operator assembly level: Partial
 Mesh geometries:
  Tetrahedron: P = 6, Q = 4 (quadrature order = 2)

Configuring SLEPc eigenvalue solver:
 Scaling γ = 5.924e+04, δ = 2.919e-04
 Configuring divergence-free projection
 Using random starting vector
 Shift-and-invert σ = 1.050e+00 GHz (4.564e+00)

Assembling multigrid hierarchy:
 Level 0 (p = 1): 99521 unknowns
 Level 0 (auxiliary) (p = 1): 14442 unknowns

#PETSc Option Table entries:
-eps_monitor # (source: code)
#End of PETSc Option Table entries

  Residual norms for GMRES solve
  0 (restart 0) KSP residual norm 1.240249e-02
  1 (restart 0) KSP residual norm 6.821941e-15
GMRES solver converged in 1 iteration (avg. reduction factor: 5.500e-13)
  Residual norms for GMRES solve
  0 (restart 0) KSP residual norm 7.266854e+00
  1 (restart 0) KSP residual norm 3.695403e-12
GMRES solver converged in 1 iteration (avg. reduction factor: 5.085e-13)
  Residual norms for GMRES solve
  0 (restart 0) KSP residual norm 3.630798e+00
  1 (restart 0) KSP residual norm 1.876818e-12
GMRES solver converged in 1 iteration (avg. reduction factor: 5.169e-13)
  Residual norms for GMRES solve
  0 (restart 0) KSP residual norm 4.181165e-01
  1 (restart 0) KSP residual norm 3.159375e-13
GMRES solver converged in 1 iteration (avg. reduction factor: 7.556e-13)
  Residual norms for GMRES solve
  0 (restart 0) KSP residual norm 6.005100e-01
  1 (restart 0) KSP residual norm 3.188950e-13
GMRES solver converged in 1 iteration (avg. reduction factor: 5.310e-13)
  Residual norms for GMRES solve
  0 (restart 0) KSP residual norm 8.284033e-01
  1 (restart 0) KSP residual norm 4.171671e-13
GMRES solver converged in 1 iteration (avg. reduction factor: 5.036e-13)
  Residual norms for GMRES solve
  0 (restart 0) KSP residual norm 5.811308e-01
  1 (restart 0) KSP residual norm 3.255688e-13
GMRES solver converged in 1 iteration (avg. reduction factor: 5.602e-13)
  Residual norms for GMRES solve
  0 (restart 0) KSP residual norm 6.277066e-01
  1 (restart 0) KSP residual norm 3.161144e-13
GMRES solver converged in 1 iteration (avg. reduction factor: 5.036e-13)
  Residual norms for GMRES solve
  0 (restart 0) KSP residual norm 2.084125e-01
  1 (restart 0) KSP residual norm 1.004886e-13
GMRES solver converged in 1 iteration (avg. reduction factor: 4.822e-13)
  Residual norms for GMRES solve
  0 (restart 0) KSP residual norm 8.666535e-01
  1 (restart 0) KSP residual norm 4.192793e-13
GMRES solver converged in 1 iteration (avg. reduction factor: 4.838e-13)
  Residual norms for GMRES solve
  0 (restart 0) KSP residual norm 6.893823e-01
  1 (restart 0) KSP residual norm 3.371678e-13
GMRES solver converged in 1 iteration (avg. reduction factor: 4.891e-13)
  Residual norms for GMRES solve
  0 (restart 0) KSP residual norm 7.153336e-01
  1 (restart 0) KSP residual norm 3.223598e-13
GMRES solver converged in 1 iteration (avg. reduction factor: 4.506e-13)
  Residual norms for GMRES solve
  0 (restart 0) KSP residual norm 3.315041e-01
  1 (restart 0) KSP residual norm 1.574532e-13
GMRES solver converged in 1 iteration (avg. reduction factor: 4.750e-13)
  Residual norms for GMRES solve
  0 (restart 0) KSP residual norm 1.297817e+00
  1 (restart 0) KSP residual norm 6.808620e-13
GMRES solver converged in 1 iteration (avg. reduction factor: 5.246e-13)
  Residual norms for GMRES solve
  0 (restart 0) KSP residual norm 5.557966e-01
  1 (restart 0) KSP residual norm 2.696336e-13
GMRES solver converged in 1 iteration (avg. reduction factor: 4.851e-13)
  Residual norms for GMRES solve
  0 (restart 0) KSP residual norm 5.546389e-01
  1 (restart 0) KSP residual norm 2.799218e-13
GMRES solver converged in 1 iteration (avg. reduction factor: 5.047e-13)
  Residual norms for GMRES solve
  0 (restart 0) KSP residual norm 2.836036e-01
  1 (restart 0) KSP residual norm 1.382068e-13
GMRES solver converged in 1 iteration (avg. reduction factor: 4.873e-13)
  Residual norms for GMRES solve
  0 (restart 0) KSP residual norm 5.219565e-01
  1 (restart 0) KSP residual norm 2.534418e-13
GMRES solver converged in 1 iteration (avg. reduction factor: 4.856e-13)
  Residual norms for GMRES solve
  0 (restart 0) KSP residual norm 8.432807e-01
  1 (restart 0) KSP residual norm 4.217309e-13
GMRES solver converged in 1 iteration (avg. reduction factor: 5.001e-13)
  Residual norms for GMRES solve
  0 (restart 0) KSP residual norm 1.765812e+00
  1 (restart 0) KSP residual norm 8.705547e-13
GMRES solver converged in 1 iteration (avg. reduction factor: 4.930e-13)
  Residual norms for GMRES solve
  0 (restart 0) KSP residual norm 1.251774e+00
  1 (restart 0) KSP residual norm 6.120789e-13
GMRES solver converged in 1 iteration (avg. reduction factor: 4.890e-13)
  Residual norms for GMRES solve
  0 (restart 0) KSP residual norm 9.988942e-01
  1 (restart 0) KSP residual norm 4.883340e-13
GMRES solver converged in 1 iteration (avg. reduction factor: 4.889e-13)
  Residual norms for GMRES solve
  0 (restart 0) KSP residual norm 2.284698e+00
  1 (restart 0) KSP residual norm 1.130857e-12
GMRES solver converged in 1 iteration (avg. reduction factor: 4.950e-13)
  Residual norms for GMRES solve
  0 (restart 0) KSP residual norm 1.278549e+00
  1 (restart 0) KSP residual norm 6.238556e-13
GMRES solver converged in 1 iteration (avg. reduction factor: 4.879e-13)
  Residual norms for GMRES solve
  0 (restart 0) KSP residual norm 2.951240e-01
  1 (restart 0) KSP residual norm 1.561175e-13
GMRES solver converged in 1 iteration (avg. reduction factor: 5.290e-13)
  Residual norms for GMRES solve
  0 (restart 0) KSP residual norm 1.125326e+00
  1 (restart 0) KSP residual norm 5.653092e-13
GMRES solver converged in 1 iteration (avg. reduction factor: 5.024e-13)
  Residual norms for GMRES solve
  0 (restart 0) KSP residual norm 7.615965e-01
  1 (restart 0) KSP residual norm 3.792277e-13
GMRES solver converged in 1 iteration (avg. reduction factor: 4.979e-13)
  Residual norms for GMRES solve
  0 (restart 0) KSP residual norm 2.044180e-01
  1 (restart 0) KSP residual norm 1.259398e-13
GMRES solver converged in 1 iteration (avg. reduction factor: 6.161e-13)
  Residual norms for GMRES solve
  0 (restart 0) KSP residual norm 4.157558e-01
  1 (restart 0) KSP residual norm 2.044563e-13
GMRES solver converged in 1 iteration (avg. reduction factor: 4.918e-13)
  Residual norms for GMRES solve
  0 (restart 0) KSP residual norm 3.261407e-01
  1 (restart 0) KSP residual norm 1.614167e-13
GMRES solver converged in 1 iteration (avg. reduction factor: 4.949e-13)
  Residual norms for GMRES solve
  0 (restart 0) KSP residual norm 2.641009e-01
  1 (restart 0) KSP residual norm 1.291549e-13
GMRES solver converged in 1 iteration (avg. reduction factor: 4.890e-13)
  Residual norms for GMRES solve
  0 (restart 0) KSP residual norm 2.713762e-01
  1 (restart 0) KSP residual norm 1.292303e-13
GMRES solver converged in 1 iteration (avg. reduction factor: 4.762e-13)
  Residual norms for GMRES solve
  0 (restart 0) KSP residual norm 2.086226e-01
  1 (restart 0) KSP residual norm 9.081857e-14
GMRES solver converged in 1 iteration (avg. reduction factor: 4.353e-13)
  Residual norms for GMRES solve
  0 (restart 0) KSP residual norm 1.320281e-01
  1 (restart 0) KSP residual norm 4.293750e-14
GMRES solver converged in 1 iteration (avg. reduction factor: 3.252e-13)
  Residual norms for GMRES solve
  0 (restart 0) KSP residual norm 2.422436e-01
  1 (restart 0) KSP residual norm 1.075119e-13
GMRES solver converged in 1 iteration (avg. reduction factor: 4.438e-13)
  Residual norms for GMRES solve
  0 (restart 0) KSP residual norm 3.171566e-01
  1 (restart 0) KSP residual norm 1.497465e-13
GMRES solver converged in 1 iteration (avg. reduction factor: 4.722e-13)
  Residual norms for GMRES solve
  0 (restart 0) KSP residual norm 1.939900e-01
  1 (restart 0) KSP residual norm 8.601296e-14
GMRES solver converged in 1 iteration (avg. reduction factor: 4.434e-13)
  Residual norms for GMRES solve
  0 (restart 0) KSP residual norm 2.238760e-01
  1 (restart 0) KSP residual norm 1.078840e-13
GMRES solver converged in 1 iteration (avg. reduction factor: 4.819e-13)
  Residual norms for GMRES solve
  0 (restart 0) KSP residual norm 1.562576e-01
  1 (restart 0) KSP residual norm 9.870927e-14
GMRES solver converged in 1 iteration (avg. reduction factor: 6.317e-13)
  Residual norms for GMRES solve
  0 (restart 0) KSP residual norm 1.417253e-01
  1 (restart 0) KSP residual norm 8.372699e-14
GMRES solver converged in 1 iteration (avg. reduction factor: 5.908e-13)
  Residual norms for GMRES solve
  0 (restart 0) KSP residual norm 2.322465e-01
  1 (restart 0) KSP residual norm 1.156972e-13
GMRES solver converged in 1 iteration (avg. reduction factor: 4.982e-13)
  Residual norms for GMRES solve
  0 (restart 0) KSP residual norm 1.067114e-01
  1 (restart 0) KSP residual norm 8.029954e-14
GMRES solver converged in 1 iteration (avg. reduction factor: 7.525e-13)
  Residual norms for GMRES solve
  0 (restart 0) KSP residual norm 1.961507e-01
  1 (restart 0) KSP residual norm 9.811497e-14
GMRES solver converged in 1 iteration (avg. reduction factor: 5.002e-13)
  Residual norms for GMRES solve
  0 (restart 0) KSP residual norm 1.784598e-01
  1 (restart 0) KSP residual norm 8.794227e-14
GMRES solver converged in 1 iteration (avg. reduction factor: 4.928e-13)
  1 EPS nconv=10 first unconverged value (error) 0.00186315-5.06237e-13i (3.25404408e-07)
  Residual norms for GMRES solve
  0 (restart 0) KSP residual norm 2.702980e-01
  1 (restart 0) KSP residual norm 1.356065e-13
GMRES solver converged in 1 iteration (avg. reduction factor: 5.017e-13)
  Residual norms for GMRES solve
  0 (restart 0) KSP residual norm 1.593524e-01
  1 (restart 0) KSP residual norm 7.311975e-14
GMRES solver converged in 1 iteration (avg. reduction factor: 4.589e-13)
  Residual norms for GMRES solve
  0 (restart 0) KSP residual norm 3.395258e-01
  1 (restart 0) KSP residual norm 1.743653e-13
GMRES solver converged in 1 iteration (avg. reduction factor: 5.136e-13)
  Residual norms for GMRES solve
  0 (restart 0) KSP residual norm 1.640018e-01
  1 (restart 0) KSP residual norm 8.028732e-14
GMRES solver converged in 1 iteration (avg. reduction factor: 4.896e-13)
  Residual norms for GMRES solve
  0 (restart 0) KSP residual norm 3.376976e-01
  1 (restart 0) KSP residual norm 1.742393e-13
GMRES solver converged in 1 iteration (avg. reduction factor: 5.160e-13)
  Residual norms for GMRES solve
  0 (restart 0) KSP residual norm 2.655268e-01
  1 (restart 0) KSP residual norm 1.444251e-13
GMRES solver converged in 1 iteration (avg. reduction factor: 5.439e-13)
  Residual norms for GMRES solve
  0 (restart 0) KSP residual norm 1.494771e-01
  1 (restart 0) KSP residual norm 7.551226e-14
GMRES solver converged in 1 iteration (avg. reduction factor: 5.052e-13)
  Residual norms for GMRES solve
  0 (restart 0) KSP residual norm 1.607189e-01
  1 (restart 0) KSP residual norm 1.707791e-13
GMRES solver converged in 1 iteration (avg. reduction factor: 1.063e-12)
  Residual norms for GMRES solve
  0 (restart 0) KSP residual norm 3.275781e-01
  1 (restart 0) KSP residual norm 1.692312e-13
GMRES solver converged in 1 iteration (avg. reduction factor: 5.166e-13)
  Residual norms for GMRES solve
  0 (restart 0) KSP residual norm 2.676885e-01
  1 (restart 0) KSP residual norm 1.414115e-13
GMRES solver converged in 1 iteration (avg. reduction factor: 5.283e-13)
  Residual norms for GMRES solve
  0 (restart 0) KSP residual norm 1.340694e-01
  1 (restart 0) KSP residual norm 7.014276e-14
GMRES solver converged in 1 iteration (avg. reduction factor: 5.232e-13)
  Residual norms for GMRES solve
  0 (restart 0) KSP residual norm 2.418947e-01
  1 (restart 0) KSP residual norm 1.917450e-13
GMRES solver converged in 1 iteration (avg. reduction factor: 7.927e-13)
  Residual norms for GMRES solve
  0 (restart 0) KSP residual norm 2.000576e-01
  1 (restart 0) KSP residual norm 1.068214e-13
GMRES solver converged in 1 iteration (avg. reduction factor: 5.340e-13)
  Residual norms for GMRES solve
  0 (restart 0) KSP residual norm 4.458882e-01
  1 (restart 0) KSP residual norm 2.309420e-13
GMRES solver converged in 1 iteration (avg. reduction factor: 5.179e-13)
  Residual norms for GMRES solve
  0 (restart 0) KSP residual norm 1.720445e-01
  1 (restart 0) KSP residual norm 8.545643e-14
GMRES solver converged in 1 iteration (avg. reduction factor: 4.967e-13)
  Residual norms for GMRES solve
  0 (restart 0) KSP residual norm 2.645061e-01
  1 (restart 0) KSP residual norm 1.341464e-13
GMRES solver converged in 1 iteration (avg. reduction factor: 5.072e-13)
  Residual norms for GMRES solve
  0 (restart 0) KSP residual norm 2.768694e-01
  1 (restart 0) KSP residual norm 1.460683e-13
GMRES solver converged in 1 iteration (avg. reduction factor: 5.276e-13)
  2 EPS nconv=16 first unconverged value (error) 0.00264314+4.1065e-10i (2.64413341e-05)
  Residual norms for GMRES solve
  0 (restart 0) KSP residual norm 2.640642e-01
  1 (restart 0) KSP residual norm 1.417254e-13
GMRES solver converged in 1 iteration (avg. reduction factor: 5.367e-13)
  Residual norms for GMRES solve
  0 (restart 0) KSP residual norm 1.140483e-01
  1 (restart 0) KSP residual norm 6.665943e-14
GMRES solver converged in 1 iteration (avg. reduction factor: 5.845e-13)
  Residual norms for GMRES solve
  0 (restart 0) KSP residual norm 2.925857e-01
  1 (restart 0) KSP residual norm 1.537661e-13
GMRES solver converged in 1 iteration (avg. reduction factor: 5.255e-13)
  Residual norms for GMRES solve
  0 (restart 0) KSP residual norm 3.591597e-01
  1 (restart 0) KSP residual norm 1.845494e-13
GMRES solver converged in 1 iteration (avg. reduction factor: 5.138e-13)
  Residual norms for GMRES solve
  0 (restart 0) KSP residual norm 1.075348e-01
  1 (restart 0) KSP residual norm 5.991569e-14
GMRES solver converged in 1 iteration (avg. reduction factor: 5.572e-13)
  Residual norms for GMRES solve
  0 (restart 0) KSP residual norm 5.513674e-01
  1 (restart 0) KSP residual norm 2.921745e-13
GMRES solver converged in 1 iteration (avg. reduction factor: 5.299e-13)
  Residual norms for GMRES solve
  0 (restart 0) KSP residual norm 5.006723e-01
  1 (restart 0) KSP residual norm 2.598483e-13
GMRES solver converged in 1 iteration (avg. reduction factor: 5.190e-13)
  Residual norms for GMRES solve
  0 (restart 0) KSP residual norm 7.801679e-02
  1 (restart 0) KSP residual norm 7.138410e-14
GMRES solver converged in 1 iteration (avg. reduction factor: 9.150e-13)
  Residual norms for GMRES solve
  0 (restart 0) KSP residual norm 3.589189e-01
  1 (restart 0) KSP residual norm 1.818189e-13
GMRES solver converged in 1 iteration (avg. reduction factor: 5.066e-13)
  Residual norms for GMRES solve
  0 (restart 0) KSP residual norm 1.596263e-01
  1 (restart 0) KSP residual norm 1.485653e-13
GMRES solver converged in 1 iteration (avg. reduction factor: 9.307e-13)
  Residual norms for GMRES solve
  0 (restart 0) KSP residual norm 1.748219e-01
  1 (restart 0) KSP residual norm 9.729980e-14
GMRES solver converged in 1 iteration (avg. reduction factor: 5.566e-13)
  Residual norms for GMRES solve
  0 (restart 0) KSP residual norm 2.559066e-01
  1 (restart 0) KSP residual norm 1.285076e-13
GMRES solver converged in 1 iteration (avg. reduction factor: 5.022e-13)
  Residual norms for GMRES solve
  0 (restart 0) KSP residual norm 1.226724e-01
  1 (restart 0) KSP residual norm 6.933173e-14
GMRES solver converged in 1 iteration (avg. reduction factor: 5.652e-13)
  Residual norms for GMRES solve
  0 (restart 0) KSP residual norm 3.053225e-01
  1 (restart 0) KSP residual norm 1.837447e-13
GMRES solver converged in 1 iteration (avg. reduction factor: 6.018e-13)
  3 EPS nconv=22 first unconverged value (error) 0.00280065-3.43175e-13i (1.03976029e-07)

 Linear eigensolve converged (22 eigenpairs) due to CONVERGED_TOL; iterations 3
 Total number of linear systems solved: 75
 Total number of linear solver iterations: 75
 Found 22 converged eigenvalues (first = 2.296e+01+1.406e-14i)

Computing solution error estimates and performing postprocessing

     m,        Re{f} (GHz),        Im{f} (GHz),                  Q,      Error (Bkwd.),       Error (Abs.)
     1,      +1.102454e+00,      +3.375471e-16,      +1.633038e+15,      +5.630732e-17,      +3.859901e-13
     2,      +1.757316e+00,      +7.241346e-16,      +1.213391e+15,      +8.196992e-17,      +5.622443e-13
     3,      +1.757630e+00,      -1.053559e-14,      +8.341394e+13,      +1.439571e-16,      +9.874243e-13
     4,      +1.888827e+00,      -2.255632e-15,      +4.186911e+14,      +7.936695e-17,      +5.444733e-13
     5,      +1.889281e+00,      -4.493228e-15,      +2.102365e+14,      +1.441743e-16,      +9.890652e-13
     6,      +2.022248e+00,      -6.788581e-15,      +1.489448e+14,      +2.411491e-16,      +1.654607e-12
     7,      +2.197199e+00,      -7.984779e-15,      +1.375868e+14,      +1.679761e-15,      +1.152813e-11
     8,      +2.198210e+00,      -5.340388e-15,      +2.058100e+14,      +2.222885e-15,      +1.525559e-11
     9,      +2.343611e+00,      +2.527584e-11,      +4.636070e+10,      +6.290488e-11,      +4.318048e-07
    10,      +2.345084e+00,      -1.027867e-11,      +1.140752e+11,      +3.956227e-11,      +2.715722e-07
    11,      +2.417028e+00,      -6.310284e-14,      +1.915150e+13,      +3.225052e-13,      +2.214054e-09
    12,      +2.430479e+00,      -5.209564e-13,      +2.332709e+12,      +1.450396e-12,      +9.957426e-09
    13,      +2.433067e+00,      +9.179305e-13,      +1.325300e+12,      +1.033908e-12,      +7.098129e-09
    14,      +2.522533e+00,      +8.510511e-12,      +1.482011e+11,      +2.022251e-12,      +1.388541e-08
    15,      +2.563767e+00,      -1.186431e-13,      +1.080454e+13,      +4.111196e-13,      +2.823063e-09
    16,      +2.565750e+00,      +1.555369e-13,      +8.248043e+12,      +2.034649e-13,      +1.397151e-09
    17,      +2.878840e+00,      -1.180824e-12,      +1.218996e+12,      +9.641555e-13,      +6.624247e-09
    18,      +2.884972e+00,      -2.329955e-11,      +6.191048e+10,      +2.340654e-12,      +1.608168e-08
    19,      +2.895587e+00,      +8.861849e-12,      +1.633738e+11,      +1.047806e-11,      +7.199187e-08
    20,      +2.901314e+00,      -8.631318e-12,      +1.680690e+11,      +5.131511e-12,      +3.525759e-08
    21,      +2.947101e+00,      -7.686973e-11,      +1.916945e+10,      +2.472672e-10,      +1.699068e-06
    22,      +2.953629e+00,      -4.701755e-11,      +3.140985e+10,      +1.761682e-10,      +1.210535e-06

Completed 0 iterations of adaptive mesh refinement (AMR):
 Indicator norm = 2.368e-01, global unknowns = 99521
 Max. iterations = 0, tol. = 1.000e-02

Estimated peak per-rank memory usage is: Min. 451.4M, Max. 583.3M, Avg. 488.5M, Total 1.9G
Estimated peak per-node memory usage is: Min. 1.9G, Max. 1.9G, Avg. 1.9G, Total 1.9G

Elapsed Time Report (s)           Min.        Max.        Avg.
==============================================================
Initialization                   0.695       1.683       1.435
  Mesh Preprocessing             1.572       2.557       1.818
Operator Construction            1.698       1.713       1.705
Linear Solve                     4.288       4.399       4.353
  Setup                          0.603       0.604       0.603
  Preconditioner                17.436      17.542      17.476
Eigenvalue Solve                 3.623       3.683       3.653
Div.-Free Projection            22.573      22.634      22.607
Estimation                       0.999       1.075       1.044
  Construction                   2.243       2.244       2.243
  Solve                         28.656      28.706      28.689
Postprocessing                   4.540       4.628       4.588
Disk IO                          2.292       2.298       2.295
--------------------------------------------------------------
Total                           93.893      93.904      93.901

Peak Memory                   Per-Node       Total   Total HWM
==============================================================
Initialization                    6.5M        6.5M        6.5M
  Mesh Preprocessing             57.6M       57.6M       64.0M
Operator Construction           128.7M      128.7M      192.7M
Linear Solve                    128.0K      128.0K      192.8M
  Setup                         212.5M      212.5M      405.3M
  Preconditioner                  1.2G        1.2G        1.6G
Eigenvalue Solve                 41.0M       41.0M        1.7G
Div.-Free Projection             67.6M       67.6M        1.7G
Estimation                       10.5M       10.5M        1.7G
  Construction                    1.9M        1.9M        1.7G
  Solve                           4.8M        4.8M        1.7G
Postprocessing                  128.0K      128.0K        1.7G
Disk IO                          66.8M       66.8M        1.8G
--------------------------------------------------------------
Total                             1.9G        1.9G        1.9G

