>> /home/tanderson/.local/share/mamba/envs/emsim/bin/mpirun -n 4 /home/tanderson/.local/opt/palace/bin/palace-x86_64.bin e0c_off_0.json

_____________     _______
_____   __   \____ __   /____ ____________
____   /_/  /  __ ` /  /  __ ` /  ___/  _ \
___   _____/  /_/  /  /  /_/  /  /__/  ___/
  /__/     \___,__/__/\___,__/\_____\_____/

Git changeset ID: 3c83b9d
Running with 4 MPI processes, 1 OpenMP thread
Device configuration: omp,cpu
Memory configuration: host-std
libCEED backend: /cpu/self/opt/blocked

Added 11866 boundary elements for material interfaces to the mesh

Characteristic length and time scales:
 Lc = 2.074e-01 m, tc = 6.918e-01 ns
Finished partitioning mesh into 4 subdomains

Mesh curvature order: 2
Mesh bounding box:
 (Xmin, Ymin, Zmin) = (+1.523e-01, +1.523e-01, +2.117e-01) m
 (Xmax, Ymax, Zmax) = (+3.597e-01, +3.597e-01, +3.003e-01) m

Parallel Mesh Stats:

                minimum     average     maximum       total
 vertices          3400        3618        4217       14472
 edges            24306       24952       26722       99808
 faces            41860       42286       43459      169146
 elements         20949       20952       20955       83809
 neighbors            2           2           3

            minimum     maximum
 h       0.00320688    0.116966
 kappa       1.0161     29.1423

Estimated current per-rank memory usage is: Min. 39.7M, Max. 96.4M, Avg. 54.0M, Total 215.9M
Estimated current per-node memory usage is: Min. 215.9M, Max. 215.9M, Avg. 215.9M, Total 215.9M

Configuring Dirichlet PEC BC at attributes:
 90

Assembling system matrices, number of global unknowns:
 H1 (p = 1): 14472, ND (p = 1): 99808, RT (p = 1): 169146
 Operator assembly level: Partial
 Mesh geometries:
  Tetrahedron: P = 6, Q = 4 (quadrature order = 2)

Configuring SLEPc eigenvalue solver:
 Scaling γ = 5.832e+04, δ = 2.995e-04
 Configuring divergence-free projection
 Using random starting vector
 Shift-and-invert σ = 1.050e+00 GHz (4.564e+00)

Assembling multigrid hierarchy:
 Level 0 (p = 1): 99808 unknowns
 Level 0 (auxiliary) (p = 1): 14472 unknowns

#PETSc Option Table entries:
-eps_monitor # (source: code)
#End of PETSc Option Table entries

  Residual norms for GMRES solve
  0 (restart 0) KSP residual norm 3.718783e-02
  1 (restart 0) KSP residual norm 1.915251e-13
GMRES solver converged in 1 iteration (avg. reduction factor: 5.150e-12)
  Residual norms for GMRES solve
  0 (restart 0) KSP residual norm 8.080268e+00
  1 (restart 0) KSP residual norm 1.339123e-11
GMRES solver converged in 1 iteration (avg. reduction factor: 1.657e-12)
  Residual norms for GMRES solve
  0 (restart 0) KSP residual norm 1.331876e+00
  1 (restart 0) KSP residual norm 8.990959e-12
GMRES solver converged in 1 iteration (avg. reduction factor: 6.751e-12)
  Residual norms for GMRES solve
  0 (restart 0) KSP residual norm 3.676480e-01
  1 (restart 0) KSP residual norm 1.201954e-11
GMRES solver converged in 1 iteration (avg. reduction factor: 3.269e-11)
  Residual norms for GMRES solve
  0 (restart 0) KSP residual norm 3.652219e-01
  1 (restart 0) KSP residual norm 9.998478e-12
GMRES solver converged in 1 iteration (avg. reduction factor: 2.738e-11)
  Residual norms for GMRES solve
  0 (restart 0) KSP residual norm 3.226680e-01
  1 (restart 0) KSP residual norm 5.179690e-12
GMRES solver converged in 1 iteration (avg. reduction factor: 1.605e-11)
  Residual norms for GMRES solve
  0 (restart 0) KSP residual norm 4.184721e-01
  1 (restart 0) KSP residual norm 5.151064e-12
GMRES solver converged in 1 iteration (avg. reduction factor: 1.231e-11)
  Residual norms for GMRES solve
  0 (restart 0) KSP residual norm 3.783948e-01
  1 (restart 0) KSP residual norm 6.877199e-12
GMRES solver converged in 1 iteration (avg. reduction factor: 1.817e-11)
  Residual norms for GMRES solve
  0 (restart 0) KSP residual norm 2.515303e-01
  1 (restart 0) KSP residual norm 5.090948e-12
GMRES solver converged in 1 iteration (avg. reduction factor: 2.024e-11)
  Residual norms for GMRES solve
  0 (restart 0) KSP residual norm 4.885509e-01
  1 (restart 0) KSP residual norm 1.083526e-11
GMRES solver converged in 1 iteration (avg. reduction factor: 2.218e-11)
  Residual norms for GMRES solve
  0 (restart 0) KSP residual norm 3.529441e-01
  1 (restart 0) KSP residual norm 2.831601e-11
GMRES solver converged in 1 iteration (avg. reduction factor: 8.023e-11)
  Residual norms for GMRES solve
  0 (restart 0) KSP residual norm 3.973248e-01
  1 (restart 0) KSP residual norm 2.814004e-11
GMRES solver converged in 1 iteration (avg. reduction factor: 7.082e-11)
  Residual norms for GMRES solve
  0 (restart 0) KSP residual norm 3.571605e-01
  1 (restart 0) KSP residual norm 5.820671e-12
GMRES solver converged in 1 iteration (avg. reduction factor: 1.630e-11)
  Residual norms for GMRES solve
  0 (restart 0) KSP residual norm 4.358901e-01
  1 (restart 0) KSP residual norm 3.589948e-12
GMRES solver converged in 1 iteration (avg. reduction factor: 8.236e-12)
  Residual norms for GMRES solve
  0 (restart 0) KSP residual norm 3.504938e-01
  1 (restart 0) KSP residual norm 9.986374e-12
GMRES solver converged in 1 iteration (avg. reduction factor: 2.849e-11)
  Residual norms for GMRES solve
  0 (restart 0) KSP residual norm 4.345679e-01
  1 (restart 0) KSP residual norm 1.421582e-11
GMRES solver converged in 1 iteration (avg. reduction factor: 3.271e-11)
  Residual norms for GMRES solve
  0 (restart 0) KSP residual norm 3.155743e-01
  1 (restart 0) KSP residual norm 4.891899e-12
GMRES solver converged in 1 iteration (avg. reduction factor: 1.550e-11)
  Residual norms for GMRES solve
  0 (restart 0) KSP residual norm 8.041865e-01
  1 (restart 0) KSP residual norm 2.215939e-12
GMRES solver converged in 1 iteration (avg. reduction factor: 2.756e-12)
  Residual norms for GMRES solve
  0 (restart 0) KSP residual norm 7.237896e-01
  1 (restart 0) KSP residual norm 1.705035e-12
GMRES solver converged in 1 iteration (avg. reduction factor: 2.356e-12)
  Residual norms for GMRES solve
  0 (restart 0) KSP residual norm 4.507226e-01
  1 (restart 0) KSP residual norm 1.022303e-12
GMRES solver converged in 1 iteration (avg. reduction factor: 2.268e-12)
  Residual norms for GMRES solve
  0 (restart 0) KSP residual norm 7.661003e-01
  1 (restart 0) KSP residual norm 1.914867e-12
GMRES solver converged in 1 iteration (avg. reduction factor: 2.499e-12)
  Residual norms for GMRES solve
  0 (restart 0) KSP residual norm 2.552544e-01
  1 (restart 0) KSP residual norm 7.054498e-13
GMRES solver converged in 1 iteration (avg. reduction factor: 2.764e-12)
  Residual norms for GMRES solve
  0 (restart 0) KSP residual norm 1.860269e+00
  1 (restart 0) KSP residual norm 3.285190e-12
GMRES solver converged in 1 iteration (avg. reduction factor: 1.766e-12)
  Residual norms for GMRES solve
  0 (restart 0) KSP residual norm 1.333091e+00
  1 (restart 0) KSP residual norm 3.537905e-12
GMRES solver converged in 1 iteration (avg. reduction factor: 2.654e-12)
  Residual norms for GMRES solve
  0 (restart 0) KSP residual norm 4.074984e-01
  1 (restart 0) KSP residual norm 1.136384e-12
GMRES solver converged in 1 iteration (avg. reduction factor: 2.789e-12)
  Residual norms for GMRES solve
  0 (restart 0) KSP residual norm 2.003914e+00
  1 (restart 0) KSP residual norm 3.754871e-12
GMRES solver converged in 1 iteration (avg. reduction factor: 1.874e-12)
  Residual norms for GMRES solve
  0 (restart 0) KSP residual norm 2.098269e+00
  1 (restart 0) KSP residual norm 3.529490e-12
GMRES solver converged in 1 iteration (avg. reduction factor: 1.682e-12)
  Residual norms for GMRES solve
  0 (restart 0) KSP residual norm 2.333174e-01
  1 (restart 0) KSP residual norm 1.774436e-12
GMRES solver converged in 1 iteration (avg. reduction factor: 7.605e-12)
  Residual norms for GMRES solve
  0 (restart 0) KSP residual norm 1.771116e+00
  1 (restart 0) KSP residual norm 1.791966e-12
GMRES solver converged in 1 iteration (avg. reduction factor: 1.012e-12)
  Residual norms for GMRES solve
  0 (restart 0) KSP residual norm 1.362815e+00
  1 (restart 0) KSP residual norm 2.777382e-12
GMRES solver converged in 1 iteration (avg. reduction factor: 2.038e-12)
  Residual norms for GMRES solve
  0 (restart 0) KSP residual norm 2.849450e-01
  1 (restart 0) KSP residual norm 1.521746e-12
GMRES solver converged in 1 iteration (avg. reduction factor: 5.340e-12)
  Residual norms for GMRES solve
  0 (restart 0) KSP residual norm 1.619578e-01
  1 (restart 0) KSP residual norm 3.297834e-12
GMRES solver converged in 1 iteration (avg. reduction factor: 2.036e-11)
  Residual norms for GMRES solve
  0 (restart 0) KSP residual norm 2.611675e-01
  1 (restart 0) KSP residual norm 6.053135e-12
GMRES solver converged in 1 iteration (avg. reduction factor: 2.318e-11)
  Residual norms for GMRES solve
  0 (restart 0) KSP residual norm 2.679372e-01
  1 (restart 0) KSP residual norm 2.685756e-12
GMRES solver converged in 1 iteration (avg. reduction factor: 1.002e-11)
  Residual norms for GMRES solve
  0 (restart 0) KSP residual norm 3.077588e-01
  1 (restart 0) KSP residual norm 2.382473e-12
GMRES solver converged in 1 iteration (avg. reduction factor: 7.741e-12)
  Residual norms for GMRES solve
  0 (restart 0) KSP residual norm 1.825692e-01
  1 (restart 0) KSP residual norm 1.593453e-12
GMRES solver converged in 1 iteration (avg. reduction factor: 8.728e-12)
  Residual norms for GMRES solve
  0 (restart 0) KSP residual norm 1.614288e-01
  1 (restart 0) KSP residual norm 1.128721e-12
GMRES solver converged in 1 iteration (avg. reduction factor: 6.992e-12)
  Residual norms for GMRES solve
  0 (restart 0) KSP residual norm 2.839406e-01
  1 (restart 0) KSP residual norm 1.316310e-12
GMRES solver converged in 1 iteration (avg. reduction factor: 4.636e-12)
  Residual norms for GMRES solve
  0 (restart 0) KSP residual norm 1.168770e-01
  1 (restart 0) KSP residual norm 2.069967e-12
GMRES solver converged in 1 iteration (avg. reduction factor: 1.771e-11)
  Residual norms for GMRES solve
  0 (restart 0) KSP residual norm 1.892186e-01
  1 (restart 0) KSP residual norm 1.198177e-12
GMRES solver converged in 1 iteration (avg. reduction factor: 6.332e-12)
  Residual norms for GMRES solve
  0 (restart 0) KSP residual norm 1.509399e-01
  1 (restart 0) KSP residual norm 1.030251e-12
GMRES solver converged in 1 iteration (avg. reduction factor: 6.826e-12)
  Residual norms for GMRES solve
  0 (restart 0) KSP residual norm 2.259139e-01
  1 (restart 0) KSP residual norm 1.212257e-12
GMRES solver converged in 1 iteration (avg. reduction factor: 5.366e-12)
  Residual norms for GMRES solve
  0 (restart 0) KSP residual norm 2.778461e-01
  1 (restart 0) KSP residual norm 2.037360e-12
GMRES solver converged in 1 iteration (avg. reduction factor: 7.333e-12)
  Residual norms for GMRES solve
  0 (restart 0) KSP residual norm 1.228918e-01
  1 (restart 0) KSP residual norm 1.823315e-12
GMRES solver converged in 1 iteration (avg. reduction factor: 1.484e-11)
  1 EPS nconv=10 first unconverged value (error) 0.00189641+5.34723e-12i (5.34048668e-07)
  Residual norms for GMRES solve
  0 (restart 0) KSP residual norm 2.511888e-01
  1 (restart 0) KSP residual norm 1.201744e-12
GMRES solver converged in 1 iteration (avg. reduction factor: 4.784e-12)
  Residual norms for GMRES solve
  0 (restart 0) KSP residual norm 9.668176e-02
  1 (restart 0) KSP residual norm 6.852834e-13
GMRES solver converged in 1 iteration (avg. reduction factor: 7.088e-12)
  Residual norms for GMRES solve
  0 (restart 0) KSP residual norm 4.241625e-01
  1 (restart 0) KSP residual norm 1.714156e-12
GMRES solver converged in 1 iteration (avg. reduction factor: 4.041e-12)
  Residual norms for GMRES solve
  0 (restart 0) KSP residual norm 1.526437e-01
  1 (restart 0) KSP residual norm 1.840495e-12
GMRES solver converged in 1 iteration (avg. reduction factor: 1.206e-11)
  Residual norms for GMRES solve
  0 (restart 0) KSP residual norm 2.105114e-01
  1 (restart 0) KSP residual norm 1.717256e-12
GMRES solver converged in 1 iteration (avg. reduction factor: 8.158e-12)
  Residual norms for GMRES solve
  0 (restart 0) KSP residual norm 1.302742e-01
  1 (restart 0) KSP residual norm 2.315901e-12
GMRES solver converged in 1 iteration (avg. reduction factor: 1.778e-11)
  Residual norms for GMRES solve
  0 (restart 0) KSP residual norm 2.252387e-01
  1 (restart 0) KSP residual norm 5.398372e-13
GMRES solver converged in 1 iteration (avg. reduction factor: 2.397e-12)
  Residual norms for GMRES solve
  0 (restart 0) KSP residual norm 1.187856e-01
  1 (restart 0) KSP residual norm 2.624738e-12
GMRES solver converged in 1 iteration (avg. reduction factor: 2.210e-11)
  Residual norms for GMRES solve
  0 (restart 0) KSP residual norm 1.896869e-01
  1 (restart 0) KSP residual norm 3.177255e-12
GMRES solver converged in 1 iteration (avg. reduction factor: 1.675e-11)
  Residual norms for GMRES solve
  0 (restart 0) KSP residual norm 1.472722e-01
  1 (restart 0) KSP residual norm 6.606322e-13
GMRES solver converged in 1 iteration (avg. reduction factor: 4.486e-12)
  Residual norms for GMRES solve
  0 (restart 0) KSP residual norm 1.886287e-01
  1 (restart 0) KSP residual norm 1.103278e-12
GMRES solver converged in 1 iteration (avg. reduction factor: 5.849e-12)
  Residual norms for GMRES solve
  0 (restart 0) KSP residual norm 1.941942e-01
  1 (restart 0) KSP residual norm 5.241350e-13
GMRES solver converged in 1 iteration (avg. reduction factor: 2.699e-12)
  Residual norms for GMRES solve
  0 (restart 0) KSP residual norm 1.803613e-01
  1 (restart 0) KSP residual norm 1.785607e-12
GMRES solver converged in 1 iteration (avg. reduction factor: 9.900e-12)
  Residual norms for GMRES solve
  0 (restart 0) KSP residual norm 3.966017e-01
  1 (restart 0) KSP residual norm 1.374162e-12
GMRES solver converged in 1 iteration (avg. reduction factor: 3.465e-12)
  Residual norms for GMRES solve
  0 (restart 0) KSP residual norm 2.001287e-01
  1 (restart 0) KSP residual norm 1.214508e-12
GMRES solver converged in 1 iteration (avg. reduction factor: 6.069e-12)
  Residual norms for GMRES solve
  0 (restart 0) KSP residual norm 3.073719e-01
  1 (restart 0) KSP residual norm 1.793266e-12
GMRES solver converged in 1 iteration (avg. reduction factor: 5.834e-12)
  Residual norms for GMRES solve
  0 (restart 0) KSP residual norm 1.625803e-01
  1 (restart 0) KSP residual norm 2.627119e-12
GMRES solver converged in 1 iteration (avg. reduction factor: 1.616e-11)
  2 EPS nconv=16 first unconverged value (error) 0.00267929-2.97762e-11i (3.49196248e-05)
  Residual norms for GMRES solve
  0 (restart 0) KSP residual norm 3.409520e-01
  1 (restart 0) KSP residual norm 9.397279e-13
GMRES solver converged in 1 iteration (avg. reduction factor: 2.756e-12)
  Residual norms for GMRES solve
  0 (restart 0) KSP residual norm 3.820506e-01
  1 (restart 0) KSP residual norm 9.065802e-13
GMRES solver converged in 1 iteration (avg. reduction factor: 2.373e-12)
  Residual norms for GMRES solve
  0 (restart 0) KSP residual norm 2.425562e-01
  1 (restart 0) KSP residual norm 7.931267e-13
GMRES solver converged in 1 iteration (avg. reduction factor: 3.270e-12)
  Residual norms for GMRES solve
  0 (restart 0) KSP residual norm 6.557717e-01
  1 (restart 0) KSP residual norm 2.392692e-12
GMRES solver converged in 1 iteration (avg. reduction factor: 3.649e-12)
  Residual norms for GMRES solve
  0 (restart 0) KSP residual norm 2.868340e-01
  1 (restart 0) KSP residual norm 6.645665e-13
GMRES solver converged in 1 iteration (avg. reduction factor: 2.317e-12)
  Residual norms for GMRES solve
  0 (restart 0) KSP residual norm 4.498920e-01
  1 (restart 0) KSP residual norm 1.061128e-12
GMRES solver converged in 1 iteration (avg. reduction factor: 2.359e-12)
  Residual norms for GMRES solve
  0 (restart 0) KSP residual norm 3.908596e-01
  1 (restart 0) KSP residual norm 3.505706e-13
GMRES solver converged in 1 iteration (avg. reduction factor: 8.969e-13)
  Residual norms for GMRES solve
  0 (restart 0) KSP residual norm 1.370546e-01
  1 (restart 0) KSP residual norm 4.985486e-13
GMRES solver converged in 1 iteration (avg. reduction factor: 3.638e-12)
  Residual norms for GMRES solve
  0 (restart 0) KSP residual norm 3.841629e-01
  1 (restart 0) KSP residual norm 5.448954e-13
GMRES solver converged in 1 iteration (avg. reduction factor: 1.418e-12)
  Residual norms for GMRES solve
  0 (restart 0) KSP residual norm 1.982477e-01
  1 (restart 0) KSP residual norm 6.098829e-13
GMRES solver converged in 1 iteration (avg. reduction factor: 3.076e-12)
  Residual norms for GMRES solve
  0 (restart 0) KSP residual norm 3.101641e-01
  1 (restart 0) KSP residual norm 1.538636e-12
GMRES solver converged in 1 iteration (avg. reduction factor: 4.961e-12)
  Residual norms for GMRES solve
  0 (restart 0) KSP residual norm 5.247206e-01
  1 (restart 0) KSP residual norm 1.343128e-12
GMRES solver converged in 1 iteration (avg. reduction factor: 2.560e-12)
  Residual norms for GMRES solve
  0 (restart 0) KSP residual norm 1.634740e-01
  1 (restart 0) KSP residual norm 1.669092e-12
GMRES solver converged in 1 iteration (avg. reduction factor: 1.021e-11)
  Residual norms for GMRES solve
  0 (restart 0) KSP residual norm 4.509228e-01
  1 (restart 0) KSP residual norm 5.206937e-13
GMRES solver converged in 1 iteration (avg. reduction factor: 1.155e-12)
  3 EPS nconv=21 first unconverged value (error) 0.0028246+3.51505e-12i (5.84855024e-08)
  Residual norms for GMRES solve
  0 (restart 0) KSP residual norm 3.253222e-01
  1 (restart 0) KSP residual norm 1.145916e-12
GMRES solver converged in 1 iteration (avg. reduction factor: 3.522e-12)
  Residual norms for GMRES solve
  0 (restart 0) KSP residual norm 3.950323e-01
  1 (restart 0) KSP residual norm 1.398368e-12
GMRES solver converged in 1 iteration (avg. reduction factor: 3.540e-12)
  Residual norms for GMRES solve
  0 (restart 0) KSP residual norm 2.404371e-01
  1 (restart 0) KSP residual norm 1.643889e-12
GMRES solver converged in 1 iteration (avg. reduction factor: 6.837e-12)
  Residual norms for GMRES solve
  0 (restart 0) KSP residual norm 3.826332e-01
  1 (restart 0) KSP residual norm 2.247949e-12
GMRES solver converged in 1 iteration (avg. reduction factor: 5.875e-12)
  Residual norms for GMRES solve
  0 (restart 0) KSP residual norm 1.830608e-01
  1 (restart 0) KSP residual norm 3.423896e-13
GMRES solver converged in 1 iteration (avg. reduction factor: 1.870e-12)
  Residual norms for GMRES solve
  0 (restart 0) KSP residual norm 1.637563e-01
  1 (restart 0) KSP residual norm 9.836254e-13
GMRES solver converged in 1 iteration (avg. reduction factor: 6.007e-12)
  Residual norms for GMRES solve
  0 (restart 0) KSP residual norm 4.431484e-01
  1 (restart 0) KSP residual norm 8.020768e-13
GMRES solver converged in 1 iteration (avg. reduction factor: 1.810e-12)
  Residual norms for GMRES solve
  0 (restart 0) KSP residual norm 3.014634e-01
  1 (restart 0) KSP residual norm 4.680991e-13
GMRES solver converged in 1 iteration (avg. reduction factor: 1.553e-12)
  Residual norms for GMRES solve
  0 (restart 0) KSP residual norm 3.359796e-01
  1 (restart 0) KSP residual norm 5.629004e-13
GMRES solver converged in 1 iteration (avg. reduction factor: 1.675e-12)
  Residual norms for GMRES solve
  0 (restart 0) KSP residual norm 7.773918e-01
  1 (restart 0) KSP residual norm 1.347714e-12
GMRES solver converged in 1 iteration (avg. reduction factor: 1.734e-12)
  Residual norms for GMRES solve
  0 (restart 0) KSP residual norm 1.748946e-01
  1 (restart 0) KSP residual norm 1.540037e-12
GMRES solver converged in 1 iteration (avg. reduction factor: 8.806e-12)
  Residual norms for GMRES solve
  0 (restart 0) KSP residual norm 6.142565e-01
  1 (restart 0) KSP residual norm 9.411844e-13
GMRES solver converged in 1 iteration (avg. reduction factor: 1.532e-12)
  4 EPS nconv=27 first unconverged value (error) 0.00360902+1.18345e-09i (6.49578733e-05)

 Linear eigensolve converged (27 eigenpairs) due to CONVERGED_TOL; iterations 4
 Total number of linear systems solved: 87
 Total number of linear solver iterations: 87
 Found 27 converged eigenvalues (first = 2.296e+01+6.529e-15i)

Computing solution error estimates and performing postprocessing

     m,        Re{f} (GHz),        Im{f} (GHz),                  Q,      Error (Bkwd.),       Error (Abs.)
     1,      +1.102466e+00,      +1.567102e-16,      +3.517530e+15,      +2.153342e-16,      +1.438760e-12
     2,      +1.756931e+00,      +3.422377e-13,      +2.566829e+12,      +4.304008e-15,      +2.877476e-11
     3,      +1.757748e+00,      +4.375103e-13,      +2.008808e+12,      +4.103667e-15,      +2.743539e-11
     4,      +1.889240e+00,      +7.557462e-13,      +1.249917e+12,      +1.571315e-15,      +1.050678e-11
     5,      +1.889946e+00,      +2.959198e-13,      +3.193341e+12,      +2.721633e-15,      +1.819853e-11
     6,      +2.021979e+00,      -3.571619e-13,      +2.830620e+12,      +8.312234e-16,      +5.559006e-12
     7,      +2.198321e+00,      +4.116928e-13,      +2.669855e+12,      +2.369859e-15,      +1.585282e-11
     8,      +2.199548e+00,      +3.015428e-13,      +3.647156e+12,      +2.795226e-15,      +1.869827e-11
     9,      +2.343424e+00,      +6.149809e-12,      +1.905282e+11,      +7.617762e-11,      +5.096874e-07
    10,      +2.344475e+00,      +7.454741e-12,      +1.572472e+11,      +8.925539e-11,      +5.971888e-07
    11,      +2.419445e+00,      -5.504898e-13,      +2.197538e+12,      +7.090833e-13,      +4.744873e-09
    12,      +2.425187e+00,      +1.743444e-13,      +6.955162e+12,      +3.900256e-13,      +2.609903e-09
    13,      +2.432238e+00,      +2.461709e-13,      +4.940143e+12,      +5.684133e-13,      +3.803648e-09
    14,      +2.521349e+00,      -2.818128e-12,      +4.473447e+11,      +1.240065e-12,      +8.299317e-09
    15,      +2.565507e+00,      -1.074363e-12,      +1.193967e+12,      +1.080361e-12,      +7.230999e-09
    16,      +2.566448e+00,      -3.350934e-13,      +3.829452e+12,      +9.786427e-13,      +6.550198e-09
    17,      +2.875804e+00,      +1.544437e-11,      +9.310200e+10,      +1.274031e-12,      +8.531914e-09
    18,      +2.879347e+00,      +2.667877e-11,      +5.396327e+10,      +1.380593e-12,      +9.245602e-09
    19,      +2.896028e+00,      +9.670495e-12,      +1.497352e+11,      +8.999549e-12,      +6.027035e-08
    20,      +2.901470e+00,      -3.598734e-11,      +4.031236e+10,      +5.320989e-12,      +3.563524e-08
    21,      +2.947397e+00,      -1.362364e-10,      +1.081721e+10,      +1.592565e-10,      +1.066651e-06
    22,      +2.952758e+00,      -2.233592e-13,      +6.609886e+12,      +7.460837e-13,      +4.997088e-09
    23,      +2.963663e+00,      -2.135706e-12,      +6.938369e+11,      +1.479479e-12,      +9.909402e-09
    24,      +2.967615e+00,      +1.175711e-11,      +1.262051e+11,      +6.293940e-12,      +4.215649e-08
    25,      +3.038490e+00,      -5.988475e-13,      +2.536948e+12,      +6.098346e-13,      +4.085203e-09
    26,      +3.184788e+00,      -1.394645e-11,      +1.141791e+11,      +3.922535e-12,      +2.628428e-08
    27,      +3.194053e+00,      -4.142445e-12,      +3.855276e+11,      +1.269177e-12,      +8.504711e-09

Completed 0 iterations of adaptive mesh refinement (AMR):
 Indicator norm = 2.361e-01, global unknowns = 99808
 Max. iterations = 0, tol. = 1.000e-02

Estimated peak per-rank memory usage is: Min. 446.7M, Max. 540.7M, Avg. 482.7M, Total 1.9G
Estimated peak per-node memory usage is: Min. 1.9G, Max. 1.9G, Avg. 1.9G, Total 1.9G

Elapsed Time Report (s)           Min.        Max.        Avg.
==============================================================
Initialization                   0.686       1.588       1.361
  Mesh Preprocessing             1.204       2.106       1.431
Operator Construction            1.323       1.355       1.345
Linear Solve                     6.182       6.210       6.201
  Setup                          0.540       0.541       0.540
  Preconditioner                27.325      27.361      27.343
Eigenvalue Solve                 6.130       6.512       6.268
Div.-Free Projection            39.252      39.644      39.513
Estimation                       1.056       1.116       1.081
  Construction                   1.909       1.910       1.910
  Solve                         28.348      28.386      28.370
Postprocessing                   6.306       6.332       6.319
Disk IO                          2.337       2.352       2.348
--------------------------------------------------------------
Total                          125.405     125.410     125.409

Peak Memory                   Per-Node       Total   Total HWM
==============================================================
Initialization                    6.6M        6.6M        6.6M
  Mesh Preprocessing             56.8M       56.8M       63.4M
Operator Construction           124.6M      124.6M      188.0M
Linear Solve                    680.0K      680.0K      188.7M
  Setup                         213.0M      213.0M      401.7M
  Preconditioner                  1.2G        1.2G        1.6G
Eigenvalue Solve                 37.9M       37.9M        1.6G
Div.-Free Projection             71.6M       71.6M        1.7G
Estimation                        1.9M        1.9M        1.7G
  Construction                    1.0M        1.0M        1.7G
  Solve                           9.1M        9.1M        1.7G
Postprocessing                    6.2M        6.2M        1.7G
Disk IO                          67.0M       67.0M        1.8G
--------------------------------------------------------------
Total                             1.8G        1.8G        1.8G

