>> /home/tanderson/.local/share/mamba/envs/emsim/bin/mpirun -n 4 /home/tanderson/.local/opt/palace/bin/palace-x86_64.bin e0c_at0_120.json

_____________     _______
_____   __   \____ __   /____ ____________
____   /_/  /  __ ` /  /  __ ` /  ___/  _ \
___   _____/  /_/  /  /  /_/  /  /__/  ___/
  /__/     \___,__/__/\___,__/\_____\_____/

Git changeset ID: 3c83b9d
Running with 4 MPI processes, 1 OpenMP thread
Device configuration: omp,cpu
Memory configuration: host-std
libCEED backend: /cpu/self/opt/blocked

Added 11830 boundary elements for material interfaces to the mesh

Characteristic length and time scales:
 Lc = 2.074e-01 m, tc = 6.918e-01 ns
Finished partitioning mesh into 4 subdomains

Mesh curvature order: 2
Mesh bounding box:
 (Xmin, Ymin, Zmin) = (-1.037e-01, -1.037e-01, -4.426e-02) m
 (Xmax, Ymax, Zmax) = (+1.037e-01, +1.037e-01, +4.426e-02) m

Parallel Mesh Stats:

                minimum     average     maximum       total
 vertices          3349        3611        3882       14444
 edges            23809       24886       26013       99544
 faces            40890       42170       43664      168680
 elements         20416       20894       21507       83579
 neighbors            3           3           3

            minimum     maximum
 h       0.00427247    0.113502
 kappa       1.0098     13.2286

Estimated current per-rank memory usage is: Min. 39.3M, Max. 99.0M, Avg. 54.5M, Total 218.1M
Estimated current per-node memory usage is: Min. 218.2M, Max. 218.2M, Avg. 218.2M, Total 218.2M

Configuring Dirichlet PEC BC at attributes:
 90

Assembling system matrices, number of global unknowns:
 H1 (p = 1): 14444, ND (p = 1): 99544, RT (p = 1): 168680
 Operator assembly level: Partial
 Mesh geometries:
  Tetrahedron: P = 6, Q = 4 (quadrature order = 2)

Configuring SLEPc eigenvalue solver:
 Scaling γ = 3.523e+04, δ = 4.868e-04
 Configuring divergence-free projection
 Using random starting vector
 Shift-and-invert σ = 1.050e+00 GHz (4.564e+00)

Assembling multigrid hierarchy:
 Level 0 (p = 1): 99544 unknowns
 Level 0 (auxiliary) (p = 1): 14444 unknowns

#PETSc Option Table entries:
-eps_monitor # (source: code)
#End of PETSc Option Table entries

  Residual norms for GMRES solve
  0 (restart 0) KSP residual norm 3.834171e-02
  1 (restart 0) KSP residual norm 2.577072e-14
GMRES solver converged in 1 iteration (avg. reduction factor: 6.721e-13)
  Residual norms for GMRES solve
  0 (restart 0) KSP residual norm 8.008559e+00
  1 (restart 0) KSP residual norm 6.535965e-12
GMRES solver converged in 1 iteration (avg. reduction factor: 8.161e-13)
  Residual norms for GMRES solve
  0 (restart 0) KSP residual norm 5.680746e-01
  1 (restart 0) KSP residual norm 6.083675e-13
GMRES solver converged in 1 iteration (avg. reduction factor: 1.071e-12)
  Residual norms for GMRES solve
  0 (restart 0) KSP residual norm 3.984600e-01
  1 (restart 0) KSP residual norm 1.150325e-12
GMRES solver converged in 1 iteration (avg. reduction factor: 2.887e-12)
  Residual norms for GMRES solve
  0 (restart 0) KSP residual norm 3.884785e-01
  1 (restart 0) KSP residual norm 1.169423e-12
GMRES solver converged in 1 iteration (avg. reduction factor: 3.010e-12)
  Residual norms for GMRES solve
  0 (restart 0) KSP residual norm 3.984205e-01
  1 (restart 0) KSP residual norm 6.859237e-13
GMRES solver converged in 1 iteration (avg. reduction factor: 1.722e-12)
  Residual norms for GMRES solve
  0 (restart 0) KSP residual norm 2.590336e-01
  1 (restart 0) KSP residual norm 3.102521e-13
GMRES solver converged in 1 iteration (avg. reduction factor: 1.198e-12)
  Residual norms for GMRES solve
  0 (restart 0) KSP residual norm 3.955612e-01
  1 (restart 0) KSP residual norm 2.470153e-13
GMRES solver converged in 1 iteration (avg. reduction factor: 6.245e-13)
  Residual norms for GMRES solve
  0 (restart 0) KSP residual norm 3.680951e-01
  1 (restart 0) KSP residual norm 1.736830e-13
GMRES solver converged in 1 iteration (avg. reduction factor: 4.718e-13)
  Residual norms for GMRES solve
  0 (restart 0) KSP residual norm 3.755054e-01
  1 (restart 0) KSP residual norm 2.894125e-13
GMRES solver converged in 1 iteration (avg. reduction factor: 7.707e-13)
  Residual norms for GMRES solve
  0 (restart 0) KSP residual norm 3.390696e-01
  1 (restart 0) KSP residual norm 9.327712e-13
GMRES solver converged in 1 iteration (avg. reduction factor: 2.751e-12)
  Residual norms for GMRES solve
  0 (restart 0) KSP residual norm 4.803304e-01
  1 (restart 0) KSP residual norm 1.589061e-12
GMRES solver converged in 1 iteration (avg. reduction factor: 3.308e-12)
  Residual norms for GMRES solve
  0 (restart 0) KSP residual norm 3.287740e-01
  1 (restart 0) KSP residual norm 3.815546e-13
GMRES solver converged in 1 iteration (avg. reduction factor: 1.161e-12)
  Residual norms for GMRES solve
  0 (restart 0) KSP residual norm 8.550343e-01
  1 (restart 0) KSP residual norm 4.548552e-13
GMRES solver converged in 1 iteration (avg. reduction factor: 5.320e-13)
  Residual norms for GMRES solve
  0 (restart 0) KSP residual norm 3.302801e-01
  1 (restart 0) KSP residual norm 9.889891e-13
GMRES solver converged in 1 iteration (avg. reduction factor: 2.994e-12)
  Residual norms for GMRES solve
  0 (restart 0) KSP residual norm 5.026226e-01
  1 (restart 0) KSP residual norm 1.108889e-12
GMRES solver converged in 1 iteration (avg. reduction factor: 2.206e-12)
  Residual norms for GMRES solve
  0 (restart 0) KSP residual norm 2.026298e-01
  1 (restart 0) KSP residual norm 3.289927e-13
GMRES solver converged in 1 iteration (avg. reduction factor: 1.624e-12)
  Residual norms for GMRES solve
  0 (restart 0) KSP residual norm 1.889718e-01
  1 (restart 0) KSP residual norm 1.947836e-13
GMRES solver converged in 1 iteration (avg. reduction factor: 1.031e-12)
  Residual norms for GMRES solve
  0 (restart 0) KSP residual norm 4.201843e-01
  1 (restart 0) KSP residual norm 2.913267e-13
GMRES solver converged in 1 iteration (avg. reduction factor: 6.933e-13)
  Residual norms for GMRES solve
  0 (restart 0) KSP residual norm 5.685217e-01
  1 (restart 0) KSP residual norm 4.523895e-13
GMRES solver converged in 1 iteration (avg. reduction factor: 7.957e-13)
  Residual norms for GMRES solve
  0 (restart 0) KSP residual norm 5.626053e-01
  1 (restart 0) KSP residual norm 3.357207e-13
GMRES solver converged in 1 iteration (avg. reduction factor: 5.967e-13)
  Residual norms for GMRES solve
  0 (restart 0) KSP residual norm 1.363997e+00
  1 (restart 0) KSP residual norm 1.304629e-12
GMRES solver converged in 1 iteration (avg. reduction factor: 9.565e-13)
  Residual norms for GMRES solve
  0 (restart 0) KSP residual norm 2.384248e+00
  1 (restart 0) KSP residual norm 1.443496e-12
GMRES solver converged in 1 iteration (avg. reduction factor: 6.054e-13)
  Residual norms for GMRES solve
  0 (restart 0) KSP residual norm 1.707441e+00
  1 (restart 0) KSP residual norm 1.526274e-12
GMRES solver converged in 1 iteration (avg. reduction factor: 8.939e-13)
  Residual norms for GMRES solve
  0 (restart 0) KSP residual norm 1.899744e-01
  1 (restart 0) KSP residual norm 3.530391e-13
GMRES solver converged in 1 iteration (avg. reduction factor: 1.858e-12)
  Residual norms for GMRES solve
  0 (restart 0) KSP residual norm 1.971386e+00
  1 (restart 0) KSP residual norm 1.149767e-12
GMRES solver converged in 1 iteration (avg. reduction factor: 5.832e-13)
  Residual norms for GMRES solve
  0 (restart 0) KSP residual norm 1.610201e+00
  1 (restart 0) KSP residual norm 9.611409e-13
GMRES solver converged in 1 iteration (avg. reduction factor: 5.969e-13)
  Residual norms for GMRES solve
  0 (restart 0) KSP residual norm 3.472308e-01
  1 (restart 0) KSP residual norm 3.114567e-13
GMRES solver converged in 1 iteration (avg. reduction factor: 8.970e-13)
  Residual norms for GMRES solve
  0 (restart 0) KSP residual norm 9.778084e-01
  1 (restart 0) KSP residual norm 6.164585e-13
GMRES solver converged in 1 iteration (avg. reduction factor: 6.304e-13)
  Residual norms for GMRES solve
  0 (restart 0) KSP residual norm 3.582620e-01
  1 (restart 0) KSP residual norm 1.941259e-13
GMRES solver converged in 1 iteration (avg. reduction factor: 5.419e-13)
  Residual norms for GMRES solve
  0 (restart 0) KSP residual norm 3.943765e-01
  1 (restart 0) KSP residual norm 2.189974e-13
GMRES solver converged in 1 iteration (avg. reduction factor: 5.553e-13)
  Residual norms for GMRES solve
  0 (restart 0) KSP residual norm 4.339379e-01
  1 (restart 0) KSP residual norm 3.030884e-13
GMRES solver converged in 1 iteration (avg. reduction factor: 6.985e-13)
  Residual norms for GMRES solve
  0 (restart 0) KSP residual norm 2.763291e-01
  1 (restart 0) KSP residual norm 2.245438e-13
GMRES solver converged in 1 iteration (avg. reduction factor: 8.126e-13)
  Residual norms for GMRES solve
  0 (restart 0) KSP residual norm 1.722181e-01
  1 (restart 0) KSP residual norm 2.017050e-13
GMRES solver converged in 1 iteration (avg. reduction factor: 1.171e-12)
  Residual norms for GMRES solve
  0 (restart 0) KSP residual norm 1.461237e-01
  1 (restart 0) KSP residual norm 2.379493e-13
GMRES solver converged in 1 iteration (avg. reduction factor: 1.628e-12)
  Residual norms for GMRES solve
  0 (restart 0) KSP residual norm 2.478691e-01
  1 (restart 0) KSP residual norm 2.517185e-13
GMRES solver converged in 1 iteration (avg. reduction factor: 1.016e-12)
  Residual norms for GMRES solve
  0 (restart 0) KSP residual norm 1.792389e-01
  1 (restart 0) KSP residual norm 1.407717e-13
GMRES solver converged in 1 iteration (avg. reduction factor: 7.854e-13)
  Residual norms for GMRES solve
  0 (restart 0) KSP residual norm 1.428489e-01
  1 (restart 0) KSP residual norm 1.329519e-13
GMRES solver converged in 1 iteration (avg. reduction factor: 9.307e-13)
  Residual norms for GMRES solve
  0 (restart 0) KSP residual norm 1.957818e-01
  1 (restart 0) KSP residual norm 1.056910e-13
GMRES solver converged in 1 iteration (avg. reduction factor: 5.398e-13)
  Residual norms for GMRES solve
  0 (restart 0) KSP residual norm 1.877410e-01
  1 (restart 0) KSP residual norm 1.628274e-13
GMRES solver converged in 1 iteration (avg. reduction factor: 8.673e-13)
  Residual norms for GMRES solve
  0 (restart 0) KSP residual norm 1.768328e-01
  1 (restart 0) KSP residual norm 1.185215e-13
GMRES solver converged in 1 iteration (avg. reduction factor: 6.702e-13)
  Residual norms for GMRES solve
  0 (restart 0) KSP residual norm 1.668203e-01
  1 (restart 0) KSP residual norm 1.468878e-13
GMRES solver converged in 1 iteration (avg. reduction factor: 8.805e-13)
  Residual norms for GMRES solve
  0 (restart 0) KSP residual norm 1.979094e-01
  1 (restart 0) KSP residual norm 1.317483e-13
GMRES solver converged in 1 iteration (avg. reduction factor: 6.657e-13)
  Residual norms for GMRES solve
  0 (restart 0) KSP residual norm 2.047039e-01
  1 (restart 0) KSP residual norm 1.258599e-13
GMRES solver converged in 1 iteration (avg. reduction factor: 6.148e-13)
  1 EPS nconv=10 first unconverged value (error) 0.003143-7.19237e-12i (1.75592339e-07)
  Residual norms for GMRES solve
  0 (restart 0) KSP residual norm 3.079266e-01
  1 (restart 0) KSP residual norm 2.893838e-13
GMRES solver converged in 1 iteration (avg. reduction factor: 9.398e-13)
  Residual norms for GMRES solve
  0 (restart 0) KSP residual norm 1.681166e-01
  1 (restart 0) KSP residual norm 1.126722e-13
GMRES solver converged in 1 iteration (avg. reduction factor: 6.702e-13)
  Residual norms for GMRES solve
  0 (restart 0) KSP residual norm 3.073350e-01
  1 (restart 0) KSP residual norm 1.844566e-13
GMRES solver converged in 1 iteration (avg. reduction factor: 6.002e-13)
  Residual norms for GMRES solve
  0 (restart 0) KSP residual norm 1.027187e-01
  1 (restart 0) KSP residual norm 6.870321e-14
GMRES solver converged in 1 iteration (avg. reduction factor: 6.688e-13)
  Residual norms for GMRES solve
  0 (restart 0) KSP residual norm 3.388645e-01
  1 (restart 0) KSP residual norm 2.122003e-13
GMRES solver converged in 1 iteration (avg. reduction factor: 6.262e-13)
  Residual norms for GMRES solve
  0 (restart 0) KSP residual norm 1.313281e-01
  1 (restart 0) KSP residual norm 1.658046e-13
GMRES solver converged in 1 iteration (avg. reduction factor: 1.263e-12)
  Residual norms for GMRES solve
  0 (restart 0) KSP residual norm 3.218278e-01
  1 (restart 0) KSP residual norm 1.712719e-13
GMRES solver converged in 1 iteration (avg. reduction factor: 5.322e-13)
  Residual norms for GMRES solve
  0 (restart 0) KSP residual norm 1.131376e-01
  1 (restart 0) KSP residual norm 7.102738e-14
GMRES solver converged in 1 iteration (avg. reduction factor: 6.278e-13)
  Residual norms for GMRES solve
  0 (restart 0) KSP residual norm 3.256110e-01
  1 (restart 0) KSP residual norm 3.707392e-13
GMRES solver converged in 1 iteration (avg. reduction factor: 1.139e-12)
  Residual norms for GMRES solve
  0 (restart 0) KSP residual norm 2.501036e-01
  1 (restart 0) KSP residual norm 3.475542e-13
GMRES solver converged in 1 iteration (avg. reduction factor: 1.390e-12)
  Residual norms for GMRES solve
  0 (restart 0) KSP residual norm 1.599100e-01
  1 (restart 0) KSP residual norm 1.453965e-13
GMRES solver converged in 1 iteration (avg. reduction factor: 9.092e-13)
  Residual norms for GMRES solve
  0 (restart 0) KSP residual norm 2.427894e-01
  1 (restart 0) KSP residual norm 2.264676e-13
GMRES solver converged in 1 iteration (avg. reduction factor: 9.328e-13)
  Residual norms for GMRES solve
  0 (restart 0) KSP residual norm 2.699440e-01
  1 (restart 0) KSP residual norm 2.495690e-13
GMRES solver converged in 1 iteration (avg. reduction factor: 9.245e-13)
  Residual norms for GMRES solve
  0 (restart 0) KSP residual norm 4.470498e-01
  1 (restart 0) KSP residual norm 3.597341e-13
GMRES solver converged in 1 iteration (avg. reduction factor: 8.047e-13)
  Residual norms for GMRES solve
  0 (restart 0) KSP residual norm 2.094154e-01
  1 (restart 0) KSP residual norm 1.882313e-13
GMRES solver converged in 1 iteration (avg. reduction factor: 8.988e-13)
  Residual norms for GMRES solve
  0 (restart 0) KSP residual norm 1.510084e-01
  1 (restart 0) KSP residual norm 2.650423e-13
GMRES solver converged in 1 iteration (avg. reduction factor: 1.755e-12)
  Residual norms for GMRES solve
  0 (restart 0) KSP residual norm 1.669774e-01
  1 (restart 0) KSP residual norm 3.129663e-13
GMRES solver converged in 1 iteration (avg. reduction factor: 1.874e-12)
  2 EPS nconv=16 first unconverged value (error) 0.00445254+1.14958e-09i (1.19060227e-04)
  Residual norms for GMRES solve
  0 (restart 0) KSP residual norm 2.051534e-01
  1 (restart 0) KSP residual norm 2.210865e-13
GMRES solver converged in 1 iteration (avg. reduction factor: 1.078e-12)
  Residual norms for GMRES solve
  0 (restart 0) KSP residual norm 1.610755e-01
  1 (restart 0) KSP residual norm 1.430464e-13
GMRES solver converged in 1 iteration (avg. reduction factor: 8.881e-13)
  Residual norms for GMRES solve
  0 (restart 0) KSP residual norm 3.597961e-01
  1 (restart 0) KSP residual norm 2.599630e-13
GMRES solver converged in 1 iteration (avg. reduction factor: 7.225e-13)
  Residual norms for GMRES solve
  0 (restart 0) KSP residual norm 5.298835e-01
  1 (restart 0) KSP residual norm 3.350260e-13
GMRES solver converged in 1 iteration (avg. reduction factor: 6.323e-13)
  Residual norms for GMRES solve
  0 (restart 0) KSP residual norm 2.209147e-01
  1 (restart 0) KSP residual norm 1.323015e-13
GMRES solver converged in 1 iteration (avg. reduction factor: 5.989e-13)
  Residual norms for GMRES solve
  0 (restart 0) KSP residual norm 3.121338e-01
  1 (restart 0) KSP residual norm 2.494649e-13
GMRES solver converged in 1 iteration (avg. reduction factor: 7.992e-13)
  Residual norms for GMRES solve
  0 (restart 0) KSP residual norm 5.312316e-01
  1 (restart 0) KSP residual norm 3.561026e-13
GMRES solver converged in 1 iteration (avg. reduction factor: 6.703e-13)
  Residual norms for GMRES solve
  0 (restart 0) KSP residual norm 3.285592e-01
  1 (restart 0) KSP residual norm 1.725164e-13
GMRES solver converged in 1 iteration (avg. reduction factor: 5.251e-13)
  Residual norms for GMRES solve
  0 (restart 0) KSP residual norm 2.292260e-01
  1 (restart 0) KSP residual norm 2.294607e-13
GMRES solver converged in 1 iteration (avg. reduction factor: 1.001e-12)
  Residual norms for GMRES solve
  0 (restart 0) KSP residual norm 4.066126e-01
  1 (restart 0) KSP residual norm 2.132536e-13
GMRES solver converged in 1 iteration (avg. reduction factor: 5.245e-13)
  Residual norms for GMRES solve
  0 (restart 0) KSP residual norm 7.605512e-02
  1 (restart 0) KSP residual norm 1.095335e-13
GMRES solver converged in 1 iteration (avg. reduction factor: 1.440e-12)
  Residual norms for GMRES solve
  0 (restart 0) KSP residual norm 2.737568e-01
  1 (restart 0) KSP residual norm 1.967540e-13
GMRES solver converged in 1 iteration (avg. reduction factor: 7.187e-13)
  Residual norms for GMRES solve
  0 (restart 0) KSP residual norm 1.743890e-01
  1 (restart 0) KSP residual norm 2.020003e-13
GMRES solver converged in 1 iteration (avg. reduction factor: 1.158e-12)
  Residual norms for GMRES solve
  0 (restart 0) KSP residual norm 1.803960e-01
  1 (restart 0) KSP residual norm 1.538393e-13
GMRES solver converged in 1 iteration (avg. reduction factor: 8.528e-13)
  3 EPS nconv=21 first unconverged value (error) 0.0046752-1.87465e-12i (2.57766477e-08)
  Residual norms for GMRES solve
  0 (restart 0) KSP residual norm 2.476932e-01
  1 (restart 0) KSP residual norm 1.530628e-13
GMRES solver converged in 1 iteration (avg. reduction factor: 6.180e-13)
  Residual norms for GMRES solve
  0 (restart 0) KSP residual norm 1.209629e-01
  1 (restart 0) KSP residual norm 1.217293e-13
GMRES solver converged in 1 iteration (avg. reduction factor: 1.006e-12)
  Residual norms for GMRES solve
  0 (restart 0) KSP residual norm 3.038681e-01
  1 (restart 0) KSP residual norm 2.292746e-13
GMRES solver converged in 1 iteration (avg. reduction factor: 7.545e-13)
  Residual norms for GMRES solve
  0 (restart 0) KSP residual norm 3.646532e-01
  1 (restart 0) KSP residual norm 2.174206e-13
GMRES solver converged in 1 iteration (avg. reduction factor: 5.962e-13)
  Residual norms for GMRES solve
  0 (restart 0) KSP residual norm 6.148370e-02
  1 (restart 0) KSP residual norm 7.999890e-14
GMRES solver converged in 1 iteration (avg. reduction factor: 1.301e-12)
  Residual norms for GMRES solve
  0 (restart 0) KSP residual norm 4.061341e-01
  1 (restart 0) KSP residual norm 2.594449e-13
GMRES solver converged in 1 iteration (avg. reduction factor: 6.388e-13)
  Residual norms for GMRES solve
  0 (restart 0) KSP residual norm 4.718431e-01
  1 (restart 0) KSP residual norm 3.698163e-13
GMRES solver converged in 1 iteration (avg. reduction factor: 7.838e-13)
  Residual norms for GMRES solve
  0 (restart 0) KSP residual norm 2.281954e-01
  1 (restart 0) KSP residual norm 1.436363e-13
GMRES solver converged in 1 iteration (avg. reduction factor: 6.294e-13)
  Residual norms for GMRES solve
  0 (restart 0) KSP residual norm 2.709618e-01
  1 (restart 0) KSP residual norm 1.953689e-13
GMRES solver converged in 1 iteration (avg. reduction factor: 7.210e-13)
  Residual norms for GMRES solve
  0 (restart 0) KSP residual norm 4.475017e-01
  1 (restart 0) KSP residual norm 3.531590e-13
GMRES solver converged in 1 iteration (avg. reduction factor: 7.892e-13)
  Residual norms for GMRES solve
  0 (restart 0) KSP residual norm 2.029395e-01
  1 (restart 0) KSP residual norm 1.806915e-13
GMRES solver converged in 1 iteration (avg. reduction factor: 8.904e-13)
  Residual norms for GMRES solve
  0 (restart 0) KSP residual norm 2.925716e-01
  1 (restart 0) KSP residual norm 1.964577e-13
GMRES solver converged in 1 iteration (avg. reduction factor: 6.715e-13)
  4 EPS nconv=27 first unconverged value (error) 0.00599591-5.67053e-12i (5.97800258e-05)

 Linear eigensolve converged (27 eigenpairs) due to CONVERGED_TOL; iterations 4
 Total number of linear systems solved: 87
 Total number of linear solver iterations: 87
 Found 27 converged eigenvalues (first = 2.297e+01-5.149e-15i)

Computing solution error estimates and performing postprocessing

     m,        Re{f} (GHz),        Im{f} (GHz),                  Q,      Error (Bkwd.),       Error (Abs.)
     1,      +1.102608e+00,      -1.235692e-16,      +4.461503e+15,      +9.029937e-17,      +3.711969e-13
     2,      +1.756991e+00,      +6.537470e-14,      +1.343786e+13,      +5.210561e-16,      +2.144073e-12
     3,      +1.758151e+00,      +3.886459e-14,      +2.261894e+13,      +3.440702e-16,      +1.415804e-12
     4,      +1.889610e+00,      +1.356148e-14,      +6.966827e+13,      +3.125849e-16,      +1.286576e-12
     5,      +1.890568e+00,      +1.081683e-14,      +8.739012e+13,      +2.180417e-16,      +8.974450e-13
     6,      +2.022060e+00,      +1.861251e-14,      +5.431993e+13,      +2.365063e-16,      +9.737119e-13
     7,      +2.197715e+00,      +3.875173e-14,      +2.835635e+13,      +3.573640e-16,      +1.471875e-12
     8,      +2.200328e+00,      +5.394873e-15,      +2.039277e+14,      +6.561874e-16,      +2.702655e-12
     9,      +2.344589e+00,      +2.999827e-11,      +3.907873e+10,      +1.264308e-10,      +5.209163e-07
    10,      +2.345391e+00,      +1.310383e-11,      +8.949261e+10,      +1.073640e-10,      +4.423586e-07
    11,      +2.420829e+00,      +1.842861e-13,      +6.568127e+12,      +1.414003e-12,      +5.827064e-09
    12,      +2.431232e+00,      +2.716303e-13,      +4.475259e+12,      +5.342111e-13,      +2.201527e-09
    13,      +2.432501e+00,      +1.299221e-13,      +9.361381e+12,      +1.213761e-12,      +5.002023e-09
    14,      +2.524997e+00,      -2.803205e-12,      +4.503767e+11,      +2.431530e-12,      +1.002302e-08
    15,      +2.564680e+00,      -9.103204e-14,      +1.408669e+13,      +1.291647e-12,      +5.324878e-09
    16,      +2.568334e+00,      +9.825050e-14,      +1.307033e+13,      +4.722067e-13,      +1.946715e-09
    17,      +2.881348e+00,      -2.282119e-12,      +6.312879e+11,      +1.125448e-12,      +4.643991e-09
    18,      +2.883310e+00,      +3.828093e-11,      +3.765987e+10,      +2.583836e-12,      +1.066188e-08
    19,      +2.899371e+00,      +3.352181e-12,      +4.324604e+11,      +8.628621e-11,      +3.560668e-07
    20,      +2.901414e+00,      +1.003650e-12,      +1.445431e+12,      +5.024580e-11,      +2.073446e-07
    21,      +2.950310e+00,      +8.616783e-11,      +1.711956e+10,      +6.039501e-10,      +2.492644e-06
    22,      +2.952516e+00,      +2.276594e-12,      +6.484504e+11,      +1.641663e-12,      +6.775577e-09
    23,      +2.964771e+00,      +8.748626e-13,      +1.694421e+12,      +2.512052e-11,      +1.036830e-07
    24,      +2.970058e+00,      +3.099344e-13,      +4.791429e+12,      +1.995965e-11,      +8.238332e-08
    25,      +3.042399e+00,      -9.964667e-12,      +1.526594e+11,      +5.528969e-12,      +2.282608e-08
    26,      +3.193704e+00,      +4.341475e-12,      +3.678133e+11,      +4.552623e-12,      +1.880475e-08
    27,      +3.199185e+00,      +2.126747e-11,      +7.521310e+10,      +8.121601e-12,      +3.354714e-08

Completed 0 iterations of adaptive mesh refinement (AMR):
 Indicator norm = 2.365e-01, global unknowns = 99544
 Max. iterations = 0, tol. = 1.000e-02

Estimated peak per-rank memory usage is: Min. 445.9M, Max. 540.7M, Avg. 480.1M, Total 1.9G
Estimated peak per-node memory usage is: Min. 1.9G, Max. 1.9G, Avg. 1.9G, Total 1.9G

Elapsed Time Report (s)           Min.        Max.        Avg.
==============================================================
Initialization                   0.786       1.673       1.442
  Mesh Preprocessing             1.557       2.426       1.774
Operator Construction            2.281       2.316       2.303
Linear Solve                     4.613       4.641       4.622
  Setup                          0.476       0.477       0.476
  Preconditioner                19.359      19.369      19.363
Eigenvalue Solve                 5.483       5.623       5.560
Div.-Free Projection            26.930      27.058      26.984
Estimation                       0.993       1.122       1.052
  Construction                   2.114       2.114       2.114
  Solve                         24.909      25.034      24.995
Postprocessing                   5.497       5.555       5.528
Disk IO                          2.407       2.410       2.409
--------------------------------------------------------------
Total                          100.074     100.076     100.075

Peak Memory                   Per-Node       Total   Total HWM
==============================================================
Initialization                    7.3M        7.3M        7.3M
  Mesh Preprocessing             57.3M       57.3M       64.5M
Operator Construction           127.1M      127.1M      191.6M
Linear Solve                    168.0K      168.0K      191.8M
  Setup                         213.6M      213.6M      405.4M
  Preconditioner                  1.2G        1.2G        1.6G
Eigenvalue Solve                 40.8M       40.8M        1.6G
Div.-Free Projection             67.1M       67.1M        1.7G
Estimation                        3.9M        3.9M        1.7G
  Construction                    2.1M        2.1M        1.7G
  Solve                           0.0K        0.0K        1.7G
Postprocessing                  128.0K      128.0K        1.7G
Disk IO                          66.8M       66.8M        1.8G
--------------------------------------------------------------
Total                             1.8G        1.8G        1.8G

