>> /opt/amip/envs/emsim/bin/mpirun -n 32 /opt/amip/palace/bin/palace-x86_64.bin e0coarse.json

_____________     _______
_____   __   \____ __   /____ ____________
____   /_/  /  __ ` /  /  __ ` /  ___/  _ \
___   _____/  /_/  /  /  /_/  /  /__/  ___/
  /__/     \___,__/__/\___,__/\_____\_____/


[38;2;255;255;000m--> Warning![0m
Output folder is not empty; program will overwrite content! (postpro/e0coarse)
Git changeset ID: v0.17.0-293-g3c83b9db0
Running with 32 MPI processes, 1 OpenMP thread
Device configuration: omp,cpu
Memory configuration: host-std
libCEED backend: /cpu/self/xsmm/blocked

Added 15370 boundary elements for material interfaces to the mesh

Characteristic length and time scales:
 Lc = 1.760e-01 m, tc = 5.871e-01 ns
Finished partitioning mesh into 32 subdomains

Mesh curvature order: 2
Mesh bounding box:
 (Xmin, Ymin, Zmin) = (-8.800e-02, -8.800e-02, -5.771e-02) m
 (Xmax, Ymax, Zmax) = (+8.800e-02, +8.800e-02, +5.771e-02) m

Parallel Mesh Stats:

                minimum     average     maximum       total
 vertices           346         464         601       14862
 edges             2878        3218        3638      103005
 faces             5190        5480        5796      175369
 elements          2660        2725        2792       87225
 neighbors            6          11          23

            minimum     maximum
 h       0.00329344    0.210616
 kappa      1.01375     47.0588

Estimated current per-rank memory usage is: Min. 32.9M, Max. 97.4M, Avg. 35.5M, Total 1.1G
Estimated current per-node memory usage is: Min. 1.1G, Max. 1.1G, Avg. 1.1G, Total 1.1G

Configuring Dirichlet PEC BC at attributes:
 90

Assembling system matrices, number of global unknowns:
 H1 (p = 2): 117867, ND (p = 2): 556748, RT (p = 2): 787782
 Operator assembly level: Partial
 Mesh geometries:
  Tetrahedron: P = 20, Q = 14 (quadrature order = 4)

Configuring SLEPc eigenvalue solver:
 Scaling γ = 1.123e+05, δ = 7.806e-05
 Configuring divergence-free projection
 Using random starting vector
 Shift-and-invert σ = 1.050e+00 GHz (3.873e+00)

Assembling multigrid hierarchy:
 Level 0 (p = 1): 103005 unknowns
 Level 1 (p = 2): 556748 unknowns
 Level 0 (auxiliary) (p = 1): 14862 unknowns
 Level 1 (auxiliary) (p = 2): 117867 unknowns

#PETSc Option Table entries:
-eps_monitor # (source: code)
#End of PETSc Option Table entries

  Residual norms for GMRES solve
  0 (restart 0) KSP residual norm 9.271646e-03
  1 (restart 0) KSP residual norm 4.023571e-04
  2 (restart 0) KSP residual norm 3.741340e-05
  3 (restart 0) KSP residual norm 6.516842e-06
  4 (restart 0) KSP residual norm 1.345547e-06
  5 (restart 0) KSP residual norm 2.593592e-07
  6 (restart 0) KSP residual norm 4.594780e-08
  7 (restart 0) KSP residual norm 9.248759e-09
  8 (restart 0) KSP residual norm 2.086173e-09
  9 (restart 0) KSP residual norm 5.031957e-10
 10 (restart 0) KSP residual norm 1.198839e-10
 11 (restart 0) KSP residual norm 2.500307e-11
GMRES solver converged in 11 iterations (avg. reduction factor: 1.663e-01)
  Residual norms for GMRES solve
  0 (restart 0) KSP residual norm 7.218067e-01
  1 (restart 0) KSP residual norm 1.394506e-02
  2 (restart 0) KSP residual norm 6.992968e-04
  3 (restart 0) KSP residual norm 1.104523e-04
  4 (restart 0) KSP residual norm 2.106703e-05
  5 (restart 0) KSP residual norm 3.978126e-06
  6 (restart 0) KSP residual norm 7.715335e-07
  7 (restart 0) KSP residual norm 1.475798e-07
  8 (restart 0) KSP residual norm 2.757371e-08
  9 (restart 0) KSP residual norm 5.248933e-09
GMRES solver converged in 9 iterations (avg. reduction factor: 1.247e-01)
  Residual norms for GMRES solve
  0 (restart 0) KSP residual norm 8.806972e-01
  1 (restart 0) KSP residual norm 1.283325e-02
  2 (restart 0) KSP residual norm 7.403664e-04
  3 (restart 0) KSP residual norm 1.098719e-04
  4 (restart 0) KSP residual norm 2.039473e-05
  5 (restart 0) KSP residual norm 3.758887e-06
  6 (restart 0) KSP residual norm 6.844109e-07
  7 (restart 0) KSP residual norm 1.340215e-07
  8 (restart 0) KSP residual norm 2.491390e-08
  9 (restart 0) KSP residual norm 4.752380e-09
GMRES solver converged in 9 iterations (avg. reduction factor: 1.206e-01)
  Residual norms for GMRES solve
  0 (restart 0) KSP residual norm 2.683033e-01
  1 (restart 0) KSP residual norm 8.865034e-03
  2 (restart 0) KSP residual norm 7.353833e-04
  3 (restart 0) KSP residual norm 1.453032e-04
  4 (restart 0) KSP residual norm 2.557545e-05
  5 (restart 0) KSP residual norm 5.185153e-06
  6 (restart 0) KSP residual norm 9.568870e-07
  7 (restart 0) KSP residual norm 1.717588e-07
  8 (restart 0) KSP residual norm 2.822264e-08
  9 (restart 0) KSP residual norm 5.455377e-09
 10 (restart 0) KSP residual norm 1.123449e-09
GMRES solver converged in 10 iterations (avg. reduction factor: 1.453e-01)
  Residual norms for GMRES solve
  0 (restart 0) KSP residual norm 3.274293e-01
  1 (restart 0) KSP residual norm 6.767054e-03
  2 (restart 0) KSP residual norm 5.630348e-04
  3 (restart 0) KSP residual norm 1.086607e-04
  4 (restart 0) KSP residual norm 2.211600e-05
  5 (restart 0) KSP residual norm 5.046397e-06
  6 (restart 0) KSP residual norm 8.851955e-07
  7 (restart 0) KSP residual norm 1.616957e-07
  8 (restart 0) KSP residual norm 2.737833e-08
  9 (restart 0) KSP residual norm 5.341808e-09
 10 (restart 0) KSP residual norm 1.225170e-09
GMRES solver converged in 10 iterations (avg. reduction factor: 1.437e-01)
  Residual norms for GMRES solve
  0 (restart 0) KSP residual norm 2.343307e-01
  1 (restart 0) KSP residual norm 5.829573e-03
  2 (restart 0) KSP residual norm 5.403117e-04
  3 (restart 0) KSP residual norm 1.023723e-04
  4 (restart 0) KSP residual norm 1.784426e-05
  5 (restart 0) KSP residual norm 3.325892e-06
  6 (restart 0) KSP residual norm 6.067467e-07
  7 (restart 0) KSP residual norm 1.159212e-07
  8 (restart 0) KSP residual norm 2.233647e-08
  9 (restart 0) KSP residual norm 4.700588e-09
 10 (restart 0) KSP residual norm 1.110588e-09
GMRES solver converged in 10 iterations (avg. reduction factor: 1.471e-01)
  Residual norms for GMRES solve
  0 (restart 0) KSP residual norm 1.557947e-01
  1 (restart 0) KSP residual norm 4.475529e-03
  2 (restart 0) KSP residual norm 4.553784e-04
  3 (restart 0) KSP residual norm 8.002261e-05
  4 (restart 0) KSP residual norm 1.394974e-05
  5 (restart 0) KSP residual norm 2.917298e-06
  6 (restart 0) KSP residual norm 5.284846e-07
  7 (restart 0) KSP residual norm 1.066614e-07
  8 (restart 0) KSP residual norm 2.147313e-08
  9 (restart 0) KSP residual norm 4.624141e-09
 10 (restart 0) KSP residual norm 1.043692e-09
GMRES solver converged in 10 iterations (avg. reduction factor: 1.523e-01)
  Residual norms for GMRES solve
  0 (restart 0) KSP residual norm 1.518683e-01
  1 (restart 0) KSP residual norm 5.639593e-03
  2 (restart 0) KSP residual norm 5.474732e-04
  3 (restart 0) KSP residual norm 1.006341e-04
  4 (restart 0) KSP residual norm 1.923005e-05
  5 (restart 0) KSP residual norm 3.623675e-06
  6 (restart 0) KSP residual norm 6.499019e-07
  7 (restart 0) KSP residual norm 1.254160e-07
  8 (restart 0) KSP residual norm 2.433491e-08
  9 (restart 0) KSP residual norm 4.920774e-09
 10 (restart 0) KSP residual norm 1.142556e-09
GMRES solver converged in 10 iterations (avg. reduction factor: 1.540e-01)
  Residual norms for GMRES solve
  0 (restart 0) KSP residual norm 1.084302e-01
  1 (restart 0) KSP residual norm 4.929671e-03
  2 (restart 0) KSP residual norm 5.352048e-04
  3 (restart 0) KSP residual norm 1.031749e-04
  4 (restart 0) KSP residual norm 1.967543e-05
  5 (restart 0) KSP residual norm 3.883638e-06
  6 (restart 0) KSP residual norm 6.865995e-07
  7 (restart 0) KSP residual norm 1.263815e-07
  8 (restart 0) KSP residual norm 2.178645e-08
  9 (restart 0) KSP residual norm 4.331149e-09
 10 (restart 0) KSP residual norm 9.289127e-10
GMRES solver converged in 10 iterations (avg. reduction factor: 1.561e-01)
  Residual norms for GMRES solve
  0 (restart 0) KSP residual norm 1.328712e-01
  1 (restart 0) KSP residual norm 7.171248e-03
  2 (restart 0) KSP residual norm 5.980002e-04
  3 (restart 0) KSP residual norm 1.193735e-04
  4 (restart 0) KSP residual norm 2.127912e-05
  5 (restart 0) KSP residual norm 4.459627e-06
  6 (restart 0) KSP residual norm 7.789316e-07
  7 (restart 0) KSP residual norm 1.400196e-07
  8 (restart 0) KSP residual norm 2.409351e-08
  9 (restart 0) KSP residual norm 4.524205e-09
 10 (restart 0) KSP residual norm 8.995858e-10
GMRES solver converged in 10 iterations (avg. reduction factor: 1.524e-01)
  Residual norms for GMRES solve
  0 (restart 0) KSP residual norm 1.677418e-01
  1 (restart 0) KSP residual norm 6.658288e-03
  2 (restart 0) KSP residual norm 6.580003e-04
  3 (restart 0) KSP residual norm 1.118427e-04
  4 (restart 0) KSP residual norm 2.106252e-05
  5 (restart 0) KSP residual norm 4.333887e-06
  6 (restart 0) KSP residual norm 7.916494e-07
  7 (restart 0) KSP residual norm 1.471112e-07
  8 (restart 0) KSP residual norm 2.523027e-08
  9 (restart 0) KSP residual norm 4.922863e-09
 10 (restart 0) KSP residual norm 1.037995e-09
GMRES solver converged in 10 iterations (avg. reduction factor: 1.511e-01)
  Residual norms for GMRES solve
  0 (restart 0) KSP residual norm 2.565020e-01
  1 (restart 0) KSP residual norm 6.295993e-03
  2 (restart 0) KSP residual norm 5.683381e-04
  3 (restart 0) KSP residual norm 1.103008e-04
  4 (restart 0) KSP residual norm 2.088931e-05
  5 (restart 0) KSP residual norm 4.461966e-06
  6 (restart 0) KSP residual norm 8.297390e-07
  7 (restart 0) KSP residual norm 1.614233e-07
  8 (restart 0) KSP residual norm 2.768234e-08
  9 (restart 0) KSP residual norm 5.417081e-09
 10 (restart 0) KSP residual norm 1.133135e-09
GMRES solver converged in 10 iterations (avg. reduction factor: 1.461e-01)
  Residual norms for GMRES solve
  0 (restart 0) KSP residual norm 3.298818e-01
  1 (restart 0) KSP residual norm 7.093641e-03
  2 (restart 0) KSP residual norm 5.766172e-04
  3 (restart 0) KSP residual norm 1.043542e-04
  4 (restart 0) KSP residual norm 1.864718e-05
  5 (restart 0) KSP residual norm 4.122104e-06
  6 (restart 0) KSP residual norm 8.108650e-07
  7 (restart 0) KSP residual norm 1.677355e-07
  8 (restart 0) KSP residual norm 2.790887e-08
  9 (restart 0) KSP residual norm 5.328666e-09
 10 (restart 0) KSP residual norm 1.036147e-09
GMRES solver converged in 10 iterations (avg. reduction factor: 1.412e-01)
  Residual norms for GMRES solve
  0 (restart 0) KSP residual norm 1.141093e-01
  1 (restart 0) KSP residual norm 6.060038e-03
  2 (restart 0) KSP residual norm 6.008811e-04
  3 (restart 0) KSP residual norm 1.027029e-04
  4 (restart 0) KSP residual norm 1.832730e-05
  5 (restart 0) KSP residual norm 3.496000e-06
  6 (restart 0) KSP residual norm 6.212673e-07
  7 (restart 0) KSP residual norm 1.154348e-07
  8 (restart 0) KSP residual norm 2.230232e-08
  9 (restart 0) KSP residual norm 4.765959e-09
 10 (restart 0) KSP residual norm 1.067761e-09
GMRES solver converged in 10 iterations (avg. reduction factor: 1.574e-01)
  Residual norms for GMRES solve
  0 (restart 0) KSP residual norm 1.133886e-01
  1 (restart 0) KSP residual norm 6.840134e-03
  2 (restart 0) KSP residual norm 5.630921e-04
  3 (restart 0) KSP residual norm 1.072667e-04
  4 (restart 0) KSP residual norm 1.896523e-05
  5 (restart 0) KSP residual norm 3.640043e-06
  6 (restart 0) KSP residual norm 6.686798e-07
  7 (restart 0) KSP residual norm 1.274139e-07
  8 (restart 0) KSP residual norm 2.303456e-08
  9 (restart 0) KSP residual norm 4.109883e-09
 10 (restart 0) KSP residual norm 7.004596e-10
GMRES solver converged in 10 iterations (avg. reduction factor: 1.510e-01)
  Residual norms for GMRES solve
  0 (restart 0) KSP residual norm 9.327301e-02
  1 (restart 0) KSP residual norm 4.859785e-03
  2 (restart 0) KSP residual norm 4.953623e-04
  3 (restart 0) KSP residual norm 9.305347e-05
  4 (restart 0) KSP residual norm 1.651589e-05
  5 (restart 0) KSP residual norm 3.252354e-06
  6 (restart 0) KSP residual norm 6.075327e-07
  7 (restart 0) KSP residual norm 1.164319e-07
  8 (restart 0) KSP residual norm 2.078023e-08
  9 (restart 0) KSP residual norm 4.373574e-09
 10 (restart 0) KSP residual norm 1.132751e-09
 11 (restart 0) KSP residual norm 2.721541e-10
GMRES solver converged in 11 iterations (avg. reduction factor: 1.675e-01)
  Residual norms for GMRES solve
  0 (restart 0) KSP residual norm 2.119754e-01
  1 (restart 0) KSP residual norm 7.657720e-03
  2 (restart 0) KSP residual norm 5.749723e-04
  3 (restart 0) KSP residual norm 9.250902e-05
  4 (restart 0) KSP residual norm 1.565023e-05
  5 (restart 0) KSP residual norm 3.081507e-06
  6 (restart 0) KSP residual norm 5.367471e-07
  7 (restart 0) KSP residual norm 1.072504e-07
  8 (restart 0) KSP residual norm 2.107802e-08
  9 (restart 0) KSP residual norm 4.195886e-09
 10 (restart 0) KSP residual norm 9.112676e-10
GMRES solver converged in 10 iterations (avg. reduction factor: 1.457e-01)
  Residual norms for GMRES solve
  0 (restart 0) KSP residual norm 2.215855e-01
  1 (restart 0) KSP residual norm 7.886270e-03
  2 (restart 0) KSP residual norm 5.459373e-04
  3 (restart 0) KSP residual norm 9.414336e-05
  4 (restart 0) KSP residual norm 1.662812e-05
  5 (restart 0) KSP residual norm 3.198687e-06
  6 (restart 0) KSP residual norm 5.981374e-07
  7 (restart 0) KSP residual norm 1.121524e-07
  8 (restart 0) KSP residual norm 2.049832e-08
  9 (restart 0) KSP residual norm 4.234946e-09
 10 (restart 0) KSP residual norm 9.097022e-10
GMRES solver converged in 10 iterations (avg. reduction factor: 1.450e-01)
  Residual norms for GMRES solve
  0 (restart 0) KSP residual norm 2.026304e-01
  1 (restart 0) KSP residual norm 8.188455e-03
  2 (restart 0) KSP residual norm 6.038374e-04
  3 (restart 0) KSP residual norm 1.195651e-04
  4 (restart 0) KSP residual norm 2.275129e-05
  5 (restart 0) KSP residual norm 4.267871e-06
  6 (restart 0) KSP residual norm 7.725221e-07
  7 (restart 0) KSP residual norm 1.479753e-07
  8 (restart 0) KSP residual norm 2.648888e-08
  9 (restart 0) KSP residual norm 4.970414e-09
 10 (restart 0) KSP residual norm 1.095336e-09
GMRES solver converged in 10 iterations (avg. reduction factor: 1.490e-01)
  Residual norms for GMRES solve
  0 (restart 0) KSP residual norm 1.592998e-01
  1 (restart 0) KSP residual norm 7.008575e-03
  2 (restart 0) KSP residual norm 5.859830e-04
  3 (restart 0) KSP residual norm 1.093378e-04
  4 (restart 0) KSP residual norm 2.042970e-05
  5 (restart 0) KSP residual norm 3.979321e-06
  6 (restart 0) KSP residual norm 7.529406e-07
  7 (restart 0) KSP residual norm 1.340809e-07
  8 (restart 0) KSP residual norm 2.441338e-08
  9 (restart 0) KSP residual norm 4.235636e-09
 10 (restart 0) KSP residual norm 8.148991e-10
GMRES solver converged in 10 iterations (avg. reduction factor: 1.482e-01)
  Residual norms for GMRES solve
  0 (restart 0) KSP residual norm 1.022674e-01
  1 (restart 0) KSP residual norm 4.281173e-03
  2 (restart 0) KSP residual norm 4.511079e-04
  3 (restart 0) KSP residual norm 9.082803e-05
  4 (restart 0) KSP residual norm 1.823109e-05
  5 (restart 0) KSP residual norm 3.447068e-06
  6 (restart 0) KSP residual norm 6.364863e-07
  7 (restart 0) KSP residual norm 1.250367e-07
  8 (restart 0) KSP residual norm 2.263584e-08
  9 (restart 0) KSP residual norm 4.676524e-09
 10 (restart 0) KSP residual norm 9.748515e-10
GMRES solver converged in 10 iterations (avg. reduction factor: 1.577e-01)
  Residual norms for GMRES solve
  0 (restart 0) KSP residual norm 1.738713e-01
  1 (restart 0) KSP residual norm 8.689201e-03
  2 (restart 0) KSP residual norm 5.972500e-04
  3 (restart 0) KSP residual norm 1.092665e-04
  4 (restart 0) KSP residual norm 1.843565e-05
  5 (restart 0) KSP residual norm 3.678557e-06
  6 (restart 0) KSP residual norm 6.785323e-07
  7 (restart 0) KSP residual norm 1.260728e-07
  8 (restart 0) KSP residual norm 2.287411e-08
  9 (restart 0) KSP residual norm 4.380137e-09
 10 (restart 0) KSP residual norm 8.467472e-10
GMRES solver converged in 10 iterations (avg. reduction factor: 1.475e-01)
  Residual norms for GMRES solve
  0 (restart 0) KSP residual norm 1.451154e-01
  1 (restart 0) KSP residual norm 5.171321e-03
  2 (restart 0) KSP residual norm 5.112926e-04
  3 (restart 0) KSP residual norm 9.773864e-05
  4 (restart 0) KSP residual norm 1.695681e-05
  5 (restart 0) KSP residual norm 3.495128e-06
  6 (restart 0) KSP residual norm 6.630713e-07
  7 (restart 0) KSP residual norm 1.272245e-07
  8 (restart 0) KSP residual norm 2.411087e-08
  9 (restart 0) KSP residual norm 4.669917e-09
 10 (restart 0) KSP residual norm 9.530296e-10
GMRES solver converged in 10 iterations (avg. reduction factor: 1.520e-01)
  Residual norms for GMRES solve
  0 (restart 0) KSP residual norm 1.711813e-01
  1 (restart 0) KSP residual norm 7.932059e-03
  2 (restart 0) KSP residual norm 6.248055e-04
  3 (restart 0) KSP residual norm 1.208817e-04
  4 (restart 0) KSP residual norm 2.205326e-05
  5 (restart 0) KSP residual norm 4.703232e-06
  6 (restart 0) KSP residual norm 8.134422e-07
  7 (restart 0) KSP residual norm 1.448391e-07
  8 (restart 0) KSP residual norm 2.488158e-08
  9 (restart 0) KSP residual norm 4.432631e-09
 10 (restart 0) KSP residual norm 8.281648e-10
GMRES solver converged in 10 iterations (avg. reduction factor: 1.474e-01)
  Residual norms for GMRES solve
  0 (restart 0) KSP residual norm 9.492811e-02
  1 (restart 0) KSP residual norm 5.669685e-03
  2 (restart 0) KSP residual norm 5.060942e-04
  3 (restart 0) KSP residual norm 9.900302e-05
  4 (restart 0) KSP residual norm 1.711921e-05
  5 (restart 0) KSP residual norm 3.303808e-06
  6 (restart 0) KSP residual norm 6.309749e-07
  7 (restart 0) KSP residual norm 1.190188e-07
  8 (restart 0) KSP residual norm 2.129997e-08
  9 (restart 0) KSP residual norm 4.056320e-09
 10 (restart 0) KSP residual norm 7.928702e-10
GMRES solver converged in 10 iterations (avg. reduction factor: 1.557e-01)
  Residual norms for GMRES solve
  0 (restart 0) KSP residual norm 2.298944e-01
  1 (restart 0) KSP residual norm 6.301703e-03
  2 (restart 0) KSP residual norm 5.506608e-04
  3 (restart 0) KSP residual norm 9.582295e-05
  4 (restart 0) KSP residual norm 1.558326e-05
  5 (restart 0) KSP residual norm 2.770693e-06
  6 (restart 0) KSP residual norm 4.969828e-07
  7 (restart 0) KSP residual norm 9.688346e-08
  8 (restart 0) KSP residual norm 1.774476e-08
  9 (restart 0) KSP residual norm 3.658074e-09
 10 (restart 0) KSP residual norm 7.564764e-10
GMRES solver converged in 10 iterations (avg. reduction factor: 1.418e-01)
  Residual norms for GMRES solve
  0 (restart 0) KSP residual norm 3.544658e-01
  1 (restart 0) KSP residual norm 7.774140e-03
  2 (restart 0) KSP residual norm 6.196614e-04
  3 (restart 0) KSP residual norm 1.070122e-04
  4 (restart 0) KSP residual norm 1.911342e-05
  5 (restart 0) KSP residual norm 3.551105e-06
  6 (restart 0) KSP residual norm 6.694279e-07
  7 (restart 0) KSP residual norm 1.267199e-07
  8 (restart 0) KSP residual norm 2.334005e-08
  9 (restart 0) KSP residual norm 4.345634e-09
 10 (restart 0) KSP residual norm 9.028904e-10
GMRES solver converged in 10 iterations (avg. reduction factor: 1.382e-01)
  Residual norms for GMRES solve
  0 (restart 0) KSP residual norm 2.805694e-01
  1 (restart 0) KSP residual norm 7.988203e-03
  2 (restart 0) KSP residual norm 5.977763e-04
  3 (restart 0) KSP residual norm 1.077903e-04
  4 (restart 0) KSP residual norm 2.016430e-05
  5 (restart 0) KSP residual norm 4.147075e-06
  6 (restart 0) KSP residual norm 7.214385e-07
  7 (restart 0) KSP residual norm 1.313799e-07
  8 (restart 0) KSP residual norm 2.223427e-08
  9 (restart 0) KSP residual norm 4.035530e-09
 10 (restart 0) KSP residual norm 7.940150e-10
GMRES solver converged in 10 iterations (avg. reduction factor: 1.397e-01)
  Residual norms for GMRES solve
  0 (restart 0) KSP residual norm 9.232159e-02
  1 (restart 0) KSP residual norm 5.935067e-03
  2 (restart 0) KSP residual norm 5.252383e-04
  3 (restart 0) KSP residual norm 1.118615e-04
  4 (restart 0) KSP residual norm 2.032388e-05
  5 (restart 0) KSP residual norm 4.172508e-06
  6 (restart 0) KSP residual norm 7.510166e-07
  7 (restart 0) KSP residual norm 1.376595e-07
  8 (restart 0) KSP residual norm 2.510296e-08
  9 (restart 0) KSP residual norm 5.005562e-09
 10 (restart 0) KSP residual norm 1.098294e-09
 11 (restart 0) KSP residual norm 2.766085e-10
GMRES solver converged in 11 iterations (avg. reduction factor: 1.679e-01)
  Residual norms for GMRES solve
  0 (restart 0) KSP residual norm 3.295881e-01
  1 (restart 0) KSP residual norm 8.283055e-03
  2 (restart 0) KSP residual norm 6.766388e-04
  3 (restart 0) KSP residual norm 1.154299e-04
  4 (restart 0) KSP residual norm 2.062389e-05
  5 (restart 0) KSP residual norm 3.950889e-06
  6 (restart 0) KSP residual norm 7.415033e-07
  7 (restart 0) KSP residual norm 1.402253e-07
  8 (restart 0) KSP residual norm 2.486488e-08
  9 (restart 0) KSP residual norm 4.676487e-09
 10 (restart 0) KSP residual norm 9.929705e-10
GMRES solver converged in 10 iterations (avg. reduction factor: 1.406e-01)
  Residual norms for GMRES solve
  0 (restart 0) KSP residual norm 3.157407e-01
  1 (restart 0) KSP residual norm 6.809645e-03
  2 (restart 0) KSP residual norm 5.729308e-04
  3 (restart 0) KSP residual norm 9.049632e-05
  4 (restart 0) KSP residual norm 1.541616e-05
  5 (restart 0) KSP residual norm 3.125706e-06
  6 (restart 0) KSP residual norm 5.570908e-07
  7 (restart 0) KSP residual norm 1.089322e-07
  8 (restart 0) KSP residual norm 1.996698e-08
  9 (restart 0) KSP residual norm 3.762059e-09
 10 (restart 0) KSP residual norm 7.995010e-10
GMRES solver converged in 10 iterations (avg. reduction factor: 1.381e-01)
  Residual norms for GMRES solve
  0 (restart 0) KSP residual norm 1.215452e-01
  1 (restart 0) KSP residual norm 5.339656e-03
  2 (restart 0) KSP residual norm 4.872734e-04
  3 (restart 0) KSP residual norm 8.910012e-05
  4 (restart 0) KSP residual norm 1.507682e-05
  5 (restart 0) KSP residual norm 2.888026e-06
  6 (restart 0) KSP residual norm 5.475441e-07
  7 (restart 0) KSP residual norm 1.074709e-07
  8 (restart 0) KSP residual norm 2.016858e-08
  9 (restart 0) KSP residual norm 4.288211e-09
 10 (restart 0) KSP residual norm 8.693653e-10
GMRES solver converged in 10 iterations (avg. reduction factor: 1.533e-01)
  Residual norms for GMRES solve
  0 (restart 0) KSP residual norm 2.284692e-01
  1 (restart 0) KSP residual norm 7.788268e-03
  2 (restart 0) KSP residual norm 5.698301e-04
  3 (restart 0) KSP residual norm 1.010981e-04
  4 (restart 0) KSP residual norm 1.835984e-05
  5 (restart 0) KSP residual norm 3.562480e-06
  6 (restart 0) KSP residual norm 6.598302e-07
  7 (restart 0) KSP residual norm 1.210395e-07
  8 (restart 0) KSP residual norm 2.212421e-08
  9 (restart 0) KSP residual norm 4.323514e-09
 10 (restart 0) KSP residual norm 1.045735e-09
GMRES solver converged in 10 iterations (avg. reduction factor: 1.466e-01)
  Residual norms for GMRES solve
  0 (restart 0) KSP residual norm 1.412282e-01
  1 (restart 0) KSP residual norm 6.550912e-03
  2 (restart 0) KSP residual norm 5.362718e-04
  3 (restart 0) KSP residual norm 1.001418e-04
  4 (restart 0) KSP residual norm 1.553987e-05
  5 (restart 0) KSP residual norm 2.836288e-06
  6 (restart 0) KSP residual norm 4.890604e-07
  7 (restart 0) KSP residual norm 1.023006e-07
  8 (restart 0) KSP residual norm 1.958479e-08
  9 (restart 0) KSP residual norm 4.010588e-09
 10 (restart 0) KSP residual norm 9.067779e-10
GMRES solver converged in 10 iterations (avg. reduction factor: 1.516e-01)
  Residual norms for GMRES solve
  0 (restart 0) KSP residual norm 7.857640e-02
  1 (restart 0) KSP residual norm 4.654118e-03
  2 (restart 0) KSP residual norm 5.118630e-04
  3 (restart 0) KSP residual norm 1.103262e-04
  4 (restart 0) KSP residual norm 2.162527e-05
  5 (restart 0) KSP residual norm 4.359651e-06
  6 (restart 0) KSP residual norm 7.601710e-07
  7 (restart 0) KSP residual norm 1.339217e-07
  8 (restart 0) KSP residual norm 2.314116e-08
  9 (restart 0) KSP residual norm 4.437029e-09
 10 (restart 0) KSP residual norm 1.023876e-09
 11 (restart 0) KSP residual norm 2.720261e-10
GMRES solver converged in 11 iterations (avg. reduction factor: 1.702e-01)
  Residual norms for GMRES solve
  0 (restart 0) KSP residual norm 1.954224e-01
  1 (restart 0) KSP residual norm 6.795792e-03
  2 (restart 0) KSP residual norm 5.232031e-04
  3 (restart 0) KSP residual norm 9.480066e-05
  4 (restart 0) KSP residual norm 1.655949e-05
  5 (restart 0) KSP residual norm 3.353939e-06
  6 (restart 0) KSP residual norm 5.950736e-07
  7 (restart 0) KSP residual norm 1.177419e-07
  8 (restart 0) KSP residual norm 2.064237e-08
  9 (restart 0) KSP residual norm 4.268958e-09
 10 (restart 0) KSP residual norm 1.061843e-09
GMRES solver converged in 10 iterations (avg. reduction factor: 1.491e-01)
  Residual norms for GMRES solve
  0 (restart 0) KSP residual norm 2.604217e-01
  1 (restart 0) KSP residual norm 7.138729e-03
  2 (restart 0) KSP residual norm 5.778419e-04
  3 (restart 0) KSP residual norm 9.460687e-05
  4 (restart 0) KSP residual norm 1.825321e-05
  5 (restart 0) KSP residual norm 3.712412e-06
  6 (restart 0) KSP residual norm 6.597080e-07
  7 (restart 0) KSP residual norm 1.115724e-07
  8 (restart 0) KSP residual norm 2.064101e-08
  9 (restart 0) KSP residual norm 3.856181e-09
 10 (restart 0) KSP residual norm 8.359845e-10
GMRES solver converged in 10 iterations (avg. reduction factor: 1.415e-01)
  Residual norms for GMRES solve
  0 (restart 0) KSP residual norm 1.291363e-01
  1 (restart 0) KSP residual norm 5.415877e-03
  2 (restart 0) KSP residual norm 4.857443e-04
  3 (restart 0) KSP residual norm 8.538726e-05
  4 (restart 0) KSP residual norm 1.501403e-05
  5 (restart 0) KSP residual norm 2.790790e-06
  6 (restart 0) KSP residual norm 5.167995e-07
  7 (restart 0) KSP residual norm 1.040083e-07
  8 (restart 0) KSP residual norm 1.919742e-08
  9 (restart 0) KSP residual norm 3.601453e-09
 10 (restart 0) KSP residual norm 7.825761e-10
GMRES solver converged in 10 iterations (avg. reduction factor: 1.507e-01)
  Residual norms for GMRES solve
  0 (restart 0) KSP residual norm 5.887298e-02
  1 (restart 0) KSP residual norm 4.548566e-03
  2 (restart 0) KSP residual norm 4.459792e-04
  3 (restart 0) KSP residual norm 8.240981e-05
  4 (restart 0) KSP residual norm 1.648529e-05
  5 (restart 0) KSP residual norm 3.419131e-06
  6 (restart 0) KSP residual norm 5.844889e-07
  7 (restart 0) KSP residual norm 1.087283e-07
  8 (restart 0) KSP residual norm 2.010798e-08
  9 (restart 0) KSP residual norm 4.350281e-09
 10 (restart 0) KSP residual norm 1.032550e-09
 11 (restart 0) KSP residual norm 2.542376e-10
GMRES solver converged in 11 iterations (avg. reduction factor: 1.736e-01)
  Residual norms for GMRES solve
  0 (restart 0) KSP residual norm 6.374156e-02
  1 (restart 0) KSP residual norm 3.826783e-03
  2 (restart 0) KSP residual norm 4.303395e-04
  3 (restart 0) KSP residual norm 8.152614e-05
  4 (restart 0) KSP residual norm 1.564910e-05
  5 (restart 0) KSP residual norm 3.198984e-06
  6 (restart 0) KSP residual norm 5.712191e-07
  7 (restart 0) KSP residual norm 1.078597e-07
  8 (restart 0) KSP residual norm 1.826379e-08
  9 (restart 0) KSP residual norm 3.449441e-09
 10 (restart 0) KSP residual norm 7.091107e-10
 11 (restart 0) KSP residual norm 1.602729e-10
GMRES solver converged in 11 iterations (avg. reduction factor: 1.653e-01)
  Residual norms for GMRES solve
  0 (restart 0) KSP residual norm 9.088870e-02
  1 (restart 0) KSP residual norm 4.548014e-03
  2 (restart 0) KSP residual norm 4.873762e-04
  3 (restart 0) KSP residual norm 8.883857e-05
  4 (restart 0) KSP residual norm 1.682626e-05
  5 (restart 0) KSP residual norm 3.498587e-06
  6 (restart 0) KSP residual norm 5.950531e-07
  7 (restart 0) KSP residual norm 1.093215e-07
  8 (restart 0) KSP residual norm 1.892523e-08
  9 (restart 0) KSP residual norm 3.733050e-09
 10 (restart 0) KSP residual norm 7.049015e-10
GMRES solver converged in 10 iterations (avg. reduction factor: 1.545e-01)
  Residual norms for GMRES solve
  0 (restart 0) KSP residual norm 8.569038e-02
  1 (restart 0) KSP residual norm 3.710284e-03
  2 (restart 0) KSP residual norm 4.394593e-04
  3 (restart 0) KSP residual norm 8.037450e-05
  4 (restart 0) KSP residual norm 1.551720e-05
  5 (restart 0) KSP residual norm 3.151157e-06
  6 (restart 0) KSP residual norm 5.910954e-07
  7 (restart 0) KSP residual norm 1.172202e-07
  8 (restart 0) KSP residual norm 2.328032e-08
  9 (restart 0) KSP residual norm 5.489216e-09
 10 (restart 0) KSP residual norm 1.382612e-09
 11 (restart 0) KSP residual norm 3.244265e-10
GMRES solver converged in 11 iterations (avg. reduction factor: 1.715e-01)
  Residual norms for GMRES solve
  0 (restart 0) KSP residual norm 6.154757e-02
  1 (restart 0) KSP residual norm 3.697232e-03
  2 (restart 0) KSP residual norm 4.577104e-04
  3 (restart 0) KSP residual norm 8.596307e-05
  4 (restart 0) KSP residual norm 1.505700e-05
  5 (restart 0) KSP residual norm 3.125099e-06
  6 (restart 0) KSP residual norm 5.731136e-07
  7 (restart 0) KSP residual norm 1.056507e-07
  8 (restart 0) KSP residual norm 2.014109e-08
  9 (restart 0) KSP residual norm 3.731493e-09
 10 (restart 0) KSP residual norm 7.198152e-10
 11 (restart 0) KSP residual norm 1.607531e-10
GMRES solver converged in 11 iterations (avg. reduction factor: 1.659e-01)
  Residual norms for GMRES solve
  0 (restart 0) KSP residual norm 9.455558e-02
  1 (restart 0) KSP residual norm 4.335103e-03
  2 (restart 0) KSP residual norm 4.801136e-04
  3 (restart 0) KSP residual norm 9.915262e-05
  4 (restart 0) KSP residual norm 1.899147e-05
  5 (restart 0) KSP residual norm 4.189013e-06
  6 (restart 0) KSP residual norm 7.225740e-07
  7 (restart 0) KSP residual norm 1.321951e-07
  8 (restart 0) KSP residual norm 2.312211e-08
  9 (restart 0) KSP residual norm 4.564814e-09
 10 (restart 0) KSP residual norm 9.572492e-10
 11 (restart 0) KSP residual norm 2.259791e-10
GMRES solver converged in 11 iterations (avg. reduction factor: 1.645e-01)
  1 EPS nconv=8 first unconverged value (error) 0.000727806+8.86675e-11i (1.72743844e-08)
  Residual norms for GMRES solve
  0 (restart 0) KSP residual norm 5.966769e-02
  1 (restart 0) KSP residual norm 3.568990e-03
  2 (restart 0) KSP residual norm 4.269436e-04
  3 (restart 0) KSP residual norm 7.798335e-05
  4 (restart 0) KSP residual norm 1.457611e-05
  5 (restart 0) KSP residual norm 2.911693e-06
  6 (restart 0) KSP residual norm 5.591223e-07
  7 (restart 0) KSP residual norm 1.082937e-07
  8 (restart 0) KSP residual norm 2.042039e-08
  9 (restart 0) KSP residual norm 3.877449e-09
 10 (restart 0) KSP residual norm 8.371627e-10
 11 (restart 0) KSP residual norm 2.091463e-10
GMRES solver converged in 11 iterations (avg. reduction factor: 1.703e-01)
  Residual norms for GMRES solve
  0 (restart 0) KSP residual norm 7.739048e-02
  1 (restart 0) KSP residual norm 3.489787e-03
  2 (restart 0) KSP residual norm 3.787165e-04
  3 (restart 0) KSP residual norm 7.030372e-05
  4 (restart 0) KSP residual norm 1.419313e-05
  5 (restart 0) KSP residual norm 2.825269e-06
  6 (restart 0) KSP residual norm 5.520342e-07
  7 (restart 0) KSP residual norm 1.051317e-07
  8 (restart 0) KSP residual norm 2.036681e-08
  9 (restart 0) KSP residual norm 3.969726e-09
 10 (restart 0) KSP residual norm 8.624193e-10
 11 (restart 0) KSP residual norm 2.103878e-10
GMRES solver converged in 11 iterations (avg. reduction factor: 1.665e-01)
  Residual norms for GMRES solve
  0 (restart 0) KSP residual norm 1.164019e-01
  1 (restart 0) KSP residual norm 4.544516e-03
  2 (restart 0) KSP residual norm 5.210625e-04
  3 (restart 0) KSP residual norm 9.567836e-05
  4 (restart 0) KSP residual norm 1.808690e-05
  5 (restart 0) KSP residual norm 3.655213e-06
  6 (restart 0) KSP residual norm 6.567016e-07
  7 (restart 0) KSP residual norm 1.300525e-07
  8 (restart 0) KSP residual norm 2.351003e-08
  9 (restart 0) KSP residual norm 4.856210e-09
 10 (restart 0) KSP residual norm 1.047620e-09
GMRES solver converged in 10 iterations (avg. reduction factor: 1.568e-01)
  Residual norms for GMRES solve
  0 (restart 0) KSP residual norm 9.121913e-02
  1 (restart 0) KSP residual norm 3.468385e-03
  2 (restart 0) KSP residual norm 4.123018e-04
  3 (restart 0) KSP residual norm 7.397995e-05
  4 (restart 0) KSP residual norm 1.480006e-05
  5 (restart 0) KSP residual norm 3.103220e-06
  6 (restart 0) KSP residual norm 5.952336e-07
  7 (restart 0) KSP residual norm 1.101736e-07
  8 (restart 0) KSP residual norm 2.065791e-08
  9 (restart 0) KSP residual norm 3.848268e-09
 10 (restart 0) KSP residual norm 7.538476e-10
GMRES solver converged in 10 iterations (avg. reduction factor: 1.555e-01)
  Residual norms for GMRES solve
  0 (restart 0) KSP residual norm 4.947342e-02
  1 (restart 0) KSP residual norm 3.201504e-03
  2 (restart 0) KSP residual norm 3.690935e-04
  3 (restart 0) KSP residual norm 6.943417e-05
  4 (restart 0) KSP residual norm 1.195598e-05
  5 (restart 0) KSP residual norm 2.364951e-06
  6 (restart 0) KSP residual norm 4.118748e-07
  7 (restart 0) KSP residual norm 8.457095e-08
  8 (restart 0) KSP residual norm 1.642619e-08
  9 (restart 0) KSP residual norm 3.156329e-09
 10 (restart 0) KSP residual norm 6.153558e-10
 11 (restart 0) KSP residual norm 1.295497e-10
GMRES solver converged in 11 iterations (avg. reduction factor: 1.659e-01)
  Residual norms for GMRES solve
  0 (restart 0) KSP residual norm 5.072403e-02
  1 (restart 0) KSP residual norm 3.544302e-03
  2 (restart 0) KSP residual norm 4.164204e-04
  3 (restart 0) KSP residual norm 9.021376e-05
  4 (restart 0) KSP residual norm 1.673684e-05
  5 (restart 0) KSP residual norm 3.685793e-06
  6 (restart 0) KSP residual norm 6.482784e-07
  7 (restart 0) KSP residual norm 1.130586e-07
  8 (restart 0) KSP residual norm 1.950768e-08
  9 (restart 0) KSP residual norm 3.476089e-09
 10 (restart 0) KSP residual norm 7.521674e-10
 11 (restart 0) KSP residual norm 1.825310e-10
GMRES solver converged in 11 iterations (avg. reduction factor: 1.708e-01)
  Residual norms for GMRES solve
  0 (restart 0) KSP residual norm 7.376367e-02
  1 (restart 0) KSP residual norm 3.757879e-03
  2 (restart 0) KSP residual norm 4.372781e-04
  3 (restart 0) KSP residual norm 9.105489e-05
  4 (restart 0) KSP residual norm 1.818654e-05
  5 (restart 0) KSP residual norm 3.832457e-06
  6 (restart 0) KSP residual norm 6.470101e-07
  7 (restart 0) KSP residual norm 1.156629e-07
  8 (restart 0) KSP residual norm 1.980973e-08
  9 (restart 0) KSP residual norm 3.781569e-09
 10 (restart 0) KSP residual norm 8.383103e-10
 11 (restart 0) KSP residual norm 2.100807e-10
GMRES solver converged in 11 iterations (avg. reduction factor: 1.672e-01)
  Residual norms for GMRES solve
  0 (restart 0) KSP residual norm 6.872858e-02
  1 (restart 0) KSP residual norm 3.725087e-03
  2 (restart 0) KSP residual norm 4.029074e-04
  3 (restart 0) KSP residual norm 8.185808e-05
  4 (restart 0) KSP residual norm 1.567881e-05
  5 (restart 0) KSP residual norm 3.296166e-06
  6 (restart 0) KSP residual norm 6.061459e-07
  7 (restart 0) KSP residual norm 1.201413e-07
  8 (restart 0) KSP residual norm 2.247647e-08
  9 (restart 0) KSP residual norm 4.307920e-09
 10 (restart 0) KSP residual norm 8.768610e-10
 11 (restart 0) KSP residual norm 1.886720e-10
GMRES solver converged in 11 iterations (avg. reduction factor: 1.666e-01)
  Residual norms for GMRES solve
  0 (restart 0) KSP residual norm 5.821475e-02
  1 (restart 0) KSP residual norm 4.064163e-03
  2 (restart 0) KSP residual norm 4.490180e-04
  3 (restart 0) KSP residual norm 8.193275e-05
  4 (restart 0) KSP residual norm 1.413368e-05
  5 (restart 0) KSP residual norm 2.852216e-06
  6 (restart 0) KSP residual norm 5.193468e-07
  7 (restart 0) KSP residual norm 1.057699e-07
  8 (restart 0) KSP residual norm 2.002980e-08
  9 (restart 0) KSP residual norm 3.945494e-09
 10 (restart 0) KSP residual norm 7.952201e-10
 11 (restart 0) KSP residual norm 1.718901e-10
GMRES solver converged in 11 iterations (avg. reduction factor: 1.677e-01)
  Residual norms for GMRES solve
  0 (restart 0) KSP residual norm 7.124765e-02
  1 (restart 0) KSP residual norm 4.149134e-03
  2 (restart 0) KSP residual norm 4.143906e-04
  3 (restart 0) KSP residual norm 7.404298e-05
  4 (restart 0) KSP residual norm 1.354212e-05
  5 (restart 0) KSP residual norm 2.611399e-06
  6 (restart 0) KSP residual norm 4.616685e-07
  7 (restart 0) KSP residual norm 8.898870e-08
  8 (restart 0) KSP residual norm 1.656054e-08
  9 (restart 0) KSP residual norm 3.327428e-09
 10 (restart 0) KSP residual norm 7.375860e-10
 11 (restart 0) KSP residual norm 1.770372e-10
GMRES solver converged in 11 iterations (avg. reduction factor: 1.651e-01)
  Residual norms for GMRES solve
  0 (restart 0) KSP residual norm 4.871409e-02
  1 (restart 0) KSP residual norm 3.310824e-03
  2 (restart 0) KSP residual norm 3.965249e-04
  3 (restart 0) KSP residual norm 7.668090e-05
  4 (restart 0) KSP residual norm 1.373987e-05
  5 (restart 0) KSP residual norm 2.830972e-06
  6 (restart 0) KSP residual norm 4.806890e-07
  7 (restart 0) KSP residual norm 9.899498e-08
  8 (restart 0) KSP residual norm 1.883208e-08
  9 (restart 0) KSP residual norm 3.678423e-09
 10 (restart 0) KSP residual norm 7.896374e-10
 11 (restart 0) KSP residual norm 1.848857e-10
GMRES solver converged in 11 iterations (avg. reduction factor: 1.716e-01)
  Residual norms for GMRES solve
  0 (restart 0) KSP residual norm 6.580176e-02
  1 (restart 0) KSP residual norm 4.432325e-03
  2 (restart 0) KSP residual norm 4.417589e-04
  3 (restart 0) KSP residual norm 8.760635e-05
  4 (restart 0) KSP residual norm 1.479932e-05
  5 (restart 0) KSP residual norm 2.807721e-06
  6 (restart 0) KSP residual norm 5.057442e-07
  7 (restart 0) KSP residual norm 9.906823e-08
  8 (restart 0) KSP residual norm 1.928562e-08
  9 (restart 0) KSP residual norm 3.638502e-09
 10 (restart 0) KSP residual norm 7.409471e-10
 11 (restart 0) KSP residual norm 1.695295e-10
GMRES solver converged in 11 iterations (avg. reduction factor: 1.656e-01)
  Residual norms for GMRES solve
  0 (restart 0) KSP residual norm 5.439781e-02
  1 (restart 0) KSP residual norm 3.517646e-03
  2 (restart 0) KSP residual norm 4.000606e-04
  3 (restart 0) KSP residual norm 7.902915e-05
  4 (restart 0) KSP residual norm 1.482270e-05
  5 (restart 0) KSP residual norm 3.294393e-06
  6 (restart 0) KSP residual norm 6.193078e-07
  7 (restart 0) KSP residual norm 1.138352e-07
  8 (restart 0) KSP residual norm 2.034398e-08
  9 (restart 0) KSP residual norm 3.902872e-09
 10 (restart 0) KSP residual norm 8.445686e-10
 11 (restart 0) KSP residual norm 2.040102e-10
GMRES solver converged in 11 iterations (avg. reduction factor: 1.714e-01)
  Residual norms for GMRES solve
  0 (restart 0) KSP residual norm 5.704040e-02
  1 (restart 0) KSP residual norm 3.888336e-03
  2 (restart 0) KSP residual norm 4.488354e-04
  3 (restart 0) KSP residual norm 9.128288e-05
  4 (restart 0) KSP residual norm 1.497819e-05
  5 (restart 0) KSP residual norm 3.099134e-06
  6 (restart 0) KSP residual norm 5.491991e-07
  7 (restart 0) KSP residual norm 1.110988e-07
  8 (restart 0) KSP residual norm 2.073214e-08
  9 (restart 0) KSP residual norm 3.882446e-09
 10 (restart 0) KSP residual norm 7.702727e-10
 11 (restart 0) KSP residual norm 1.747638e-10
GMRES solver converged in 11 iterations (avg. reduction factor: 1.683e-01)
  Residual norms for GMRES solve
  0 (restart 0) KSP residual norm 6.640342e-02
  1 (restart 0) KSP residual norm 4.811542e-03
  2 (restart 0) KSP residual norm 4.807929e-04
  3 (restart 0) KSP residual norm 9.180690e-05
  4 (restart 0) KSP residual norm 1.468832e-05
  5 (restart 0) KSP residual norm 2.813005e-06
  6 (restart 0) KSP residual norm 5.426135e-07
  7 (restart 0) KSP residual norm 1.062616e-07
  8 (restart 0) KSP residual norm 1.949373e-08
  9 (restart 0) KSP residual norm 4.323545e-09
 10 (restart 0) KSP residual norm 1.066689e-09
 11 (restart 0) KSP residual norm 2.478153e-10
GMRES solver converged in 11 iterations (avg. reduction factor: 1.713e-01)
  Residual norms for GMRES solve
  0 (restart 0) KSP residual norm 5.320682e-02
  1 (restart 0) KSP residual norm 3.854126e-03
  2 (restart 0) KSP residual norm 4.417932e-04
  3 (restart 0) KSP residual norm 8.287833e-05
  4 (restart 0) KSP residual norm 1.428218e-05
  5 (restart 0) KSP residual norm 2.788415e-06
  6 (restart 0) KSP residual norm 5.099928e-07
  7 (restart 0) KSP residual norm 1.020508e-07
  8 (restart 0) KSP residual norm 2.013155e-08
  9 (restart 0) KSP residual norm 4.300490e-09
 10 (restart 0) KSP residual norm 1.009958e-09
 11 (restart 0) KSP residual norm 2.474913e-10
GMRES solver converged in 11 iterations (avg. reduction factor: 1.748e-01)
  Residual norms for GMRES solve
  0 (restart 0) KSP residual norm 6.270055e-02
  1 (restart 0) KSP residual norm 3.768718e-03
  2 (restart 0) KSP residual norm 4.352523e-04
  3 (restart 0) KSP residual norm 8.307361e-05
  4 (restart 0) KSP residual norm 1.613805e-05
  5 (restart 0) KSP residual norm 3.102553e-06
  6 (restart 0) KSP residual norm 6.277996e-07
  7 (restart 0) KSP residual norm 1.213535e-07
  8 (restart 0) KSP residual norm 2.064188e-08
  9 (restart 0) KSP residual norm 3.799601e-09
 10 (restart 0) KSP residual norm 7.898238e-10
 11 (restart 0) KSP residual norm 1.970401e-10
GMRES solver converged in 11 iterations (avg. reduction factor: 1.687e-01)
  Residual norms for GMRES solve
  0 (restart 0) KSP residual norm 6.898057e-02
  1 (restart 0) KSP residual norm 4.283553e-03
  2 (restart 0) KSP residual norm 4.692024e-04
  3 (restart 0) KSP residual norm 9.333038e-05
  4 (restart 0) KSP residual norm 1.877973e-05
  5 (restart 0) KSP residual norm 3.533655e-06
  6 (restart 0) KSP residual norm 6.685342e-07
  7 (restart 0) KSP residual norm 1.247420e-07
  8 (restart 0) KSP residual norm 2.250693e-08
  9 (restart 0) KSP residual norm 4.140622e-09
 10 (restart 0) KSP residual norm 8.056124e-10
 11 (restart 0) KSP residual norm 1.720169e-10
GMRES solver converged in 11 iterations (avg. reduction factor: 1.652e-01)
  2 EPS nconv=13 first unconverged value (error) 0.00093969+2.08778e-10i (1.95634416e-06)
  Residual norms for GMRES solve
  0 (restart 0) KSP residual norm 3.927513e-02
  1 (restart 0) KSP residual norm 2.766129e-03
  2 (restart 0) KSP residual norm 3.707461e-04
  3 (restart 0) KSP residual norm 6.872417e-05
  4 (restart 0) KSP residual norm 1.270335e-05
  5 (restart 0) KSP residual norm 2.645302e-06
  6 (restart 0) KSP residual norm 4.922211e-07
  7 (restart 0) KSP residual norm 1.013225e-07
  8 (restart 0) KSP residual norm 1.830877e-08
  9 (restart 0) KSP residual norm 3.431542e-09
 10 (restart 0) KSP residual norm 6.759191e-10
 11 (restart 0) KSP residual norm 1.436845e-10
GMRES solver converged in 11 iterations (avg. reduction factor: 1.710e-01)
  Residual norms for GMRES solve
  0 (restart 0) KSP residual norm 4.299609e-02
  1 (restart 0) KSP residual norm 3.223369e-03
  2 (restart 0) KSP residual norm 3.711602e-04
  3 (restart 0) KSP residual norm 7.137211e-05
  4 (restart 0) KSP residual norm 1.371083e-05
  5 (restart 0) KSP residual norm 2.549861e-06
  6 (restart 0) KSP residual norm 4.750213e-07
  7 (restart 0) KSP residual norm 9.591847e-08
  8 (restart 0) KSP residual norm 1.830772e-08
  9 (restart 0) KSP residual norm 3.410974e-09
 10 (restart 0) KSP residual norm 6.643101e-10
 11 (restart 0) KSP residual norm 1.437189e-10
GMRES solver converged in 11 iterations (avg. reduction factor: 1.696e-01)
  Residual norms for GMRES solve
  0 (restart 0) KSP residual norm 6.108761e-02
  1 (restart 0) KSP residual norm 4.180072e-03
  2 (restart 0) KSP residual norm 4.442955e-04
  3 (restart 0) KSP residual norm 8.312274e-05
  4 (restart 0) KSP residual norm 1.460727e-05
  5 (restart 0) KSP residual norm 2.849928e-06
  6 (restart 0) KSP residual norm 5.212927e-07
  7 (restart 0) KSP residual norm 1.015008e-07
  8 (restart 0) KSP residual norm 1.927528e-08
  9 (restart 0) KSP residual norm 3.826453e-09
 10 (restart 0) KSP residual norm 7.955889e-10
 11 (restart 0) KSP residual norm 1.908512e-10
GMRES solver converged in 11 iterations (avg. reduction factor: 1.686e-01)
  Residual norms for GMRES solve
  0 (restart 0) KSP residual norm 6.265582e-02
  1 (restart 0) KSP residual norm 3.548346e-03
  2 (restart 0) KSP residual norm 4.200796e-04
  3 (restart 0) KSP residual norm 7.905813e-05
  4 (restart 0) KSP residual norm 1.391058e-05
  5 (restart 0) KSP residual norm 2.629729e-06
  6 (restart 0) KSP residual norm 4.906379e-07
  7 (restart 0) KSP residual norm 9.752145e-08
  8 (restart 0) KSP residual norm 1.854482e-08
  9 (restart 0) KSP residual norm 3.800557e-09
 10 (restart 0) KSP residual norm 8.239311e-10
 11 (restart 0) KSP residual norm 1.964723e-10
GMRES solver converged in 11 iterations (avg. reduction factor: 1.686e-01)
  Residual norms for GMRES solve
  0 (restart 0) KSP residual norm 5.517050e-02
  1 (restart 0) KSP residual norm 3.391997e-03
  2 (restart 0) KSP residual norm 4.050854e-04
  3 (restart 0) KSP residual norm 7.679152e-05
  4 (restart 0) KSP residual norm 1.363743e-05
  5 (restart 0) KSP residual norm 2.785546e-06
  6 (restart 0) KSP residual norm 5.322059e-07
  7 (restart 0) KSP residual norm 1.037189e-07
  8 (restart 0) KSP residual norm 1.931204e-08
  9 (restart 0) KSP residual norm 4.340095e-09
 10 (restart 0) KSP residual norm 1.142309e-09
 11 (restart 0) KSP residual norm 2.670959e-10
GMRES solver converged in 11 iterations (avg. reduction factor: 1.754e-01)
  Residual norms for GMRES solve
  0 (restart 0) KSP residual norm 5.125700e-02
  1 (restart 0) KSP residual norm 3.493860e-03
  2 (restart 0) KSP residual norm 4.061733e-04
  3 (restart 0) KSP residual norm 7.833301e-05
  4 (restart 0) KSP residual norm 1.310173e-05
  5 (restart 0) KSP residual norm 2.547282e-06
  6 (restart 0) KSP residual norm 4.465972e-07
  7 (restart 0) KSP residual norm 9.180443e-08
  8 (restart 0) KSP residual norm 1.812965e-08
  9 (restart 0) KSP residual norm 3.753133e-09
 10 (restart 0) KSP residual norm 7.743383e-10
 11 (restart 0) KSP residual norm 1.578913e-10
GMRES solver converged in 11 iterations (avg. reduction factor: 1.684e-01)
  Residual norms for GMRES solve
  0 (restart 0) KSP residual norm 7.466163e-02
  1 (restart 0) KSP residual norm 4.381116e-03
  2 (restart 0) KSP residual norm 4.686456e-04
  3 (restart 0) KSP residual norm 8.999610e-05
  4 (restart 0) KSP residual norm 1.644691e-05
  5 (restart 0) KSP residual norm 3.388791e-06
  6 (restart 0) KSP residual norm 5.964255e-07
  7 (restart 0) KSP residual norm 1.153235e-07
  8 (restart 0) KSP residual norm 2.035548e-08
  9 (restart 0) KSP residual norm 3.912566e-09
 10 (restart 0) KSP residual norm 8.395681e-10
 11 (restart 0) KSP residual norm 2.017612e-10
GMRES solver converged in 11 iterations (avg. reduction factor: 1.664e-01)
  Residual norms for GMRES solve
  0 (restart 0) KSP residual norm 8.732718e-02
  1 (restart 0) KSP residual norm 3.544448e-03
  2 (restart 0) KSP residual norm 4.377972e-04
  3 (restart 0) KSP residual norm 8.230217e-05
  4 (restart 0) KSP residual norm 1.625322e-05
  5 (restart 0) KSP residual norm 3.372950e-06
  6 (restart 0) KSP residual norm 5.930248e-07
  7 (restart 0) KSP residual norm 1.239327e-07
  8 (restart 0) KSP residual norm 2.209311e-08
  9 (restart 0) KSP residual norm 4.183902e-09
 10 (restart 0) KSP residual norm 9.197267e-10
 11 (restart 0) KSP residual norm 2.342386e-10
GMRES solver converged in 11 iterations (avg. reduction factor: 1.663e-01)
  Residual norms for GMRES solve
  0 (restart 0) KSP residual norm 1.581766e-01
  1 (restart 0) KSP residual norm 5.067615e-03
  2 (restart 0) KSP residual norm 5.933467e-04
  3 (restart 0) KSP residual norm 1.334053e-04
  4 (restart 0) KSP residual norm 2.874994e-05
  5 (restart 0) KSP residual norm 5.317151e-06
  6 (restart 0) KSP residual norm 8.401111e-07
  7 (restart 0) KSP residual norm 1.474119e-07
  8 (restart 0) KSP residual norm 2.585793e-08
  9 (restart 0) KSP residual norm 4.443068e-09
 10 (restart 0) KSP residual norm 7.744769e-10
GMRES solver converged in 10 iterations (avg. reduction factor: 1.476e-01)
  Residual norms for GMRES solve
  0 (restart 0) KSP residual norm 1.311887e-01
  1 (restart 0) KSP residual norm 4.109485e-03
  2 (restart 0) KSP residual norm 4.823085e-04
  3 (restart 0) KSP residual norm 7.885230e-05
  4 (restart 0) KSP residual norm 1.646988e-05
  5 (restart 0) KSP residual norm 3.237191e-06
  6 (restart 0) KSP residual norm 6.122426e-07
  7 (restart 0) KSP residual norm 1.167511e-07
  8 (restart 0) KSP residual norm 2.215186e-08
  9 (restart 0) KSP residual norm 4.144670e-09
 10 (restart 0) KSP residual norm 7.696229e-10
GMRES solver converged in 10 iterations (avg. reduction factor: 1.503e-01)
  Residual norms for GMRES solve
  0 (restart 0) KSP residual norm 7.829158e-02
  1 (restart 0) KSP residual norm 4.688747e-03
  2 (restart 0) KSP residual norm 5.072949e-04
  3 (restart 0) KSP residual norm 8.500920e-05
  4 (restart 0) KSP residual norm 1.483261e-05
  5 (restart 0) KSP residual norm 2.841707e-06
  6 (restart 0) KSP residual norm 5.245472e-07
  7 (restart 0) KSP residual norm 1.035989e-07
  8 (restart 0) KSP residual norm 1.987711e-08
  9 (restart 0) KSP residual norm 3.770560e-09
 10 (restart 0) KSP residual norm 8.366336e-10
 11 (restart 0) KSP residual norm 1.979756e-10
GMRES solver converged in 11 iterations (avg. reduction factor: 1.654e-01)
  Residual norms for GMRES solve
  0 (restart 0) KSP residual norm 4.759036e-02
  1 (restart 0) KSP residual norm 3.261191e-03
  2 (restart 0) KSP residual norm 3.955619e-04
  3 (restart 0) KSP residual norm 7.573648e-05
  4 (restart 0) KSP residual norm 1.441525e-05
  5 (restart 0) KSP residual norm 2.783605e-06
  6 (restart 0) KSP residual norm 5.020647e-07
  7 (restart 0) KSP residual norm 9.971383e-08
  8 (restart 0) KSP residual norm 1.817017e-08
  9 (restart 0) KSP residual norm 3.982205e-09
 10 (restart 0) KSP residual norm 9.918422e-10
 11 (restart 0) KSP residual norm 2.460777e-10
GMRES solver converged in 11 iterations (avg. reduction factor: 1.765e-01)
  Residual norms for GMRES solve
  0 (restart 0) KSP residual norm 4.195085e-02
  1 (restart 0) KSP residual norm 2.845378e-03
  2 (restart 0) KSP residual norm 3.714770e-04
  3 (restart 0) KSP residual norm 7.027790e-05
  4 (restart 0) KSP residual norm 1.422726e-05
  5 (restart 0) KSP residual norm 2.917590e-06
  6 (restart 0) KSP residual norm 5.893915e-07
  7 (restart 0) KSP residual norm 1.118872e-07
  8 (restart 0) KSP residual norm 2.046809e-08
  9 (restart 0) KSP residual norm 3.891004e-09
 10 (restart 0) KSP residual norm 8.320305e-10
 11 (restart 0) KSP residual norm 1.932405e-10
GMRES solver converged in 11 iterations (avg. reduction factor: 1.746e-01)
  Residual norms for GMRES solve
  0 (restart 0) KSP residual norm 4.903493e-02
  1 (restart 0) KSP residual norm 3.664299e-03
  2 (restart 0) KSP residual norm 4.217163e-04
  3 (restart 0) KSP residual norm 8.097415e-05
  4 (restart 0) KSP residual norm 1.452594e-05
  5 (restart 0) KSP residual norm 2.994922e-06
  6 (restart 0) KSP residual norm 5.374923e-07
  7 (restart 0) KSP residual norm 1.060674e-07
  8 (restart 0) KSP residual norm 2.003502e-08
  9 (restart 0) KSP residual norm 4.050634e-09
 10 (restart 0) KSP residual norm 1.031277e-09
 11 (restart 0) KSP residual norm 2.577374e-10
GMRES solver converged in 11 iterations (avg. reduction factor: 1.767e-01)
  Residual norms for GMRES solve
  0 (restart 0) KSP residual norm 4.541057e-02
  1 (restart 0) KSP residual norm 3.120099e-03
  2 (restart 0) KSP residual norm 4.005063e-04
  3 (restart 0) KSP residual norm 8.061208e-05
  4 (restart 0) KSP residual norm 1.389676e-05
  5 (restart 0) KSP residual norm 2.966956e-06
  6 (restart 0) KSP residual norm 5.467988e-07
  7 (restart 0) KSP residual norm 1.062610e-07
  8 (restart 0) KSP residual norm 1.836673e-08
  9 (restart 0) KSP residual norm 3.353171e-09
 10 (restart 0) KSP residual norm 7.779860e-10
 11 (restart 0) KSP residual norm 2.010729e-10
GMRES solver converged in 11 iterations (avg. reduction factor: 1.740e-01)
  Residual norms for GMRES solve
  0 (restart 0) KSP residual norm 5.500631e-02
  1 (restart 0) KSP residual norm 3.870725e-03
  2 (restart 0) KSP residual norm 4.201088e-04
  3 (restart 0) KSP residual norm 8.775855e-05
  4 (restart 0) KSP residual norm 1.877670e-05
  5 (restart 0) KSP residual norm 3.623485e-06
  6 (restart 0) KSP residual norm 6.520335e-07
  7 (restart 0) KSP residual norm 1.157621e-07
  8 (restart 0) KSP residual norm 2.009078e-08
  9 (restart 0) KSP residual norm 4.041068e-09
 10 (restart 0) KSP residual norm 9.364063e-10
 11 (restart 0) KSP residual norm 2.259846e-10
GMRES solver converged in 11 iterations (avg. reduction factor: 1.728e-01)
  3 EPS nconv=19 first unconverged value (error) 0.001145-1.30317e-10i (8.88309312e-06)
  Residual norms for GMRES solve
  0 (restart 0) KSP residual norm 4.117064e-02
  1 (restart 0) KSP residual norm 2.536293e-03
  2 (restart 0) KSP residual norm 3.189719e-04
  3 (restart 0) KSP residual norm 5.384411e-05
  4 (restart 0) KSP residual norm 9.725517e-06
  5 (restart 0) KSP residual norm 2.067910e-06
  6 (restart 0) KSP residual norm 4.052902e-07
  7 (restart 0) KSP residual norm 8.541519e-08
  8 (restart 0) KSP residual norm 1.737526e-08
  9 (restart 0) KSP residual norm 3.600844e-09
 10 (restart 0) KSP residual norm 8.472640e-10
 11 (restart 0) KSP residual norm 2.038439e-10
GMRES solver converged in 11 iterations (avg. reduction factor: 1.758e-01)
  Residual norms for GMRES solve
  0 (restart 0) KSP residual norm 5.504220e-02
  1 (restart 0) KSP residual norm 3.672898e-03
  2 (restart 0) KSP residual norm 3.531827e-04
  3 (restart 0) KSP residual norm 7.273630e-05
  4 (restart 0) KSP residual norm 1.384262e-05
  5 (restart 0) KSP residual norm 2.682693e-06
  6 (restart 0) KSP residual norm 5.195917e-07
  7 (restart 0) KSP residual norm 9.680048e-08
  8 (restart 0) KSP residual norm 1.776154e-08
  9 (restart 0) KSP residual norm 3.444434e-09
 10 (restart 0) KSP residual norm 6.759247e-10
 11 (restart 0) KSP residual norm 1.439917e-10
GMRES solver converged in 11 iterations (avg. reduction factor: 1.659e-01)
  Residual norms for GMRES solve
  0 (restart 0) KSP residual norm 4.392689e-02
  1 (restart 0) KSP residual norm 2.938437e-03
  2 (restart 0) KSP residual norm 3.911302e-04
  3 (restart 0) KSP residual norm 8.294867e-05
  4 (restart 0) KSP residual norm 1.564647e-05
  5 (restart 0) KSP residual norm 3.426207e-06
  6 (restart 0) KSP residual norm 6.215953e-07
  7 (restart 0) KSP residual norm 1.180887e-07
  8 (restart 0) KSP residual norm 1.986131e-08
  9 (restart 0) KSP residual norm 3.726082e-09
 10 (restart 0) KSP residual norm 8.472114e-10
 11 (restart 0) KSP residual norm 2.169392e-10
GMRES solver converged in 11 iterations (avg. reduction factor: 1.757e-01)
  Residual norms for GMRES solve
  0 (restart 0) KSP residual norm 4.651004e-02
  1 (restart 0) KSP residual norm 3.105441e-03
  2 (restart 0) KSP residual norm 3.863409e-04
  3 (restart 0) KSP residual norm 8.456935e-05
  4 (restart 0) KSP residual norm 1.739028e-05
  5 (restart 0) KSP residual norm 3.480180e-06
  6 (restart 0) KSP residual norm 6.177286e-07
  7 (restart 0) KSP residual norm 1.159749e-07
  8 (restart 0) KSP residual norm 2.119438e-08
  9 (restart 0) KSP residual norm 4.161431e-09
 10 (restart 0) KSP residual norm 9.791568e-10
 11 (restart 0) KSP residual norm 2.475205e-10
GMRES solver converged in 11 iterations (avg. reduction factor: 1.769e-01)
  Residual norms for GMRES solve
  0 (restart 0) KSP residual norm 5.160248e-02
  1 (restart 0) KSP residual norm 3.756975e-03
  2 (restart 0) KSP residual norm 3.969584e-04
  3 (restart 0) KSP residual norm 7.937685e-05
  4 (restart 0) KSP residual norm 1.528542e-05
  5 (restart 0) KSP residual norm 3.038256e-06
  6 (restart 0) KSP residual norm 5.759405e-07
  7 (restart 0) KSP residual norm 1.054992e-07
  8 (restart 0) KSP residual norm 1.876936e-08
  9 (restart 0) KSP residual norm 3.723080e-09
 10 (restart 0) KSP residual norm 8.763659e-10
 11 (restart 0) KSP residual norm 2.119602e-10
GMRES solver converged in 11 iterations (avg. reduction factor: 1.728e-01)
  Residual norms for GMRES solve
  0 (restart 0) KSP residual norm 4.976352e-02
  1 (restart 0) KSP residual norm 3.779720e-03
  2 (restart 0) KSP residual norm 3.939214e-04
  3 (restart 0) KSP residual norm 7.806415e-05
  4 (restart 0) KSP residual norm 1.345595e-05
  5 (restart 0) KSP residual norm 2.712717e-06
  6 (restart 0) KSP residual norm 4.927867e-07
  7 (restart 0) KSP residual norm 1.003677e-07
  8 (restart 0) KSP residual norm 1.920569e-08
  9 (restart 0) KSP residual norm 3.927111e-09
 10 (restart 0) KSP residual norm 9.305363e-10
 11 (restart 0) KSP residual norm 2.215386e-10
GMRES solver converged in 11 iterations (avg. reduction factor: 1.741e-01)
  Residual norms for GMRES solve
  0 (restart 0) KSP residual norm 4.708833e-02
  1 (restart 0) KSP residual norm 3.584024e-03
  2 (restart 0) KSP residual norm 4.088228e-04
  3 (restart 0) KSP residual norm 7.747509e-05
  4 (restart 0) KSP residual norm 1.523480e-05
  5 (restart 0) KSP residual norm 3.156718e-06
  6 (restart 0) KSP residual norm 5.537224e-07
  7 (restart 0) KSP residual norm 1.086691e-07
  8 (restart 0) KSP residual norm 1.960357e-08
  9 (restart 0) KSP residual norm 3.783484e-09
 10 (restart 0) KSP residual norm 8.109123e-10
 11 (restart 0) KSP residual norm 1.996070e-10
GMRES solver converged in 11 iterations (avg. reduction factor: 1.733e-01)
  Residual norms for GMRES solve
  0 (restart 0) KSP residual norm 4.256338e-02
  1 (restart 0) KSP residual norm 2.927565e-03
  2 (restart 0) KSP residual norm 3.721803e-04
  3 (restart 0) KSP residual norm 6.945266e-05
  4 (restart 0) KSP residual norm 1.472377e-05
  5 (restart 0) KSP residual norm 3.165170e-06
  6 (restart 0) KSP residual norm 6.077903e-07
  7 (restart 0) KSP residual norm 1.119379e-07
  8 (restart 0) KSP residual norm 1.999326e-08
  9 (restart 0) KSP residual norm 4.120465e-09
 10 (restart 0) KSP residual norm 1.051960e-09
 11 (restart 0) KSP residual norm 2.505354e-10
GMRES solver converged in 11 iterations (avg. reduction factor: 1.786e-01)
  Residual norms for GMRES solve
  0 (restart 0) KSP residual norm 5.033251e-02
  1 (restart 0) KSP residual norm 3.760552e-03
  2 (restart 0) KSP residual norm 3.877780e-04
  3 (restart 0) KSP residual norm 7.126846e-05
  4 (restart 0) KSP residual norm 1.314203e-05
  5 (restart 0) KSP residual norm 2.526166e-06
  6 (restart 0) KSP residual norm 4.411384e-07
  7 (restart 0) KSP residual norm 8.649846e-08
  8 (restart 0) KSP residual norm 1.698531e-08
  9 (restart 0) KSP residual norm 3.454736e-09
 10 (restart 0) KSP residual norm 8.537039e-10
 11 (restart 0) KSP residual norm 2.110851e-10
GMRES solver converged in 11 iterations (avg. reduction factor: 1.731e-01)
  Residual norms for GMRES solve
  0 (restart 0) KSP residual norm 4.969907e-02
  1 (restart 0) KSP residual norm 3.593601e-03
  2 (restart 0) KSP residual norm 4.108254e-04
  3 (restart 0) KSP residual norm 7.706519e-05
  4 (restart 0) KSP residual norm 1.430291e-05
  5 (restart 0) KSP residual norm 2.957634e-06
  6 (restart 0) KSP residual norm 5.298290e-07
  7 (restart 0) KSP residual norm 1.041397e-07
  8 (restart 0) KSP residual norm 1.877115e-08
  9 (restart 0) KSP residual norm 3.682033e-09
 10 (restart 0) KSP residual norm 9.212563e-10
 11 (restart 0) KSP residual norm 2.230356e-10
GMRES solver converged in 11 iterations (avg. reduction factor: 1.742e-01)
  Residual norms for GMRES solve
  0 (restart 0) KSP residual norm 6.161580e-02
  1 (restart 0) KSP residual norm 4.049372e-03
  2 (restart 0) KSP residual norm 4.538422e-04
  3 (restart 0) KSP residual norm 8.425097e-05
  4 (restart 0) KSP residual norm 1.547774e-05
  5 (restart 0) KSP residual norm 2.954995e-06
  6 (restart 0) KSP residual norm 5.594974e-07
  7 (restart 0) KSP residual norm 1.087922e-07
  8 (restart 0) KSP residual norm 2.089976e-08
  9 (restart 0) KSP residual norm 3.994258e-09
 10 (restart 0) KSP residual norm 9.242002e-10
 11 (restart 0) KSP residual norm 2.165205e-10
GMRES solver converged in 11 iterations (avg. reduction factor: 1.704e-01)
  Residual norms for GMRES solve
  0 (restart 0) KSP residual norm 4.853585e-02
  1 (restart 0) KSP residual norm 3.182891e-03
  2 (restart 0) KSP residual norm 3.887263e-04
  3 (restart 0) KSP residual norm 7.742855e-05
  4 (restart 0) KSP residual norm 1.504653e-05
  5 (restart 0) KSP residual norm 2.969657e-06
  6 (restart 0) KSP residual norm 5.422746e-07
  7 (restart 0) KSP residual norm 1.027224e-07
  8 (restart 0) KSP residual norm 1.860665e-08
  9 (restart 0) KSP residual norm 3.472221e-09
 10 (restart 0) KSP residual norm 8.090573e-10
 11 (restart 0) KSP residual norm 2.099367e-10
GMRES solver converged in 11 iterations (avg. reduction factor: 1.736e-01)
  Residual norms for GMRES solve
  0 (restart 0) KSP residual norm 4.534262e-02
  1 (restart 0) KSP residual norm 3.084511e-03
  2 (restart 0) KSP residual norm 3.792314e-04
  3 (restart 0) KSP residual norm 7.643056e-05
  4 (restart 0) KSP residual norm 1.364445e-05
  5 (restart 0) KSP residual norm 2.781276e-06
  6 (restart 0) KSP residual norm 5.184646e-07
  7 (restart 0) KSP residual norm 1.003311e-07
  8 (restart 0) KSP residual norm 1.895565e-08
  9 (restart 0) KSP residual norm 3.449259e-09
 10 (restart 0) KSP residual norm 6.499526e-10
 11 (restart 0) KSP residual norm 1.416945e-10
GMRES solver converged in 11 iterations (avg. reduction factor: 1.686e-01)
  4 EPS nconv=28 first unconverged value (error) 0.00134198+1.11523e-09i (2.99234869e-05)

 Linear eigensolve converged (28 eigenpairs) due to CONVERGED_TOL; iterations 4
 Total number of linear systems solved: 91
 Total number of linear solver iterations: 960
 Found 28 converged eigenvalues (first = 2.314e+01+1.043e-05i)

Computing solution error estimates and performing postprocessing

     m,        Re{f} (GHz),        Im{f} (GHz),                  Q,      Error (Bkwd.),       Error (Abs.)
     1,      +1.303902e+00,      +2.938171e-07,      +2.218901e+06,      +3.557056e-12,      +9.115969e-08
     2,      +1.638182e+00,      +2.112544e-07,      +3.877274e+06,      +7.066513e-12,      +1.811211e-07
     3,      +1.638192e+00,      +2.112575e-07,      +3.877241e+06,      +7.220857e-12,      +1.850771e-07
     4,      +1.840381e+00,      +2.115149e-07,      +4.350477e+06,      +9.100904e-12,      +2.332843e-07
     5,      +2.077821e+00,      +3.139754e-08,      +3.308890e+07,      +7.027731e-12,      +1.801628e-07
     6,      +2.077886e+00,      +3.151530e-08,      +3.296631e+07,      +3.997288e-12,      +1.024744e-07
     7,      +2.104836e+00,      +1.234841e-08,      +8.522703e+07,      +6.948278e-12,      +1.781283e-07
     8,      +2.104909e+00,      +1.235308e-08,      +8.519773e+07,      +1.088333e-11,      +2.790087e-07
     9,      +2.450257e+00,      +1.495807e-07,      +8.190418e+06,      +1.144323e-11,      +2.934184e-07
    10,      +2.450424e+00,      +1.495901e-07,      +8.190462e+06,      +1.458591e-11,      +3.740006e-07
    11,      +2.450983e+00,      +3.733033e-08,      +3.282830e+07,      +8.439761e-12,      +2.164058e-07
    12,      +2.622880e+00,      +7.075786e-10,      +1.853420e+09,      +4.682804e-12,      +1.200855e-07
    13,      +2.623265e+00,      +4.114099e-10,      +3.188140e+09,      +6.055651e-12,      +1.552908e-07
    14,      +2.784172e+00,      +3.491705e-07,      +3.986838e+06,      +1.950531e-11,      +5.002458e-07
    15,      +2.784237e+00,      +3.576483e-07,      +3.892424e+06,      +1.924899e-11,      +4.936720e-07
    16,      +2.785019e+00,      +1.514251e-08,      +9.196027e+07,      +7.277691e-12,      +1.866485e-07
    17,      +2.785227e+00,      +4.337552e-09,      +3.210598e+08,      +1.424385e-11,      +3.653072e-07
    18,      +2.908363e+00,      +1.405764e-07,      +1.034442e+07,      +1.107432e-11,      +2.840435e-07
    19,      +2.994946e+00,      +1.366366e-06,      +1.095953e+06,      +2.680091e-11,      +6.874547e-07
    20,      +3.073307e+00,      +1.189634e-08,      +1.291703e+08,      +8.367325e-12,      +2.146378e-07
    21,      +3.073444e+00,      +1.210650e-08,      +1.269336e+08,      +9.057604e-12,      +2.323448e-07
    22,      +3.082878e+00,      +1.818838e-08,      +8.474854e+07,      +7.071376e-12,      +1.813956e-07
    23,      +3.083462e+00,      +1.825737e-08,      +8.444431e+07,      +1.409223e-11,      +3.614954e-07
    24,      +3.164099e+00,      +1.107761e-09,      +1.428150e+09,      +6.409841e-12,      +1.644359e-07
    25,      +3.165219e+00,      +1.898605e-09,      +8.335643e+08,      +6.680882e-12,      +1.713892e-07
    26,      +3.171361e+00,      +7.369000e-07,      +2.151826e+06,      +3.588699e-11,      +9.206380e-07
    27,      +3.172017e+00,      +7.369164e-07,      +2.152223e+06,      +4.160208e-11,      +1.067252e-06
    28,      +3.264800e+00,      +1.276198e-06,      +1.279112e+06,      +3.253776e-11,      +8.347783e-07

Completed 0 iterations of adaptive mesh refinement (AMR):
 Indicator norm = 3.733e-02, global unknowns = 556748
 Max. iterations = 0, tol. = 1.000e-02

Estimated peak per-rank memory usage is: Min. 255.7M, Max. 280.4M, Avg. 266.9M, Total 8.3G
Estimated peak per-node memory usage is: Min. 8.3G, Max. 8.3G, Avg. 8.3G, Total 8.3G

Elapsed Time Report (s)           Min.        Max.        Avg.
==============================================================
Initialization                   0.264       0.716       0.701
  Mesh Preprocessing             0.507       0.959       0.521
Operator Construction            0.458       0.470       0.465
Linear Solve                    12.085      12.259      12.168
  Setup                          1.382       1.382       1.382
  Preconditioner               200.614     200.867     200.766
  Coarse Solve                  17.201      17.324      17.229
Eigenvalue Solve                 1.248       1.275       1.266
Div.-Free Projection            27.046      27.066      27.062
Estimation                       0.232       0.246       0.239
  Construction                   0.397       0.397       0.397
  Solve                         13.424      13.436      13.433
Postprocessing                   1.647       1.661       1.652
Disk IO                          1.100       1.101       1.101
--------------------------------------------------------------
Total                          279.522     279.538     279.530

Peak Memory                   Per-Node       Total   Total HWM
==============================================================
Initialization                   52.4M       52.4M       52.4M
  Mesh Preprocessing            139.1M      139.1M      191.5M
Operator Construction             1.1G        1.1G        1.3G
Linear Solve                      1.4M        1.4M        1.3G
  Setup                         961.1M      961.1M        2.2G
  Preconditioner                  4.2M        4.2M        2.2G
  Coarse Solve                    4.0G        4.0G        6.3G
Eigenvalue Solve                385.4M      385.4M        6.7G
Div.-Free Projection            302.4M      302.4M        7.0G
Estimation                        0.0K        0.0K        7.0G
  Construction                  447.2M      447.2M        7.4G
  Solve                           0.0K        0.0K        7.4G
Postprocessing                    0.0K        0.0K        7.4G
Disk IO                          82.2M       82.2M        7.5G
--------------------------------------------------------------
Total                             7.9G        7.9G        7.9G

