>> /opt/amip/envs/emsim/bin/mpirun -n 32 /opt/amip/palace/bin/palace-x86_64.bin e0d_x90.json

_____________     _______
_____   __   \____ __   /____ ____________
____   /_/  /  __ ` /  /  __ ` /  ___/  _ \
___   _____/  /_/  /  /  /_/  /  /__/  ___/
  /__/     \___,__/__/\___,__/\_____\_____/

Git changeset ID: v0.17.0-293-g3c83b9db0
Running with 32 MPI processes, 1 OpenMP thread
Device configuration: omp,cpu
Memory configuration: host-std
libCEED backend: /cpu/self/xsmm/blocked

Added 11830 boundary elements for material interfaces to the mesh

Characteristic length and time scales:
 Lc = 2.074e-01 m, tc = 6.918e-01 ns
Finished partitioning mesh into 32 subdomains

Mesh curvature order: 2
Mesh bounding box:
 (Xmin, Ymin, Zmin) = (-1.037e-01, -4.427e-02, -1.037e-01) m
 (Xmax, Ymax, Zmax) = (+1.037e-01, +4.427e-02, +1.037e-01) m

Parallel Mesh Stats:

                minimum     average     maximum       total
 vertices           316         450         683       14408
 edges             2648        3101        3798       99260
 faces             4900        5255        5761      168186
 elements          2530        2604        2681       83333
 neighbors            5          11          23

            minimum     maximum
 h       0.00421678    0.114125
 kappa      1.01572     14.0427

Estimated current per-rank memory usage is: Min. 33.1M, Max. 94.3M, Avg. 35.5M, Total 1.1G
Estimated current per-node memory usage is: Min. 1.1G, Max. 1.1G, Avg. 1.1G, Total 1.1G

Configuring Dirichlet PEC BC at attributes:
 90

Assembling system matrices, number of global unknowns:
 H1 (p = 2): 113668, ND (p = 2): 534892, RT (p = 2): 754557
 Operator assembly level: Partial
 Mesh geometries:
  Tetrahedron: P = 20, Q = 14 (quadrature order = 4)

Configuring SLEPc eigenvalue solver:
 Scaling γ = 7.701e+04, δ = 2.254e-04
 Configuring divergence-free projection
 Using random starting vector
 Shift-and-invert σ = 1.050e+00 GHz (4.564e+00)

Assembling multigrid hierarchy:
 Level 0 (p = 1): 99260 unknowns
 Level 1 (p = 2): 534892 unknowns
 Level 0 (auxiliary) (p = 1): 14408 unknowns
 Level 1 (auxiliary) (p = 2): 113668 unknowns

#PETSc Option Table entries:
-eps_monitor # (source: code)
#End of PETSc Option Table entries

  Residual norms for GMRES solve
  0 (restart 0) KSP residual norm 1.601972e-02
  1 (restart 0) KSP residual norm 6.273416e-04
  2 (restart 0) KSP residual norm 4.598977e-05
  3 (restart 0) KSP residual norm 6.794405e-06
  4 (restart 0) KSP residual norm 1.051973e-06
  5 (restart 0) KSP residual norm 1.876913e-07
  6 (restart 0) KSP residual norm 3.492224e-08
  7 (restart 0) KSP residual norm 6.337686e-09
  8 (restart 0) KSP residual norm 1.243911e-09
  9 (restart 0) KSP residual norm 2.233209e-10
 10 (restart 0) KSP residual norm 3.905643e-11
GMRES solver converged in 10 iterations (avg. reduction factor: 1.376e-01)
  Residual norms for GMRES solve
  0 (restart 0) KSP residual norm 6.856932e+00
  1 (restart 0) KSP residual norm 4.520465e-02
  2 (restart 0) KSP residual norm 1.936706e-03
  3 (restart 0) KSP residual norm 2.492643e-04
  4 (restart 0) KSP residual norm 3.596347e-05
  5 (restart 0) KSP residual norm 6.352128e-06
  6 (restart 0) KSP residual norm 1.039133e-06
  7 (restart 0) KSP residual norm 1.994318e-07
  8 (restart 0) KSP residual norm 4.015491e-08
GMRES solver converged in 8 iterations (avg. reduction factor: 9.353e-02)
  Residual norms for GMRES solve
  0 (restart 0) KSP residual norm 4.266324e+00
  1 (restart 0) KSP residual norm 3.083306e-02
  2 (restart 0) KSP residual norm 1.303072e-03
  3 (restart 0) KSP residual norm 1.624522e-04
  4 (restart 0) KSP residual norm 2.444637e-05
  5 (restart 0) KSP residual norm 4.609196e-06
  6 (restart 0) KSP residual norm 8.130844e-07
  7 (restart 0) KSP residual norm 1.589818e-07
  8 (restart 0) KSP residual norm 3.026706e-08
GMRES solver converged in 8 iterations (avg. reduction factor: 9.580e-02)
  Residual norms for GMRES solve
  0 (restart 0) KSP residual norm 3.523422e-01
  1 (restart 0) KSP residual norm 1.232813e-02
  2 (restart 0) KSP residual norm 6.075605e-04
  3 (restart 0) KSP residual norm 8.310764e-05
  4 (restart 0) KSP residual norm 1.395123e-05
  5 (restart 0) KSP residual norm 2.896459e-06
  6 (restart 0) KSP residual norm 5.353629e-07
  7 (restart 0) KSP residual norm 9.335805e-08
  8 (restart 0) KSP residual norm 1.724017e-08
  9 (restart 0) KSP residual norm 2.883031e-09
GMRES solver converged in 9 iterations (avg. reduction factor: 1.263e-01)
  Residual norms for GMRES solve
  0 (restart 0) KSP residual norm 3.706159e-01
  1 (restart 0) KSP residual norm 1.074517e-02
  2 (restart 0) KSP residual norm 5.811097e-04
  3 (restart 0) KSP residual norm 9.002040e-05
  4 (restart 0) KSP residual norm 1.460960e-05
  5 (restart 0) KSP residual norm 2.705547e-06
  6 (restart 0) KSP residual norm 4.819511e-07
  7 (restart 0) KSP residual norm 9.378223e-08
  8 (restart 0) KSP residual norm 1.774398e-08
  9 (restart 0) KSP residual norm 3.003082e-09
GMRES solver converged in 9 iterations (avg. reduction factor: 1.262e-01)
  Residual norms for GMRES solve
  0 (restart 0) KSP residual norm 3.074649e-01
  1 (restart 0) KSP residual norm 1.255371e-02
  2 (restart 0) KSP residual norm 5.465440e-04
  3 (restart 0) KSP residual norm 8.300542e-05
  4 (restart 0) KSP residual norm 1.350651e-05
  5 (restart 0) KSP residual norm 2.601214e-06
  6 (restart 0) KSP residual norm 4.732636e-07
  7 (restart 0) KSP residual norm 8.974900e-08
  8 (restart 0) KSP residual norm 1.642582e-08
  9 (restart 0) KSP residual norm 2.829297e-09
GMRES solver converged in 9 iterations (avg. reduction factor: 1.280e-01)
  Residual norms for GMRES solve
  0 (restart 0) KSP residual norm 3.937892e-01
  1 (restart 0) KSP residual norm 1.653782e-02
  2 (restart 0) KSP residual norm 6.124091e-04
  3 (restart 0) KSP residual norm 7.632590e-05
  4 (restart 0) KSP residual norm 1.185009e-05
  5 (restart 0) KSP residual norm 2.067073e-06
  6 (restart 0) KSP residual norm 3.538428e-07
  7 (restart 0) KSP residual norm 6.657681e-08
  8 (restart 0) KSP residual norm 1.274460e-08
  9 (restart 0) KSP residual norm 2.344682e-09
GMRES solver converged in 9 iterations (avg. reduction factor: 1.219e-01)
  Residual norms for GMRES solve
  0 (restart 0) KSP residual norm 4.142657e-01
  1 (restart 0) KSP residual norm 1.608947e-02
  2 (restart 0) KSP residual norm 5.739390e-04
  3 (restart 0) KSP residual norm 8.030110e-05
  4 (restart 0) KSP residual norm 1.275792e-05
  5 (restart 0) KSP residual norm 2.595874e-06
  6 (restart 0) KSP residual norm 5.015541e-07
  7 (restart 0) KSP residual norm 9.000533e-08
  8 (restart 0) KSP residual norm 1.623619e-08
  9 (restart 0) KSP residual norm 2.736352e-09
GMRES solver converged in 9 iterations (avg. reduction factor: 1.233e-01)
  Residual norms for GMRES solve
  0 (restart 0) KSP residual norm 4.003292e-01
  1 (restart 0) KSP residual norm 1.493511e-02
  2 (restart 0) KSP residual norm 5.719040e-04
  3 (restart 0) KSP residual norm 7.627547e-05
  4 (restart 0) KSP residual norm 1.250414e-05
  5 (restart 0) KSP residual norm 2.501945e-06
  6 (restart 0) KSP residual norm 4.582039e-07
  7 (restart 0) KSP residual norm 8.525564e-08
  8 (restart 0) KSP residual norm 1.607093e-08
  9 (restart 0) KSP residual norm 2.800357e-09
GMRES solver converged in 9 iterations (avg. reduction factor: 1.241e-01)
  Residual norms for GMRES solve
  0 (restart 0) KSP residual norm 8.107703e-01
  1 (restart 0) KSP residual norm 1.462842e-02
  2 (restart 0) KSP residual norm 5.663021e-04
  3 (restart 0) KSP residual norm 7.998845e-05
  4 (restart 0) KSP residual norm 1.322653e-05
  5 (restart 0) KSP residual norm 2.772239e-06
  6 (restart 0) KSP residual norm 5.163339e-07
  7 (restart 0) KSP residual norm 9.226666e-08
  8 (restart 0) KSP residual norm 1.683218e-08
  9 (restart 0) KSP residual norm 2.826260e-09
GMRES solver converged in 9 iterations (avg. reduction factor: 1.149e-01)
  Residual norms for GMRES solve
  0 (restart 0) KSP residual norm 6.166985e-01
  1 (restart 0) KSP residual norm 1.200722e-02
  2 (restart 0) KSP residual norm 5.042118e-04
  3 (restart 0) KSP residual norm 7.651148e-05
  4 (restart 0) KSP residual norm 1.334399e-05
  5 (restart 0) KSP residual norm 2.718231e-06
  6 (restart 0) KSP residual norm 5.318133e-07
  7 (restart 0) KSP residual norm 9.144114e-08
  8 (restart 0) KSP residual norm 1.561428e-08
  9 (restart 0) KSP residual norm 2.604618e-09
GMRES solver converged in 9 iterations (avg. reduction factor: 1.174e-01)
  Residual norms for GMRES solve
  0 (restart 0) KSP residual norm 1.037672e+00
  1 (restart 0) KSP residual norm 1.234448e-02
  2 (restart 0) KSP residual norm 5.166676e-04
  3 (restart 0) KSP residual norm 7.882694e-05
  4 (restart 0) KSP residual norm 1.185991e-05
  5 (restart 0) KSP residual norm 2.160374e-06
  6 (restart 0) KSP residual norm 3.879732e-07
  7 (restart 0) KSP residual norm 7.328526e-08
  8 (restart 0) KSP residual norm 1.405844e-08
  9 (restart 0) KSP residual norm 2.459603e-09
GMRES solver converged in 9 iterations (avg. reduction factor: 1.101e-01)
  Residual norms for GMRES solve
  0 (restart 0) KSP residual norm 1.431517e+00
  1 (restart 0) KSP residual norm 1.490296e-02
  2 (restart 0) KSP residual norm 5.903289e-04
  3 (restart 0) KSP residual norm 8.700927e-05
  4 (restart 0) KSP residual norm 1.371163e-05
  5 (restart 0) KSP residual norm 2.725014e-06
  6 (restart 0) KSP residual norm 5.071959e-07
  7 (restart 0) KSP residual norm 9.392387e-08
  8 (restart 0) KSP residual norm 1.787217e-08
  9 (restart 0) KSP residual norm 2.960940e-09
GMRES solver converged in 9 iterations (avg. reduction factor: 1.084e-01)
  Residual norms for GMRES solve
  0 (restart 0) KSP residual norm 2.633252e-01
  1 (restart 0) KSP residual norm 8.109343e-03
  2 (restart 0) KSP residual norm 5.333216e-04
  3 (restart 0) KSP residual norm 7.626827e-05
  4 (restart 0) KSP residual norm 1.197019e-05
  5 (restart 0) KSP residual norm 2.204043e-06
  6 (restart 0) KSP residual norm 4.161584e-07
  7 (restart 0) KSP residual norm 7.660142e-08
  8 (restart 0) KSP residual norm 1.416130e-08
  9 (restart 0) KSP residual norm 2.539678e-09
GMRES solver converged in 9 iterations (avg. reduction factor: 1.286e-01)
  Residual norms for GMRES solve
  0 (restart 0) KSP residual norm 6.014393e-01
  1 (restart 0) KSP residual norm 2.270886e-02
  2 (restart 0) KSP residual norm 6.650824e-04
  3 (restart 0) KSP residual norm 9.183744e-05
  4 (restart 0) KSP residual norm 1.427245e-05
  5 (restart 0) KSP residual norm 2.492147e-06
  6 (restart 0) KSP residual norm 4.077829e-07
  7 (restart 0) KSP residual norm 7.621910e-08
  8 (restart 0) KSP residual norm 1.492324e-08
  9 (restart 0) KSP residual norm 2.723435e-09
GMRES solver converged in 9 iterations (avg. reduction factor: 1.183e-01)
  Residual norms for GMRES solve
  0 (restart 0) KSP residual norm 1.107363e+00
  1 (restart 0) KSP residual norm 1.530169e-02
  2 (restart 0) KSP residual norm 5.751492e-04
  3 (restart 0) KSP residual norm 7.813940e-05
  4 (restart 0) KSP residual norm 1.217874e-05
  5 (restart 0) KSP residual norm 2.442838e-06
  6 (restart 0) KSP residual norm 4.503894e-07
  7 (restart 0) KSP residual norm 8.312639e-08
  8 (restart 0) KSP residual norm 1.575220e-08
  9 (restart 0) KSP residual norm 2.744531e-09
GMRES solver converged in 9 iterations (avg. reduction factor: 1.106e-01)
  Residual norms for GMRES solve
  0 (restart 0) KSP residual norm 1.184977e+00
  1 (restart 0) KSP residual norm 1.209860e-02
  2 (restart 0) KSP residual norm 5.231286e-04
  3 (restart 0) KSP residual norm 7.621397e-05
  4 (restart 0) KSP residual norm 1.133981e-05
  5 (restart 0) KSP residual norm 2.100802e-06
  6 (restart 0) KSP residual norm 4.009185e-07
  7 (restart 0) KSP residual norm 7.289376e-08
  8 (restart 0) KSP residual norm 1.353211e-08
  9 (restart 0) KSP residual norm 2.357269e-09
GMRES solver converged in 9 iterations (avg. reduction factor: 1.079e-01)
  Residual norms for GMRES solve
  0 (restart 0) KSP residual norm 9.534558e-01
  1 (restart 0) KSP residual norm 1.449497e-02
  2 (restart 0) KSP residual norm 5.809274e-04
  3 (restart 0) KSP residual norm 7.607920e-05
  4 (restart 0) KSP residual norm 1.109970e-05
  5 (restart 0) KSP residual norm 2.034216e-06
  6 (restart 0) KSP residual norm 3.722305e-07
  7 (restart 0) KSP residual norm 6.889339e-08
  8 (restart 0) KSP residual norm 1.323712e-08
  9 (restart 0) KSP residual norm 2.421670e-09
GMRES solver converged in 9 iterations (avg. reduction factor: 1.109e-01)
  Residual norms for GMRES solve
  0 (restart 0) KSP residual norm 3.383385e-01
  1 (restart 0) KSP residual norm 8.938505e-03
  2 (restart 0) KSP residual norm 6.419663e-04
  3 (restart 0) KSP residual norm 7.796341e-05
  4 (restart 0) KSP residual norm 1.312395e-05
  5 (restart 0) KSP residual norm 2.493962e-06
  6 (restart 0) KSP residual norm 4.377054e-07
  7 (restart 0) KSP residual norm 8.456006e-08
  8 (restart 0) KSP residual norm 1.597287e-08
  9 (restart 0) KSP residual norm 2.845726e-09
GMRES solver converged in 9 iterations (avg. reduction factor: 1.267e-01)
  Residual norms for GMRES solve
  0 (restart 0) KSP residual norm 1.007488e+00
  1 (restart 0) KSP residual norm 1.257983e-02
  2 (restart 0) KSP residual norm 5.624823e-04
  3 (restart 0) KSP residual norm 7.877603e-05
  4 (restart 0) KSP residual norm 1.236069e-05
  5 (restart 0) KSP residual norm 2.356733e-06
  6 (restart 0) KSP residual norm 4.304168e-07
  7 (restart 0) KSP residual norm 7.726913e-08
  8 (restart 0) KSP residual norm 1.484777e-08
  9 (restart 0) KSP residual norm 2.648885e-09
GMRES solver converged in 9 iterations (avg. reduction factor: 1.113e-01)
  Residual norms for GMRES solve
  0 (restart 0) KSP residual norm 2.019431e+00
  1 (restart 0) KSP residual norm 1.499457e-02
  2 (restart 0) KSP residual norm 6.641356e-04
  3 (restart 0) KSP residual norm 9.237318e-05
  4 (restart 0) KSP residual norm 1.307263e-05
  5 (restart 0) KSP residual norm 2.493188e-06
  6 (restart 0) KSP residual norm 4.615112e-07
  7 (restart 0) KSP residual norm 8.637329e-08
  8 (restart 0) KSP residual norm 1.671330e-08
GMRES solver converged in 8 iterations (avg. reduction factor: 9.766e-02)
  Residual norms for GMRES solve
  0 (restart 0) KSP residual norm 2.557292e+00
  1 (restart 0) KSP residual norm 1.880082e-02
  2 (restart 0) KSP residual norm 8.016691e-04
  3 (restart 0) KSP residual norm 1.094871e-04
  4 (restart 0) KSP residual norm 1.603895e-05
  5 (restart 0) KSP residual norm 3.143299e-06
  6 (restart 0) KSP residual norm 5.706499e-07
  7 (restart 0) KSP residual norm 1.067157e-07
  8 (restart 0) KSP residual norm 2.037126e-08
GMRES solver converged in 8 iterations (avg. reduction factor: 9.720e-02)
  Residual norms for GMRES solve
  0 (restart 0) KSP residual norm 1.053026e+00
  1 (restart 0) KSP residual norm 9.424206e-03
  2 (restart 0) KSP residual norm 4.828942e-04
  3 (restart 0) KSP residual norm 7.534585e-05
  4 (restart 0) KSP residual norm 1.140507e-05
  5 (restart 0) KSP residual norm 2.107117e-06
  6 (restart 0) KSP residual norm 4.057649e-07
  7 (restart 0) KSP residual norm 7.733395e-08
  8 (restart 0) KSP residual norm 1.422765e-08
  9 (restart 0) KSP residual norm 2.453240e-09
GMRES solver converged in 9 iterations (avg. reduction factor: 1.099e-01)
  Residual norms for GMRES solve
  0 (restart 0) KSP residual norm 5.009547e-01
  1 (restart 0) KSP residual norm 9.075983e-03
  2 (restart 0) KSP residual norm 4.534981e-04
  3 (restart 0) KSP residual norm 6.959697e-05
  4 (restart 0) KSP residual norm 1.128493e-05
  5 (restart 0) KSP residual norm 2.134989e-06
  6 (restart 0) KSP residual norm 3.921779e-07
  7 (restart 0) KSP residual norm 7.395143e-08
  8 (restart 0) KSP residual norm 1.445739e-08
  9 (restart 0) KSP residual norm 2.419186e-09
GMRES solver converged in 9 iterations (avg. reduction factor: 1.191e-01)
  Residual norms for GMRES solve
  0 (restart 0) KSP residual norm 1.680936e-01
  1 (restart 0) KSP residual norm 4.789126e-03
  2 (restart 0) KSP residual norm 4.805216e-04
  3 (restart 0) KSP residual norm 7.079340e-05
  4 (restart 0) KSP residual norm 1.250898e-05
  5 (restart 0) KSP residual norm 2.585810e-06
  6 (restart 0) KSP residual norm 4.918132e-07
  7 (restart 0) KSP residual norm 8.714299e-08
  8 (restart 0) KSP residual norm 1.593584e-08
  9 (restart 0) KSP residual norm 2.641280e-09
 10 (restart 0) KSP residual norm 4.485451e-10
GMRES solver converged in 10 iterations (avg. reduction factor: 1.389e-01)
  Residual norms for GMRES solve
  0 (restart 0) KSP residual norm 2.524618e-01
  1 (restart 0) KSP residual norm 1.133751e-02
  2 (restart 0) KSP residual norm 5.643219e-04
  3 (restart 0) KSP residual norm 7.325593e-05
  4 (restart 0) KSP residual norm 1.123756e-05
  5 (restart 0) KSP residual norm 2.087497e-06
  6 (restart 0) KSP residual norm 3.682964e-07
  7 (restart 0) KSP residual norm 6.763977e-08
  8 (restart 0) KSP residual norm 1.308350e-08
  9 (restart 0) KSP residual norm 2.371465e-09
GMRES solver converged in 9 iterations (avg. reduction factor: 1.283e-01)
  Residual norms for GMRES solve
  0 (restart 0) KSP residual norm 1.221853e-01
  1 (restart 0) KSP residual norm 5.178838e-03
  2 (restart 0) KSP residual norm 4.224970e-04
  3 (restart 0) KSP residual norm 6.459965e-05
  4 (restart 0) KSP residual norm 1.053698e-05
  5 (restart 0) KSP residual norm 2.016899e-06
  6 (restart 0) KSP residual norm 3.848085e-07
  7 (restart 0) KSP residual norm 6.958280e-08
  8 (restart 0) KSP residual norm 1.320846e-08
  9 (restart 0) KSP residual norm 2.281352e-09
 10 (restart 0) KSP residual norm 3.745852e-10
GMRES solver converged in 10 iterations (avg. reduction factor: 1.408e-01)
  Residual norms for GMRES solve
  0 (restart 0) KSP residual norm 1.517470e-01
  1 (restart 0) KSP residual norm 6.752453e-03
  2 (restart 0) KSP residual norm 3.962857e-04
  3 (restart 0) KSP residual norm 6.074197e-05
  4 (restart 0) KSP residual norm 1.035711e-05
  5 (restart 0) KSP residual norm 1.980069e-06
  6 (restart 0) KSP residual norm 3.765599e-07
  7 (restart 0) KSP residual norm 6.998734e-08
  8 (restart 0) KSP residual norm 1.275726e-08
  9 (restart 0) KSP residual norm 2.219086e-09
 10 (restart 0) KSP residual norm 3.743629e-10
GMRES solver converged in 10 iterations (avg. reduction factor: 1.378e-01)
  Residual norms for GMRES solve
  0 (restart 0) KSP residual norm 1.658521e-01
  1 (restart 0) KSP residual norm 3.330340e-03
  2 (restart 0) KSP residual norm 2.929176e-04
  3 (restart 0) KSP residual norm 5.599370e-05
  4 (restart 0) KSP residual norm 1.048310e-05
  5 (restart 0) KSP residual norm 2.183889e-06
  6 (restart 0) KSP residual norm 4.200382e-07
  7 (restart 0) KSP residual norm 7.599882e-08
  8 (restart 0) KSP residual norm 1.441950e-08
  9 (restart 0) KSP residual norm 2.433012e-09
 10 (restart 0) KSP residual norm 4.066664e-10
GMRES solver converged in 10 iterations (avg. reduction factor: 1.377e-01)
  Residual norms for GMRES solve
  0 (restart 0) KSP residual norm 1.977840e-01
  1 (restart 0) KSP residual norm 7.663938e-03
  2 (restart 0) KSP residual norm 4.240120e-04
  3 (restart 0) KSP residual norm 6.862726e-05
  4 (restart 0) KSP residual norm 1.184925e-05
  5 (restart 0) KSP residual norm 2.314263e-06
  6 (restart 0) KSP residual norm 4.432591e-07
  7 (restart 0) KSP residual norm 7.915297e-08
  8 (restart 0) KSP residual norm 1.375337e-08
  9 (restart 0) KSP residual norm 2.353469e-09
 10 (restart 0) KSP residual norm 3.896462e-10
GMRES solver converged in 10 iterations (avg. reduction factor: 1.347e-01)
  Residual norms for GMRES solve
  0 (restart 0) KSP residual norm 1.791209e-01
  1 (restart 0) KSP residual norm 8.542554e-03
  2 (restart 0) KSP residual norm 4.208959e-04
  3 (restart 0) KSP residual norm 6.595670e-05
  4 (restart 0) KSP residual norm 1.085310e-05
  5 (restart 0) KSP residual norm 2.074820e-06
  6 (restart 0) KSP residual norm 4.014394e-07
  7 (restart 0) KSP residual norm 7.325710e-08
  8 (restart 0) KSP residual norm 1.320257e-08
  9 (restart 0) KSP residual norm 2.223447e-09
 10 (restart 0) KSP residual norm 3.761681e-10
GMRES solver converged in 10 iterations (avg. reduction factor: 1.356e-01)
  Residual norms for GMRES solve
  0 (restart 0) KSP residual norm 2.030509e-01
  1 (restart 0) KSP residual norm 8.847751e-03
  2 (restart 0) KSP residual norm 4.563617e-04
  3 (restart 0) KSP residual norm 6.935175e-05
  4 (restart 0) KSP residual norm 1.072296e-05
  5 (restart 0) KSP residual norm 1.922439e-06
  6 (restart 0) KSP residual norm 3.436568e-07
  7 (restart 0) KSP residual norm 6.139940e-08
  8 (restart 0) KSP residual norm 1.203268e-08
  9 (restart 0) KSP residual norm 2.213422e-09
 10 (restart 0) KSP residual norm 4.001190e-10
GMRES solver converged in 10 iterations (avg. reduction factor: 1.347e-01)
  Residual norms for GMRES solve
  0 (restart 0) KSP residual norm 1.330167e-01
  1 (restart 0) KSP residual norm 4.635443e-03
  2 (restart 0) KSP residual norm 3.933136e-04
  3 (restart 0) KSP residual norm 6.249084e-05
  4 (restart 0) KSP residual norm 9.660753e-06
  5 (restart 0) KSP residual norm 1.717469e-06
  6 (restart 0) KSP residual norm 3.034879e-07
  7 (restart 0) KSP residual norm 5.547054e-08
  8 (restart 0) KSP residual norm 1.049888e-08
  9 (restart 0) KSP residual norm 1.883604e-09
 10 (restart 0) KSP residual norm 3.425416e-10
GMRES solver converged in 10 iterations (avg. reduction factor: 1.384e-01)
  Residual norms for GMRES solve
  0 (restart 0) KSP residual norm 1.495088e-01
  1 (restart 0) KSP residual norm 6.417101e-03
  2 (restart 0) KSP residual norm 4.123382e-04
  3 (restart 0) KSP residual norm 6.340435e-05
  4 (restart 0) KSP residual norm 1.025246e-05
  5 (restart 0) KSP residual norm 1.933602e-06
  6 (restart 0) KSP residual norm 3.677163e-07
  7 (restart 0) KSP residual norm 6.812572e-08
  8 (restart 0) KSP residual norm 1.235737e-08
  9 (restart 0) KSP residual norm 2.127876e-09
 10 (restart 0) KSP residual norm 3.673708e-10
GMRES solver converged in 10 iterations (avg. reduction factor: 1.377e-01)
  Residual norms for GMRES solve
  0 (restart 0) KSP residual norm 2.120613e-01
  1 (restart 0) KSP residual norm 6.784371e-03
  2 (restart 0) KSP residual norm 4.066063e-04
  3 (restart 0) KSP residual norm 6.416228e-05
  4 (restart 0) KSP residual norm 1.052319e-05
  5 (restart 0) KSP residual norm 1.979988e-06
  6 (restart 0) KSP residual norm 3.618687e-07
  7 (restart 0) KSP residual norm 6.952119e-08
  8 (restart 0) KSP residual norm 1.283358e-08
  9 (restart 0) KSP residual norm 2.207658e-09
 10 (restart 0) KSP residual norm 3.679683e-10
GMRES solver converged in 10 iterations (avg. reduction factor: 1.330e-01)
  Residual norms for GMRES solve
  0 (restart 0) KSP residual norm 1.808396e-01
  1 (restart 0) KSP residual norm 6.397348e-03
  2 (restart 0) KSP residual norm 4.005180e-04
  3 (restart 0) KSP residual norm 6.184415e-05
  4 (restart 0) KSP residual norm 1.047424e-05
  5 (restart 0) KSP residual norm 2.092198e-06
  6 (restart 0) KSP residual norm 4.156983e-07
  7 (restart 0) KSP residual norm 7.548105e-08
  8 (restart 0) KSP residual norm 1.344634e-08
  9 (restart 0) KSP residual norm 2.193266e-09
 10 (restart 0) KSP residual norm 3.552513e-10
GMRES solver converged in 10 iterations (avg. reduction factor: 1.347e-01)
  Residual norms for GMRES solve
  0 (restart 0) KSP residual norm 1.347063e-01
  1 (restart 0) KSP residual norm 5.949278e-03
  2 (restart 0) KSP residual norm 4.204106e-04
  3 (restart 0) KSP residual norm 6.462180e-05
  4 (restart 0) KSP residual norm 9.910865e-06
  5 (restart 0) KSP residual norm 1.855238e-06
  6 (restart 0) KSP residual norm 3.320885e-07
  7 (restart 0) KSP residual norm 5.998705e-08
  8 (restart 0) KSP residual norm 1.148583e-08
  9 (restart 0) KSP residual norm 2.085524e-09
 10 (restart 0) KSP residual norm 3.647786e-10
GMRES solver converged in 10 iterations (avg. reduction factor: 1.391e-01)
  Residual norms for GMRES solve
  0 (restart 0) KSP residual norm 1.413511e-01
  1 (restart 0) KSP residual norm 5.373603e-03
  2 (restart 0) KSP residual norm 4.128597e-04
  3 (restart 0) KSP residual norm 6.797990e-05
  4 (restart 0) KSP residual norm 1.120974e-05
  5 (restart 0) KSP residual norm 2.260301e-06
  6 (restart 0) KSP residual norm 4.231361e-07
  7 (restart 0) KSP residual norm 7.803479e-08
  8 (restart 0) KSP residual norm 1.457536e-08
  9 (restart 0) KSP residual norm 2.516761e-09
 10 (restart 0) KSP residual norm 4.282073e-10
GMRES solver converged in 10 iterations (avg. reduction factor: 1.406e-01)
  Residual norms for GMRES solve
  0 (restart 0) KSP residual norm 1.326767e-01
  1 (restart 0) KSP residual norm 5.351142e-03
  2 (restart 0) KSP residual norm 4.054445e-04
  3 (restart 0) KSP residual norm 6.015066e-05
  4 (restart 0) KSP residual norm 9.761175e-06
  5 (restart 0) KSP residual norm 1.925855e-06
  6 (restart 0) KSP residual norm 3.754068e-07
  7 (restart 0) KSP residual norm 6.562784e-08
  8 (restart 0) KSP residual norm 1.187874e-08
  9 (restart 0) KSP residual norm 2.081216e-09
 10 (restart 0) KSP residual norm 3.447102e-10
GMRES solver converged in 10 iterations (avg. reduction factor: 1.385e-01)
  Residual norms for GMRES solve
  0 (restart 0) KSP residual norm 1.797658e-01
  1 (restart 0) KSP residual norm 6.604410e-03
  2 (restart 0) KSP residual norm 3.937049e-04
  3 (restart 0) KSP residual norm 6.347759e-05
  4 (restart 0) KSP residual norm 1.112303e-05
  5 (restart 0) KSP residual norm 2.195364e-06
  6 (restart 0) KSP residual norm 4.235659e-07
  7 (restart 0) KSP residual norm 7.704033e-08
  8 (restart 0) KSP residual norm 1.356115e-08
  9 (restart 0) KSP residual norm 2.280933e-09
 10 (restart 0) KSP residual norm 3.973639e-10
GMRES solver converged in 10 iterations (avg. reduction factor: 1.363e-01)
  Residual norms for GMRES solve
  0 (restart 0) KSP residual norm 1.988228e-01
  1 (restart 0) KSP residual norm 7.696949e-03
  2 (restart 0) KSP residual norm 4.079579e-04
  3 (restart 0) KSP residual norm 6.244955e-05
  4 (restart 0) KSP residual norm 1.023386e-05
  5 (restart 0) KSP residual norm 1.942288e-06
  6 (restart 0) KSP residual norm 3.754585e-07
  7 (restart 0) KSP residual norm 6.789105e-08
  8 (restart 0) KSP residual norm 1.250829e-08
  9 (restart 0) KSP residual norm 2.210585e-09
 10 (restart 0) KSP residual norm 3.795053e-10
GMRES solver converged in 10 iterations (avg. reduction factor: 1.343e-01)
  Residual norms for GMRES solve
  0 (restart 0) KSP residual norm 2.813811e-01
  1 (restart 0) KSP residual norm 7.793572e-03
  2 (restart 0) KSP residual norm 4.287542e-04
  3 (restart 0) KSP residual norm 6.427115e-05
  4 (restart 0) KSP residual norm 1.022142e-05
  5 (restart 0) KSP residual norm 2.005639e-06
  6 (restart 0) KSP residual norm 3.803784e-07
  7 (restart 0) KSP residual norm 6.975886e-08
  8 (restart 0) KSP residual norm 1.343829e-08
  9 (restart 0) KSP residual norm 2.308680e-09
GMRES solver converged in 9 iterations (avg. reduction factor: 1.263e-01)
  Residual norms for GMRES solve
  0 (restart 0) KSP residual norm 1.406432e-01
  1 (restart 0) KSP residual norm 2.966082e-03
  2 (restart 0) KSP residual norm 2.806683e-04
  3 (restart 0) KSP residual norm 4.899264e-05
  4 (restart 0) KSP residual norm 1.000251e-05
  5 (restart 0) KSP residual norm 2.031835e-06
  6 (restart 0) KSP residual norm 3.757597e-07
  7 (restart 0) KSP residual norm 7.213841e-08
  8 (restart 0) KSP residual norm 1.334733e-08
  9 (restart 0) KSP residual norm 2.386169e-09
 10 (restart 0) KSP residual norm 4.263687e-10
GMRES solver converged in 10 iterations (avg. reduction factor: 1.407e-01)
  Residual norms for GMRES solve
  0 (restart 0) KSP residual norm 2.160641e-01
  1 (restart 0) KSP residual norm 8.788450e-03
  2 (restart 0) KSP residual norm 4.524312e-04
  3 (restart 0) KSP residual norm 6.861809e-05
  4 (restart 0) KSP residual norm 1.092359e-05
  5 (restart 0) KSP residual norm 2.020343e-06
  6 (restart 0) KSP residual norm 3.798896e-07
  7 (restart 0) KSP residual norm 7.158898e-08
  8 (restart 0) KSP residual norm 1.341597e-08
  9 (restart 0) KSP residual norm 2.388225e-09
 10 (restart 0) KSP residual norm 4.073255e-10
GMRES solver converged in 10 iterations (avg. reduction factor: 1.341e-01)
  1 EPS nconv=8 first unconverged value (error) 0.00137012+9.69717e-13i (1.05448324e-07)
  Residual norms for GMRES solve
  0 (restart 0) KSP residual norm 3.053237e-01
  1 (restart 0) KSP residual norm 5.970625e-03
  2 (restart 0) KSP residual norm 3.637981e-04
  3 (restart 0) KSP residual norm 5.805888e-05
  4 (restart 0) KSP residual norm 9.764658e-06
  5 (restart 0) KSP residual norm 1.813084e-06
  6 (restart 0) KSP residual norm 3.187755e-07
  7 (restart 0) KSP residual norm 5.827317e-08
  8 (restart 0) KSP residual norm 1.142172e-08
  9 (restart 0) KSP residual norm 2.071247e-09
GMRES solver converged in 9 iterations (avg. reduction factor: 1.237e-01)
  Residual norms for GMRES solve
  0 (restart 0) KSP residual norm 2.405658e-01
  1 (restart 0) KSP residual norm 5.244679e-03
  2 (restart 0) KSP residual norm 3.084749e-04
  3 (restart 0) KSP residual norm 5.204561e-05
  4 (restart 0) KSP residual norm 9.130935e-06
  5 (restart 0) KSP residual norm 1.839731e-06
  6 (restart 0) KSP residual norm 3.547971e-07
  7 (restart 0) KSP residual norm 6.256913e-08
  8 (restart 0) KSP residual norm 1.103907e-08
  9 (restart 0) KSP residual norm 1.853066e-09
GMRES solver converged in 9 iterations (avg. reduction factor: 1.255e-01)
  Residual norms for GMRES solve
  0 (restart 0) KSP residual norm 1.215858e-01
  1 (restart 0) KSP residual norm 5.474943e-03
  2 (restart 0) KSP residual norm 3.232780e-04
  3 (restart 0) KSP residual norm 5.482336e-05
  4 (restart 0) KSP residual norm 9.485392e-06
  5 (restart 0) KSP residual norm 1.796069e-06
  6 (restart 0) KSP residual norm 3.434504e-07
  7 (restart 0) KSP residual norm 6.454201e-08
  8 (restart 0) KSP residual norm 1.188009e-08
  9 (restart 0) KSP residual norm 2.095389e-09
 10 (restart 0) KSP residual norm 3.507575e-10
GMRES solver converged in 10 iterations (avg. reduction factor: 1.400e-01)
  Residual norms for GMRES solve
  0 (restart 0) KSP residual norm 2.997237e-01
  1 (restart 0) KSP residual norm 6.017179e-03
  2 (restart 0) KSP residual norm 3.607851e-04
  3 (restart 0) KSP residual norm 6.149858e-05
  4 (restart 0) KSP residual norm 1.121344e-05
  5 (restart 0) KSP residual norm 2.241571e-06
  6 (restart 0) KSP residual norm 4.117088e-07
  7 (restart 0) KSP residual norm 7.109981e-08
  8 (restart 0) KSP residual norm 1.277577e-08
  9 (restart 0) KSP residual norm 2.222606e-09
GMRES solver converged in 9 iterations (avg. reduction factor: 1.249e-01)
  Residual norms for GMRES solve
  0 (restart 0) KSP residual norm 1.224517e-01
  1 (restart 0) KSP residual norm 5.643760e-03
  2 (restart 0) KSP residual norm 3.639979e-04
  3 (restart 0) KSP residual norm 5.936701e-05
  4 (restart 0) KSP residual norm 1.056243e-05
  5 (restart 0) KSP residual norm 2.111713e-06
  6 (restart 0) KSP residual norm 3.994432e-07
  7 (restart 0) KSP residual norm 7.076807e-08
  8 (restart 0) KSP residual norm 1.264275e-08
  9 (restart 0) KSP residual norm 2.169817e-09
 10 (restart 0) KSP residual norm 3.573966e-10
GMRES solver converged in 10 iterations (avg. reduction factor: 1.401e-01)
  Residual norms for GMRES solve
  0 (restart 0) KSP residual norm 1.907946e-01
  1 (restart 0) KSP residual norm 7.687109e-03
  2 (restart 0) KSP residual norm 3.680376e-04
  3 (restart 0) KSP residual norm 6.489164e-05
  4 (restart 0) KSP residual norm 1.079852e-05
  5 (restart 0) KSP residual norm 2.040008e-06
  6 (restart 0) KSP residual norm 3.961223e-07
  7 (restart 0) KSP residual norm 7.316217e-08
  8 (restart 0) KSP residual norm 1.358606e-08
  9 (restart 0) KSP residual norm 2.376582e-09
 10 (restart 0) KSP residual norm 3.965224e-10
GMRES solver converged in 10 iterations (avg. reduction factor: 1.354e-01)
  Residual norms for GMRES solve
  0 (restart 0) KSP residual norm 7.692301e-02
  1 (restart 0) KSP residual norm 2.926756e-03
  2 (restart 0) KSP residual norm 3.054370e-04
  3 (restart 0) KSP residual norm 6.016728e-05
  4 (restart 0) KSP residual norm 9.868176e-06
  5 (restart 0) KSP residual norm 1.900682e-06
  6 (restart 0) KSP residual norm 3.664021e-07
  7 (restart 0) KSP residual norm 6.711012e-08
  8 (restart 0) KSP residual norm 1.266817e-08
  9 (restart 0) KSP residual norm 2.199636e-09
 10 (restart 0) KSP residual norm 3.623996e-10
GMRES solver converged in 10 iterations (avg. reduction factor: 1.470e-01)
  Residual norms for GMRES solve
  0 (restart 0) KSP residual norm 2.176646e-01
  1 (restart 0) KSP residual norm 5.030514e-03
  2 (restart 0) KSP residual norm 3.509445e-04
  3 (restart 0) KSP residual norm 5.732982e-05
  4 (restart 0) KSP residual norm 9.426554e-06
  5 (restart 0) KSP residual norm 1.975302e-06
  6 (restart 0) KSP residual norm 3.905595e-07
  7 (restart 0) KSP residual norm 6.633813e-08
  8 (restart 0) KSP residual norm 1.148996e-08
  9 (restart 0) KSP residual norm 1.952436e-09
GMRES solver converged in 9 iterations (avg. reduction factor: 1.276e-01)
  Residual norms for GMRES solve
  0 (restart 0) KSP residual norm 2.144820e-01
  1 (restart 0) KSP residual norm 6.113992e-03
  2 (restart 0) KSP residual norm 3.762139e-04
  3 (restart 0) KSP residual norm 6.192260e-05
  4 (restart 0) KSP residual norm 1.007434e-05
  5 (restart 0) KSP residual norm 1.874040e-06
  6 (restart 0) KSP residual norm 3.568036e-07
  7 (restart 0) KSP residual norm 6.489825e-08
  8 (restart 0) KSP residual norm 1.214952e-08
  9 (restart 0) KSP residual norm 2.153311e-09
 10 (restart 0) KSP residual norm 3.516343e-10
GMRES solver converged in 10 iterations (avg. reduction factor: 1.323e-01)
  Residual norms for GMRES solve
  0 (restart 0) KSP residual norm 2.830287e-01
  1 (restart 0) KSP residual norm 7.951111e-03
  2 (restart 0) KSP residual norm 3.884658e-04
  3 (restart 0) KSP residual norm 6.522452e-05
  4 (restart 0) KSP residual norm 1.092411e-05
  5 (restart 0) KSP residual norm 2.085597e-06
  6 (restart 0) KSP residual norm 3.958508e-07
  7 (restart 0) KSP residual norm 7.030489e-08
  8 (restart 0) KSP residual norm 1.293643e-08
  9 (restart 0) KSP residual norm 2.298214e-09
GMRES solver converged in 9 iterations (avg. reduction factor: 1.262e-01)
  Residual norms for GMRES solve
  0 (restart 0) KSP residual norm 2.262981e-01
  1 (restart 0) KSP residual norm 6.941930e-03
  2 (restart 0) KSP residual norm 3.842962e-04
  3 (restart 0) KSP residual norm 6.178902e-05
  4 (restart 0) KSP residual norm 9.973444e-06
  5 (restart 0) KSP residual norm 1.906408e-06
  6 (restart 0) KSP residual norm 3.611339e-07
  7 (restart 0) KSP residual norm 6.719910e-08
  8 (restart 0) KSP residual norm 1.278154e-08
  9 (restart 0) KSP residual norm 2.218728e-09
GMRES solver converged in 9 iterations (avg. reduction factor: 1.289e-01)
  Residual norms for GMRES solve
  0 (restart 0) KSP residual norm 2.752517e-01
  1 (restart 0) KSP residual norm 5.892024e-03
  2 (restart 0) KSP residual norm 3.619362e-04
  3 (restart 0) KSP residual norm 6.346641e-05
  4 (restart 0) KSP residual norm 1.145254e-05
  5 (restart 0) KSP residual norm 2.339286e-06
  6 (restart 0) KSP residual norm 4.438947e-07
  7 (restart 0) KSP residual norm 7.507971e-08
  8 (restart 0) KSP residual norm 1.316344e-08
  9 (restart 0) KSP residual norm 2.259144e-09
GMRES solver converged in 9 iterations (avg. reduction factor: 1.264e-01)
  Residual norms for GMRES solve
  0 (restart 0) KSP residual norm 4.333538e-01
  1 (restart 0) KSP residual norm 6.641099e-03
  2 (restart 0) KSP residual norm 4.137125e-04
  3 (restart 0) KSP residual norm 6.498919e-05
  4 (restart 0) KSP residual norm 1.047448e-05
  5 (restart 0) KSP residual norm 1.991153e-06
  6 (restart 0) KSP residual norm 3.737186e-07
  7 (restart 0) KSP residual norm 6.815696e-08
  8 (restart 0) KSP residual norm 1.303456e-08
  9 (restart 0) KSP residual norm 2.293617e-09
GMRES solver converged in 9 iterations (avg. reduction factor: 1.203e-01)
  Residual norms for GMRES solve
  0 (restart 0) KSP residual norm 1.657528e-01
  1 (restart 0) KSP residual norm 6.943313e-03
  2 (restart 0) KSP residual norm 4.233827e-04
  3 (restart 0) KSP residual norm 6.289211e-05
  4 (restart 0) KSP residual norm 1.056618e-05
  5 (restart 0) KSP residual norm 2.193714e-06
  6 (restart 0) KSP residual norm 4.184038e-07
  7 (restart 0) KSP residual norm 7.475412e-08
  8 (restart 0) KSP residual norm 1.325394e-08
  9 (restart 0) KSP residual norm 2.285030e-09
 10 (restart 0) KSP residual norm 3.838512e-10
GMRES solver converged in 10 iterations (avg. reduction factor: 1.369e-01)
  Residual norms for GMRES solve
  0 (restart 0) KSP residual norm 3.402434e-01
  1 (restart 0) KSP residual norm 8.097975e-03
  2 (restart 0) KSP residual norm 4.546413e-04
  3 (restart 0) KSP residual norm 6.049820e-05
  4 (restart 0) KSP residual norm 9.628176e-06
  5 (restart 0) KSP residual norm 1.748986e-06
  6 (restart 0) KSP residual norm 3.231451e-07
  7 (restart 0) KSP residual norm 5.936111e-08
  8 (restart 0) KSP residual norm 1.144013e-08
  9 (restart 0) KSP residual norm 2.068801e-09
GMRES solver converged in 9 iterations (avg. reduction factor: 1.222e-01)
  Residual norms for GMRES solve
  0 (restart 0) KSP residual norm 2.069781e-01
  1 (restart 0) KSP residual norm 6.065425e-03
  2 (restart 0) KSP residual norm 4.059733e-04
  3 (restart 0) KSP residual norm 6.005924e-05
  4 (restart 0) KSP residual norm 1.071572e-05
  5 (restart 0) KSP residual norm 2.207988e-06
  6 (restart 0) KSP residual norm 4.312158e-07
  7 (restart 0) KSP residual norm 7.546896e-08
  8 (restart 0) KSP residual norm 1.312621e-08
  9 (restart 0) KSP residual norm 2.214684e-09
 10 (restart 0) KSP residual norm 3.674042e-10
GMRES solver converged in 10 iterations (avg. reduction factor: 1.333e-01)
  Residual norms for GMRES solve
  0 (restart 0) KSP residual norm 2.852859e-01
  1 (restart 0) KSP residual norm 6.998178e-03
  2 (restart 0) KSP residual norm 4.181739e-04
  3 (restart 0) KSP residual norm 5.960848e-05
  4 (restart 0) KSP residual norm 9.208825e-06
  5 (restart 0) KSP residual norm 1.644840e-06
  6 (restart 0) KSP residual norm 3.069109e-07
  7 (restart 0) KSP residual norm 5.733416e-08
  8 (restart 0) KSP residual norm 1.096869e-08
  9 (restart 0) KSP residual norm 1.986166e-09
GMRES solver converged in 9 iterations (avg. reduction factor: 1.241e-01)
  Residual norms for GMRES solve
  0 (restart 0) KSP residual norm 2.992550e-01
  1 (restart 0) KSP residual norm 6.678816e-03
  2 (restart 0) KSP residual norm 4.255771e-04
  3 (restart 0) KSP residual norm 6.144288e-05
  4 (restart 0) KSP residual norm 1.040183e-05
  5 (restart 0) KSP residual norm 2.049352e-06
  6 (restart 0) KSP residual norm 4.004583e-07
  7 (restart 0) KSP residual norm 7.043370e-08
  8 (restart 0) KSP residual norm 1.234281e-08
  9 (restart 0) KSP residual norm 2.104525e-09
GMRES solver converged in 9 iterations (avg. reduction factor: 1.242e-01)
  2 EPS nconv=16 first unconverged value (error) 0.00207363+1.83016e-09i (2.88544935e-04)
  Residual norms for GMRES solve
  0 (restart 0) KSP residual norm 2.360778e-01
  1 (restart 0) KSP residual norm 6.176765e-03
  2 (restart 0) KSP residual norm 3.740429e-04
  3 (restart 0) KSP residual norm 6.336206e-05
  4 (restart 0) KSP residual norm 1.124352e-05
  5 (restart 0) KSP residual norm 2.249425e-06
  6 (restart 0) KSP residual norm 4.498032e-07
  7 (restart 0) KSP residual norm 7.567149e-08
  8 (restart 0) KSP residual norm 1.298052e-08
  9 (restart 0) KSP residual norm 2.223364e-09
GMRES solver converged in 9 iterations (avg. reduction factor: 1.283e-01)
  Residual norms for GMRES solve
  0 (restart 0) KSP residual norm 1.456172e-01
  1 (restart 0) KSP residual norm 5.365613e-03
  2 (restart 0) KSP residual norm 3.194198e-04
  3 (restart 0) KSP residual norm 5.517518e-05
  4 (restart 0) KSP residual norm 9.752727e-06
  5 (restart 0) KSP residual norm 1.877943e-06
  6 (restart 0) KSP residual norm 3.650144e-07
  7 (restart 0) KSP residual norm 6.454342e-08
  8 (restart 0) KSP residual norm 1.170492e-08
  9 (restart 0) KSP residual norm 2.012434e-09
 10 (restart 0) KSP residual norm 3.240537e-10
GMRES solver converged in 10 iterations (avg. reduction factor: 1.364e-01)
  Residual norms for GMRES solve
  0 (restart 0) KSP residual norm 1.627324e-01
  1 (restart 0) KSP residual norm 4.963965e-03
  2 (restart 0) KSP residual norm 3.398860e-04
  3 (restart 0) KSP residual norm 5.460357e-05
  4 (restart 0) KSP residual norm 9.475304e-06
  5 (restart 0) KSP residual norm 1.946129e-06
  6 (restart 0) KSP residual norm 3.861161e-07
  7 (restart 0) KSP residual norm 6.657981e-08
  8 (restart 0) KSP residual norm 1.139779e-08
  9 (restart 0) KSP residual norm 1.937392e-09
 10 (restart 0) KSP residual norm 3.299486e-10
GMRES solver converged in 10 iterations (avg. reduction factor: 1.351e-01)
  Residual norms for GMRES solve
  0 (restart 0) KSP residual norm 3.206817e-01
  1 (restart 0) KSP residual norm 7.390592e-03
  2 (restart 0) KSP residual norm 3.907672e-04
  3 (restart 0) KSP residual norm 6.443016e-05
  4 (restart 0) KSP residual norm 1.049187e-05
  5 (restart 0) KSP residual norm 2.035605e-06
  6 (restart 0) KSP residual norm 4.083594e-07
  7 (restart 0) KSP residual norm 7.310662e-08
  8 (restart 0) KSP residual norm 1.309039e-08
  9 (restart 0) KSP residual norm 2.256775e-09
GMRES solver converged in 9 iterations (avg. reduction factor: 1.242e-01)
  Residual norms for GMRES solve
  0 (restart 0) KSP residual norm 1.486511e-01
  1 (restart 0) KSP residual norm 6.928882e-03
  2 (restart 0) KSP residual norm 3.692529e-04
  3 (restart 0) KSP residual norm 6.308716e-05
  4 (restart 0) KSP residual norm 1.079320e-05
  5 (restart 0) KSP residual norm 2.136538e-06
  6 (restart 0) KSP residual norm 4.115449e-07
  7 (restart 0) KSP residual norm 7.364837e-08
  8 (restart 0) KSP residual norm 1.318029e-08
  9 (restart 0) KSP residual norm 2.187434e-09
 10 (restart 0) KSP residual norm 3.615279e-10
GMRES solver converged in 10 iterations (avg. reduction factor: 1.376e-01)
  Residual norms for GMRES solve
  0 (restart 0) KSP residual norm 4.613630e-01
  1 (restart 0) KSP residual norm 6.267286e-03
  2 (restart 0) KSP residual norm 3.836215e-04
  3 (restart 0) KSP residual norm 6.688979e-05
  4 (restart 0) KSP residual norm 1.174257e-05
  5 (restart 0) KSP residual norm 2.444406e-06
  6 (restart 0) KSP residual norm 4.591301e-07
  7 (restart 0) KSP residual norm 7.876771e-08
  8 (restart 0) KSP residual norm 1.399072e-08
  9 (restart 0) KSP residual norm 2.379806e-09
GMRES solver converged in 9 iterations (avg. reduction factor: 1.200e-01)
  Residual norms for GMRES solve
  0 (restart 0) KSP residual norm 2.996618e-01
  1 (restart 0) KSP residual norm 5.835149e-03
  2 (restart 0) KSP residual norm 3.700155e-04
  3 (restart 0) KSP residual norm 6.742892e-05
  4 (restart 0) KSP residual norm 1.177408e-05
  5 (restart 0) KSP residual norm 2.332244e-06
  6 (restart 0) KSP residual norm 4.552690e-07
  7 (restart 0) KSP residual norm 8.023996e-08
  8 (restart 0) KSP residual norm 1.390654e-08
  9 (restart 0) KSP residual norm 2.384804e-09
GMRES solver converged in 9 iterations (avg. reduction factor: 1.259e-01)
  Residual norms for GMRES solve
  0 (restart 0) KSP residual norm 2.428306e-01
  1 (restart 0) KSP residual norm 5.753684e-03
  2 (restart 0) KSP residual norm 3.673281e-04
  3 (restart 0) KSP residual norm 6.140570e-05
  4 (restart 0) KSP residual norm 9.933299e-06
  5 (restart 0) KSP residual norm 1.876542e-06
  6 (restart 0) KSP residual norm 3.611838e-07
  7 (restart 0) KSP residual norm 6.683551e-08
  8 (restart 0) KSP residual norm 1.226781e-08
  9 (restart 0) KSP residual norm 2.195903e-09
GMRES solver converged in 9 iterations (avg. reduction factor: 1.277e-01)
  Residual norms for GMRES solve
  0 (restart 0) KSP residual norm 3.361088e-01
  1 (restart 0) KSP residual norm 5.356792e-03
  2 (restart 0) KSP residual norm 3.467013e-04
  3 (restart 0) KSP residual norm 5.777983e-05
  4 (restart 0) KSP residual norm 9.196810e-06
  5 (restart 0) KSP residual norm 1.744247e-06
  6 (restart 0) KSP residual norm 3.430974e-07
  7 (restart 0) KSP residual norm 6.099798e-08
  8 (restart 0) KSP residual norm 1.132205e-08
  9 (restart 0) KSP residual norm 2.005736e-09
GMRES solver converged in 9 iterations (avg. reduction factor: 1.220e-01)
  Residual norms for GMRES solve
  0 (restart 0) KSP residual norm 2.659249e-01
  1 (restart 0) KSP residual norm 5.553092e-03
  2 (restart 0) KSP residual norm 3.487432e-04
  3 (restart 0) KSP residual norm 5.908211e-05
  4 (restart 0) KSP residual norm 1.044507e-05
  5 (restart 0) KSP residual norm 2.129340e-06
  6 (restart 0) KSP residual norm 4.115258e-07
  7 (restart 0) KSP residual norm 7.171141e-08
  8 (restart 0) KSP residual norm 1.272584e-08
  9 (restart 0) KSP residual norm 2.138840e-09
GMRES solver converged in 9 iterations (avg. reduction factor: 1.261e-01)
  Residual norms for GMRES solve
  0 (restart 0) KSP residual norm 1.830190e-01
  1 (restart 0) KSP residual norm 5.750805e-03
  2 (restart 0) KSP residual norm 3.333802e-04
  3 (restart 0) KSP residual norm 5.751277e-05
  4 (restart 0) KSP residual norm 9.955044e-06
  5 (restart 0) KSP residual norm 2.016592e-06
  6 (restart 0) KSP residual norm 3.884011e-07
  7 (restart 0) KSP residual norm 6.877146e-08
  8 (restart 0) KSP residual norm 1.208977e-08
  9 (restart 0) KSP residual norm 2.067127e-09
 10 (restart 0) KSP residual norm 3.430245e-10
GMRES solver converged in 10 iterations (avg. reduction factor: 1.341e-01)
  Residual norms for GMRES solve
  0 (restart 0) KSP residual norm 2.528346e-01
  1 (restart 0) KSP residual norm 5.984254e-03
  2 (restart 0) KSP residual norm 3.585555e-04
  3 (restart 0) KSP residual norm 5.979355e-05
  4 (restart 0) KSP residual norm 9.681855e-06
  5 (restart 0) KSP residual norm 1.853645e-06
  6 (restart 0) KSP residual norm 3.505190e-07
  7 (restart 0) KSP residual norm 6.444766e-08
  8 (restart 0) KSP residual norm 1.236742e-08
  9 (restart 0) KSP residual norm 2.167914e-09
GMRES solver converged in 9 iterations (avg. reduction factor: 1.270e-01)
  Residual norms for GMRES solve
  0 (restart 0) KSP residual norm 1.493849e-01
  1 (restart 0) KSP residual norm 4.805040e-03
  2 (restart 0) KSP residual norm 3.399082e-04
  3 (restart 0) KSP residual norm 5.789262e-05
  4 (restart 0) KSP residual norm 1.001495e-05
  5 (restart 0) KSP residual norm 1.951378e-06
  6 (restart 0) KSP residual norm 3.838951e-07
  7 (restart 0) KSP residual norm 6.928329e-08
  8 (restart 0) KSP residual norm 1.249669e-08
  9 (restart 0) KSP residual norm 2.140116e-09
 10 (restart 0) KSP residual norm 3.448403e-10
GMRES solver converged in 10 iterations (avg. reduction factor: 1.369e-01)
  Residual norms for GMRES solve
  0 (restart 0) KSP residual norm 2.625155e-01
  1 (restart 0) KSP residual norm 5.384366e-03
  2 (restart 0) KSP residual norm 3.560266e-04
  3 (restart 0) KSP residual norm 6.396744e-05
  4 (restart 0) KSP residual norm 1.249014e-05
  5 (restart 0) KSP residual norm 2.484725e-06
  6 (restart 0) KSP residual norm 4.540336e-07
  7 (restart 0) KSP residual norm 7.786510e-08
  8 (restart 0) KSP residual norm 1.349839e-08
  9 (restart 0) KSP residual norm 2.238986e-09
GMRES solver converged in 9 iterations (avg. reduction factor: 1.269e-01)
  3 EPS nconv=20 first unconverged value (error) 0.00217282-2.73557e-11i (1.97531938e-06)
  Residual norms for GMRES solve
  0 (restart 0) KSP residual norm 3.782146e-01
  1 (restart 0) KSP residual norm 5.419778e-03
  2 (restart 0) KSP residual norm 3.485732e-04
  3 (restart 0) KSP residual norm 5.927031e-05
  4 (restart 0) KSP residual norm 1.076698e-05
  5 (restart 0) KSP residual norm 2.161885e-06
  6 (restart 0) KSP residual norm 4.144250e-07
  7 (restart 0) KSP residual norm 7.287385e-08
  8 (restart 0) KSP residual norm 1.294863e-08
  9 (restart 0) KSP residual norm 2.208504e-09
GMRES solver converged in 9 iterations (avg. reduction factor: 1.217e-01)
  Residual norms for GMRES solve
  0 (restart 0) KSP residual norm 3.184397e-01
  1 (restart 0) KSP residual norm 5.535102e-03
  2 (restart 0) KSP residual norm 3.169716e-04
  3 (restart 0) KSP residual norm 5.778597e-05
  4 (restart 0) KSP residual norm 1.101107e-05
  5 (restart 0) KSP residual norm 2.257841e-06
  6 (restart 0) KSP residual norm 4.177202e-07
  7 (restart 0) KSP residual norm 6.914421e-08
  8 (restart 0) KSP residual norm 1.187054e-08
  9 (restart 0) KSP residual norm 1.948489e-09
GMRES solver converged in 9 iterations (avg. reduction factor: 1.223e-01)
  Residual norms for GMRES solve
  0 (restart 0) KSP residual norm 1.771280e-01
  1 (restart 0) KSP residual norm 5.211853e-03
  2 (restart 0) KSP residual norm 3.270454e-04
  3 (restart 0) KSP residual norm 5.380989e-05
  4 (restart 0) KSP residual norm 9.022134e-06
  5 (restart 0) KSP residual norm 1.639480e-06
  6 (restart 0) KSP residual norm 3.003561e-07
  7 (restart 0) KSP residual norm 5.407710e-08
  8 (restart 0) KSP residual norm 1.053284e-08
  9 (restart 0) KSP residual norm 1.901500e-09
 10 (restart 0) KSP residual norm 3.093228e-10
GMRES solver converged in 10 iterations (avg. reduction factor: 1.331e-01)
  Residual norms for GMRES solve
  0 (restart 0) KSP residual norm 3.826803e-01
  1 (restart 0) KSP residual norm 5.990984e-03
  2 (restart 0) KSP residual norm 3.762004e-04
  3 (restart 0) KSP residual norm 6.204777e-05
  4 (restart 0) KSP residual norm 1.054295e-05
  5 (restart 0) KSP residual norm 2.230895e-06
  6 (restart 0) KSP residual norm 4.182288e-07
  7 (restart 0) KSP residual norm 7.261296e-08
  8 (restart 0) KSP residual norm 1.307915e-08
  9 (restart 0) KSP residual norm 2.205284e-09
GMRES solver converged in 9 iterations (avg. reduction factor: 1.215e-01)
  Residual norms for GMRES solve
  0 (restart 0) KSP residual norm 2.683484e-01
  1 (restart 0) KSP residual norm 5.669151e-03
  2 (restart 0) KSP residual norm 3.577233e-04
  3 (restart 0) KSP residual norm 6.165860e-05
  4 (restart 0) KSP residual norm 1.124868e-05
  5 (restart 0) KSP residual norm 2.351163e-06
  6 (restart 0) KSP residual norm 4.380138e-07
  7 (restart 0) KSP residual norm 7.296438e-08
  8 (restart 0) KSP residual norm 1.223319e-08
  9 (restart 0) KSP residual norm 2.074995e-09
GMRES solver converged in 9 iterations (avg. reduction factor: 1.255e-01)
  Residual norms for GMRES solve
  0 (restart 0) KSP residual norm 8.130727e-02
  1 (restart 0) KSP residual norm 4.146572e-03
  2 (restart 0) KSP residual norm 3.418006e-04
  3 (restart 0) KSP residual norm 5.915275e-05
  4 (restart 0) KSP residual norm 1.028957e-05
  5 (restart 0) KSP residual norm 2.006338e-06
  6 (restart 0) KSP residual norm 3.823650e-07
  7 (restart 0) KSP residual norm 7.180173e-08
  8 (restart 0) KSP residual norm 1.317200e-08
  9 (restart 0) KSP residual norm 2.208825e-09
 10 (restart 0) KSP residual norm 3.725776e-10
GMRES solver converged in 10 iterations (avg. reduction factor: 1.466e-01)
  Residual norms for GMRES solve
  0 (restart 0) KSP residual norm 4.081336e-01
  1 (restart 0) KSP residual norm 6.003811e-03
  2 (restart 0) KSP residual norm 3.570837e-04
  3 (restart 0) KSP residual norm 5.998217e-05
  4 (restart 0) KSP residual norm 1.045757e-05
  5 (restart 0) KSP residual norm 2.084462e-06
  6 (restart 0) KSP residual norm 4.061793e-07
  7 (restart 0) KSP residual norm 7.103527e-08
  8 (restart 0) KSP residual norm 1.268227e-08
  9 (restart 0) KSP residual norm 2.208633e-09
GMRES solver converged in 9 iterations (avg. reduction factor: 1.206e-01)
  Residual norms for GMRES solve
  0 (restart 0) KSP residual norm 3.795362e-01
  1 (restart 0) KSP residual norm 6.201141e-03
  2 (restart 0) KSP residual norm 3.537782e-04
  3 (restart 0) KSP residual norm 5.935432e-05
  4 (restart 0) KSP residual norm 1.003706e-05
  5 (restart 0) KSP residual norm 1.917651e-06
  6 (restart 0) KSP residual norm 3.773621e-07
  7 (restart 0) KSP residual norm 6.783476e-08
  8 (restart 0) KSP residual norm 1.175772e-08
  9 (restart 0) KSP residual norm 1.972958e-09
GMRES solver converged in 9 iterations (avg. reduction factor: 1.201e-01)
  Residual norms for GMRES solve
  0 (restart 0) KSP residual norm 2.804954e-01
  1 (restart 0) KSP residual norm 5.884383e-03
  2 (restart 0) KSP residual norm 3.408413e-04
  3 (restart 0) KSP residual norm 5.935590e-05
  4 (restart 0) KSP residual norm 1.037172e-05
  5 (restart 0) KSP residual norm 2.078668e-06
  6 (restart 0) KSP residual norm 3.977932e-07
  7 (restart 0) KSP residual norm 6.993893e-08
  8 (restart 0) KSP residual norm 1.208807e-08
  9 (restart 0) KSP residual norm 2.011420e-09
GMRES solver converged in 9 iterations (avg. reduction factor: 1.245e-01)
  Residual norms for GMRES solve
  0 (restart 0) KSP residual norm 4.299023e-01
  1 (restart 0) KSP residual norm 6.290339e-03
  2 (restart 0) KSP residual norm 3.720597e-04
  3 (restart 0) KSP residual norm 6.440506e-05
  4 (restart 0) KSP residual norm 1.102030e-05
  5 (restart 0) KSP residual norm 2.221493e-06
  6 (restart 0) KSP residual norm 4.247887e-07
  7 (restart 0) KSP residual norm 7.265906e-08
  8 (restart 0) KSP residual norm 1.281121e-08
  9 (restart 0) KSP residual norm 2.175184e-09
GMRES solver converged in 9 iterations (avg. reduction factor: 1.197e-01)
  Residual norms for GMRES solve
  0 (restart 0) KSP residual norm 1.733001e-01
  1 (restart 0) KSP residual norm 5.363397e-03
  2 (restart 0) KSP residual norm 3.413028e-04
  3 (restart 0) KSP residual norm 5.869350e-05
  4 (restart 0) KSP residual norm 1.066827e-05
  5 (restart 0) KSP residual norm 2.134297e-06
  6 (restart 0) KSP residual norm 4.084613e-07
  7 (restart 0) KSP residual norm 7.000358e-08
  8 (restart 0) KSP residual norm 1.236759e-08
  9 (restart 0) KSP residual norm 2.093984e-09
 10 (restart 0) KSP residual norm 3.426976e-10
GMRES solver converged in 10 iterations (avg. reduction factor: 1.348e-01)
  Residual norms for GMRES solve
  0 (restart 0) KSP residual norm 3.778434e-01
  1 (restart 0) KSP residual norm 5.512304e-03
  2 (restart 0) KSP residual norm 3.608150e-04
  3 (restart 0) KSP residual norm 6.014394e-05
  4 (restart 0) KSP residual norm 1.043506e-05
  5 (restart 0) KSP residual norm 2.113072e-06
  6 (restart 0) KSP residual norm 4.229213e-07
  7 (restart 0) KSP residual norm 7.223377e-08
  8 (restart 0) KSP residual norm 1.223864e-08
  9 (restart 0) KSP residual norm 2.110618e-09
GMRES solver converged in 9 iterations (avg. reduction factor: 1.211e-01)
  4 EPS nconv=27 first unconverged value (error) 0.00281843+3.12559e-08i (7.23711946e-04)

 Linear eigensolve converged (27 eigenpairs) due to CONVERGED_TOL; iterations 4
 Total number of linear systems solved: 88
 Total number of linear solver iterations: 822
 Found 27 converged eigenvalues (first = 2.313e+01+1.307e-10i)

Computing solution error estimates and performing postprocessing

     m,        Re{f} (GHz),        Im{f} (GHz),                  Q,      Error (Bkwd.),       Error (Abs.)
     1,      +1.106490e+00,      +3.124969e-12,      +1.770402e+11,      +9.863015e-12,      +8.754109e-08
     2,      +1.763030e+00,      -7.705940e-11,      +1.143942e+10,      +1.299060e-11,      +1.153539e-07
     3,      +1.763033e+00,      -3.170045e-11,      +2.780770e+10,      +1.651038e-11,      +1.466088e-07
     4,      +1.893338e+00,      -1.204801e-10,      +7.857475e+09,      +1.651391e-11,      +1.466573e-07
     5,      +1.893340e+00,      +1.624728e-10,      +5.826638e+09,      +1.370916e-11,      +1.217488e-07
     6,      +2.022733e+00,      -1.231016e-09,      +8.215708e+08,      +7.465090e-11,      +6.630444e-07
     7,      +2.200510e+00,      -2.004635e-10,      +5.488555e+09,      +2.150973e-11,      +1.910831e-07
     8,      +2.200510e+00,      -8.466443e-11,      +1.299548e+10,      +1.900982e-11,      +1.688751e-07
     9,      +2.363047e+00,      +2.054180e-10,      +5.751803e+09,      +1.928569e-11,      +1.713569e-07
    10,      +2.363058e+00,      -1.044227e-10,      +1.131487e+10,      +1.206039e-11,      +1.071588e-07
    11,      +2.444449e+00,      +1.252562e-10,      +9.757798e+09,      +1.657222e-11,      +1.472613e-07
    12,      +2.444458e+00,      +9.942063e-11,      +1.229352e+10,      +1.550159e-11,      +1.377477e-07
    13,      +2.444534e+00,      +1.031436e-10,      +1.185015e+10,      +2.683459e-11,      +2.384531e-07
    14,      +2.540068e+00,      -3.132583e-09,      +4.054272e+08,      +1.492865e-10,      +1.326720e-06
    15,      +2.569938e+00,      +1.660861e-10,      +7.736763e+09,      +4.741573e-11,      +4.214028e-07
    16,      +2.569957e+00,      +1.340244e-09,      +9.587648e+08,      +1.117768e-10,      +9.934062e-07
    17,      +2.907098e+00,      +7.133496e-11,      +2.037639e+10,      +2.848218e-11,      +2.532472e-07
    18,      +2.907104e+00,      -3.522182e-10,      +4.126851e+09,      +3.488598e-11,      +3.101862e-07
    19,      +2.935803e+00,      +1.233327e-10,      +1.190196e+10,      +4.825315e-11,      +4.290570e-07
    20,      +2.935852e+00,      +1.159645e-10,      +1.265841e+10,      +4.092250e-11,      +3.638744e-07
    21,      +2.975813e+00,      +1.698238e-10,      +8.761474e+09,      +2.599343e-11,      +2.311416e-07
    22,      +2.975822e+00,      -4.518113e-11,      +3.293213e+10,      +2.466574e-11,      +2.193353e-07
    23,      +2.981058e+00,      -3.751059e-10,      +3.973622e+09,      +4.541139e-11,      +4.038151e-07
    24,      +2.981116e+00,      -1.852200e-10,      +8.047499e+09,      +2.754785e-11,      +2.449659e-07
    25,      +3.052742e+00,      -5.478930e-09,      +2.785893e+08,      +2.039458e-10,      +1.813754e-06
    26,      +3.228630e+00,      +1.265249e-09,      +1.275887e+09,      +4.085431e-11,      +3.634286e-07
    27,      +3.228653e+00,      -1.150545e-10,      +1.403098e+10,      +4.615939e-11,      +4.106211e-07

Completed 0 iterations of adaptive mesh refinement (AMR):
 Indicator norm = 1.609e-02, global unknowns = 534892
 Max. iterations = 0, tol. = 1.000e-02

Estimated peak per-rank memory usage is: Min. 242.9M, Max. 263.4M, Avg. 249.0M, Total 7.8G
Estimated peak per-node memory usage is: Min. 7.8G, Max. 7.8G, Avg. 7.8G, Total 7.8G

Elapsed Time Report (s)           Min.        Max.        Avg.
==============================================================
Initialization                   0.230       0.633       0.621
  Mesh Preprocessing             0.448       0.851       0.461
Operator Construction            0.308       0.327       0.319
Linear Solve                     7.216       7.538       7.296
  Setup                          1.711       1.711       1.711
  Preconditioner               164.376     164.802     164.678
  Coarse Solve                  14.692      14.831      14.750
Eigenvalue Solve                 0.810       0.839       0.827
Div.-Free Projection            17.573      17.596      17.589
Estimation                       0.216       0.231       0.223
  Construction                   0.488       0.488       0.488
  Solve                         10.064      10.077      10.074
Postprocessing                   1.445       1.456       1.450
Disk IO                          0.953       0.956       0.954
--------------------------------------------------------------
Total                          222.576     222.593     222.586

Peak Memory                   Per-Node       Total   Total HWM
==============================================================
Initialization                   50.9M       50.9M       50.9M
  Mesh Preprocessing            134.0M      134.0M      184.9M
Operator Construction           847.4M      847.4M        1.0G
Linear Solve                      1.1M        1.1M        1.0G
  Setup                         912.6M      912.6M        1.9G
  Preconditioner                  2.8M        2.8M        1.9G
  Coarse Solve                    3.7G        3.7G        5.6G
Eigenvalue Solve                370.1M      370.1M        6.0G
Div.-Free Projection            449.2M      449.2M        6.4G
Estimation                      256.0K      256.0K        6.4G
  Construction                  429.7M      429.7M        6.8G
  Solve                           0.0K        0.0K        6.8G
Postprocessing                    0.0K        0.0K        6.8G
Disk IO                          81.0M       81.0M        6.9G
--------------------------------------------------------------
Total                             7.3G        7.3G        7.3G

