>> /opt/amip/envs/emsim/bin/mpirun -n 32 /opt/amip/palace/bin/palace-x86_64.bin e0d_x37.json

_____________     _______
_____   __   \____ __   /____ ____________
____   /_/  /  __ ` /  /  __ ` /  ___/  _ \
___   _____/  /_/  /  /  /_/  /  /__/  ___/
  /__/     \___,__/__/\___,__/\_____\_____/

Git changeset ID: v0.17.0-293-g3c83b9db0
Running with 32 MPI processes, 1 OpenMP thread
Device configuration: omp,cpu
Memory configuration: host-std
libCEED backend: /cpu/self/xsmm/blocked

Added 11840 boundary elements for material interfaces to the mesh

Characteristic length and time scales:
 Lc = 2.188e-01 m, tc = 7.299e-01 ns
Finished partitioning mesh into 32 subdomains

Mesh curvature order: 2
Mesh bounding box:
 (Xmin, Ymin, Zmin) = (-1.037e-01, -1.094e-01, -9.772e-02) m
 (Xmax, Ymax, Zmax) = (+1.037e-01, +1.094e-01, +9.772e-02) m

Parallel Mesh Stats:

                minimum     average     maximum       total
 vertices           279         437         668       14002
 edges             2502        3015        3689       96480
 faces             4734        5108        5577      163475
 elements          2461        2531        2584       80996
 neighbors            5          11          21

            minimum     maximum
 h       0.00426379    0.107596
 kappa      1.01584      10.642

Estimated current per-rank memory usage is: Min. 33.2M, Max. 92.8M, Avg. 35.5M, Total 1.1G
Estimated current per-node memory usage is: Min. 1.1G, Max. 1.1G, Avg. 1.1G, Total 1.1G

Configuring Dirichlet PEC BC at attributes:
 90

Assembling system matrices, number of global unknowns:
 H1 (p = 2): 110482, ND (p = 2): 519910, RT (p = 2): 733413
 Operator assembly level: Partial
 Mesh geometries:
  Tetrahedron: P = 20, Q = 14 (quadrature order = 4)

Configuring SLEPc eigenvalue solver:
 Scaling γ = 8.568e+04, δ = 2.187e-04
 Configuring divergence-free projection
 Using random starting vector
 Shift-and-invert σ = 1.050e+00 GHz (4.815e+00)

Assembling multigrid hierarchy:
 Level 0 (p = 1): 96480 unknowns
 Level 1 (p = 2): 519910 unknowns
 Level 0 (auxiliary) (p = 1): 14002 unknowns
 Level 1 (auxiliary) (p = 2): 110482 unknowns

#PETSc Option Table entries:
-eps_monitor # (source: code)
#End of PETSc Option Table entries

  Residual norms for GMRES solve
  0 (restart 0) KSP residual norm 2.879441e-02
  1 (restart 0) KSP residual norm 5.700820e-04
  2 (restart 0) KSP residual norm 4.490226e-05
  3 (restart 0) KSP residual norm 6.579155e-06
  4 (restart 0) KSP residual norm 1.063845e-06
  5 (restart 0) KSP residual norm 1.976892e-07
  6 (restart 0) KSP residual norm 3.895491e-08
  7 (restart 0) KSP residual norm 7.951667e-09
  8 (restart 0) KSP residual norm 1.626759e-09
  9 (restart 0) KSP residual norm 3.195335e-10
 10 (restart 0) KSP residual norm 6.064284e-11
GMRES solver converged in 10 iterations (avg. reduction factor: 1.356e-01)
  Residual norms for GMRES solve
  0 (restart 0) KSP residual norm 7.395541e+00
  1 (restart 0) KSP residual norm 4.533988e-02
  2 (restart 0) KSP residual norm 2.129288e-03
  3 (restart 0) KSP residual norm 3.001578e-04
  4 (restart 0) KSP residual norm 4.245393e-05
  5 (restart 0) KSP residual norm 7.167390e-06
  6 (restart 0) KSP residual norm 1.208034e-06
  7 (restart 0) KSP residual norm 2.456318e-07
  8 (restart 0) KSP residual norm 4.960139e-08
GMRES solver converged in 8 iterations (avg. reduction factor: 9.513e-02)
  Residual norms for GMRES solve
  0 (restart 0) KSP residual norm 2.448654e+00
  1 (restart 0) KSP residual norm 2.028191e-02
  2 (restart 0) KSP residual norm 8.548883e-04
  3 (restart 0) KSP residual norm 1.110864e-04
  4 (restart 0) KSP residual norm 1.645012e-05
  5 (restart 0) KSP residual norm 2.779440e-06
  6 (restart 0) KSP residual norm 4.859231e-07
  7 (restart 0) KSP residual norm 9.648260e-08
  8 (restart 0) KSP residual norm 1.970170e-08
GMRES solver converged in 8 iterations (avg. reduction factor: 9.732e-02)
  Residual norms for GMRES solve
  0 (restart 0) KSP residual norm 3.251509e-01
  1 (restart 0) KSP residual norm 5.473924e-03
  2 (restart 0) KSP residual norm 4.824663e-04
  3 (restart 0) KSP residual norm 7.039284e-05
  4 (restart 0) KSP residual norm 1.243273e-05
  5 (restart 0) KSP residual norm 2.552844e-06
  6 (restart 0) KSP residual norm 5.314055e-07
  7 (restart 0) KSP residual norm 1.051300e-07
  8 (restart 0) KSP residual norm 1.976777e-08
  9 (restart 0) KSP residual norm 3.727101e-09
 10 (restart 0) KSP residual norm 7.236691e-10
GMRES solver converged in 10 iterations (avg. reduction factor: 1.364e-01)
  Residual norms for GMRES solve
  0 (restart 0) KSP residual norm 7.379979e-01
  1 (restart 0) KSP residual norm 2.126318e-02
  2 (restart 0) KSP residual norm 6.438858e-04
  3 (restart 0) KSP residual norm 7.934889e-05
  4 (restart 0) KSP residual norm 1.245761e-05
  5 (restart 0) KSP residual norm 2.314144e-06
  6 (restart 0) KSP residual norm 4.642263e-07
  7 (restart 0) KSP residual norm 9.684563e-08
  8 (restart 0) KSP residual norm 1.872081e-08
  9 (restart 0) KSP residual norm 3.535218e-09
GMRES solver converged in 9 iterations (avg. reduction factor: 1.190e-01)
  Residual norms for GMRES solve
  0 (restart 0) KSP residual norm 7.616651e-01
  1 (restart 0) KSP residual norm 1.617096e-02
  2 (restart 0) KSP residual norm 5.784053e-04
  3 (restart 0) KSP residual norm 8.048979e-05
  4 (restart 0) KSP residual norm 1.294773e-05
  5 (restart 0) KSP residual norm 2.372055e-06
  6 (restart 0) KSP residual norm 4.725208e-07
  7 (restart 0) KSP residual norm 1.020432e-07
  8 (restart 0) KSP residual norm 2.000139e-08
  9 (restart 0) KSP residual norm 3.594290e-09
GMRES solver converged in 9 iterations (avg. reduction factor: 1.188e-01)
  Residual norms for GMRES solve
  0 (restart 0) KSP residual norm 1.315480e+00
  1 (restart 0) KSP residual norm 1.989939e-02
  2 (restart 0) KSP residual norm 7.555317e-04
  3 (restart 0) KSP residual norm 9.249474e-05
  4 (restart 0) KSP residual norm 1.395002e-05
  5 (restart 0) KSP residual norm 2.430078e-06
  6 (restart 0) KSP residual norm 4.206758e-07
  7 (restart 0) KSP residual norm 8.414698e-08
  8 (restart 0) KSP residual norm 1.725392e-08
  9 (restart 0) KSP residual norm 3.599070e-09
GMRES solver converged in 9 iterations (avg. reduction factor: 1.118e-01)
  Residual norms for GMRES solve
  0 (restart 0) KSP residual norm 1.225891e+00
  1 (restart 0) KSP residual norm 1.781673e-02
  2 (restart 0) KSP residual norm 6.478580e-04
  3 (restart 0) KSP residual norm 8.460481e-05
  4 (restart 0) KSP residual norm 1.270879e-05
  5 (restart 0) KSP residual norm 2.275027e-06
  6 (restart 0) KSP residual norm 4.140771e-07
  7 (restart 0) KSP residual norm 8.035105e-08
  8 (restart 0) KSP residual norm 1.563079e-08
  9 (restart 0) KSP residual norm 3.166778e-09
GMRES solver converged in 9 iterations (avg. reduction factor: 1.111e-01)
  Residual norms for GMRES solve
  0 (restart 0) KSP residual norm 1.254442e+00
  1 (restart 0) KSP residual norm 1.668856e-02
  2 (restart 0) KSP residual norm 6.569422e-04
  3 (restart 0) KSP residual norm 8.359604e-05
  4 (restart 0) KSP residual norm 1.276598e-05
  5 (restart 0) KSP residual norm 2.408925e-06
  6 (restart 0) KSP residual norm 4.677038e-07
  7 (restart 0) KSP residual norm 9.840157e-08
  8 (restart 0) KSP residual norm 1.978966e-08
  9 (restart 0) KSP residual norm 3.623712e-09
GMRES solver converged in 9 iterations (avg. reduction factor: 1.125e-01)
  Residual norms for GMRES solve
  0 (restart 0) KSP residual norm 1.859453e+00
  1 (restart 0) KSP residual norm 1.660114e-02
  2 (restart 0) KSP residual norm 7.307258e-04
  3 (restart 0) KSP residual norm 1.008850e-04
  4 (restart 0) KSP residual norm 1.431773e-05
  5 (restart 0) KSP residual norm 2.638025e-06
  6 (restart 0) KSP residual norm 4.957303e-07
  7 (restart 0) KSP residual norm 1.045665e-07
  8 (restart 0) KSP residual norm 2.071883e-08
  9 (restart 0) KSP residual norm 4.244687e-09
GMRES solver converged in 9 iterations (avg. reduction factor: 1.096e-01)
  Residual norms for GMRES solve
  0 (restart 0) KSP residual norm 1.885615e+00
  1 (restart 0) KSP residual norm 1.454195e-02
  2 (restart 0) KSP residual norm 6.678058e-04
  3 (restart 0) KSP residual norm 9.324175e-05
  4 (restart 0) KSP residual norm 1.344481e-05
  5 (restart 0) KSP residual norm 2.408347e-06
  6 (restart 0) KSP residual norm 4.314995e-07
  7 (restart 0) KSP residual norm 8.366995e-08
  8 (restart 0) KSP residual norm 1.570983e-08
GMRES solver converged in 8 iterations (avg. reduction factor: 9.774e-02)
  Residual norms for GMRES solve
  0 (restart 0) KSP residual norm 4.299083e-01
  1 (restart 0) KSP residual norm 9.371645e-03
  2 (restart 0) KSP residual norm 4.424867e-04
  3 (restart 0) KSP residual norm 6.252972e-05
  4 (restart 0) KSP residual norm 9.443837e-06
  5 (restart 0) KSP residual norm 1.738839e-06
  6 (restart 0) KSP residual norm 3.212212e-07
  7 (restart 0) KSP residual norm 6.525120e-08
  8 (restart 0) KSP residual norm 1.335001e-08
  9 (restart 0) KSP residual norm 2.570855e-09
GMRES solver converged in 9 iterations (avg. reduction factor: 1.220e-01)
  Residual norms for GMRES solve
  0 (restart 0) KSP residual norm 1.431930e+00
  1 (restart 0) KSP residual norm 1.374263e-02
  2 (restart 0) KSP residual norm 5.834594e-04
  3 (restart 0) KSP residual norm 8.765798e-05
  4 (restart 0) KSP residual norm 1.386152e-05
  5 (restart 0) KSP residual norm 2.900971e-06
  6 (restart 0) KSP residual norm 6.157900e-07
  7 (restart 0) KSP residual norm 1.212637e-07
  8 (restart 0) KSP residual norm 2.269784e-08
  9 (restart 0) KSP residual norm 3.976150e-09
GMRES solver converged in 9 iterations (avg. reduction factor: 1.120e-01)
  Residual norms for GMRES solve
  0 (restart 0) KSP residual norm 5.794008e-01
  1 (restart 0) KSP residual norm 1.231575e-02
  2 (restart 0) KSP residual norm 4.842979e-04
  3 (restart 0) KSP residual norm 6.545705e-05
  4 (restart 0) KSP residual norm 1.006551e-05
  5 (restart 0) KSP residual norm 1.833695e-06
  6 (restart 0) KSP residual norm 3.529564e-07
  7 (restart 0) KSP residual norm 6.894293e-08
  8 (restart 0) KSP residual norm 1.381793e-08
  9 (restart 0) KSP residual norm 2.745593e-09
GMRES solver converged in 9 iterations (avg. reduction factor: 1.189e-01)
  Residual norms for GMRES solve
  0 (restart 0) KSP residual norm 4.539676e-01
  1 (restart 0) KSP residual norm 1.498859e-02
  2 (restart 0) KSP residual norm 6.076358e-04
  3 (restart 0) KSP residual norm 8.870571e-05
  4 (restart 0) KSP residual norm 1.408429e-05
  5 (restart 0) KSP residual norm 2.404554e-06
  6 (restart 0) KSP residual norm 4.583689e-07
  7 (restart 0) KSP residual norm 9.744790e-08
  8 (restart 0) KSP residual norm 1.922055e-08
  9 (restart 0) KSP residual norm 3.747218e-09
GMRES solver converged in 9 iterations (avg. reduction factor: 1.264e-01)
  Residual norms for GMRES solve
  0 (restart 0) KSP residual norm 2.319758e-01
  1 (restart 0) KSP residual norm 7.747602e-03
  2 (restart 0) KSP residual norm 4.814055e-04
  3 (restart 0) KSP residual norm 6.846325e-05
  4 (restart 0) KSP residual norm 1.108666e-05
  5 (restart 0) KSP residual norm 2.125253e-06
  6 (restart 0) KSP residual norm 4.266755e-07
  7 (restart 0) KSP residual norm 8.705577e-08
  8 (restart 0) KSP residual norm 1.739245e-08
  9 (restart 0) KSP residual norm 3.253061e-09
 10 (restart 0) KSP residual norm 6.145709e-10
GMRES solver converged in 10 iterations (avg. reduction factor: 1.388e-01)
  Residual norms for GMRES solve
  0 (restart 0) KSP residual norm 3.890957e-01
  1 (restart 0) KSP residual norm 9.828089e-03
  2 (restart 0) KSP residual norm 4.372750e-04
  3 (restart 0) KSP residual norm 6.740096e-05
  4 (restart 0) KSP residual norm 1.097535e-05
  5 (restart 0) KSP residual norm 2.082937e-06
  6 (restart 0) KSP residual norm 4.333411e-07
  7 (restart 0) KSP residual norm 8.994227e-08
  8 (restart 0) KSP residual norm 1.708791e-08
  9 (restart 0) KSP residual norm 3.090578e-09
GMRES solver converged in 9 iterations (avg. reduction factor: 1.259e-01)
  Residual norms for GMRES solve
  0 (restart 0) KSP residual norm 6.834767e-01
  1 (restart 0) KSP residual norm 9.687964e-03
  2 (restart 0) KSP residual norm 4.331264e-04
  3 (restart 0) KSP residual norm 6.845665e-05
  4 (restart 0) KSP residual norm 1.119264e-05
  5 (restart 0) KSP residual norm 2.130246e-06
  6 (restart 0) KSP residual norm 4.602701e-07
  7 (restart 0) KSP residual norm 9.264210e-08
  8 (restart 0) KSP residual norm 1.800773e-08
  9 (restart 0) KSP residual norm 3.180522e-09
GMRES solver converged in 9 iterations (avg. reduction factor: 1.186e-01)
  Residual norms for GMRES solve
  0 (restart 0) KSP residual norm 7.640504e-01
  1 (restart 0) KSP residual norm 1.450164e-02
  2 (restart 0) KSP residual norm 6.241799e-04
  3 (restart 0) KSP residual norm 7.783374e-05
  4 (restart 0) KSP residual norm 1.160737e-05
  5 (restart 0) KSP residual norm 2.087922e-06
  6 (restart 0) KSP residual norm 3.576974e-07
  7 (restart 0) KSP residual norm 6.900277e-08
  8 (restart 0) KSP residual norm 1.338829e-08
  9 (restart 0) KSP residual norm 2.530020e-09
GMRES solver converged in 9 iterations (avg. reduction factor: 1.142e-01)
  Residual norms for GMRES solve
  0 (restart 0) KSP residual norm 3.093728e-01
  1 (restart 0) KSP residual norm 6.128464e-03
  2 (restart 0) KSP residual norm 4.915071e-04
  3 (restart 0) KSP residual norm 8.104103e-05
  4 (restart 0) KSP residual norm 1.262288e-05
  5 (restart 0) KSP residual norm 2.343572e-06
  6 (restart 0) KSP residual norm 4.562231e-07
  7 (restart 0) KSP residual norm 9.921590e-08
  8 (restart 0) KSP residual norm 1.980673e-08
  9 (restart 0) KSP residual norm 3.485015e-09
 10 (restart 0) KSP residual norm 6.252615e-10
GMRES solver converged in 10 iterations (avg. reduction factor: 1.351e-01)
  Residual norms for GMRES solve
  0 (restart 0) KSP residual norm 1.274722e+00
  1 (restart 0) KSP residual norm 1.326435e-02
  2 (restart 0) KSP residual norm 5.920282e-04
  3 (restart 0) KSP residual norm 8.570870e-05
  4 (restart 0) KSP residual norm 1.298627e-05
  5 (restart 0) KSP residual norm 2.381916e-06
  6 (restart 0) KSP residual norm 4.359894e-07
  7 (restart 0) KSP residual norm 8.580416e-08
  8 (restart 0) KSP residual norm 1.715632e-08
  9 (restart 0) KSP residual norm 3.466176e-09
GMRES solver converged in 9 iterations (avg. reduction factor: 1.118e-01)
  Residual norms for GMRES solve
  0 (restart 0) KSP residual norm 1.301391e+00
  1 (restart 0) KSP residual norm 1.221090e-02
  2 (restart 0) KSP residual norm 5.464251e-04
  3 (restart 0) KSP residual norm 8.230833e-05
  4 (restart 0) KSP residual norm 1.234857e-05
  5 (restart 0) KSP residual norm 2.268715e-06
  6 (restart 0) KSP residual norm 4.338603e-07
  7 (restart 0) KSP residual norm 8.919736e-08
  8 (restart 0) KSP residual norm 1.834504e-08
  9 (restart 0) KSP residual norm 3.477511e-09
GMRES solver converged in 9 iterations (avg. reduction factor: 1.115e-01)
  Residual norms for GMRES solve
  0 (restart 0) KSP residual norm 3.644656e-01
  1 (restart 0) KSP residual norm 7.692006e-03
  2 (restart 0) KSP residual norm 4.149186e-04
  3 (restart 0) KSP residual norm 6.453147e-05
  4 (restart 0) KSP residual norm 1.020866e-05
  5 (restart 0) KSP residual norm 1.798458e-06
  6 (restart 0) KSP residual norm 3.368624e-07
  7 (restart 0) KSP residual norm 6.654605e-08
  8 (restart 0) KSP residual norm 1.365989e-08
  9 (restart 0) KSP residual norm 2.648375e-09
GMRES solver converged in 9 iterations (avg. reduction factor: 1.247e-01)
  Residual norms for GMRES solve
  0 (restart 0) KSP residual norm 1.579231e-01
  1 (restart 0) KSP residual norm 6.944207e-03
  2 (restart 0) KSP residual norm 4.307684e-04
  3 (restart 0) KSP residual norm 6.324931e-05
  4 (restart 0) KSP residual norm 1.005965e-05
  5 (restart 0) KSP residual norm 1.919489e-06
  6 (restart 0) KSP residual norm 3.913270e-07
  7 (restart 0) KSP residual norm 7.928167e-08
  8 (restart 0) KSP residual norm 1.608498e-08
  9 (restart 0) KSP residual norm 2.962118e-09
 10 (restart 0) KSP residual norm 5.411001e-10
GMRES solver converged in 10 iterations (avg. reduction factor: 1.424e-01)
  Residual norms for GMRES solve
  0 (restart 0) KSP residual norm 2.427055e-01
  1 (restart 0) KSP residual norm 9.004208e-03
  2 (restart 0) KSP residual norm 5.531888e-04
  3 (restart 0) KSP residual norm 7.521563e-05
  4 (restart 0) KSP residual norm 1.204702e-05
  5 (restart 0) KSP residual norm 2.437100e-06
  6 (restart 0) KSP residual norm 5.077758e-07
  7 (restart 0) KSP residual norm 1.045110e-07
  8 (restart 0) KSP residual norm 1.901046e-08
  9 (restart 0) KSP residual norm 3.279208e-09
 10 (restart 0) KSP residual norm 6.058753e-10
GMRES solver converged in 10 iterations (avg. reduction factor: 1.380e-01)
  Residual norms for GMRES solve
  0 (restart 0) KSP residual norm 1.870431e-01
  1 (restart 0) KSP residual norm 7.212096e-03
  2 (restart 0) KSP residual norm 4.225043e-04
  3 (restart 0) KSP residual norm 6.266713e-05
  4 (restart 0) KSP residual norm 9.962950e-06
  5 (restart 0) KSP residual norm 1.859701e-06
  6 (restart 0) KSP residual norm 3.434878e-07
  7 (restart 0) KSP residual norm 6.543200e-08
  8 (restart 0) KSP residual norm 1.382609e-08
  9 (restart 0) KSP residual norm 2.754367e-09
 10 (restart 0) KSP residual norm 5.145168e-10
GMRES solver converged in 10 iterations (avg. reduction factor: 1.393e-01)
  Residual norms for GMRES solve
  0 (restart 0) KSP residual norm 2.261482e-01
  1 (restart 0) KSP residual norm 8.096025e-03
  2 (restart 0) KSP residual norm 4.047954e-04
  3 (restart 0) KSP residual norm 6.285587e-05
  4 (restart 0) KSP residual norm 1.012732e-05
  5 (restart 0) KSP residual norm 1.992023e-06
  6 (restart 0) KSP residual norm 3.927703e-07
  7 (restart 0) KSP residual norm 7.725721e-08
  8 (restart 0) KSP residual norm 1.527094e-08
  9 (restart 0) KSP residual norm 3.010239e-09
 10 (restart 0) KSP residual norm 6.042823e-10
GMRES solver converged in 10 iterations (avg. reduction factor: 1.389e-01)
  Residual norms for GMRES solve
  0 (restart 0) KSP residual norm 1.555452e-01
  1 (restart 0) KSP residual norm 5.819743e-03
  2 (restart 0) KSP residual norm 3.943909e-04
  3 (restart 0) KSP residual norm 6.232368e-05
  4 (restart 0) KSP residual norm 1.036220e-05
  5 (restart 0) KSP residual norm 2.011101e-06
  6 (restart 0) KSP residual norm 3.986401e-07
  7 (restart 0) KSP residual norm 7.539556e-08
  8 (restart 0) KSP residual norm 1.468488e-08
  9 (restart 0) KSP residual norm 2.939094e-09
 10 (restart 0) KSP residual norm 6.064233e-10
GMRES solver converged in 10 iterations (avg. reduction factor: 1.442e-01)
  Residual norms for GMRES solve
  0 (restart 0) KSP residual norm 1.577508e-01
  1 (restart 0) KSP residual norm 6.542407e-03
  2 (restart 0) KSP residual norm 4.066216e-04
  3 (restart 0) KSP residual norm 5.952650e-05
  4 (restart 0) KSP residual norm 9.202402e-06
  5 (restart 0) KSP residual norm 1.570710e-06
  6 (restart 0) KSP residual norm 2.870465e-07
  7 (restart 0) KSP residual norm 6.001517e-08
  8 (restart 0) KSP residual norm 1.234025e-08
  9 (restart 0) KSP residual norm 2.385255e-09
 10 (restart 0) KSP residual norm 4.517946e-10
GMRES solver converged in 10 iterations (avg. reduction factor: 1.399e-01)
  Residual norms for GMRES solve
  0 (restart 0) KSP residual norm 1.961272e-01
  1 (restart 0) KSP residual norm 7.303530e-03
  2 (restart 0) KSP residual norm 4.399567e-04
  3 (restart 0) KSP residual norm 7.049695e-05
  4 (restart 0) KSP residual norm 1.195551e-05
  5 (restart 0) KSP residual norm 2.511733e-06
  6 (restart 0) KSP residual norm 5.317010e-07
  7 (restart 0) KSP residual norm 1.007006e-07
  8 (restart 0) KSP residual norm 1.918707e-08
  9 (restart 0) KSP residual norm 3.547871e-09
 10 (restart 0) KSP residual norm 6.511036e-10
GMRES solver converged in 10 iterations (avg. reduction factor: 1.419e-01)
  Residual norms for GMRES solve
  0 (restart 0) KSP residual norm 1.697116e-01
  1 (restart 0) KSP residual norm 6.803832e-03
  2 (restart 0) KSP residual norm 4.169493e-04
  3 (restart 0) KSP residual norm 6.591200e-05
  4 (restart 0) KSP residual norm 1.186692e-05
  5 (restart 0) KSP residual norm 2.520879e-06
  6 (restart 0) KSP residual norm 5.174934e-07
  7 (restart 0) KSP residual norm 9.754874e-08
  8 (restart 0) KSP residual norm 1.892834e-08
  9 (restart 0) KSP residual norm 3.563044e-09
 10 (restart 0) KSP residual norm 6.260138e-10
GMRES solver converged in 10 iterations (avg. reduction factor: 1.434e-01)
  Residual norms for GMRES solve
  0 (restart 0) KSP residual norm 1.403074e-01
  1 (restart 0) KSP residual norm 4.661351e-03
  2 (restart 0) KSP residual norm 4.257704e-04
  3 (restart 0) KSP residual norm 6.188668e-05
  4 (restart 0) KSP residual norm 1.044650e-05
  5 (restart 0) KSP residual norm 2.061414e-06
  6 (restart 0) KSP residual norm 4.394984e-07
  7 (restart 0) KSP residual norm 8.647177e-08
  8 (restart 0) KSP residual norm 1.665366e-08
  9 (restart 0) KSP residual norm 3.075206e-09
 10 (restart 0) KSP residual norm 5.546821e-10
GMRES solver converged in 10 iterations (avg. reduction factor: 1.444e-01)
  Residual norms for GMRES solve
  0 (restart 0) KSP residual norm 1.544868e-01
  1 (restart 0) KSP residual norm 5.266590e-03
  2 (restart 0) KSP residual norm 4.156123e-04
  3 (restart 0) KSP residual norm 6.260291e-05
  4 (restart 0) KSP residual norm 1.022935e-05
  5 (restart 0) KSP residual norm 1.958501e-06
  6 (restart 0) KSP residual norm 3.954226e-07
  7 (restart 0) KSP residual norm 7.899715e-08
  8 (restart 0) KSP residual norm 1.585974e-08
  9 (restart 0) KSP residual norm 3.086512e-09
 10 (restart 0) KSP residual norm 5.834859e-10
GMRES solver converged in 10 iterations (avg. reduction factor: 1.438e-01)
  Residual norms for GMRES solve
  0 (restart 0) KSP residual norm 1.412358e-01
  1 (restart 0) KSP residual norm 5.912866e-03
  2 (restart 0) KSP residual norm 3.815685e-04
  3 (restart 0) KSP residual norm 6.141551e-05
  4 (restart 0) KSP residual norm 9.729593e-06
  5 (restart 0) KSP residual norm 1.707258e-06
  6 (restart 0) KSP residual norm 3.360676e-07
  7 (restart 0) KSP residual norm 6.757718e-08
  8 (restart 0) KSP residual norm 1.359578e-08
  9 (restart 0) KSP residual norm 2.584125e-09
 10 (restart 0) KSP residual norm 5.035478e-10
GMRES solver converged in 10 iterations (avg. reduction factor: 1.430e-01)
  Residual norms for GMRES solve
  0 (restart 0) KSP residual norm 1.569799e-01
  1 (restart 0) KSP residual norm 5.764281e-03
  2 (restart 0) KSP residual norm 3.939440e-04
  3 (restart 0) KSP residual norm 6.017959e-05
  4 (restart 0) KSP residual norm 1.008143e-05
  5 (restart 0) KSP residual norm 2.056382e-06
  6 (restart 0) KSP residual norm 4.502017e-07
  7 (restart 0) KSP residual norm 8.778072e-08
  8 (restart 0) KSP residual norm 1.556196e-08
  9 (restart 0) KSP residual norm 2.839372e-09
 10 (restart 0) KSP residual norm 5.294868e-10
GMRES solver converged in 10 iterations (avg. reduction factor: 1.422e-01)
  Residual norms for GMRES solve
  0 (restart 0) KSP residual norm 1.047605e-01
  1 (restart 0) KSP residual norm 4.870677e-03
  2 (restart 0) KSP residual norm 3.372257e-04
  3 (restart 0) KSP residual norm 5.572130e-05
  4 (restart 0) KSP residual norm 9.182203e-06
  5 (restart 0) KSP residual norm 1.695481e-06
  6 (restart 0) KSP residual norm 3.230875e-07
  7 (restart 0) KSP residual norm 6.035521e-08
  8 (restart 0) KSP residual norm 1.115520e-08
  9 (restart 0) KSP residual norm 2.196610e-09
 10 (restart 0) KSP residual norm 4.691305e-10
GMRES solver converged in 10 iterations (avg. reduction factor: 1.463e-01)
  Residual norms for GMRES solve
  0 (restart 0) KSP residual norm 1.538534e-01
  1 (restart 0) KSP residual norm 6.256791e-03
  2 (restart 0) KSP residual norm 3.921273e-04
  3 (restart 0) KSP residual norm 5.865827e-05
  4 (restart 0) KSP residual norm 8.890657e-06
  5 (restart 0) KSP residual norm 1.644121e-06
  6 (restart 0) KSP residual norm 3.386199e-07
  7 (restart 0) KSP residual norm 7.111685e-08
  8 (restart 0) KSP residual norm 1.392799e-08
  9 (restart 0) KSP residual norm 2.562768e-09
 10 (restart 0) KSP residual norm 4.541654e-10
GMRES solver converged in 10 iterations (avg. reduction factor: 1.403e-01)
  Residual norms for GMRES solve
  0 (restart 0) KSP residual norm 1.647791e-01
  1 (restart 0) KSP residual norm 7.310064e-03
  2 (restart 0) KSP residual norm 4.215222e-04
  3 (restart 0) KSP residual norm 6.778817e-05
  4 (restart 0) KSP residual norm 1.071145e-05
  5 (restart 0) KSP residual norm 1.931494e-06
  6 (restart 0) KSP residual norm 3.367572e-07
  7 (restart 0) KSP residual norm 6.670721e-08
  8 (restart 0) KSP residual norm 1.330259e-08
  9 (restart 0) KSP residual norm 2.494150e-09
 10 (restart 0) KSP residual norm 4.714872e-10
GMRES solver converged in 10 iterations (avg. reduction factor: 1.398e-01)
  Residual norms for GMRES solve
  0 (restart 0) KSP residual norm 2.340285e-01
  1 (restart 0) KSP residual norm 5.691978e-03
  2 (restart 0) KSP residual norm 3.813518e-04
  3 (restart 0) KSP residual norm 5.927140e-05
  4 (restart 0) KSP residual norm 9.100955e-06
  5 (restart 0) KSP residual norm 1.601724e-06
  6 (restart 0) KSP residual norm 3.127843e-07
  7 (restart 0) KSP residual norm 6.137379e-08
  8 (restart 0) KSP residual norm 1.269991e-08
  9 (restart 0) KSP residual norm 2.520065e-09
 10 (restart 0) KSP residual norm 4.827594e-10
GMRES solver converged in 10 iterations (avg. reduction factor: 1.353e-01)
  Residual norms for GMRES solve
  0 (restart 0) KSP residual norm 3.107705e-01
  1 (restart 0) KSP residual norm 5.662406e-03
  2 (restart 0) KSP residual norm 3.556455e-04
  3 (restart 0) KSP residual norm 5.842044e-05
  4 (restart 0) KSP residual norm 8.925282e-06
  5 (restart 0) KSP residual norm 1.619521e-06
  6 (restart 0) KSP residual norm 3.036401e-07
  7 (restart 0) KSP residual norm 5.904752e-08
  8 (restart 0) KSP residual norm 1.139103e-08
  9 (restart 0) KSP residual norm 2.234820e-09
GMRES solver converged in 9 iterations (avg. reduction factor: 1.245e-01)
  Residual norms for GMRES solve
  0 (restart 0) KSP residual norm 1.969066e-01
  1 (restart 0) KSP residual norm 6.671055e-03
  2 (restart 0) KSP residual norm 3.652795e-04
  3 (restart 0) KSP residual norm 6.131346e-05
  4 (restart 0) KSP residual norm 1.026566e-05
  5 (restart 0) KSP residual norm 1.951149e-06
  6 (restart 0) KSP residual norm 4.053908e-07
  7 (restart 0) KSP residual norm 8.529151e-08
  8 (restart 0) KSP residual norm 1.643818e-08
  9 (restart 0) KSP residual norm 2.873978e-09
 10 (restart 0) KSP residual norm 5.066375e-10
GMRES solver converged in 10 iterations (avg. reduction factor: 1.384e-01)
  Residual norms for GMRES solve
  0 (restart 0) KSP residual norm 1.680442e-01
  1 (restart 0) KSP residual norm 6.790864e-03
  2 (restart 0) KSP residual norm 3.865987e-04
  3 (restart 0) KSP residual norm 5.829410e-05
  4 (restart 0) KSP residual norm 9.231296e-06
  5 (restart 0) KSP residual norm 1.721546e-06
  6 (restart 0) KSP residual norm 3.250802e-07
  7 (restart 0) KSP residual norm 6.452211e-08
  8 (restart 0) KSP residual norm 1.274305e-08
  9 (restart 0) KSP residual norm 2.547737e-09
 10 (restart 0) KSP residual norm 5.114034e-10
GMRES solver converged in 10 iterations (avg. reduction factor: 1.407e-01)
  Residual norms for GMRES solve
  0 (restart 0) KSP residual norm 1.874337e-01
  1 (restart 0) KSP residual norm 7.396079e-03
  2 (restart 0) KSP residual norm 4.398492e-04
  3 (restart 0) KSP residual norm 6.629108e-05
  4 (restart 0) KSP residual norm 1.074771e-05
  5 (restart 0) KSP residual norm 1.944946e-06
  6 (restart 0) KSP residual norm 3.573041e-07
  7 (restart 0) KSP residual norm 6.805448e-08
  8 (restart 0) KSP residual norm 1.322687e-08
  9 (restart 0) KSP residual norm 2.525091e-09
 10 (restart 0) KSP residual norm 4.984471e-10
GMRES solver converged in 10 iterations (avg. reduction factor: 1.388e-01)
  Residual norms for GMRES solve
  0 (restart 0) KSP residual norm 1.485590e-01
  1 (restart 0) KSP residual norm 5.161760e-03
  2 (restart 0) KSP residual norm 3.833962e-04
  3 (restart 0) KSP residual norm 6.498560e-05
  4 (restart 0) KSP residual norm 1.062899e-05
  5 (restart 0) KSP residual norm 2.043681e-06
  6 (restart 0) KSP residual norm 4.236164e-07
  7 (restart 0) KSP residual norm 8.815776e-08
  8 (restart 0) KSP residual norm 1.693476e-08
  9 (restart 0) KSP residual norm 3.079329e-09
 10 (restart 0) KSP residual norm 5.548955e-10
GMRES solver converged in 10 iterations (avg. reduction factor: 1.436e-01)
  1 EPS nconv=8 first unconverged value (error) 0.00137069-8.0071e-13i (1.41274711e-07)
  Residual norms for GMRES solve
  0 (restart 0) KSP residual norm 1.913660e-01
  1 (restart 0) KSP residual norm 5.812899e-03
  2 (restart 0) KSP residual norm 3.773207e-04
  3 (restart 0) KSP residual norm 5.605306e-05
  4 (restart 0) KSP residual norm 8.887911e-06
  5 (restart 0) KSP residual norm 1.585502e-06
  6 (restart 0) KSP residual norm 3.040855e-07
  7 (restart 0) KSP residual norm 6.000888e-08
  8 (restart 0) KSP residual norm 1.261808e-08
  9 (restart 0) KSP residual norm 2.451819e-09
 10 (restart 0) KSP residual norm 4.696978e-10
GMRES solver converged in 10 iterations (avg. reduction factor: 1.377e-01)
  Residual norms for GMRES solve
  0 (restart 0) KSP residual norm 2.456396e-01
  1 (restart 0) KSP residual norm 4.937245e-03
  2 (restart 0) KSP residual norm 3.028606e-04
  3 (restart 0) KSP residual norm 5.037482e-05
  4 (restart 0) KSP residual norm 7.966869e-06
  5 (restart 0) KSP residual norm 1.493870e-06
  6 (restart 0) KSP residual norm 3.005686e-07
  7 (restart 0) KSP residual norm 6.461263e-08
  8 (restart 0) KSP residual norm 1.245223e-08
  9 (restart 0) KSP residual norm 2.174081e-09
GMRES solver converged in 9 iterations (avg. reduction factor: 1.274e-01)
  Residual norms for GMRES solve
  0 (restart 0) KSP residual norm 7.521663e-02
  1 (restart 0) KSP residual norm 3.840653e-03
  2 (restart 0) KSP residual norm 3.133171e-04
  3 (restart 0) KSP residual norm 5.210420e-05
  4 (restart 0) KSP residual norm 8.475951e-06
  5 (restart 0) KSP residual norm 1.500640e-06
  6 (restart 0) KSP residual norm 2.684087e-07
  7 (restart 0) KSP residual norm 5.061483e-08
  8 (restart 0) KSP residual norm 1.020254e-08
  9 (restart 0) KSP residual norm 2.009694e-09
 10 (restart 0) KSP residual norm 4.167046e-10
GMRES solver converged in 10 iterations (avg. reduction factor: 1.494e-01)
  Residual norms for GMRES solve
  0 (restart 0) KSP residual norm 2.259347e-01
  1 (restart 0) KSP residual norm 5.749681e-03
  2 (restart 0) KSP residual norm 3.807816e-04
  3 (restart 0) KSP residual norm 6.026817e-05
  4 (restart 0) KSP residual norm 9.772006e-06
  5 (restart 0) KSP residual norm 1.801880e-06
  6 (restart 0) KSP residual norm 3.490759e-07
  7 (restart 0) KSP residual norm 7.095270e-08
  8 (restart 0) KSP residual norm 1.457488e-08
  9 (restart 0) KSP residual norm 2.729115e-09
 10 (restart 0) KSP residual norm 5.205314e-10
GMRES solver converged in 10 iterations (avg. reduction factor: 1.369e-01)
  Residual norms for GMRES solve
  0 (restart 0) KSP residual norm 1.803202e-01
  1 (restart 0) KSP residual norm 6.499242e-03
  2 (restart 0) KSP residual norm 3.589766e-04
  3 (restart 0) KSP residual norm 5.606774e-05
  4 (restart 0) KSP residual norm 8.868973e-06
  5 (restart 0) KSP residual norm 1.646366e-06
  6 (restart 0) KSP residual norm 3.382784e-07
  7 (restart 0) KSP residual norm 6.785263e-08
  8 (restart 0) KSP residual norm 1.333803e-08
  9 (restart 0) KSP residual norm 2.542862e-09
 10 (restart 0) KSP residual norm 4.932024e-10
GMRES solver converged in 10 iterations (avg. reduction factor: 1.392e-01)
  Residual norms for GMRES solve
  0 (restart 0) KSP residual norm 1.981450e-01
  1 (restart 0) KSP residual norm 6.509985e-03
  2 (restart 0) KSP residual norm 3.799279e-04
  3 (restart 0) KSP residual norm 6.274861e-05
  4 (restart 0) KSP residual norm 9.928585e-06
  5 (restart 0) KSP residual norm 1.936954e-06
  6 (restart 0) KSP residual norm 4.082643e-07
  7 (restart 0) KSP residual norm 8.385492e-08
  8 (restart 0) KSP residual norm 1.598766e-08
  9 (restart 0) KSP residual norm 2.873925e-09
 10 (restart 0) KSP residual norm 5.088075e-10
GMRES solver converged in 10 iterations (avg. reduction factor: 1.383e-01)
  Residual norms for GMRES solve
  0 (restart 0) KSP residual norm 1.953572e-01
  1 (restart 0) KSP residual norm 5.504438e-03
  2 (restart 0) KSP residual norm 3.684201e-04
  3 (restart 0) KSP residual norm 5.837175e-05
  4 (restart 0) KSP residual norm 9.332441e-06
  5 (restart 0) KSP residual norm 1.724286e-06
  6 (restart 0) KSP residual norm 3.324857e-07
  7 (restart 0) KSP residual norm 6.149271e-08
  8 (restart 0) KSP residual norm 1.173970e-08
  9 (restart 0) KSP residual norm 2.214836e-09
 10 (restart 0) KSP residual norm 4.427370e-10
GMRES solver converged in 10 iterations (avg. reduction factor: 1.366e-01)
  Residual norms for GMRES solve
  0 (restart 0) KSP residual norm 3.008917e-01
  1 (restart 0) KSP residual norm 5.551618e-03
  2 (restart 0) KSP residual norm 4.049622e-04
  3 (restart 0) KSP residual norm 5.610382e-05
  4 (restart 0) KSP residual norm 8.730449e-06
  5 (restart 0) KSP residual norm 1.633150e-06
  6 (restart 0) KSP residual norm 3.335827e-07
  7 (restart 0) KSP residual norm 6.637127e-08
  8 (restart 0) KSP residual norm 1.330071e-08
  9 (restart 0) KSP residual norm 2.557893e-09
GMRES solver converged in 9 iterations (avg. reduction factor: 1.268e-01)
  Residual norms for GMRES solve
  0 (restart 0) KSP residual norm 1.416867e-01
  1 (restart 0) KSP residual norm 5.910031e-03
  2 (restart 0) KSP residual norm 3.980244e-04
  3 (restart 0) KSP residual norm 5.635206e-05
  4 (restart 0) KSP residual norm 9.208857e-06
  5 (restart 0) KSP residual norm 1.608074e-06
  6 (restart 0) KSP residual norm 3.090893e-07
  7 (restart 0) KSP residual norm 6.376422e-08
  8 (restart 0) KSP residual norm 1.322165e-08
  9 (restart 0) KSP residual norm 2.577385e-09
 10 (restart 0) KSP residual norm 4.906695e-10
GMRES solver converged in 10 iterations (avg. reduction factor: 1.425e-01)
  Residual norms for GMRES solve
  0 (restart 0) KSP residual norm 1.848570e-01
  1 (restart 0) KSP residual norm 5.345642e-03
  2 (restart 0) KSP residual norm 4.095875e-04
  3 (restart 0) KSP residual norm 6.248224e-05
  4 (restart 0) KSP residual norm 1.153589e-05
  5 (restart 0) KSP residual norm 2.556762e-06
  6 (restart 0) KSP residual norm 5.195927e-07
  7 (restart 0) KSP residual norm 9.817135e-08
  8 (restart 0) KSP residual norm 1.723642e-08
  9 (restart 0) KSP residual norm 3.139808e-09
 10 (restart 0) KSP residual norm 5.777757e-10
GMRES solver converged in 10 iterations (avg. reduction factor: 1.411e-01)
  Residual norms for GMRES solve
  0 (restart 0) KSP residual norm 1.823068e-01
  1 (restart 0) KSP residual norm 6.651713e-03
  2 (restart 0) KSP residual norm 3.753542e-04
  3 (restart 0) KSP residual norm 6.392558e-05
  4 (restart 0) KSP residual norm 1.035408e-05
  5 (restart 0) KSP residual norm 1.928379e-06
  6 (restart 0) KSP residual norm 4.061053e-07
  7 (restart 0) KSP residual norm 8.120131e-08
  8 (restart 0) KSP residual norm 1.567696e-08
  9 (restart 0) KSP residual norm 3.022203e-09
 10 (restart 0) KSP residual norm 5.711037e-10
GMRES solver converged in 10 iterations (avg. reduction factor: 1.411e-01)
  Residual norms for GMRES solve
  0 (restart 0) KSP residual norm 2.494692e-01
  1 (restart 0) KSP residual norm 6.373111e-03
  2 (restart 0) KSP residual norm 3.746728e-04
  3 (restart 0) KSP residual norm 5.590362e-05
  4 (restart 0) KSP residual norm 9.424064e-06
  5 (restart 0) KSP residual norm 1.872677e-06
  6 (restart 0) KSP residual norm 3.973840e-07
  7 (restart 0) KSP residual norm 7.892556e-08
  8 (restart 0) KSP residual norm 1.446227e-08
  9 (restart 0) KSP residual norm 2.786555e-09
 10 (restart 0) KSP residual norm 5.354123e-10
GMRES solver converged in 10 iterations (avg. reduction factor: 1.359e-01)
  Residual norms for GMRES solve
  0 (restart 0) KSP residual norm 2.642120e-01
  1 (restart 0) KSP residual norm 5.999243e-03
  2 (restart 0) KSP residual norm 3.841905e-04
  3 (restart 0) KSP residual norm 6.460522e-05
  4 (restart 0) KSP residual norm 1.148325e-05
  5 (restart 0) KSP residual norm 2.419847e-06
  6 (restart 0) KSP residual norm 4.968262e-07
  7 (restart 0) KSP residual norm 9.452513e-08
  8 (restart 0) KSP residual norm 1.800297e-08
  9 (restart 0) KSP residual norm 3.454115e-09
 10 (restart 0) KSP residual norm 6.584059e-10
GMRES solver converged in 10 iterations (avg. reduction factor: 1.379e-01)
  Residual norms for GMRES solve
  0 (restart 0) KSP residual norm 1.398485e-01
  1 (restart 0) KSP residual norm 4.506570e-03
  2 (restart 0) KSP residual norm 3.579757e-04
  3 (restart 0) KSP residual norm 5.932523e-05
  4 (restart 0) KSP residual norm 9.635968e-06
  5 (restart 0) KSP residual norm 1.942549e-06
  6 (restart 0) KSP residual norm 4.125955e-07
  7 (restart 0) KSP residual norm 8.371285e-08
  8 (restart 0) KSP residual norm 1.543782e-08
  9 (restart 0) KSP residual norm 2.798447e-09
 10 (restart 0) KSP residual norm 5.131616e-10
GMRES solver converged in 10 iterations (avg. reduction factor: 1.434e-01)
  Residual norms for GMRES solve
  0 (restart 0) KSP residual norm 3.351969e-01
  1 (restart 0) KSP residual norm 6.167197e-03
  2 (restart 0) KSP residual norm 4.060068e-04
  3 (restart 0) KSP residual norm 6.218304e-05
  4 (restart 0) KSP residual norm 1.030682e-05
  5 (restart 0) KSP residual norm 1.961203e-06
  6 (restart 0) KSP residual norm 3.863220e-07
  7 (restart 0) KSP residual norm 7.093742e-08
  8 (restart 0) KSP residual norm 1.298715e-08
  9 (restart 0) KSP residual norm 2.573943e-09
GMRES solver converged in 9 iterations (avg. reduction factor: 1.254e-01)
  Residual norms for GMRES solve
  0 (restart 0) KSP residual norm 1.275841e-01
  1 (restart 0) KSP residual norm 4.252819e-03
  2 (restart 0) KSP residual norm 3.717747e-04
  3 (restart 0) KSP residual norm 6.481823e-05
  4 (restart 0) KSP residual norm 1.002647e-05
  5 (restart 0) KSP residual norm 1.796636e-06
  6 (restart 0) KSP residual norm 3.310304e-07
  7 (restart 0) KSP residual norm 6.636242e-08
  8 (restart 0) KSP residual norm 1.368939e-08
  9 (restart 0) KSP residual norm 2.654891e-09
 10 (restart 0) KSP residual norm 5.288201e-10
GMRES solver converged in 10 iterations (avg. reduction factor: 1.451e-01)
  Residual norms for GMRES solve
  0 (restart 0) KSP residual norm 3.466170e-01
  1 (restart 0) KSP residual norm 6.156917e-03
  2 (restart 0) KSP residual norm 3.981030e-04
  3 (restart 0) KSP residual norm 6.008165e-05
  4 (restart 0) KSP residual norm 1.016741e-05
  5 (restart 0) KSP residual norm 2.178414e-06
  6 (restart 0) KSP residual norm 4.658952e-07
  7 (restart 0) KSP residual norm 8.717408e-08
  8 (restart 0) KSP residual norm 1.593099e-08
  9 (restart 0) KSP residual norm 3.030835e-09
GMRES solver converged in 9 iterations (avg. reduction factor: 1.272e-01)
  Residual norms for GMRES solve
  0 (restart 0) KSP residual norm 1.108502e-01
  1 (restart 0) KSP residual norm 4.649008e-03
  2 (restart 0) KSP residual norm 3.431247e-04
  3 (restart 0) KSP residual norm 5.560183e-05
  4 (restart 0) KSP residual norm 9.270874e-06
  5 (restart 0) KSP residual norm 1.943123e-06
  6 (restart 0) KSP residual norm 4.116229e-07
  7 (restart 0) KSP residual norm 8.077966e-08
  8 (restart 0) KSP residual norm 1.477793e-08
  9 (restart 0) KSP residual norm 2.630330e-09
 10 (restart 0) KSP residual norm 4.523536e-10
GMRES solver converged in 10 iterations (avg. reduction factor: 1.449e-01)
  2 EPS nconv=16 first unconverged value (error) 0.00207449-1.0982e-09i (1.67524511e-04)
  Residual norms for GMRES solve
  0 (restart 0) KSP residual norm 2.680975e-01
  1 (restart 0) KSP residual norm 5.254271e-03
  2 (restart 0) KSP residual norm 3.514865e-04
  3 (restart 0) KSP residual norm 6.150641e-05
  4 (restart 0) KSP residual norm 9.988051e-06
  5 (restart 0) KSP residual norm 1.760548e-06
  6 (restart 0) KSP residual norm 3.281984e-07
  7 (restart 0) KSP residual norm 6.585387e-08
  8 (restart 0) KSP residual norm 1.368624e-08
  9 (restart 0) KSP residual norm 2.736477e-09
 10 (restart 0) KSP residual norm 4.985336e-10
GMRES solver converged in 10 iterations (avg. reduction factor: 1.339e-01)
  Residual norms for GMRES solve
  0 (restart 0) KSP residual norm 9.984847e-02
  1 (restart 0) KSP residual norm 4.355466e-03
  2 (restart 0) KSP residual norm 3.208380e-04
  3 (restart 0) KSP residual norm 5.437501e-05
  4 (restart 0) KSP residual norm 8.830466e-06
  5 (restart 0) KSP residual norm 1.715406e-06
  6 (restart 0) KSP residual norm 3.396359e-07
  7 (restart 0) KSP residual norm 6.827520e-08
  8 (restart 0) KSP residual norm 1.354324e-08
  9 (restart 0) KSP residual norm 2.624262e-09
 10 (restart 0) KSP residual norm 4.945428e-10
GMRES solver converged in 10 iterations (avg. reduction factor: 1.477e-01)
  Residual norms for GMRES solve
  0 (restart 0) KSP residual norm 1.827790e-01
  1 (restart 0) KSP residual norm 5.935335e-03
  2 (restart 0) KSP residual norm 3.555829e-04
  3 (restart 0) KSP residual norm 5.658871e-05
  4 (restart 0) KSP residual norm 8.855831e-06
  5 (restart 0) KSP residual norm 1.524660e-06
  6 (restart 0) KSP residual norm 2.893412e-07
  7 (restart 0) KSP residual norm 5.830961e-08
  8 (restart 0) KSP residual norm 1.171937e-08
  9 (restart 0) KSP residual norm 2.251989e-09
 10 (restart 0) KSP residual norm 4.462518e-10
GMRES solver converged in 10 iterations (avg. reduction factor: 1.376e-01)
  Residual norms for GMRES solve
  0 (restart 0) KSP residual norm 1.034318e-01
  1 (restart 0) KSP residual norm 4.302946e-03
  2 (restart 0) KSP residual norm 3.810945e-04
  3 (restart 0) KSP residual norm 6.235895e-05
  4 (restart 0) KSP residual norm 1.027286e-05
  5 (restart 0) KSP residual norm 1.954918e-06
  6 (restart 0) KSP residual norm 3.805781e-07
  7 (restart 0) KSP residual norm 7.614324e-08
  8 (restart 0) KSP residual norm 1.512952e-08
  9 (restart 0) KSP residual norm 2.947572e-09
 10 (restart 0) KSP residual norm 5.681597e-10
GMRES solver converged in 10 iterations (avg. reduction factor: 1.493e-01)
  Residual norms for GMRES solve
  0 (restart 0) KSP residual norm 1.641632e-01
  1 (restart 0) KSP residual norm 5.387488e-03
  2 (restart 0) KSP residual norm 3.681126e-04
  3 (restart 0) KSP residual norm 6.021470e-05
  4 (restart 0) KSP residual norm 9.839027e-06
  5 (restart 0) KSP residual norm 1.770813e-06
  6 (restart 0) KSP residual norm 3.342965e-07
  7 (restart 0) KSP residual norm 6.262251e-08
  8 (restart 0) KSP residual norm 1.168657e-08
  9 (restart 0) KSP residual norm 2.208288e-09
 10 (restart 0) KSP residual norm 4.467476e-10
GMRES solver converged in 10 iterations (avg. reduction factor: 1.391e-01)
  Residual norms for GMRES solve
  0 (restart 0) KSP residual norm 1.228032e-01
  1 (restart 0) KSP residual norm 4.177447e-03
  2 (restart 0) KSP residual norm 3.373406e-04
  3 (restart 0) KSP residual norm 5.795565e-05
  4 (restart 0) KSP residual norm 9.270175e-06
  5 (restart 0) KSP residual norm 1.789761e-06
  6 (restart 0) KSP residual norm 3.848726e-07
  7 (restart 0) KSP residual norm 7.876466e-08
  8 (restart 0) KSP residual norm 1.459350e-08
  9 (restart 0) KSP residual norm 2.779002e-09
 10 (restart 0) KSP residual norm 5.176858e-10
GMRES solver converged in 10 iterations (avg. reduction factor: 1.454e-01)
  Residual norms for GMRES solve
  0 (restart 0) KSP residual norm 2.555811e-01
  1 (restart 0) KSP residual norm 5.201751e-03
  2 (restart 0) KSP residual norm 3.441114e-04
  3 (restart 0) KSP residual norm 5.969138e-05
  4 (restart 0) KSP residual norm 9.970268e-06
  5 (restart 0) KSP residual norm 1.868588e-06
  6 (restart 0) KSP residual norm 3.696002e-07
  7 (restart 0) KSP residual norm 7.632168e-08
  8 (restart 0) KSP residual norm 1.528765e-08
  9 (restart 0) KSP residual norm 2.793619e-09
 10 (restart 0) KSP residual norm 5.339737e-10
GMRES solver converged in 10 iterations (avg. reduction factor: 1.355e-01)
  Residual norms for GMRES solve
  0 (restart 0) KSP residual norm 1.879553e-01
  1 (restart 0) KSP residual norm 5.308798e-03
  2 (restart 0) KSP residual norm 3.417243e-04
  3 (restart 0) KSP residual norm 5.997829e-05
  4 (restart 0) KSP residual norm 9.397852e-06
  5 (restart 0) KSP residual norm 1.556199e-06
  6 (restart 0) KSP residual norm 2.834659e-07
  7 (restart 0) KSP residual norm 5.404869e-08
  8 (restart 0) KSP residual norm 1.093491e-08
  9 (restart 0) KSP residual norm 2.201710e-09
 10 (restart 0) KSP residual norm 4.364545e-10
GMRES solver converged in 10 iterations (avg. reduction factor: 1.370e-01)
  Residual norms for GMRES solve
  0 (restart 0) KSP residual norm 1.833444e-01
  1 (restart 0) KSP residual norm 5.007199e-03
  2 (restart 0) KSP residual norm 3.391281e-04
  3 (restart 0) KSP residual norm 5.706096e-05
  4 (restart 0) KSP residual norm 8.807522e-06
  5 (restart 0) KSP residual norm 1.579712e-06
  6 (restart 0) KSP residual norm 3.011995e-07
  7 (restart 0) KSP residual norm 6.091705e-08
  8 (restart 0) KSP residual norm 1.230135e-08
  9 (restart 0) KSP residual norm 2.417433e-09
 10 (restart 0) KSP residual norm 4.618336e-10
GMRES solver converged in 10 iterations (avg. reduction factor: 1.381e-01)
  Residual norms for GMRES solve
  0 (restart 0) KSP residual norm 1.289019e-01
  1 (restart 0) KSP residual norm 5.121361e-03
  2 (restart 0) KSP residual norm 3.187007e-04
  3 (restart 0) KSP residual norm 5.476345e-05
  4 (restart 0) KSP residual norm 9.611736e-06
  5 (restart 0) KSP residual norm 1.923724e-06
  6 (restart 0) KSP residual norm 4.087092e-07
  7 (restart 0) KSP residual norm 8.184972e-08
  8 (restart 0) KSP residual norm 1.508099e-08
  9 (restart 0) KSP residual norm 2.675012e-09
 10 (restart 0) KSP residual norm 4.959493e-10
GMRES solver converged in 10 iterations (avg. reduction factor: 1.441e-01)
  Residual norms for GMRES solve
  0 (restart 0) KSP residual norm 2.264139e-01
  1 (restart 0) KSP residual norm 5.683152e-03
  2 (restart 0) KSP residual norm 3.392832e-04
  3 (restart 0) KSP residual norm 5.740201e-05
  4 (restart 0) KSP residual norm 9.418953e-06
  5 (restart 0) KSP residual norm 1.825537e-06
  6 (restart 0) KSP residual norm 3.918109e-07
  7 (restart 0) KSP residual norm 7.758905e-08
  8 (restart 0) KSP residual norm 1.498748e-08
  9 (restart 0) KSP residual norm 2.845773e-09
 10 (restart 0) KSP residual norm 5.370645e-10
GMRES solver converged in 10 iterations (avg. reduction factor: 1.372e-01)
  Residual norms for GMRES solve
  0 (restart 0) KSP residual norm 1.671959e-01
  1 (restart 0) KSP residual norm 5.205746e-03
  2 (restart 0) KSP residual norm 3.536169e-04
  3 (restart 0) KSP residual norm 6.156572e-05
  4 (restart 0) KSP residual norm 1.005877e-05
  5 (restart 0) KSP residual norm 1.914125e-06
  6 (restart 0) KSP residual norm 3.772785e-07
  7 (restart 0) KSP residual norm 7.664714e-08
  8 (restart 0) KSP residual norm 1.541312e-08
  9 (restart 0) KSP residual norm 2.940679e-09
 10 (restart 0) KSP residual norm 5.710054e-10
GMRES solver converged in 10 iterations (avg. reduction factor: 1.423e-01)
  Residual norms for GMRES solve
  0 (restart 0) KSP residual norm 7.568978e-02
  1 (restart 0) KSP residual norm 3.989443e-03
  2 (restart 0) KSP residual norm 3.244620e-04
  3 (restart 0) KSP residual norm 5.400097e-05
  4 (restart 0) KSP residual norm 8.693532e-06
  5 (restart 0) KSP residual norm 1.591790e-06
  6 (restart 0) KSP residual norm 3.195967e-07
  7 (restart 0) KSP residual norm 6.642978e-08
  8 (restart 0) KSP residual norm 1.344334e-08
  9 (restart 0) KSP residual norm 2.420158e-09
 10 (restart 0) KSP residual norm 4.357580e-10
GMRES solver converged in 10 iterations (avg. reduction factor: 1.500e-01)
  Residual norms for GMRES solve
  0 (restart 0) KSP residual norm 1.815743e-01
  1 (restart 0) KSP residual norm 4.754764e-03
  2 (restart 0) KSP residual norm 3.420448e-04
  3 (restart 0) KSP residual norm 5.590603e-05
  4 (restart 0) KSP residual norm 9.109839e-06
  5 (restart 0) KSP residual norm 1.698689e-06
  6 (restart 0) KSP residual norm 3.299859e-07
  7 (restart 0) KSP residual norm 6.661983e-08
  8 (restart 0) KSP residual norm 1.280092e-08
  9 (restart 0) KSP residual norm 2.612073e-09
 10 (restart 0) KSP residual norm 5.107085e-10
GMRES solver converged in 10 iterations (avg. reduction factor: 1.396e-01)
  3 EPS nconv=20 first unconverged value (error) 0.00217374+6.07587e-12i (1.39021414e-06)
  Residual norms for GMRES solve
  0 (restart 0) KSP residual norm 1.493139e-01
  1 (restart 0) KSP residual norm 4.822971e-03
  2 (restart 0) KSP residual norm 3.493850e-04
  3 (restart 0) KSP residual norm 5.677513e-05
  4 (restart 0) KSP residual norm 9.339486e-06
  5 (restart 0) KSP residual norm 1.737826e-06
  6 (restart 0) KSP residual norm 3.553621e-07
  7 (restart 0) KSP residual norm 7.261012e-08
  8 (restart 0) KSP residual norm 1.455794e-08
  9 (restart 0) KSP residual norm 2.776546e-09
 10 (restart 0) KSP residual norm 5.241123e-10
GMRES solver converged in 10 iterations (avg. reduction factor: 1.427e-01)
  Residual norms for GMRES solve
  0 (restart 0) KSP residual norm 9.678638e-02
  1 (restart 0) KSP residual norm 4.139695e-03
  2 (restart 0) KSP residual norm 3.155535e-04
  3 (restart 0) KSP residual norm 5.253956e-05
  4 (restart 0) KSP residual norm 8.412428e-06
  5 (restart 0) KSP residual norm 1.569550e-06
  6 (restart 0) KSP residual norm 2.918128e-07
  7 (restart 0) KSP residual norm 5.751696e-08
  8 (restart 0) KSP residual norm 1.177879e-08
  9 (restart 0) KSP residual norm 2.365314e-09
 10 (restart 0) KSP residual norm 4.657014e-10
GMRES solver converged in 10 iterations (avg. reduction factor: 1.473e-01)
  Residual norms for GMRES solve
  0 (restart 0) KSP residual norm 1.319242e-01
  1 (restart 0) KSP residual norm 4.522719e-03
  2 (restart 0) KSP residual norm 3.097523e-04
  3 (restart 0) KSP residual norm 4.941528e-05
  4 (restart 0) KSP residual norm 7.638712e-06
  5 (restart 0) KSP residual norm 1.333001e-06
  6 (restart 0) KSP residual norm 2.664624e-07
  7 (restart 0) KSP residual norm 5.583004e-08
  8 (restart 0) KSP residual norm 1.099741e-08
  9 (restart 0) KSP residual norm 2.049686e-09
 10 (restart 0) KSP residual norm 3.914631e-10
GMRES solver converged in 10 iterations (avg. reduction factor: 1.404e-01)
  Residual norms for GMRES solve
  0 (restart 0) KSP residual norm 3.105840e-01
  1 (restart 0) KSP residual norm 5.472236e-03
  2 (restart 0) KSP residual norm 3.576915e-04
  3 (restart 0) KSP residual norm 5.677590e-05
  4 (restart 0) KSP residual norm 9.001751e-06
  5 (restart 0) KSP residual norm 1.692470e-06
  6 (restart 0) KSP residual norm 3.639955e-07
  7 (restart 0) KSP residual norm 7.436406e-08
  8 (restart 0) KSP residual norm 1.406618e-08
  9 (restart 0) KSP residual norm 2.566623e-09
GMRES solver converged in 9 iterations (avg. reduction factor: 1.264e-01)
  Residual norms for GMRES solve
  0 (restart 0) KSP residual norm 1.630430e-01
  1 (restart 0) KSP residual norm 5.283054e-03
  2 (restart 0) KSP residual norm 3.324360e-04
  3 (restart 0) KSP residual norm 5.559705e-05
  4 (restart 0) KSP residual norm 9.067528e-06
  5 (restart 0) KSP residual norm 1.592630e-06
  6 (restart 0) KSP residual norm 2.992152e-07
  7 (restart 0) KSP residual norm 6.175332e-08
  8 (restart 0) KSP residual norm 1.298801e-08
  9 (restart 0) KSP residual norm 2.564324e-09
 10 (restart 0) KSP residual norm 4.703837e-10
GMRES solver converged in 10 iterations (avg. reduction factor: 1.400e-01)
  Residual norms for GMRES solve
  0 (restart 0) KSP residual norm 2.285804e-01
  1 (restart 0) KSP residual norm 5.283023e-03
  2 (restart 0) KSP residual norm 3.486486e-04
  3 (restart 0) KSP residual norm 5.892774e-05
  4 (restart 0) KSP residual norm 9.744532e-06
  5 (restart 0) KSP residual norm 1.907114e-06
  6 (restart 0) KSP residual norm 3.969342e-07
  7 (restart 0) KSP residual norm 8.088550e-08
  8 (restart 0) KSP residual norm 1.559313e-08
  9 (restart 0) KSP residual norm 2.852511e-09
 10 (restart 0) KSP residual norm 5.425236e-10
GMRES solver converged in 10 iterations (avg. reduction factor: 1.373e-01)
  Residual norms for GMRES solve
  0 (restart 0) KSP residual norm 2.403497e-01
  1 (restart 0) KSP residual norm 5.221088e-03
  2 (restart 0) KSP residual norm 3.519375e-04
  3 (restart 0) KSP residual norm 5.738904e-05
  4 (restart 0) KSP residual norm 9.031240e-06
  5 (restart 0) KSP residual norm 1.730598e-06
  6 (restart 0) KSP residual norm 3.565736e-07
  7 (restart 0) KSP residual norm 7.303327e-08
  8 (restart 0) KSP residual norm 1.448250e-08
  9 (restart 0) KSP residual norm 2.759721e-09
 10 (restart 0) KSP residual norm 5.019448e-10
GMRES solver converged in 10 iterations (avg. reduction factor: 1.355e-01)
  Residual norms for GMRES solve
  0 (restart 0) KSP residual norm 1.551376e-01
  1 (restart 0) KSP residual norm 5.192661e-03
  2 (restart 0) KSP residual norm 3.348305e-04
  3 (restart 0) KSP residual norm 5.353681e-05
  4 (restart 0) KSP residual norm 8.144878e-06
  5 (restart 0) KSP residual norm 1.377062e-06
  6 (restart 0) KSP residual norm 2.477693e-07
  7 (restart 0) KSP residual norm 4.860586e-08
  8 (restart 0) KSP residual norm 1.003825e-08
  9 (restart 0) KSP residual norm 1.991214e-09
 10 (restart 0) KSP residual norm 3.877400e-10
GMRES solver converged in 10 iterations (avg. reduction factor: 1.380e-01)
  Residual norms for GMRES solve
  0 (restart 0) KSP residual norm 2.351553e-01
  1 (restart 0) KSP residual norm 4.866414e-03
  2 (restart 0) KSP residual norm 3.342329e-04
  3 (restart 0) KSP residual norm 5.445025e-05
  4 (restart 0) KSP residual norm 9.181351e-06
  5 (restart 0) KSP residual norm 1.820916e-06
  6 (restart 0) KSP residual norm 3.895628e-07
  7 (restart 0) KSP residual norm 8.006032e-08
  8 (restart 0) KSP residual norm 1.458221e-08
  9 (restart 0) KSP residual norm 2.574379e-09
 10 (restart 0) KSP residual norm 4.499525e-10
GMRES solver converged in 10 iterations (avg. reduction factor: 1.343e-01)
  Residual norms for GMRES solve
  0 (restart 0) KSP residual norm 2.378924e-01
  1 (restart 0) KSP residual norm 4.822788e-03
  2 (restart 0) KSP residual norm 3.441992e-04
  3 (restart 0) KSP residual norm 5.600696e-05
  4 (restart 0) KSP residual norm 8.905188e-06
  5 (restart 0) KSP residual norm 1.642318e-06
  6 (restart 0) KSP residual norm 3.358586e-07
  7 (restart 0) KSP residual norm 7.202231e-08
  8 (restart 0) KSP residual norm 1.396115e-08
  9 (restart 0) KSP residual norm 2.599972e-09
 10 (restart 0) KSP residual norm 4.714107e-10
GMRES solver converged in 10 iterations (avg. reduction factor: 1.348e-01)
  Residual norms for GMRES solve
  0 (restart 0) KSP residual norm 1.400090e-01
  1 (restart 0) KSP residual norm 4.447346e-03
  2 (restart 0) KSP residual norm 3.341083e-04
  3 (restart 0) KSP residual norm 5.676054e-05
  4 (restart 0) KSP residual norm 9.315561e-06
  5 (restart 0) KSP residual norm 1.704714e-06
  6 (restart 0) KSP residual norm 3.295270e-07
  7 (restart 0) KSP residual norm 6.239406e-08
  8 (restart 0) KSP residual norm 1.258382e-08
  9 (restart 0) KSP residual norm 2.561207e-09
 10 (restart 0) KSP residual norm 4.959933e-10
GMRES solver converged in 10 iterations (avg. reduction factor: 1.429e-01)
  Residual norms for GMRES solve
  0 (restart 0) KSP residual norm 1.683451e-01
  1 (restart 0) KSP residual norm 4.071706e-03
  2 (restart 0) KSP residual norm 3.305436e-04
  3 (restart 0) KSP residual norm 5.405685e-05
  4 (restart 0) KSP residual norm 9.032571e-06
  5 (restart 0) KSP residual norm 1.701464e-06
  6 (restart 0) KSP residual norm 3.435014e-07
  7 (restart 0) KSP residual norm 6.978527e-08
  8 (restart 0) KSP residual norm 1.412927e-08
  9 (restart 0) KSP residual norm 2.681114e-09
 10 (restart 0) KSP residual norm 4.728535e-10
GMRES solver converged in 10 iterations (avg. reduction factor: 1.396e-01)
  4 EPS nconv=27 first unconverged value (error) 0.00281952+5.76265e-10i (7.15818955e-04)

 Linear eigensolve converged (27 eigenpairs) due to CONVERGED_TOL; iterations 4
 Total number of linear systems solved: 88
 Total number of linear solver iterations: 852
 Found 27 converged eigenvalues (first = 2.575e+01-9.516e-12i)

Computing solution error estimates and performing postprocessing

     m,        Re{f} (GHz),        Im{f} (GHz),                  Q,      Error (Bkwd.),       Error (Abs.)
     1,      +1.106490e+00,      -2.044628e-13,      +2.705847e+12,      +1.977966e-11,      +1.809669e-07
     2,      +1.763031e+00,      +7.542788e-11,      +1.168687e+10,      +2.041268e-11,      +1.868448e-07
     3,      +1.763033e+00,      -4.078409e-12,      +2.161423e+11,      +1.786189e-11,      +1.634965e-07
     4,      +1.893335e+00,      -1.055788e-11,      +8.966459e+10,      +1.181681e-11,      +1.081763e-07
     5,      +1.893336e+00,      -2.861469e-11,      +3.308328e+10,      +1.070997e-11,      +9.804376e-08
     6,      +2.022732e+00,      +3.225378e-10,      +3.135651e+09,      +5.552585e-11,      +5.083713e-07
     7,      +2.200507e+00,      +1.978601e-10,      +5.560765e+09,      +3.414539e-11,      +3.126784e-07
     8,      +2.200510e+00,      -4.240097e-11,      +2.594882e+10,      +2.258655e-11,      +2.068310e-07
     9,      +2.363055e+00,      -2.145029e-10,      +5.508212e+09,      +3.785928e-11,      +3.467505e-07
    10,      +2.363068e+00,      -2.971151e-11,      +3.976687e+10,      +1.442834e-11,      +1.321482e-07
    11,      +2.444460e+00,      +1.476395e-10,      +8.278480e+09,      +2.257866e-11,      +2.068162e-07
    12,      +2.444466e+00,      +5.138410e-11,      +2.378621e+10,      +4.258063e-11,      +3.900304e-07
    13,      +2.444513e+00,      -1.067739e-10,      +1.144715e+10,      +2.291237e-11,      +2.098729e-07
    14,      +2.540077e+00,      -5.255032e-10,      +2.416804e+09,      +3.567407e-10,      +3.268058e-06
    15,      +2.569953e+00,      +1.985470e-10,      +6.471901e+09,      +3.614083e-11,      +3.310941e-07
    16,      +2.569966e+00,      +4.226282e-13,      +3.040457e+12,      +1.849891e-11,      +1.694726e-07
    17,      +2.907098e+00,      -3.724236e-10,      +3.902946e+09,      +1.736664e-11,      +1.591716e-07
    18,      +2.907116e+00,      -1.812869e-10,      +8.017999e+09,      +3.248698e-11,      +2.977551e-07
    19,      +2.935855e+00,      +1.622385e-10,      +9.047959e+09,      +9.147746e-11,      +8.384589e-07
    20,      +2.935873e+00,      +5.232492e-11,      +2.805425e+10,      +6.363129e-11,      +5.832281e-07
    21,      +2.975835e+00,      +6.348029e-11,      +2.343905e+10,      +1.105905e-11,      +1.013703e-07
    22,      +2.975897e+00,      -6.486710e-12,      +2.293842e+11,      +1.356606e-11,      +1.243502e-07
    23,      +2.981019e+00,      -2.446013e-11,      +6.093630e+10,      +2.348309e-11,      +2.152540e-07
    24,      +2.981082e+00,      -3.755258e-11,      +3.969211e+10,      +2.527309e-11,      +2.316618e-07
    25,      +3.052741e+00,      -6.549508e-10,      +2.330512e+09,      +1.428665e-10,      +1.309702e-06
    26,      +3.228655e+00,      -8.580733e-11,      +1.881340e+10,      +2.752218e-11,      +2.523727e-07
    27,      +3.228736e+00,      +1.187858e-10,      +1.359058e+10,      +4.791838e-11,      +4.394018e-07

Completed 0 iterations of adaptive mesh refinement (AMR):
 Indicator norm = 1.616e-02, global unknowns = 519910
 Max. iterations = 0, tol. = 1.000e-02

Estimated peak per-rank memory usage is: Min. 246.8M, Max. 262.9M, Avg. 250.5M, Total 7.8G
Estimated peak per-node memory usage is: Min. 7.8G, Max. 7.8G, Avg. 7.8G, Total 7.8G

Elapsed Time Report (s)           Min.        Max.        Avg.
==============================================================
Initialization                   0.223       0.616       0.604
  Mesh Preprocessing             0.431       0.824       0.444
Operator Construction            0.245       0.263       0.255
Linear Solve                     7.259       7.469       7.360
  Setup                          1.110       1.110       1.110
  Preconditioner               163.663     163.994     163.871
  Coarse Solve                  14.595      14.794      14.679
Eigenvalue Solve                 0.780       0.803       0.792
Div.-Free Projection            16.255      16.277      16.270
Estimation                       0.212       0.224       0.217
  Construction                   0.632       0.632       0.632
  Solve                          9.463       9.475       9.472
Postprocessing                   1.402       1.413       1.406
Disk IO                          0.978       0.978       0.978
--------------------------------------------------------------
Total                          219.226     219.244     219.237

Peak Memory                   Per-Node       Total   Total HWM
==============================================================
Initialization                   49.7M       49.7M       49.7M
  Mesh Preprocessing            135.0M      135.0M      184.7M
Operator Construction           830.8M      830.8M     1015.5M
Linear Solve                      1.2M        1.2M     1016.7M
  Setup                         895.3M      895.3M        1.9G
  Preconditioner                  2.8M        2.8M        1.9G
  Coarse Solve                    3.8G        3.8G        5.7G
Eigenvalue Solve                361.4M      361.4M        6.1G
Div.-Free Projection            443.3M      443.3M        6.5G
Estimation                      596.0K      596.0K        6.5G
  Construction                  408.8M      408.8M        6.9G
  Solve                           0.0K        0.0K        6.9G
Postprocessing                    0.0K        0.0K        6.9G
Disk IO                          80.6M       80.6M        7.0G
--------------------------------------------------------------
Total                             7.4G        7.4G        7.4G

