>> /opt/amip/envs/emsim/bin/mpirun -n 32 /opt/amip/palace/bin/palace-x86_64.bin e0d_y90.json

_____________     _______
_____   __   \____ __   /____ ____________
____   /_/  /  __ ` /  /  __ ` /  ___/  _ \
___   _____/  /_/  /  /  /_/  /  /__/  ___/
  /__/     \___,__/__/\___,__/\_____\_____/

Git changeset ID: v0.17.0-293-g3c83b9db0
Running with 32 MPI processes, 1 OpenMP thread
Device configuration: omp,cpu
Memory configuration: host-std
libCEED backend: /cpu/self/xsmm/blocked

Added 11822 boundary elements for material interfaces to the mesh

Characteristic length and time scales:
 Lc = 2.074e-01 m, tc = 6.918e-01 ns
Finished partitioning mesh into 32 subdomains

Mesh curvature order: 2
Mesh bounding box:
 (Xmin, Ymin, Zmin) = (-4.427e-02, -1.037e-01, -1.037e-01) m
 (Xmax, Ymax, Zmax) = (+4.427e-02, +1.037e-01, +1.037e-01) m

Parallel Mesh Stats:

                minimum     average     maximum       total
 vertices           302         450         650       14422
 edges             2603        3106        3628       99402
 faces             4853        5263        5617      168442
 elements          2538        2608        2678       83461
 neighbors            7          11          21

            minimum     maximum
 h       0.00421678    0.115181
 kappa      1.00756     14.0427

Estimated current per-rank memory usage is: Min. 33.2M, Max. 94.6M, Avg. 35.6M, Total 1.1G
Estimated current per-node memory usage is: Min. 1.1G, Max. 1.1G, Avg. 1.1G, Total 1.1G

Configuring Dirichlet PEC BC at attributes:
 90

Assembling system matrices, number of global unknowns:
 H1 (p = 2): 113824, ND (p = 2): 535688, RT (p = 2): 755709
 Operator assembly level: Partial
 Mesh geometries:
  Tetrahedron: P = 20, Q = 14 (quadrature order = 4)

Configuring SLEPc eigenvalue solver:
 Scaling γ = 9.452e+04, δ = 1.951e-04
 Configuring divergence-free projection
 Using random starting vector
 Shift-and-invert σ = 1.050e+00 GHz (4.564e+00)

Assembling multigrid hierarchy:
 Level 0 (p = 1): 99402 unknowns
 Level 1 (p = 2): 535688 unknowns
 Level 0 (auxiliary) (p = 1): 14422 unknowns
 Level 1 (auxiliary) (p = 2): 113824 unknowns

#PETSc Option Table entries:
-eps_monitor # (source: code)
#End of PETSc Option Table entries

  Residual norms for GMRES solve
  0 (restart 0) KSP residual norm 3.430194e-02
  1 (restart 0) KSP residual norm 7.200380e-04
  2 (restart 0) KSP residual norm 4.806216e-05
  3 (restart 0) KSP residual norm 7.471814e-06
  4 (restart 0) KSP residual norm 1.296622e-06
  5 (restart 0) KSP residual norm 2.466042e-07
  6 (restart 0) KSP residual norm 4.745586e-08
  7 (restart 0) KSP residual norm 9.047255e-09
  8 (restart 0) KSP residual norm 1.736287e-09
  9 (restart 0) KSP residual norm 3.150692e-10
GMRES solver converged in 9 iterations (avg. reduction factor: 1.279e-01)
  Residual norms for GMRES solve
  0 (restart 0) KSP residual norm 8.341077e+00
  1 (restart 0) KSP residual norm 5.192344e-02
  2 (restart 0) KSP residual norm 2.337807e-03
  3 (restart 0) KSP residual norm 3.384127e-04
  4 (restart 0) KSP residual norm 5.240339e-05
  5 (restart 0) KSP residual norm 1.040873e-05
  6 (restart 0) KSP residual norm 1.856201e-06
  7 (restart 0) KSP residual norm 3.448358e-07
  8 (restart 0) KSP residual norm 7.121522e-08
GMRES solver converged in 8 iterations (avg. reduction factor: 9.804e-02)
  Residual norms for GMRES solve
  0 (restart 0) KSP residual norm 1.961680e+00
  1 (restart 0) KSP residual norm 1.970310e-02
  2 (restart 0) KSP residual norm 7.507567e-04
  3 (restart 0) KSP residual norm 1.021914e-04
  4 (restart 0) KSP residual norm 1.637899e-05
  5 (restart 0) KSP residual norm 3.235742e-06
  6 (restart 0) KSP residual norm 5.724718e-07
  7 (restart 0) KSP residual norm 1.114219e-07
  8 (restart 0) KSP residual norm 2.213443e-08
  9 (restart 0) KSP residual norm 4.027386e-09
GMRES solver converged in 9 iterations (avg. reduction factor: 1.083e-01)
  Residual norms for GMRES solve
  0 (restart 0) KSP residual norm 3.791705e-01
  1 (restart 0) KSP residual norm 1.462997e-02
  2 (restart 0) KSP residual norm 6.743031e-04
  3 (restart 0) KSP residual norm 8.734787e-05
  4 (restart 0) KSP residual norm 1.412626e-05
  5 (restart 0) KSP residual norm 2.540576e-06
  6 (restart 0) KSP residual norm 4.410806e-07
  7 (restart 0) KSP residual norm 8.916000e-08
  8 (restart 0) KSP residual norm 1.756640e-08
  9 (restart 0) KSP residual norm 3.209599e-09
GMRES solver converged in 9 iterations (avg. reduction factor: 1.268e-01)
  Residual norms for GMRES solve
  0 (restart 0) KSP residual norm 5.208461e-01
  1 (restart 0) KSP residual norm 1.968984e-02
  2 (restart 0) KSP residual norm 6.390282e-04
  3 (restart 0) KSP residual norm 8.937657e-05
  4 (restart 0) KSP residual norm 1.409119e-05
  5 (restart 0) KSP residual norm 2.732817e-06
  6 (restart 0) KSP residual norm 4.790095e-07
  7 (restart 0) KSP residual norm 8.988916e-08
  8 (restart 0) KSP residual norm 1.767193e-08
  9 (restart 0) KSP residual norm 3.433030e-09
GMRES solver converged in 9 iterations (avg. reduction factor: 1.233e-01)
  Residual norms for GMRES solve
  0 (restart 0) KSP residual norm 3.805863e-01
  1 (restart 0) KSP residual norm 1.352044e-02
  2 (restart 0) KSP residual norm 6.373313e-04
  3 (restart 0) KSP residual norm 9.547004e-05
  4 (restart 0) KSP residual norm 1.526864e-05
  5 (restart 0) KSP residual norm 2.913076e-06
  6 (restart 0) KSP residual norm 5.244018e-07
  7 (restart 0) KSP residual norm 1.003034e-07
  8 (restart 0) KSP residual norm 2.012112e-08
  9 (restart 0) KSP residual norm 3.503004e-09
GMRES solver converged in 9 iterations (avg. reduction factor: 1.280e-01)
  Residual norms for GMRES solve
  0 (restart 0) KSP residual norm 8.338610e-01
  1 (restart 0) KSP residual norm 2.225941e-02
  2 (restart 0) KSP residual norm 6.945812e-04
  3 (restart 0) KSP residual norm 8.570058e-05
  4 (restart 0) KSP residual norm 1.337237e-05
  5 (restart 0) KSP residual norm 2.515486e-06
  6 (restart 0) KSP residual norm 4.435526e-07
  7 (restart 0) KSP residual norm 8.579124e-08
  8 (restart 0) KSP residual norm 1.693398e-08
  9 (restart 0) KSP residual norm 3.110536e-09
GMRES solver converged in 9 iterations (avg. reduction factor: 1.158e-01)
  Residual norms for GMRES solve
  0 (restart 0) KSP residual norm 8.055634e-01
  1 (restart 0) KSP residual norm 1.991484e-02
  2 (restart 0) KSP residual norm 6.878117e-04
  3 (restart 0) KSP residual norm 8.849732e-05
  4 (restart 0) KSP residual norm 1.404842e-05
  5 (restart 0) KSP residual norm 2.794666e-06
  6 (restart 0) KSP residual norm 5.325112e-07
  7 (restart 0) KSP residual norm 1.065086e-07
  8 (restart 0) KSP residual norm 2.057942e-08
  9 (restart 0) KSP residual norm 3.593688e-09
GMRES solver converged in 9 iterations (avg. reduction factor: 1.181e-01)
  Residual norms for GMRES solve
  0 (restart 0) KSP residual norm 6.632573e-01
  1 (restart 0) KSP residual norm 1.770464e-02
  2 (restart 0) KSP residual norm 6.430142e-04
  3 (restart 0) KSP residual norm 8.617248e-05
  4 (restart 0) KSP residual norm 1.400074e-05
  5 (restart 0) KSP residual norm 2.782840e-06
  6 (restart 0) KSP residual norm 5.299985e-07
  7 (restart 0) KSP residual norm 1.006529e-07
  8 (restart 0) KSP residual norm 1.912420e-08
  9 (restart 0) KSP residual norm 3.212708e-09
GMRES solver converged in 9 iterations (avg. reduction factor: 1.192e-01)
  Residual norms for GMRES solve
  0 (restart 0) KSP residual norm 1.285610e+00
  1 (restart 0) KSP residual norm 1.662914e-02
  2 (restart 0) KSP residual norm 6.824241e-04
  3 (restart 0) KSP residual norm 9.760061e-05
  4 (restart 0) KSP residual norm 1.552248e-05
  5 (restart 0) KSP residual norm 3.111631e-06
  6 (restart 0) KSP residual norm 5.959235e-07
  7 (restart 0) KSP residual norm 1.100763e-07
  8 (restart 0) KSP residual norm 2.089884e-08
  9 (restart 0) KSP residual norm 3.554878e-09
GMRES solver converged in 9 iterations (avg. reduction factor: 1.120e-01)
  Residual norms for GMRES solve
  0 (restart 0) KSP residual norm 9.344123e-01
  1 (restart 0) KSP residual norm 1.340702e-02
  2 (restart 0) KSP residual norm 5.867817e-04
  3 (restart 0) KSP residual norm 8.677801e-05
  4 (restart 0) KSP residual norm 1.326709e-05
  5 (restart 0) KSP residual norm 2.708771e-06
  6 (restart 0) KSP residual norm 5.212167e-07
  7 (restart 0) KSP residual norm 9.813429e-08
  8 (restart 0) KSP residual norm 1.880976e-08
  9 (restart 0) KSP residual norm 3.219948e-09
GMRES solver converged in 9 iterations (avg. reduction factor: 1.147e-01)
  Residual norms for GMRES solve
  0 (restart 0) KSP residual norm 9.085839e-01
  1 (restart 0) KSP residual norm 1.256239e-02
  2 (restart 0) KSP residual norm 5.276263e-04
  3 (restart 0) KSP residual norm 8.452684e-05
  4 (restart 0) KSP residual norm 1.437931e-05
  5 (restart 0) KSP residual norm 2.991531e-06
  6 (restart 0) KSP residual norm 5.709424e-07
  7 (restart 0) KSP residual norm 1.027745e-07
  8 (restart 0) KSP residual norm 1.878232e-08
  9 (restart 0) KSP residual norm 3.331916e-09
GMRES solver converged in 9 iterations (avg. reduction factor: 1.155e-01)
  Residual norms for GMRES solve
  0 (restart 0) KSP residual norm 1.527535e+00
  1 (restart 0) KSP residual norm 1.529149e-02
  2 (restart 0) KSP residual norm 6.147540e-04
  3 (restart 0) KSP residual norm 9.514160e-05
  4 (restart 0) KSP residual norm 1.486403e-05
  5 (restart 0) KSP residual norm 3.009657e-06
  6 (restart 0) KSP residual norm 5.582375e-07
  7 (restart 0) KSP residual norm 1.068580e-07
  8 (restart 0) KSP residual norm 2.119194e-08
  9 (restart 0) KSP residual norm 3.928138e-09
GMRES solver converged in 9 iterations (avg. reduction factor: 1.111e-01)
  Residual norms for GMRES solve
  0 (restart 0) KSP residual norm 6.327310e-01
  1 (restart 0) KSP residual norm 1.197140e-02
  2 (restart 0) KSP residual norm 5.384534e-04
  3 (restart 0) KSP residual norm 7.953258e-05
  4 (restart 0) KSP residual norm 1.442349e-05
  5 (restart 0) KSP residual norm 2.977000e-06
  6 (restart 0) KSP residual norm 5.581114e-07
  7 (restart 0) KSP residual norm 1.019946e-07
  8 (restart 0) KSP residual norm 1.790243e-08
  9 (restart 0) KSP residual norm 2.891615e-09
GMRES solver converged in 9 iterations (avg. reduction factor: 1.184e-01)
  Residual norms for GMRES solve
  0 (restart 0) KSP residual norm 6.280472e-01
  1 (restart 0) KSP residual norm 2.360828e-02
  2 (restart 0) KSP residual norm 7.015653e-04
  3 (restart 0) KSP residual norm 9.968942e-05
  4 (restart 0) KSP residual norm 1.609949e-05
  5 (restart 0) KSP residual norm 2.930210e-06
  6 (restart 0) KSP residual norm 5.088642e-07
  7 (restart 0) KSP residual norm 9.742482e-08
  8 (restart 0) KSP residual norm 1.974335e-08
  9 (restart 0) KSP residual norm 3.658799e-09
GMRES solver converged in 9 iterations (avg. reduction factor: 1.216e-01)
  Residual norms for GMRES solve
  0 (restart 0) KSP residual norm 3.442299e-01
  1 (restart 0) KSP residual norm 1.288466e-02
  2 (restart 0) KSP residual norm 5.743412e-04
  3 (restart 0) KSP residual norm 8.312600e-05
  4 (restart 0) KSP residual norm 1.264145e-05
  5 (restart 0) KSP residual norm 2.295498e-06
  6 (restart 0) KSP residual norm 4.003249e-07
  7 (restart 0) KSP residual norm 7.690980e-08
  8 (restart 0) KSP residual norm 1.550452e-08
  9 (restart 0) KSP residual norm 2.885544e-09
GMRES solver converged in 9 iterations (avg. reduction factor: 1.266e-01)
  Residual norms for GMRES solve
  0 (restart 0) KSP residual norm 8.742911e-01
  1 (restart 0) KSP residual norm 1.184960e-02
  2 (restart 0) KSP residual norm 5.268186e-04
  3 (restart 0) KSP residual norm 8.254649e-05
  4 (restart 0) KSP residual norm 1.364069e-05
  5 (restart 0) KSP residual norm 2.775830e-06
  6 (restart 0) KSP residual norm 5.424334e-07
  7 (restart 0) KSP residual norm 9.969786e-08
  8 (restart 0) KSP residual norm 1.820071e-08
  9 (restart 0) KSP residual norm 3.147107e-09
GMRES solver converged in 9 iterations (avg. reduction factor: 1.153e-01)
  Residual norms for GMRES solve
  0 (restart 0) KSP residual norm 8.644198e-01
  1 (restart 0) KSP residual norm 1.685629e-02
  2 (restart 0) KSP residual norm 6.339409e-04
  3 (restart 0) KSP residual norm 8.789744e-05
  4 (restart 0) KSP residual norm 1.413000e-05
  5 (restart 0) KSP residual norm 2.813653e-06
  6 (restart 0) KSP residual norm 5.513237e-07
  7 (restart 0) KSP residual norm 1.061591e-07
  8 (restart 0) KSP residual norm 2.058176e-08
  9 (restart 0) KSP residual norm 3.593565e-09
GMRES solver converged in 9 iterations (avg. reduction factor: 1.172e-01)
  Residual norms for GMRES solve
  0 (restart 0) KSP residual norm 4.028712e-01
  1 (restart 0) KSP residual norm 1.382353e-02
  2 (restart 0) KSP residual norm 7.343494e-04
  3 (restart 0) KSP residual norm 8.280918e-05
  4 (restart 0) KSP residual norm 1.332007e-05
  5 (restart 0) KSP residual norm 2.377811e-06
  6 (restart 0) KSP residual norm 4.371796e-07
  7 (restart 0) KSP residual norm 8.914079e-08
  8 (restart 0) KSP residual norm 1.733629e-08
  9 (restart 0) KSP residual norm 3.000430e-09
GMRES solver converged in 9 iterations (avg. reduction factor: 1.250e-01)
  Residual norms for GMRES solve
  0 (restart 0) KSP residual norm 1.162004e+00
  1 (restart 0) KSP residual norm 1.224055e-02
  2 (restart 0) KSP residual norm 5.687402e-04
  3 (restart 0) KSP residual norm 8.966670e-05
  4 (restart 0) KSP residual norm 1.455797e-05
  5 (restart 0) KSP residual norm 2.896769e-06
  6 (restart 0) KSP residual norm 5.471259e-07
  7 (restart 0) KSP residual norm 1.018773e-07
  8 (restart 0) KSP residual norm 1.897310e-08
  9 (restart 0) KSP residual norm 3.270003e-09
GMRES solver converged in 9 iterations (avg. reduction factor: 1.122e-01)
  Residual norms for GMRES solve
  0 (restart 0) KSP residual norm 2.480888e+00
  1 (restart 0) KSP residual norm 1.763026e-02
  2 (restart 0) KSP residual norm 8.200844e-04
  3 (restart 0) KSP residual norm 1.221359e-04
  4 (restart 0) KSP residual norm 1.820620e-05
  5 (restart 0) KSP residual norm 3.580054e-06
  6 (restart 0) KSP residual norm 6.359372e-07
  7 (restart 0) KSP residual norm 1.138701e-07
  8 (restart 0) KSP residual norm 2.302506e-08
GMRES solver converged in 8 iterations (avg. reduction factor: 9.907e-02)
  Residual norms for GMRES solve
  0 (restart 0) KSP residual norm 2.566888e+00
  1 (restart 0) KSP residual norm 1.832836e-02
  2 (restart 0) KSP residual norm 8.418106e-04
  3 (restart 0) KSP residual norm 1.246855e-04
  4 (restart 0) KSP residual norm 1.848460e-05
  5 (restart 0) KSP residual norm 3.584151e-06
  6 (restart 0) KSP residual norm 6.471945e-07
  7 (restart 0) KSP residual norm 1.181378e-07
  8 (restart 0) KSP residual norm 2.422852e-08
GMRES solver converged in 8 iterations (avg. reduction factor: 9.928e-02)
  Residual norms for GMRES solve
  0 (restart 0) KSP residual norm 7.739235e-01
  1 (restart 0) KSP residual norm 9.981851e-03
  2 (restart 0) KSP residual norm 4.964413e-04
  3 (restart 0) KSP residual norm 7.606292e-05
  4 (restart 0) KSP residual norm 1.346640e-05
  5 (restart 0) KSP residual norm 2.717368e-06
  6 (restart 0) KSP residual norm 5.188014e-07
  7 (restart 0) KSP residual norm 9.407041e-08
  8 (restart 0) KSP residual norm 1.687764e-08
  9 (restart 0) KSP residual norm 2.892306e-09
GMRES solver converged in 9 iterations (avg. reduction factor: 1.158e-01)
  Residual norms for GMRES solve
  0 (restart 0) KSP residual norm 3.997978e-01
  1 (restart 0) KSP residual norm 1.452566e-02
  2 (restart 0) KSP residual norm 6.487943e-04
  3 (restart 0) KSP residual norm 8.714703e-05
  4 (restart 0) KSP residual norm 1.313147e-05
  5 (restart 0) KSP residual norm 2.481525e-06
  6 (restart 0) KSP residual norm 4.643940e-07
  7 (restart 0) KSP residual norm 9.185938e-08
  8 (restart 0) KSP residual norm 1.738961e-08
  9 (restart 0) KSP residual norm 2.994036e-09
GMRES solver converged in 9 iterations (avg. reduction factor: 1.251e-01)
  Residual norms for GMRES solve
  0 (restart 0) KSP residual norm 4.288113e-01
  1 (restart 0) KSP residual norm 1.309782e-02
  2 (restart 0) KSP residual norm 5.595245e-04
  3 (restart 0) KSP residual norm 7.659870e-05
  4 (restart 0) KSP residual norm 1.225347e-05
  5 (restart 0) KSP residual norm 2.634466e-06
  6 (restart 0) KSP residual norm 5.238732e-07
  7 (restart 0) KSP residual norm 9.648381e-08
  8 (restart 0) KSP residual norm 1.790520e-08
  9 (restart 0) KSP residual norm 3.199395e-09
GMRES solver converged in 9 iterations (avg. reduction factor: 1.250e-01)
  Residual norms for GMRES solve
  0 (restart 0) KSP residual norm 2.459944e-01
  1 (restart 0) KSP residual norm 7.190797e-03
  2 (restart 0) KSP residual norm 4.252893e-04
  3 (restart 0) KSP residual norm 6.744579e-05
  4 (restart 0) KSP residual norm 1.142176e-05
  5 (restart 0) KSP residual norm 2.166238e-06
  6 (restart 0) KSP residual norm 4.115381e-07
  7 (restart 0) KSP residual norm 7.851868e-08
  8 (restart 0) KSP residual norm 1.455284e-08
  9 (restart 0) KSP residual norm 2.750522e-09
 10 (restart 0) KSP residual norm 5.110629e-10
GMRES solver converged in 10 iterations (avg. reduction factor: 1.354e-01)
  Residual norms for GMRES solve
  0 (restart 0) KSP residual norm 3.593145e-01
  1 (restart 0) KSP residual norm 8.667914e-03
  2 (restart 0) KSP residual norm 4.711456e-04
  3 (restart 0) KSP residual norm 7.185522e-05
  4 (restart 0) KSP residual norm 1.208983e-05
  5 (restart 0) KSP residual norm 2.367561e-06
  6 (restart 0) KSP residual norm 4.664283e-07
  7 (restart 0) KSP residual norm 8.929205e-08
  8 (restart 0) KSP residual norm 1.720454e-08
  9 (restart 0) KSP residual norm 3.059653e-09
GMRES solver converged in 9 iterations (avg. reduction factor: 1.269e-01)
  Residual norms for GMRES solve
  0 (restart 0) KSP residual norm 2.363068e-01
  1 (restart 0) KSP residual norm 8.513525e-03
  2 (restart 0) KSP residual norm 4.757243e-04
  3 (restart 0) KSP residual norm 6.918798e-05
  4 (restart 0) KSP residual norm 1.115465e-05
  5 (restart 0) KSP residual norm 2.161249e-06
  6 (restart 0) KSP residual norm 4.200775e-07
  7 (restart 0) KSP residual norm 8.140870e-08
  8 (restart 0) KSP residual norm 1.592479e-08
  9 (restart 0) KSP residual norm 2.894719e-09
 10 (restart 0) KSP residual norm 5.284810e-10
GMRES solver converged in 10 iterations (avg. reduction factor: 1.364e-01)
  Residual norms for GMRES solve
  0 (restart 0) KSP residual norm 2.790106e-01
  1 (restart 0) KSP residual norm 1.093230e-02
  2 (restart 0) KSP residual norm 5.074112e-04
  3 (restart 0) KSP residual norm 7.784609e-05
  4 (restart 0) KSP residual norm 1.324302e-05
  5 (restart 0) KSP residual norm 2.574841e-06
  6 (restart 0) KSP residual norm 4.758569e-07
  7 (restart 0) KSP residual norm 9.258948e-08
  8 (restart 0) KSP residual norm 1.754581e-08
  9 (restart 0) KSP residual norm 3.138436e-09
 10 (restart 0) KSP residual norm 5.713345e-10
GMRES solver converged in 10 iterations (avg. reduction factor: 1.352e-01)
  Residual norms for GMRES solve
  0 (restart 0) KSP residual norm 2.167997e-01
  1 (restart 0) KSP residual norm 8.358011e-03
  2 (restart 0) KSP residual norm 4.919202e-04
  3 (restart 0) KSP residual norm 7.444038e-05
  4 (restart 0) KSP residual norm 1.279643e-05
  5 (restart 0) KSP residual norm 2.555039e-06
  6 (restart 0) KSP residual norm 4.918173e-07
  7 (restart 0) KSP residual norm 9.081109e-08
  8 (restart 0) KSP residual norm 1.637376e-08
  9 (restart 0) KSP residual norm 2.786478e-09
 10 (restart 0) KSP residual norm 4.942168e-10
GMRES solver converged in 10 iterations (avg. reduction factor: 1.367e-01)
  Residual norms for GMRES solve
  0 (restart 0) KSP residual norm 1.712004e-01
  1 (restart 0) KSP residual norm 7.249293e-03
  2 (restart 0) KSP residual norm 4.688074e-04
  3 (restart 0) KSP residual norm 7.285720e-05
  4 (restart 0) KSP residual norm 1.217043e-05
  5 (restart 0) KSP residual norm 2.292604e-06
  6 (restart 0) KSP residual norm 4.232106e-07
  7 (restart 0) KSP residual norm 7.654014e-08
  8 (restart 0) KSP residual norm 1.482688e-08
  9 (restart 0) KSP residual norm 2.958990e-09
 10 (restart 0) KSP residual norm 5.428002e-10
GMRES solver converged in 10 iterations (avg. reduction factor: 1.413e-01)
  Residual norms for GMRES solve
  0 (restart 0) KSP residual norm 4.096783e-01
  1 (restart 0) KSP residual norm 1.243783e-02
  2 (restart 0) KSP residual norm 5.228106e-04
  3 (restart 0) KSP residual norm 8.052207e-05
  4 (restart 0) KSP residual norm 1.321687e-05
  5 (restart 0) KSP residual norm 2.530898e-06
  6 (restart 0) KSP residual norm 4.609382e-07
  7 (restart 0) KSP residual norm 9.068747e-08
  8 (restart 0) KSP residual norm 1.754768e-08
  9 (restart 0) KSP residual norm 3.180986e-09
GMRES solver converged in 9 iterations (avg. reduction factor: 1.256e-01)
  Residual norms for GMRES solve
  0 (restart 0) KSP residual norm 4.321991e-01
  1 (restart 0) KSP residual norm 8.326594e-03
  2 (restart 0) KSP residual norm 4.715082e-04
  3 (restart 0) KSP residual norm 6.899523e-05
  4 (restart 0) KSP residual norm 1.117947e-05
  5 (restart 0) KSP residual norm 2.234191e-06
  6 (restart 0) KSP residual norm 4.436153e-07
  7 (restart 0) KSP residual norm 8.233997e-08
  8 (restart 0) KSP residual norm 1.562556e-08
  9 (restart 0) KSP residual norm 2.854750e-09
GMRES solver converged in 9 iterations (avg. reduction factor: 1.233e-01)
  Residual norms for GMRES solve
  0 (restart 0) KSP residual norm 3.404097e-01
  1 (restart 0) KSP residual norm 7.331545e-03
  2 (restart 0) KSP residual norm 4.258415e-04
  3 (restart 0) KSP residual norm 6.776352e-05
  4 (restart 0) KSP residual norm 1.112466e-05
  5 (restart 0) KSP residual norm 2.102592e-06
  6 (restart 0) KSP residual norm 4.163426e-07
  7 (restart 0) KSP residual norm 8.068912e-08
  8 (restart 0) KSP residual norm 1.545436e-08
  9 (restart 0) KSP residual norm 2.751442e-09
GMRES solver converged in 9 iterations (avg. reduction factor: 1.261e-01)
  Residual norms for GMRES solve
  0 (restart 0) KSP residual norm 3.333748e-01
  1 (restart 0) KSP residual norm 8.545568e-03
  2 (restart 0) KSP residual norm 4.552864e-04
  3 (restart 0) KSP residual norm 7.380596e-05
  4 (restart 0) KSP residual norm 1.199201e-05
  5 (restart 0) KSP residual norm 2.257346e-06
  6 (restart 0) KSP residual norm 4.031257e-07
  7 (restart 0) KSP residual norm 7.531716e-08
  8 (restart 0) KSP residual norm 1.494387e-08
  9 (restart 0) KSP residual norm 2.804207e-09
GMRES solver converged in 9 iterations (avg. reduction factor: 1.267e-01)
  Residual norms for GMRES solve
  0 (restart 0) KSP residual norm 8.469299e-02
  1 (restart 0) KSP residual norm 4.847415e-03
  2 (restart 0) KSP residual norm 3.788046e-04
  3 (restart 0) KSP residual norm 6.477472e-05
  4 (restart 0) KSP residual norm 1.121580e-05
  5 (restart 0) KSP residual norm 2.086592e-06
  6 (restart 0) KSP residual norm 3.767181e-07
  7 (restart 0) KSP residual norm 6.987413e-08
  8 (restart 0) KSP residual norm 1.408601e-08
  9 (restart 0) KSP residual norm 2.773482e-09
 10 (restart 0) KSP residual norm 5.040067e-10
GMRES solver converged in 10 iterations (avg. reduction factor: 1.505e-01)
  Residual norms for GMRES solve
  0 (restart 0) KSP residual norm 3.768595e-01
  1 (restart 0) KSP residual norm 7.599920e-03
  2 (restart 0) KSP residual norm 4.434398e-04
  3 (restart 0) KSP residual norm 7.055711e-05
  4 (restart 0) KSP residual norm 1.178984e-05
  5 (restart 0) KSP residual norm 2.460674e-06
  6 (restart 0) KSP residual norm 5.026846e-07
  7 (restart 0) KSP residual norm 9.301536e-08
  8 (restart 0) KSP residual norm 1.675118e-08
  9 (restart 0) KSP residual norm 3.059891e-09
GMRES solver converged in 9 iterations (avg. reduction factor: 1.262e-01)
  Residual norms for GMRES solve
  0 (restart 0) KSP residual norm 1.690623e-01
  1 (restart 0) KSP residual norm 6.816099e-03
  2 (restart 0) KSP residual norm 4.964701e-04
  3 (restart 0) KSP residual norm 8.138538e-05
  4 (restart 0) KSP residual norm 1.274309e-05
  5 (restart 0) KSP residual norm 2.448991e-06
  6 (restart 0) KSP residual norm 4.725082e-07
  7 (restart 0) KSP residual norm 9.081260e-08
  8 (restart 0) KSP residual norm 1.734835e-08
  9 (restart 0) KSP residual norm 3.158844e-09
 10 (restart 0) KSP residual norm 5.879810e-10
GMRES solver converged in 10 iterations (avg. reduction factor: 1.426e-01)
  Residual norms for GMRES solve
  0 (restart 0) KSP residual norm 5.116173e-01
  1 (restart 0) KSP residual norm 7.583690e-03
  2 (restart 0) KSP residual norm 4.561316e-04
  3 (restart 0) KSP residual norm 7.177727e-05
  4 (restart 0) KSP residual norm 1.212345e-05
  5 (restart 0) KSP residual norm 2.325913e-06
  6 (restart 0) KSP residual norm 4.570708e-07
  7 (restart 0) KSP residual norm 8.562429e-08
  8 (restart 0) KSP residual norm 1.677321e-08
  9 (restart 0) KSP residual norm 3.150879e-09
GMRES solver converged in 9 iterations (avg. reduction factor: 1.224e-01)
  Residual norms for GMRES solve
  0 (restart 0) KSP residual norm 4.466645e-01
  1 (restart 0) KSP residual norm 7.609804e-03
  2 (restart 0) KSP residual norm 4.384095e-04
  3 (restart 0) KSP residual norm 7.306256e-05
  4 (restart 0) KSP residual norm 1.159398e-05
  5 (restart 0) KSP residual norm 2.194942e-06
  6 (restart 0) KSP residual norm 4.148392e-07
  7 (restart 0) KSP residual norm 7.287976e-08
  8 (restart 0) KSP residual norm 1.369273e-08
  9 (restart 0) KSP residual norm 2.723894e-09
GMRES solver converged in 9 iterations (avg. reduction factor: 1.222e-01)
  Residual norms for GMRES solve
  0 (restart 0) KSP residual norm 2.253629e-01
  1 (restart 0) KSP residual norm 7.838472e-03
  2 (restart 0) KSP residual norm 4.793622e-04
  3 (restart 0) KSP residual norm 7.280425e-05
  4 (restart 0) KSP residual norm 1.223207e-05
  5 (restart 0) KSP residual norm 2.533155e-06
  6 (restart 0) KSP residual norm 5.134897e-07
  7 (restart 0) KSP residual norm 9.571029e-08
  8 (restart 0) KSP residual norm 1.706088e-08
  9 (restart 0) KSP residual norm 3.006584e-09
 10 (restart 0) KSP residual norm 5.582493e-10
GMRES solver converged in 10 iterations (avg. reduction factor: 1.378e-01)
  Residual norms for GMRES solve
  0 (restart 0) KSP residual norm 2.990262e-01
  1 (restart 0) KSP residual norm 8.474870e-03
  2 (restart 0) KSP residual norm 4.910108e-04
  3 (restart 0) KSP residual norm 7.284762e-05
  4 (restart 0) KSP residual norm 1.143010e-05
  5 (restart 0) KSP residual norm 2.232617e-06
  6 (restart 0) KSP residual norm 4.334087e-07
  7 (restart 0) KSP residual norm 8.231565e-08
  8 (restart 0) KSP residual norm 1.537844e-08
  9 (restart 0) KSP residual norm 2.675261e-09
GMRES solver converged in 9 iterations (avg. reduction factor: 1.276e-01)
  Residual norms for GMRES solve
  0 (restart 0) KSP residual norm 2.971442e-01
  1 (restart 0) KSP residual norm 1.024005e-02
  2 (restart 0) KSP residual norm 5.206048e-04
  3 (restart 0) KSP residual norm 7.830351e-05
  4 (restart 0) KSP residual norm 1.245265e-05
  5 (restart 0) KSP residual norm 2.234569e-06
  6 (restart 0) KSP residual norm 3.905950e-07
  7 (restart 0) KSP residual norm 7.713514e-08
  8 (restart 0) KSP residual norm 1.563173e-08
  9 (restart 0) KSP residual norm 2.807314e-09
GMRES solver converged in 9 iterations (avg. reduction factor: 1.283e-01)
  Residual norms for GMRES solve
  0 (restart 0) KSP residual norm 1.391702e-01
  1 (restart 0) KSP residual norm 4.988584e-03
  2 (restart 0) KSP residual norm 4.501180e-04
  3 (restart 0) KSP residual norm 7.084348e-05
  4 (restart 0) KSP residual norm 1.145637e-05
  5 (restart 0) KSP residual norm 2.188765e-06
  6 (restart 0) KSP residual norm 4.015710e-07
  7 (restart 0) KSP residual norm 7.905064e-08
  8 (restart 0) KSP residual norm 1.598338e-08
  9 (restart 0) KSP residual norm 2.984515e-09
 10 (restart 0) KSP residual norm 5.214451e-10
GMRES solver converged in 10 iterations (avg. reduction factor: 1.437e-01)
  1 EPS nconv=8 first unconverged value (error) 0.00111623-1.71978e-13i (1.59207106e-07)
  Residual norms for GMRES solve
  0 (restart 0) KSP residual norm 4.643994e-01
  1 (restart 0) KSP residual norm 6.805427e-03
  2 (restart 0) KSP residual norm 4.225582e-04
  3 (restart 0) KSP residual norm 6.790968e-05
  4 (restart 0) KSP residual norm 1.127491e-05
  5 (restart 0) KSP residual norm 2.159200e-06
  6 (restart 0) KSP residual norm 4.170703e-07
  7 (restart 0) KSP residual norm 7.728141e-08
  8 (restart 0) KSP residual norm 1.453446e-08
  9 (restart 0) KSP residual norm 2.542733e-09
GMRES solver converged in 9 iterations (avg. reduction factor: 1.208e-01)
  Residual norms for GMRES solve
  0 (restart 0) KSP residual norm 5.594500e-01
  1 (restart 0) KSP residual norm 6.696440e-03
  2 (restart 0) KSP residual norm 3.713010e-04
  3 (restart 0) KSP residual norm 6.321011e-05
  4 (restart 0) KSP residual norm 1.025508e-05
  5 (restart 0) KSP residual norm 2.101524e-06
  6 (restart 0) KSP residual norm 4.091821e-07
  7 (restart 0) KSP residual norm 7.660972e-08
  8 (restart 0) KSP residual norm 1.457372e-08
  9 (restart 0) KSP residual norm 2.720269e-09
GMRES solver converged in 9 iterations (avg. reduction factor: 1.192e-01)
  Residual norms for GMRES solve
  0 (restart 0) KSP residual norm 1.602079e-01
  1 (restart 0) KSP residual norm 5.499589e-03
  2 (restart 0) KSP residual norm 3.499180e-04
  3 (restart 0) KSP residual norm 5.989403e-05
  4 (restart 0) KSP residual norm 9.884105e-06
  5 (restart 0) KSP residual norm 1.868330e-06
  6 (restart 0) KSP residual norm 3.565239e-07
  7 (restart 0) KSP residual norm 6.883160e-08
  8 (restart 0) KSP residual norm 1.307406e-08
  9 (restart 0) KSP residual norm 2.451589e-09
 10 (restart 0) KSP residual norm 4.461338e-10
GMRES solver converged in 10 iterations (avg. reduction factor: 1.395e-01)
  Residual norms for GMRES solve
  0 (restart 0) KSP residual norm 4.835258e-01
  1 (restart 0) KSP residual norm 6.655322e-03
  2 (restart 0) KSP residual norm 4.107969e-04
  3 (restart 0) KSP residual norm 7.145441e-05
  4 (restart 0) KSP residual norm 1.244878e-05
  5 (restart 0) KSP residual norm 2.287026e-06
  6 (restart 0) KSP residual norm 4.119996e-07
  7 (restart 0) KSP residual norm 7.772620e-08
  8 (restart 0) KSP residual norm 1.562537e-08
  9 (restart 0) KSP residual norm 2.998765e-09
GMRES solver converged in 9 iterations (avg. reduction factor: 1.225e-01)
  Residual norms for GMRES solve
  0 (restart 0) KSP residual norm 8.831976e-02
  1 (restart 0) KSP residual norm 4.339429e-03
  2 (restart 0) KSP residual norm 3.588319e-04
  3 (restart 0) KSP residual norm 6.157129e-05
  4 (restart 0) KSP residual norm 1.012174e-05
  5 (restart 0) KSP residual norm 1.945717e-06
  6 (restart 0) KSP residual norm 3.674352e-07
  7 (restart 0) KSP residual norm 7.197700e-08
  8 (restart 0) KSP residual norm 1.403317e-08
  9 (restart 0) KSP residual norm 2.657275e-09
 10 (restart 0) KSP residual norm 4.683540e-10
GMRES solver converged in 10 iterations (avg. reduction factor: 1.487e-01)
  Residual norms for GMRES solve
  0 (restart 0) KSP residual norm 4.904616e-01
  1 (restart 0) KSP residual norm 8.648680e-03
  2 (restart 0) KSP residual norm 4.343467e-04
  3 (restart 0) KSP residual norm 7.258960e-05
  4 (restart 0) KSP residual norm 1.179873e-05
  5 (restart 0) KSP residual norm 2.171837e-06
  6 (restart 0) KSP residual norm 4.165291e-07
  7 (restart 0) KSP residual norm 8.280150e-08
  8 (restart 0) KSP residual norm 1.597166e-08
  9 (restart 0) KSP residual norm 2.901880e-09
GMRES solver converged in 9 iterations (avg. reduction factor: 1.218e-01)
  Residual norms for GMRES solve
  0 (restart 0) KSP residual norm 1.768713e-01
  1 (restart 0) KSP residual norm 7.002253e-03
  2 (restart 0) KSP residual norm 4.085204e-04
  3 (restart 0) KSP residual norm 6.976229e-05
  4 (restart 0) KSP residual norm 1.173450e-05
  5 (restart 0) KSP residual norm 2.167214e-06
  6 (restart 0) KSP residual norm 4.242185e-07
  7 (restart 0) KSP residual norm 8.394900e-08
  8 (restart 0) KSP residual norm 1.600625e-08
  9 (restart 0) KSP residual norm 2.824872e-09
 10 (restart 0) KSP residual norm 4.942241e-10
GMRES solver converged in 10 iterations (avg. reduction factor: 1.395e-01)
  Residual norms for GMRES solve
  0 (restart 0) KSP residual norm 3.899446e-01
  1 (restart 0) KSP residual norm 6.360671e-03
  2 (restart 0) KSP residual norm 4.283682e-04
  3 (restart 0) KSP residual norm 6.997790e-05
  4 (restart 0) KSP residual norm 1.161109e-05
  5 (restart 0) KSP residual norm 2.053726e-06
  6 (restart 0) KSP residual norm 3.617022e-07
  7 (restart 0) KSP residual norm 6.370422e-08
  8 (restart 0) KSP residual norm 1.164323e-08
  9 (restart 0) KSP residual norm 2.214024e-09
GMRES solver converged in 9 iterations (avg. reduction factor: 1.213e-01)
  Residual norms for GMRES solve
  0 (restart 0) KSP residual norm 3.533803e-01
  1 (restart 0) KSP residual norm 7.421410e-03
  2 (restart 0) KSP residual norm 4.568288e-04
  3 (restart 0) KSP residual norm 7.152327e-05
  4 (restart 0) KSP residual norm 1.168637e-05
  5 (restart 0) KSP residual norm 2.222383e-06
  6 (restart 0) KSP residual norm 4.157279e-07
  7 (restart 0) KSP residual norm 7.863029e-08
  8 (restart 0) KSP residual norm 1.547593e-08
  9 (restart 0) KSP residual norm 2.928074e-09
GMRES solver converged in 9 iterations (avg. reduction factor: 1.265e-01)
  Residual norms for GMRES solve
  0 (restart 0) KSP residual norm 2.636356e-01
  1 (restart 0) KSP residual norm 6.757993e-03
  2 (restart 0) KSP residual norm 4.315801e-04
  3 (restart 0) KSP residual norm 6.619836e-05
  4 (restart 0) KSP residual norm 1.064925e-05
  5 (restart 0) KSP residual norm 2.037236e-06
  6 (restart 0) KSP residual norm 3.863034e-07
  7 (restart 0) KSP residual norm 7.480710e-08
  8 (restart 0) KSP residual norm 1.469005e-08
  9 (restart 0) KSP residual norm 2.675335e-09
 10 (restart 0) KSP residual norm 4.888069e-10
GMRES solver converged in 10 iterations (avg. reduction factor: 1.339e-01)
  Residual norms for GMRES solve
  0 (restart 0) KSP residual norm 2.223198e-01
  1 (restart 0) KSP residual norm 7.420538e-03
  2 (restart 0) KSP residual norm 4.278006e-04
  3 (restart 0) KSP residual norm 7.122448e-05
  4 (restart 0) KSP residual norm 1.237600e-05
  5 (restart 0) KSP residual norm 2.547657e-06
  6 (restart 0) KSP residual norm 4.974199e-07
  7 (restart 0) KSP residual norm 8.998047e-08
  8 (restart 0) KSP residual norm 1.657464e-08
  9 (restart 0) KSP residual norm 3.065583e-09
 10 (restart 0) KSP residual norm 5.705031e-10
GMRES solver converged in 10 iterations (avg. reduction factor: 1.383e-01)
  Residual norms for GMRES solve
  0 (restart 0) KSP residual norm 5.609634e-01
  1 (restart 0) KSP residual norm 8.123124e-03
  2 (restart 0) KSP residual norm 4.605223e-04
  3 (restart 0) KSP residual norm 6.946767e-05
  4 (restart 0) KSP residual norm 1.171489e-05
  5 (restart 0) KSP residual norm 2.347927e-06
  6 (restart 0) KSP residual norm 4.672321e-07
  7 (restart 0) KSP residual norm 8.485192e-08
  8 (restart 0) KSP residual norm 1.547393e-08
  9 (restart 0) KSP residual norm 2.879060e-09
GMRES solver converged in 9 iterations (avg. reduction factor: 1.199e-01)
  Residual norms for GMRES solve
  0 (restart 0) KSP residual norm 3.155273e-01
  1 (restart 0) KSP residual norm 7.016585e-03
  2 (restart 0) KSP residual norm 4.623251e-04
  3 (restart 0) KSP residual norm 7.067676e-05
  4 (restart 0) KSP residual norm 1.201348e-05
  5 (restart 0) KSP residual norm 2.542261e-06
  6 (restart 0) KSP residual norm 4.990898e-07
  7 (restart 0) KSP residual norm 8.542369e-08
  8 (restart 0) KSP residual norm 1.520580e-08
  9 (restart 0) KSP residual norm 2.640494e-09
GMRES solver converged in 9 iterations (avg. reduction factor: 1.266e-01)
  Residual norms for GMRES solve
  0 (restart 0) KSP residual norm 4.659319e-01
  1 (restart 0) KSP residual norm 6.512052e-03
  2 (restart 0) KSP residual norm 4.449450e-04
  3 (restart 0) KSP residual norm 7.010919e-05
  4 (restart 0) KSP residual norm 1.194863e-05
  5 (restart 0) KSP residual norm 2.452972e-06
  6 (restart 0) KSP residual norm 4.776724e-07
  7 (restart 0) KSP residual norm 8.687026e-08
  8 (restart 0) KSP residual norm 1.567769e-08
  9 (restart 0) KSP residual norm 2.912480e-09
GMRES solver converged in 9 iterations (avg. reduction factor: 1.226e-01)
  Residual norms for GMRES solve
  0 (restart 0) KSP residual norm 1.013432e+00
  1 (restart 0) KSP residual norm 8.790789e-03
  2 (restart 0) KSP residual norm 4.948362e-04
  3 (restart 0) KSP residual norm 7.729211e-05
  4 (restart 0) KSP residual norm 1.172228e-05
  5 (restart 0) KSP residual norm 2.287066e-06
  6 (restart 0) KSP residual norm 4.471654e-07
  7 (restart 0) KSP residual norm 8.580110e-08
  8 (restart 0) KSP residual norm 1.689275e-08
  9 (restart 0) KSP residual norm 3.129360e-09
GMRES solver converged in 9 iterations (avg. reduction factor: 1.133e-01)
  Residual norms for GMRES solve
  0 (restart 0) KSP residual norm 6.526747e-01
  1 (restart 0) KSP residual norm 6.752771e-03
  2 (restart 0) KSP residual norm 4.245952e-04
  3 (restart 0) KSP residual norm 7.002890e-05
  4 (restart 0) KSP residual norm 1.072326e-05
  5 (restart 0) KSP residual norm 2.016774e-06
  6 (restart 0) KSP residual norm 3.941337e-07
  7 (restart 0) KSP residual norm 7.453639e-08
  8 (restart 0) KSP residual norm 1.433160e-08
  9 (restart 0) KSP residual norm 2.750467e-09
GMRES solver converged in 9 iterations (avg. reduction factor: 1.173e-01)
  Residual norms for GMRES solve
  0 (restart 0) KSP residual norm 2.875521e-01
  1 (restart 0) KSP residual norm 6.815327e-03
  2 (restart 0) KSP residual norm 3.949433e-04
  3 (restart 0) KSP residual norm 6.455561e-05
  4 (restart 0) KSP residual norm 1.055227e-05
  5 (restart 0) KSP residual norm 1.944588e-06
  6 (restart 0) KSP residual norm 3.706620e-07
  7 (restart 0) KSP residual norm 6.919005e-08
  8 (restart 0) KSP residual norm 1.348996e-08
  9 (restart 0) KSP residual norm 2.571888e-09
GMRES solver converged in 9 iterations (avg. reduction factor: 1.276e-01)
  Residual norms for GMRES solve
  0 (restart 0) KSP residual norm 4.690319e-01
  1 (restart 0) KSP residual norm 8.732665e-03
  2 (restart 0) KSP residual norm 4.334767e-04
  3 (restart 0) KSP residual norm 7.477801e-05
  4 (restart 0) KSP residual norm 1.271244e-05
  5 (restart 0) KSP residual norm 2.564510e-06
  6 (restart 0) KSP residual norm 5.119771e-07
  7 (restart 0) KSP residual norm 9.379031e-08
  8 (restart 0) KSP residual norm 1.675068e-08
  9 (restart 0) KSP residual norm 2.989407e-09
GMRES solver converged in 9 iterations (avg. reduction factor: 1.229e-01)
  2 EPS nconv=16 first unconverged value (error) 0.00168936-1.06633e-09i (8.97416568e-05)
  Residual norms for GMRES solve
  0 (restart 0) KSP residual norm 3.343429e-01
  1 (restart 0) KSP residual norm 7.819046e-03
  2 (restart 0) KSP residual norm 4.122666e-04
  3 (restart 0) KSP residual norm 6.991892e-05
  4 (restart 0) KSP residual norm 1.210384e-05
  5 (restart 0) KSP residual norm 2.410278e-06
  6 (restart 0) KSP residual norm 4.646823e-07
  7 (restart 0) KSP residual norm 8.511809e-08
  8 (restart 0) KSP residual norm 1.535077e-08
  9 (restart 0) KSP residual norm 2.825714e-09
GMRES solver converged in 9 iterations (avg. reduction factor: 1.268e-01)
  Residual norms for GMRES solve
  0 (restart 0) KSP residual norm 1.561897e-01
  1 (restart 0) KSP residual norm 5.228026e-03
  2 (restart 0) KSP residual norm 3.405376e-04
  3 (restart 0) KSP residual norm 5.591861e-05
  4 (restart 0) KSP residual norm 8.934421e-06
  5 (restart 0) KSP residual norm 1.672038e-06
  6 (restart 0) KSP residual norm 3.235221e-07
  7 (restart 0) KSP residual norm 6.071535e-08
  8 (restart 0) KSP residual norm 1.168993e-08
  9 (restart 0) KSP residual norm 2.263528e-09
 10 (restart 0) KSP residual norm 4.121493e-10
GMRES solver converged in 10 iterations (avg. reduction factor: 1.387e-01)
  Residual norms for GMRES solve
  0 (restart 0) KSP residual norm 5.403770e-01
  1 (restart 0) KSP residual norm 6.178309e-03
  2 (restart 0) KSP residual norm 3.782339e-04
  3 (restart 0) KSP residual norm 5.859037e-05
  4 (restart 0) KSP residual norm 8.992607e-06
  5 (restart 0) KSP residual norm 1.669428e-06
  6 (restart 0) KSP residual norm 3.214505e-07
  7 (restart 0) KSP residual norm 6.172427e-08
  8 (restart 0) KSP residual norm 1.167367e-08
  9 (restart 0) KSP residual norm 2.161934e-09
GMRES solver converged in 9 iterations (avg. reduction factor: 1.167e-01)
  Residual norms for GMRES solve
  0 (restart 0) KSP residual norm 7.281936e-01
  1 (restart 0) KSP residual norm 7.278197e-03
  2 (restart 0) KSP residual norm 4.612734e-04
  3 (restart 0) KSP residual norm 7.127657e-05
  4 (restart 0) KSP residual norm 1.114021e-05
  5 (restart 0) KSP residual norm 2.067719e-06
  6 (restart 0) KSP residual norm 3.904324e-07
  7 (restart 0) KSP residual norm 7.555348e-08
  8 (restart 0) KSP residual norm 1.481300e-08
  9 (restart 0) KSP residual norm 2.760106e-09
GMRES solver converged in 9 iterations (avg. reduction factor: 1.160e-01)
  Residual norms for GMRES solve
  0 (restart 0) KSP residual norm 5.304803e-01
  1 (restart 0) KSP residual norm 8.250759e-03
  2 (restart 0) KSP residual norm 5.129143e-04
  3 (restart 0) KSP residual norm 7.837319e-05
  4 (restart 0) KSP residual norm 1.352258e-05
  5 (restart 0) KSP residual norm 2.824212e-06
  6 (restart 0) KSP residual norm 5.461949e-07
  7 (restart 0) KSP residual norm 9.811755e-08
  8 (restart 0) KSP residual norm 1.733778e-08
  9 (restart 0) KSP residual norm 3.056235e-09
GMRES solver converged in 9 iterations (avg. reduction factor: 1.215e-01)
  Residual norms for GMRES solve
  0 (restart 0) KSP residual norm 3.031271e-01
  1 (restart 0) KSP residual norm 8.839937e-03
  2 (restart 0) KSP residual norm 5.036261e-04
  3 (restart 0) KSP residual norm 7.553683e-05
  4 (restart 0) KSP residual norm 1.335739e-05
  5 (restart 0) KSP residual norm 2.852124e-06
  6 (restart 0) KSP residual norm 5.528698e-07
  7 (restart 0) KSP residual norm 9.589805e-08
  8 (restart 0) KSP residual norm 1.630709e-08
  9 (restart 0) KSP residual norm 2.740686e-09
GMRES solver converged in 9 iterations (avg. reduction factor: 1.277e-01)
  Residual norms for GMRES solve
  0 (restart 0) KSP residual norm 5.470717e-01
  1 (restart 0) KSP residual norm 8.212039e-03
  2 (restart 0) KSP residual norm 5.011416e-04
  3 (restart 0) KSP residual norm 7.756523e-05
  4 (restart 0) KSP residual norm 1.249263e-05
  5 (restart 0) KSP residual norm 2.379612e-06
  6 (restart 0) KSP residual norm 4.573261e-07
  7 (restart 0) KSP residual norm 8.541924e-08
  8 (restart 0) KSP residual norm 1.674313e-08
  9 (restart 0) KSP residual norm 3.139771e-09
GMRES solver converged in 9 iterations (avg. reduction factor: 1.214e-01)
  Residual norms for GMRES solve
  0 (restart 0) KSP residual norm 2.589313e-01
  1 (restart 0) KSP residual norm 6.473987e-03
  2 (restart 0) KSP residual norm 4.272909e-04
  3 (restart 0) KSP residual norm 7.207592e-05
  4 (restart 0) KSP residual norm 1.315992e-05
  5 (restart 0) KSP residual norm 2.700614e-06
  6 (restart 0) KSP residual norm 5.156735e-07
  7 (restart 0) KSP residual norm 9.109144e-08
  8 (restart 0) KSP residual norm 1.651470e-08
  9 (restart 0) KSP residual norm 2.963677e-09
 10 (restart 0) KSP residual norm 5.451309e-10
GMRES solver converged in 10 iterations (avg. reduction factor: 1.356e-01)
  Residual norms for GMRES solve
  0 (restart 0) KSP residual norm 4.332150e-01
  1 (restart 0) KSP residual norm 6.321059e-03
  2 (restart 0) KSP residual norm 4.030653e-04
  3 (restart 0) KSP residual norm 6.655795e-05
  4 (restart 0) KSP residual norm 1.128480e-05
  5 (restart 0) KSP residual norm 2.092289e-06
  6 (restart 0) KSP residual norm 3.973762e-07
  7 (restart 0) KSP residual norm 7.733978e-08
  8 (restart 0) KSP residual norm 1.488919e-08
  9 (restart 0) KSP residual norm 2.686551e-09
GMRES solver converged in 9 iterations (avg. reduction factor: 1.225e-01)
  Residual norms for GMRES solve
  0 (restart 0) KSP residual norm 1.452468e-01
  1 (restart 0) KSP residual norm 5.397812e-03
  2 (restart 0) KSP residual norm 3.609323e-04
  3 (restart 0) KSP residual norm 6.272441e-05
  4 (restart 0) KSP residual norm 1.039207e-05
  5 (restart 0) KSP residual norm 1.923698e-06
  6 (restart 0) KSP residual norm 3.542170e-07
  7 (restart 0) KSP residual norm 6.664316e-08
  8 (restart 0) KSP residual norm 1.330789e-08
  9 (restart 0) KSP residual norm 2.592248e-09
 10 (restart 0) KSP residual norm 4.726598e-10
GMRES solver converged in 10 iterations (avg. reduction factor: 1.417e-01)
  Residual norms for GMRES solve
  0 (restart 0) KSP residual norm 4.169870e-01
  1 (restart 0) KSP residual norm 6.203640e-03
  2 (restart 0) KSP residual norm 3.909934e-04
  3 (restart 0) KSP residual norm 6.750960e-05
  4 (restart 0) KSP residual norm 1.131743e-05
  5 (restart 0) KSP residual norm 2.068484e-06
  6 (restart 0) KSP residual norm 3.886225e-07
  7 (restart 0) KSP residual norm 7.469887e-08
  8 (restart 0) KSP residual norm 1.471874e-08
  9 (restart 0) KSP residual norm 2.807101e-09
GMRES solver converged in 9 iterations (avg. reduction factor: 1.236e-01)
  Residual norms for GMRES solve
  0 (restart 0) KSP residual norm 4.752081e-01
  1 (restart 0) KSP residual norm 6.611417e-03
  2 (restart 0) KSP residual norm 4.207920e-04
  3 (restart 0) KSP residual norm 7.405230e-05
  4 (restart 0) KSP residual norm 1.295295e-05
  5 (restart 0) KSP residual norm 2.416170e-06
  6 (restart 0) KSP residual norm 4.875432e-07
  7 (restart 0) KSP residual norm 9.584071e-08
  8 (restart 0) KSP residual norm 1.763672e-08
  9 (restart 0) KSP residual norm 3.110700e-09
GMRES solver converged in 9 iterations (avg. reduction factor: 1.232e-01)
  Residual norms for GMRES solve
  0 (restart 0) KSP residual norm 2.902534e-01
  1 (restart 0) KSP residual norm 5.421681e-03
  2 (restart 0) KSP residual norm 3.741234e-04
  3 (restart 0) KSP residual norm 6.530422e-05
  4 (restart 0) KSP residual norm 1.123293e-05
  5 (restart 0) KSP residual norm 2.190259e-06
  6 (restart 0) KSP residual norm 4.341468e-07
  7 (restart 0) KSP residual norm 8.307529e-08
  8 (restart 0) KSP residual norm 1.528399e-08
  9 (restart 0) KSP residual norm 2.732050e-09
GMRES solver converged in 9 iterations (avg. reduction factor: 1.283e-01)
  Residual norms for GMRES solve
  0 (restart 0) KSP residual norm 5.125391e-01
  1 (restart 0) KSP residual norm 6.622733e-03
  2 (restart 0) KSP residual norm 4.250115e-04
  3 (restart 0) KSP residual norm 7.270396e-05
  4 (restart 0) KSP residual norm 1.219760e-05
  5 (restart 0) KSP residual norm 2.245284e-06
  6 (restart 0) KSP residual norm 4.015800e-07
  7 (restart 0) KSP residual norm 6.677934e-08
  8 (restart 0) KSP residual norm 1.230388e-08
  9 (restart 0) KSP residual norm 2.464031e-09
GMRES solver converged in 9 iterations (avg. reduction factor: 1.191e-01)
  3 EPS nconv=20 first unconverged value (error) 0.00177022-1.68438e-11i (4.80429493e-06)
  Residual norms for GMRES solve
  0 (restart 0) KSP residual norm 2.751602e-01
  1 (restart 0) KSP residual norm 5.652667e-03
  2 (restart 0) KSP residual norm 3.934013e-04
  3 (restart 0) KSP residual norm 6.232874e-05
  4 (restart 0) KSP residual norm 1.039546e-05
  5 (restart 0) KSP residual norm 1.918321e-06
  6 (restart 0) KSP residual norm 3.719315e-07
  7 (restart 0) KSP residual norm 7.341375e-08
  8 (restart 0) KSP residual norm 1.334252e-08
  9 (restart 0) KSP residual norm 2.308158e-09
GMRES solver converged in 9 iterations (avg. reduction factor: 1.267e-01)
  Residual norms for GMRES solve
  0 (restart 0) KSP residual norm 2.351732e-01
  1 (restart 0) KSP residual norm 5.565019e-03
  2 (restart 0) KSP residual norm 3.374672e-04
  3 (restart 0) KSP residual norm 5.831615e-05
  4 (restart 0) KSP residual norm 9.993674e-06
  5 (restart 0) KSP residual norm 1.922403e-06
  6 (restart 0) KSP residual norm 3.555261e-07
  7 (restart 0) KSP residual norm 6.371874e-08
  8 (restart 0) KSP residual norm 1.242912e-08
  9 (restart 0) KSP residual norm 2.434225e-09
 10 (restart 0) KSP residual norm 4.447740e-10
GMRES solver converged in 10 iterations (avg. reduction factor: 1.342e-01)
  Residual norms for GMRES solve
  0 (restart 0) KSP residual norm 2.074499e-01
  1 (restart 0) KSP residual norm 5.264547e-03
  2 (restart 0) KSP residual norm 3.697779e-04
  3 (restart 0) KSP residual norm 6.034024e-05
  4 (restart 0) KSP residual norm 1.039266e-05
  5 (restart 0) KSP residual norm 2.053838e-06
  6 (restart 0) KSP residual norm 4.039771e-07
  7 (restart 0) KSP residual norm 7.554135e-08
  8 (restart 0) KSP residual norm 1.385679e-08
  9 (restart 0) KSP residual norm 2.434432e-09
 10 (restart 0) KSP residual norm 4.427188e-10
GMRES solver converged in 10 iterations (avg. reduction factor: 1.358e-01)
  Residual norms for GMRES solve
  0 (restart 0) KSP residual norm 7.662131e-01
  1 (restart 0) KSP residual norm 8.173588e-03
  2 (restart 0) KSP residual norm 4.867256e-04
  3 (restart 0) KSP residual norm 8.008024e-05
  4 (restart 0) KSP residual norm 1.289164e-05
  5 (restart 0) KSP residual norm 2.415397e-06
  6 (restart 0) KSP residual norm 4.411285e-07
  7 (restart 0) KSP residual norm 8.076489e-08
  8 (restart 0) KSP residual norm 1.611835e-08
  9 (restart 0) KSP residual norm 3.025185e-09
GMRES solver converged in 9 iterations (avg. reduction factor: 1.165e-01)
  Residual norms for GMRES solve
  0 (restart 0) KSP residual norm 2.333760e-01
  1 (restart 0) KSP residual norm 5.909508e-03
  2 (restart 0) KSP residual norm 3.838931e-04
  3 (restart 0) KSP residual norm 6.803552e-05
  4 (restart 0) KSP residual norm 1.198664e-05
  5 (restart 0) KSP residual norm 2.406886e-06
  6 (restart 0) KSP residual norm 4.752138e-07
  7 (restart 0) KSP residual norm 8.934255e-08
  8 (restart 0) KSP residual norm 1.680945e-08
  9 (restart 0) KSP residual norm 3.040754e-09
 10 (restart 0) KSP residual norm 5.303632e-10
GMRES solver converged in 10 iterations (avg. reduction factor: 1.367e-01)
  Residual norms for GMRES solve
  0 (restart 0) KSP residual norm 5.814951e-01
  1 (restart 0) KSP residual norm 6.945030e-03
  2 (restart 0) KSP residual norm 4.132010e-04
  3 (restart 0) KSP residual norm 7.062504e-05
  4 (restart 0) KSP residual norm 1.209145e-05
  5 (restart 0) KSP residual norm 2.320729e-06
  6 (restart 0) KSP residual norm 4.352417e-07
  7 (restart 0) KSP residual norm 8.331633e-08
  8 (restart 0) KSP residual norm 1.688388e-08
  9 (restart 0) KSP residual norm 3.152613e-09
GMRES solver converged in 9 iterations (avg. reduction factor: 1.207e-01)
  Residual norms for GMRES solve
  0 (restart 0) KSP residual norm 5.747036e-01
  1 (restart 0) KSP residual norm 6.923432e-03
  2 (restart 0) KSP residual norm 4.090254e-04
  3 (restart 0) KSP residual norm 6.562478e-05
  4 (restart 0) KSP residual norm 1.107306e-05
  5 (restart 0) KSP residual norm 2.100963e-06
  6 (restart 0) KSP residual norm 4.093536e-07
  7 (restart 0) KSP residual norm 7.794659e-08
  8 (restart 0) KSP residual norm 1.502901e-08
  9 (restart 0) KSP residual norm 2.767147e-09
GMRES solver converged in 9 iterations (avg. reduction factor: 1.191e-01)
  Residual norms for GMRES solve
  0 (restart 0) KSP residual norm 6.349566e-02
  1 (restart 0) KSP residual norm 3.054420e-03
  2 (restart 0) KSP residual norm 3.322661e-04
  3 (restart 0) KSP residual norm 5.698667e-05
  4 (restart 0) KSP residual norm 9.736655e-06
  5 (restart 0) KSP residual norm 1.916750e-06
  6 (restart 0) KSP residual norm 3.777305e-07
  7 (restart 0) KSP residual norm 6.905061e-08
  8 (restart 0) KSP residual norm 1.334364e-08
  9 (restart 0) KSP residual norm 2.530799e-09
 10 (restart 0) KSP residual norm 4.540693e-10
GMRES solver converged in 10 iterations (avg. reduction factor: 1.533e-01)
  Residual norms for GMRES solve
  0 (restart 0) KSP residual norm 7.357955e-01
  1 (restart 0) KSP residual norm 7.433016e-03
  2 (restart 0) KSP residual norm 4.586924e-04
  3 (restart 0) KSP residual norm 7.492713e-05
  4 (restart 0) KSP residual norm 1.207656e-05
  5 (restart 0) KSP residual norm 2.323359e-06
  6 (restart 0) KSP residual norm 4.543110e-07
  7 (restart 0) KSP residual norm 8.336690e-08
  8 (restart 0) KSP residual norm 1.630245e-08
  9 (restart 0) KSP residual norm 3.198618e-09
GMRES solver converged in 9 iterations (avg. reduction factor: 1.177e-01)
  Residual norms for GMRES solve
  0 (restart 0) KSP residual norm 7.484294e-01
  1 (restart 0) KSP residual norm 7.370299e-03
  2 (restart 0) KSP residual norm 4.758917e-04
  3 (restart 0) KSP residual norm 8.038419e-05
  4 (restart 0) KSP residual norm 1.435863e-05
  5 (restart 0) KSP residual norm 2.963152e-06
  6 (restart 0) KSP residual norm 5.751559e-07
  7 (restart 0) KSP residual norm 1.012054e-07
  8 (restart 0) KSP residual norm 1.801776e-08
  9 (restart 0) KSP residual norm 3.145936e-09
GMRES solver converged in 9 iterations (avg. reduction factor: 1.173e-01)
  Residual norms for GMRES solve
  0 (restart 0) KSP residual norm 4.883370e-01
  1 (restart 0) KSP residual norm 6.249342e-03
  2 (restart 0) KSP residual norm 4.204963e-04
  3 (restart 0) KSP residual norm 6.764712e-05
  4 (restart 0) KSP residual norm 1.105552e-05
  5 (restart 0) KSP residual norm 2.064398e-06
  6 (restart 0) KSP residual norm 3.908944e-07
  7 (restart 0) KSP residual norm 7.364385e-08
  8 (restart 0) KSP residual norm 1.424372e-08
  9 (restart 0) KSP residual norm 2.613189e-09
GMRES solver converged in 9 iterations (avg. reduction factor: 1.205e-01)
  Residual norms for GMRES solve
  0 (restart 0) KSP residual norm 1.896639e-01
  1 (restart 0) KSP residual norm 5.169699e-03
  2 (restart 0) KSP residual norm 3.805409e-04
  3 (restart 0) KSP residual norm 6.217549e-05
  4 (restart 0) KSP residual norm 1.031465e-05
  5 (restart 0) KSP residual norm 1.923812e-06
  6 (restart 0) KSP residual norm 3.823588e-07
  7 (restart 0) KSP residual norm 7.255596e-08
  8 (restart 0) KSP residual norm 1.336106e-08
  9 (restart 0) KSP residual norm 2.473672e-09
 10 (restart 0) KSP residual norm 4.591325e-10
GMRES solver converged in 10 iterations (avg. reduction factor: 1.375e-01)
  4 EPS nconv=27 first unconverged value (error) 0.00229611+2.09813e-09i (2.43678602e-04)

 Linear eigensolve converged (27 eigenpairs) due to CONVERGED_TOL; iterations 4
 Total number of linear systems solved: 88
 Total number of linear solver iterations: 811
 Found 27 converged eigenvalues (first = 2.313e+01+2.685e-11i)

Computing solution error estimates and performing postprocessing

     m,        Re{f} (GHz),        Im{f} (GHz),                  Q,      Error (Bkwd.),       Error (Abs.)
     1,      +1.106490e+00,      +6.420617e-13,      +8.616695e+11,      +1.287404e-11,      +1.320127e-07
     2,      +1.763029e+00,      -1.743295e-12,      +5.056600e+11,      +1.039526e-11,      +1.066349e-07
     3,      +1.763032e+00,      +1.952244e-12,      +4.515399e+11,      +1.277847e-11,      +1.310820e-07
     4,      +1.893335e+00,      +1.596566e-11,      +5.929398e+10,      +1.247237e-11,      +1.279542e-07
     5,      +1.893339e+00,      +2.564235e-11,      +3.691820e+10,      +1.231175e-11,      +1.263064e-07
     6,      +2.022731e+00,      +1.929895e-10,      +5.240520e+09,      +5.978812e-11,      +6.134290e-07
     7,      +2.200506e+00,      -1.376391e-11,      +7.993753e+10,      +2.542663e-11,      +2.609175e-07
     8,      +2.200514e+00,      +3.987637e-10,      +2.759170e+09,      +2.122979e-11,      +2.178513e-07
     9,      +2.363048e+00,      -1.994654e-11,      +5.923453e+10,      +1.860527e-11,      +1.909478e-07
    10,      +2.363061e+00,      -8.281211e-12,      +1.426761e+11,      +1.855839e-11,      +1.904668e-07
    11,      +2.444443e+00,      +7.551397e-12,      +1.618537e+11,      +1.577133e-11,      +1.618755e-07
    12,      +2.444463e+00,      +5.404701e-11,      +2.261423e+10,      +2.061029e-11,      +2.115422e-07
    13,      +2.444529e+00,      +1.389588e-10,      +8.795879e+09,      +2.519075e-11,      +2.585556e-07
    14,      +2.540066e+00,      -5.599412e-10,      +2.268154e+09,      +1.723165e-10,      +1.768809e-06
    15,      +2.569947e+00,      -1.528644e-10,      +8.405968e+09,      +4.303353e-11,      +4.417477e-07
    16,      +2.569956e+00,      +3.501654e-09,      +3.669632e+08,      +1.168328e-10,      +1.199312e-06
    17,      +2.907079e+00,      +3.844877e-10,      +3.780458e+09,      +2.887185e-11,      +2.964845e-07
    18,      +2.907118e+00,      -1.012919e-10,      +1.435020e+10,      +2.480087e-11,      +2.546797e-07
    19,      +2.935831e+00,      -3.853779e-11,      +3.809029e+10,      +7.700929e-11,      +7.908335e-07
    20,      +2.935856e+00,      +1.751381e-10,      +8.381547e+09,      +7.016234e-11,      +7.205201e-07
    21,      +2.975837e+00,      -6.179093e-10,      +2.407989e+09,      +3.287989e-11,      +3.376703e-07
    22,      +2.975841e+00,      +1.034427e-10,      +1.438401e+10,      +3.312683e-11,      +3.402063e-07
    23,      +2.981070e+00,      +2.633989e-10,      +5.658850e+09,      +2.701086e-11,      +2.773982e-07
    24,      +2.981075e+00,      +1.694355e-10,      +8.797079e+09,      +2.800449e-11,      +2.876026e-07
    25,      +3.052742e+00,      +3.936623e-09,      +3.877362e+08,      +1.553958e-10,      +1.596033e-06
    26,      +3.228629e+00,      +2.105195e-10,      +7.668241e+09,      +6.349226e-11,      +6.522576e-07
    27,      +3.228710e+00,      -9.828880e-10,      +1.642460e+09,      +6.561825e-11,      +6.740980e-07

Completed 0 iterations of adaptive mesh refinement (AMR):
 Indicator norm = 1.616e-02, global unknowns = 535688
 Max. iterations = 0, tol. = 1.000e-02

Estimated peak per-rank memory usage is: Min. 250.7M, Max. 272.4M, Avg. 256.4M, Total 8.0G
Estimated peak per-node memory usage is: Min. 8.0G, Max. 8.0G, Avg. 8.0G, Total 8.0G

Elapsed Time Report (s)           Min.        Max.        Avg.
==============================================================
Initialization                   0.230       0.626       0.613
  Mesh Preprocessing             0.443       0.839       0.456
Operator Construction            0.291       0.307       0.301
Linear Solve                     6.841       7.162       6.971
  Setup                          2.246       2.246       2.246
  Preconditioner               161.537     161.986     161.851
  Coarse Solve                  15.204      15.410      15.285
Eigenvalue Solve                 0.789       0.798       0.794
Div.-Free Projection            17.907      17.925      17.922
Estimation                       0.217       0.233       0.223
  Construction                   0.713       0.713       0.713
  Solve                         10.191      10.205      10.201
Postprocessing                   1.434       1.444       1.438
Disk IO                          0.939       0.939       0.939
--------------------------------------------------------------
Total                          221.088     221.105     221.096

Peak Memory                   Per-Node       Total   Total HWM
==============================================================
Initialization                   52.4M       52.4M       52.4M
  Mesh Preprocessing            135.9M      135.9M      188.3M
Operator Construction           848.2M      848.2M        1.0G
Linear Solve                      1.1M        1.1M        1.0G
  Setup                         917.2M      917.2M        1.9G
  Preconditioner                  1.8M        1.8M        1.9G
  Coarse Solve                    3.9G        3.9G        5.9G
Eigenvalue Solve                371.2M      371.2M        6.2G
Div.-Free Projection            437.9M      437.9M        6.6G
Estimation                        2.4M        2.4M        6.6G
  Construction                  427.2M      427.2M        7.1G
  Solve                           0.0K        0.0K        7.1G
Postprocessing                    0.0K        0.0K        7.1G
Disk IO                          82.3M       82.3M        7.1G
--------------------------------------------------------------
Total                             7.6G        7.6G        7.6G

