>> /home/tanderson/.local/share/mamba/envs/emsim/bin/mpirun -n 4 /home/tanderson/.local/opt/palace/bin/palace-x86_64.bin e0f_o1.json

_____________     _______
_____   __   \____ __   /____ ____________
____   /_/  /  __ ` /  /  __ ` /  ___/  _ \
___   _____/  /_/  /  /  /_/  /  /__/  ___/
  /__/     \___,__/__/\___,__/\_____\_____/

Git changeset ID: 3c83b9d
Running with 4 MPI processes, 1 OpenMP thread
Device configuration: omp,cpu
Memory configuration: host-std
libCEED backend: /cpu/self/opt/blocked

Added 11830 boundary elements for material interfaces to the mesh

Characteristic length and time scales:
 Lc = 2.074e-01 m, tc = 6.918e-01 ns
Finished partitioning mesh into 4 subdomains

Mesh curvature order: 1
Mesh bounding box:
 (Xmin, Ymin, Zmin) = (-1.037e-01, -1.037e-01, -4.426e-02) m
 (Xmax, Ymax, Zmax) = (+1.037e-01, +1.037e-01, +4.426e-02) m

Parallel Mesh Stats:

                minimum     average     maximum       total
 vertices          3380        3601        4193       14404
 edges            24153       24810       26558       99243
 faces            41594       42040       43190      168162
 elements         20821       20830       20839       83322
 neighbors            2           2           3

            minimum     maximum
 h       0.00398079    0.114125
 kappa      1.00492     17.0333

Estimated current per-rank memory usage is: Min. 37.9M, Max. 84.4M, Avg. 49.6M, Total 198.4M
Estimated current per-node memory usage is: Min. 198.5M, Max. 198.5M, Avg. 198.5M, Total 198.5M

Configuring Dirichlet PEC BC at attributes:
 90

Assembling system matrices, number of global unknowns:
 H1 (p = 1): 14404, ND (p = 1): 99243, RT (p = 1): 168162
 Operator assembly level: Partial
 Mesh geometries:
  Tetrahedron: P = 6, Q = 4 (quadrature order = 2)

Configuring SLEPc eigenvalue solver:
 Scaling γ = 3.701e+04, δ = 4.871e-04
 Configuring divergence-free projection
 Using random starting vector
 Shift-and-invert σ = 1.050e+00 GHz (4.564e+00)

Assembling multigrid hierarchy:
 Level 0 (p = 1): 99243 unknowns
 Level 0 (auxiliary) (p = 1): 14404 unknowns

#PETSc Option Table entries:
-eps_monitor # (source: code)
#End of PETSc Option Table entries

  Residual norms for GMRES solve
  0 (restart 0) KSP residual norm 2.808507e-02
  1 (restart 0) KSP residual norm 6.258412e-14
GMRES solver converged in 1 iteration (avg. reduction factor: 2.228e-12)
  Residual norms for GMRES solve
  0 (restart 0) KSP residual norm 7.936123e+00
  1 (restart 0) KSP residual norm 2.761018e-11
GMRES solver converged in 1 iteration (avg. reduction factor: 3.479e-12)
  Residual norms for GMRES solve
  0 (restart 0) KSP residual norm 2.032624e+00
  1 (restart 0) KSP residual norm 3.672630e-12
GMRES solver converged in 1 iteration (avg. reduction factor: 1.807e-12)
  Residual norms for GMRES solve
  0 (restart 0) KSP residual norm 3.232040e-01
  1 (restart 0) KSP residual norm 1.705929e-12
GMRES solver converged in 1 iteration (avg. reduction factor: 5.278e-12)
  Residual norms for GMRES solve
  0 (restart 0) KSP residual norm 8.906672e-01
  1 (restart 0) KSP residual norm 2.305744e-12
GMRES solver converged in 1 iteration (avg. reduction factor: 2.589e-12)
  Residual norms for GMRES solve
  0 (restart 0) KSP residual norm 8.478210e-01
  1 (restart 0) KSP residual norm 2.010957e-12
GMRES solver converged in 1 iteration (avg. reduction factor: 2.372e-12)
  Residual norms for GMRES solve
  0 (restart 0) KSP residual norm 6.848788e-01
  1 (restart 0) KSP residual norm 1.665754e-12
GMRES solver converged in 1 iteration (avg. reduction factor: 2.432e-12)
  Residual norms for GMRES solve
  0 (restart 0) KSP residual norm 8.852498e-01
  1 (restart 0) KSP residual norm 1.311630e-12
GMRES solver converged in 1 iteration (avg. reduction factor: 1.482e-12)
  Residual norms for GMRES solve
  0 (restart 0) KSP residual norm 3.840270e-01
  1 (restart 0) KSP residual norm 1.396956e-12
GMRES solver converged in 1 iteration (avg. reduction factor: 3.638e-12)
  Residual norms for GMRES solve
  0 (restart 0) KSP residual norm 9.365460e-01
  1 (restart 0) KSP residual norm 1.853995e-12
GMRES solver converged in 1 iteration (avg. reduction factor: 1.980e-12)
  Residual norms for GMRES solve
  0 (restart 0) KSP residual norm 7.055381e-01
  1 (restart 0) KSP residual norm 2.715067e-12
GMRES solver converged in 1 iteration (avg. reduction factor: 3.848e-12)
  Residual norms for GMRES solve
  0 (restart 0) KSP residual norm 7.201167e-01
  1 (restart 0) KSP residual norm 6.548607e-12
GMRES solver converged in 1 iteration (avg. reduction factor: 9.094e-12)
  Residual norms for GMRES solve
  0 (restart 0) KSP residual norm 2.935762e-01
  1 (restart 0) KSP residual norm 1.708362e-12
GMRES solver converged in 1 iteration (avg. reduction factor: 5.819e-12)
  Residual norms for GMRES solve
  0 (restart 0) KSP residual norm 9.907330e-01
  1 (restart 0) KSP residual norm 3.248750e-12
GMRES solver converged in 1 iteration (avg. reduction factor: 3.279e-12)
  Residual norms for GMRES solve
  0 (restart 0) KSP residual norm 4.942476e-01
  1 (restart 0) KSP residual norm 1.482475e-12
GMRES solver converged in 1 iteration (avg. reduction factor: 2.999e-12)
  Residual norms for GMRES solve
  0 (restart 0) KSP residual norm 5.688280e-01
  1 (restart 0) KSP residual norm 2.744363e-12
GMRES solver converged in 1 iteration (avg. reduction factor: 4.825e-12)
  Residual norms for GMRES solve
  0 (restart 0) KSP residual norm 4.269119e-01
  1 (restart 0) KSP residual norm 9.478560e-13
GMRES solver converged in 1 iteration (avg. reduction factor: 2.220e-12)
  Residual norms for GMRES solve
  0 (restart 0) KSP residual norm 3.082386e-01
  1 (restart 0) KSP residual norm 1.111073e-12
GMRES solver converged in 1 iteration (avg. reduction factor: 3.605e-12)
  Residual norms for GMRES solve
  0 (restart 0) KSP residual norm 1.111119e+00
  1 (restart 0) KSP residual norm 2.066288e-12
GMRES solver converged in 1 iteration (avg. reduction factor: 1.860e-12)
  Residual norms for GMRES solve
  0 (restart 0) KSP residual norm 1.944133e+00
  1 (restart 0) KSP residual norm 2.743061e-12
GMRES solver converged in 1 iteration (avg. reduction factor: 1.411e-12)
  Residual norms for GMRES solve
  0 (restart 0) KSP residual norm 1.692906e+00
  1 (restart 0) KSP residual norm 2.052471e-12
GMRES solver converged in 1 iteration (avg. reduction factor: 1.212e-12)
  Residual norms for GMRES solve
  0 (restart 0) KSP residual norm 5.182742e-01
  1 (restart 0) KSP residual norm 1.217757e-12
GMRES solver converged in 1 iteration (avg. reduction factor: 2.350e-12)
  Residual norms for GMRES solve
  0 (restart 0) KSP residual norm 1.927803e+00
  1 (restart 0) KSP residual norm 2.932760e-12
GMRES solver converged in 1 iteration (avg. reduction factor: 1.521e-12)
  Residual norms for GMRES solve
  0 (restart 0) KSP residual norm 6.488126e-01
  1 (restart 0) KSP residual norm 1.091461e-12
GMRES solver converged in 1 iteration (avg. reduction factor: 1.682e-12)
  Residual norms for GMRES solve
  0 (restart 0) KSP residual norm 6.373117e-01
  1 (restart 0) KSP residual norm 2.028280e-12
GMRES solver converged in 1 iteration (avg. reduction factor: 3.183e-12)
  Residual norms for GMRES solve
  0 (restart 0) KSP residual norm 1.230779e+00
  1 (restart 0) KSP residual norm 2.460690e-12
GMRES solver converged in 1 iteration (avg. reduction factor: 1.999e-12)
  Residual norms for GMRES solve
  0 (restart 0) KSP residual norm 5.924628e-01
  1 (restart 0) KSP residual norm 1.113182e-12
GMRES solver converged in 1 iteration (avg. reduction factor: 1.879e-12)
  Residual norms for GMRES solve
  0 (restart 0) KSP residual norm 1.701315e-01
  1 (restart 0) KSP residual norm 6.932719e-13
GMRES solver converged in 1 iteration (avg. reduction factor: 4.075e-12)
  Residual norms for GMRES solve
  0 (restart 0) KSP residual norm 3.268054e-01
  1 (restart 0) KSP residual norm 1.357132e-12
GMRES solver converged in 1 iteration (avg. reduction factor: 4.153e-12)
  Residual norms for GMRES solve
  0 (restart 0) KSP residual norm 1.487689e-01
  1 (restart 0) KSP residual norm 9.649339e-13
GMRES solver converged in 1 iteration (avg. reduction factor: 6.486e-12)
  Residual norms for GMRES solve
  0 (restart 0) KSP residual norm 1.176757e-01
  1 (restart 0) KSP residual norm 8.344272e-13
GMRES solver converged in 1 iteration (avg. reduction factor: 7.091e-12)
  Residual norms for GMRES solve
  0 (restart 0) KSP residual norm 2.572706e-01
  1 (restart 0) KSP residual norm 6.524079e-13
GMRES solver converged in 1 iteration (avg. reduction factor: 2.536e-12)
  Residual norms for GMRES solve
  0 (restart 0) KSP residual norm 1.848348e-01
  1 (restart 0) KSP residual norm 4.551549e-13
GMRES solver converged in 1 iteration (avg. reduction factor: 2.462e-12)
  Residual norms for GMRES solve
  0 (restart 0) KSP residual norm 2.279201e-01
  1 (restart 0) KSP residual norm 5.352132e-13
GMRES solver converged in 1 iteration (avg. reduction factor: 2.348e-12)
  Residual norms for GMRES solve
  0 (restart 0) KSP residual norm 1.966211e-01
  1 (restart 0) KSP residual norm 6.159709e-13
GMRES solver converged in 1 iteration (avg. reduction factor: 3.133e-12)
  Residual norms for GMRES solve
  0 (restart 0) KSP residual norm 1.393891e-01
  1 (restart 0) KSP residual norm 6.905542e-13
GMRES solver converged in 1 iteration (avg. reduction factor: 4.954e-12)
  Residual norms for GMRES solve
  0 (restart 0) KSP residual norm 1.675820e-01
  1 (restart 0) KSP residual norm 7.149640e-13
GMRES solver converged in 1 iteration (avg. reduction factor: 4.266e-12)
  Residual norms for GMRES solve
  0 (restart 0) KSP residual norm 3.025300e-01
  1 (restart 0) KSP residual norm 8.989690e-13
GMRES solver converged in 1 iteration (avg. reduction factor: 2.972e-12)
  Residual norms for GMRES solve
  0 (restart 0) KSP residual norm 1.053342e-01
  1 (restart 0) KSP residual norm 5.287562e-13
GMRES solver converged in 1 iteration (avg. reduction factor: 5.020e-12)
  Residual norms for GMRES solve
  0 (restart 0) KSP residual norm 1.858037e-01
  1 (restart 0) KSP residual norm 6.872606e-13
GMRES solver converged in 1 iteration (avg. reduction factor: 3.699e-12)
  Residual norms for GMRES solve
  0 (restart 0) KSP residual norm 1.429892e-01
  1 (restart 0) KSP residual norm 4.878856e-13
GMRES solver converged in 1 iteration (avg. reduction factor: 3.412e-12)
  Residual norms for GMRES solve
  0 (restart 0) KSP residual norm 1.541918e-01
  1 (restart 0) KSP residual norm 7.099984e-13
GMRES solver converged in 1 iteration (avg. reduction factor: 4.605e-12)
  Residual norms for GMRES solve
  0 (restart 0) KSP residual norm 1.004151e-01
  1 (restart 0) KSP residual norm 5.038793e-13
GMRES solver converged in 1 iteration (avg. reduction factor: 5.018e-12)
  Residual norms for GMRES solve
  0 (restart 0) KSP residual norm 1.948865e-01
  1 (restart 0) KSP residual norm 3.967881e-13
GMRES solver converged in 1 iteration (avg. reduction factor: 2.036e-12)
  1 EPS nconv=10 first unconverged value (error) 0.00299312-1.54672e-12i (6.97087289e-08)
  Residual norms for GMRES solve
  0 (restart 0) KSP residual norm 3.021708e-01
  1 (restart 0) KSP residual norm 8.915664e-13
GMRES solver converged in 1 iteration (avg. reduction factor: 2.951e-12)
  Residual norms for GMRES solve
  0 (restart 0) KSP residual norm 1.292294e-01
  1 (restart 0) KSP residual norm 5.932089e-13
GMRES solver converged in 1 iteration (avg. reduction factor: 4.590e-12)
  Residual norms for GMRES solve
  0 (restart 0) KSP residual norm 2.631415e-01
  1 (restart 0) KSP residual norm 6.598152e-13
GMRES solver converged in 1 iteration (avg. reduction factor: 2.507e-12)
  Residual norms for GMRES solve
  0 (restart 0) KSP residual norm 2.125502e-01
  1 (restart 0) KSP residual norm 3.769795e-13
GMRES solver converged in 1 iteration (avg. reduction factor: 1.774e-12)
  Residual norms for GMRES solve
  0 (restart 0) KSP residual norm 2.166338e-01
  1 (restart 0) KSP residual norm 5.157017e-13
GMRES solver converged in 1 iteration (avg. reduction factor: 2.381e-12)
  Residual norms for GMRES solve
  0 (restart 0) KSP residual norm 1.610529e-01
  1 (restart 0) KSP residual norm 6.371211e-13
GMRES solver converged in 1 iteration (avg. reduction factor: 3.956e-12)
  Residual norms for GMRES solve
  0 (restart 0) KSP residual norm 2.114069e-01
  1 (restart 0) KSP residual norm 4.104451e-13
GMRES solver converged in 1 iteration (avg. reduction factor: 1.941e-12)
  Residual norms for GMRES solve
  0 (restart 0) KSP residual norm 1.832864e-01
  1 (restart 0) KSP residual norm 2.927501e-13
GMRES solver converged in 1 iteration (avg. reduction factor: 1.597e-12)
  Residual norms for GMRES solve
  0 (restart 0) KSP residual norm 2.353464e-01
  1 (restart 0) KSP residual norm 9.533869e-13
GMRES solver converged in 1 iteration (avg. reduction factor: 4.051e-12)
  Residual norms for GMRES solve
  0 (restart 0) KSP residual norm 1.542234e-01
  1 (restart 0) KSP residual norm 6.803744e-13
GMRES solver converged in 1 iteration (avg. reduction factor: 4.412e-12)
  Residual norms for GMRES solve
  0 (restart 0) KSP residual norm 2.319782e-01
  1 (restart 0) KSP residual norm 6.606728e-13
GMRES solver converged in 1 iteration (avg. reduction factor: 2.848e-12)
  Residual norms for GMRES solve
  0 (restart 0) KSP residual norm 9.183865e-02
  1 (restart 0) KSP residual norm 5.670489e-13
GMRES solver converged in 1 iteration (avg. reduction factor: 6.174e-12)
  Residual norms for GMRES solve
  0 (restart 0) KSP residual norm 1.565792e-01
  1 (restart 0) KSP residual norm 3.042395e-13
GMRES solver converged in 1 iteration (avg. reduction factor: 1.943e-12)
  Residual norms for GMRES solve
  0 (restart 0) KSP residual norm 1.587806e-01
  1 (restart 0) KSP residual norm 8.740822e-13
GMRES solver converged in 1 iteration (avg. reduction factor: 5.505e-12)
  Residual norms for GMRES solve
  0 (restart 0) KSP residual norm 1.186866e-01
  1 (restart 0) KSP residual norm 3.458400e-13
GMRES solver converged in 1 iteration (avg. reduction factor: 2.914e-12)
  Residual norms for GMRES solve
  0 (restart 0) KSP residual norm 2.676193e-01
  1 (restart 0) KSP residual norm 9.087293e-13
GMRES solver converged in 1 iteration (avg. reduction factor: 3.396e-12)
  Residual norms for GMRES solve
  0 (restart 0) KSP residual norm 2.191496e-01
  1 (restart 0) KSP residual norm 4.280091e-13
GMRES solver converged in 1 iteration (avg. reduction factor: 1.953e-12)
  2 EPS nconv=16 first unconverged value (error) 0.00424513-5.32873e-09i (2.08860191e-04)
  Residual norms for GMRES solve
  0 (restart 0) KSP residual norm 4.947826e-01
  1 (restart 0) KSP residual norm 8.349748e-13
GMRES solver converged in 1 iteration (avg. reduction factor: 1.688e-12)
  Residual norms for GMRES solve
  0 (restart 0) KSP residual norm 3.813229e-01
  1 (restart 0) KSP residual norm 6.463157e-13
GMRES solver converged in 1 iteration (avg. reduction factor: 1.695e-12)
  Residual norms for GMRES solve
  0 (restart 0) KSP residual norm 3.372846e-01
  1 (restart 0) KSP residual norm 6.128554e-13
GMRES solver converged in 1 iteration (avg. reduction factor: 1.817e-12)
  Residual norms for GMRES solve
  0 (restart 0) KSP residual norm 4.270110e-01
  1 (restart 0) KSP residual norm 1.034532e-12
GMRES solver converged in 1 iteration (avg. reduction factor: 2.423e-12)
  Residual norms for GMRES solve
  0 (restart 0) KSP residual norm 8.777486e-02
  1 (restart 0) KSP residual norm 4.078439e-13
GMRES solver converged in 1 iteration (avg. reduction factor: 4.646e-12)
  Residual norms for GMRES solve
  0 (restart 0) KSP residual norm 2.952225e-01
  1 (restart 0) KSP residual norm 6.304540e-13
GMRES solver converged in 1 iteration (avg. reduction factor: 2.136e-12)
  Residual norms for GMRES solve
  0 (restart 0) KSP residual norm 3.062093e-01
  1 (restart 0) KSP residual norm 4.723640e-13
GMRES solver converged in 1 iteration (avg. reduction factor: 1.543e-12)
  Residual norms for GMRES solve
  0 (restart 0) KSP residual norm 1.765359e-01
  1 (restart 0) KSP residual norm 5.276698e-13
GMRES solver converged in 1 iteration (avg. reduction factor: 2.989e-12)
  Residual norms for GMRES solve
  0 (restart 0) KSP residual norm 4.244248e-01
  1 (restart 0) KSP residual norm 7.859441e-13
GMRES solver converged in 1 iteration (avg. reduction factor: 1.852e-12)
  Residual norms for GMRES solve
  0 (restart 0) KSP residual norm 2.256283e-01
  1 (restart 0) KSP residual norm 5.794810e-13
GMRES solver converged in 1 iteration (avg. reduction factor: 2.568e-12)
  Residual norms for GMRES solve
  0 (restart 0) KSP residual norm 3.018037e-01
  1 (restart 0) KSP residual norm 9.789493e-13
GMRES solver converged in 1 iteration (avg. reduction factor: 3.244e-12)
  Residual norms for GMRES solve
  0 (restart 0) KSP residual norm 3.540051e-01
  1 (restart 0) KSP residual norm 5.043677e-13
GMRES solver converged in 1 iteration (avg. reduction factor: 1.425e-12)
  Residual norms for GMRES solve
  0 (restart 0) KSP residual norm 1.848327e-01
  1 (restart 0) KSP residual norm 5.042964e-13
GMRES solver converged in 1 iteration (avg. reduction factor: 2.728e-12)
  Residual norms for GMRES solve
  0 (restart 0) KSP residual norm 2.943877e-01
  1 (restart 0) KSP residual norm 5.200049e-13
GMRES solver converged in 1 iteration (avg. reduction factor: 1.766e-12)
  3 EPS nconv=22 first unconverged value (error) 0.00450217-1.64819e-13i (1.55910869e-08)

 Linear eigensolve converged (22 eigenpairs) due to CONVERGED_TOL; iterations 3
 Total number of linear systems solved: 75
 Total number of linear solver iterations: 75
 Found 22 converged eigenvalues (first = 2.304e+01-2.161e-13i)

Computing solution error estimates and performing postprocessing

     m,        Re{f} (GHz),        Im{f} (GHz),                  Q,      Error (Bkwd.),       Error (Abs.)
     1,      +1.104286e+00,      -5.179445e-15,      +1.066027e+14,      +7.816946e-16,      +3.211342e-12
     2,      +1.760396e+00,      -1.566802e-13,      +5.617800e+12,      +1.621186e-15,      +6.666509e-12
     3,      +1.760790e+00,      -2.263160e-13,      +3.890115e+12,      +2.375481e-15,      +9.768271e-12
     4,      +1.889591e+00,      -1.179560e-14,      +8.009730e+13,      +1.349868e-15,      +5.552154e-12
     5,      +1.890795e+00,      +1.220306e-13,      +7.747215e+12,      +1.177516e-15,      +4.843263e-12
     6,      +2.023035e+00,      +1.198883e-13,      +8.437167e+12,      +4.549084e-15,      +1.871586e-11
     7,      +2.199135e+00,      -7.084139e-15,      +1.552154e+14,      +2.208834e-15,      +9.091034e-12
     8,      +2.201002e+00,      -9.301124e-14,      +1.183191e+13,      +5.171758e-15,      +2.128581e-11
     9,      +2.348733e+00,      -1.066182e-13,      +1.101469e+13,      +1.458302e-10,      +6.004102e-07
    10,      +2.349496e+00,      -5.662055e-11,      +2.074773e+10,      +2.714162e-10,      +1.117473e-06
    11,      +2.421193e+00,      +7.797511e-14,      +1.552542e+13,      +3.268680e-13,      +1.346014e-09
    12,      +2.432872e+00,      -7.772468e-13,      +1.565057e+12,      +2.236485e-12,      +9.209913e-09
    13,      +2.434093e+00,      -2.914912e-13,      +4.175242e+12,      +9.086914e-14,      +3.742031e-10
    14,      +2.528771e+00,      +1.278144e-13,      +9.892360e+12,      +4.124442e-13,      +1.698869e-09
    15,      +2.567821e+00,      -7.621802e-13,      +1.684524e+12,      +5.137933e-12,      +2.116544e-08
    16,      +2.569474e+00,      -3.927631e-13,      +3.271022e+12,      +1.338638e-12,      +5.514472e-09
    17,      +2.883448e+00,      +2.693323e-12,      +5.352956e+11,      +1.883140e-12,      +7.764285e-09
    18,      +2.885394e+00,      -1.585066e-11,      +9.101807e+10,      +6.991222e-12,      +2.882534e-08
    19,      +2.902843e+00,      -8.330290e-13,      +1.742342e+12,      +8.305394e-12,      +3.424553e-08
    20,      +2.908324e+00,      +1.062655e-11,      +1.368424e+11,      +1.967650e-11,      +8.113320e-08
    21,      +2.950575e+00,      -2.371031e-10,      +6.222136e+09,      +2.052128e-10,      +8.462716e-07
    22,      +2.955462e+00,      -1.463055e-11,      +1.010031e+11,      +3.574253e-10,      +1.473998e-06

Completed 0 iterations of adaptive mesh refinement (AMR):
 Indicator norm = 2.357e-01, global unknowns = 99243
 Max. iterations = 0, tol. = 1.000e-02

Estimated peak per-rank memory usage is: Min. 445.7M, Max. 516.5M, Avg. 474.1M, Total 1.9G
Estimated peak per-node memory usage is: Min. 1.9G, Max. 1.9G, Avg. 1.9G, Total 1.9G

Elapsed Time Report (s)           Min.        Max.        Avg.
==============================================================
Initialization                   0.422       1.035       0.882
  Mesh Preprocessing             0.788       1.401       0.941
Operator Construction            1.718       1.744       1.725
Linear Solve                     4.043       4.057       4.050
  Setup                          0.576       0.576       0.576
  Preconditioner                15.264      15.400      15.302
Eigenvalue Solve                 3.435       3.509       3.481
Div.-Free Projection            20.792      20.864      20.836
Estimation                       1.046       1.102       1.080
  Construction                   1.981       1.981       1.981
  Solve                         23.774      23.820      23.788
Postprocessing                   4.205       4.220       4.213
Disk IO                          0.512       0.553       0.538
--------------------------------------------------------------
Total                           80.807      80.824      80.818

Peak Memory                   Per-Node       Total   Total HWM
==============================================================
Initialization                    6.5M        6.5M        6.5M
  Mesh Preprocessing             64.0M       64.0M       70.6M
Operator Construction           140.8M      140.8M      211.3M
Linear Solve                    484.0K      484.0K      211.8M
  Setup                         205.6M      205.6M      417.5M
  Preconditioner                  1.2G        1.2G        1.6G
Eigenvalue Solve                 36.7M       36.7M        1.6G
Div.-Free Projection             78.5M       78.5M        1.7G
Estimation                        0.0K        0.0K        1.7G
  Construction                    1.0M        1.0M        1.7G
  Solve                           0.0K        0.0K        1.7G
Postprocessing                    0.0K        0.0K        1.7G
Disk IO                          30.0M       30.0M        1.8G
--------------------------------------------------------------
Total                             1.8G        1.8G        1.8G

