E0f — is the error GEOMETRIC? Raise the mesh's geometric order.

The user's analogy, and it names the mechanism precisely:

    "If the driving physics operate on the polygons, then you get hard seams
     that upset the car, unnaturally. The driving simulation has to happen on
     the analog curve of the driving surface, not the mesh derived from it."

🔑 FEM HAS TWO SEPARATE DISCRETISATIONS AND THEY ARE ROUTINELY CONFLATED:

    GEOMETRIC ORDER   how closely the elements follow the TRUE cylinder
    SOLVER ORDER      how well the basis represents E and H on those elements

The seam problem is the FIRST one. Curved isoparametric elements are the partial
fix; isogeometric analysis — using the CAD spline basis directly as the FEM basis
— is the full version of "simulate on the analytic curve, not the mesh".

🔢 AND THE SIGN IS THE CLUE. A straight-chorded cylinder INSCRIBES the true one,
so it reads too SMALL and frequencies come out HIGH:

    48 segments around the circumference -> sagitta 222 um -> TE011 +5.24 MHz

But E0 measured every mode LOW (TE011 -12.0 MHz) at geometric order 2. So the
quadratic elements are not merely failing to reach the circle — they appear to
OVERSHOOT it, making the cavity effectively LARGER. That is a specific, physical
claim about element curvature and it is testable.

PREDICTION, DECLARED BEFORE THE RUN:

    order 1   |Δ| large and POSITIVE (inscribed polygon, cavity too small)
    order 2   |Δ| smaller but NEGATIVE (overshoot)
    order 3   |Δ| collapses toward zero
    order 4   |Δ| negligible

🔴 FALSIFIER: if |Δ| PLATEAUS at order 2 instead of collapsing, the residual is
NOT geometric — it is the field basis (solver order 1), and raising geometric
order further is wasted. That would refute the analogy's applicability here, and
the fix would be solver order, not element curvature.

⚠️ SOLVER ORDER IS HELD AT 1 THROUGHOUT so that only the geometry varies.
⚠️ SIZE FACTOR IS HELD FIXED so element COUNT is roughly constant — this is not
   a refinement study, it is a representation study.

VERIFICATION   physics.spectrum(), exact.
FALSIFICATION  the exactly-degenerate TE011/TM111 splitting. If it is geometric,
               it should collapse with order too.
GATE           meshes pairwise distinct; every exact mode below the solved
               ceiling; one-to-one matching (physics.match_exact).

==============================================================================
  e0f_o1: sf 0.96, 83,322 tets, volumes ['bore', 'torch', 'upstream', 'wall']
    md5 6b8e9f4ee78e  mesh_order 1
  e0f_o2: sf 0.96, 83,322 tets, volumes ['bore', 'torch', 'upstream', 'wall']
    md5 f17f69f5d0e0  mesh_order 2
  e0f_o3: sf 0.96, 83,322 tets, volumes ['bore', 'torch', 'upstream', 'wall']
    md5 2fa0a208a6ca  mesh_order 3
  ✅ 3 distinct meshes

    solved in 82s
    solved in 86s
    solved in 98s

Δ from EXACT, MHz — solver order held at 1, size factor held fixed

   mode      exact      ord 1      ord 2      ord 3
  TM010    1.10649     -2.199     -3.714     -3.703
  TM110    1.76301     -2.217     -4.583     -4.579
  TE111    1.89327     -2.477     -2.941     -2.953
  TM011    2.02265      0.380     -0.424     -0.423
  TE211    2.20037      0.627     -0.455     -0.489
  TM210    2.36295    -13.457    -16.625    -16.648
  TE011    2.44438    -10.292    -11.998    -11.986
  TM111    2.44438          —          —          —
  TM020    2.53985    -11.074    -14.423    -14.452
  TM211    2.90695      1.372     -2.463     -2.519
  TE121    2.98065          —          —          —

                       83,322     83,322     83,322   elements

  🔑 FALSIFIER — TE011/TM111 splitting, true value EXACTLY 0:
    geometric order 1:     1.221 MHz
    geometric order 2:     1.199 MHz
    geometric order 3:     1.200 MHz

  wrote e0f.result.json — NO VERDICT HERE
EXIT=0
