>> /home/tanderson/.local/share/mamba/envs/emsim/bin/mpirun -n 4 /home/tanderson/.local/opt/palace/bin/palace-x86_64.bin e0f_o3.json

_____________     _______
_____   __   \____ __   /____ ____________
____   /_/  /  __ ` /  /  __ ` /  ___/  _ \
___   _____/  /_/  /  /  /_/  /  /__/  ___/
  /__/     \___,__/__/\___,__/\_____\_____/

Git changeset ID: 3c83b9d
Running with 4 MPI processes, 1 OpenMP thread
Device configuration: omp,cpu
Memory configuration: host-std
libCEED backend: /cpu/self/opt/blocked

Added 11830 boundary elements for material interfaces to the mesh

Characteristic length and time scales:
 Lc = 2.074e-01 m, tc = 6.918e-01 ns
Finished partitioning mesh into 4 subdomains

Mesh curvature order: 3
Mesh bounding box:
 (Xmin, Ymin, Zmin) = (-1.037e-01, -1.037e-01, -4.427e-02) m
 (Xmax, Ymax, Zmax) = (+1.037e-01, +1.037e-01, +4.427e-02) m

Parallel Mesh Stats:

                minimum     average     maximum       total
 vertices          3380        3601        4193       14404
 edges            24153       24810       26558       99243
 faces            41594       42040       43190      168162
 elements         20821       20830       20839       83322
 neighbors            2           2           3

            minimum     maximum
 h       0.00398563    0.114125
 kappa      1.01952     17.0611

Estimated current per-rank memory usage is: Min. 44.8M, Max. 88.3M, Avg. 55.8M, Total 223.1M
Estimated current per-node memory usage is: Min. 223.2M, Max. 223.2M, Avg. 223.2M, Total 223.2M

Configuring Dirichlet PEC BC at attributes:
 90

Assembling system matrices, number of global unknowns:
 H1 (p = 1): 14404, ND (p = 1): 99243, RT (p = 1): 168162
 Operator assembly level: Partial
 Mesh geometries:
  Tetrahedron: P = 6, Q = 4 (quadrature order = 2)

Configuring SLEPc eigenvalue solver:
 Scaling γ = 3.704e+04, δ = 4.867e-04
 Configuring divergence-free projection
 Using random starting vector
 Shift-and-invert σ = 1.050e+00 GHz (4.564e+00)

Assembling multigrid hierarchy:
 Level 0 (p = 1): 99243 unknowns
 Level 0 (auxiliary) (p = 1): 14404 unknowns

#PETSc Option Table entries:
-eps_monitor # (source: code)
#End of PETSc Option Table entries

  Residual norms for GMRES solve
  0 (restart 0) KSP residual norm 2.882465e-02
  1 (restart 0) KSP residual norm 3.304272e-14
GMRES solver converged in 1 iteration (avg. reduction factor: 1.146e-12)
  Residual norms for GMRES solve
  0 (restart 0) KSP residual norm 8.177463e+00
  1 (restart 0) KSP residual norm 8.456395e-12
GMRES solver converged in 1 iteration (avg. reduction factor: 1.034e-12)
  Residual norms for GMRES solve
  0 (restart 0) KSP residual norm 2.054408e+00
  1 (restart 0) KSP residual norm 1.935541e-12
GMRES solver converged in 1 iteration (avg. reduction factor: 9.421e-13)
  Residual norms for GMRES solve
  0 (restart 0) KSP residual norm 3.252897e-01
  1 (restart 0) KSP residual norm 2.251296e-12
GMRES solver converged in 1 iteration (avg. reduction factor: 6.921e-12)
  Residual norms for GMRES solve
  0 (restart 0) KSP residual norm 9.109179e-01
  1 (restart 0) KSP residual norm 2.378301e-12
GMRES solver converged in 1 iteration (avg. reduction factor: 2.611e-12)
  Residual norms for GMRES solve
  0 (restart 0) KSP residual norm 8.752482e-01
  1 (restart 0) KSP residual norm 2.105117e-12
GMRES solver converged in 1 iteration (avg. reduction factor: 2.405e-12)
  Residual norms for GMRES solve
  0 (restart 0) KSP residual norm 7.037951e-01
  1 (restart 0) KSP residual norm 1.356684e-12
GMRES solver converged in 1 iteration (avg. reduction factor: 1.928e-12)
  Residual norms for GMRES solve
  0 (restart 0) KSP residual norm 9.092669e-01
  1 (restart 0) KSP residual norm 1.128694e-12
GMRES solver converged in 1 iteration (avg. reduction factor: 1.241e-12)
  Residual norms for GMRES solve
  0 (restart 0) KSP residual norm 4.007184e-01
  1 (restart 0) KSP residual norm 1.635785e-12
GMRES solver converged in 1 iteration (avg. reduction factor: 4.082e-12)
  Residual norms for GMRES solve
  0 (restart 0) KSP residual norm 9.532276e-01
  1 (restart 0) KSP residual norm 1.493927e-12
GMRES solver converged in 1 iteration (avg. reduction factor: 1.567e-12)
  Residual norms for GMRES solve
  0 (restart 0) KSP residual norm 7.152503e-01
  1 (restart 0) KSP residual norm 1.450323e-12
GMRES solver converged in 1 iteration (avg. reduction factor: 2.028e-12)
  Residual norms for GMRES solve
  0 (restart 0) KSP residual norm 7.455477e-01
  1 (restart 0) KSP residual norm 2.083932e-12
GMRES solver converged in 1 iteration (avg. reduction factor: 2.795e-12)
  Residual norms for GMRES solve
  0 (restart 0) KSP residual norm 2.826260e-01
  1 (restart 0) KSP residual norm 9.392105e-13
GMRES solver converged in 1 iteration (avg. reduction factor: 3.323e-12)
  Residual norms for GMRES solve
  0 (restart 0) KSP residual norm 1.004266e+00
  1 (restart 0) KSP residual norm 1.620663e-12
GMRES solver converged in 1 iteration (avg. reduction factor: 1.614e-12)
  Residual norms for GMRES solve
  0 (restart 0) KSP residual norm 5.123890e-01
  1 (restart 0) KSP residual norm 1.400034e-12
GMRES solver converged in 1 iteration (avg. reduction factor: 2.732e-12)
  Residual norms for GMRES solve
  0 (restart 0) KSP residual norm 5.744416e-01
  1 (restart 0) KSP residual norm 1.985787e-12
GMRES solver converged in 1 iteration (avg. reduction factor: 3.457e-12)
  Residual norms for GMRES solve
  0 (restart 0) KSP residual norm 4.487232e-01
  1 (restart 0) KSP residual norm 9.775829e-13
GMRES solver converged in 1 iteration (avg. reduction factor: 2.179e-12)
  Residual norms for GMRES solve
  0 (restart 0) KSP residual norm 3.133546e-01
  1 (restart 0) KSP residual norm 6.323252e-13
GMRES solver converged in 1 iteration (avg. reduction factor: 2.018e-12)
  Residual norms for GMRES solve
  0 (restart 0) KSP residual norm 1.164283e+00
  1 (restart 0) KSP residual norm 1.948116e-12
GMRES solver converged in 1 iteration (avg. reduction factor: 1.673e-12)
  Residual norms for GMRES solve
  0 (restart 0) KSP residual norm 2.036243e+00
  1 (restart 0) KSP residual norm 2.347287e-12
GMRES solver converged in 1 iteration (avg. reduction factor: 1.153e-12)
  Residual norms for GMRES solve
  0 (restart 0) KSP residual norm 1.758586e+00
  1 (restart 0) KSP residual norm 2.005121e-12
GMRES solver converged in 1 iteration (avg. reduction factor: 1.140e-12)
  Residual norms for GMRES solve
  0 (restart 0) KSP residual norm 5.147700e-01
  1 (restart 0) KSP residual norm 1.351830e-12
GMRES solver converged in 1 iteration (avg. reduction factor: 2.626e-12)
  Residual norms for GMRES solve
  0 (restart 0) KSP residual norm 1.964117e+00
  1 (restart 0) KSP residual norm 2.417371e-12
GMRES solver converged in 1 iteration (avg. reduction factor: 1.231e-12)
  Residual norms for GMRES solve
  0 (restart 0) KSP residual norm 6.589408e-01
  1 (restart 0) KSP residual norm 8.383106e-13
GMRES solver converged in 1 iteration (avg. reduction factor: 1.272e-12)
  Residual norms for GMRES solve
  0 (restart 0) KSP residual norm 6.375543e-01
  1 (restart 0) KSP residual norm 1.414906e-12
GMRES solver converged in 1 iteration (avg. reduction factor: 2.219e-12)
  Residual norms for GMRES solve
  0 (restart 0) KSP residual norm 1.235111e+00
  1 (restart 0) KSP residual norm 2.805274e-12
GMRES solver converged in 1 iteration (avg. reduction factor: 2.271e-12)
  Residual norms for GMRES solve
  0 (restart 0) KSP residual norm 5.928945e-01
  1 (restart 0) KSP residual norm 1.116569e-12
GMRES solver converged in 1 iteration (avg. reduction factor: 1.883e-12)
  Residual norms for GMRES solve
  0 (restart 0) KSP residual norm 1.641481e-01
  1 (restart 0) KSP residual norm 9.962816e-13
GMRES solver converged in 1 iteration (avg. reduction factor: 6.069e-12)
  Residual norms for GMRES solve
  0 (restart 0) KSP residual norm 3.486270e-01
  1 (restart 0) KSP residual norm 8.645526e-13
GMRES solver converged in 1 iteration (avg. reduction factor: 2.480e-12)
  Residual norms for GMRES solve
  0 (restart 0) KSP residual norm 1.468746e-01
  1 (restart 0) KSP residual norm 2.957078e-13
GMRES solver converged in 1 iteration (avg. reduction factor: 2.013e-12)
  Residual norms for GMRES solve
  0 (restart 0) KSP residual norm 1.172447e-01
  1 (restart 0) KSP residual norm 6.592649e-13
GMRES solver converged in 1 iteration (avg. reduction factor: 5.623e-12)
  Residual norms for GMRES solve
  0 (restart 0) KSP residual norm 2.570242e-01
  1 (restart 0) KSP residual norm 6.316293e-13
GMRES solver converged in 1 iteration (avg. reduction factor: 2.457e-12)
  Residual norms for GMRES solve
  0 (restart 0) KSP residual norm 1.784700e-01
  1 (restart 0) KSP residual norm 5.688689e-13
GMRES solver converged in 1 iteration (avg. reduction factor: 3.187e-12)
  Residual norms for GMRES solve
  0 (restart 0) KSP residual norm 2.275959e-01
  1 (restart 0) KSP residual norm 1.040862e-12
GMRES solver converged in 1 iteration (avg. reduction factor: 4.573e-12)
  Residual norms for GMRES solve
  0 (restart 0) KSP residual norm 2.012373e-01
  1 (restart 0) KSP residual norm 4.310160e-13
GMRES solver converged in 1 iteration (avg. reduction factor: 2.142e-12)
  Residual norms for GMRES solve
  0 (restart 0) KSP residual norm 1.424927e-01
  1 (restart 0) KSP residual norm 8.775098e-13
GMRES solver converged in 1 iteration (avg. reduction factor: 6.158e-12)
  Residual norms for GMRES solve
  0 (restart 0) KSP residual norm 1.697991e-01
  1 (restart 0) KSP residual norm 1.259472e-12
GMRES solver converged in 1 iteration (avg. reduction factor: 7.417e-12)
  Residual norms for GMRES solve
  0 (restart 0) KSP residual norm 3.098164e-01
  1 (restart 0) KSP residual norm 1.025877e-12
GMRES solver converged in 1 iteration (avg. reduction factor: 3.311e-12)
  Residual norms for GMRES solve
  0 (restart 0) KSP residual norm 1.043553e-01
  1 (restart 0) KSP residual norm 7.571985e-13
GMRES solver converged in 1 iteration (avg. reduction factor: 7.256e-12)
  Residual norms for GMRES solve
  0 (restart 0) KSP residual norm 1.872725e-01
  1 (restart 0) KSP residual norm 5.635078e-13
GMRES solver converged in 1 iteration (avg. reduction factor: 3.009e-12)
  Residual norms for GMRES solve
  0 (restart 0) KSP residual norm 1.455810e-01
  1 (restart 0) KSP residual norm 1.008001e-12
GMRES solver converged in 1 iteration (avg. reduction factor: 6.924e-12)
  Residual norms for GMRES solve
  0 (restart 0) KSP residual norm 1.569231e-01
  1 (restart 0) KSP residual norm 8.696660e-13
GMRES solver converged in 1 iteration (avg. reduction factor: 5.542e-12)
  Residual norms for GMRES solve
  0 (restart 0) KSP residual norm 1.010640e-01
  1 (restart 0) KSP residual norm 9.413550e-13
GMRES solver converged in 1 iteration (avg. reduction factor: 9.314e-12)
  Residual norms for GMRES solve
  0 (restart 0) KSP residual norm 2.006036e-01
  1 (restart 0) KSP residual norm 5.103828e-13
GMRES solver converged in 1 iteration (avg. reduction factor: 2.544e-12)
  1 EPS nconv=10 first unconverged value (error) 0.00298651-1.45198e-12i (6.71716541e-08)
  Residual norms for GMRES solve
  0 (restart 0) KSP residual norm 3.191067e-01
  1 (restart 0) KSP residual norm 9.839523e-13
GMRES solver converged in 1 iteration (avg. reduction factor: 3.083e-12)
  Residual norms for GMRES solve
  0 (restart 0) KSP residual norm 1.417152e-01
  1 (restart 0) KSP residual norm 7.738986e-13
GMRES solver converged in 1 iteration (avg. reduction factor: 5.461e-12)
  Residual norms for GMRES solve
  0 (restart 0) KSP residual norm 2.721365e-01
  1 (restart 0) KSP residual norm 3.074737e-13
GMRES solver converged in 1 iteration (avg. reduction factor: 1.130e-12)
  Residual norms for GMRES solve
  0 (restart 0) KSP residual norm 2.116332e-01
  1 (restart 0) KSP residual norm 4.018781e-13
GMRES solver converged in 1 iteration (avg. reduction factor: 1.899e-12)
  Residual norms for GMRES solve
  0 (restart 0) KSP residual norm 2.184494e-01
  1 (restart 0) KSP residual norm 3.210109e-13
GMRES solver converged in 1 iteration (avg. reduction factor: 1.469e-12)
  Residual norms for GMRES solve
  0 (restart 0) KSP residual norm 1.648715e-01
  1 (restart 0) KSP residual norm 2.919063e-13
GMRES solver converged in 1 iteration (avg. reduction factor: 1.771e-12)
  Residual norms for GMRES solve
  0 (restart 0) KSP residual norm 2.141878e-01
  1 (restart 0) KSP residual norm 5.216719e-13
GMRES solver converged in 1 iteration (avg. reduction factor: 2.436e-12)
  Residual norms for GMRES solve
  0 (restart 0) KSP residual norm 1.852481e-01
  1 (restart 0) KSP residual norm 2.890348e-13
GMRES solver converged in 1 iteration (avg. reduction factor: 1.560e-12)
  Residual norms for GMRES solve
  0 (restart 0) KSP residual norm 2.430351e-01
  1 (restart 0) KSP residual norm 8.880071e-13
GMRES solver converged in 1 iteration (avg. reduction factor: 3.654e-12)
  Residual norms for GMRES solve
  0 (restart 0) KSP residual norm 1.549230e-01
  1 (restart 0) KSP residual norm 1.343866e-12
GMRES solver converged in 1 iteration (avg. reduction factor: 8.674e-12)
  Residual norms for GMRES solve
  0 (restart 0) KSP residual norm 2.321068e-01
  1 (restart 0) KSP residual norm 1.053035e-12
GMRES solver converged in 1 iteration (avg. reduction factor: 4.537e-12)
  Residual norms for GMRES solve
  0 (restart 0) KSP residual norm 9.035500e-02
  1 (restart 0) KSP residual norm 1.226355e-12
GMRES solver converged in 1 iteration (avg. reduction factor: 1.357e-11)
  Residual norms for GMRES solve
  0 (restart 0) KSP residual norm 1.591583e-01
  1 (restart 0) KSP residual norm 4.954391e-13
GMRES solver converged in 1 iteration (avg. reduction factor: 3.113e-12)
  Residual norms for GMRES solve
  0 (restart 0) KSP residual norm 1.479001e-01
  1 (restart 0) KSP residual norm 9.934715e-13
GMRES solver converged in 1 iteration (avg. reduction factor: 6.717e-12)
  Residual norms for GMRES solve
  0 (restart 0) KSP residual norm 1.288637e-01
  1 (restart 0) KSP residual norm 5.726159e-13
GMRES solver converged in 1 iteration (avg. reduction factor: 4.444e-12)
  Residual norms for GMRES solve
  0 (restart 0) KSP residual norm 2.527579e-01
  1 (restart 0) KSP residual norm 5.780255e-13
GMRES solver converged in 1 iteration (avg. reduction factor: 2.287e-12)
  Residual norms for GMRES solve
  0 (restart 0) KSP residual norm 2.484654e-01
  1 (restart 0) KSP residual norm 7.894267e-13
GMRES solver converged in 1 iteration (avg. reduction factor: 3.177e-12)
  2 EPS nconv=16 first unconverged value (error) 0.004234-6.72514e-09i (2.61181794e-04)
  Residual norms for GMRES solve
  0 (restart 0) KSP residual norm 4.990064e-01
  1 (restart 0) KSP residual norm 8.963573e-13
GMRES solver converged in 1 iteration (avg. reduction factor: 1.796e-12)
  Residual norms for GMRES solve
  0 (restart 0) KSP residual norm 3.874080e-01
  1 (restart 0) KSP residual norm 1.004080e-12
GMRES solver converged in 1 iteration (avg. reduction factor: 2.592e-12)
  Residual norms for GMRES solve
  0 (restart 0) KSP residual norm 3.351564e-01
  1 (restart 0) KSP residual norm 6.513554e-13
GMRES solver converged in 1 iteration (avg. reduction factor: 1.943e-12)
  Residual norms for GMRES solve
  0 (restart 0) KSP residual norm 4.206766e-01
  1 (restart 0) KSP residual norm 6.401349e-13
GMRES solver converged in 1 iteration (avg. reduction factor: 1.522e-12)
  Residual norms for GMRES solve
  0 (restart 0) KSP residual norm 7.822742e-02
  1 (restart 0) KSP residual norm 7.614858e-13
GMRES solver converged in 1 iteration (avg. reduction factor: 9.734e-12)
  Residual norms for GMRES solve
  0 (restart 0) KSP residual norm 3.007687e-01
  1 (restart 0) KSP residual norm 4.300339e-13
GMRES solver converged in 1 iteration (avg. reduction factor: 1.430e-12)
  Residual norms for GMRES solve
  0 (restart 0) KSP residual norm 3.174875e-01
  1 (restart 0) KSP residual norm 4.097385e-13
GMRES solver converged in 1 iteration (avg. reduction factor: 1.291e-12)
  Residual norms for GMRES solve
  0 (restart 0) KSP residual norm 1.713763e-01
  1 (restart 0) KSP residual norm 7.353241e-13
GMRES solver converged in 1 iteration (avg. reduction factor: 4.291e-12)
  Residual norms for GMRES solve
  0 (restart 0) KSP residual norm 4.293420e-01
  1 (restart 0) KSP residual norm 8.200342e-13
GMRES solver converged in 1 iteration (avg. reduction factor: 1.910e-12)
  Residual norms for GMRES solve
  0 (restart 0) KSP residual norm 2.221060e-01
  1 (restart 0) KSP residual norm 3.493773e-13
GMRES solver converged in 1 iteration (avg. reduction factor: 1.573e-12)
  Residual norms for GMRES solve
  0 (restart 0) KSP residual norm 2.890153e-01
  1 (restart 0) KSP residual norm 3.486371e-13
GMRES solver converged in 1 iteration (avg. reduction factor: 1.206e-12)
  Residual norms for GMRES solve
  0 (restart 0) KSP residual norm 3.629247e-01
  1 (restart 0) KSP residual norm 7.254194e-13
GMRES solver converged in 1 iteration (avg. reduction factor: 1.999e-12)
  Residual norms for GMRES solve
  0 (restart 0) KSP residual norm 1.962775e-01
  1 (restart 0) KSP residual norm 7.292502e-13
GMRES solver converged in 1 iteration (avg. reduction factor: 3.715e-12)
  Residual norms for GMRES solve
  0 (restart 0) KSP residual norm 3.032140e-01
  1 (restart 0) KSP residual norm 4.094540e-13
GMRES solver converged in 1 iteration (avg. reduction factor: 1.350e-12)
  3 EPS nconv=22 first unconverged value (error) 0.00448978-1.52167e-13i (1.58939926e-08)

 Linear eigensolve converged (22 eigenpairs) due to CONVERGED_TOL; iterations 3
 Total number of linear systems solved: 75
 Total number of linear solver iterations: 75
 Found 22 converged eigenvalues (first = 2.298e+01+8.423e-15i)

Computing solution error estimates and performing postprocessing

     m,        Re{f} (GHz),        Im{f} (GHz),                  Q,      Error (Bkwd.),       Error (Abs.)
     1,      +1.102782e+00,      +2.021282e-16,      +2.727927e+15,      +3.758995e-16,      +1.545652e-12
     2,      +1.757980e+00,      -2.308450e-13,      +3.807706e+12,      +1.639850e-15,      +6.749306e-12
     3,      +1.758429e+00,      -1.096596e-13,      +8.017669e+12,      +9.272916e-16,      +3.816556e-12
     4,      +1.889140e+00,      -4.204464e-13,      +2.246588e+12,      +1.403383e-15,      +5.777458e-12
     5,      +1.890320e+00,      +2.531243e-13,      +3.733975e+12,      +6.243860e-16,      +2.570484e-12
     6,      +2.022231e+00,      +9.289865e-14,      +1.088407e+13,      +2.015275e-15,      +8.298702e-12
     7,      +2.198050e+00,      -2.795666e-13,      +3.931175e+12,      +2.060395e-15,      +8.487705e-12
     8,      +2.199886e+00,      -5.242462e-13,      +2.098142e+12,      +4.787402e-15,      +1.972157e-11
     9,      +2.345564e+00,      -4.486444e-12,      +2.614057e+11,      +1.360512e-10,      +5.606479e-07
    10,      +2.346306e+00,      -4.182972e-11,      +2.804592e+10,      +2.140744e-10,      +8.821723e-07
    11,      +2.419608e+00,      +3.301449e-13,      +3.664464e+12,      +2.732466e-13,      +1.126213e-09
    12,      +2.431198e+00,      -3.527290e-13,      +3.446269e+12,      +1.819956e-12,      +7.501345e-09
    13,      +2.432398e+00,      -5.788222e-13,      +2.101162e+12,      +1.159410e-13,      +4.778778e-10
    14,      +2.525393e+00,      +6.102071e-14,      +2.069292e+13,      +3.480661e-13,      +1.434971e-09
    15,      +2.565976e+00,      -7.590810e-13,      +1.690186e+12,      +4.251365e-12,      +1.752893e-08
    16,      +2.567636e+00,      -6.834151e-13,      +1.878533e+12,      +9.089260e-13,      +3.747637e-09
    17,      +2.880965e+00,      +8.761600e-13,      +1.644086e+12,      +1.026973e-12,      +4.238036e-09
    18,      +2.882780e+00,      -1.372536e-11,      +1.050166e+11,      +5.374599e-12,      +2.217962e-08
    19,      +2.898935e+00,      -2.520761e-12,      +5.750119e+11,      +7.936164e-12,      +3.275211e-08
    20,      +2.904433e+00,      +9.078553e-12,      +1.599612e+11,      +1.861219e-11,      +7.681271e-08
    21,      +2.948062e+00,      -2.284189e-10,      +6.453191e+09,      +1.987593e-10,      +8.203882e-07
    22,      +2.953041e+00,      -1.425378e-11,      +1.035880e+11,      +3.536121e-10,      +1.459572e-06

Completed 0 iterations of adaptive mesh refinement (AMR):
 Indicator norm = 2.356e-01, global unknowns = 99243
 Max. iterations = 0, tol. = 1.000e-02

Estimated peak per-rank memory usage is: Min. 459.7M, Max. 527.0M, Avg. 486.9M, Total 1.9G
Estimated peak per-node memory usage is: Min. 1.9G, Max. 1.9G, Avg. 1.9G, Total 1.9G

Elapsed Time Report (s)           Min.        Max.        Avg.
==============================================================
Initialization                   1.364       2.901       2.508
  Mesh Preprocessing             2.280       3.817       2.674
Operator Construction            2.087       2.103       2.095
Linear Solve                     4.248       4.281       4.262
  Setup                          0.450       0.450       0.450
  Preconditioner                17.014      17.072      17.045
Eigenvalue Solve                 3.789       3.807       3.796
Div.-Free Projection            22.988      23.046      23.011
Estimation                       1.017       1.059       1.041
  Construction                   2.641       2.641       2.641
  Solve                         26.328      26.404      26.359
Postprocessing                   4.255       4.289       4.275
Disk IO                          5.030       5.031       5.030
--------------------------------------------------------------
Total                           96.550      96.554      96.553

Peak Memory                   Per-Node       Total   Total HWM
==============================================================
Initialization                    6.7M        6.7M        6.7M
  Mesh Preprocessing            100.2M      100.2M      106.9M
Operator Construction            90.3M       90.3M      197.2M
Linear Solve                      0.0K        0.0K      197.2M
  Setup                         188.2M      188.2M      385.4M
  Preconditioner                  1.2G        1.2G        1.6G
Eigenvalue Solve                 41.4M       41.4M        1.6G
Div.-Free Projection             46.5M       46.5M        1.7G
Estimation                        5.5M        5.5M        1.7G
  Construction                    1.6M        1.6M        1.7G
  Solve                           0.0K        0.0K        1.7G
Postprocessing                    0.0K        0.0K        1.7G
Disk IO                         125.6M      125.6M        1.8G
--------------------------------------------------------------
Total                             1.9G        1.9G        1.9G

