>> /home/tanderson/.local/share/mamba/envs/emsim/bin/mpirun -n 4 /home/tanderson/.local/opt/palace/bin/palace-x86_64.bin e0g_s3.json

_____________     _______
_____   __   \____ __   /____ ____________
____   /_/  /  __ ` /  /  __ ` /  ___/  _ \
___   _____/  /_/  /  /  /_/  /  /__/  ___/
  /__/     \___,__/__/\___,__/\_____\_____/

Git changeset ID: 3c83b9d
Running with 4 MPI processes, 1 OpenMP thread
Device configuration: omp,cpu
Memory configuration: host-std
libCEED backend: /cpu/self/opt/blocked

Added 11830 boundary elements for material interfaces to the mesh

Characteristic length and time scales:
 Lc = 2.074e-01 m, tc = 6.918e-01 ns
Finished partitioning mesh into 4 subdomains

Mesh curvature order: 2
Mesh bounding box:
 (Xmin, Ymin, Zmin) = (-1.037e-01, -1.037e-01, -4.426e-02) m
 (Xmax, Ymax, Zmax) = (+1.037e-01, +1.037e-01, +4.426e-02) m

Parallel Mesh Stats:

                minimum     average     maximum       total
 vertices          3380        3601        4193       14404
 edges            24153       24810       26558       99243
 faces            41594       42040       43190      168162
 elements         20821       20830       20839       83322
 neighbors            2           2           3

            minimum     maximum
 h       0.00398399    0.114125
 kappa      1.01569     17.0532

Estimated current per-rank memory usage is: Min. 39.6M, Max. 98.3M, Avg. 54.4M, Total 217.6M
Estimated current per-node memory usage is: Min. 217.7M, Max. 217.7M, Avg. 217.7M, Total 217.7M

Configuring Dirichlet PEC BC at attributes:
 90

Assembling system matrices, number of global unknowns:
 H1 (p = 3): 381052, ND (p = 3): 1556667, RT (p = 3): 2008836
 Operator assembly level: Partial
 Mesh geometries:
  Tetrahedron: P = 45, Q = 24 (quadrature order = 6)

Configuring SLEPc eigenvalue solver:
 Scaling γ = 2.189e+05, δ = 1.110e-04
 Configuring divergence-free projection
 Using random starting vector
 Shift-and-invert σ = 1.050e+00 GHz (4.564e+00)

Assembling multigrid hierarchy:
 Level 0 (p = 1): 99243 unknowns
 Level 1 (p = 2): 534810 unknowns
 Level 2 (p = 3): 1556667 unknowns
 Level 0 (auxiliary) (p = 1): 14404 unknowns
 Level 1 (auxiliary) (p = 2): 113647 unknowns
 Level 2 (auxiliary) (p = 3): 381052 unknowns

#PETSc Option Table entries:
-eps_monitor # (source: code)
#End of PETSc Option Table entries

  Residual norms for GMRES solve
  0 (restart 0) KSP residual norm 1.944869e-02
  1 (restart 0) KSP residual norm 5.588619e-04
  2 (restart 0) KSP residual norm 2.179468e-05
  3 (restart 0) KSP residual norm 1.949771e-06
  4 (restart 0) KSP residual norm 2.427333e-07
  5 (restart 0) KSP residual norm 3.567250e-08
  6 (restart 0) KSP residual norm 5.583869e-09
  7 (restart 0) KSP residual norm 8.941035e-10
  8 (restart 0) KSP residual norm 1.345264e-10
GMRES solver converged in 8 iterations (avg. reduction factor: 9.550e-02)
  Residual norms for GMRES solve
  0 (restart 0) KSP residual norm 1.026960e+01
  1 (restart 0) KSP residual norm 2.746504e-02
  2 (restart 0) KSP residual norm 8.994559e-04
  3 (restart 0) KSP residual norm 7.305050e-05
  4 (restart 0) KSP residual norm 6.264371e-06
  5 (restart 0) KSP residual norm 8.430773e-07
  6 (restart 0) KSP residual norm 1.302838e-07
  7 (restart 0) KSP residual norm 1.985998e-08
GMRES solver converged in 7 iterations (avg. reduction factor: 5.691e-02)
  Residual norms for GMRES solve
  0 (restart 0) KSP residual norm 4.566895e+00
  1 (restart 0) KSP residual norm 2.144400e-02
  2 (restart 0) KSP residual norm 5.094680e-04
  3 (restart 0) KSP residual norm 3.905658e-05
  4 (restart 0) KSP residual norm 3.598914e-06
  5 (restart 0) KSP residual norm 5.087851e-07
  6 (restart 0) KSP residual norm 7.649078e-08
  7 (restart 0) KSP residual norm 1.151883e-08
GMRES solver converged in 7 iterations (avg. reduction factor: 5.911e-02)
  Residual norms for GMRES solve
  0 (restart 0) KSP residual norm 4.134040e-01
  1 (restart 0) KSP residual norm 1.038852e-02
  2 (restart 0) KSP residual norm 3.658603e-04
  3 (restart 0) KSP residual norm 2.769757e-05
  4 (restart 0) KSP residual norm 2.867329e-06
  5 (restart 0) KSP residual norm 4.288811e-07
  6 (restart 0) KSP residual norm 7.729026e-08
  7 (restart 0) KSP residual norm 1.218843e-08
  8 (restart 0) KSP residual norm 1.826751e-09
GMRES solver converged in 8 iterations (avg. reduction factor: 9.029e-02)
  Residual norms for GMRES solve
  0 (restart 0) KSP residual norm 5.351536e-01
  1 (restart 0) KSP residual norm 1.641910e-02
  2 (restart 0) KSP residual norm 3.598548e-04
  3 (restart 0) KSP residual norm 2.821789e-05
  4 (restart 0) KSP residual norm 2.884758e-06
  5 (restart 0) KSP residual norm 4.077620e-07
  6 (restart 0) KSP residual norm 6.786724e-08
  7 (restart 0) KSP residual norm 1.084465e-08
  8 (restart 0) KSP residual norm 1.694323e-09
GMRES solver converged in 8 iterations (avg. reduction factor: 8.661e-02)
  Residual norms for GMRES solve
  0 (restart 0) KSP residual norm 4.725449e-01
  1 (restart 0) KSP residual norm 1.428187e-02
  2 (restart 0) KSP residual norm 3.165855e-04
  3 (restart 0) KSP residual norm 2.605853e-05
  4 (restart 0) KSP residual norm 2.826001e-06
  5 (restart 0) KSP residual norm 4.022228e-07
  6 (restart 0) KSP residual norm 6.973920e-08
  7 (restart 0) KSP residual norm 1.160861e-08
  8 (restart 0) KSP residual norm 1.734229e-09
GMRES solver converged in 8 iterations (avg. reduction factor: 8.822e-02)
  Residual norms for GMRES solve
  0 (restart 0) KSP residual norm 3.954248e-01
  1 (restart 0) KSP residual norm 1.480892e-02
  2 (restart 0) KSP residual norm 3.453811e-04
  3 (restart 0) KSP residual norm 2.375570e-05
  4 (restart 0) KSP residual norm 2.590596e-06
  5 (restart 0) KSP residual norm 3.987699e-07
  6 (restart 0) KSP residual norm 6.447609e-08
  7 (restart 0) KSP residual norm 9.802614e-09
  8 (restart 0) KSP residual norm 1.451358e-09
GMRES solver converged in 8 iterations (avg. reduction factor: 8.822e-02)
  Residual norms for GMRES solve
  0 (restart 0) KSP residual norm 4.157626e-01
  1 (restart 0) KSP residual norm 1.266122e-02
  2 (restart 0) KSP residual norm 4.562310e-04
  3 (restart 0) KSP residual norm 2.531851e-05
  4 (restart 0) KSP residual norm 2.642833e-06
  5 (restart 0) KSP residual norm 3.783931e-07
  6 (restart 0) KSP residual norm 5.477708e-08
  7 (restart 0) KSP residual norm 8.794867e-09
  8 (restart 0) KSP residual norm 1.518177e-09
GMRES solver converged in 8 iterations (avg. reduction factor: 8.817e-02)
  Residual norms for GMRES solve
  0 (restart 0) KSP residual norm 3.457593e-01
  1 (restart 0) KSP residual norm 4.772201e-03
  2 (restart 0) KSP residual norm 3.090338e-04
  3 (restart 0) KSP residual norm 2.359999e-05
  4 (restart 0) KSP residual norm 2.496438e-06
  5 (restart 0) KSP residual norm 3.684640e-07
  6 (restart 0) KSP residual norm 5.483373e-08
  7 (restart 0) KSP residual norm 8.571544e-09
  8 (restart 0) KSP residual norm 1.461200e-09
GMRES solver converged in 8 iterations (avg. reduction factor: 8.979e-02)
  Residual norms for GMRES solve
  0 (restart 0) KSP residual norm 3.325059e-01
  1 (restart 0) KSP residual norm 1.272239e-02
  2 (restart 0) KSP residual norm 3.743048e-04
  3 (restart 0) KSP residual norm 2.999651e-05
  4 (restart 0) KSP residual norm 3.104529e-06
  5 (restart 0) KSP residual norm 4.013245e-07
  6 (restart 0) KSP residual norm 6.215484e-08
  7 (restart 0) KSP residual norm 1.060953e-08
  8 (restart 0) KSP residual norm 1.614699e-09
GMRES solver converged in 8 iterations (avg. reduction factor: 9.137e-02)
  Residual norms for GMRES solve
  0 (restart 0) KSP residual norm 5.905520e-01
  1 (restart 0) KSP residual norm 1.581517e-02
  2 (restart 0) KSP residual norm 3.482985e-04
  3 (restart 0) KSP residual norm 2.433660e-05
  4 (restart 0) KSP residual norm 2.562854e-06
  5 (restart 0) KSP residual norm 3.908675e-07
  6 (restart 0) KSP residual norm 6.811504e-08
  7 (restart 0) KSP residual norm 1.102628e-08
  8 (restart 0) KSP residual norm 1.610991e-09
GMRES solver converged in 8 iterations (avg. reduction factor: 8.501e-02)
  Residual norms for GMRES solve
  0 (restart 0) KSP residual norm 2.437444e-01
  1 (restart 0) KSP residual norm 1.121421e-02
  2 (restart 0) KSP residual norm 2.953289e-04
  3 (restart 0) KSP residual norm 2.196212e-05
  4 (restart 0) KSP residual norm 2.267021e-06
  5 (restart 0) KSP residual norm 3.312837e-07
  6 (restart 0) KSP residual norm 5.632435e-08
  7 (restart 0) KSP residual norm 8.949771e-09
  8 (restart 0) KSP residual norm 1.335149e-09
GMRES solver converged in 8 iterations (avg. reduction factor: 9.275e-02)
  Residual norms for GMRES solve
  0 (restart 0) KSP residual norm 1.186154e+00
  1 (restart 0) KSP residual norm 1.596960e-02
  2 (restart 0) KSP residual norm 3.121188e-04
  3 (restart 0) KSP residual norm 2.676881e-05
  4 (restart 0) KSP residual norm 2.774925e-06
  5 (restart 0) KSP residual norm 3.571604e-07
  6 (restart 0) KSP residual norm 5.060149e-08
  7 (restart 0) KSP residual norm 7.615384e-09
GMRES solver converged in 7 iterations (avg. reduction factor: 6.755e-02)
  Residual norms for GMRES solve
  0 (restart 0) KSP residual norm 5.835997e-01
  1 (restart 0) KSP residual norm 1.169296e-02
  2 (restart 0) KSP residual norm 2.960205e-04
  3 (restart 0) KSP residual norm 2.417505e-05
  4 (restart 0) KSP residual norm 2.599546e-06
  5 (restart 0) KSP residual norm 3.685058e-07
  6 (restart 0) KSP residual norm 5.863054e-08
  7 (restart 0) KSP residual norm 9.385311e-09
  8 (restart 0) KSP residual norm 1.542119e-09
GMRES solver converged in 8 iterations (avg. reduction factor: 8.467e-02)
  Residual norms for GMRES solve
  0 (restart 0) KSP residual norm 1.041051e+00
  1 (restart 0) KSP residual norm 1.318765e-02
  2 (restart 0) KSP residual norm 2.796402e-04
  3 (restart 0) KSP residual norm 2.192193e-05
  4 (restart 0) KSP residual norm 2.386473e-06
  5 (restart 0) KSP residual norm 3.710530e-07
  6 (restart 0) KSP residual norm 6.032363e-08
  7 (restart 0) KSP residual norm 9.389170e-09
GMRES solver converged in 7 iterations (avg. reduction factor: 7.091e-02)
  Residual norms for GMRES solve
  0 (restart 0) KSP residual norm 8.231306e-01
  1 (restart 0) KSP residual norm 1.511345e-02
  2 (restart 0) KSP residual norm 3.138338e-04
  3 (restart 0) KSP residual norm 2.793091e-05
  4 (restart 0) KSP residual norm 3.055693e-06
  5 (restart 0) KSP residual norm 3.600194e-07
  6 (restart 0) KSP residual norm 4.926872e-08
  7 (restart 0) KSP residual norm 7.354234e-09
GMRES solver converged in 7 iterations (avg. reduction factor: 7.082e-02)
  Residual norms for GMRES solve
  0 (restart 0) KSP residual norm 1.382308e+00
  1 (restart 0) KSP residual norm 2.480374e-02
  2 (restart 0) KSP residual norm 3.759711e-04
  3 (restart 0) KSP residual norm 2.814494e-05
  4 (restart 0) KSP residual norm 2.996266e-06
  5 (restart 0) KSP residual norm 4.106028e-07
  6 (restart 0) KSP residual norm 6.254049e-08
  7 (restart 0) KSP residual norm 9.933535e-09
GMRES solver converged in 7 iterations (avg. reduction factor: 6.865e-02)
  Residual norms for GMRES solve
  0 (restart 0) KSP residual norm 9.178043e-01
  1 (restart 0) KSP residual norm 3.076048e-02
  2 (restart 0) KSP residual norm 3.778680e-04
  3 (restart 0) KSP residual norm 3.012530e-05
  4 (restart 0) KSP residual norm 3.152790e-06
  5 (restart 0) KSP residual norm 4.867634e-07
  6 (restart 0) KSP residual norm 7.937834e-08
  7 (restart 0) KSP residual norm 1.146047e-08
  8 (restart 0) KSP residual norm 1.803255e-09
GMRES solver converged in 8 iterations (avg. reduction factor: 8.159e-02)
  Residual norms for GMRES solve
  0 (restart 0) KSP residual norm 1.293041e+00
  1 (restart 0) KSP residual norm 1.117400e-02
  2 (restart 0) KSP residual norm 3.443061e-04
  3 (restart 0) KSP residual norm 2.582824e-05
  4 (restart 0) KSP residual norm 2.657882e-06
  5 (restart 0) KSP residual norm 3.739734e-07
  6 (restart 0) KSP residual norm 5.559762e-08
  7 (restart 0) KSP residual norm 8.199564e-09
GMRES solver converged in 7 iterations (avg. reduction factor: 6.743e-02)
  Residual norms for GMRES solve
  0 (restart 0) KSP residual norm 1.496769e+00
  1 (restart 0) KSP residual norm 1.252677e-02
  2 (restart 0) KSP residual norm 3.594233e-04
  3 (restart 0) KSP residual norm 2.783767e-05
  4 (restart 0) KSP residual norm 2.973792e-06
  5 (restart 0) KSP residual norm 3.885226e-07
  6 (restart 0) KSP residual norm 5.621542e-08
  7 (restart 0) KSP residual norm 8.247156e-09
GMRES solver converged in 7 iterations (avg. reduction factor: 6.609e-02)
  Residual norms for GMRES solve
  0 (restart 0) KSP residual norm 1.995909e+00
  1 (restart 0) KSP residual norm 3.024218e-02
  2 (restart 0) KSP residual norm 5.076438e-04
  3 (restart 0) KSP residual norm 2.993780e-05
  4 (restart 0) KSP residual norm 3.036715e-06
  5 (restart 0) KSP residual norm 4.350236e-07
  6 (restart 0) KSP residual norm 6.513438e-08
  7 (restart 0) KSP residual norm 1.029441e-08
GMRES solver converged in 7 iterations (avg. reduction factor: 6.547e-02)
  Residual norms for GMRES solve
  0 (restart 0) KSP residual norm 2.604439e+00
  1 (restart 0) KSP residual norm 2.285867e-02
  2 (restart 0) KSP residual norm 4.740540e-04
  3 (restart 0) KSP residual norm 3.255899e-05
  4 (restart 0) KSP residual norm 3.357542e-06
  5 (restart 0) KSP residual norm 4.971212e-07
  6 (restart 0) KSP residual norm 8.125547e-08
  7 (restart 0) KSP residual norm 1.295581e-08
GMRES solver converged in 7 iterations (avg. reduction factor: 6.514e-02)
  Residual norms for GMRES solve
  0 (restart 0) KSP residual norm 3.868554e+00
  1 (restart 0) KSP residual norm 1.369881e-02
  2 (restart 0) KSP residual norm 4.223938e-04
  3 (restart 0) KSP residual norm 3.307842e-05
  4 (restart 0) KSP residual norm 3.319471e-06
  5 (restart 0) KSP residual norm 4.843657e-07
  6 (restart 0) KSP residual norm 8.130539e-08
  7 (restart 0) KSP residual norm 1.209209e-08
GMRES solver converged in 7 iterations (avg. reduction factor: 6.095e-02)
  Residual norms for GMRES solve
  0 (restart 0) KSP residual norm 2.348186e+00
  1 (restart 0) KSP residual norm 1.207134e-02
  2 (restart 0) KSP residual norm 3.262859e-04
  3 (restart 0) KSP residual norm 2.819418e-05
  4 (restart 0) KSP residual norm 2.916741e-06
  5 (restart 0) KSP residual norm 3.809439e-07
  6 (restart 0) KSP residual norm 5.210478e-08
  7 (restart 0) KSP residual norm 6.891702e-09
GMRES solver converged in 7 iterations (avg. reduction factor: 6.041e-02)
  Residual norms for GMRES solve
  0 (restart 0) KSP residual norm 7.315175e-01
  1 (restart 0) KSP residual norm 1.069233e-02
  2 (restart 0) KSP residual norm 2.836450e-04
  3 (restart 0) KSP residual norm 2.309879e-05
  4 (restart 0) KSP residual norm 2.495745e-06
  5 (restart 0) KSP residual norm 3.352523e-07
  6 (restart 0) KSP residual norm 5.000725e-08
  7 (restart 0) KSP residual norm 7.612884e-09
  8 (restart 0) KSP residual norm 1.293389e-09
GMRES solver converged in 8 iterations (avg. reduction factor: 8.053e-02)
  Residual norms for GMRES solve
  0 (restart 0) KSP residual norm 1.714525e-01
  1 (restart 0) KSP residual norm 6.781029e-03
  2 (restart 0) KSP residual norm 2.781772e-04
  3 (restart 0) KSP residual norm 2.084829e-05
  4 (restart 0) KSP residual norm 2.256041e-06
  5 (restart 0) KSP residual norm 3.042237e-07
  6 (restart 0) KSP residual norm 3.927405e-08
  7 (restart 0) KSP residual norm 5.103988e-09
  8 (restart 0) KSP residual norm 7.775433e-10
GMRES solver converged in 8 iterations (avg. reduction factor: 9.059e-02)
  Residual norms for GMRES solve
  0 (restart 0) KSP residual norm 2.839267e-01
  1 (restart 0) KSP residual norm 9.849022e-03
  2 (restart 0) KSP residual norm 3.274266e-04
  3 (restart 0) KSP residual norm 2.496101e-05
  4 (restart 0) KSP residual norm 2.728480e-06
  5 (restart 0) KSP residual norm 3.672084e-07
  6 (restart 0) KSP residual norm 5.580235e-08
  7 (restart 0) KSP residual norm 8.243995e-09
  8 (restart 0) KSP residual norm 1.322153e-09
GMRES solver converged in 8 iterations (avg. reduction factor: 9.089e-02)
  Residual norms for GMRES solve
  0 (restart 0) KSP residual norm 3.568362e-01
  1 (restart 0) KSP residual norm 1.404253e-02
  2 (restart 0) KSP residual norm 3.440334e-04
  3 (restart 0) KSP residual norm 2.533550e-05
  4 (restart 0) KSP residual norm 2.530458e-06
  5 (restart 0) KSP residual norm 3.534330e-07
  6 (restart 0) KSP residual norm 5.250897e-08
  7 (restart 0) KSP residual norm 7.416078e-09
  8 (restart 0) KSP residual norm 1.182251e-09
GMRES solver converged in 8 iterations (avg. reduction factor: 8.710e-02)
  Residual norms for GMRES solve
  0 (restart 0) KSP residual norm 5.256835e-01
  1 (restart 0) KSP residual norm 1.242353e-02
  2 (restart 0) KSP residual norm 3.140034e-04
  3 (restart 0) KSP residual norm 2.279916e-05
  4 (restart 0) KSP residual norm 2.538347e-06
  5 (restart 0) KSP residual norm 3.532173e-07
  6 (restart 0) KSP residual norm 5.206783e-08
  7 (restart 0) KSP residual norm 7.546190e-09
  8 (restart 0) KSP residual norm 1.178141e-09
GMRES solver converged in 8 iterations (avg. reduction factor: 8.295e-02)
  Residual norms for GMRES solve
  0 (restart 0) KSP residual norm 2.747113e-01
  1 (restart 0) KSP residual norm 9.413143e-03
  2 (restart 0) KSP residual norm 2.785701e-04
  3 (restart 0) KSP residual norm 2.099826e-05
  4 (restart 0) KSP residual norm 2.275431e-06
  5 (restart 0) KSP residual norm 3.271444e-07
  6 (restart 0) KSP residual norm 4.703683e-08
  7 (restart 0) KSP residual norm 6.512729e-09
  8 (restart 0) KSP residual norm 1.007037e-09
GMRES solver converged in 8 iterations (avg. reduction factor: 8.821e-02)
  Residual norms for GMRES solve
  0 (restart 0) KSP residual norm 5.722949e-01
  1 (restart 0) KSP residual norm 1.035138e-02
  2 (restart 0) KSP residual norm 2.771703e-04
  3 (restart 0) KSP residual norm 2.233903e-05
  4 (restart 0) KSP residual norm 2.446260e-06
  5 (restart 0) KSP residual norm 3.441300e-07
  6 (restart 0) KSP residual norm 4.830560e-08
  7 (restart 0) KSP residual norm 6.960688e-09
  8 (restart 0) KSP residual norm 1.098882e-09
GMRES solver converged in 8 iterations (avg. reduction factor: 8.136e-02)
  Residual norms for GMRES solve
  0 (restart 0) KSP residual norm 2.856216e-01
  1 (restart 0) KSP residual norm 7.567440e-03
  2 (restart 0) KSP residual norm 2.739533e-04
  3 (restart 0) KSP residual norm 2.109772e-05
  4 (restart 0) KSP residual norm 2.198369e-06
  5 (restart 0) KSP residual norm 3.324053e-07
  6 (restart 0) KSP residual norm 5.246513e-08
  7 (restart 0) KSP residual norm 8.599839e-09
  8 (restart 0) KSP residual norm 1.366112e-09
GMRES solver converged in 8 iterations (avg. reduction factor: 9.119e-02)
  Residual norms for GMRES solve
  0 (restart 0) KSP residual norm 5.463516e-01
  1 (restart 0) KSP residual norm 1.222827e-02
  2 (restart 0) KSP residual norm 3.273939e-04
  3 (restart 0) KSP residual norm 2.496978e-05
  4 (restart 0) KSP residual norm 2.655870e-06
  5 (restart 0) KSP residual norm 3.373584e-07
  6 (restart 0) KSP residual norm 4.518091e-08
  7 (restart 0) KSP residual norm 6.242999e-09
  8 (restart 0) KSP residual norm 9.194719e-10
GMRES solver converged in 8 iterations (avg. reduction factor: 8.003e-02)
  Residual norms for GMRES solve
  0 (restart 0) KSP residual norm 5.337303e-01
  1 (restart 0) KSP residual norm 1.426160e-02
  2 (restart 0) KSP residual norm 3.243113e-04
  3 (restart 0) KSP residual norm 2.563418e-05
  4 (restart 0) KSP residual norm 2.728672e-06
  5 (restart 0) KSP residual norm 3.985048e-07
  6 (restart 0) KSP residual norm 6.390084e-08
  7 (restart 0) KSP residual norm 9.882188e-09
  8 (restart 0) KSP residual norm 1.587309e-09
GMRES solver converged in 8 iterations (avg. reduction factor: 8.593e-02)
  Residual norms for GMRES solve
  0 (restart 0) KSP residual norm 1.763257e-01
  1 (restart 0) KSP residual norm 7.246866e-03
  2 (restart 0) KSP residual norm 3.053147e-04
  3 (restart 0) KSP residual norm 2.226907e-05
  4 (restart 0) KSP residual norm 2.328725e-06
  5 (restart 0) KSP residual norm 3.135985e-07
  6 (restart 0) KSP residual norm 4.477292e-08
  7 (restart 0) KSP residual norm 6.488495e-09
  8 (restart 0) KSP residual norm 9.855758e-10
GMRES solver converged in 8 iterations (avg. reduction factor: 9.299e-02)
  Residual norms for GMRES solve
  0 (restart 0) KSP residual norm 3.940198e-01
  1 (restart 0) KSP residual norm 1.360193e-02
  2 (restart 0) KSP residual norm 2.951946e-04
  3 (restart 0) KSP residual norm 2.340788e-05
  4 (restart 0) KSP residual norm 2.541583e-06
  5 (restart 0) KSP residual norm 3.436860e-07
  6 (restart 0) KSP residual norm 5.049224e-08
  7 (restart 0) KSP residual norm 7.454406e-09
  8 (restart 0) KSP residual norm 1.224550e-09
GMRES solver converged in 8 iterations (avg. reduction factor: 8.641e-02)
  Residual norms for GMRES solve
  0 (restart 0) KSP residual norm 2.562091e-01
  1 (restart 0) KSP residual norm 9.730280e-03
  2 (restart 0) KSP residual norm 2.931342e-04
  3 (restart 0) KSP residual norm 2.002104e-05
  4 (restart 0) KSP residual norm 2.096857e-06
  5 (restart 0) KSP residual norm 3.088507e-07
  6 (restart 0) KSP residual norm 4.269646e-08
  7 (restart 0) KSP residual norm 6.199376e-09
  8 (restart 0) KSP residual norm 1.020766e-09
GMRES solver converged in 8 iterations (avg. reduction factor: 8.913e-02)
  Residual norms for GMRES solve
  0 (restart 0) KSP residual norm 2.185809e-01
  1 (restart 0) KSP residual norm 7.752120e-03
  2 (restart 0) KSP residual norm 2.894288e-04
  3 (restart 0) KSP residual norm 2.241617e-05
  4 (restart 0) KSP residual norm 2.606265e-06
  5 (restart 0) KSP residual norm 3.881597e-07
  6 (restart 0) KSP residual norm 5.916845e-08
  7 (restart 0) KSP residual norm 8.202015e-09
  8 (restart 0) KSP residual norm 1.158132e-09
GMRES solver converged in 8 iterations (avg. reduction factor: 9.237e-02)
  Residual norms for GMRES solve
  0 (restart 0) KSP residual norm 1.715010e-01
  1 (restart 0) KSP residual norm 5.936646e-03
  2 (restart 0) KSP residual norm 2.705464e-04
  3 (restart 0) KSP residual norm 2.105393e-05
  4 (restart 0) KSP residual norm 2.270246e-06
  5 (restart 0) KSP residual norm 3.158091e-07
  6 (restart 0) KSP residual norm 4.642961e-08
  7 (restart 0) KSP residual norm 6.774042e-09
  8 (restart 0) KSP residual norm 1.071428e-09
GMRES solver converged in 8 iterations (avg. reduction factor: 9.429e-02)
  Residual norms for GMRES solve
  0 (restart 0) KSP residual norm 5.207292e-01
  1 (restart 0) KSP residual norm 7.951608e-03
  2 (restart 0) KSP residual norm 2.803660e-04
  3 (restart 0) KSP residual norm 2.096360e-05
  4 (restart 0) KSP residual norm 2.278188e-06
  5 (restart 0) KSP residual norm 3.648171e-07
  6 (restart 0) KSP residual norm 6.365261e-08
  7 (restart 0) KSP residual norm 9.860233e-09
  8 (restart 0) KSP residual norm 1.414050e-09
GMRES solver converged in 8 iterations (avg. reduction factor: 8.496e-02)
  Residual norms for GMRES solve
  0 (restart 0) KSP residual norm 4.427486e-01
  1 (restart 0) KSP residual norm 1.347267e-02
  2 (restart 0) KSP residual norm 2.713349e-04
  3 (restart 0) KSP residual norm 2.231550e-05
  4 (restart 0) KSP residual norm 2.425942e-06
  5 (restart 0) KSP residual norm 3.214261e-07
  6 (restart 0) KSP residual norm 4.779790e-08
  7 (restart 0) KSP residual norm 7.073673e-09
  8 (restart 0) KSP residual norm 1.128393e-09
GMRES solver converged in 8 iterations (avg. reduction factor: 8.429e-02)
  Residual norms for GMRES solve
  0 (restart 0) KSP residual norm 5.431519e-01
  1 (restart 0) KSP residual norm 1.121921e-02
  2 (restart 0) KSP residual norm 2.827102e-04
  3 (restart 0) KSP residual norm 2.128217e-05
  4 (restart 0) KSP residual norm 2.192181e-06
  5 (restart 0) KSP residual norm 3.188984e-07
  6 (restart 0) KSP residual norm 5.639090e-08
  7 (restart 0) KSP residual norm 8.770133e-09
  8 (restart 0) KSP residual norm 1.310172e-09
GMRES solver converged in 8 iterations (avg. reduction factor: 8.371e-02)
  Residual norms for GMRES solve
  0 (restart 0) KSP residual norm 2.235386e-01
  1 (restart 0) KSP residual norm 6.935169e-03
  2 (restart 0) KSP residual norm 2.528040e-04
  3 (restart 0) KSP residual norm 2.062416e-05
  4 (restart 0) KSP residual norm 2.313287e-06
  5 (restart 0) KSP residual norm 3.743607e-07
  6 (restart 0) KSP residual norm 6.416984e-08
  7 (restart 0) KSP residual norm 1.018342e-08
  8 (restart 0) KSP residual norm 1.476318e-09
GMRES solver converged in 8 iterations (avg. reduction factor: 9.495e-02)
  Residual norms for GMRES solve
  0 (restart 0) KSP residual norm 6.861169e-01
  1 (restart 0) KSP residual norm 7.846301e-03
  2 (restart 0) KSP residual norm 2.616475e-04
  3 (restart 0) KSP residual norm 2.146880e-05
  4 (restart 0) KSP residual norm 2.218438e-06
  5 (restart 0) KSP residual norm 3.109283e-07
  6 (restart 0) KSP residual norm 5.134079e-08
  7 (restart 0) KSP residual norm 8.547130e-09
  8 (restart 0) KSP residual norm 1.309187e-09
GMRES solver converged in 8 iterations (avg. reduction factor: 8.130e-02)
  1 EPS nconv=8 first unconverged value (error) 0.000481929+3.3577e-12i (5.24998745e-07)
  Residual norms for GMRES solve
  0 (restart 0) KSP residual norm 4.262176e-01
  1 (restart 0) KSP residual norm 6.521719e-03
  2 (restart 0) KSP residual norm 2.490393e-04
  3 (restart 0) KSP residual norm 2.091501e-05
  4 (restart 0) KSP residual norm 2.466702e-06
  5 (restart 0) KSP residual norm 3.797779e-07
  6 (restart 0) KSP residual norm 6.650040e-08
  7 (restart 0) KSP residual norm 1.033168e-08
  8 (restart 0) KSP residual norm 1.531899e-09
GMRES solver converged in 8 iterations (avg. reduction factor: 8.799e-02)
  Residual norms for GMRES solve
  0 (restart 0) KSP residual norm 5.689860e-01
  1 (restart 0) KSP residual norm 7.197025e-03
  2 (restart 0) KSP residual norm 2.150035e-04
  3 (restart 0) KSP residual norm 1.908431e-05
  4 (restart 0) KSP residual norm 2.112418e-06
  5 (restart 0) KSP residual norm 2.788720e-07
  6 (restart 0) KSP residual norm 4.232812e-08
  7 (restart 0) KSP residual norm 6.369434e-09
  8 (restart 0) KSP residual norm 9.727643e-10
GMRES solver converged in 8 iterations (avg. reduction factor: 8.019e-02)
  Residual norms for GMRES solve
  0 (restart 0) KSP residual norm 2.172162e-01
  1 (restart 0) KSP residual norm 7.408487e-03
  2 (restart 0) KSP residual norm 2.488333e-04
  3 (restart 0) KSP residual norm 2.103297e-05
  4 (restart 0) KSP residual norm 2.423704e-06
  5 (restart 0) KSP residual norm 3.372360e-07
  6 (restart 0) KSP residual norm 5.392570e-08
  7 (restart 0) KSP residual norm 8.918031e-09
  8 (restart 0) KSP residual norm 1.364316e-09
GMRES solver converged in 8 iterations (avg. reduction factor: 9.435e-02)
  Residual norms for GMRES solve
  0 (restart 0) KSP residual norm 3.598341e-01
  1 (restart 0) KSP residual norm 1.065493e-02
  2 (restart 0) KSP residual norm 3.200577e-04
  3 (restart 0) KSP residual norm 2.368707e-05
  4 (restart 0) KSP residual norm 2.641288e-06
  5 (restart 0) KSP residual norm 3.561731e-07
  6 (restart 0) KSP residual norm 5.405978e-08
  7 (restart 0) KSP residual norm 8.471941e-09
  8 (restart 0) KSP residual norm 1.340466e-09
GMRES solver converged in 8 iterations (avg. reduction factor: 8.839e-02)
  Residual norms for GMRES solve
  0 (restart 0) KSP residual norm 2.737536e-01
  1 (restart 0) KSP residual norm 9.503222e-03
  2 (restart 0) KSP residual norm 3.170113e-04
  3 (restart 0) KSP residual norm 2.551716e-05
  4 (restart 0) KSP residual norm 2.656622e-06
  5 (restart 0) KSP residual norm 3.482756e-07
  6 (restart 0) KSP residual norm 5.171372e-08
  7 (restart 0) KSP residual norm 7.728208e-09
  8 (restart 0) KSP residual norm 1.319747e-09
GMRES solver converged in 8 iterations (avg. reduction factor: 9.128e-02)
  Residual norms for GMRES solve
  0 (restart 0) KSP residual norm 3.607310e-01
  1 (restart 0) KSP residual norm 7.421761e-03
  2 (restart 0) KSP residual norm 2.553841e-04
  3 (restart 0) KSP residual norm 2.016295e-05
  4 (restart 0) KSP residual norm 2.159891e-06
  5 (restart 0) KSP residual norm 2.935537e-07
  6 (restart 0) KSP residual norm 4.450777e-08
  7 (restart 0) KSP residual norm 7.030440e-09
  8 (restart 0) KSP residual norm 1.165964e-09
GMRES solver converged in 8 iterations (avg. reduction factor: 8.683e-02)
  Residual norms for GMRES solve
  0 (restart 0) KSP residual norm 2.172106e-01
  1 (restart 0) KSP residual norm 6.306701e-03
  2 (restart 0) KSP residual norm 2.219000e-04
  3 (restart 0) KSP residual norm 1.870312e-05
  4 (restart 0) KSP residual norm 2.115972e-06
  5 (restart 0) KSP residual norm 3.286451e-07
  6 (restart 0) KSP residual norm 5.721053e-08
  7 (restart 0) KSP residual norm 8.966738e-09
  8 (restart 0) KSP residual norm 1.329756e-09
GMRES solver converged in 8 iterations (avg. reduction factor: 9.405e-02)
  Residual norms for GMRES solve
  0 (restart 0) KSP residual norm 1.983973e-01
  1 (restart 0) KSP residual norm 6.192970e-03
  2 (restart 0) KSP residual norm 2.566733e-04
  3 (restart 0) KSP residual norm 2.040591e-05
  4 (restart 0) KSP residual norm 2.314249e-06
  5 (restart 0) KSP residual norm 3.264600e-07
  6 (restart 0) KSP residual norm 5.259147e-08
  7 (restart 0) KSP residual norm 8.333948e-09
  8 (restart 0) KSP residual norm 1.217490e-09
GMRES solver converged in 8 iterations (avg. reduction factor: 9.408e-02)
  Residual norms for GMRES solve
  0 (restart 0) KSP residual norm 4.982546e-01
  1 (restart 0) KSP residual norm 1.043710e-02
  2 (restart 0) KSP residual norm 2.556483e-04
  3 (restart 0) KSP residual norm 2.087191e-05
  4 (restart 0) KSP residual norm 2.190683e-06
  5 (restart 0) KSP residual norm 3.022304e-07
  6 (restart 0) KSP residual norm 4.702575e-08
  7 (restart 0) KSP residual norm 7.567864e-09
  8 (restart 0) KSP residual norm 1.234858e-09
GMRES solver converged in 8 iterations (avg. reduction factor: 8.400e-02)
  Residual norms for GMRES solve
  0 (restart 0) KSP residual norm 4.934245e-01
  1 (restart 0) KSP residual norm 7.972703e-03
  2 (restart 0) KSP residual norm 2.659197e-04
  3 (restart 0) KSP residual norm 2.271411e-05
  4 (restart 0) KSP residual norm 2.400089e-06
  5 (restart 0) KSP residual norm 3.413420e-07
  6 (restart 0) KSP residual norm 6.051148e-08
  7 (restart 0) KSP residual norm 9.596527e-09
  8 (restart 0) KSP residual norm 1.400646e-09
GMRES solver converged in 8 iterations (avg. reduction factor: 8.544e-02)
  Residual norms for GMRES solve
  0 (restart 0) KSP residual norm 2.751842e-01
  1 (restart 0) KSP residual norm 7.188746e-03
  2 (restart 0) KSP residual norm 2.573101e-04
  3 (restart 0) KSP residual norm 2.229767e-05
  4 (restart 0) KSP residual norm 2.319191e-06
  5 (restart 0) KSP residual norm 3.112441e-07
  6 (restart 0) KSP residual norm 4.967508e-08
  7 (restart 0) KSP residual norm 8.691096e-09
  8 (restart 0) KSP residual norm 1.312178e-09
GMRES solver converged in 8 iterations (avg. reduction factor: 9.116e-02)
  Residual norms for GMRES solve
  0 (restart 0) KSP residual norm 7.428341e-01
  1 (restart 0) KSP residual norm 9.424747e-03
  2 (restart 0) KSP residual norm 2.812905e-04
  3 (restart 0) KSP residual norm 2.117969e-05
  4 (restart 0) KSP residual norm 2.215040e-06
  5 (restart 0) KSP residual norm 2.948737e-07
  6 (restart 0) KSP residual norm 4.322459e-08
  7 (restart 0) KSP residual norm 6.345059e-09
GMRES solver converged in 7 iterations (avg. reduction factor: 7.037e-02)
  Residual norms for GMRES solve
  0 (restart 0) KSP residual norm 2.133150e-01
  1 (restart 0) KSP residual norm 9.872303e-03
  2 (restart 0) KSP residual norm 2.517790e-04
  3 (restart 0) KSP residual norm 2.020141e-05
  4 (restart 0) KSP residual norm 2.195534e-06
  5 (restart 0) KSP residual norm 2.867637e-07
  6 (restart 0) KSP residual norm 4.329778e-08
  7 (restart 0) KSP residual norm 6.552574e-09
  8 (restart 0) KSP residual norm 1.070952e-09
GMRES solver converged in 8 iterations (avg. reduction factor: 9.175e-02)
  Residual norms for GMRES solve
  0 (restart 0) KSP residual norm 7.756544e-01
  1 (restart 0) KSP residual norm 7.976725e-03
  2 (restart 0) KSP residual norm 2.807561e-04
  3 (restart 0) KSP residual norm 2.262227e-05
  4 (restart 0) KSP residual norm 2.232915e-06
  5 (restart 0) KSP residual norm 3.035101e-07
  6 (restart 0) KSP residual norm 4.721467e-08
  7 (restart 0) KSP residual norm 6.921697e-09
GMRES solver converged in 7 iterations (avg. reduction factor: 7.081e-02)
  Residual norms for GMRES solve
  0 (restart 0) KSP residual norm 6.990282e-01
  1 (restart 0) KSP residual norm 7.648696e-03
  2 (restart 0) KSP residual norm 2.632299e-04
  3 (restart 0) KSP residual norm 2.230209e-05
  4 (restart 0) KSP residual norm 2.370057e-06
  5 (restart 0) KSP residual norm 3.568048e-07
  6 (restart 0) KSP residual norm 5.833343e-08
  7 (restart 0) KSP residual norm 9.140048e-09
  8 (restart 0) KSP residual norm 1.360076e-09
GMRES solver converged in 8 iterations (avg. reduction factor: 8.150e-02)
  Residual norms for GMRES solve
  0 (restart 0) KSP residual norm 2.616933e-01
  1 (restart 0) KSP residual norm 6.497551e-03
  2 (restart 0) KSP residual norm 2.460928e-04
  3 (restart 0) KSP residual norm 2.064227e-05
  4 (restart 0) KSP residual norm 2.213345e-06
  5 (restart 0) KSP residual norm 3.165295e-07
  6 (restart 0) KSP residual norm 5.102430e-08
  7 (restart 0) KSP residual norm 8.609327e-09
  8 (restart 0) KSP residual norm 1.300958e-09
GMRES solver converged in 8 iterations (avg. reduction factor: 9.163e-02)
  Residual norms for GMRES solve
  0 (restart 0) KSP residual norm 8.574845e-01
  1 (restart 0) KSP residual norm 1.032265e-02
  2 (restart 0) KSP residual norm 3.207654e-04
  3 (restart 0) KSP residual norm 2.312077e-05
  4 (restart 0) KSP residual norm 2.468742e-06
  5 (restart 0) KSP residual norm 3.423666e-07
  6 (restart 0) KSP residual norm 5.041084e-08
  7 (restart 0) KSP residual norm 7.111518e-09
GMRES solver converged in 7 iterations (avg. reduction factor: 7.007e-02)
  Residual norms for GMRES solve
  0 (restart 0) KSP residual norm 2.306518e-01
  1 (restart 0) KSP residual norm 8.765871e-03
  2 (restart 0) KSP residual norm 3.007071e-04
  3 (restart 0) KSP residual norm 2.205055e-05
  4 (restart 0) KSP residual norm 2.304257e-06
  5 (restart 0) KSP residual norm 2.994587e-07
  6 (restart 0) KSP residual norm 4.078598e-08
  7 (restart 0) KSP residual norm 5.615444e-09
  8 (restart 0) KSP residual norm 8.765939e-10
GMRES solver converged in 8 iterations (avg. reduction factor: 8.861e-02)
  2 EPS nconv=16 first unconverged value (error) 0.000729372-2.63917e-11i (6.04878776e-06)
  Residual norms for GMRES solve
  0 (restart 0) KSP residual norm 9.850157e-01
  1 (restart 0) KSP residual norm 8.395011e-03
  2 (restart 0) KSP residual norm 2.931454e-04
  3 (restart 0) KSP residual norm 2.561372e-05
  4 (restart 0) KSP residual norm 2.720240e-06
  5 (restart 0) KSP residual norm 3.421713e-07
  6 (restart 0) KSP residual norm 4.932422e-08
  7 (restart 0) KSP residual norm 7.076966e-09
GMRES solver converged in 7 iterations (avg. reduction factor: 6.865e-02)
  Residual norms for GMRES solve
  0 (restart 0) KSP residual norm 8.687986e-01
  1 (restart 0) KSP residual norm 7.544595e-03
  2 (restart 0) KSP residual norm 2.495065e-04
  3 (restart 0) KSP residual norm 2.123592e-05
  4 (restart 0) KSP residual norm 2.398714e-06
  5 (restart 0) KSP residual norm 3.451877e-07
  6 (restart 0) KSP residual norm 5.924196e-08
  7 (restart 0) KSP residual norm 9.622784e-09
  8 (restart 0) KSP residual norm 1.420259e-09
GMRES solver converged in 8 iterations (avg. reduction factor: 7.974e-02)
  Residual norms for GMRES solve
  0 (restart 0) KSP residual norm 3.215636e-01
  1 (restart 0) KSP residual norm 8.413791e-03
  2 (restart 0) KSP residual norm 2.942710e-04
  3 (restart 0) KSP residual norm 2.427335e-05
  4 (restart 0) KSP residual norm 2.765621e-06
  5 (restart 0) KSP residual norm 3.543254e-07
  6 (restart 0) KSP residual norm 4.953994e-08
  7 (restart 0) KSP residual norm 7.652589e-09
  8 (restart 0) KSP residual norm 1.217099e-09
GMRES solver converged in 8 iterations (avg. reduction factor: 8.856e-02)
  Residual norms for GMRES solve
  0 (restart 0) KSP residual norm 6.393735e-01
  1 (restart 0) KSP residual norm 9.042493e-03
  2 (restart 0) KSP residual norm 3.196646e-04
  3 (restart 0) KSP residual norm 2.411819e-05
  4 (restart 0) KSP residual norm 2.782586e-06
  5 (restart 0) KSP residual norm 3.847667e-07
  6 (restart 0) KSP residual norm 5.442469e-08
  7 (restart 0) KSP residual norm 7.555449e-09
  8 (restart 0) KSP residual norm 1.139602e-09
GMRES solver converged in 8 iterations (avg. reduction factor: 8.061e-02)
  Residual norms for GMRES solve
  0 (restart 0) KSP residual norm 1.989873e-01
  1 (restart 0) KSP residual norm 7.529710e-03
  2 (restart 0) KSP residual norm 2.899301e-04
  3 (restart 0) KSP residual norm 2.341389e-05
  4 (restart 0) KSP residual norm 2.677136e-06
  5 (restart 0) KSP residual norm 3.490184e-07
  6 (restart 0) KSP residual norm 4.765139e-08
  7 (restart 0) KSP residual norm 6.939848e-09
  8 (restart 0) KSP residual norm 1.038706e-09
GMRES solver converged in 8 iterations (avg. reduction factor: 9.220e-02)
  Residual norms for GMRES solve
  0 (restart 0) KSP residual norm 7.701970e-01
  1 (restart 0) KSP residual norm 1.018191e-02
  2 (restart 0) KSP residual norm 2.973537e-04
  3 (restart 0) KSP residual norm 2.416297e-05
  4 (restart 0) KSP residual norm 2.658934e-06
  5 (restart 0) KSP residual norm 3.530696e-07
  6 (restart 0) KSP residual norm 4.952396e-08
  7 (restart 0) KSP residual norm 7.326358e-09
GMRES solver converged in 7 iterations (avg. reduction factor: 7.146e-02)
  Residual norms for GMRES solve
  0 (restart 0) KSP residual norm 2.043027e-01
  1 (restart 0) KSP residual norm 8.964643e-03
  2 (restart 0) KSP residual norm 2.886903e-04
  3 (restart 0) KSP residual norm 2.295447e-05
  4 (restart 0) KSP residual norm 2.449383e-06
  5 (restart 0) KSP residual norm 3.216465e-07
  6 (restart 0) KSP residual norm 4.364937e-08
  7 (restart 0) KSP residual norm 6.341726e-09
  8 (restart 0) KSP residual norm 1.062895e-09
GMRES solver converged in 8 iterations (avg. reduction factor: 9.216e-02)
  Residual norms for GMRES solve
  0 (restart 0) KSP residual norm 9.086138e-01
  1 (restart 0) KSP residual norm 8.498878e-03
  2 (restart 0) KSP residual norm 3.060838e-04
  3 (restart 0) KSP residual norm 2.373646e-05
  4 (restart 0) KSP residual norm 2.555001e-06
  5 (restart 0) KSP residual norm 3.497584e-07
  6 (restart 0) KSP residual norm 5.160112e-08
  7 (restart 0) KSP residual norm 7.478559e-09
GMRES solver converged in 7 iterations (avg. reduction factor: 6.999e-02)
  Residual norms for GMRES solve
  0 (restart 0) KSP residual norm 4.134389e-01
  1 (restart 0) KSP residual norm 7.331103e-03
  2 (restart 0) KSP residual norm 2.603713e-04
  3 (restart 0) KSP residual norm 2.121416e-05
  4 (restart 0) KSP residual norm 2.289746e-06
  5 (restart 0) KSP residual norm 3.185240e-07
  6 (restart 0) KSP residual norm 4.772309e-08
  7 (restart 0) KSP residual norm 7.521451e-09
  8 (restart 0) KSP residual norm 1.213837e-09
GMRES solver converged in 8 iterations (avg. reduction factor: 8.580e-02)
  Residual norms for GMRES solve
  0 (restart 0) KSP residual norm 5.735385e-01
  1 (restart 0) KSP residual norm 6.623995e-03
  2 (restart 0) KSP residual norm 2.446186e-04
  3 (restart 0) KSP residual norm 2.105377e-05
  4 (restart 0) KSP residual norm 2.138241e-06
  5 (restart 0) KSP residual norm 2.801614e-07
  6 (restart 0) KSP residual norm 4.126788e-08
  7 (restart 0) KSP residual norm 6.279393e-09
  8 (restart 0) KSP residual norm 9.513645e-10
GMRES solver converged in 8 iterations (avg. reduction factor: 7.989e-02)
  Residual norms for GMRES solve
  0 (restart 0) KSP residual norm 7.951771e-01
  1 (restart 0) KSP residual norm 8.068416e-03
  2 (restart 0) KSP residual norm 2.545721e-04
  3 (restart 0) KSP residual norm 2.052676e-05
  4 (restart 0) KSP residual norm 2.287161e-06
  5 (restart 0) KSP residual norm 3.059955e-07
  6 (restart 0) KSP residual norm 4.635192e-08
  7 (restart 0) KSP residual norm 7.083108e-09
GMRES solver converged in 7 iterations (avg. reduction factor: 7.079e-02)
  Residual norms for GMRES solve
  0 (restart 0) KSP residual norm 1.350302e-01
  1 (restart 0) KSP residual norm 6.448317e-03
  2 (restart 0) KSP residual norm 2.340900e-04
  3 (restart 0) KSP residual norm 2.082501e-05
  4 (restart 0) KSP residual norm 2.330662e-06
  5 (restart 0) KSP residual norm 3.555931e-07
  6 (restart 0) KSP residual norm 6.273022e-08
  7 (restart 0) KSP residual norm 9.647706e-09
  8 (restart 0) KSP residual norm 1.445950e-09
  9 (restart 0) KSP residual norm 2.162316e-10
GMRES solver converged in 9 iterations (avg. reduction factor: 1.054e-01)
  Residual norms for GMRES solve
  0 (restart 0) KSP residual norm 8.366298e-01
  1 (restart 0) KSP residual norm 7.281887e-03
  2 (restart 0) KSP residual norm 2.603301e-04
  3 (restart 0) KSP residual norm 2.145986e-05
  4 (restart 0) KSP residual norm 2.320053e-06
  5 (restart 0) KSP residual norm 3.283050e-07
  6 (restart 0) KSP residual norm 4.977749e-08
  7 (restart 0) KSP residual norm 7.254224e-09
GMRES solver converged in 7 iterations (avg. reduction factor: 7.052e-02)
  Residual norms for GMRES solve
  0 (restart 0) KSP residual norm 9.987833e-01
  1 (restart 0) KSP residual norm 7.627796e-03
  2 (restart 0) KSP residual norm 2.918313e-04
  3 (restart 0) KSP residual norm 2.390469e-05
  4 (restart 0) KSP residual norm 2.587231e-06
  5 (restart 0) KSP residual norm 3.491884e-07
  6 (restart 0) KSP residual norm 5.749507e-08
  7 (restart 0) KSP residual norm 9.555040e-09
GMRES solver converged in 7 iterations (avg. reduction factor: 7.151e-02)
  3 EPS nconv=18 first unconverged value (error) 0.000743808-2.18309e-13i (1.91206184e-08)
  Residual norms for GMRES solve
  0 (restart 0) KSP residual norm 5.558159e-01
  1 (restart 0) KSP residual norm 6.290171e-03
  2 (restart 0) KSP residual norm 2.500645e-04
  3 (restart 0) KSP residual norm 2.106486e-05
  4 (restart 0) KSP residual norm 2.409858e-06
  5 (restart 0) KSP residual norm 3.392386e-07
  6 (restart 0) KSP residual norm 5.627610e-08
  7 (restart 0) KSP residual norm 9.110111e-09
  8 (restart 0) KSP residual norm 1.382902e-09
GMRES solver converged in 8 iterations (avg. reduction factor: 8.404e-02)
  Residual norms for GMRES solve
  0 (restart 0) KSP residual norm 6.829736e-01
  1 (restart 0) KSP residual norm 6.974750e-03
  2 (restart 0) KSP residual norm 2.172933e-04
  3 (restart 0) KSP residual norm 1.889075e-05
  4 (restart 0) KSP residual norm 1.970445e-06
  5 (restart 0) KSP residual norm 2.676050e-07
  6 (restart 0) KSP residual norm 4.725810e-08
  7 (restart 0) KSP residual norm 7.574279e-09
  8 (restart 0) KSP residual norm 1.171346e-09
GMRES solver converged in 8 iterations (avg. reduction factor: 8.022e-02)
  Residual norms for GMRES solve
  0 (restart 0) KSP residual norm 8.497659e-02
  1 (restart 0) KSP residual norm 2.397614e-03
  2 (restart 0) KSP residual norm 1.839892e-04
  3 (restart 0) KSP residual norm 1.726054e-05
  4 (restart 0) KSP residual norm 2.009532e-06
  5 (restart 0) KSP residual norm 2.733567e-07
  6 (restart 0) KSP residual norm 3.658059e-08
  7 (restart 0) KSP residual norm 5.121914e-09
  8 (restart 0) KSP residual norm 8.111997e-10
GMRES solver converged in 8 iterations (avg. reduction factor: 9.942e-02)
  Residual norms for GMRES solve
  0 (restart 0) KSP residual norm 6.688725e-01
  1 (restart 0) KSP residual norm 8.026554e-03
  2 (restart 0) KSP residual norm 2.605622e-04
  3 (restart 0) KSP residual norm 2.327676e-05
  4 (restart 0) KSP residual norm 2.629539e-06
  5 (restart 0) KSP residual norm 3.355743e-07
  6 (restart 0) KSP residual norm 5.135955e-08
  7 (restart 0) KSP residual norm 8.542125e-09
  8 (restart 0) KSP residual norm 1.340386e-09
GMRES solver converged in 8 iterations (avg. reduction factor: 8.180e-02)
  Residual norms for GMRES solve
  0 (restart 0) KSP residual norm 4.379197e-01
  1 (restart 0) KSP residual norm 7.558838e-03
  2 (restart 0) KSP residual norm 2.450083e-04
  3 (restart 0) KSP residual norm 2.010050e-05
  4 (restart 0) KSP residual norm 2.044416e-06
  5 (restart 0) KSP residual norm 2.730249e-07
  6 (restart 0) KSP residual norm 4.135713e-08
  7 (restart 0) KSP residual norm 5.794417e-09
  8 (restart 0) KSP residual norm 8.690115e-10
GMRES solver converged in 8 iterations (avg. reduction factor: 8.170e-02)
  Residual norms for GMRES solve
  0 (restart 0) KSP residual norm 4.310362e-01
  1 (restart 0) KSP residual norm 6.962434e-03
  2 (restart 0) KSP residual norm 2.387310e-04
  3 (restart 0) KSP residual norm 1.973005e-05
  4 (restart 0) KSP residual norm 2.091652e-06
  5 (restart 0) KSP residual norm 2.658932e-07
  6 (restart 0) KSP residual norm 3.768107e-08
  7 (restart 0) KSP residual norm 5.734329e-09
  8 (restart 0) KSP residual norm 9.468247e-10
GMRES solver converged in 8 iterations (avg. reduction factor: 8.274e-02)
  Residual norms for GMRES solve
  0 (restart 0) KSP residual norm 9.918900e-01
  1 (restart 0) KSP residual norm 7.430717e-03
  2 (restart 0) KSP residual norm 2.577259e-04
  3 (restart 0) KSP residual norm 2.030617e-05
  4 (restart 0) KSP residual norm 2.215367e-06
  5 (restart 0) KSP residual norm 2.927088e-07
  6 (restart 0) KSP residual norm 4.231018e-08
  7 (restart 0) KSP residual norm 6.201500e-09
GMRES solver converged in 7 iterations (avg. reduction factor: 6.730e-02)
  Residual norms for GMRES solve
  0 (restart 0) KSP residual norm 7.207888e-01
  1 (restart 0) KSP residual norm 6.883883e-03
  2 (restart 0) KSP residual norm 2.645179e-04
  3 (restart 0) KSP residual norm 2.220459e-05
  4 (restart 0) KSP residual norm 2.364463e-06
  5 (restart 0) KSP residual norm 3.125094e-07
  6 (restart 0) KSP residual norm 5.083802e-08
  7 (restart 0) KSP residual norm 8.285366e-09
  8 (restart 0) KSP residual norm 1.239986e-09
GMRES solver converged in 8 iterations (avg. reduction factor: 8.025e-02)
  Residual norms for GMRES solve
  0 (restart 0) KSP residual norm 8.451353e-02
  1 (restart 0) KSP residual norm 4.045680e-03
  2 (restart 0) KSP residual norm 2.335600e-04
  3 (restart 0) KSP residual norm 2.015184e-05
  4 (restart 0) KSP residual norm 2.066278e-06
  5 (restart 0) KSP residual norm 2.719538e-07
  6 (restart 0) KSP residual norm 4.085174e-08
  7 (restart 0) KSP residual norm 6.700751e-09
  8 (restart 0) KSP residual norm 1.081749e-09
  9 (restart 0) KSP residual norm 1.607577e-10
GMRES solver converged in 9 iterations (avg. reduction factor: 1.074e-01)
  Residual norms for GMRES solve
  0 (restart 0) KSP residual norm 8.328610e-01
  1 (restart 0) KSP residual norm 7.948997e-03
  2 (restart 0) KSP residual norm 2.565471e-04
  3 (restart 0) KSP residual norm 2.188408e-05
  4 (restart 0) KSP residual norm 2.364139e-06
  5 (restart 0) KSP residual norm 2.980872e-07
  6 (restart 0) KSP residual norm 4.233325e-08
  7 (restart 0) KSP residual norm 6.083245e-09
GMRES solver converged in 7 iterations (avg. reduction factor: 6.881e-02)
  Residual norms for GMRES solve
  0 (restart 0) KSP residual norm 4.348082e-01
  1 (restart 0) KSP residual norm 7.899420e-03
  2 (restart 0) KSP residual norm 2.230691e-04
  3 (restart 0) KSP residual norm 1.965734e-05
  4 (restart 0) KSP residual norm 2.219367e-06
  5 (restart 0) KSP residual norm 2.896634e-07
  6 (restart 0) KSP residual norm 4.145222e-08
  7 (restart 0) KSP residual norm 6.295190e-09
  8 (restart 0) KSP residual norm 1.029356e-09
GMRES solver converged in 8 iterations (avg. reduction factor: 8.352e-02)
  Residual norms for GMRES solve
  0 (restart 0) KSP residual norm 6.324863e-01
  1 (restart 0) KSP residual norm 6.737489e-03
  2 (restart 0) KSP residual norm 2.425102e-04
  3 (restart 0) KSP residual norm 1.924922e-05
  4 (restart 0) KSP residual norm 2.151642e-06
  5 (restart 0) KSP residual norm 3.434181e-07
  6 (restart 0) KSP residual norm 5.997108e-08
  7 (restart 0) KSP residual norm 9.152520e-09
  8 (restart 0) KSP residual norm 1.277689e-09
GMRES solver converged in 8 iterations (avg. reduction factor: 8.188e-02)
  Residual norms for GMRES solve
  0 (restart 0) KSP residual norm 1.385320e+00
  1 (restart 0) KSP residual norm 8.551202e-03
  2 (restart 0) KSP residual norm 2.973750e-04
  3 (restart 0) KSP residual norm 2.455710e-05
  4 (restart 0) KSP residual norm 2.479936e-06
  5 (restart 0) KSP residual norm 3.751757e-07
  6 (restart 0) KSP residual norm 6.513241e-08
  7 (restart 0) KSP residual norm 1.042031e-08
GMRES solver converged in 7 iterations (avg. reduction factor: 6.910e-02)
  4 EPS nconv=25 first unconverged value (error) 0.000899344-2.6165e-13i (1.11516646e-08)

 Linear eigensolve converged (25 eigenpairs) due to CONVERGED_TOL; iterations 4
 Total number of linear systems solved: 89
 Total number of linear solver iterations: 690
 Found 25 converged eigenvalues (first = 2.313e+01-1.801e-12i)

Computing solution error estimates and performing postprocessing

     m,        Re{f} (GHz),        Im{f} (GHz),                  Q,      Error (Bkwd.),       Error (Abs.)
     1,      +1.106486e+00,      -4.307061e-14,      +1.284502e+13,      +9.832896e-13,      +1.771717e-08
     2,      +1.763008e+00,      -5.948674e-11,      +1.481850e+10,      +2.565571e-12,      +4.623465e-08
     3,      +1.763008e+00,      +1.106052e-11,      +7.969827e+10,      +3.423233e-12,      +6.169075e-08
     4,      +1.893273e+00,      +2.499953e-10,      +3.786617e+09,      +4.305191e-12,      +7.758788e-08
     5,      +1.893273e+00,      -3.040549e-10,      +3.113373e+09,      +7.293471e-12,      +1.314425e-07
     6,      +2.022655e+00,      -1.063467e-10,      +9.509717e+09,      +4.503920e-12,      +8.117290e-08
     7,      +2.200376e+00,      +1.199053e-11,      +9.175475e+10,      +1.350377e-12,      +2.433904e-08
     8,      +2.200376e+00,      +3.233355e-12,      +3.402620e+11,      +1.914792e-12,      +3.451201e-08
     9,      +2.362955e+00,      +3.183232e-11,      +3.711565e+10,      +4.124974e-12,      +7.435284e-08
    10,      +2.362955e+00,      -1.639574e-11,      +7.206003e+10,      +7.509104e-12,      +1.353519e-07
    11,      +2.444386e+00,      +1.238295e-10,      +9.869968e+09,      +4.263503e-12,      +7.685242e-08
    12,      +2.444386e+00,      +7.937340e-11,      +1.539802e+10,      +6.933302e-12,      +1.249773e-07
    13,      +2.444386e+00,      +1.625256e-11,      +7.520002e+10,      +3.748649e-12,      +6.757184e-08
    14,      +2.539847e+00,      +3.109565e-10,      +4.083926e+09,      +1.517488e-11,      +2.735483e-07
    15,      +2.569701e+00,      -8.337188e-11,      +1.541108e+10,      +1.007521e-11,      +1.816221e-07
    16,      +2.569701e+00,      -9.200869e-11,      +1.396445e+10,      +9.649648e-12,      +1.739506e-07
    17,      +2.906955e+00,      +2.821349e-10,      +5.151711e+09,      +4.100826e-11,      +7.393585e-07
    18,      +2.906955e+00,      -1.058282e-10,      +1.373431e+10,      +4.116592e-11,      +7.422009e-07
    19,      +2.935583e+00,      -3.065436e-10,      +4.788198e+09,      +9.383751e-12,      +1.691868e-07
    20,      +2.935584e+00,      +1.068454e-10,      +1.373753e+10,      +8.824874e-12,      +1.591104e-07
    21,      +2.975400e+00,      +2.375210e-10,      +6.263446e+09,      +1.077847e-11,      +1.943371e-07
    22,      +2.975400e+00,      +6.164423e-13,      +2.413365e+12,      +1.222221e-11,      +2.203681e-07
    23,      +2.980656e+00,      -1.420899e-10,      +1.048862e+10,      +1.029392e-11,      +1.856012e-07
    24,      +2.980657e+00,      -3.627084e-10,      +4.108889e+09,      +1.095893e-11,      +1.975915e-07
    25,      +3.052486e+00,      -3.255199e-10,      +4.688631e+09,      +1.326008e-11,      +2.390905e-07

Completed 0 iterations of adaptive mesh refinement (AMR):
 Indicator norm = 1.304e-03, global unknowns = 1556667
 Max. iterations = 0, tol. = 1.000e-02

Estimated peak per-rank memory usage is: Min. 2.1G, Max. 2.2G, Avg. 2.2G, Total 8.7G
Estimated peak per-node memory usage is: Min. 8.7G, Max. 8.7G, Avg. 8.7G, Total 8.7G

Elapsed Time Report (s)           Min.        Max.        Avg.
==============================================================
Initialization                   0.332       0.774       0.663
  Mesh Preprocessing             0.590       1.030       0.700
Operator Construction            8.563       8.571       8.568
Linear Solve                   351.729     351.909     351.804
  Setup                         95.389      95.390      95.389
  Preconditioner             17954.566   17954.968   17954.771
  Coarse Solve                  51.966      52.238      52.094
Eigenvalue Solve                41.254      41.344      41.280
Div.-Free Projection          2043.655    2043.780    2043.722
Estimation                       6.593       6.650       6.618
  Construction                  16.391      16.392      16.391
  Solve                        857.290     857.378     857.341
Postprocessing                  29.900      29.941      29.921
Disk IO                          1.140       1.142       1.141
--------------------------------------------------------------
Total                        21461.641   21461.642   21461.641

Peak Memory                   Per-Node       Total   Total HWM
==============================================================
Initialization                    6.6M        6.6M        6.6M
  Mesh Preprocessing             57.6M       57.6M       64.2M
Operator Construction             1.5G        1.5G        1.5G
Linear Solve                    256.0K      256.0K        1.5G
  Setup                           2.7G        2.7G        4.2G
  Preconditioner                237.7M      237.7M        4.5G
  Coarse Solve                    1.2G        1.2G        5.7G
Eigenvalue Solve                721.2M      721.2M        6.4G
Div.-Free Projection            563.2M      563.2M        6.9G
Estimation                      439.0M      439.0M        7.3G
  Construction                  640.1M      640.1M        8.0G
  Solve                         565.8M      565.8M        8.5G
Postprocessing                  792.0K      792.0K        8.5G
Disk IO                          66.6M       66.6M        8.6G
--------------------------------------------------------------
Total                             8.6G        8.6G        8.6G

