>> /home/tanderson/.local/share/mamba/envs/emsim/bin/mpirun -n 4 /home/tanderson/.local/opt/palace/bin/palace-x86_64.bin e0g_s1.json

_____________     _______
_____   __   \____ __   /____ ____________
____   /_/  /  __ ` /  /  __ ` /  ___/  _ \
___   _____/  /_/  /  /  /_/  /  /__/  ___/
  /__/     \___,__/__/\___,__/\_____\_____/

Git changeset ID: 3c83b9d
Running with 4 MPI processes, 1 OpenMP thread
Device configuration: omp,cpu
Memory configuration: host-std
libCEED backend: /cpu/self/opt/blocked

Added 11830 boundary elements for material interfaces to the mesh

Characteristic length and time scales:
 Lc = 2.074e-01 m, tc = 6.918e-01 ns
Finished partitioning mesh into 4 subdomains

Mesh curvature order: 2
Mesh bounding box:
 (Xmin, Ymin, Zmin) = (-1.037e-01, -1.037e-01, -4.426e-02) m
 (Xmax, Ymax, Zmax) = (+1.037e-01, +1.037e-01, +4.426e-02) m

Parallel Mesh Stats:

                minimum     average     maximum       total
 vertices          3380        3601        4193       14404
 edges            24153       24810       26558       99243
 faces            41594       42040       43190      168162
 elements         20821       20830       20839       83322
 neighbors            2           2           3

            minimum     maximum
 h       0.00398399    0.114125
 kappa      1.01569     17.0532

Estimated current per-rank memory usage is: Min. 39.7M, Max. 98.8M, Avg. 54.5M, Total 217.9M
Estimated current per-node memory usage is: Min. 218.1M, Max. 218.1M, Avg. 218.1M, Total 218.1M

Configuring Dirichlet PEC BC at attributes:
 90

Assembling system matrices, number of global unknowns:
 H1 (p = 1): 14404, ND (p = 1): 99243, RT (p = 1): 168162
 Operator assembly level: Partial
 Mesh geometries:
  Tetrahedron: P = 6, Q = 4 (quadrature order = 2)

Configuring SLEPc eigenvalue solver:
 Scaling γ = 3.703e+04, δ = 4.868e-04
 Configuring divergence-free projection
 Using random starting vector
 Shift-and-invert σ = 1.050e+00 GHz (4.564e+00)

Assembling multigrid hierarchy:
 Level 0 (p = 1): 99243 unknowns
 Level 0 (auxiliary) (p = 1): 14404 unknowns

#PETSc Option Table entries:
-eps_monitor # (source: code)
#End of PETSc Option Table entries

  Residual norms for GMRES solve
  0 (restart 0) KSP residual norm 2.883338e-02
  1 (restart 0) KSP residual norm 3.888121e-14
GMRES solver converged in 1 iteration (avg. reduction factor: 1.348e-12)
  Residual norms for GMRES solve
  0 (restart 0) KSP residual norm 8.179049e+00
  1 (restart 0) KSP residual norm 9.112678e-12
GMRES solver converged in 1 iteration (avg. reduction factor: 1.114e-12)
  Residual norms for GMRES solve
  0 (restart 0) KSP residual norm 2.054809e+00
  1 (restart 0) KSP residual norm 2.456140e-12
GMRES solver converged in 1 iteration (avg. reduction factor: 1.195e-12)
  Residual norms for GMRES solve
  0 (restart 0) KSP residual norm 3.252970e-01
  1 (restart 0) KSP residual norm 1.899651e-12
GMRES solver converged in 1 iteration (avg. reduction factor: 5.840e-12)
  Residual norms for GMRES solve
  0 (restart 0) KSP residual norm 9.106112e-01
  1 (restart 0) KSP residual norm 2.679687e-12
GMRES solver converged in 1 iteration (avg. reduction factor: 2.943e-12)
  Residual norms for GMRES solve
  0 (restart 0) KSP residual norm 8.757122e-01
  1 (restart 0) KSP residual norm 1.978344e-12
GMRES solver converged in 1 iteration (avg. reduction factor: 2.259e-12)
  Residual norms for GMRES solve
  0 (restart 0) KSP residual norm 7.036528e-01
  1 (restart 0) KSP residual norm 1.303417e-12
GMRES solver converged in 1 iteration (avg. reduction factor: 1.852e-12)
  Residual norms for GMRES solve
  0 (restart 0) KSP residual norm 9.092819e-01
  1 (restart 0) KSP residual norm 9.244301e-13
GMRES solver converged in 1 iteration (avg. reduction factor: 1.017e-12)
  Residual norms for GMRES solve
  0 (restart 0) KSP residual norm 4.007021e-01
  1 (restart 0) KSP residual norm 1.324532e-12
GMRES solver converged in 1 iteration (avg. reduction factor: 3.306e-12)
  Residual norms for GMRES solve
  0 (restart 0) KSP residual norm 9.533504e-01
  1 (restart 0) KSP residual norm 9.364950e-13
GMRES solver converged in 1 iteration (avg. reduction factor: 9.823e-13)
  Residual norms for GMRES solve
  0 (restart 0) KSP residual norm 7.160602e-01
  1 (restart 0) KSP residual norm 1.722281e-12
GMRES solver converged in 1 iteration (avg. reduction factor: 2.405e-12)
  Residual norms for GMRES solve
  0 (restart 0) KSP residual norm 7.450898e-01
  1 (restart 0) KSP residual norm 2.581570e-12
GMRES solver converged in 1 iteration (avg. reduction factor: 3.465e-12)
  Residual norms for GMRES solve
  0 (restart 0) KSP residual norm 2.828162e-01
  1 (restart 0) KSP residual norm 9.209604e-13
GMRES solver converged in 1 iteration (avg. reduction factor: 3.256e-12)
  Residual norms for GMRES solve
  0 (restart 0) KSP residual norm 1.004861e+00
  1 (restart 0) KSP residual norm 1.356523e-12
GMRES solver converged in 1 iteration (avg. reduction factor: 1.350e-12)
  Residual norms for GMRES solve
  0 (restart 0) KSP residual norm 5.137764e-01
  1 (restart 0) KSP residual norm 1.255876e-12
GMRES solver converged in 1 iteration (avg. reduction factor: 2.444e-12)
  Residual norms for GMRES solve
  0 (restart 0) KSP residual norm 5.734572e-01
  1 (restart 0) KSP residual norm 1.674374e-12
GMRES solver converged in 1 iteration (avg. reduction factor: 2.920e-12)
  Residual norms for GMRES solve
  0 (restart 0) KSP residual norm 4.492956e-01
  1 (restart 0) KSP residual norm 7.894214e-13
GMRES solver converged in 1 iteration (avg. reduction factor: 1.757e-12)
  Residual norms for GMRES solve
  0 (restart 0) KSP residual norm 3.130377e-01
  1 (restart 0) KSP residual norm 5.722066e-13
GMRES solver converged in 1 iteration (avg. reduction factor: 1.828e-12)
  Residual norms for GMRES solve
  0 (restart 0) KSP residual norm 1.165324e+00
  1 (restart 0) KSP residual norm 1.698716e-12
GMRES solver converged in 1 iteration (avg. reduction factor: 1.458e-12)
  Residual norms for GMRES solve
  0 (restart 0) KSP residual norm 2.038204e+00
  1 (restart 0) KSP residual norm 2.116595e-12
GMRES solver converged in 1 iteration (avg. reduction factor: 1.038e-12)
  Residual norms for GMRES solve
  0 (restart 0) KSP residual norm 1.763445e+00
  1 (restart 0) KSP residual norm 1.923780e-12
GMRES solver converged in 1 iteration (avg. reduction factor: 1.091e-12)
  Residual norms for GMRES solve
  0 (restart 0) KSP residual norm 5.078433e-01
  1 (restart 0) KSP residual norm 1.206637e-12
GMRES solver converged in 1 iteration (avg. reduction factor: 2.376e-12)
  Residual norms for GMRES solve
  0 (restart 0) KSP residual norm 1.961914e+00
  1 (restart 0) KSP residual norm 2.962946e-12
GMRES solver converged in 1 iteration (avg. reduction factor: 1.510e-12)
  Residual norms for GMRES solve
  0 (restart 0) KSP residual norm 6.598725e-01
  1 (restart 0) KSP residual norm 6.530789e-13
GMRES solver converged in 1 iteration (avg. reduction factor: 9.897e-13)
  Residual norms for GMRES solve
  0 (restart 0) KSP residual norm 6.346948e-01
  1 (restart 0) KSP residual norm 1.168611e-12
GMRES solver converged in 1 iteration (avg. reduction factor: 1.841e-12)
  Residual norms for GMRES solve
  0 (restart 0) KSP residual norm 1.233048e+00
  1 (restart 0) KSP residual norm 2.034303e-12
GMRES solver converged in 1 iteration (avg. reduction factor: 1.650e-12)
  Residual norms for GMRES solve
  0 (restart 0) KSP residual norm 5.923385e-01
  1 (restart 0) KSP residual norm 9.537376e-13
GMRES solver converged in 1 iteration (avg. reduction factor: 1.610e-12)
  Residual norms for GMRES solve
  0 (restart 0) KSP residual norm 1.641654e-01
  1 (restart 0) KSP residual norm 7.845564e-13
GMRES solver converged in 1 iteration (avg. reduction factor: 4.779e-12)
  Residual norms for GMRES solve
  0 (restart 0) KSP residual norm 3.483064e-01
  1 (restart 0) KSP residual norm 7.952307e-13
GMRES solver converged in 1 iteration (avg. reduction factor: 2.283e-12)
  Residual norms for GMRES solve
  0 (restart 0) KSP residual norm 1.467186e-01
  1 (restart 0) KSP residual norm 5.377096e-13
GMRES solver converged in 1 iteration (avg. reduction factor: 3.665e-12)
  Residual norms for GMRES solve
  0 (restart 0) KSP residual norm 1.174321e-01
  1 (restart 0) KSP residual norm 5.567624e-13
GMRES solver converged in 1 iteration (avg. reduction factor: 4.741e-12)
  Residual norms for GMRES solve
  0 (restart 0) KSP residual norm 2.573417e-01
  1 (restart 0) KSP residual norm 5.557301e-13
GMRES solver converged in 1 iteration (avg. reduction factor: 2.160e-12)
  Residual norms for GMRES solve
  0 (restart 0) KSP residual norm 1.786127e-01
  1 (restart 0) KSP residual norm 4.508493e-13
GMRES solver converged in 1 iteration (avg. reduction factor: 2.524e-12)
  Residual norms for GMRES solve
  0 (restart 0) KSP residual norm 2.275844e-01
  1 (restart 0) KSP residual norm 8.658147e-13
GMRES solver converged in 1 iteration (avg. reduction factor: 3.804e-12)
  Residual norms for GMRES solve
  0 (restart 0) KSP residual norm 2.012458e-01
  1 (restart 0) KSP residual norm 4.216821e-13
GMRES solver converged in 1 iteration (avg. reduction factor: 2.095e-12)
  Residual norms for GMRES solve
  0 (restart 0) KSP residual norm 1.424250e-01
  1 (restart 0) KSP residual norm 7.834352e-13
GMRES solver converged in 1 iteration (avg. reduction factor: 5.501e-12)
  Residual norms for GMRES solve
  0 (restart 0) KSP residual norm 1.697761e-01
  1 (restart 0) KSP residual norm 1.103394e-12
GMRES solver converged in 1 iteration (avg. reduction factor: 6.499e-12)
  Residual norms for GMRES solve
  0 (restart 0) KSP residual norm 3.096113e-01
  1 (restart 0) KSP residual norm 8.863194e-13
GMRES solver converged in 1 iteration (avg. reduction factor: 2.863e-12)
  Residual norms for GMRES solve
  0 (restart 0) KSP residual norm 1.044811e-01
  1 (restart 0) KSP residual norm 6.136281e-13
GMRES solver converged in 1 iteration (avg. reduction factor: 5.873e-12)
  Residual norms for GMRES solve
  0 (restart 0) KSP residual norm 1.872434e-01
  1 (restart 0) KSP residual norm 4.994865e-13
GMRES solver converged in 1 iteration (avg. reduction factor: 2.668e-12)
  Residual norms for GMRES solve
  0 (restart 0) KSP residual norm 1.457370e-01
  1 (restart 0) KSP residual norm 8.023966e-13
GMRES solver converged in 1 iteration (avg. reduction factor: 5.506e-12)
  Residual norms for GMRES solve
  0 (restart 0) KSP residual norm 1.569149e-01
  1 (restart 0) KSP residual norm 7.126888e-13
GMRES solver converged in 1 iteration (avg. reduction factor: 4.542e-12)
  Residual norms for GMRES solve
  0 (restart 0) KSP residual norm 1.008192e-01
  1 (restart 0) KSP residual norm 7.793474e-13
GMRES solver converged in 1 iteration (avg. reduction factor: 7.730e-12)
  Residual norms for GMRES solve
  0 (restart 0) KSP residual norm 2.007535e-01
  1 (restart 0) KSP residual norm 3.791094e-13
GMRES solver converged in 1 iteration (avg. reduction factor: 1.888e-12)
  1 EPS nconv=10 first unconverged value (error) 0.00298745-1.47093e-12i (6.77124546e-08)
  Residual norms for GMRES solve
  0 (restart 0) KSP residual norm 3.183848e-01
  1 (restart 0) KSP residual norm 8.077908e-13
GMRES solver converged in 1 iteration (avg. reduction factor: 2.537e-12)
  Residual norms for GMRES solve
  0 (restart 0) KSP residual norm 1.404470e-01
  1 (restart 0) KSP residual norm 6.144904e-13
GMRES solver converged in 1 iteration (avg. reduction factor: 4.375e-12)
  Residual norms for GMRES solve
  0 (restart 0) KSP residual norm 2.719560e-01
  1 (restart 0) KSP residual norm 3.375794e-13
GMRES solver converged in 1 iteration (avg. reduction factor: 1.241e-12)
  Residual norms for GMRES solve
  0 (restart 0) KSP residual norm 2.117187e-01
  1 (restart 0) KSP residual norm 3.643601e-13
GMRES solver converged in 1 iteration (avg. reduction factor: 1.721e-12)
  Residual norms for GMRES solve
  0 (restart 0) KSP residual norm 2.188474e-01
  1 (restart 0) KSP residual norm 3.403838e-13
GMRES solver converged in 1 iteration (avg. reduction factor: 1.555e-12)
  Residual norms for GMRES solve
  0 (restart 0) KSP residual norm 1.644816e-01
  1 (restart 0) KSP residual norm 2.938480e-13
GMRES solver converged in 1 iteration (avg. reduction factor: 1.787e-12)
  Residual norms for GMRES solve
  0 (restart 0) KSP residual norm 2.147392e-01
  1 (restart 0) KSP residual norm 4.859201e-13
GMRES solver converged in 1 iteration (avg. reduction factor: 2.263e-12)
  Residual norms for GMRES solve
  0 (restart 0) KSP residual norm 1.854385e-01
  1 (restart 0) KSP residual norm 2.498135e-13
GMRES solver converged in 1 iteration (avg. reduction factor: 1.347e-12)
  Residual norms for GMRES solve
  0 (restart 0) KSP residual norm 2.432384e-01
  1 (restart 0) KSP residual norm 7.722250e-13
GMRES solver converged in 1 iteration (avg. reduction factor: 3.175e-12)
  Residual norms for GMRES solve
  0 (restart 0) KSP residual norm 1.550371e-01
  1 (restart 0) KSP residual norm 1.108656e-12
GMRES solver converged in 1 iteration (avg. reduction factor: 7.151e-12)
  Residual norms for GMRES solve
  0 (restart 0) KSP residual norm 2.329081e-01
  1 (restart 0) KSP residual norm 8.689122e-13
GMRES solver converged in 1 iteration (avg. reduction factor: 3.731e-12)
  Residual norms for GMRES solve
  0 (restart 0) KSP residual norm 9.035497e-02
  1 (restart 0) KSP residual norm 1.031530e-12
GMRES solver converged in 1 iteration (avg. reduction factor: 1.142e-11)
  Residual norms for GMRES solve
  0 (restart 0) KSP residual norm 1.592192e-01
  1 (restart 0) KSP residual norm 4.521547e-13
GMRES solver converged in 1 iteration (avg. reduction factor: 2.840e-12)
  Residual norms for GMRES solve
  0 (restart 0) KSP residual norm 1.484186e-01
  1 (restart 0) KSP residual norm 8.131400e-13
GMRES solver converged in 1 iteration (avg. reduction factor: 5.479e-12)
  Residual norms for GMRES solve
  0 (restart 0) KSP residual norm 1.285557e-01
  1 (restart 0) KSP residual norm 4.929229e-13
GMRES solver converged in 1 iteration (avg. reduction factor: 3.834e-12)
  Residual norms for GMRES solve
  0 (restart 0) KSP residual norm 2.520092e-01
  1 (restart 0) KSP residual norm 4.965039e-13
GMRES solver converged in 1 iteration (avg. reduction factor: 1.970e-12)
  Residual norms for GMRES solve
  0 (restart 0) KSP residual norm 2.485443e-01
  1 (restart 0) KSP residual norm 6.756626e-13
GMRES solver converged in 1 iteration (avg. reduction factor: 2.718e-12)
  2 EPS nconv=16 first unconverged value (error) 0.00423526-6.68012e-09i (2.56942346e-04)
  Residual norms for GMRES solve
  0 (restart 0) KSP residual norm 4.997782e-01
  1 (restart 0) KSP residual norm 8.121679e-13
GMRES solver converged in 1 iteration (avg. reduction factor: 1.625e-12)
  Residual norms for GMRES solve
  0 (restart 0) KSP residual norm 3.874591e-01
  1 (restart 0) KSP residual norm 8.803266e-13
GMRES solver converged in 1 iteration (avg. reduction factor: 2.272e-12)
  Residual norms for GMRES solve
  0 (restart 0) KSP residual norm 3.366348e-01
  1 (restart 0) KSP residual norm 5.691257e-13
GMRES solver converged in 1 iteration (avg. reduction factor: 1.691e-12)
  Residual norms for GMRES solve
  0 (restart 0) KSP residual norm 4.218710e-01
  1 (restart 0) KSP residual norm 5.952006e-13
GMRES solver converged in 1 iteration (avg. reduction factor: 1.411e-12)
  Residual norms for GMRES solve
  0 (restart 0) KSP residual norm 7.813623e-02
  1 (restart 0) KSP residual norm 6.654154e-13
GMRES solver converged in 1 iteration (avg. reduction factor: 8.516e-12)
  Residual norms for GMRES solve
  0 (restart 0) KSP residual norm 3.024392e-01
  1 (restart 0) KSP residual norm 4.153127e-13
GMRES solver converged in 1 iteration (avg. reduction factor: 1.373e-12)
  Residual norms for GMRES solve
  0 (restart 0) KSP residual norm 3.176905e-01
  1 (restart 0) KSP residual norm 3.513436e-13
GMRES solver converged in 1 iteration (avg. reduction factor: 1.106e-12)
  Residual norms for GMRES solve
  0 (restart 0) KSP residual norm 1.726325e-01
  1 (restart 0) KSP residual norm 6.250375e-13
GMRES solver converged in 1 iteration (avg. reduction factor: 3.621e-12)
  Residual norms for GMRES solve
  0 (restart 0) KSP residual norm 4.305325e-01
  1 (restart 0) KSP residual norm 7.659635e-13
GMRES solver converged in 1 iteration (avg. reduction factor: 1.779e-12)
  Residual norms for GMRES solve
  0 (restart 0) KSP residual norm 2.225417e-01
  1 (restart 0) KSP residual norm 3.520749e-13
GMRES solver converged in 1 iteration (avg. reduction factor: 1.582e-12)
  Residual norms for GMRES solve
  0 (restart 0) KSP residual norm 2.903207e-01
  1 (restart 0) KSP residual norm 3.044682e-13
GMRES solver converged in 1 iteration (avg. reduction factor: 1.049e-12)
  Residual norms for GMRES solve
  0 (restart 0) KSP residual norm 3.626365e-01
  1 (restart 0) KSP residual norm 6.496709e-13
GMRES solver converged in 1 iteration (avg. reduction factor: 1.792e-12)
  Residual norms for GMRES solve
  0 (restart 0) KSP residual norm 1.952293e-01
  1 (restart 0) KSP residual norm 6.316511e-13
GMRES solver converged in 1 iteration (avg. reduction factor: 3.235e-12)
  Residual norms for GMRES solve
  0 (restart 0) KSP residual norm 3.026662e-01
  1 (restart 0) KSP residual norm 2.923505e-13
GMRES solver converged in 1 iteration (avg. reduction factor: 9.659e-13)
  3 EPS nconv=22 first unconverged value (error) 0.00449157-1.51527e-13i (1.57119736e-08)

 Linear eigensolve converged (22 eigenpairs) due to CONVERGED_TOL; iterations 3
 Total number of linear systems solved: 75
 Total number of linear solver iterations: 75
 Found 22 converged eigenvalues (first = 2.298e+01+3.167e-14i)

Computing solution error estimates and performing postprocessing

     m,        Re{f} (GHz),        Im{f} (GHz),                  Q,      Error (Bkwd.),       Error (Abs.)
     1,      +1.102772e+00,      +7.600739e-16,      +7.254372e+14,      +3.326796e-16,      +1.367525e-12
     2,      +1.757977e+00,      -1.977314e-13,      +4.445368e+12,      +1.570387e-15,      +6.461460e-12
     3,      +1.758425e+00,      -8.135098e-14,      +1.080764e+13,      +1.028449e-15,      +4.231622e-12
     4,      +1.889155e+00,      -2.362070e-13,      +3.998940e+12,      +1.142577e-15,      +4.702354e-12
     5,      +1.890331e+00,      +1.194872e-13,      +7.910183e+12,      +6.808700e-16,      +2.802173e-12
     6,      +2.022231e+00,      +2.606785e-14,      +3.878783e+13,      +1.749109e-15,      +7.200485e-12
     7,      +2.198085e+00,      -2.169503e-13,      +5.065873e+12,      +2.572562e-15,      +1.059436e-11
     8,      +2.199920e+00,      -3.658971e-13,      +3.006199e+12,      +4.548747e-15,      +1.873279e-11
     9,      +2.345584e+00,      -4.150433e-12,      +2.825710e+11,      +1.360712e-10,      +5.605616e-07
    10,      +2.346328e+00,      -4.252698e-11,      +2.758635e+10,      +2.154537e-10,      +8.875888e-07
    11,      +2.419622e+00,      +2.573259e-13,      +4.701473e+12,      +2.741331e-13,      +1.129527e-09
    12,      +2.431187e+00,      -4.796045e-13,      +2.534575e+12,      +1.828131e-12,      +7.532771e-09
    13,      +2.432387e+00,      -5.054674e-13,      +2.406077e+12,      +1.187061e-13,      +4.891273e-10
    14,      +2.525423e+00,      +3.938568e-15,      +3.206016e+14,      +3.519820e-13,      +1.450678e-09
    15,      +2.566047e+00,      -6.538794e-13,      +1.962171e+12,      +4.272046e-12,      +1.760890e-08
    16,      +2.567712e+00,      -4.840755e-13,      +2.652181e+12,      +9.145866e-13,      +3.769841e-09
    17,      +2.880959e+00,      +1.159603e-12,      +1.242218e+12,      +1.060257e-12,      +4.374076e-09
    18,      +2.882782e+00,      -1.374418e-11,      +1.048728e+11,      +5.431841e-12,      +2.240910e-08
    19,      +2.898995e+00,      -2.518339e-12,      +5.755768e+11,      +7.875841e-12,      +3.249339e-08
    20,      +2.904488e+00,      +9.122373e-12,      +1.591959e+11,      +1.844378e-11,      +7.609480e-08
    21,      +2.948104e+00,      -2.256051e-10,      +6.533770e+09,      +1.960619e-10,      +8.090113e-07
    22,      +2.953088e+00,      -1.404868e-11,      +1.051020e+11,      +3.478245e-10,      +1.435252e-06

Completed 0 iterations of adaptive mesh refinement (AMR):
 Indicator norm = 2.356e-01, global unknowns = 99243
 Max. iterations = 0, tol. = 1.000e-02

Estimated peak per-rank memory usage is: Min. 447.0M, Max. 526.1M, Avg. 478.2M, Total 1.9G
Estimated peak per-node memory usage is: Min. 1.9G, Max. 1.9G, Avg. 1.9G, Total 1.9G

Elapsed Time Report (s)           Min.        Max.        Avg.
==============================================================
Initialization                   0.676       1.714       1.454
  Mesh Preprocessing             1.359       2.397       1.618
Operator Construction            2.045       2.056       2.050
Linear Solve                     3.873       3.892       3.880
  Setup                          0.447       0.448       0.448
  Preconditioner                15.788      15.823      15.800
Eigenvalue Solve                 3.675       3.745       3.703
Div.-Free Projection            22.541      22.587      22.571
Estimation                       1.045       1.110       1.073
  Construction                   2.551       2.555       2.552
  Solve                         24.258      24.317      24.295
Postprocessing                   4.626       4.656       4.645
Disk IO                          2.424       2.431       2.429
--------------------------------------------------------------
Total                           87.882      87.890      87.887

Peak Memory                   Per-Node       Total   Total HWM
==============================================================
Initialization                    6.5M        6.5M        6.5M
  Mesh Preprocessing             57.0M       57.0M       63.4M
Operator Construction           126.9M      126.9M      190.3M
Linear Solve                    164.0K      164.0K      190.5M
  Setup                         207.7M      207.7M      398.2M
  Preconditioner                  1.2G        1.2G        1.6G
Eigenvalue Solve                 41.4M       41.4M        1.6G
Div.-Free Projection             75.6M       75.6M        1.7G
Estimation                        0.0K        0.0K        1.7G
  Construction                    1.1M        1.1M        1.7G
  Solve                           0.0K        0.0K        1.7G
Postprocessing                    0.0K        0.0K        1.7G
Disk IO                          66.5M       66.5M        1.8G
--------------------------------------------------------------
Total                             1.8G        1.8G        1.8G

