>> /home/tanderson/.local/share/mamba/envs/emsim/bin/mpirun -n 4 /home/tanderson/.local/opt/palace/bin/palace-x86_64.bin e0j_sf1p5.json

_____________     _______
_____   __   \____ __   /____ ____________
____   /_/  /  __ ` /  /  __ ` /  ___/  _ \
___   _____/  /_/  /  /  /_/  /  /__/  ___/
  /__/     \___,__/__/\___,__/\_____\_____/

Git changeset ID: 3c83b9d
Running with 4 MPI processes, 1 OpenMP thread
Device configuration: omp,cpu
Memory configuration: host-std
libCEED backend: /cpu/self/opt/blocked

Added 4926 boundary elements for material interfaces to the mesh

Characteristic length and time scales:
 Lc = 2.074e-01 m, tc = 6.918e-01 ns
Finished partitioning mesh into 4 subdomains

Mesh curvature order: 2
Mesh bounding box:
 (Xmin, Ymin, Zmin) = (-1.037e-01, -1.037e-01, -4.426e-02) m
 (Xmax, Ymax, Zmax) = (+1.037e-01, +1.037e-01, +4.426e-02) m

Parallel Mesh Stats:

                minimum     average     maximum       total
 vertices           933        1169        1310        4676
 edges             7114        7837        8278       31350
 faces            12677       13164       13461       52657
 elements          6478        6495        6515       25982
 neighbors            3           3           3

            minimum     maximum
 h       0.00611292    0.178566
 kappa      1.07385     7.91884

Estimated current per-rank memory usage is: Min. 32.8M, Max. 51.5M, Avg. 37.5M, Total 149.9M
Estimated current per-node memory usage is: Min. 150.0M, Max. 150.0M, Avg. 150.0M, Total 150.0M

Configuring Dirichlet PEC BC at attributes:
 90

Assembling system matrices, number of global unknowns:
 H1 (p = 2): 36026, ND (p = 2): 168014, RT (p = 2): 235917
 Operator assembly level: Partial
 Mesh geometries:
  Tetrahedron: P = 20, Q = 14 (quadrature order = 4)

Configuring SLEPc eigenvalue solver:
 Scaling γ = 3.010e+04, δ = 4.214e-04
 Configuring divergence-free projection
 Using random starting vector
 Shift-and-invert σ = 1.050e+00 GHz (4.564e+00)

Assembling multigrid hierarchy:
 Level 0 (p = 1): 31350 unknowns
 Level 1 (p = 2): 168014 unknowns
 Level 0 (auxiliary) (p = 1): 4676 unknowns
 Level 1 (auxiliary) (p = 2): 36026 unknowns

#PETSc Option Table entries:
-eps_monitor # (source: code)
#End of PETSc Option Table entries

  Residual norms for GMRES solve
  0 (restart 0) KSP residual norm 1.525463e-02
  1 (restart 0) KSP residual norm 1.512766e-03
  2 (restart 0) KSP residual norm 1.159430e-04
  3 (restart 0) KSP residual norm 2.057934e-05
  4 (restart 0) KSP residual norm 3.616013e-06
  5 (restart 0) KSP residual norm 7.746779e-07
  6 (restart 0) KSP residual norm 1.448789e-07
  7 (restart 0) KSP residual norm 2.847019e-08
  8 (restart 0) KSP residual norm 6.219875e-09
  9 (restart 0) KSP residual norm 1.294435e-09
 10 (restart 0) KSP residual norm 2.614206e-10
 11 (restart 0) KSP residual norm 4.886942e-11
GMRES solver converged in 11 iterations (avg. reduction factor: 1.690e-01)
  Residual norms for GMRES solve
  0 (restart 0) KSP residual norm 5.040886e+00
  1 (restart 0) KSP residual norm 5.281911e-02
  2 (restart 0) KSP residual norm 3.076538e-03
  3 (restart 0) KSP residual norm 4.990435e-04
  4 (restart 0) KSP residual norm 8.874720e-05
  5 (restart 0) KSP residual norm 1.825667e-05
  6 (restart 0) KSP residual norm 3.753372e-06
  7 (restart 0) KSP residual norm 8.109068e-07
  8 (restart 0) KSP residual norm 1.476135e-07
  9 (restart 0) KSP residual norm 2.939569e-08
GMRES solver converged in 9 iterations (avg. reduction factor: 1.216e-01)
  Residual norms for GMRES solve
  0 (restart 0) KSP residual norm 4.395233e+00
  1 (restart 0) KSP residual norm 4.884858e-02
  2 (restart 0) KSP residual norm 2.683229e-03
  3 (restart 0) KSP residual norm 4.484295e-04
  4 (restart 0) KSP residual norm 8.045869e-05
  5 (restart 0) KSP residual norm 1.633307e-05
  6 (restart 0) KSP residual norm 3.364574e-06
  7 (restart 0) KSP residual norm 7.121695e-07
  8 (restart 0) KSP residual norm 1.313417e-07
  9 (restart 0) KSP residual norm 2.627797e-08
GMRES solver converged in 9 iterations (avg. reduction factor: 1.220e-01)
  Residual norms for GMRES solve
  0 (restart 0) KSP residual norm 2.820730e-01
  1 (restart 0) KSP residual norm 2.991433e-02
  2 (restart 0) KSP residual norm 1.531792e-03
  3 (restart 0) KSP residual norm 2.802442e-04
  4 (restart 0) KSP residual norm 5.442869e-05
  5 (restart 0) KSP residual norm 1.219247e-05
  6 (restart 0) KSP residual norm 2.437947e-06
  7 (restart 0) KSP residual norm 4.915871e-07
  8 (restart 0) KSP residual norm 8.912068e-08
  9 (restart 0) KSP residual norm 1.590134e-08
 10 (restart 0) KSP residual norm 2.941291e-09
 11 (restart 0) KSP residual norm 5.662905e-10
GMRES solver converged in 11 iterations (avg. reduction factor: 1.619e-01)
  Residual norms for GMRES solve
  0 (restart 0) KSP residual norm 5.149384e-01
  1 (restart 0) KSP residual norm 4.341780e-02
  2 (restart 0) KSP residual norm 1.547301e-03
  3 (restart 0) KSP residual norm 2.436177e-04
  4 (restart 0) KSP residual norm 4.469768e-05
  5 (restart 0) KSP residual norm 9.875462e-06
  6 (restart 0) KSP residual norm 2.005559e-06
  7 (restart 0) KSP residual norm 4.096803e-07
  8 (restart 0) KSP residual norm 7.455182e-08
  9 (restart 0) KSP residual norm 1.394400e-08
 10 (restart 0) KSP residual norm 2.741399e-09
GMRES solver converged in 10 iterations (avg. reduction factor: 1.488e-01)
  Residual norms for GMRES solve
  0 (restart 0) KSP residual norm 4.367796e-01
  1 (restart 0) KSP residual norm 3.382292e-02
  2 (restart 0) KSP residual norm 1.340361e-03
  3 (restart 0) KSP residual norm 2.114097e-04
  4 (restart 0) KSP residual norm 3.905435e-05
  5 (restart 0) KSP residual norm 6.911079e-06
  6 (restart 0) KSP residual norm 1.298388e-06
  7 (restart 0) KSP residual norm 2.971497e-07
  8 (restart 0) KSP residual norm 6.019576e-08
  9 (restart 0) KSP residual norm 1.219844e-08
 10 (restart 0) KSP residual norm 2.385097e-09
GMRES solver converged in 10 iterations (avg. reduction factor: 1.492e-01)
  Residual norms for GMRES solve
  0 (restart 0) KSP residual norm 7.477731e-01
  1 (restart 0) KSP residual norm 3.577332e-02
  2 (restart 0) KSP residual norm 1.588897e-03
  3 (restart 0) KSP residual norm 2.405702e-04
  4 (restart 0) KSP residual norm 4.716201e-05
  5 (restart 0) KSP residual norm 1.024562e-05
  6 (restart 0) KSP residual norm 2.098779e-06
  7 (restart 0) KSP residual norm 4.283482e-07
  8 (restart 0) KSP residual norm 7.776142e-08
  9 (restart 0) KSP residual norm 1.450139e-08
 10 (restart 0) KSP residual norm 2.684053e-09
GMRES solver converged in 10 iterations (avg. reduction factor: 1.431e-01)
  Residual norms for GMRES solve
  0 (restart 0) KSP residual norm 8.679080e-01
  1 (restart 0) KSP residual norm 3.784315e-02
  2 (restart 0) KSP residual norm 1.644786e-03
  3 (restart 0) KSP residual norm 2.218690e-04
  4 (restart 0) KSP residual norm 4.177327e-05
  5 (restart 0) KSP residual norm 7.334012e-06
  6 (restart 0) KSP residual norm 1.370308e-06
  7 (restart 0) KSP residual norm 3.202482e-07
  8 (restart 0) KSP residual norm 6.289764e-08
  9 (restart 0) KSP residual norm 1.193857e-08
 10 (restart 0) KSP residual norm 2.300854e-09
GMRES solver converged in 10 iterations (avg. reduction factor: 1.388e-01)
  Residual norms for GMRES solve
  0 (restart 0) KSP residual norm 2.562168e-01
  1 (restart 0) KSP residual norm 2.500396e-02
  2 (restart 0) KSP residual norm 1.427860e-03
  3 (restart 0) KSP residual norm 1.690959e-04
  4 (restart 0) KSP residual norm 3.367049e-05
  5 (restart 0) KSP residual norm 6.572432e-06
  6 (restart 0) KSP residual norm 1.337503e-06
  7 (restart 0) KSP residual norm 2.919502e-07
  8 (restart 0) KSP residual norm 5.411440e-08
  9 (restart 0) KSP residual norm 1.042513e-08
 10 (restart 0) KSP residual norm 2.136322e-09
GMRES solver converged in 10 iterations (avg. reduction factor: 1.556e-01)
  Residual norms for GMRES solve
  0 (restart 0) KSP residual norm 1.006943e+00
  1 (restart 0) KSP residual norm 2.849993e-02
  2 (restart 0) KSP residual norm 1.407853e-03
  3 (restart 0) KSP residual norm 2.176061e-04
  4 (restart 0) KSP residual norm 4.029709e-05
  5 (restart 0) KSP residual norm 7.889629e-06
  6 (restart 0) KSP residual norm 1.480274e-06
  7 (restart 0) KSP residual norm 3.232726e-07
  8 (restart 0) KSP residual norm 6.261847e-08
  9 (restart 0) KSP residual norm 1.261766e-08
 10 (restart 0) KSP residual norm 2.563481e-09
GMRES solver converged in 10 iterations (avg. reduction factor: 1.382e-01)
  Residual norms for GMRES solve
  0 (restart 0) KSP residual norm 3.109494e-01
  1 (restart 0) KSP residual norm 1.983788e-02
  2 (restart 0) KSP residual norm 1.044287e-03
  3 (restart 0) KSP residual norm 1.719038e-04
  4 (restart 0) KSP residual norm 3.109120e-05
  5 (restart 0) KSP residual norm 6.331654e-06
  6 (restart 0) KSP residual norm 1.202638e-06
  7 (restart 0) KSP residual norm 2.567849e-07
  8 (restart 0) KSP residual norm 5.287017e-08
  9 (restart 0) KSP residual norm 1.019728e-08
 10 (restart 0) KSP residual norm 1.987928e-09
GMRES solver converged in 10 iterations (avg. reduction factor: 1.516e-01)
  Residual norms for GMRES solve
  0 (restart 0) KSP residual norm 1.260728e+00
  1 (restart 0) KSP residual norm 2.420783e-02
  2 (restart 0) KSP residual norm 1.201301e-03
  3 (restart 0) KSP residual norm 2.000743e-04
  4 (restart 0) KSP residual norm 3.599403e-05
  5 (restart 0) KSP residual norm 6.929053e-06
  6 (restart 0) KSP residual norm 1.383933e-06
  7 (restart 0) KSP residual norm 2.948693e-07
  8 (restart 0) KSP residual norm 6.026707e-08
  9 (restart 0) KSP residual norm 1.152280e-08
GMRES solver converged in 9 iterations (avg. reduction factor: 1.279e-01)
  Residual norms for GMRES solve
  0 (restart 0) KSP residual norm 9.322215e-01
  1 (restart 0) KSP residual norm 3.731210e-02
  2 (restart 0) KSP residual norm 1.395679e-03
  3 (restart 0) KSP residual norm 2.226026e-04
  4 (restart 0) KSP residual norm 3.820211e-05
  5 (restart 0) KSP residual norm 7.581164e-06
  6 (restart 0) KSP residual norm 1.645542e-06
  7 (restart 0) KSP residual norm 3.549397e-07
  8 (restart 0) KSP residual norm 6.602032e-08
  9 (restart 0) KSP residual norm 1.236351e-08
 10 (restart 0) KSP residual norm 2.473481e-09
GMRES solver converged in 10 iterations (avg. reduction factor: 1.388e-01)
  Residual norms for GMRES solve
  0 (restart 0) KSP residual norm 7.895965e-01
  1 (restart 0) KSP residual norm 5.199200e-02
  2 (restart 0) KSP residual norm 1.679825e-03
  3 (restart 0) KSP residual norm 2.572102e-04
  4 (restart 0) KSP residual norm 5.288782e-05
  5 (restart 0) KSP residual norm 1.130478e-05
  6 (restart 0) KSP residual norm 2.341893e-06
  7 (restart 0) KSP residual norm 4.513071e-07
  8 (restart 0) KSP residual norm 7.863017e-08
  9 (restart 0) KSP residual norm 1.481034e-08
 10 (restart 0) KSP residual norm 2.793726e-09
GMRES solver converged in 10 iterations (avg. reduction factor: 1.428e-01)
  Residual norms for GMRES solve
  0 (restart 0) KSP residual norm 8.487932e-01
  1 (restart 0) KSP residual norm 2.301947e-02
  2 (restart 0) KSP residual norm 1.185962e-03
  3 (restart 0) KSP residual norm 1.944688e-04
  4 (restart 0) KSP residual norm 3.505309e-05
  5 (restart 0) KSP residual norm 6.991345e-06
  6 (restart 0) KSP residual norm 1.428057e-06
  7 (restart 0) KSP residual norm 3.032405e-07
  8 (restart 0) KSP residual norm 5.999882e-08
  9 (restart 0) KSP residual norm 1.225155e-08
 10 (restart 0) KSP residual norm 2.381724e-09
GMRES solver converged in 10 iterations (avg. reduction factor: 1.396e-01)
  Residual norms for GMRES solve
  0 (restart 0) KSP residual norm 3.737382e-01
  1 (restart 0) KSP residual norm 2.232255e-02
  2 (restart 0) KSP residual norm 1.090782e-03
  3 (restart 0) KSP residual norm 1.972004e-04
  4 (restart 0) KSP residual norm 3.488890e-05
  5 (restart 0) KSP residual norm 7.071296e-06
  6 (restart 0) KSP residual norm 1.472070e-06
  7 (restart 0) KSP residual norm 3.159795e-07
  8 (restart 0) KSP residual norm 6.117128e-08
  9 (restart 0) KSP residual norm 1.133900e-08
 10 (restart 0) KSP residual norm 2.252525e-09
GMRES solver converged in 10 iterations (avg. reduction factor: 1.507e-01)
  Residual norms for GMRES solve
  0 (restart 0) KSP residual norm 9.990405e-01
  1 (restart 0) KSP residual norm 3.783138e-02
  2 (restart 0) KSP residual norm 1.784048e-03
  3 (restart 0) KSP residual norm 2.423198e-04
  4 (restart 0) KSP residual norm 4.543555e-05
  5 (restart 0) KSP residual norm 8.572603e-06
  6 (restart 0) KSP residual norm 1.656629e-06
  7 (restart 0) KSP residual norm 3.678752e-07
  8 (restart 0) KSP residual norm 7.267946e-08
  9 (restart 0) KSP residual norm 1.416627e-08
 10 (restart 0) KSP residual norm 2.662084e-09
GMRES solver converged in 10 iterations (avg. reduction factor: 1.389e-01)
  Residual norms for GMRES solve
  0 (restart 0) KSP residual norm 9.012694e-01
  1 (restart 0) KSP residual norm 3.834532e-02
  2 (restart 0) KSP residual norm 1.710879e-03
  3 (restart 0) KSP residual norm 2.280737e-04
  4 (restart 0) KSP residual norm 4.593958e-05
  5 (restart 0) KSP residual norm 9.406072e-06
  6 (restart 0) KSP residual norm 1.792254e-06
  7 (restart 0) KSP residual norm 3.968708e-07
  8 (restart 0) KSP residual norm 7.774691e-08
  9 (restart 0) KSP residual norm 1.482826e-08
 10 (restart 0) KSP residual norm 2.757313e-09
GMRES solver converged in 10 iterations (avg. reduction factor: 1.408e-01)
  Residual norms for GMRES solve
  0 (restart 0) KSP residual norm 9.343254e-01
  1 (restart 0) KSP residual norm 1.958773e-02
  2 (restart 0) KSP residual norm 1.159788e-03
  3 (restart 0) KSP residual norm 2.030893e-04
  4 (restart 0) KSP residual norm 3.643175e-05
  5 (restart 0) KSP residual norm 7.856445e-06
  6 (restart 0) KSP residual norm 1.570169e-06
  7 (restart 0) KSP residual norm 3.262431e-07
  8 (restart 0) KSP residual norm 6.379906e-08
  9 (restart 0) KSP residual norm 1.201073e-08
 10 (restart 0) KSP residual norm 2.383748e-09
GMRES solver converged in 10 iterations (avg. reduction factor: 1.383e-01)
  Residual norms for GMRES solve
  0 (restart 0) KSP residual norm 7.421281e-01
  1 (restart 0) KSP residual norm 1.632900e-02
  2 (restart 0) KSP residual norm 1.020532e-03
  3 (restart 0) KSP residual norm 1.850431e-04
  4 (restart 0) KSP residual norm 3.465325e-05
  5 (restart 0) KSP residual norm 6.951195e-06
  6 (restart 0) KSP residual norm 1.541598e-06
  7 (restart 0) KSP residual norm 3.262957e-07
  8 (restart 0) KSP residual norm 5.885785e-08
  9 (restart 0) KSP residual norm 1.145401e-08
 10 (restart 0) KSP residual norm 2.304303e-09
GMRES solver converged in 10 iterations (avg. reduction factor: 1.410e-01)
  Residual norms for GMRES solve
  0 (restart 0) KSP residual norm 1.478674e+00
  1 (restart 0) KSP residual norm 2.481503e-02
  2 (restart 0) KSP residual norm 1.343044e-03
  3 (restart 0) KSP residual norm 2.304289e-04
  4 (restart 0) KSP residual norm 4.028585e-05
  5 (restart 0) KSP residual norm 8.393040e-06
  6 (restart 0) KSP residual norm 1.727876e-06
  7 (restart 0) KSP residual norm 3.791682e-07
  8 (restart 0) KSP residual norm 7.031443e-08
  9 (restart 0) KSP residual norm 1.298167e-08
GMRES solver converged in 9 iterations (avg. reduction factor: 1.273e-01)
  Residual norms for GMRES solve
  0 (restart 0) KSP residual norm 6.397952e-01
  1 (restart 0) KSP residual norm 2.630467e-02
  2 (restart 0) KSP residual norm 1.316211e-03
  3 (restart 0) KSP residual norm 1.966276e-04
  4 (restart 0) KSP residual norm 3.546202e-05
  5 (restart 0) KSP residual norm 6.905600e-06
  6 (restart 0) KSP residual norm 1.303733e-06
  7 (restart 0) KSP residual norm 2.852381e-07
  8 (restart 0) KSP residual norm 5.494510e-08
  9 (restart 0) KSP residual norm 1.074282e-08
 10 (restart 0) KSP residual norm 2.289645e-09
GMRES solver converged in 10 iterations (avg. reduction factor: 1.430e-01)
  Residual norms for GMRES solve
  0 (restart 0) KSP residual norm 1.644567e+00
  1 (restart 0) KSP residual norm 2.834203e-02
  2 (restart 0) KSP residual norm 1.358673e-03
  3 (restart 0) KSP residual norm 2.375317e-04
  4 (restart 0) KSP residual norm 4.372411e-05
  5 (restart 0) KSP residual norm 9.657884e-06
  6 (restart 0) KSP residual norm 1.981462e-06
  7 (restart 0) KSP residual norm 3.826479e-07
  8 (restart 0) KSP residual norm 7.324607e-08
  9 (restart 0) KSP residual norm 1.444493e-08
GMRES solver converged in 9 iterations (avg. reduction factor: 1.273e-01)
  Residual norms for GMRES solve
  0 (restart 0) KSP residual norm 1.445070e+00
  1 (restart 0) KSP residual norm 2.194029e-02
  2 (restart 0) KSP residual norm 1.314725e-03
  3 (restart 0) KSP residual norm 2.330858e-04
  4 (restart 0) KSP residual norm 4.025183e-05
  5 (restart 0) KSP residual norm 8.715737e-06
  6 (restart 0) KSP residual norm 1.888541e-06
  7 (restart 0) KSP residual norm 3.665954e-07
  8 (restart 0) KSP residual norm 7.005572e-08
  9 (restart 0) KSP residual norm 1.323408e-08
GMRES solver converged in 9 iterations (avg. reduction factor: 1.279e-01)
  Residual norms for GMRES solve
  0 (restart 0) KSP residual norm 6.222037e-01
  1 (restart 0) KSP residual norm 1.476565e-02
  2 (restart 0) KSP residual norm 1.023160e-03
  3 (restart 0) KSP residual norm 1.707747e-04
  4 (restart 0) KSP residual norm 3.444561e-05
  5 (restart 0) KSP residual norm 7.373203e-06
  6 (restart 0) KSP residual norm 1.452769e-06
  7 (restart 0) KSP residual norm 2.856381e-07
  8 (restart 0) KSP residual norm 5.792782e-08
  9 (restart 0) KSP residual norm 1.197123e-08
 10 (restart 0) KSP residual norm 2.617054e-09
GMRES solver converged in 10 iterations (avg. reduction factor: 1.453e-01)
  Residual norms for GMRES solve
  0 (restart 0) KSP residual norm 2.488637e-01
  1 (restart 0) KSP residual norm 1.393560e-02
  2 (restart 0) KSP residual norm 1.031802e-03
  3 (restart 0) KSP residual norm 1.643685e-04
  4 (restart 0) KSP residual norm 3.051228e-05
  5 (restart 0) KSP residual norm 5.975498e-06
  6 (restart 0) KSP residual norm 1.299550e-06
  7 (restart 0) KSP residual norm 2.794999e-07
  8 (restart 0) KSP residual norm 5.404345e-08
  9 (restart 0) KSP residual norm 1.048646e-08
 10 (restart 0) KSP residual norm 2.179540e-09
GMRES solver converged in 10 iterations (avg. reduction factor: 1.564e-01)
  Residual norms for GMRES solve
  0 (restart 0) KSP residual norm 1.665758e-01
  1 (restart 0) KSP residual norm 1.398848e-02
  2 (restart 0) KSP residual norm 1.045008e-03
  3 (restart 0) KSP residual norm 1.833623e-04
  4 (restart 0) KSP residual norm 3.325944e-05
  5 (restart 0) KSP residual norm 7.073311e-06
  6 (restart 0) KSP residual norm 1.465797e-06
  7 (restart 0) KSP residual norm 3.064337e-07
  8 (restart 0) KSP residual norm 6.005221e-08
  9 (restart 0) KSP residual norm 1.170852e-08
 10 (restart 0) KSP residual norm 2.447236e-09
 11 (restart 0) KSP residual norm 4.871813e-10
GMRES solver converged in 11 iterations (avg. reduction factor: 1.676e-01)
  Residual norms for GMRES solve
  0 (restart 0) KSP residual norm 2.807202e-01
  1 (restart 0) KSP residual norm 2.118918e-02
  2 (restart 0) KSP residual norm 1.132472e-03
  3 (restart 0) KSP residual norm 1.879837e-04
  4 (restart 0) KSP residual norm 3.406846e-05
  5 (restart 0) KSP residual norm 6.697795e-06
  6 (restart 0) KSP residual norm 1.319873e-06
  7 (restart 0) KSP residual norm 2.890565e-07
  8 (restart 0) KSP residual norm 5.706206e-08
  9 (restart 0) KSP residual norm 1.112793e-08
 10 (restart 0) KSP residual norm 2.212446e-09
GMRES solver converged in 10 iterations (avg. reduction factor: 1.548e-01)
  Residual norms for GMRES solve
  0 (restart 0) KSP residual norm 1.483676e-01
  1 (restart 0) KSP residual norm 1.443083e-02
  2 (restart 0) KSP residual norm 1.039351e-03
  3 (restart 0) KSP residual norm 1.700749e-04
  4 (restart 0) KSP residual norm 3.042743e-05
  5 (restart 0) KSP residual norm 6.042178e-06
  6 (restart 0) KSP residual norm 1.231251e-06
  7 (restart 0) KSP residual norm 2.593195e-07
  8 (restart 0) KSP residual norm 5.229359e-08
  9 (restart 0) KSP residual norm 1.003710e-08
 10 (restart 0) KSP residual norm 2.057411e-09
 11 (restart 0) KSP residual norm 4.028084e-10
GMRES solver converged in 11 iterations (avg. reduction factor: 1.664e-01)
  Residual norms for GMRES solve
  0 (restart 0) KSP residual norm 2.636095e-01
  1 (restart 0) KSP residual norm 1.543514e-02
  2 (restart 0) KSP residual norm 1.053658e-03
  3 (restart 0) KSP residual norm 1.728739e-04
  4 (restart 0) KSP residual norm 3.170217e-05
  5 (restart 0) KSP residual norm 6.868716e-06
  6 (restart 0) KSP residual norm 1.410809e-06
  7 (restart 0) KSP residual norm 2.924791e-07
  8 (restart 0) KSP residual norm 5.587229e-08
  9 (restart 0) KSP residual norm 1.006425e-08
 10 (restart 0) KSP residual norm 1.943319e-09
GMRES solver converged in 10 iterations (avg. reduction factor: 1.537e-01)
  Residual norms for GMRES solve
  0 (restart 0) KSP residual norm 2.518112e-01
  1 (restart 0) KSP residual norm 2.086700e-02
  2 (restart 0) KSP residual norm 1.250947e-03
  3 (restart 0) KSP residual norm 2.105570e-04
  4 (restart 0) KSP residual norm 3.738084e-05
  5 (restart 0) KSP residual norm 7.414001e-06
  6 (restart 0) KSP residual norm 1.397213e-06
  7 (restart 0) KSP residual norm 2.868642e-07
  8 (restart 0) KSP residual norm 5.556940e-08
  9 (restart 0) KSP residual norm 1.184575e-08
 10 (restart 0) KSP residual norm 2.587737e-09
 11 (restart 0) KSP residual norm 4.822459e-10
GMRES solver converged in 11 iterations (avg. reduction factor: 1.612e-01)
  Residual norms for GMRES solve
  0 (restart 0) KSP residual norm 1.182854e-01
  1 (restart 0) KSP residual norm 1.197748e-02
  2 (restart 0) KSP residual norm 1.025151e-03
  3 (restart 0) KSP residual norm 1.825744e-04
  4 (restart 0) KSP residual norm 3.439823e-05
  5 (restart 0) KSP residual norm 7.285646e-06
  6 (restart 0) KSP residual norm 1.503987e-06
  7 (restart 0) KSP residual norm 3.146833e-07
  8 (restart 0) KSP residual norm 6.202033e-08
  9 (restart 0) KSP residual norm 1.198822e-08
 10 (restart 0) KSP residual norm 2.437109e-09
 11 (restart 0) KSP residual norm 4.776515e-10
GMRES solver converged in 11 iterations (avg. reduction factor: 1.726e-01)
  Residual norms for GMRES solve
  0 (restart 0) KSP residual norm 3.645869e-01
  1 (restart 0) KSP residual norm 1.364915e-02
  2 (restart 0) KSP residual norm 9.787014e-04
  3 (restart 0) KSP residual norm 1.797453e-04
  4 (restart 0) KSP residual norm 3.439596e-05
  5 (restart 0) KSP residual norm 7.652424e-06
  6 (restart 0) KSP residual norm 1.494658e-06
  7 (restart 0) KSP residual norm 3.096857e-07
  8 (restart 0) KSP residual norm 6.105796e-08
  9 (restart 0) KSP residual norm 1.160366e-08
 10 (restart 0) KSP residual norm 2.328728e-09
GMRES solver converged in 10 iterations (avg. reduction factor: 1.515e-01)
  Residual norms for GMRES solve
  0 (restart 0) KSP residual norm 1.763875e-01
  1 (restart 0) KSP residual norm 1.375977e-02
  2 (restart 0) KSP residual norm 9.190346e-04
  3 (restart 0) KSP residual norm 1.840586e-04
  4 (restart 0) KSP residual norm 3.471278e-05
  5 (restart 0) KSP residual norm 7.059793e-06
  6 (restart 0) KSP residual norm 1.423342e-06
  7 (restart 0) KSP residual norm 2.854611e-07
  8 (restart 0) KSP residual norm 5.729014e-08
  9 (restart 0) KSP residual norm 1.131214e-08
 10 (restart 0) KSP residual norm 2.377166e-09
 11 (restart 0) KSP residual norm 4.587709e-10
GMRES solver converged in 11 iterations (avg. reduction factor: 1.658e-01)
  Residual norms for GMRES solve
  0 (restart 0) KSP residual norm 2.209894e-01
  1 (restart 0) KSP residual norm 1.048396e-02
  2 (restart 0) KSP residual norm 9.077151e-04
  3 (restart 0) KSP residual norm 1.424748e-04
  4 (restart 0) KSP residual norm 2.515870e-05
  5 (restart 0) KSP residual norm 5.160759e-06
  6 (restart 0) KSP residual norm 1.019708e-06
  7 (restart 0) KSP residual norm 2.068665e-07
  8 (restart 0) KSP residual norm 4.069157e-08
  9 (restart 0) KSP residual norm 7.801867e-09
 10 (restart 0) KSP residual norm 1.759236e-09
GMRES solver converged in 10 iterations (avg. reduction factor: 1.549e-01)
  Residual norms for GMRES solve
  0 (restart 0) KSP residual norm 1.279647e-01
  1 (restart 0) KSP residual norm 1.471253e-02
  2 (restart 0) KSP residual norm 1.012660e-03
  3 (restart 0) KSP residual norm 1.904871e-04
  4 (restart 0) KSP residual norm 3.648251e-05
  5 (restart 0) KSP residual norm 7.631483e-06
  6 (restart 0) KSP residual norm 1.465480e-06
  7 (restart 0) KSP residual norm 2.908340e-07
  8 (restart 0) KSP residual norm 5.509870e-08
  9 (restart 0) KSP residual norm 1.088188e-08
 10 (restart 0) KSP residual norm 2.401542e-09
 11 (restart 0) KSP residual norm 4.734470e-10
GMRES solver converged in 11 iterations (avg. reduction factor: 1.712e-01)
  Residual norms for GMRES solve
  0 (restart 0) KSP residual norm 1.822704e-01
  1 (restart 0) KSP residual norm 1.687685e-02
  2 (restart 0) KSP residual norm 1.006898e-03
  3 (restart 0) KSP residual norm 1.852690e-04
  4 (restart 0) KSP residual norm 3.538299e-05
  5 (restart 0) KSP residual norm 7.308249e-06
  6 (restart 0) KSP residual norm 1.479037e-06
  7 (restart 0) KSP residual norm 3.042861e-07
  8 (restart 0) KSP residual norm 5.943576e-08
  9 (restart 0) KSP residual norm 1.188828e-08
 10 (restart 0) KSP residual norm 2.291337e-09
 11 (restart 0) KSP residual norm 4.360997e-10
GMRES solver converged in 11 iterations (avg. reduction factor: 1.645e-01)
  Residual norms for GMRES solve
  0 (restart 0) KSP residual norm 2.173629e-01
  1 (restart 0) KSP residual norm 1.091818e-02
  2 (restart 0) KSP residual norm 9.367375e-04
  3 (restart 0) KSP residual norm 1.840766e-04
  4 (restart 0) KSP residual norm 3.601368e-05
  5 (restart 0) KSP residual norm 7.861354e-06
  6 (restart 0) KSP residual norm 1.545395e-06
  7 (restart 0) KSP residual norm 3.105416e-07
  8 (restart 0) KSP residual norm 5.931677e-08
  9 (restart 0) KSP residual norm 1.159880e-08
 10 (restart 0) KSP residual norm 2.498339e-09
 11 (restart 0) KSP residual norm 5.062441e-10
GMRES solver converged in 11 iterations (avg. reduction factor: 1.641e-01)
  Residual norms for GMRES solve
  0 (restart 0) KSP residual norm 2.707022e-01
  1 (restart 0) KSP residual norm 1.309493e-02
  2 (restart 0) KSP residual norm 1.015027e-03
  3 (restart 0) KSP residual norm 1.784693e-04
  4 (restart 0) KSP residual norm 3.414096e-05
  5 (restart 0) KSP residual norm 7.090972e-06
  6 (restart 0) KSP residual norm 1.490226e-06
  7 (restart 0) KSP residual norm 3.037606e-07
  8 (restart 0) KSP residual norm 5.877944e-08
  9 (restart 0) KSP residual norm 1.159022e-08
 10 (restart 0) KSP residual norm 2.222839e-09
GMRES solver converged in 10 iterations (avg. reduction factor: 1.554e-01)
  Residual norms for GMRES solve
  0 (restart 0) KSP residual norm 1.469512e-01
  1 (restart 0) KSP residual norm 1.789399e-02
  2 (restart 0) KSP residual norm 1.150713e-03
  3 (restart 0) KSP residual norm 2.078096e-04
  4 (restart 0) KSP residual norm 3.867759e-05
  5 (restart 0) KSP residual norm 7.774829e-06
  6 (restart 0) KSP residual norm 1.590256e-06
  7 (restart 0) KSP residual norm 3.190865e-07
  8 (restart 0) KSP residual norm 6.283035e-08
  9 (restart 0) KSP residual norm 1.269674e-08
 10 (restart 0) KSP residual norm 2.653648e-09
 11 (restart 0) KSP residual norm 5.237681e-10
GMRES solver converged in 11 iterations (avg. reduction factor: 1.706e-01)
  Residual norms for GMRES solve
  0 (restart 0) KSP residual norm 1.324840e-01
  1 (restart 0) KSP residual norm 1.341561e-02
  2 (restart 0) KSP residual norm 1.107541e-03
  3 (restart 0) KSP residual norm 1.939641e-04
  4 (restart 0) KSP residual norm 3.578048e-05
  5 (restart 0) KSP residual norm 7.803474e-06
  6 (restart 0) KSP residual norm 1.626800e-06
  7 (restart 0) KSP residual norm 3.291657e-07
  8 (restart 0) KSP residual norm 6.124607e-08
  9 (restart 0) KSP residual norm 1.065097e-08
 10 (restart 0) KSP residual norm 2.097712e-09
 11 (restart 0) KSP residual norm 4.013538e-10
GMRES solver converged in 11 iterations (avg. reduction factor: 1.681e-01)
  Residual norms for GMRES solve
  0 (restart 0) KSP residual norm 8.388612e-02
  1 (restart 0) KSP residual norm 6.954846e-03
  2 (restart 0) KSP residual norm 1.022047e-03
  3 (restart 0) KSP residual norm 1.821529e-04
  4 (restart 0) KSP residual norm 3.647455e-05
  5 (restart 0) KSP residual norm 8.070803e-06
  6 (restart 0) KSP residual norm 1.504361e-06
  7 (restart 0) KSP residual norm 2.857509e-07
  8 (restart 0) KSP residual norm 5.473069e-08
  9 (restart 0) KSP residual norm 1.138319e-08
 10 (restart 0) KSP residual norm 2.376787e-09
 11 (restart 0) KSP residual norm 4.474534e-10
GMRES solver converged in 11 iterations (avg. reduction factor: 1.770e-01)
  Residual norms for GMRES solve
  0 (restart 0) KSP residual norm 4.186146e-01
  1 (restart 0) KSP residual norm 1.111693e-02
  2 (restart 0) KSP residual norm 9.043739e-04
  3 (restart 0) KSP residual norm 1.522145e-04
  4 (restart 0) KSP residual norm 2.839109e-05
  5 (restart 0) KSP residual norm 5.753500e-06
  6 (restart 0) KSP residual norm 1.181682e-06
  7 (restart 0) KSP residual norm 2.423961e-07
  8 (restart 0) KSP residual norm 4.987355e-08
  9 (restart 0) KSP residual norm 9.852462e-09
 10 (restart 0) KSP residual norm 1.884869e-09
GMRES solver converged in 10 iterations (avg. reduction factor: 1.463e-01)
  Residual norms for GMRES solve
  0 (restart 0) KSP residual norm 1.191355e-01
  1 (restart 0) KSP residual norm 8.770795e-03
  2 (restart 0) KSP residual norm 8.570139e-04
  3 (restart 0) KSP residual norm 1.658822e-04
  4 (restart 0) KSP residual norm 2.952555e-05
  5 (restart 0) KSP residual norm 6.044382e-06
  6 (restart 0) KSP residual norm 1.188123e-06
  7 (restart 0) KSP residual norm 2.362995e-07
  8 (restart 0) KSP residual norm 4.968208e-08
  9 (restart 0) KSP residual norm 1.023126e-08
 10 (restart 0) KSP residual norm 2.029444e-09
 11 (restart 0) KSP residual norm 3.571110e-10
GMRES solver converged in 11 iterations (avg. reduction factor: 1.679e-01)
  1 EPS nconv=8 first unconverged value (error) 0.00350593-2.88297e-12i (1.98342302e-08)
  Residual norms for GMRES solve
  0 (restart 0) KSP residual norm 2.738244e-01
  1 (restart 0) KSP residual norm 1.097818e-02
  2 (restart 0) KSP residual norm 9.405820e-04
  3 (restart 0) KSP residual norm 1.681847e-04
  4 (restart 0) KSP residual norm 3.426009e-05
  5 (restart 0) KSP residual norm 7.474459e-06
  6 (restart 0) KSP residual norm 1.398920e-06
  7 (restart 0) KSP residual norm 2.812091e-07
  8 (restart 0) KSP residual norm 5.602307e-08
  9 (restart 0) KSP residual norm 1.121739e-08
 10 (restart 0) KSP residual norm 2.460160e-09
GMRES solver converged in 10 iterations (avg. reduction factor: 1.568e-01)
  Residual norms for GMRES solve
  0 (restart 0) KSP residual norm 1.264748e-01
  1 (restart 0) KSP residual norm 1.069585e-02
  2 (restart 0) KSP residual norm 8.140198e-04
  3 (restart 0) KSP residual norm 1.285998e-04
  4 (restart 0) KSP residual norm 2.355565e-05
  5 (restart 0) KSP residual norm 4.484677e-06
  6 (restart 0) KSP residual norm 8.809510e-07
  7 (restart 0) KSP residual norm 1.980493e-07
  8 (restart 0) KSP residual norm 4.096082e-08
  9 (restart 0) KSP residual norm 7.672052e-09
 10 (restart 0) KSP residual norm 1.567647e-09
 11 (restart 0) KSP residual norm 3.259109e-10
GMRES solver converged in 11 iterations (avg. reduction factor: 1.656e-01)
  Residual norms for GMRES solve
  0 (restart 0) KSP residual norm 2.820596e-01
  1 (restart 0) KSP residual norm 1.459612e-02
  2 (restart 0) KSP residual norm 9.890866e-04
  3 (restart 0) KSP residual norm 1.864272e-04
  4 (restart 0) KSP residual norm 3.604341e-05
  5 (restart 0) KSP residual norm 7.252077e-06
  6 (restart 0) KSP residual norm 1.302602e-06
  7 (restart 0) KSP residual norm 2.688386e-07
  8 (restart 0) KSP residual norm 4.760186e-08
  9 (restart 0) KSP residual norm 7.963882e-09
 10 (restart 0) KSP residual norm 1.436776e-09
GMRES solver converged in 10 iterations (avg. reduction factor: 1.482e-01)
  Residual norms for GMRES solve
  0 (restart 0) KSP residual norm 1.762378e-01
  1 (restart 0) KSP residual norm 1.094877e-02
  2 (restart 0) KSP residual norm 8.913073e-04
  3 (restart 0) KSP residual norm 1.637131e-04
  4 (restart 0) KSP residual norm 3.132961e-05
  5 (restart 0) KSP residual norm 6.668428e-06
  6 (restart 0) KSP residual norm 1.353982e-06
  7 (restart 0) KSP residual norm 2.802655e-07
  8 (restart 0) KSP residual norm 5.465712e-08
  9 (restart 0) KSP residual norm 9.972140e-09
 10 (restart 0) KSP residual norm 2.008238e-09
 11 (restart 0) KSP residual norm 3.992473e-10
GMRES solver converged in 11 iterations (avg. reduction factor: 1.637e-01)
  Residual norms for GMRES solve
  0 (restart 0) KSP residual norm 2.272224e-01
  1 (restart 0) KSP residual norm 1.069642e-02
  2 (restart 0) KSP residual norm 9.914682e-04
  3 (restart 0) KSP residual norm 1.836179e-04
  4 (restart 0) KSP residual norm 3.608948e-05
  5 (restart 0) KSP residual norm 7.693760e-06
  6 (restart 0) KSP residual norm 1.540486e-06
  7 (restart 0) KSP residual norm 3.288827e-07
  8 (restart 0) KSP residual norm 6.232604e-08
  9 (restart 0) KSP residual norm 1.118774e-08
 10 (restart 0) KSP residual norm 2.254002e-09
GMRES solver converged in 10 iterations (avg. reduction factor: 1.584e-01)
  Residual norms for GMRES solve
  0 (restart 0) KSP residual norm 1.691285e-01
  1 (restart 0) KSP residual norm 1.149061e-02
  2 (restart 0) KSP residual norm 9.446037e-04
  3 (restart 0) KSP residual norm 1.518355e-04
  4 (restart 0) KSP residual norm 3.031486e-05
  5 (restart 0) KSP residual norm 6.517619e-06
  6 (restart 0) KSP residual norm 1.324987e-06
  7 (restart 0) KSP residual norm 2.824861e-07
  8 (restart 0) KSP residual norm 5.283053e-08
  9 (restart 0) KSP residual norm 9.979463e-09
 10 (restart 0) KSP residual norm 1.983357e-09
 11 (restart 0) KSP residual norm 3.689922e-10
GMRES solver converged in 11 iterations (avg. reduction factor: 1.632e-01)
  Residual norms for GMRES solve
  0 (restart 0) KSP residual norm 1.836942e-01
  1 (restart 0) KSP residual norm 1.195671e-02
  2 (restart 0) KSP residual norm 1.026991e-03
  3 (restart 0) KSP residual norm 1.688049e-04
  4 (restart 0) KSP residual norm 3.368759e-05
  5 (restart 0) KSP residual norm 7.178127e-06
  6 (restart 0) KSP residual norm 1.399686e-06
  7 (restart 0) KSP residual norm 2.701880e-07
  8 (restart 0) KSP residual norm 5.201656e-08
  9 (restart 0) KSP residual norm 1.051177e-08
 10 (restart 0) KSP residual norm 2.258361e-09
 11 (restart 0) KSP residual norm 4.636601e-10
GMRES solver converged in 11 iterations (avg. reduction factor: 1.653e-01)
  Residual norms for GMRES solve
  0 (restart 0) KSP residual norm 1.749090e-01
  1 (restart 0) KSP residual norm 1.314184e-02
  2 (restart 0) KSP residual norm 9.379803e-04
  3 (restart 0) KSP residual norm 1.606293e-04
  4 (restart 0) KSP residual norm 2.944955e-05
  5 (restart 0) KSP residual norm 6.000116e-06
  6 (restart 0) KSP residual norm 1.158447e-06
  7 (restart 0) KSP residual norm 2.413031e-07
  8 (restart 0) KSP residual norm 4.751188e-08
  9 (restart 0) KSP residual norm 9.151453e-09
 10 (restart 0) KSP residual norm 1.977529e-09
 11 (restart 0) KSP residual norm 4.167387e-10
GMRES solver converged in 11 iterations (avg. reduction factor: 1.645e-01)
  Residual norms for GMRES solve
  0 (restart 0) KSP residual norm 1.818756e-01
  1 (restart 0) KSP residual norm 1.187416e-02
  2 (restart 0) KSP residual norm 9.054328e-04
  3 (restart 0) KSP residual norm 1.675542e-04
  4 (restart 0) KSP residual norm 3.475977e-05
  5 (restart 0) KSP residual norm 7.323536e-06
  6 (restart 0) KSP residual norm 1.459810e-06
  7 (restart 0) KSP residual norm 2.760522e-07
  8 (restart 0) KSP residual norm 5.720162e-08
  9 (restart 0) KSP residual norm 1.201137e-08
 10 (restart 0) KSP residual norm 2.369500e-09
 11 (restart 0) KSP residual norm 4.322362e-10
GMRES solver converged in 11 iterations (avg. reduction factor: 1.644e-01)
  Residual norms for GMRES solve
  0 (restart 0) KSP residual norm 1.372488e-01
  1 (restart 0) KSP residual norm 1.101188e-02
  2 (restart 0) KSP residual norm 1.029940e-03
  3 (restart 0) KSP residual norm 1.694851e-04
  4 (restart 0) KSP residual norm 2.873945e-05
  5 (restart 0) KSP residual norm 5.461569e-06
  6 (restart 0) KSP residual norm 1.085291e-06
  7 (restart 0) KSP residual norm 2.381463e-07
  8 (restart 0) KSP residual norm 4.763992e-08
  9 (restart 0) KSP residual norm 9.588835e-09
 10 (restart 0) KSP residual norm 1.992516e-09
 11 (restart 0) KSP residual norm 3.889460e-10
GMRES solver converged in 11 iterations (avg. reduction factor: 1.671e-01)
  Residual norms for GMRES solve
  0 (restart 0) KSP residual norm 2.701850e-01
  1 (restart 0) KSP residual norm 9.329621e-03
  2 (restart 0) KSP residual norm 8.558920e-04
  3 (restart 0) KSP residual norm 1.593980e-04
  4 (restart 0) KSP residual norm 3.225942e-05
  5 (restart 0) KSP residual norm 6.918594e-06
  6 (restart 0) KSP residual norm 1.329459e-06
  7 (restart 0) KSP residual norm 2.641256e-07
  8 (restart 0) KSP residual norm 5.453050e-08
  9 (restart 0) KSP residual norm 1.127146e-08
 10 (restart 0) KSP residual norm 2.333571e-09
GMRES solver converged in 10 iterations (avg. reduction factor: 1.562e-01)
  Residual norms for GMRES solve
  0 (restart 0) KSP residual norm 4.744154e-01
  1 (restart 0) KSP residual norm 1.125275e-02
  2 (restart 0) KSP residual norm 9.944836e-04
  3 (restart 0) KSP residual norm 1.741828e-04
  4 (restart 0) KSP residual norm 3.385124e-05
  5 (restart 0) KSP residual norm 7.626637e-06
  6 (restart 0) KSP residual norm 1.527188e-06
  7 (restart 0) KSP residual norm 3.019043e-07
  8 (restart 0) KSP residual norm 5.797721e-08
  9 (restart 0) KSP residual norm 1.091825e-08
 10 (restart 0) KSP residual norm 2.162979e-09
GMRES solver converged in 10 iterations (avg. reduction factor: 1.465e-01)
  Residual norms for GMRES solve
  0 (restart 0) KSP residual norm 1.318826e-01
  1 (restart 0) KSP residual norm 1.392602e-02
  2 (restart 0) KSP residual norm 1.028243e-03
  3 (restart 0) KSP residual norm 1.843365e-04
  4 (restart 0) KSP residual norm 3.600728e-05
  5 (restart 0) KSP residual norm 7.090692e-06
  6 (restart 0) KSP residual norm 1.420931e-06
  7 (restart 0) KSP residual norm 3.006026e-07
  8 (restart 0) KSP residual norm 6.183271e-08
  9 (restart 0) KSP residual norm 1.237914e-08
 10 (restart 0) KSP residual norm 2.538105e-09
 11 (restart 0) KSP residual norm 4.770592e-10
GMRES solver converged in 11 iterations (avg. reduction factor: 1.708e-01)
  Residual norms for GMRES solve
  0 (restart 0) KSP residual norm 5.134980e-01
  1 (restart 0) KSP residual norm 1.272352e-02
  2 (restart 0) KSP residual norm 9.825697e-04
  3 (restart 0) KSP residual norm 1.725793e-04
  4 (restart 0) KSP residual norm 3.409198e-05
  5 (restart 0) KSP residual norm 7.908619e-06
  6 (restart 0) KSP residual norm 1.580038e-06
  7 (restart 0) KSP residual norm 3.034000e-07
  8 (restart 0) KSP residual norm 5.490655e-08
  9 (restart 0) KSP residual norm 1.036285e-08
 10 (restart 0) KSP residual norm 2.092233e-09
GMRES solver converged in 10 iterations (avg. reduction factor: 1.449e-01)
  Residual norms for GMRES solve
  0 (restart 0) KSP residual norm 3.001663e-01
  1 (restart 0) KSP residual norm 9.634121e-03
  2 (restart 0) KSP residual norm 8.728736e-04
  3 (restart 0) KSP residual norm 1.648546e-04
  4 (restart 0) KSP residual norm 3.147247e-05
  5 (restart 0) KSP residual norm 7.176852e-06
  6 (restart 0) KSP residual norm 1.473137e-06
  7 (restart 0) KSP residual norm 2.900916e-07
  8 (restart 0) KSP residual norm 5.867748e-08
  9 (restart 0) KSP residual norm 1.158629e-08
 10 (restart 0) KSP residual norm 2.415429e-09
GMRES solver converged in 10 iterations (avg. reduction factor: 1.551e-01)
  Residual norms for GMRES solve
  0 (restart 0) KSP residual norm 3.832579e-01
  1 (restart 0) KSP residual norm 1.012193e-02
  2 (restart 0) KSP residual norm 9.885833e-04
  3 (restart 0) KSP residual norm 1.827840e-04
  4 (restart 0) KSP residual norm 3.266506e-05
  5 (restart 0) KSP residual norm 6.976391e-06
  6 (restart 0) KSP residual norm 1.381073e-06
  7 (restart 0) KSP residual norm 2.701984e-07
  8 (restart 0) KSP residual norm 5.555024e-08
  9 (restart 0) KSP residual norm 1.161365e-08
 10 (restart 0) KSP residual norm 2.428745e-09
GMRES solver converged in 10 iterations (avg. reduction factor: 1.514e-01)
  Residual norms for GMRES solve
  0 (restart 0) KSP residual norm 4.231430e-01
  1 (restart 0) KSP residual norm 9.981350e-03
  2 (restart 0) KSP residual norm 9.481350e-04
  3 (restart 0) KSP residual norm 1.707683e-04
  4 (restart 0) KSP residual norm 3.170183e-05
  5 (restart 0) KSP residual norm 6.666213e-06
  6 (restart 0) KSP residual norm 1.327388e-06
  7 (restart 0) KSP residual norm 2.835420e-07
  8 (restart 0) KSP residual norm 5.623659e-08
  9 (restart 0) KSP residual norm 1.035900e-08
 10 (restart 0) KSP residual norm 2.063337e-09
GMRES solver converged in 10 iterations (avg. reduction factor: 1.475e-01)
  Residual norms for GMRES solve
  0 (restart 0) KSP residual norm 1.148107e-01
  1 (restart 0) KSP residual norm 9.414459e-03
  2 (restart 0) KSP residual norm 1.040996e-03
  3 (restart 0) KSP residual norm 1.727367e-04
  4 (restart 0) KSP residual norm 3.108153e-05
  5 (restart 0) KSP residual norm 6.400914e-06
  6 (restart 0) KSP residual norm 1.169002e-06
  7 (restart 0) KSP residual norm 2.260110e-07
  8 (restart 0) KSP residual norm 4.218507e-08
  9 (restart 0) KSP residual norm 8.311901e-09
 10 (restart 0) KSP residual norm 1.687986e-09
 11 (restart 0) KSP residual norm 3.451648e-10
GMRES solver converged in 11 iterations (avg. reduction factor: 1.680e-01)
  2 EPS nconv=16 first unconverged value (error) 0.00530586+1.53875e-10i (8.11147760e-06)
  Residual norms for GMRES solve
  0 (restart 0) KSP residual norm 3.890407e-01
  1 (restart 0) KSP residual norm 1.825203e-02
  2 (restart 0) KSP residual norm 1.409689e-03
  3 (restart 0) KSP residual norm 2.064095e-04
  4 (restart 0) KSP residual norm 3.651132e-05
  5 (restart 0) KSP residual norm 7.606022e-06
  6 (restart 0) KSP residual norm 1.435705e-06
  7 (restart 0) KSP residual norm 2.912367e-07
  8 (restart 0) KSP residual norm 5.753498e-08
  9 (restart 0) KSP residual norm 1.104942e-08
 10 (restart 0) KSP residual norm 2.322595e-09
GMRES solver converged in 10 iterations (avg. reduction factor: 1.505e-01)
  Residual norms for GMRES solve
  0 (restart 0) KSP residual norm 8.032801e-02
  1 (restart 0) KSP residual norm 9.422697e-03
  2 (restart 0) KSP residual norm 1.067635e-03
  3 (restart 0) KSP residual norm 1.758700e-04
  4 (restart 0) KSP residual norm 2.804720e-05
  5 (restart 0) KSP residual norm 5.419854e-06
  6 (restart 0) KSP residual norm 1.014884e-06
  7 (restart 0) KSP residual norm 2.115149e-07
  8 (restart 0) KSP residual norm 4.249840e-08
  9 (restart 0) KSP residual norm 8.897148e-09
 10 (restart 0) KSP residual norm 1.910855e-09
 11 (restart 0) KSP residual norm 3.650102e-10
GMRES solver converged in 11 iterations (avg. reduction factor: 1.744e-01)
  Residual norms for GMRES solve
  0 (restart 0) KSP residual norm 5.007985e-01
  1 (restart 0) KSP residual norm 1.039320e-02
  2 (restart 0) KSP residual norm 9.824878e-04
  3 (restart 0) KSP residual norm 1.687049e-04
  4 (restart 0) KSP residual norm 2.935249e-05
  5 (restart 0) KSP residual norm 6.020015e-06
  6 (restart 0) KSP residual norm 1.187246e-06
  7 (restart 0) KSP residual norm 2.575676e-07
  8 (restart 0) KSP residual norm 5.309446e-08
  9 (restart 0) KSP residual norm 1.029503e-08
 10 (restart 0) KSP residual norm 2.084365e-09
GMRES solver converged in 10 iterations (avg. reduction factor: 1.452e-01)
  Residual norms for GMRES solve
  0 (restart 0) KSP residual norm 5.758582e-01
  1 (restart 0) KSP residual norm 1.069843e-02
  2 (restart 0) KSP residual norm 9.744992e-04
  3 (restart 0) KSP residual norm 1.749415e-04
  4 (restart 0) KSP residual norm 3.221358e-05
  5 (restart 0) KSP residual norm 6.579642e-06
  6 (restart 0) KSP residual norm 1.385316e-06
  7 (restart 0) KSP residual norm 2.858689e-07
  8 (restart 0) KSP residual norm 5.433094e-08
  9 (restart 0) KSP residual norm 1.070672e-08
 10 (restart 0) KSP residual norm 2.192267e-09
GMRES solver converged in 10 iterations (avg. reduction factor: 1.439e-01)
  Residual norms for GMRES solve
  0 (restart 0) KSP residual norm 1.568784e-01
  1 (restart 0) KSP residual norm 8.932903e-03
  2 (restart 0) KSP residual norm 8.087758e-04
  3 (restart 0) KSP residual norm 1.544718e-04
  4 (restart 0) KSP residual norm 2.960011e-05
  5 (restart 0) KSP residual norm 6.185909e-06
  6 (restart 0) KSP residual norm 1.291111e-06
  7 (restart 0) KSP residual norm 2.693392e-07
  8 (restart 0) KSP residual norm 5.363396e-08
  9 (restart 0) KSP residual norm 1.031245e-08
 10 (restart 0) KSP residual norm 1.970110e-09
 11 (restart 0) KSP residual norm 3.846910e-10
GMRES solver converged in 11 iterations (avg. reduction factor: 1.649e-01)
  Residual norms for GMRES solve
  0 (restart 0) KSP residual norm 5.957379e-01
  1 (restart 0) KSP residual norm 1.157850e-02
  2 (restart 0) KSP residual norm 9.923768e-04
  3 (restart 0) KSP residual norm 1.772915e-04
  4 (restart 0) KSP residual norm 3.252565e-05
  5 (restart 0) KSP residual norm 6.987712e-06
  6 (restart 0) KSP residual norm 1.410986e-06
  7 (restart 0) KSP residual norm 2.869166e-07
  8 (restart 0) KSP residual norm 5.733918e-08
  9 (restart 0) KSP residual norm 1.123393e-08
 10 (restart 0) KSP residual norm 2.147476e-09
GMRES solver converged in 10 iterations (avg. reduction factor: 1.431e-01)
  Residual norms for GMRES solve
  0 (restart 0) KSP residual norm 1.970549e-01
  1 (restart 0) KSP residual norm 9.452735e-03
  2 (restart 0) KSP residual norm 8.701901e-04
  3 (restart 0) KSP residual norm 1.531279e-04
  4 (restart 0) KSP residual norm 2.800833e-05
  5 (restart 0) KSP residual norm 6.070713e-06
  6 (restart 0) KSP residual norm 1.240692e-06
  7 (restart 0) KSP residual norm 2.513318e-07
  8 (restart 0) KSP residual norm 4.857133e-08
  9 (restart 0) KSP residual norm 9.548951e-09
 10 (restart 0) KSP residual norm 1.881010e-09
GMRES solver converged in 10 iterations (avg. reduction factor: 1.578e-01)
  Residual norms for GMRES solve
  0 (restart 0) KSP residual norm 2.761697e-01
  1 (restart 0) KSP residual norm 9.959025e-03
  2 (restart 0) KSP residual norm 8.728737e-04
  3 (restart 0) KSP residual norm 1.653049e-04
  4 (restart 0) KSP residual norm 3.061482e-05
  5 (restart 0) KSP residual norm 6.576121e-06
  6 (restart 0) KSP residual norm 1.351894e-06
  7 (restart 0) KSP residual norm 2.776398e-07
  8 (restart 0) KSP residual norm 5.516700e-08
  9 (restart 0) KSP residual norm 1.005683e-08
 10 (restart 0) KSP residual norm 2.013640e-09
GMRES solver converged in 10 iterations (avg. reduction factor: 1.536e-01)
  Residual norms for GMRES solve
  0 (restart 0) KSP residual norm 4.877615e-01
  1 (restart 0) KSP residual norm 9.568737e-03
  2 (restart 0) KSP residual norm 8.796786e-04
  3 (restart 0) KSP residual norm 1.520439e-04
  4 (restart 0) KSP residual norm 2.709607e-05
  5 (restart 0) KSP residual norm 5.636133e-06
  6 (restart 0) KSP residual norm 1.137647e-06
  7 (restart 0) KSP residual norm 2.194448e-07
  8 (restart 0) KSP residual norm 4.168069e-08
  9 (restart 0) KSP residual norm 8.150562e-09
 10 (restart 0) KSP residual norm 1.822715e-09
GMRES solver converged in 10 iterations (avg. reduction factor: 1.436e-01)
  Residual norms for GMRES solve
  0 (restart 0) KSP residual norm 2.784752e-01
  1 (restart 0) KSP residual norm 8.606115e-03
  2 (restart 0) KSP residual norm 8.651513e-04
  3 (restart 0) KSP residual norm 1.664266e-04
  4 (restart 0) KSP residual norm 3.284259e-05
  5 (restart 0) KSP residual norm 6.772428e-06
  6 (restart 0) KSP residual norm 1.193331e-06
  7 (restart 0) KSP residual norm 2.265589e-07
  8 (restart 0) KSP residual norm 4.700024e-08
  9 (restart 0) KSP residual norm 9.471044e-09
 10 (restart 0) KSP residual norm 1.971783e-09
GMRES solver converged in 10 iterations (avg. reduction factor: 1.531e-01)
  Residual norms for GMRES solve
  0 (restart 0) KSP residual norm 1.175350e-01
  1 (restart 0) KSP residual norm 9.235629e-03
  2 (restart 0) KSP residual norm 8.393202e-04
  3 (restart 0) KSP residual norm 1.558260e-04
  4 (restart 0) KSP residual norm 2.991480e-05
  5 (restart 0) KSP residual norm 6.645494e-06
  6 (restart 0) KSP residual norm 1.333343e-06
  7 (restart 0) KSP residual norm 2.746163e-07
  8 (restart 0) KSP residual norm 5.284928e-08
  9 (restart 0) KSP residual norm 9.290947e-09
 10 (restart 0) KSP residual norm 1.888313e-09
 11 (restart 0) KSP residual norm 3.481638e-10
GMRES solver converged in 11 iterations (avg. reduction factor: 1.678e-01)
  Residual norms for GMRES solve
  0 (restart 0) KSP residual norm 2.937196e-01
  1 (restart 0) KSP residual norm 9.671586e-03
  2 (restart 0) KSP residual norm 8.862095e-04
  3 (restart 0) KSP residual norm 1.649526e-04
  4 (restart 0) KSP residual norm 3.095576e-05
  5 (restart 0) KSP residual norm 6.445327e-06
  6 (restart 0) KSP residual norm 1.246496e-06
  7 (restart 0) KSP residual norm 2.508773e-07
  8 (restart 0) KSP residual norm 5.113016e-08
  9 (restart 0) KSP residual norm 1.064694e-08
 10 (restart 0) KSP residual norm 2.196717e-09
GMRES solver converged in 10 iterations (avg. reduction factor: 1.540e-01)
  Residual norms for GMRES solve
  0 (restart 0) KSP residual norm 2.878582e-01
  1 (restart 0) KSP residual norm 9.575362e-03
  2 (restart 0) KSP residual norm 8.639568e-04
  3 (restart 0) KSP residual norm 1.719172e-04
  4 (restart 0) KSP residual norm 3.208340e-05
  5 (restart 0) KSP residual norm 6.653273e-06
  6 (restart 0) KSP residual norm 1.387352e-06
  7 (restart 0) KSP residual norm 2.925783e-07
  8 (restart 0) KSP residual norm 5.575973e-08
  9 (restart 0) KSP residual norm 9.955780e-09
 10 (restart 0) KSP residual norm 1.979102e-09
GMRES solver converged in 10 iterations (avg. reduction factor: 1.527e-01)
  Residual norms for GMRES solve
  0 (restart 0) KSP residual norm 8.039581e-02
  1 (restart 0) KSP residual norm 8.513626e-03
  2 (restart 0) KSP residual norm 7.448258e-04
  3 (restart 0) KSP residual norm 1.385202e-04
  4 (restart 0) KSP residual norm 2.459086e-05
  5 (restart 0) KSP residual norm 4.921315e-06
  6 (restart 0) KSP residual norm 9.951682e-07
  7 (restart 0) KSP residual norm 2.123044e-07
  8 (restart 0) KSP residual norm 4.177242e-08
  9 (restart 0) KSP residual norm 8.380357e-09
 10 (restart 0) KSP residual norm 1.760921e-09
 11 (restart 0) KSP residual norm 3.423046e-10
GMRES solver converged in 11 iterations (avg. reduction factor: 1.734e-01)
  3 EPS nconv=20 first unconverged value (error) 0.00556238+2.85047e-12i (3.85161258e-08)
  Residual norms for GMRES solve
  0 (restart 0) KSP residual norm 3.919251e-01
  1 (restart 0) KSP residual norm 1.090950e-02
  2 (restart 0) KSP residual norm 9.173236e-04
  3 (restart 0) KSP residual norm 1.590521e-04
  4 (restart 0) KSP residual norm 2.965228e-05
  5 (restart 0) KSP residual norm 6.398268e-06
  6 (restart 0) KSP residual norm 1.256917e-06
  7 (restart 0) KSP residual norm 2.550482e-07
  8 (restart 0) KSP residual norm 5.153279e-08
  9 (restart 0) KSP residual norm 1.021882e-08
 10 (restart 0) KSP residual norm 2.053344e-09
GMRES solver converged in 10 iterations (avg. reduction factor: 1.486e-01)
  Residual norms for GMRES solve
  0 (restart 0) KSP residual norm 7.297760e-02
  1 (restart 0) KSP residual norm 6.835435e-03
  2 (restart 0) KSP residual norm 6.526580e-04
  3 (restart 0) KSP residual norm 1.248036e-04
  4 (restart 0) KSP residual norm 2.140895e-05
  5 (restart 0) KSP residual norm 4.339736e-06
  6 (restart 0) KSP residual norm 8.148777e-07
  7 (restart 0) KSP residual norm 1.707750e-07
  8 (restart 0) KSP residual norm 3.421886e-08
  9 (restart 0) KSP residual norm 6.883394e-09
 10 (restart 0) KSP residual norm 1.462489e-09
 11 (restart 0) KSP residual norm 2.882053e-10
GMRES solver converged in 11 iterations (avg. reduction factor: 1.722e-01)
  Residual norms for GMRES solve
  0 (restart 0) KSP residual norm 5.032087e-01
  1 (restart 0) KSP residual norm 1.084347e-02
  2 (restart 0) KSP residual norm 9.771001e-04
  3 (restart 0) KSP residual norm 1.704375e-04
  4 (restart 0) KSP residual norm 3.214457e-05
  5 (restart 0) KSP residual norm 6.677663e-06
  6 (restart 0) KSP residual norm 1.391965e-06
  7 (restart 0) KSP residual norm 2.984479e-07
  8 (restart 0) KSP residual norm 5.616521e-08
  9 (restart 0) KSP residual norm 9.575911e-09
 10 (restart 0) KSP residual norm 1.835058e-09
GMRES solver converged in 10 iterations (avg. reduction factor: 1.433e-01)
  Residual norms for GMRES solve
  0 (restart 0) KSP residual norm 4.493440e-01
  1 (restart 0) KSP residual norm 9.818240e-03
  2 (restart 0) KSP residual norm 9.772361e-04
  3 (restart 0) KSP residual norm 1.803860e-04
  4 (restart 0) KSP residual norm 3.284415e-05
  5 (restart 0) KSP residual norm 7.120671e-06
  6 (restart 0) KSP residual norm 1.403665e-06
  7 (restart 0) KSP residual norm 2.787955e-07
  8 (restart 0) KSP residual norm 5.702283e-08
  9 (restart 0) KSP residual norm 1.172162e-08
 10 (restart 0) KSP residual norm 2.333108e-09
GMRES solver converged in 10 iterations (avg. reduction factor: 1.484e-01)
  Residual norms for GMRES solve
  0 (restart 0) KSP residual norm 3.045870e-01
  1 (restart 0) KSP residual norm 9.001850e-03
  2 (restart 0) KSP residual norm 8.667833e-04
  3 (restart 0) KSP residual norm 1.719573e-04
  4 (restart 0) KSP residual norm 3.228954e-05
  5 (restart 0) KSP residual norm 7.190366e-06
  6 (restart 0) KSP residual norm 1.425557e-06
  7 (restart 0) KSP residual norm 2.848893e-07
  8 (restart 0) KSP residual norm 5.455701e-08
  9 (restart 0) KSP residual norm 1.048199e-08
 10 (restart 0) KSP residual norm 2.006472e-09
GMRES solver converged in 10 iterations (avg. reduction factor: 1.520e-01)
  Residual norms for GMRES solve
  0 (restart 0) KSP residual norm 6.496415e-02
  1 (restart 0) KSP residual norm 7.829722e-03
  2 (restart 0) KSP residual norm 8.675841e-04
  3 (restart 0) KSP residual norm 1.615105e-04
  4 (restart 0) KSP residual norm 3.097957e-05
  5 (restart 0) KSP residual norm 6.255437e-06
  6 (restart 0) KSP residual norm 1.196829e-06
  7 (restart 0) KSP residual norm 2.409854e-07
  8 (restart 0) KSP residual norm 4.834574e-08
  9 (restart 0) KSP residual norm 9.461386e-09
 10 (restart 0) KSP residual norm 2.066682e-09
 11 (restart 0) KSP residual norm 4.000556e-10
GMRES solver converged in 11 iterations (avg. reduction factor: 1.793e-01)
  Residual norms for GMRES solve
  0 (restart 0) KSP residual norm 4.763538e-01
  1 (restart 0) KSP residual norm 9.590742e-03
  2 (restart 0) KSP residual norm 8.968344e-04
  3 (restart 0) KSP residual norm 1.536982e-04
  4 (restart 0) KSP residual norm 2.889104e-05
  5 (restart 0) KSP residual norm 5.944395e-06
  6 (restart 0) KSP residual norm 1.309857e-06
  7 (restart 0) KSP residual norm 2.757852e-07
  8 (restart 0) KSP residual norm 5.147944e-08
  9 (restart 0) KSP residual norm 9.820468e-09
 10 (restart 0) KSP residual norm 1.874279e-09
GMRES solver converged in 10 iterations (avg. reduction factor: 1.444e-01)
  Residual norms for GMRES solve
  0 (restart 0) KSP residual norm 2.669314e-01
  1 (restart 0) KSP residual norm 9.332161e-03
  2 (restart 0) KSP residual norm 9.630856e-04
  3 (restart 0) KSP residual norm 1.851762e-04
  4 (restart 0) KSP residual norm 3.668629e-05
  5 (restart 0) KSP residual norm 7.969219e-06
  6 (restart 0) KSP residual norm 1.672004e-06
  7 (restart 0) KSP residual norm 3.212798e-07
  8 (restart 0) KSP residual norm 5.896824e-08
  9 (restart 0) KSP residual norm 1.157212e-08
 10 (restart 0) KSP residual norm 2.164464e-09
GMRES solver converged in 10 iterations (avg. reduction factor: 1.552e-01)
  Residual norms for GMRES solve
  0 (restart 0) KSP residual norm 1.448131e-01
  1 (restart 0) KSP residual norm 7.720381e-03
  2 (restart 0) KSP residual norm 8.505380e-04
  3 (restart 0) KSP residual norm 1.549307e-04
  4 (restart 0) KSP residual norm 2.939559e-05
  5 (restart 0) KSP residual norm 6.350147e-06
  6 (restart 0) KSP residual norm 1.307815e-06
  7 (restart 0) KSP residual norm 2.676322e-07
  8 (restart 0) KSP residual norm 5.427876e-08
  9 (restart 0) KSP residual norm 1.068523e-08
 10 (restart 0) KSP residual norm 2.197720e-09
 11 (restart 0) KSP residual norm 4.309112e-10
GMRES solver converged in 11 iterations (avg. reduction factor: 1.678e-01)
  Residual norms for GMRES solve
  0 (restart 0) KSP residual norm 5.105680e-01
  1 (restart 0) KSP residual norm 1.060509e-02
  2 (restart 0) KSP residual norm 1.022613e-03
  3 (restart 0) KSP residual norm 1.929540e-04
  4 (restart 0) KSP residual norm 3.808585e-05
  5 (restart 0) KSP residual norm 8.333723e-06
  6 (restart 0) KSP residual norm 1.628977e-06
  7 (restart 0) KSP residual norm 3.270825e-07
  8 (restart 0) KSP residual norm 6.262113e-08
  9 (restart 0) KSP residual norm 1.253066e-08
 10 (restart 0) KSP residual norm 2.619623e-09
GMRES solver converged in 10 iterations (avg. reduction factor: 1.483e-01)
  Residual norms for GMRES solve
  0 (restart 0) KSP residual norm 4.535438e-01
  1 (restart 0) KSP residual norm 9.904390e-03
  2 (restart 0) KSP residual norm 9.339289e-04
  3 (restart 0) KSP residual norm 1.791289e-04
  4 (restart 0) KSP residual norm 3.253527e-05
  5 (restart 0) KSP residual norm 7.053268e-06
  6 (restart 0) KSP residual norm 1.443219e-06
  7 (restart 0) KSP residual norm 3.001576e-07
  8 (restart 0) KSP residual norm 5.833216e-08
  9 (restart 0) KSP residual norm 1.079524e-08
 10 (restart 0) KSP residual norm 2.271921e-09
GMRES solver converged in 10 iterations (avg. reduction factor: 1.479e-01)
  Residual norms for GMRES solve
  0 (restart 0) KSP residual norm 2.465182e-01
  1 (restart 0) KSP residual norm 8.197545e-03
  2 (restart 0) KSP residual norm 8.988707e-04
  3 (restart 0) KSP residual norm 1.661797e-04
  4 (restart 0) KSP residual norm 2.998248e-05
  5 (restart 0) KSP residual norm 6.437531e-06
  6 (restart 0) KSP residual norm 1.323230e-06
  7 (restart 0) KSP residual norm 2.750969e-07
  8 (restart 0) KSP residual norm 5.482657e-08
  9 (restart 0) KSP residual norm 1.032987e-08
 10 (restart 0) KSP residual norm 1.960000e-09
GMRES solver converged in 10 iterations (avg. reduction factor: 1.549e-01)
  4 EPS nconv=27 first unconverged value (error) 0.00721123-2.77041e-09i (7.32220394e-05)

 Linear eigensolve converged (27 eigenpairs) due to CONVERGED_TOL; iterations 4
 Total number of linear systems solved: 88
 Total number of linear solver iterations: 904
 Found 27 converged eigenvalues (first = 2.313e+01-2.852e-11i)

Computing solution error estimates and performing postprocessing

     m,        Re{f} (GHz),        Im{f} (GHz),                  Q,      Error (Bkwd.),       Error (Abs.)
     1,      +1.106515e+00,      -6.821249e-13,      +8.110797e+11,      +1.480270e-11,      +7.031484e-08
     2,      +1.763114e+00,      -1.677663e-10,      +5.254673e+09,      +2.427172e-11,      +1.154303e-07
     3,      +1.763142e+00,      -2.358403e-10,      +3.737999e+09,      +2.304751e-11,      +1.096082e-07
     4,      +1.893572e+00,      -2.486660e-11,      +3.807460e+10,      +2.517632e-11,      +1.197681e-07
     5,      +1.893614e+00,      -6.458494e-11,      +1.465987e+10,      +2.148202e-11,      +1.021937e-07
     6,      +2.022963e+00,      +7.118874e-11,      +1.420845e+10,      +7.660977e-11,      +3.645615e-07
     7,      +2.200839e+00,      -1.553670e-10,      +7.082710e+09,      +7.707123e-11,      +3.669300e-07
     8,      +2.201014e+00,      +3.001559e-10,      +3.666450e+09,      +1.073446e-10,      +5.110595e-07
     9,      +2.363322e+00,      -7.671912e-10,      +1.540244e+09,      +5.710802e-11,      +2.720129e-07
    10,      +2.363398e+00,      +2.760720e-10,      +4.280402e+09,      +4.766279e-11,      +2.270241e-07
    11,      +2.444582e+00,      +2.526305e-10,      +4.838257e+09,      +4.785372e-11,      +2.279892e-07
    12,      +2.444596e+00,      +6.784562e-10,      +1.801587e+09,      +3.720615e-11,      +1.772610e-07
    13,      +2.445264e+00,      -4.100638e-11,      +2.981566e+10,      +2.881622e-11,      +1.372892e-07
    14,      +2.540880e+00,      +1.504780e-09,      +8.442700e+08,      +1.969156e-10,      +9.384456e-07
    15,      +2.570591e+00,      -7.910464e-11,      +1.624804e+10,      +4.510630e-11,      +2.149846e-07
    16,      +2.570708e+00,      +1.663452e-10,      +7.727028e+09,      +1.818136e-10,      +8.665561e-07
    17,      +2.907363e+00,      -6.108846e-10,      +2.379634e+09,      +1.101732e-10,      +5.257105e-07
    18,      +2.907513e+00,      +4.675731e-10,      +3.109153e+09,      +4.436600e-11,      +2.117002e-07
    19,      +2.936317e+00,      -3.249042e-10,      +4.518742e+09,      +3.750265e-11,      +1.789693e-07
    20,      +2.936780e+00,      -3.033008e-10,      +4.841366e+09,      +7.389669e-11,      +3.526487e-07
    21,      +2.976813e+00,      +7.354716e-10,      +2.023744e+09,      +5.539722e-11,      +2.644049e-07
    22,      +2.977188e+00,      -5.284855e-10,      +2.816717e+09,      +1.025864e-10,      +4.896346e-07
    23,      +2.982609e+00,      +2.172763e-10,      +6.863633e+09,      +5.552431e-11,      +2.650172e-07
    24,      +2.982808e+00,      +5.647869e-10,      +2.640649e+09,      +5.216024e-11,      +2.489607e-07
    25,      +3.053434e+00,      -1.898176e-09,      +8.043073e+08,      +1.694610e-10,      +8.090520e-07
    26,      +3.231144e+00,      +3.844217e-09,      +4.202603e+08,      +1.875793e-10,      +8.961779e-07
    27,      +3.231766e+00,      -1.096893e-09,      +1.473145e+09,      +9.218780e-11,      +4.404371e-07

Completed 0 iterations of adaptive mesh refinement (AMR):
 Indicator norm = 3.799e-02, global unknowns = 168014
 Max. iterations = 0, tol. = 1.000e-02

Estimated peak per-rank memory usage is: Min. 376.8M, Max. 395.5M, Avg. 383.2M, Total 1.5G
Estimated peak per-node memory usage is: Min. 1.5G, Max. 1.5G, Avg. 1.5G, Total 1.5G

Elapsed Time Report (s)           Min.        Max.        Avg.
==============================================================
Initialization                   0.177       0.393       0.339
  Mesh Preprocessing             0.329       0.544       0.383
Operator Construction            2.771       2.776       2.773
Linear Solve                    63.449      63.507      63.489
  Setup                         10.943      10.943      10.943
  Preconditioner              1509.928    1510.371    1510.225
  Coarse Solve                  19.057      19.438      19.165
Eigenvalue Solve                 5.824       5.841       5.835
Div.-Free Projection           150.601     150.622     150.613
Estimation                       1.208       1.322       1.253
  Construction                   3.450       3.451       3.450
  Solve                        100.044     100.142     100.111
Postprocessing                   6.814       6.876       6.847
Disk IO                          0.574       0.574       0.574
--------------------------------------------------------------
Total                         1877.348    1877.353    1877.351

Peak Memory                   Per-Node       Total   Total HWM
==============================================================
Initialization                    5.9M        5.9M        5.9M
  Mesh Preprocessing             22.0M       22.0M       27.9M
Operator Construction           207.8M      207.8M      235.7M
Linear Solve                    128.0K      128.0K      235.8M
  Setup                         276.6M      276.6M      512.4M
  Preconditioner                  6.7M        6.7M      519.1M
  Coarse Solve                  298.9M      298.9M      818.0M
Eigenvalue Solve                116.7M      116.7M      934.7M
Div.-Free Projection             88.1M       88.1M     1022.9M
Estimation                       80.6M       80.6M        1.1G
  Construction                  133.7M      133.7M        1.2G
  Solve                          81.6M       81.6M        1.3G
Postprocessing                   87.9M       87.9M        1.4G
Disk IO                          22.8M       22.8M        1.4G
--------------------------------------------------------------
Total                             1.4G        1.4G        1.4G

