>> /home/tanderson/.local/share/mamba/envs/emsim/bin/mpirun -n 4 /home/tanderson/.local/opt/palace/bin/palace-x86_64.bin e0j_sf3p0.json

_____________     _______
_____   __   \____ __   /____ ____________
____   /_/  /  __ ` /  /  __ ` /  ___/  _ \
___   _____/  /_/  /  /  /_/  /  /__/  ___/
  /__/     \___,__/__/\___,__/\_____\_____/

Git changeset ID: 3c83b9d
Running with 4 MPI processes, 1 OpenMP thread
Device configuration: omp,cpu
Memory configuration: host-std
libCEED backend: /cpu/self/opt/blocked

Added 1240 boundary elements for material interfaces to the mesh

Characteristic length and time scales:
 Lc = 2.074e-01 m, tc = 6.918e-01 ns
Finished partitioning mesh into 4 subdomains

Mesh curvature order: 2
Mesh bounding box:
 (Xmin, Ymin, Zmin) = (-1.037e-01, -1.037e-01, -4.426e-02) m
 (Xmax, Ymax, Zmax) = (+1.037e-01, +1.037e-01, +4.426e-02) m

Parallel Mesh Stats:

                minimum     average     maximum       total
 vertices           217         246         328         985
 edges             1511        1589        1817        6359
 faces             2565        2643        2787       10574
 elements          1274        1299        1332        5199
 neighbors            3           3           3

            minimum     maximum
 h        0.0117404    0.269671
 kappa       1.1681     8.85156

Estimated current per-rank memory usage is: Min. 30.2M, Max. 35.0M, Avg. 31.6M, Total 126.4M
Estimated current per-node memory usage is: Min. 126.4M, Max. 126.4M, Avg. 126.4M, Total 126.4M

Configuring Dirichlet PEC BC at attributes:
 90

Assembling system matrices, number of global unknowns:
 H1 (p = 2): 7344, ND (p = 2): 33866, RT (p = 2): 47319
 Operator assembly level: Partial
 Mesh geometries:
  Tetrahedron: P = 20, Q = 14 (quadrature order = 4)

Configuring SLEPc eigenvalue solver:
 Scaling γ = 1.718e+04, δ = 5.292e-04
 Configuring divergence-free projection
 Using random starting vector
 Shift-and-invert σ = 1.050e+00 GHz (4.564e+00)

Assembling multigrid hierarchy:
 Level 0 (p = 1): 6359 unknowns
 Level 1 (p = 2): 33866 unknowns
 Level 0 (auxiliary) (p = 1): 985 unknowns
 Level 1 (auxiliary) (p = 2): 7344 unknowns

#PETSc Option Table entries:
-eps_monitor # (source: code)
#End of PETSc Option Table entries

  Residual norms for GMRES solve
  0 (restart 0) KSP residual norm 1.511643e-01
  1 (restart 0) KSP residual norm 5.296187e-03
  2 (restart 0) KSP residual norm 4.344898e-04
  3 (restart 0) KSP residual norm 8.602939e-05
  4 (restart 0) KSP residual norm 1.853146e-05
  5 (restart 0) KSP residual norm 4.610198e-06
  6 (restart 0) KSP residual norm 9.862011e-07
  7 (restart 0) KSP residual norm 2.459902e-07
  8 (restart 0) KSP residual norm 5.813788e-08
  9 (restart 0) KSP residual norm 1.369700e-08
 10 (restart 0) KSP residual norm 3.342871e-09
 11 (restart 0) KSP residual norm 7.664144e-10
GMRES solver converged in 11 iterations (avg. reduction factor: 1.762e-01)
  Residual norms for GMRES solve
  0 (restart 0) KSP residual norm 8.027534e+00
  1 (restart 0) KSP residual norm 7.847073e-02
  2 (restart 0) KSP residual norm 6.076356e-03
  3 (restart 0) KSP residual norm 1.179748e-03
  4 (restart 0) KSP residual norm 2.607853e-04
  5 (restart 0) KSP residual norm 6.607464e-05
  6 (restart 0) KSP residual norm 1.433750e-05
  7 (restart 0) KSP residual norm 3.322800e-06
  8 (restart 0) KSP residual norm 7.859370e-07
  9 (restart 0) KSP residual norm 1.909243e-07
 10 (restart 0) KSP residual norm 4.465463e-08
GMRES solver converged in 10 iterations (avg. reduction factor: 1.495e-01)
  Residual norms for GMRES solve
  0 (restart 0) KSP residual norm 1.321951e+00
  1 (restart 0) KSP residual norm 7.771909e-02
  2 (restart 0) KSP residual norm 4.628403e-03
  3 (restart 0) KSP residual norm 6.785055e-04
  4 (restart 0) KSP residual norm 1.559815e-04
  5 (restart 0) KSP residual norm 3.091060e-05
  6 (restart 0) KSP residual norm 7.332389e-06
  7 (restart 0) KSP residual norm 1.718719e-06
  8 (restart 0) KSP residual norm 3.905248e-07
  9 (restart 0) KSP residual norm 9.381188e-08
 10 (restart 0) KSP residual norm 2.121187e-08
 11 (restart 0) KSP residual norm 4.982478e-09
GMRES solver converged in 11 iterations (avg. reduction factor: 1.715e-01)
  Residual norms for GMRES solve
  0 (restart 0) KSP residual norm 4.336501e-01
  1 (restart 0) KSP residual norm 8.044814e-02
  2 (restart 0) KSP residual norm 4.634103e-03
  3 (restart 0) KSP residual norm 7.202812e-04
  4 (restart 0) KSP residual norm 1.696328e-04
  5 (restart 0) KSP residual norm 3.563702e-05
  6 (restart 0) KSP residual norm 7.941305e-06
  7 (restart 0) KSP residual norm 1.804615e-06
  8 (restart 0) KSP residual norm 4.616569e-07
  9 (restart 0) KSP residual norm 1.045892e-07
 10 (restart 0) KSP residual norm 2.500863e-08
 11 (restart 0) KSP residual norm 5.442509e-09
 12 (restart 0) KSP residual norm 1.198140e-09
GMRES solver converged in 12 iterations (avg. reduction factor: 1.935e-01)
  Residual norms for GMRES solve
  0 (restart 0) KSP residual norm 4.012150e-01
  1 (restart 0) KSP residual norm 8.869172e-02
  2 (restart 0) KSP residual norm 4.659656e-03
  3 (restart 0) KSP residual norm 7.855336e-04
  4 (restart 0) KSP residual norm 1.737947e-04
  5 (restart 0) KSP residual norm 3.879350e-05
  6 (restart 0) KSP residual norm 8.429386e-06
  7 (restart 0) KSP residual norm 2.039967e-06
  8 (restart 0) KSP residual norm 4.806871e-07
  9 (restart 0) KSP residual norm 1.130177e-07
 10 (restart 0) KSP residual norm 2.419850e-08
 11 (restart 0) KSP residual norm 5.581449e-09
 12 (restart 0) KSP residual norm 1.196089e-09
GMRES solver converged in 12 iterations (avg. reduction factor: 1.948e-01)
  Residual norms for GMRES solve
  0 (restart 0) KSP residual norm 8.252858e-01
  1 (restart 0) KSP residual norm 7.107056e-02
  2 (restart 0) KSP residual norm 4.707322e-03
  3 (restart 0) KSP residual norm 7.219423e-04
  4 (restart 0) KSP residual norm 1.749992e-04
  5 (restart 0) KSP residual norm 3.553133e-05
  6 (restart 0) KSP residual norm 7.251224e-06
  7 (restart 0) KSP residual norm 1.480530e-06
  8 (restart 0) KSP residual norm 3.570537e-07
  9 (restart 0) KSP residual norm 9.384371e-08
 10 (restart 0) KSP residual norm 2.335595e-08
 11 (restart 0) KSP residual norm 5.165642e-09
GMRES solver converged in 11 iterations (avg. reduction factor: 1.796e-01)
  Residual norms for GMRES solve
  0 (restart 0) KSP residual norm 2.115257e-01
  1 (restart 0) KSP residual norm 6.519183e-02
  2 (restart 0) KSP residual norm 4.791885e-03
  3 (restart 0) KSP residual norm 7.228164e-04
  4 (restart 0) KSP residual norm 1.868722e-04
  5 (restart 0) KSP residual norm 3.670999e-05
  6 (restart 0) KSP residual norm 7.022322e-06
  7 (restart 0) KSP residual norm 1.496080e-06
  8 (restart 0) KSP residual norm 3.368865e-07
  9 (restart 0) KSP residual norm 8.475557e-08
 10 (restart 0) KSP residual norm 1.916639e-08
 11 (restart 0) KSP residual norm 4.703173e-09
 12 (restart 0) KSP residual norm 1.098293e-09
GMRES solver converged in 12 iterations (avg. reduction factor: 2.040e-01)
  Residual norms for GMRES solve
  0 (restart 0) KSP residual norm 7.428679e-01
  1 (restart 0) KSP residual norm 6.756112e-02
  2 (restart 0) KSP residual norm 4.343580e-03
  3 (restart 0) KSP residual norm 6.093072e-04
  4 (restart 0) KSP residual norm 1.500551e-04
  5 (restart 0) KSP residual norm 3.274123e-05
  6 (restart 0) KSP residual norm 7.474645e-06
  7 (restart 0) KSP residual norm 1.722762e-06
  8 (restart 0) KSP residual norm 4.294982e-07
  9 (restart 0) KSP residual norm 1.030313e-07
 10 (restart 0) KSP residual norm 2.420535e-08
 11 (restart 0) KSP residual norm 5.692148e-09
GMRES solver converged in 11 iterations (avg. reduction factor: 1.829e-01)
  Residual norms for GMRES solve
  0 (restart 0) KSP residual norm 9.560911e-02
  1 (restart 0) KSP residual norm 3.665681e-02
  2 (restart 0) KSP residual norm 3.410870e-03
  3 (restart 0) KSP residual norm 5.288326e-04
  4 (restart 0) KSP residual norm 1.112810e-04
  5 (restart 0) KSP residual norm 2.396781e-05
  6 (restart 0) KSP residual norm 5.824453e-06
  7 (restart 0) KSP residual norm 1.339384e-06
  8 (restart 0) KSP residual norm 3.394760e-07
  9 (restart 0) KSP residual norm 8.255273e-08
 10 (restart 0) KSP residual norm 1.799661e-08
 11 (restart 0) KSP residual norm 4.047386e-09
 12 (restart 0) KSP residual norm 9.357969e-10
GMRES solver converged in 12 iterations (avg. reduction factor: 2.151e-01)
  Residual norms for GMRES solve
  0 (restart 0) KSP residual norm 6.875013e-01
  1 (restart 0) KSP residual norm 4.974635e-02
  2 (restart 0) KSP residual norm 3.708008e-03
  3 (restart 0) KSP residual norm 5.635052e-04
  4 (restart 0) KSP residual norm 1.261291e-04
  5 (restart 0) KSP residual norm 2.768953e-05
  6 (restart 0) KSP residual norm 6.530726e-06
  7 (restart 0) KSP residual norm 1.524924e-06
  8 (restart 0) KSP residual norm 3.785883e-07
  9 (restart 0) KSP residual norm 8.667220e-08
 10 (restart 0) KSP residual norm 1.989897e-08
 11 (restart 0) KSP residual norm 4.440838e-09
GMRES solver converged in 11 iterations (avg. reduction factor: 1.801e-01)
  Residual norms for GMRES solve
  0 (restart 0) KSP residual norm 3.506276e-01
  1 (restart 0) KSP residual norm 4.800976e-02
  2 (restart 0) KSP residual norm 3.726964e-03
  3 (restart 0) KSP residual norm 7.089664e-04
  4 (restart 0) KSP residual norm 1.637412e-04
  5 (restart 0) KSP residual norm 3.281244e-05
  6 (restart 0) KSP residual norm 6.764739e-06
  7 (restart 0) KSP residual norm 1.474685e-06
  8 (restart 0) KSP residual norm 3.829290e-07
  9 (restart 0) KSP residual norm 9.619784e-08
 10 (restart 0) KSP residual norm 2.126611e-08
 11 (restart 0) KSP residual norm 4.852839e-09
 12 (restart 0) KSP residual norm 1.098156e-09
GMRES solver converged in 12 iterations (avg. reduction factor: 1.956e-01)
  Residual norms for GMRES solve
  0 (restart 0) KSP residual norm 7.882081e-01
  1 (restart 0) KSP residual norm 1.071218e-01
  2 (restart 0) KSP residual norm 4.527925e-03
  3 (restart 0) KSP residual norm 7.626182e-04
  4 (restart 0) KSP residual norm 1.702382e-04
  5 (restart 0) KSP residual norm 3.721432e-05
  6 (restart 0) KSP residual norm 7.852331e-06
  7 (restart 0) KSP residual norm 1.688524e-06
  8 (restart 0) KSP residual norm 3.913859e-07
  9 (restart 0) KSP residual norm 9.484487e-08
 10 (restart 0) KSP residual norm 2.339755e-08
 11 (restart 0) KSP residual norm 5.487442e-09
GMRES solver converged in 11 iterations (avg. reduction factor: 1.813e-01)
  Residual norms for GMRES solve
  0 (restart 0) KSP residual norm 8.309651e-01
  1 (restart 0) KSP residual norm 6.249024e-02
  2 (restart 0) KSP residual norm 4.120873e-03
  3 (restart 0) KSP residual norm 6.930157e-04
  4 (restart 0) KSP residual norm 1.676520e-04
  5 (restart 0) KSP residual norm 3.208721e-05
  6 (restart 0) KSP residual norm 7.194655e-06
  7 (restart 0) KSP residual norm 1.616859e-06
  8 (restart 0) KSP residual norm 3.821491e-07
  9 (restart 0) KSP residual norm 8.876831e-08
 10 (restart 0) KSP residual norm 1.926966e-08
 11 (restart 0) KSP residual norm 4.054882e-09
GMRES solver converged in 11 iterations (avg. reduction factor: 1.755e-01)
  Residual norms for GMRES solve
  0 (restart 0) KSP residual norm 1.759296e+00
  1 (restart 0) KSP residual norm 4.480263e-02
  2 (restart 0) KSP residual norm 3.560591e-03
  3 (restart 0) KSP residual norm 5.294755e-04
  4 (restart 0) KSP residual norm 1.278518e-04
  5 (restart 0) KSP residual norm 2.542964e-05
  6 (restart 0) KSP residual norm 5.914173e-06
  7 (restart 0) KSP residual norm 1.437215e-06
  8 (restart 0) KSP residual norm 3.315938e-07
  9 (restart 0) KSP residual norm 7.529391e-08
 10 (restart 0) KSP residual norm 1.701797e-08
GMRES solver converged in 10 iterations (avg. reduction factor: 1.580e-01)
  Residual norms for GMRES solve
  0 (restart 0) KSP residual norm 2.603909e-01
  1 (restart 0) KSP residual norm 6.422569e-02
  2 (restart 0) KSP residual norm 4.214682e-03
  3 (restart 0) KSP residual norm 6.354327e-04
  4 (restart 0) KSP residual norm 1.609491e-04
  5 (restart 0) KSP residual norm 2.959244e-05
  6 (restart 0) KSP residual norm 6.831952e-06
  7 (restart 0) KSP residual norm 1.554280e-06
  8 (restart 0) KSP residual norm 3.899765e-07
  9 (restart 0) KSP residual norm 8.403248e-08
 10 (restart 0) KSP residual norm 1.914071e-08
 11 (restart 0) KSP residual norm 4.609830e-09
 12 (restart 0) KSP residual norm 1.116169e-09
GMRES solver converged in 12 iterations (avg. reduction factor: 2.008e-01)
  Residual norms for GMRES solve
  0 (restart 0) KSP residual norm 9.350759e-01
  1 (restart 0) KSP residual norm 7.560471e-02
  2 (restart 0) KSP residual norm 4.441234e-03
  3 (restart 0) KSP residual norm 7.064429e-04
  4 (restart 0) KSP residual norm 1.683183e-04
  5 (restart 0) KSP residual norm 3.433361e-05
  6 (restart 0) KSP residual norm 7.439565e-06
  7 (restart 0) KSP residual norm 1.707470e-06
  8 (restart 0) KSP residual norm 4.333930e-07
  9 (restart 0) KSP residual norm 1.030498e-07
 10 (restart 0) KSP residual norm 2.344462e-08
 11 (restart 0) KSP residual norm 5.092849e-09
GMRES solver converged in 11 iterations (avg. reduction factor: 1.773e-01)
  Residual norms for GMRES solve
  0 (restart 0) KSP residual norm 5.250873e-01
  1 (restart 0) KSP residual norm 4.515182e-02
  2 (restart 0) KSP residual norm 3.712227e-03
  3 (restart 0) KSP residual norm 5.948201e-04
  4 (restart 0) KSP residual norm 1.544090e-04
  5 (restart 0) KSP residual norm 3.321030e-05
  6 (restart 0) KSP residual norm 7.557355e-06
  7 (restart 0) KSP residual norm 1.886512e-06
  8 (restart 0) KSP residual norm 4.797813e-07
  9 (restart 0) KSP residual norm 1.164824e-07
 10 (restart 0) KSP residual norm 2.504445e-08
 11 (restart 0) KSP residual norm 5.490177e-09
 12 (restart 0) KSP residual norm 1.306563e-09
GMRES solver converged in 12 iterations (avg. reduction factor: 1.919e-01)
  Residual norms for GMRES solve
  0 (restart 0) KSP residual norm 1.350396e+00
  1 (restart 0) KSP residual norm 3.473645e-02
  2 (restart 0) KSP residual norm 3.486741e-03
  3 (restart 0) KSP residual norm 5.561666e-04
  4 (restart 0) KSP residual norm 1.320217e-04
  5 (restart 0) KSP residual norm 3.118354e-05
  6 (restart 0) KSP residual norm 7.187863e-06
  7 (restart 0) KSP residual norm 1.689734e-06
  8 (restart 0) KSP residual norm 4.024676e-07
  9 (restart 0) KSP residual norm 9.196309e-08
 10 (restart 0) KSP residual norm 2.014361e-08
 11 (restart 0) KSP residual norm 4.917650e-09
GMRES solver converged in 11 iterations (avg. reduction factor: 1.709e-01)
  Residual norms for GMRES solve
  0 (restart 0) KSP residual norm 1.127649e+00
  1 (restart 0) KSP residual norm 3.011118e-02
  2 (restart 0) KSP residual norm 3.078144e-03
  3 (restart 0) KSP residual norm 5.835118e-04
  4 (restart 0) KSP residual norm 1.327442e-04
  5 (restart 0) KSP residual norm 2.664377e-05
  6 (restart 0) KSP residual norm 5.881340e-06
  7 (restart 0) KSP residual norm 1.490510e-06
  8 (restart 0) KSP residual norm 3.620404e-07
  9 (restart 0) KSP residual norm 8.345629e-08
 10 (restart 0) KSP residual norm 1.811773e-08
 11 (restart 0) KSP residual norm 4.401928e-09
GMRES solver converged in 11 iterations (avg. reduction factor: 1.720e-01)
  Residual norms for GMRES solve
  0 (restart 0) KSP residual norm 1.745609e+00
  1 (restart 0) KSP residual norm 2.904152e-02
  2 (restart 0) KSP residual norm 3.051931e-03
  3 (restart 0) KSP residual norm 6.431905e-04
  4 (restart 0) KSP residual norm 1.361156e-04
  5 (restart 0) KSP residual norm 3.040195e-05
  6 (restart 0) KSP residual norm 6.288110e-06
  7 (restart 0) KSP residual norm 1.548061e-06
  8 (restart 0) KSP residual norm 3.918783e-07
  9 (restart 0) KSP residual norm 9.597256e-08
 10 (restart 0) KSP residual norm 2.314849e-08
 11 (restart 0) KSP residual norm 5.077684e-09
GMRES solver converged in 11 iterations (avg. reduction factor: 1.675e-01)
  Residual norms for GMRES solve
  0 (restart 0) KSP residual norm 2.423385e+00
  1 (restart 0) KSP residual norm 4.444134e-02
  2 (restart 0) KSP residual norm 3.686542e-03
  3 (restart 0) KSP residual norm 6.042336e-04
  4 (restart 0) KSP residual norm 1.357944e-04
  5 (restart 0) KSP residual norm 3.106075e-05
  6 (restart 0) KSP residual norm 6.830233e-06
  7 (restart 0) KSP residual norm 1.663065e-06
  8 (restart 0) KSP residual norm 4.092950e-07
  9 (restart 0) KSP residual norm 9.489654e-08
 10 (restart 0) KSP residual norm 2.174097e-08
GMRES solver converged in 10 iterations (avg. reduction factor: 1.568e-01)
  Residual norms for GMRES solve
  0 (restart 0) KSP residual norm 3.015151e-01
  1 (restart 0) KSP residual norm 4.540192e-02
  2 (restart 0) KSP residual norm 4.056747e-03
  3 (restart 0) KSP residual norm 6.574449e-04
  4 (restart 0) KSP residual norm 1.508432e-04
  5 (restart 0) KSP residual norm 3.185705e-05
  6 (restart 0) KSP residual norm 7.507623e-06
  7 (restart 0) KSP residual norm 1.836747e-06
  8 (restart 0) KSP residual norm 4.206288e-07
  9 (restart 0) KSP residual norm 1.100166e-07
 10 (restart 0) KSP residual norm 2.467755e-08
 11 (restart 0) KSP residual norm 5.397034e-09
 12 (restart 0) KSP residual norm 1.288040e-09
GMRES solver converged in 12 iterations (avg. reduction factor: 2.007e-01)
  Residual norms for GMRES solve
  0 (restart 0) KSP residual norm 2.295131e+00
  1 (restart 0) KSP residual norm 4.696174e-02
  2 (restart 0) KSP residual norm 3.832787e-03
  3 (restart 0) KSP residual norm 7.125620e-04
  4 (restart 0) KSP residual norm 1.676460e-04
  5 (restart 0) KSP residual norm 3.362758e-05
  6 (restart 0) KSP residual norm 7.207084e-06
  7 (restart 0) KSP residual norm 1.707361e-06
  8 (restart 0) KSP residual norm 4.192552e-07
  9 (restart 0) KSP residual norm 1.086227e-07
 10 (restart 0) KSP residual norm 2.360508e-08
 11 (restart 0) KSP residual norm 5.645995e-09
GMRES solver converged in 11 iterations (avg. reduction factor: 1.650e-01)
  Residual norms for GMRES solve
  0 (restart 0) KSP residual norm 8.066410e-01
  1 (restart 0) KSP residual norm 3.072272e-02
  2 (restart 0) KSP residual norm 3.064220e-03
  3 (restart 0) KSP residual norm 5.495572e-04
  4 (restart 0) KSP residual norm 1.222016e-04
  5 (restart 0) KSP residual norm 2.634077e-05
  6 (restart 0) KSP residual norm 5.415599e-06
  7 (restart 0) KSP residual norm 1.205505e-06
  8 (restart 0) KSP residual norm 2.707553e-07
  9 (restart 0) KSP residual norm 7.242319e-08
 10 (restart 0) KSP residual norm 1.806086e-08
 11 (restart 0) KSP residual norm 3.807067e-09
GMRES solver converged in 11 iterations (avg. reduction factor: 1.750e-01)
  Residual norms for GMRES solve
  0 (restart 0) KSP residual norm 6.661647e-01
  1 (restart 0) KSP residual norm 4.142321e-02
  2 (restart 0) KSP residual norm 3.513747e-03
  3 (restart 0) KSP residual norm 7.239918e-04
  4 (restart 0) KSP residual norm 1.712743e-04
  5 (restart 0) KSP residual norm 3.507066e-05
  6 (restart 0) KSP residual norm 6.671329e-06
  7 (restart 0) KSP residual norm 1.305551e-06
  8 (restart 0) KSP residual norm 2.904908e-07
  9 (restart 0) KSP residual norm 6.621161e-08
 10 (restart 0) KSP residual norm 1.758934e-08
 11 (restart 0) KSP residual norm 3.934917e-09
GMRES solver converged in 11 iterations (avg. reduction factor: 1.786e-01)
  Residual norms for GMRES solve
  0 (restart 0) KSP residual norm 1.308255e+00
  1 (restart 0) KSP residual norm 4.188739e-02
  2 (restart 0) KSP residual norm 3.397473e-03
  3 (restart 0) KSP residual norm 6.199497e-04
  4 (restart 0) KSP residual norm 1.344561e-04
  5 (restart 0) KSP residual norm 2.844412e-05
  6 (restart 0) KSP residual norm 6.295353e-06
  7 (restart 0) KSP residual norm 1.510242e-06
  8 (restart 0) KSP residual norm 3.446463e-07
  9 (restart 0) KSP residual norm 7.454363e-08
 10 (restart 0) KSP residual norm 1.802520e-08
 11 (restart 0) KSP residual norm 4.308985e-09
GMRES solver converged in 11 iterations (avg. reduction factor: 1.694e-01)
  Residual norms for GMRES solve
  0 (restart 0) KSP residual norm 6.498463e-01
  1 (restart 0) KSP residual norm 3.336011e-02
  2 (restart 0) KSP residual norm 3.073464e-03
  3 (restart 0) KSP residual norm 5.520115e-04
  4 (restart 0) KSP residual norm 1.249737e-04
  5 (restart 0) KSP residual norm 2.631347e-05
  6 (restart 0) KSP residual norm 5.994010e-06
  7 (restart 0) KSP residual norm 1.565877e-06
  8 (restart 0) KSP residual norm 3.605394e-07
  9 (restart 0) KSP residual norm 7.495526e-08
 10 (restart 0) KSP residual norm 1.770084e-08
 11 (restart 0) KSP residual norm 4.202526e-09
GMRES solver converged in 11 iterations (avg. reduction factor: 1.801e-01)
  Residual norms for GMRES solve
  0 (restart 0) KSP residual norm 3.947681e-01
  1 (restart 0) KSP residual norm 4.209896e-02
  2 (restart 0) KSP residual norm 3.563287e-03
  3 (restart 0) KSP residual norm 5.288191e-04
  4 (restart 0) KSP residual norm 1.142467e-04
  5 (restart 0) KSP residual norm 2.499068e-05
  6 (restart 0) KSP residual norm 5.621908e-06
  7 (restart 0) KSP residual norm 1.230434e-06
  8 (restart 0) KSP residual norm 3.127936e-07
  9 (restart 0) KSP residual norm 7.573295e-08
 10 (restart 0) KSP residual norm 1.800616e-08
 11 (restart 0) KSP residual norm 4.046615e-09
 12 (restart 0) KSP residual norm 9.195769e-10
GMRES solver converged in 12 iterations (avg. reduction factor: 1.908e-01)
  Residual norms for GMRES solve
  0 (restart 0) KSP residual norm 5.508262e-01
  1 (restart 0) KSP residual norm 3.550996e-02
  2 (restart 0) KSP residual norm 3.218443e-03
  3 (restart 0) KSP residual norm 5.736642e-04
  4 (restart 0) KSP residual norm 1.289696e-04
  5 (restart 0) KSP residual norm 2.922768e-05
  6 (restart 0) KSP residual norm 7.182262e-06
  7 (restart 0) KSP residual norm 1.670989e-06
  8 (restart 0) KSP residual norm 3.902197e-07
  9 (restart 0) KSP residual norm 9.284781e-08
 10 (restart 0) KSP residual norm 1.921639e-08
 11 (restart 0) KSP residual norm 4.912926e-09
GMRES solver converged in 11 iterations (avg. reduction factor: 1.854e-01)
  Residual norms for GMRES solve
  0 (restart 0) KSP residual norm 6.224904e-01
  1 (restart 0) KSP residual norm 3.321451e-02
  2 (restart 0) KSP residual norm 3.181641e-03
  3 (restart 0) KSP residual norm 5.327562e-04
  4 (restart 0) KSP residual norm 1.180280e-04
  5 (restart 0) KSP residual norm 3.068927e-05
  6 (restart 0) KSP residual norm 7.929206e-06
  7 (restart 0) KSP residual norm 1.760477e-06
  8 (restart 0) KSP residual norm 3.868708e-07
  9 (restart 0) KSP residual norm 9.872873e-08
 10 (restart 0) KSP residual norm 2.113962e-08
 11 (restart 0) KSP residual norm 5.069365e-09
GMRES solver converged in 11 iterations (avg. reduction factor: 1.839e-01)
  Residual norms for GMRES solve
  0 (restart 0) KSP residual norm 2.219241e-01
  1 (restart 0) KSP residual norm 3.181919e-02
  2 (restart 0) KSP residual norm 3.281372e-03
  3 (restart 0) KSP residual norm 6.030140e-04
  4 (restart 0) KSP residual norm 1.284704e-04
  5 (restart 0) KSP residual norm 3.074547e-05
  6 (restart 0) KSP residual norm 7.163774e-06
  7 (restart 0) KSP residual norm 1.671573e-06
  8 (restart 0) KSP residual norm 4.105068e-07
  9 (restart 0) KSP residual norm 9.701442e-08
 10 (restart 0) KSP residual norm 2.310157e-08
 11 (restart 0) KSP residual norm 5.164465e-09
 12 (restart 0) KSP residual norm 1.203158e-09
GMRES solver converged in 12 iterations (avg. reduction factor: 2.047e-01)
  Residual norms for GMRES solve
  0 (restart 0) KSP residual norm 2.604611e-01
  1 (restart 0) KSP residual norm 3.006289e-02
  2 (restart 0) KSP residual norm 3.265041e-03
  3 (restart 0) KSP residual norm 5.979687e-04
  4 (restart 0) KSP residual norm 1.297730e-04
  5 (restart 0) KSP residual norm 2.647910e-05
  6 (restart 0) KSP residual norm 6.185611e-06
  7 (restart 0) KSP residual norm 1.376649e-06
  8 (restart 0) KSP residual norm 3.298184e-07
  9 (restart 0) KSP residual norm 8.134018e-08
 10 (restart 0) KSP residual norm 1.881402e-08
 11 (restart 0) KSP residual norm 4.146616e-09
 12 (restart 0) KSP residual norm 9.130973e-10
GMRES solver converged in 12 iterations (avg. reduction factor: 1.974e-01)
  Residual norms for GMRES solve
  0 (restart 0) KSP residual norm 2.620915e-01
  1 (restart 0) KSP residual norm 3.598620e-02
  2 (restart 0) KSP residual norm 4.014000e-03
  3 (restart 0) KSP residual norm 6.517954e-04
  4 (restart 0) KSP residual norm 1.615383e-04
  5 (restart 0) KSP residual norm 3.331971e-05
  6 (restart 0) KSP residual norm 7.673835e-06
  7 (restart 0) KSP residual norm 1.840694e-06
  8 (restart 0) KSP residual norm 4.325904e-07
  9 (restart 0) KSP residual norm 1.084958e-07
 10 (restart 0) KSP residual norm 2.291911e-08
 11 (restart 0) KSP residual norm 5.104621e-09
 12 (restart 0) KSP residual norm 1.195395e-09
GMRES solver converged in 12 iterations (avg. reduction factor: 2.018e-01)
  Residual norms for GMRES solve
  0 (restart 0) KSP residual norm 2.835069e-01
  1 (restart 0) KSP residual norm 2.494543e-02
  2 (restart 0) KSP residual norm 3.133857e-03
  3 (restart 0) KSP residual norm 5.419032e-04
  4 (restart 0) KSP residual norm 1.219373e-04
  5 (restart 0) KSP residual norm 2.822408e-05
  6 (restart 0) KSP residual norm 6.708715e-06
  7 (restart 0) KSP residual norm 1.623427e-06
  8 (restart 0) KSP residual norm 3.923781e-07
  9 (restart 0) KSP residual norm 9.258692e-08
 10 (restart 0) KSP residual norm 2.011151e-08
 11 (restart 0) KSP residual norm 4.720175e-09
 12 (restart 0) KSP residual norm 1.135500e-09
GMRES solver converged in 12 iterations (avg. reduction factor: 1.996e-01)
  Residual norms for GMRES solve
  0 (restart 0) KSP residual norm 9.158577e-02
  1 (restart 0) KSP residual norm 3.025494e-02
  2 (restart 0) KSP residual norm 3.423815e-03
  3 (restart 0) KSP residual norm 4.909130e-04
  4 (restart 0) KSP residual norm 1.141342e-04
  5 (restart 0) KSP residual norm 2.334892e-05
  6 (restart 0) KSP residual norm 5.546872e-06
  7 (restart 0) KSP residual norm 1.223033e-06
  8 (restart 0) KSP residual norm 2.937580e-07
  9 (restart 0) KSP residual norm 7.385463e-08
 10 (restart 0) KSP residual norm 1.695857e-08
 11 (restart 0) KSP residual norm 4.006476e-09
 12 (restart 0) KSP residual norm 9.568369e-10
 13 (restart 0) KSP residual norm 2.104687e-10
GMRES solver converged in 13 iterations (avg. reduction factor: 2.165e-01)
  Residual norms for GMRES solve
  0 (restart 0) KSP residual norm 2.193751e-01
  1 (restart 0) KSP residual norm 3.826310e-02
  2 (restart 0) KSP residual norm 3.831099e-03
  3 (restart 0) KSP residual norm 5.677495e-04
  4 (restart 0) KSP residual norm 1.344721e-04
  5 (restart 0) KSP residual norm 2.754430e-05
  6 (restart 0) KSP residual norm 6.205186e-06
  7 (restart 0) KSP residual norm 1.532792e-06
  8 (restart 0) KSP residual norm 3.765559e-07
  9 (restart 0) KSP residual norm 9.820163e-08
 10 (restart 0) KSP residual norm 2.066005e-08
 11 (restart 0) KSP residual norm 4.773341e-09
 12 (restart 0) KSP residual norm 1.091870e-09
GMRES solver converged in 12 iterations (avg. reduction factor: 2.033e-01)
  Residual norms for GMRES solve
  0 (restart 0) KSP residual norm 7.335471e-02
  1 (restart 0) KSP residual norm 2.992603e-02
  2 (restart 0) KSP residual norm 3.404454e-03
  3 (restart 0) KSP residual norm 5.507299e-04
  4 (restart 0) KSP residual norm 1.172161e-04
  5 (restart 0) KSP residual norm 2.783004e-05
  6 (restart 0) KSP residual norm 6.285849e-06
  7 (restart 0) KSP residual norm 1.431152e-06
  8 (restart 0) KSP residual norm 3.495670e-07
  9 (restart 0) KSP residual norm 8.295004e-08
 10 (restart 0) KSP residual norm 1.743998e-08
 11 (restart 0) KSP residual norm 3.770177e-09
 12 (restart 0) KSP residual norm 8.694881e-10
 13 (restart 0) KSP residual norm 1.994384e-10
GMRES solver converged in 13 iterations (avg. reduction factor: 2.193e-01)
  Residual norms for GMRES solve
  0 (restart 0) KSP residual norm 2.685744e-01
  1 (restart 0) KSP residual norm 2.238934e-02
  2 (restart 0) KSP residual norm 2.744373e-03
  3 (restart 0) KSP residual norm 5.757926e-04
  4 (restart 0) KSP residual norm 1.244922e-04
  5 (restart 0) KSP residual norm 2.907922e-05
  6 (restart 0) KSP residual norm 6.565715e-06
  7 (restart 0) KSP residual norm 1.684569e-06
  8 (restart 0) KSP residual norm 4.076994e-07
  9 (restart 0) KSP residual norm 9.249728e-08
 10 (restart 0) KSP residual norm 2.099335e-08
 11 (restart 0) KSP residual norm 4.952981e-09
 12 (restart 0) KSP residual norm 1.175163e-09
GMRES solver converged in 12 iterations (avg. reduction factor: 2.011e-01)
  Residual norms for GMRES solve
  0 (restart 0) KSP residual norm 1.293558e-01
  1 (restart 0) KSP residual norm 2.178093e-02
  2 (restart 0) KSP residual norm 2.745766e-03
  3 (restart 0) KSP residual norm 5.327927e-04
  4 (restart 0) KSP residual norm 1.165440e-04
  5 (restart 0) KSP residual norm 2.443949e-05
  6 (restart 0) KSP residual norm 5.347873e-06
  7 (restart 0) KSP residual norm 1.323048e-06
  8 (restart 0) KSP residual norm 3.207427e-07
  9 (restart 0) KSP residual norm 7.936259e-08
 10 (restart 0) KSP residual norm 1.683491e-08
 11 (restart 0) KSP residual norm 3.992978e-09
 12 (restart 0) KSP residual norm 9.253542e-10
GMRES solver converged in 12 iterations (avg. reduction factor: 2.095e-01)
  Residual norms for GMRES solve
  0 (restart 0) KSP residual norm 2.569365e-01
  1 (restart 0) KSP residual norm 3.288773e-02
  2 (restart 0) KSP residual norm 3.288616e-03
  3 (restart 0) KSP residual norm 5.757730e-04
  4 (restart 0) KSP residual norm 1.269035e-04
  5 (restart 0) KSP residual norm 2.701482e-05
  6 (restart 0) KSP residual norm 6.179790e-06
  7 (restart 0) KSP residual norm 1.546449e-06
  8 (restart 0) KSP residual norm 3.669925e-07
  9 (restart 0) KSP residual norm 9.164865e-08
 10 (restart 0) KSP residual norm 1.985321e-08
 11 (restart 0) KSP residual norm 4.638609e-09
 12 (restart 0) KSP residual norm 1.153433e-09
GMRES solver converged in 12 iterations (avg. reduction factor: 2.015e-01)
  Residual norms for GMRES solve
  0 (restart 0) KSP residual norm 2.218682e-01
  1 (restart 0) KSP residual norm 3.064001e-02
  2 (restart 0) KSP residual norm 2.978653e-03
  3 (restart 0) KSP residual norm 4.685381e-04
  4 (restart 0) KSP residual norm 1.095654e-04
  5 (restart 0) KSP residual norm 2.371473e-05
  6 (restart 0) KSP residual norm 5.401905e-06
  7 (restart 0) KSP residual norm 1.251112e-06
  8 (restart 0) KSP residual norm 2.910728e-07
  9 (restart 0) KSP residual norm 7.743828e-08
 10 (restart 0) KSP residual norm 1.658156e-08
 11 (restart 0) KSP residual norm 4.107337e-09
 12 (restart 0) KSP residual norm 1.007501e-09
GMRES solver converged in 12 iterations (avg. reduction factor: 2.017e-01)
  Residual norms for GMRES solve
  0 (restart 0) KSP residual norm 4.117419e-01
  1 (restart 0) KSP residual norm 2.345194e-02
  2 (restart 0) KSP residual norm 2.841241e-03
  3 (restart 0) KSP residual norm 5.071444e-04
  4 (restart 0) KSP residual norm 1.184583e-04
  5 (restart 0) KSP residual norm 2.579397e-05
  6 (restart 0) KSP residual norm 6.015292e-06
  7 (restart 0) KSP residual norm 1.405657e-06
  8 (restart 0) KSP residual norm 3.356080e-07
  9 (restart 0) KSP residual norm 7.645071e-08
 10 (restart 0) KSP residual norm 1.704902e-08
 11 (restart 0) KSP residual norm 3.964940e-09
GMRES solver converged in 11 iterations (avg. reduction factor: 1.867e-01)
  Residual norms for GMRES solve
  0 (restart 0) KSP residual norm 5.527491e-02
  1 (restart 0) KSP residual norm 2.326271e-02
  2 (restart 0) KSP residual norm 2.854328e-03
  3 (restart 0) KSP residual norm 5.152298e-04
  4 (restart 0) KSP residual norm 1.080849e-04
  5 (restart 0) KSP residual norm 2.290653e-05
  6 (restart 0) KSP residual norm 5.489400e-06
  7 (restart 0) KSP residual norm 1.299953e-06
  8 (restart 0) KSP residual norm 2.971276e-07
  9 (restart 0) KSP residual norm 6.890407e-08
 10 (restart 0) KSP residual norm 1.666948e-08
 11 (restart 0) KSP residual norm 3.767070e-09
 12 (restart 0) KSP residual norm 8.844709e-10
 13 (restart 0) KSP residual norm 2.148542e-10
GMRES solver converged in 13 iterations (avg. reduction factor: 2.254e-01)
  Residual norms for GMRES solve
  0 (restart 0) KSP residual norm 1.608639e-01
  1 (restart 0) KSP residual norm 2.808652e-02
  2 (restart 0) KSP residual norm 3.095294e-03
  3 (restart 0) KSP residual norm 5.148342e-04
  4 (restart 0) KSP residual norm 1.167214e-04
  5 (restart 0) KSP residual norm 2.691464e-05
  6 (restart 0) KSP residual norm 6.358239e-06
  7 (restart 0) KSP residual norm 1.553819e-06
  8 (restart 0) KSP residual norm 3.801601e-07
  9 (restart 0) KSP residual norm 9.142046e-08
 10 (restart 0) KSP residual norm 1.845522e-08
 11 (restart 0) KSP residual norm 4.595807e-09
 12 (restart 0) KSP residual norm 1.126249e-09
GMRES solver converged in 12 iterations (avg. reduction factor: 2.091e-01)
  1 EPS nconv=10 first unconverged value (error) 0.00657417+1.33577e-11i (1.98966344e-07)
  Residual norms for GMRES solve
  0 (restart 0) KSP residual norm 1.217655e-01
  1 (restart 0) KSP residual norm 2.556926e-02
  2 (restart 0) KSP residual norm 2.874040e-03
  3 (restart 0) KSP residual norm 5.281348e-04
  4 (restart 0) KSP residual norm 1.145995e-04
  5 (restart 0) KSP residual norm 2.695364e-05
  6 (restart 0) KSP residual norm 6.165879e-06
  7 (restart 0) KSP residual norm 1.640557e-06
  8 (restart 0) KSP residual norm 3.901078e-07
  9 (restart 0) KSP residual norm 8.568772e-08
 10 (restart 0) KSP residual norm 1.968738e-08
 11 (restart 0) KSP residual norm 4.531781e-09
 12 (restart 0) KSP residual norm 1.020774e-09
GMRES solver converged in 12 iterations (avg. reduction factor: 2.123e-01)
  Residual norms for GMRES solve
  0 (restart 0) KSP residual norm 1.090610e-01
  1 (restart 0) KSP residual norm 2.331035e-02
  2 (restart 0) KSP residual norm 2.510278e-03
  3 (restart 0) KSP residual norm 4.786319e-04
  4 (restart 0) KSP residual norm 1.043186e-04
  5 (restart 0) KSP residual norm 2.405087e-05
  6 (restart 0) KSP residual norm 5.411502e-06
  7 (restart 0) KSP residual norm 1.296757e-06
  8 (restart 0) KSP residual norm 3.396079e-07
  9 (restart 0) KSP residual norm 7.930030e-08
 10 (restart 0) KSP residual norm 1.770180e-08
 11 (restart 0) KSP residual norm 3.853776e-09
 12 (restart 0) KSP residual norm 8.471551e-10
GMRES solver converged in 12 iterations (avg. reduction factor: 2.110e-01)
  Residual norms for GMRES solve
  0 (restart 0) KSP residual norm 8.789756e-02
  1 (restart 0) KSP residual norm 2.731053e-02
  2 (restart 0) KSP residual norm 3.111595e-03
  3 (restart 0) KSP residual norm 5.308104e-04
  4 (restart 0) KSP residual norm 1.136078e-04
  5 (restart 0) KSP residual norm 2.601598e-05
  6 (restart 0) KSP residual norm 5.824805e-06
  7 (restart 0) KSP residual norm 1.408920e-06
  8 (restart 0) KSP residual norm 3.424922e-07
  9 (restart 0) KSP residual norm 8.142852e-08
 10 (restart 0) KSP residual norm 1.840647e-08
 11 (restart 0) KSP residual norm 4.184558e-09
 12 (restart 0) KSP residual norm 9.644666e-10
 13 (restart 0) KSP residual norm 2.324293e-10
GMRES solver converged in 13 iterations (avg. reduction factor: 2.189e-01)
  Residual norms for GMRES solve
  0 (restart 0) KSP residual norm 7.278098e-02
  1 (restart 0) KSP residual norm 2.467963e-02
  2 (restart 0) KSP residual norm 3.041374e-03
  3 (restart 0) KSP residual norm 5.605086e-04
  4 (restart 0) KSP residual norm 1.163471e-04
  5 (restart 0) KSP residual norm 2.343009e-05
  6 (restart 0) KSP residual norm 5.223252e-06
  7 (restart 0) KSP residual norm 1.323560e-06
  8 (restart 0) KSP residual norm 3.357932e-07
  9 (restart 0) KSP residual norm 7.794659e-08
 10 (restart 0) KSP residual norm 1.699196e-08
 11 (restart 0) KSP residual norm 4.043786e-09
 12 (restart 0) KSP residual norm 9.280483e-10
 13 (restart 0) KSP residual norm 2.062251e-10
GMRES solver converged in 13 iterations (avg. reduction factor: 2.200e-01)
  Residual norms for GMRES solve
  0 (restart 0) KSP residual norm 2.119419e-01
  1 (restart 0) KSP residual norm 2.073542e-02
  2 (restart 0) KSP residual norm 2.457194e-03
  3 (restart 0) KSP residual norm 4.592202e-04
  4 (restart 0) KSP residual norm 1.079304e-04
  5 (restart 0) KSP residual norm 2.189959e-05
  6 (restart 0) KSP residual norm 5.141839e-06
  7 (restart 0) KSP residual norm 1.182908e-06
  8 (restart 0) KSP residual norm 2.917428e-07
  9 (restart 0) KSP residual norm 7.296390e-08
 10 (restart 0) KSP residual norm 1.755712e-08
 11 (restart 0) KSP residual norm 3.968705e-09
 12 (restart 0) KSP residual norm 8.454726e-10
GMRES solver converged in 12 iterations (avg. reduction factor: 1.996e-01)
  Residual norms for GMRES solve
  0 (restart 0) KSP residual norm 4.059996e-01
  1 (restart 0) KSP residual norm 2.684155e-02
  2 (restart 0) KSP residual norm 3.309172e-03
  3 (restart 0) KSP residual norm 6.074487e-04
  4 (restart 0) KSP residual norm 1.480498e-04
  5 (restart 0) KSP residual norm 3.249907e-05
  6 (restart 0) KSP residual norm 7.981049e-06
  7 (restart 0) KSP residual norm 1.997845e-06
  8 (restart 0) KSP residual norm 4.466890e-07
  9 (restart 0) KSP residual norm 1.088763e-07
 10 (restart 0) KSP residual norm 2.498708e-08
 11 (restart 0) KSP residual norm 5.742026e-09
 12 (restart 0) KSP residual norm 1.353218e-09
GMRES solver converged in 12 iterations (avg. reduction factor: 1.966e-01)
  Residual norms for GMRES solve
  0 (restart 0) KSP residual norm 2.298452e-01
  1 (restart 0) KSP residual norm 3.067896e-02
  2 (restart 0) KSP residual norm 3.754181e-03
  3 (restart 0) KSP residual norm 6.268471e-04
  4 (restart 0) KSP residual norm 1.549326e-04
  5 (restart 0) KSP residual norm 3.353878e-05
  6 (restart 0) KSP residual norm 7.756858e-06
  7 (restart 0) KSP residual norm 2.046950e-06
  8 (restart 0) KSP residual norm 4.925031e-07
  9 (restart 0) KSP residual norm 1.166141e-07
 10 (restart 0) KSP residual norm 2.443215e-08
 11 (restart 0) KSP residual norm 5.576972e-09
 12 (restart 0) KSP residual norm 1.371720e-09
GMRES solver converged in 12 iterations (avg. reduction factor: 2.064e-01)
  Residual norms for GMRES solve
  0 (restart 0) KSP residual norm 2.083686e-01
  1 (restart 0) KSP residual norm 2.808615e-02
  2 (restart 0) KSP residual norm 3.040711e-03
  3 (restart 0) KSP residual norm 5.590515e-04
  4 (restart 0) KSP residual norm 1.362864e-04
  5 (restart 0) KSP residual norm 3.205229e-05
  6 (restart 0) KSP residual norm 7.426760e-06
  7 (restart 0) KSP residual norm 1.842010e-06
  8 (restart 0) KSP residual norm 4.607552e-07
  9 (restart 0) KSP residual norm 1.057323e-07
 10 (restart 0) KSP residual norm 2.269434e-08
 11 (restart 0) KSP residual norm 5.373350e-09
 12 (restart 0) KSP residual norm 1.213496e-09
GMRES solver converged in 12 iterations (avg. reduction factor: 2.060e-01)
  Residual norms for GMRES solve
  0 (restart 0) KSP residual norm 2.077773e-01
  1 (restart 0) KSP residual norm 2.116420e-02
  2 (restart 0) KSP residual norm 2.506551e-03
  3 (restart 0) KSP residual norm 4.342071e-04
  4 (restart 0) KSP residual norm 9.580024e-05
  5 (restart 0) KSP residual norm 2.095854e-05
  6 (restart 0) KSP residual norm 4.860767e-06
  7 (restart 0) KSP residual norm 1.133515e-06
  8 (restart 0) KSP residual norm 2.912066e-07
  9 (restart 0) KSP residual norm 7.384892e-08
 10 (restart 0) KSP residual norm 1.578248e-08
 11 (restart 0) KSP residual norm 3.538148e-09
 12 (restart 0) KSP residual norm 8.000147e-10
GMRES solver converged in 12 iterations (avg. reduction factor: 1.990e-01)
  Residual norms for GMRES solve
  0 (restart 0) KSP residual norm 2.288272e-01
  1 (restart 0) KSP residual norm 2.747587e-02
  2 (restart 0) KSP residual norm 3.023113e-03
  3 (restart 0) KSP residual norm 5.466579e-04
  4 (restart 0) KSP residual norm 1.457333e-04
  5 (restart 0) KSP residual norm 3.373071e-05
  6 (restart 0) KSP residual norm 7.593902e-06
  7 (restart 0) KSP residual norm 1.971324e-06
  8 (restart 0) KSP residual norm 4.559271e-07
  9 (restart 0) KSP residual norm 1.090525e-07
 10 (restart 0) KSP residual norm 2.284262e-08
 11 (restart 0) KSP residual norm 5.241197e-09
 12 (restart 0) KSP residual norm 1.249245e-09
GMRES solver converged in 12 iterations (avg. reduction factor: 2.048e-01)
  Residual norms for GMRES solve
  0 (restart 0) KSP residual norm 8.227906e-02
  1 (restart 0) KSP residual norm 2.750545e-02
  2 (restart 0) KSP residual norm 3.194456e-03
  3 (restart 0) KSP residual norm 5.199738e-04
  4 (restart 0) KSP residual norm 1.203886e-04
  5 (restart 0) KSP residual norm 2.564737e-05
  6 (restart 0) KSP residual norm 5.172632e-06
  7 (restart 0) KSP residual norm 1.215596e-06
  8 (restart 0) KSP residual norm 2.807921e-07
  9 (restart 0) KSP residual norm 6.612551e-08
 10 (restart 0) KSP residual norm 1.638568e-08
 11 (restart 0) KSP residual norm 4.155620e-09
 12 (restart 0) KSP residual norm 9.202505e-10
 13 (restart 0) KSP residual norm 1.975788e-10
GMRES solver converged in 13 iterations (avg. reduction factor: 2.172e-01)
  Residual norms for GMRES solve
  0 (restart 0) KSP residual norm 2.247566e-01
  1 (restart 0) KSP residual norm 2.149725e-02
  2 (restart 0) KSP residual norm 2.659162e-03
  3 (restart 0) KSP residual norm 5.461105e-04
  4 (restart 0) KSP residual norm 1.324360e-04
  5 (restart 0) KSP residual norm 2.854043e-05
  6 (restart 0) KSP residual norm 5.848831e-06
  7 (restart 0) KSP residual norm 1.309094e-06
  8 (restart 0) KSP residual norm 3.163094e-07
  9 (restart 0) KSP residual norm 8.341756e-08
 10 (restart 0) KSP residual norm 1.731327e-08
 11 (restart 0) KSP residual norm 3.581056e-09
 12 (restart 0) KSP residual norm 8.461770e-10
GMRES solver converged in 12 iterations (avg. reduction factor: 1.986e-01)
  Residual norms for GMRES solve
  0 (restart 0) KSP residual norm 8.649432e-02
  1 (restart 0) KSP residual norm 1.712027e-02
  2 (restart 0) KSP residual norm 2.527076e-03
  3 (restart 0) KSP residual norm 4.274061e-04
  4 (restart 0) KSP residual norm 8.821568e-05
  5 (restart 0) KSP residual norm 1.965881e-05
  6 (restart 0) KSP residual norm 4.808527e-06
  7 (restart 0) KSP residual norm 1.138663e-06
  8 (restart 0) KSP residual norm 2.599322e-07
  9 (restart 0) KSP residual norm 5.993280e-08
 10 (restart 0) KSP residual norm 1.289134e-08
 11 (restart 0) KSP residual norm 2.991379e-09
 12 (restart 0) KSP residual norm 6.988446e-10
GMRES solver converged in 12 iterations (avg. reduction factor: 2.116e-01)
  Residual norms for GMRES solve
  0 (restart 0) KSP residual norm 4.287618e-01
  1 (restart 0) KSP residual norm 2.394516e-02
  2 (restart 0) KSP residual norm 3.021700e-03
  3 (restart 0) KSP residual norm 6.145054e-04
  4 (restart 0) KSP residual norm 1.444328e-04
  5 (restart 0) KSP residual norm 2.973792e-05
  6 (restart 0) KSP residual norm 6.209222e-06
  7 (restart 0) KSP residual norm 1.326664e-06
  8 (restart 0) KSP residual norm 3.236787e-07
  9 (restart 0) KSP residual norm 8.656997e-08
 10 (restart 0) KSP residual norm 2.051958e-08
 11 (restart 0) KSP residual norm 4.469672e-09
 12 (restart 0) KSP residual norm 9.360132e-10
GMRES solver converged in 12 iterations (avg. reduction factor: 1.898e-01)
  Residual norms for GMRES solve
  0 (restart 0) KSP residual norm 1.796169e-01
  1 (restart 0) KSP residual norm 2.844801e-02
  2 (restart 0) KSP residual norm 3.383115e-03
  3 (restart 0) KSP residual norm 7.871411e-04
  4 (restart 0) KSP residual norm 1.853012e-04
  5 (restart 0) KSP residual norm 3.576599e-05
  6 (restart 0) KSP residual norm 8.173870e-06
  7 (restart 0) KSP residual norm 2.132818e-06
  8 (restart 0) KSP residual norm 5.081889e-07
  9 (restart 0) KSP residual norm 1.196666e-07
 10 (restart 0) KSP residual norm 2.795227e-08
 11 (restart 0) KSP residual norm 5.756710e-09
 12 (restart 0) KSP residual norm 1.322311e-09
GMRES solver converged in 12 iterations (avg. reduction factor: 2.100e-01)
  Residual norms for GMRES solve
  0 (restart 0) KSP residual norm 3.791227e-01
  1 (restart 0) KSP residual norm 3.354190e-02
  2 (restart 0) KSP residual norm 3.887699e-03
  3 (restart 0) KSP residual norm 7.229283e-04
  4 (restart 0) KSP residual norm 1.877204e-04
  5 (restart 0) KSP residual norm 3.644499e-05
  6 (restart 0) KSP residual norm 9.267586e-06
  7 (restart 0) KSP residual norm 2.427913e-06
  8 (restart 0) KSP residual norm 5.712573e-07
  9 (restart 0) KSP residual norm 1.339539e-07
 10 (restart 0) KSP residual norm 2.930914e-08
 11 (restart 0) KSP residual norm 6.208109e-09
 12 (restart 0) KSP residual norm 1.483718e-09
GMRES solver converged in 12 iterations (avg. reduction factor: 1.992e-01)
  Residual norms for GMRES solve
  0 (restart 0) KSP residual norm 1.263677e-01
  1 (restart 0) KSP residual norm 1.786888e-02
  2 (restart 0) KSP residual norm 2.517501e-03
  3 (restart 0) KSP residual norm 4.359772e-04
  4 (restart 0) KSP residual norm 1.122030e-04
  5 (restart 0) KSP residual norm 2.462079e-05
  6 (restart 0) KSP residual norm 5.619420e-06
  7 (restart 0) KSP residual norm 1.390875e-06
  8 (restart 0) KSP residual norm 3.046428e-07
  9 (restart 0) KSP residual norm 7.293396e-08
 10 (restart 0) KSP residual norm 1.570005e-08
 11 (restart 0) KSP residual norm 3.719328e-09
 12 (restart 0) KSP residual norm 8.482813e-10
GMRES solver converged in 12 iterations (avg. reduction factor: 2.084e-01)
  2 EPS nconv=16 first unconverged value (error) 0.00936446-3.76105e-07i (1.39952046e-03)
  Residual norms for GMRES solve
  0 (restart 0) KSP residual norm 3.227326e-01
  1 (restart 0) KSP residual norm 1.766351e-02
  2 (restart 0) KSP residual norm 2.443834e-03
  3 (restart 0) KSP residual norm 4.726601e-04
  4 (restart 0) KSP residual norm 1.070163e-04
  5 (restart 0) KSP residual norm 2.455175e-05
  6 (restart 0) KSP residual norm 5.773930e-06
  7 (restart 0) KSP residual norm 1.463366e-06
  8 (restart 0) KSP residual norm 3.421276e-07
  9 (restart 0) KSP residual norm 8.013929e-08
 10 (restart 0) KSP residual norm 1.786327e-08
 11 (restart 0) KSP residual norm 4.419587e-09
 12 (restart 0) KSP residual norm 9.607431e-10
GMRES solver converged in 12 iterations (avg. reduction factor: 1.948e-01)
  Residual norms for GMRES solve
  0 (restart 0) KSP residual norm 2.992247e-01
  1 (restart 0) KSP residual norm 1.708046e-02
  2 (restart 0) KSP residual norm 2.340936e-03
  3 (restart 0) KSP residual norm 4.447389e-04
  4 (restart 0) KSP residual norm 1.033876e-04
  5 (restart 0) KSP residual norm 2.518817e-05
  6 (restart 0) KSP residual norm 6.000900e-06
  7 (restart 0) KSP residual norm 1.485223e-06
  8 (restart 0) KSP residual norm 3.203892e-07
  9 (restart 0) KSP residual norm 7.780728e-08
 10 (restart 0) KSP residual norm 1.646425e-08
 11 (restart 0) KSP residual norm 4.290172e-09
 12 (restart 0) KSP residual norm 1.024237e-09
GMRES solver converged in 12 iterations (avg. reduction factor: 1.970e-01)
  Residual norms for GMRES solve
  0 (restart 0) KSP residual norm 1.524864e-01
  1 (restart 0) KSP residual norm 1.947234e-02
  2 (restart 0) KSP residual norm 2.658184e-03
  3 (restart 0) KSP residual norm 5.200406e-04
  4 (restart 0) KSP residual norm 1.254747e-04
  5 (restart 0) KSP residual norm 2.606262e-05
  6 (restart 0) KSP residual norm 5.354410e-06
  7 (restart 0) KSP residual norm 1.256608e-06
  8 (restart 0) KSP residual norm 3.008300e-07
  9 (restart 0) KSP residual norm 8.384489e-08
 10 (restart 0) KSP residual norm 1.805270e-08
 11 (restart 0) KSP residual norm 3.938934e-09
 12 (restart 0) KSP residual norm 8.798270e-10
GMRES solver converged in 12 iterations (avg. reduction factor: 2.058e-01)
  Residual norms for GMRES solve
  0 (restart 0) KSP residual norm 1.859109e-01
  1 (restart 0) KSP residual norm 1.814019e-02
  2 (restart 0) KSP residual norm 2.469895e-03
  3 (restart 0) KSP residual norm 4.842782e-04
  4 (restart 0) KSP residual norm 1.169183e-04
  5 (restart 0) KSP residual norm 2.542181e-05
  6 (restart 0) KSP residual norm 5.904038e-06
  7 (restart 0) KSP residual norm 1.400220e-06
  8 (restart 0) KSP residual norm 3.490844e-07
  9 (restart 0) KSP residual norm 8.844025e-08
 10 (restart 0) KSP residual norm 1.820577e-08
 11 (restart 0) KSP residual norm 4.074250e-09
 12 (restart 0) KSP residual norm 9.501705e-10
GMRES solver converged in 12 iterations (avg. reduction factor: 2.037e-01)
  Residual norms for GMRES solve
  0 (restart 0) KSP residual norm 1.976833e-01
  1 (restart 0) KSP residual norm 1.833091e-02
  2 (restart 0) KSP residual norm 2.374600e-03
  3 (restart 0) KSP residual norm 4.252834e-04
  4 (restart 0) KSP residual norm 8.916021e-05
  5 (restart 0) KSP residual norm 1.828209e-05
  6 (restart 0) KSP residual norm 4.625319e-06
  7 (restart 0) KSP residual norm 1.143457e-06
  8 (restart 0) KSP residual norm 2.811232e-07
  9 (restart 0) KSP residual norm 7.021280e-08
 10 (restart 0) KSP residual norm 1.478271e-08
 11 (restart 0) KSP residual norm 3.265056e-09
 12 (restart 0) KSP residual norm 7.607892e-10
GMRES solver converged in 12 iterations (avg. reduction factor: 1.990e-01)
  Residual norms for GMRES solve
  0 (restart 0) KSP residual norm 1.685227e-01
  1 (restart 0) KSP residual norm 2.018870e-02
  2 (restart 0) KSP residual norm 2.458432e-03
  3 (restart 0) KSP residual norm 5.227094e-04
  4 (restart 0) KSP residual norm 1.325396e-04
  5 (restart 0) KSP residual norm 2.595300e-05
  6 (restart 0) KSP residual norm 5.135591e-06
  7 (restart 0) KSP residual norm 1.089090e-06
  8 (restart 0) KSP residual norm 2.708060e-07
  9 (restart 0) KSP residual norm 7.269121e-08
 10 (restart 0) KSP residual norm 1.669507e-08
 11 (restart 0) KSP residual norm 3.530622e-09
 12 (restart 0) KSP residual norm 7.589281e-10
GMRES solver converged in 12 iterations (avg. reduction factor: 2.016e-01)
  Residual norms for GMRES solve
  0 (restart 0) KSP residual norm 3.313606e-02
  1 (restart 0) KSP residual norm 1.306469e-02
  2 (restart 0) KSP residual norm 2.533146e-03
  3 (restart 0) KSP residual norm 5.047481e-04
  4 (restart 0) KSP residual norm 1.144470e-04
  5 (restart 0) KSP residual norm 2.367650e-05
  6 (restart 0) KSP residual norm 5.654728e-06
  7 (restart 0) KSP residual norm 1.404068e-06
  8 (restart 0) KSP residual norm 3.607710e-07
  9 (restart 0) KSP residual norm 8.829918e-08
 10 (restart 0) KSP residual norm 1.925125e-08
 11 (restart 0) KSP residual norm 4.167333e-09
 12 (restart 0) KSP residual norm 8.231432e-10
 13 (restart 0) KSP residual norm 1.953348e-10
GMRES solver converged in 13 iterations (avg. reduction factor: 2.328e-01)
  Residual norms for GMRES solve
  0 (restart 0) KSP residual norm 1.791557e-01
  1 (restart 0) KSP residual norm 1.888923e-02
  2 (restart 0) KSP residual norm 2.696479e-03
  3 (restart 0) KSP residual norm 5.713633e-04
  4 (restart 0) KSP residual norm 1.199420e-04
  5 (restart 0) KSP residual norm 2.687401e-05
  6 (restart 0) KSP residual norm 5.986214e-06
  7 (restart 0) KSP residual norm 1.444072e-06
  8 (restart 0) KSP residual norm 3.541047e-07
  9 (restart 0) KSP residual norm 8.709788e-08
 10 (restart 0) KSP residual norm 1.926253e-08
 11 (restart 0) KSP residual norm 4.159316e-09
 12 (restart 0) KSP residual norm 9.843352e-10
GMRES solver converged in 12 iterations (avg. reduction factor: 2.050e-01)
  Residual norms for GMRES solve
  0 (restart 0) KSP residual norm 5.554728e-02
  1 (restart 0) KSP residual norm 1.650254e-02
  2 (restart 0) KSP residual norm 2.485201e-03
  3 (restart 0) KSP residual norm 4.674369e-04
  4 (restart 0) KSP residual norm 1.064996e-04
  5 (restart 0) KSP residual norm 2.502296e-05
  6 (restart 0) KSP residual norm 5.104079e-06
  7 (restart 0) KSP residual norm 1.261473e-06
  8 (restart 0) KSP residual norm 3.323042e-07
  9 (restart 0) KSP residual norm 8.224131e-08
 10 (restart 0) KSP residual norm 1.725926e-08
 11 (restart 0) KSP residual norm 3.772509e-09
 12 (restart 0) KSP residual norm 8.410523e-10
 13 (restart 0) KSP residual norm 1.871818e-10
GMRES solver converged in 13 iterations (avg. reduction factor: 2.230e-01)
  Residual norms for GMRES solve
  0 (restart 0) KSP residual norm 1.753596e-01
  1 (restart 0) KSP residual norm 1.815653e-02
  2 (restart 0) KSP residual norm 2.671633e-03
  3 (restart 0) KSP residual norm 4.703751e-04
  4 (restart 0) KSP residual norm 9.601275e-05
  5 (restart 0) KSP residual norm 2.037157e-05
  6 (restart 0) KSP residual norm 4.395685e-06
  7 (restart 0) KSP residual norm 9.734939e-07
  8 (restart 0) KSP residual norm 2.271285e-07
  9 (restart 0) KSP residual norm 5.612867e-08
 10 (restart 0) KSP residual norm 1.300717e-08
 11 (restart 0) KSP residual norm 3.152578e-09
 12 (restart 0) KSP residual norm 7.917127e-10
GMRES solver converged in 12 iterations (avg. reduction factor: 2.016e-01)
  Residual norms for GMRES solve
  0 (restart 0) KSP residual norm 8.140145e-02
  1 (restart 0) KSP residual norm 1.758360e-02
  2 (restart 0) KSP residual norm 2.651114e-03
  3 (restart 0) KSP residual norm 4.755451e-04
  4 (restart 0) KSP residual norm 1.113348e-04
  5 (restart 0) KSP residual norm 2.593799e-05
  6 (restart 0) KSP residual norm 6.986992e-06
  7 (restart 0) KSP residual norm 1.776766e-06
  8 (restart 0) KSP residual norm 3.783517e-07
  9 (restart 0) KSP residual norm 8.773551e-08
 10 (restart 0) KSP residual norm 2.017567e-08
 11 (restart 0) KSP residual norm 4.827243e-09
 12 (restart 0) KSP residual norm 9.900680e-10
 13 (restart 0) KSP residual norm 2.242228e-10
GMRES solver converged in 13 iterations (avg. reduction factor: 2.196e-01)
  Residual norms for GMRES solve
  0 (restart 0) KSP residual norm 6.136157e-02
  1 (restart 0) KSP residual norm 1.981318e-02
  2 (restart 0) KSP residual norm 2.848349e-03
  3 (restart 0) KSP residual norm 5.935139e-04
  4 (restart 0) KSP residual norm 1.408970e-04
  5 (restart 0) KSP residual norm 3.231426e-05
  6 (restart 0) KSP residual norm 8.451933e-06
  7 (restart 0) KSP residual norm 2.058576e-06
  8 (restart 0) KSP residual norm 4.719116e-07
  9 (restart 0) KSP residual norm 1.134321e-07
 10 (restart 0) KSP residual norm 2.505902e-08
 11 (restart 0) KSP residual norm 5.424833e-09
 12 (restart 0) KSP residual norm 1.136018e-09
 13 (restart 0) KSP residual norm 2.764292e-10
GMRES solver converged in 13 iterations (avg. reduction factor: 2.280e-01)
  Residual norms for GMRES solve
  0 (restart 0) KSP residual norm 7.156573e-02
  1 (restart 0) KSP residual norm 1.608864e-02
  2 (restart 0) KSP residual norm 2.358635e-03
  3 (restart 0) KSP residual norm 4.519696e-04
  4 (restart 0) KSP residual norm 9.986517e-05
  5 (restart 0) KSP residual norm 2.391427e-05
  6 (restart 0) KSP residual norm 5.475875e-06
  7 (restart 0) KSP residual norm 1.435845e-06
  8 (restart 0) KSP residual norm 3.530968e-07
  9 (restart 0) KSP residual norm 8.473241e-08
 10 (restart 0) KSP residual norm 1.864754e-08
 11 (restart 0) KSP residual norm 3.934630e-09
 12 (restart 0) KSP residual norm 8.940708e-10
 13 (restart 0) KSP residual norm 2.062651e-10
GMRES solver converged in 13 iterations (avg. reduction factor: 2.203e-01)
  Residual norms for GMRES solve
  0 (restart 0) KSP residual norm 3.225641e-01
  1 (restart 0) KSP residual norm 1.904019e-02
  2 (restart 0) KSP residual norm 2.730094e-03
  3 (restart 0) KSP residual norm 5.252795e-04
  4 (restart 0) KSP residual norm 1.170868e-04
  5 (restart 0) KSP residual norm 2.596026e-05
  6 (restart 0) KSP residual norm 5.637770e-06
  7 (restart 0) KSP residual norm 1.370385e-06
  8 (restart 0) KSP residual norm 3.510763e-07
  9 (restart 0) KSP residual norm 8.489633e-08
 10 (restart 0) KSP residual norm 1.886944e-08
 11 (restart 0) KSP residual norm 4.189576e-09
 12 (restart 0) KSP residual norm 9.848016e-10
GMRES solver converged in 12 iterations (avg. reduction factor: 1.952e-01)
  3 EPS nconv=25 first unconverged value (error) 0.0112977-5.30484e-12i (1.09578607e-08)

 Linear eigensolve converged (25 eigenpairs) due to CONVERGED_TOL; iterations 3
 Total number of linear systems solved: 75
 Total number of linear solver iterations: 886
 Found 25 converged eigenvalues (first = 2.314e+01+4.016e-11i)

Computing solution error estimates and performing postprocessing

     m,        Re{f} (GHz),        Im{f} (GHz),                  Q,      Error (Bkwd.),       Error (Abs.)
     1,      +1.106740e+00,      +9.602537e-13,      +5.762745e+11,      +3.611606e-11,      +1.366876e-07
     2,      +1.763274e+00,      -8.947116e-12,      +9.853869e+10,      +8.165667e-11,      +3.096839e-07
     3,      +1.763519e+00,      -1.058988e-09,      +8.326431e+08,      +4.054382e-11,      +1.537630e-07
     4,      +1.894643e+00,      +5.068414e-10,      +1.869069e+09,      +7.108091e-11,      +2.697172e-07
     5,      +1.895046e+00,      -3.809185e-11,      +2.487469e+10,      +6.788647e-11,      +2.575963e-07
     6,      +2.025395e+00,      +7.642405e-10,      +1.325103e+09,      +1.111987e-10,      +4.221815e-07
     7,      +2.203521e+00,      -5.804821e-10,      +1.898009e+09,      +1.642459e-10,      +6.240971e-07
     8,      +2.203771e+00,      +2.341959e-09,      +4.704974e+08,      +1.974584e-10,      +7.502979e-07
     9,      +2.358339e+00,      +4.245403e-09,      +2.777521e+08,      +2.104653e-10,      +8.003382e-07
    10,      +2.361172e+00,      -1.399323e-10,      +8.436835e+09,      +1.606840e-10,      +6.110433e-07
    11,      +2.444649e+00,      +1.873904e-09,      +6.522875e+08,      +2.089656e-10,      +7.949954e-07
    12,      +2.450072e+00,      +7.300299e-10,      +1.678063e+09,      +1.008050e-10,      +3.835169e-07
    13,      +2.451605e+00,      +3.406849e-09,      +3.598053e+08,      +1.015118e-10,      +3.862093e-07
    14,      +2.535292e+00,      -2.423626e-10,      +5.230370e+09,      +6.369240e-10,      +2.424330e-06
    15,      +2.576615e+00,      -3.184655e-09,      +4.045360e+08,      +3.164264e-10,      +1.204694e-06
    16,      +2.579561e+00,      +1.826275e-09,      +7.062357e+08,      +2.332353e-10,      +8.879851e-07
    17,      +2.917545e+00,      -1.545492e-09,      +9.438885e+08,      +1.334891e-10,      +5.092576e-07
    18,      +2.919672e+00,      -2.097675e-09,      +6.959303e+08,      +1.601516e-10,      +6.109825e-07
    19,      +2.926061e+00,      -3.979148e-09,      +3.676743e+08,      +1.903953e-10,      +7.263928e-07
    20,      +2.936940e+00,      +1.342959e-09,      +1.093459e+09,      +1.348551e-10,      +5.145327e-07
    21,      +2.971494e+00,      -3.285402e-09,      +4.522269e+08,      +1.529247e-10,      +5.836061e-07
    22,      +2.976796e+00,      +8.171322e-09,      +1.821490e+08,      +2.455636e-10,      +9.371756e-07
    23,      +2.987760e+00,      +1.956016e-09,      +7.637361e+08,      +2.988853e-10,      +1.140755e-06
    24,      +3.001909e+00,      -7.448790e-09,      +2.015031e+08,      +2.278490e-10,      +8.697113e-07
    25,      +3.082145e+00,      -3.678017e-10,      +4.189954e+09,      +2.625183e-10,      +1.002579e-06

Completed 0 iterations of adaptive mesh refinement (AMR):
 Indicator norm = 1.027e-01, global unknowns = 33866
 Max. iterations = 0, tol. = 1.000e-02

Estimated peak per-rank memory usage is: Min. 103.1M, Max. 109.1M, Avg. 105.6M, Total 422.5M
Estimated peak per-node memory usage is: Min. 422.5M, Max. 422.5M, Avg. 422.5M, Total 422.5M

Elapsed Time Report (s)           Min.        Max.        Avg.
==============================================================
Initialization                   0.094       0.178       0.156
  Mesh Preprocessing             0.132       0.212       0.153
Operator Construction            0.947       0.956       0.952
Linear Solve                    25.385      25.596      25.502
  Setup                          3.031       3.031       3.031
  Preconditioner               522.855     524.689     524.099
  Coarse Solve                  12.350      14.053      12.842
Eigenvalue Solve                 1.895       1.926       1.908
Div.-Free Projection            52.413      52.434      52.423
Estimation                       0.244       0.285       0.259
  Construction                   1.714       1.714       1.714
  Solve                         20.237      20.261      20.250
Postprocessing                   1.384       1.407       1.397
Disk IO                          0.232       0.236       0.234
--------------------------------------------------------------
Total                          646.475     646.543     646.523

Peak Memory                   Per-Node       Total   Total HWM
==============================================================
Initialization                    6.4M        6.4M        6.4M
  Mesh Preprocessing             10.3M       10.3M       16.8M
Operator Construction            56.5M       56.5M       73.3M
Linear Solve                      0.0K        0.0K       73.3M
  Setup                          58.1M       58.1M      131.4M
  Preconditioner                  0.0K        0.0K      131.4M
  Coarse Solve                   51.8M       51.8M      183.2M
Eigenvalue Solve                 24.3M       24.3M      207.5M
Div.-Free Projection             22.1M       22.1M      229.6M
Estimation                       16.6M       16.6M      246.2M
  Construction                   26.8M       26.8M      272.9M
  Solve                          17.9M       17.9M      290.8M
Postprocessing                   22.3M       22.3M      313.1M
Disk IO                           6.9M        6.9M      320.0M
--------------------------------------------------------------
Total                           371.7M      371.7M      371.7M

