>> /home/tanderson/.local/share/mamba/envs/emsim/bin/mpirun -n 4 /home/tanderson/.local/opt/palace/bin/palace-x86_64.bin e0j_sf2p5.json

_____________     _______
_____   __   \____ __   /____ ____________
____   /_/  /  __ ` /  /  __ ` /  ___/  _ \
___   _____/  /_/  /  /  /_/  /  /__/  ___/
  /__/     \___,__/__/\___,__/\_____\_____/

Git changeset ID: 3c83b9d
Running with 4 MPI processes, 1 OpenMP thread
Device configuration: omp,cpu
Memory configuration: host-std
libCEED backend: /cpu/self/opt/blocked

Added 1803 boundary elements for material interfaces to the mesh

Characteristic length and time scales:
 Lc = 2.074e-01 m, tc = 6.918e-01 ns
Finished partitioning mesh into 4 subdomains

Mesh curvature order: 2
Mesh bounding box:
 (Xmin, Ymin, Zmin) = (-1.037e-01, -1.037e-01, -4.426e-02) m
 (Xmax, Ymax, Zmax) = (+1.037e-01, +1.037e-01, +4.426e-02) m

Parallel Mesh Stats:

                minimum     average     maximum       total
 vertices           282         364         472        1458
 edges             2114        2365        2706        9462
 faces             3757        3936        4227       15744
 elements          1902        1934        1992        7739
 neighbors            3           3           3

            minimum     maximum
 h        0.0091632    0.255667
 kappa      1.09031     8.37446

Estimated current per-rank memory usage is: Min. 30.4M, Max. 36.8M, Avg. 32.2M, Total 128.8M
Estimated current per-node memory usage is: Min. 129.0M, Max. 129.0M, Avg. 129.0M, Total 129.0M

Configuring Dirichlet PEC BC at attributes:
 90

Assembling system matrices, number of global unknowns:
 H1 (p = 2): 10920, ND (p = 2): 50412, RT (p = 2): 70449
 Operator assembly level: Partial
 Mesh geometries:
  Tetrahedron: P = 20, Q = 14 (quadrature order = 4)

Configuring SLEPc eigenvalue solver:
 Scaling γ = 1.894e+04, δ = 5.040e-04
 Configuring divergence-free projection
 Using random starting vector
 Shift-and-invert σ = 1.050e+00 GHz (4.564e+00)

Assembling multigrid hierarchy:
 Level 0 (p = 1): 9462 unknowns
 Level 1 (p = 2): 50412 unknowns
 Level 0 (auxiliary) (p = 1): 1458 unknowns
 Level 1 (auxiliary) (p = 2): 10920 unknowns

#PETSc Option Table entries:
-eps_monitor # (source: code)
#End of PETSc Option Table entries

  Residual norms for GMRES solve
  0 (restart 0) KSP residual norm 9.522883e-02
  1 (restart 0) KSP residual norm 3.501111e-03
  2 (restart 0) KSP residual norm 2.738453e-04
  3 (restart 0) KSP residual norm 4.733423e-05
  4 (restart 0) KSP residual norm 1.031522e-05
  5 (restart 0) KSP residual norm 1.896627e-06
  6 (restart 0) KSP residual norm 3.424704e-07
  7 (restart 0) KSP residual norm 6.309282e-08
  8 (restart 0) KSP residual norm 1.171947e-08
  9 (restart 0) KSP residual norm 2.188864e-09
 10 (restart 0) KSP residual norm 4.291668e-10
GMRES solver converged in 10 iterations (avg. reduction factor: 1.463e-01)
  Residual norms for GMRES solve
  0 (restart 0) KSP residual norm 6.697488e+00
  1 (restart 0) KSP residual norm 6.392805e-02
  2 (restart 0) KSP residual norm 6.520747e-03
  3 (restart 0) KSP residual norm 8.505355e-04
  4 (restart 0) KSP residual norm 2.102816e-04
  5 (restart 0) KSP residual norm 3.426762e-05
  6 (restart 0) KSP residual norm 7.147605e-06
  7 (restart 0) KSP residual norm 1.154985e-06
  8 (restart 0) KSP residual norm 2.556362e-07
  9 (restart 0) KSP residual norm 4.883917e-08
GMRES solver converged in 9 iterations (avg. reduction factor: 1.247e-01)
  Residual norms for GMRES solve
  0 (restart 0) KSP residual norm 5.364779e-01
  1 (restart 0) KSP residual norm 5.258816e-02
  2 (restart 0) KSP residual norm 2.969917e-03
  3 (restart 0) KSP residual norm 4.305401e-04
  4 (restart 0) KSP residual norm 9.804093e-05
  5 (restart 0) KSP residual norm 1.802202e-05
  6 (restart 0) KSP residual norm 3.759334e-06
  7 (restart 0) KSP residual norm 7.530217e-07
  8 (restart 0) KSP residual norm 1.579804e-07
  9 (restart 0) KSP residual norm 3.228313e-08
 10 (restart 0) KSP residual norm 6.351902e-09
 11 (restart 0) KSP residual norm 1.197105e-09
GMRES solver converged in 11 iterations (avg. reduction factor: 1.635e-01)
  Residual norms for GMRES solve
  0 (restart 0) KSP residual norm 3.430276e-01
  1 (restart 0) KSP residual norm 6.385778e-02
  2 (restart 0) KSP residual norm 3.377709e-03
  3 (restart 0) KSP residual norm 5.299779e-04
  4 (restart 0) KSP residual norm 1.178612e-04
  5 (restart 0) KSP residual norm 2.070723e-05
  6 (restart 0) KSP residual norm 4.167797e-06
  7 (restart 0) KSP residual norm 8.944139e-07
  8 (restart 0) KSP residual norm 1.970184e-07
  9 (restart 0) KSP residual norm 3.565617e-08
 10 (restart 0) KSP residual norm 6.559827e-09
 11 (restart 0) KSP residual norm 1.321639e-09
GMRES solver converged in 11 iterations (avg. reduction factor: 1.718e-01)
  Residual norms for GMRES solve
  0 (restart 0) KSP residual norm 5.920722e-01
  1 (restart 0) KSP residual norm 6.953479e-02
  2 (restart 0) KSP residual norm 2.933207e-03
  3 (restart 0) KSP residual norm 5.013649e-04
  4 (restart 0) KSP residual norm 8.963453e-05
  5 (restart 0) KSP residual norm 1.788325e-05
  6 (restart 0) KSP residual norm 3.436612e-06
  7 (restart 0) KSP residual norm 7.371887e-07
  8 (restart 0) KSP residual norm 1.465648e-07
  9 (restart 0) KSP residual norm 2.997399e-08
 10 (restart 0) KSP residual norm 6.177539e-09
 11 (restart 0) KSP residual norm 1.236446e-09
GMRES solver converged in 11 iterations (avg. reduction factor: 1.625e-01)
  Residual norms for GMRES solve
  0 (restart 0) KSP residual norm 8.187063e-01
  1 (restart 0) KSP residual norm 6.254700e-02
  2 (restart 0) KSP residual norm 3.765675e-03
  3 (restart 0) KSP residual norm 5.312011e-04
  4 (restart 0) KSP residual norm 1.195335e-04
  5 (restart 0) KSP residual norm 1.945655e-05
  6 (restart 0) KSP residual norm 3.987097e-06
  7 (restart 0) KSP residual norm 7.860227e-07
  8 (restart 0) KSP residual norm 1.407794e-07
  9 (restart 0) KSP residual norm 2.911391e-08
 10 (restart 0) KSP residual norm 6.019660e-09
GMRES solver converged in 10 iterations (avg. reduction factor: 1.537e-01)
  Residual norms for GMRES solve
  0 (restart 0) KSP residual norm 4.213461e-01
  1 (restart 0) KSP residual norm 5.162451e-02
  2 (restart 0) KSP residual norm 3.200383e-03
  3 (restart 0) KSP residual norm 4.499333e-04
  4 (restart 0) KSP residual norm 9.605927e-05
  5 (restart 0) KSP residual norm 1.459207e-05
  6 (restart 0) KSP residual norm 2.992005e-06
  7 (restart 0) KSP residual norm 5.477305e-07
  8 (restart 0) KSP residual norm 1.051487e-07
  9 (restart 0) KSP residual norm 1.914224e-08
 10 (restart 0) KSP residual norm 3.802497e-09
GMRES solver converged in 10 iterations (avg. reduction factor: 1.569e-01)
  Residual norms for GMRES solve
  0 (restart 0) KSP residual norm 1.237245e+00
  1 (restart 0) KSP residual norm 5.875915e-02
  2 (restart 0) KSP residual norm 3.323678e-03
  3 (restart 0) KSP residual norm 5.300232e-04
  4 (restart 0) KSP residual norm 1.074024e-04
  5 (restart 0) KSP residual norm 1.813025e-05
  6 (restart 0) KSP residual norm 3.816735e-06
  7 (restart 0) KSP residual norm 6.934182e-07
  8 (restart 0) KSP residual norm 1.457497e-07
  9 (restart 0) KSP residual norm 3.163221e-08
 10 (restart 0) KSP residual norm 6.469201e-09
GMRES solver converged in 10 iterations (avg. reduction factor: 1.485e-01)
  Residual norms for GMRES solve
  0 (restart 0) KSP residual norm 1.101695e-01
  1 (restart 0) KSP residual norm 3.095468e-02
  2 (restart 0) KSP residual norm 2.501027e-03
  3 (restart 0) KSP residual norm 3.967980e-04
  4 (restart 0) KSP residual norm 7.272709e-05
  5 (restart 0) KSP residual norm 1.417000e-05
  6 (restart 0) KSP residual norm 2.819165e-06
  7 (restart 0) KSP residual norm 6.024298e-07
  8 (restart 0) KSP residual norm 1.232738e-07
  9 (restart 0) KSP residual norm 2.666235e-08
 10 (restart 0) KSP residual norm 5.031415e-09
 11 (restart 0) KSP residual norm 9.850808e-10
GMRES solver converged in 11 iterations (avg. reduction factor: 1.855e-01)
  Residual norms for GMRES solve
  0 (restart 0) KSP residual norm 1.531247e+00
  1 (restart 0) KSP residual norm 3.884673e-02
  2 (restart 0) KSP residual norm 2.818630e-03
  3 (restart 0) KSP residual norm 4.108836e-04
  4 (restart 0) KSP residual norm 7.937669e-05
  5 (restart 0) KSP residual norm 1.415892e-05
  6 (restart 0) KSP residual norm 2.835096e-06
  7 (restart 0) KSP residual norm 5.556115e-07
  8 (restart 0) KSP residual norm 1.098786e-07
  9 (restart 0) KSP residual norm 2.529845e-08
 10 (restart 0) KSP residual norm 4.996494e-09
GMRES solver converged in 10 iterations (avg. reduction factor: 1.417e-01)
  Residual norms for GMRES solve
  0 (restart 0) KSP residual norm 4.360724e-01
  1 (restart 0) KSP residual norm 5.041688e-02
  2 (restart 0) KSP residual norm 2.954689e-03
  3 (restart 0) KSP residual norm 4.970216e-04
  4 (restart 0) KSP residual norm 9.902117e-05
  5 (restart 0) KSP residual norm 1.859516e-05
  6 (restart 0) KSP residual norm 3.892274e-06
  7 (restart 0) KSP residual norm 7.491823e-07
  8 (restart 0) KSP residual norm 1.589224e-07
  9 (restart 0) KSP residual norm 3.401243e-08
 10 (restart 0) KSP residual norm 6.595342e-09
 11 (restart 0) KSP residual norm 1.198618e-09
GMRES solver converged in 11 iterations (avg. reduction factor: 1.666e-01)
  Residual norms for GMRES solve
  0 (restart 0) KSP residual norm 1.245948e+00
  1 (restart 0) KSP residual norm 8.246530e-02
  2 (restart 0) KSP residual norm 3.311059e-03
  3 (restart 0) KSP residual norm 5.996296e-04
  4 (restart 0) KSP residual norm 1.155080e-04
  5 (restart 0) KSP residual norm 2.128431e-05
  6 (restart 0) KSP residual norm 3.692514e-06
  7 (restart 0) KSP residual norm 7.268816e-07
  8 (restart 0) KSP residual norm 1.333033e-07
  9 (restart 0) KSP residual norm 2.834114e-08
 10 (restart 0) KSP residual norm 6.028825e-09
GMRES solver converged in 10 iterations (avg. reduction factor: 1.474e-01)
  Residual norms for GMRES solve
  0 (restart 0) KSP residual norm 4.325858e-01
  1 (restart 0) KSP residual norm 5.047226e-02
  2 (restart 0) KSP residual norm 3.039781e-03
  3 (restart 0) KSP residual norm 4.772352e-04
  4 (restart 0) KSP residual norm 9.639467e-05
  5 (restart 0) KSP residual norm 1.911318e-05
  6 (restart 0) KSP residual norm 3.669615e-06
  7 (restart 0) KSP residual norm 7.532635e-07
  8 (restart 0) KSP residual norm 1.482169e-07
  9 (restart 0) KSP residual norm 2.947303e-08
 10 (restart 0) KSP residual norm 6.594510e-09
 11 (restart 0) KSP residual norm 1.321914e-09
GMRES solver converged in 11 iterations (avg. reduction factor: 1.682e-01)
  Residual norms for GMRES solve
  0 (restart 0) KSP residual norm 1.488404e+00
  1 (restart 0) KSP residual norm 3.553204e-02
  2 (restart 0) KSP residual norm 2.821950e-03
  3 (restart 0) KSP residual norm 5.008957e-04
  4 (restart 0) KSP residual norm 1.014427e-04
  5 (restart 0) KSP residual norm 1.861890e-05
  6 (restart 0) KSP residual norm 3.854728e-06
  7 (restart 0) KSP residual norm 8.310179e-07
  8 (restart 0) KSP residual norm 1.692738e-07
  9 (restart 0) KSP residual norm 3.438972e-08
 10 (restart 0) KSP residual norm 6.324354e-09
GMRES solver converged in 10 iterations (avg. reduction factor: 1.455e-01)
  Residual norms for GMRES solve
  0 (restart 0) KSP residual norm 1.032205e+00
  1 (restart 0) KSP residual norm 2.389678e-02
  2 (restart 0) KSP residual norm 2.185102e-03
  3 (restart 0) KSP residual norm 3.648696e-04
  4 (restart 0) KSP residual norm 7.388053e-05
  5 (restart 0) KSP residual norm 1.439455e-05
  6 (restart 0) KSP residual norm 2.840500e-06
  7 (restart 0) KSP residual norm 5.458830e-07
  8 (restart 0) KSP residual norm 1.110237e-07
  9 (restart 0) KSP residual norm 2.548757e-08
 10 (restart 0) KSP residual norm 5.279684e-09
GMRES solver converged in 10 iterations (avg. reduction factor: 1.482e-01)
  Residual norms for GMRES solve
  0 (restart 0) KSP residual norm 2.807897e-01
  1 (restart 0) KSP residual norm 4.575870e-02
  2 (restart 0) KSP residual norm 2.986023e-03
  3 (restart 0) KSP residual norm 4.731731e-04
  4 (restart 0) KSP residual norm 1.066404e-04
  5 (restart 0) KSP residual norm 1.990191e-05
  6 (restart 0) KSP residual norm 3.973089e-06
  7 (restart 0) KSP residual norm 8.811301e-07
  8 (restart 0) KSP residual norm 1.789487e-07
  9 (restart 0) KSP residual norm 3.727601e-08
 10 (restart 0) KSP residual norm 7.435310e-09
 11 (restart 0) KSP residual norm 1.369254e-09
GMRES solver converged in 11 iterations (avg. reduction factor: 1.755e-01)
  Residual norms for GMRES solve
  0 (restart 0) KSP residual norm 5.043704e-01
  1 (restart 0) KSP residual norm 6.451329e-02
  2 (restart 0) KSP residual norm 4.173022e-03
  3 (restart 0) KSP residual norm 5.083378e-04
  4 (restart 0) KSP residual norm 1.197851e-04
  5 (restart 0) KSP residual norm 1.783399e-05
  6 (restart 0) KSP residual norm 4.209476e-06
  7 (restart 0) KSP residual norm 7.871717e-07
  8 (restart 0) KSP residual norm 1.631195e-07
  9 (restart 0) KSP residual norm 3.367801e-08
 10 (restart 0) KSP residual norm 7.471981e-09
 11 (restart 0) KSP residual norm 1.431438e-09
GMRES solver converged in 11 iterations (avg. reduction factor: 1.671e-01)
  Residual norms for GMRES solve
  0 (restart 0) KSP residual norm 1.264249e-01
  1 (restart 0) KSP residual norm 3.125552e-02
  2 (restart 0) KSP residual norm 3.095500e-03
  3 (restart 0) KSP residual norm 5.116209e-04
  4 (restart 0) KSP residual norm 1.133299e-04
  5 (restart 0) KSP residual norm 2.021563e-05
  6 (restart 0) KSP residual norm 3.953771e-06
  7 (restart 0) KSP residual norm 8.520567e-07
  8 (restart 0) KSP residual norm 1.711990e-07
  9 (restart 0) KSP residual norm 3.679145e-08
 10 (restart 0) KSP residual norm 7.197586e-09
 11 (restart 0) KSP residual norm 1.531754e-09
 12 (restart 0) KSP residual norm 2.579398e-10
GMRES solver converged in 12 iterations (avg. reduction factor: 1.887e-01)
  Residual norms for GMRES solve
  0 (restart 0) KSP residual norm 9.709419e-01
  1 (restart 0) KSP residual norm 2.838270e-02
  2 (restart 0) KSP residual norm 2.577022e-03
  3 (restart 0) KSP residual norm 4.250865e-04
  4 (restart 0) KSP residual norm 7.902148e-05
  5 (restart 0) KSP residual norm 1.575415e-05
  6 (restart 0) KSP residual norm 3.104863e-06
  7 (restart 0) KSP residual norm 6.364954e-07
  8 (restart 0) KSP residual norm 1.326182e-07
  9 (restart 0) KSP residual norm 2.807287e-08
 10 (restart 0) KSP residual norm 5.466837e-09
GMRES solver converged in 10 iterations (avg. reduction factor: 1.496e-01)
  Residual norms for GMRES solve
  0 (restart 0) KSP residual norm 2.032354e+00
  1 (restart 0) KSP residual norm 3.105071e-02
  2 (restart 0) KSP residual norm 2.823599e-03
  3 (restart 0) KSP residual norm 4.878263e-04
  4 (restart 0) KSP residual norm 9.856827e-05
  5 (restart 0) KSP residual norm 1.711123e-05
  6 (restart 0) KSP residual norm 3.329667e-06
  7 (restart 0) KSP residual norm 6.522187e-07
  8 (restart 0) KSP residual norm 1.258785e-07
  9 (restart 0) KSP residual norm 2.593919e-08
 10 (restart 0) KSP residual norm 5.308463e-09
GMRES solver converged in 10 iterations (avg. reduction factor: 1.386e-01)
  Residual norms for GMRES solve
  0 (restart 0) KSP residual norm 1.889066e+00
  1 (restart 0) KSP residual norm 3.974820e-02
  2 (restart 0) KSP residual norm 3.100550e-03
  3 (restart 0) KSP residual norm 5.243109e-04
  4 (restart 0) KSP residual norm 1.032880e-04
  5 (restart 0) KSP residual norm 1.838910e-05
  6 (restart 0) KSP residual norm 3.794266e-06
  7 (restart 0) KSP residual norm 6.655337e-07
  8 (restart 0) KSP residual norm 1.331677e-07
  9 (restart 0) KSP residual norm 2.805194e-08
 10 (restart 0) KSP residual norm 6.007392e-09
GMRES solver converged in 10 iterations (avg. reduction factor: 1.413e-01)
  Residual norms for GMRES solve
  0 (restart 0) KSP residual norm 6.190138e-01
  1 (restart 0) KSP residual norm 3.953712e-02
  2 (restart 0) KSP residual norm 2.940100e-03
  3 (restart 0) KSP residual norm 4.821509e-04
  4 (restart 0) KSP residual norm 8.906819e-05
  5 (restart 0) KSP residual norm 1.725556e-05
  6 (restart 0) KSP residual norm 3.333307e-06
  7 (restart 0) KSP residual norm 7.207172e-07
  8 (restart 0) KSP residual norm 1.504623e-07
  9 (restart 0) KSP residual norm 3.010627e-08
 10 (restart 0) KSP residual norm 6.041888e-09
GMRES solver converged in 10 iterations (avg. reduction factor: 1.581e-01)
  Residual norms for GMRES solve
  0 (restart 0) KSP residual norm 1.947302e+00
  1 (restart 0) KSP residual norm 3.561832e-02
  2 (restart 0) KSP residual norm 2.921412e-03
  3 (restart 0) KSP residual norm 4.583512e-04
  4 (restart 0) KSP residual norm 9.748223e-05
  5 (restart 0) KSP residual norm 1.770656e-05
  6 (restart 0) KSP residual norm 3.327087e-06
  7 (restart 0) KSP residual norm 6.429988e-07
  8 (restart 0) KSP residual norm 1.171388e-07
  9 (restart 0) KSP residual norm 2.541351e-08
 10 (restart 0) KSP residual norm 5.506535e-09
GMRES solver converged in 10 iterations (avg. reduction factor: 1.397e-01)
  Residual norms for GMRES solve
  0 (restart 0) KSP residual norm 1.078791e+00
  1 (restart 0) KSP residual norm 2.641871e-02
  2 (restart 0) KSP residual norm 2.352952e-03
  3 (restart 0) KSP residual norm 3.611637e-04
  4 (restart 0) KSP residual norm 7.160937e-05
  5 (restart 0) KSP residual norm 1.415628e-05
  6 (restart 0) KSP residual norm 2.757551e-06
  7 (restart 0) KSP residual norm 5.677117e-07
  8 (restart 0) KSP residual norm 1.173164e-07
  9 (restart 0) KSP residual norm 2.413578e-08
 10 (restart 0) KSP residual norm 4.743613e-09
GMRES solver converged in 10 iterations (avg. reduction factor: 1.460e-01)
  Residual norms for GMRES solve
  0 (restart 0) KSP residual norm 4.613387e-01
  1 (restart 0) KSP residual norm 3.003847e-02
  2 (restart 0) KSP residual norm 2.843683e-03
  3 (restart 0) KSP residual norm 5.255360e-04
  4 (restart 0) KSP residual norm 1.114887e-04
  5 (restart 0) KSP residual norm 2.382773e-05
  6 (restart 0) KSP residual norm 5.041130e-06
  7 (restart 0) KSP residual norm 9.635065e-07
  8 (restart 0) KSP residual norm 1.938864e-07
  9 (restart 0) KSP residual norm 3.462051e-08
 10 (restart 0) KSP residual norm 6.521612e-09
 11 (restart 0) KSP residual norm 1.314615e-09
GMRES solver converged in 11 iterations (avg. reduction factor: 1.672e-01)
  Residual norms for GMRES solve
  0 (restart 0) KSP residual norm 3.921796e-01
  1 (restart 0) KSP residual norm 3.580825e-02
  2 (restart 0) KSP residual norm 2.530418e-03
  3 (restart 0) KSP residual norm 4.158017e-04
  4 (restart 0) KSP residual norm 7.769162e-05
  5 (restart 0) KSP residual norm 1.439092e-05
  6 (restart 0) KSP residual norm 2.965632e-06
  7 (restart 0) KSP residual norm 6.303815e-07
  8 (restart 0) KSP residual norm 1.353923e-07
  9 (restart 0) KSP residual norm 2.813206e-08
 10 (restart 0) KSP residual norm 5.781902e-09
 11 (restart 0) KSP residual norm 1.119582e-09
GMRES solver converged in 11 iterations (avg. reduction factor: 1.672e-01)
  Residual norms for GMRES solve
  0 (restart 0) KSP residual norm 1.050300e-01
  1 (restart 0) KSP residual norm 2.881416e-02
  2 (restart 0) KSP residual norm 2.684316e-03
  3 (restart 0) KSP residual norm 4.267309e-04
  4 (restart 0) KSP residual norm 8.737258e-05
  5 (restart 0) KSP residual norm 1.486655e-05
  6 (restart 0) KSP residual norm 3.068236e-06
  7 (restart 0) KSP residual norm 5.675225e-07
  8 (restart 0) KSP residual norm 1.194342e-07
  9 (restart 0) KSP residual norm 2.506834e-08
 10 (restart 0) KSP residual norm 5.202118e-09
 11 (restart 0) KSP residual norm 1.086906e-09
 12 (restart 0) KSP residual norm 2.304932e-10
GMRES solver converged in 12 iterations (avg. reduction factor: 1.899e-01)
  Residual norms for GMRES solve
  0 (restart 0) KSP residual norm 2.030197e-01
  1 (restart 0) KSP residual norm 2.850566e-02
  2 (restart 0) KSP residual norm 2.627101e-03
  3 (restart 0) KSP residual norm 4.502531e-04
  4 (restart 0) KSP residual norm 8.710991e-05
  5 (restart 0) KSP residual norm 1.709622e-05
  6 (restart 0) KSP residual norm 3.673288e-06
  7 (restart 0) KSP residual norm 7.801531e-07
  8 (restart 0) KSP residual norm 1.494834e-07
  9 (restart 0) KSP residual norm 2.975628e-08
 10 (restart 0) KSP residual norm 5.571412e-09
 11 (restart 0) KSP residual norm 1.085985e-09
GMRES solver converged in 11 iterations (avg. reduction factor: 1.770e-01)
  Residual norms for GMRES solve
  0 (restart 0) KSP residual norm 2.709328e-01
  1 (restart 0) KSP residual norm 3.250630e-02
  2 (restart 0) KSP residual norm 2.870808e-03
  3 (restart 0) KSP residual norm 4.730225e-04
  4 (restart 0) KSP residual norm 9.118926e-05
  5 (restart 0) KSP residual norm 1.629294e-05
  6 (restart 0) KSP residual norm 3.254666e-06
  7 (restart 0) KSP residual norm 6.077573e-07
  8 (restart 0) KSP residual norm 1.375094e-07
  9 (restart 0) KSP residual norm 2.882136e-08
 10 (restart 0) KSP residual norm 5.343894e-09
 11 (restart 0) KSP residual norm 1.063213e-09
GMRES solver converged in 11 iterations (avg. reduction factor: 1.721e-01)
  Residual norms for GMRES solve
  0 (restart 0) KSP residual norm 1.620756e-01
  1 (restart 0) KSP residual norm 2.898601e-02
  2 (restart 0) KSP residual norm 3.027260e-03
  3 (restart 0) KSP residual norm 6.119762e-04
  4 (restart 0) KSP residual norm 1.279062e-04
  5 (restart 0) KSP residual norm 2.331771e-05
  6 (restart 0) KSP residual norm 5.051791e-06
  7 (restart 0) KSP residual norm 1.091125e-06
  8 (restart 0) KSP residual norm 2.194868e-07
  9 (restart 0) KSP residual norm 4.151328e-08
 10 (restart 0) KSP residual norm 6.724208e-09
 11 (restart 0) KSP residual norm 1.229705e-09
GMRES solver converged in 11 iterations (avg. reduction factor: 1.827e-01)
  Residual norms for GMRES solve
  0 (restart 0) KSP residual norm 1.649530e-01
  1 (restart 0) KSP residual norm 2.430455e-02
  2 (restart 0) KSP residual norm 2.667557e-03
  3 (restart 0) KSP residual norm 5.150002e-04
  4 (restart 0) KSP residual norm 1.118726e-04
  5 (restart 0) KSP residual norm 2.064076e-05
  6 (restart 0) KSP residual norm 4.505763e-06
  7 (restart 0) KSP residual norm 1.019829e-06
  8 (restart 0) KSP residual norm 2.037025e-07
  9 (restart 0) KSP residual norm 3.761992e-08
 10 (restart 0) KSP residual norm 6.677165e-09
 11 (restart 0) KSP residual norm 1.318000e-09
GMRES solver converged in 11 iterations (avg. reduction factor: 1.836e-01)
  Residual norms for GMRES solve
  0 (restart 0) KSP residual norm 1.691384e-01
  1 (restart 0) KSP residual norm 2.023517e-02
  2 (restart 0) KSP residual norm 2.389464e-03
  3 (restart 0) KSP residual norm 3.803315e-04
  4 (restart 0) KSP residual norm 7.118064e-05
  5 (restart 0) KSP residual norm 1.409566e-05
  6 (restart 0) KSP residual norm 2.875231e-06
  7 (restart 0) KSP residual norm 6.540931e-07
  8 (restart 0) KSP residual norm 1.317227e-07
  9 (restart 0) KSP residual norm 2.595908e-08
 10 (restart 0) KSP residual norm 5.311684e-09
 11 (restart 0) KSP residual norm 1.010353e-09
GMRES solver converged in 11 iterations (avg. reduction factor: 1.788e-01)
  Residual norms for GMRES solve
  0 (restart 0) KSP residual norm 3.020772e-01
  1 (restart 0) KSP residual norm 2.458177e-02
  2 (restart 0) KSP residual norm 2.630369e-03
  3 (restart 0) KSP residual norm 4.110605e-04
  4 (restart 0) KSP residual norm 7.598873e-05
  5 (restart 0) KSP residual norm 1.488244e-05
  6 (restart 0) KSP residual norm 2.872797e-06
  7 (restart 0) KSP residual norm 5.544129e-07
  8 (restart 0) KSP residual norm 1.107145e-07
  9 (restart 0) KSP residual norm 2.452168e-08
 10 (restart 0) KSP residual norm 5.122706e-09
 11 (restart 0) KSP residual norm 1.056162e-09
GMRES solver converged in 11 iterations (avg. reduction factor: 1.703e-01)
  Residual norms for GMRES solve
  0 (restart 0) KSP residual norm 1.870586e-01
  1 (restart 0) KSP residual norm 2.866237e-02
  2 (restart 0) KSP residual norm 2.590745e-03
  3 (restart 0) KSP residual norm 3.897700e-04
  4 (restart 0) KSP residual norm 7.463778e-05
  5 (restart 0) KSP residual norm 1.406741e-05
  6 (restart 0) KSP residual norm 2.895230e-06
  7 (restart 0) KSP residual norm 6.000623e-07
  8 (restart 0) KSP residual norm 1.209092e-07
  9 (restart 0) KSP residual norm 2.614851e-08
 10 (restart 0) KSP residual norm 5.350843e-09
 11 (restart 0) KSP residual norm 1.079202e-09
GMRES solver converged in 11 iterations (avg. reduction factor: 1.782e-01)
  Residual norms for GMRES solve
  0 (restart 0) KSP residual norm 2.612935e-01
  1 (restart 0) KSP residual norm 2.433665e-02
  2 (restart 0) KSP residual norm 2.410474e-03
  3 (restart 0) KSP residual norm 3.932706e-04
  4 (restart 0) KSP residual norm 7.672419e-05
  5 (restart 0) KSP residual norm 1.411758e-05
  6 (restart 0) KSP residual norm 2.661511e-06
  7 (restart 0) KSP residual norm 5.270116e-07
  8 (restart 0) KSP residual norm 9.310809e-08
  9 (restart 0) KSP residual norm 1.611016e-08
 10 (restart 0) KSP residual norm 3.080848e-09
 11 (restart 0) KSP residual norm 6.082850e-10
GMRES solver converged in 11 iterations (avg. reduction factor: 1.641e-01)
  Residual norms for GMRES solve
  0 (restart 0) KSP residual norm 3.771914e-01
  1 (restart 0) KSP residual norm 2.630189e-02
  2 (restart 0) KSP residual norm 2.374560e-03
  3 (restart 0) KSP residual norm 3.688238e-04
  4 (restart 0) KSP residual norm 6.275681e-05
  5 (restart 0) KSP residual norm 1.188122e-05
  6 (restart 0) KSP residual norm 2.444386e-06
  7 (restart 0) KSP residual norm 4.938401e-07
  8 (restart 0) KSP residual norm 9.498482e-08
  9 (restart 0) KSP residual norm 1.961978e-08
 10 (restart 0) KSP residual norm 4.370355e-09
 11 (restart 0) KSP residual norm 8.602385e-10
GMRES solver converged in 11 iterations (avg. reduction factor: 1.638e-01)
  Residual norms for GMRES solve
  0 (restart 0) KSP residual norm 2.920248e-01
  1 (restart 0) KSP residual norm 3.033998e-02
  2 (restart 0) KSP residual norm 2.729618e-03
  3 (restart 0) KSP residual norm 4.150722e-04
  4 (restart 0) KSP residual norm 7.786682e-05
  5 (restart 0) KSP residual norm 1.339318e-05
  6 (restart 0) KSP residual norm 2.772488e-06
  7 (restart 0) KSP residual norm 5.738629e-07
  8 (restart 0) KSP residual norm 1.066541e-07
  9 (restart 0) KSP residual norm 2.077286e-08
 10 (restart 0) KSP residual norm 4.440884e-09
 11 (restart 0) KSP residual norm 9.034584e-10
GMRES solver converged in 11 iterations (avg. reduction factor: 1.684e-01)
  Residual norms for GMRES solve
  0 (restart 0) KSP residual norm 2.368012e-01
  1 (restart 0) KSP residual norm 2.961299e-02
  2 (restart 0) KSP residual norm 2.484063e-03
  3 (restart 0) KSP residual norm 3.923917e-04
  4 (restart 0) KSP residual norm 7.655108e-05
  5 (restart 0) KSP residual norm 1.362303e-05
  6 (restart 0) KSP residual norm 2.693169e-06
  7 (restart 0) KSP residual norm 4.917875e-07
  8 (restart 0) KSP residual norm 9.168589e-08
  9 (restart 0) KSP residual norm 1.880833e-08
 10 (restart 0) KSP residual norm 4.186099e-09
 11 (restart 0) KSP residual norm 8.938838e-10
GMRES solver converged in 11 iterations (avg. reduction factor: 1.715e-01)
  Residual norms for GMRES solve
  0 (restart 0) KSP residual norm 3.016073e-01
  1 (restart 0) KSP residual norm 1.699148e-02
  2 (restart 0) KSP residual norm 1.990704e-03
  3 (restart 0) KSP residual norm 3.147367e-04
  4 (restart 0) KSP residual norm 6.186945e-05
  5 (restart 0) KSP residual norm 1.128314e-05
  6 (restart 0) KSP residual norm 2.409769e-06
  7 (restart 0) KSP residual norm 4.563949e-07
  8 (restart 0) KSP residual norm 9.024720e-08
  9 (restart 0) KSP residual norm 1.948404e-08
 10 (restart 0) KSP residual norm 3.938258e-09
 11 (restart 0) KSP residual norm 8.700691e-10
GMRES solver converged in 11 iterations (avg. reduction factor: 1.674e-01)
  Residual norms for GMRES solve
  0 (restart 0) KSP residual norm 2.569014e-01
  1 (restart 0) KSP residual norm 1.630692e-02
  2 (restart 0) KSP residual norm 2.054630e-03
  3 (restart 0) KSP residual norm 3.526736e-04
  4 (restart 0) KSP residual norm 7.010202e-05
  5 (restart 0) KSP residual norm 1.281553e-05
  6 (restart 0) KSP residual norm 2.644656e-06
  7 (restart 0) KSP residual norm 4.690832e-07
  8 (restart 0) KSP residual norm 9.025329e-08
  9 (restart 0) KSP residual norm 1.732211e-08
 10 (restart 0) KSP residual norm 3.414648e-09
 11 (restart 0) KSP residual norm 7.301612e-10
GMRES solver converged in 11 iterations (avg. reduction factor: 1.671e-01)
  Residual norms for GMRES solve
  0 (restart 0) KSP residual norm 2.141929e-01
  1 (restart 0) KSP residual norm 2.391308e-02
  2 (restart 0) KSP residual norm 2.312575e-03
  3 (restart 0) KSP residual norm 3.872685e-04
  4 (restart 0) KSP residual norm 7.985294e-05
  5 (restart 0) KSP residual norm 1.601783e-05
  6 (restart 0) KSP residual norm 3.575076e-06
  7 (restart 0) KSP residual norm 7.201670e-07
  8 (restart 0) KSP residual norm 1.466239e-07
  9 (restart 0) KSP residual norm 2.992792e-08
 10 (restart 0) KSP residual norm 6.091494e-09
 11 (restart 0) KSP residual norm 1.146609e-09
GMRES solver converged in 11 iterations (avg. reduction factor: 1.770e-01)
  Residual norms for GMRES solve
  0 (restart 0) KSP residual norm 5.187117e-01
  1 (restart 0) KSP residual norm 1.901299e-02
  2 (restart 0) KSP residual norm 2.035082e-03
  3 (restart 0) KSP residual norm 3.122105e-04
  4 (restart 0) KSP residual norm 5.487993e-05
  5 (restart 0) KSP residual norm 1.068744e-05
  6 (restart 0) KSP residual norm 2.171103e-06
  7 (restart 0) KSP residual norm 4.329820e-07
  8 (restart 0) KSP residual norm 8.225787e-08
  9 (restart 0) KSP residual norm 1.770040e-08
 10 (restart 0) KSP residual norm 3.770312e-09
GMRES solver converged in 10 iterations (avg. reduction factor: 1.535e-01)
  Residual norms for GMRES solve
  0 (restart 0) KSP residual norm 1.830253e-01
  1 (restart 0) KSP residual norm 2.083262e-02
  2 (restart 0) KSP residual norm 2.175144e-03
  3 (restart 0) KSP residual norm 3.741828e-04
  4 (restart 0) KSP residual norm 7.698679e-05
  5 (restart 0) KSP residual norm 1.490687e-05
  6 (restart 0) KSP residual norm 3.201465e-06
  7 (restart 0) KSP residual norm 6.868510e-07
  8 (restart 0) KSP residual norm 1.406159e-07
  9 (restart 0) KSP residual norm 2.820372e-08
 10 (restart 0) KSP residual norm 5.243595e-09
 11 (restart 0) KSP residual norm 1.049762e-09
GMRES solver converged in 11 iterations (avg. reduction factor: 1.781e-01)
  Residual norms for GMRES solve
  0 (restart 0) KSP residual norm 3.796726e-01
  1 (restart 0) KSP residual norm 2.127620e-02
  2 (restart 0) KSP residual norm 2.203465e-03
  3 (restart 0) KSP residual norm 3.418666e-04
  4 (restart 0) KSP residual norm 6.594528e-05
  5 (restart 0) KSP residual norm 1.217770e-05
  6 (restart 0) KSP residual norm 2.421622e-06
  7 (restart 0) KSP residual norm 4.655288e-07
  8 (restart 0) KSP residual norm 8.262191e-08
  9 (restart 0) KSP residual norm 1.587054e-08
 10 (restart 0) KSP residual norm 3.090513e-09
GMRES solver converged in 10 iterations (avg. reduction factor: 1.553e-01)
  1 EPS nconv=10 first unconverged value (error) 0.00595667+4.31998e-10i (7.90324572e-06)
  Residual norms for GMRES solve
  0 (restart 0) KSP residual norm 6.101722e-01
  1 (restart 0) KSP residual norm 2.407816e-02
  2 (restart 0) KSP residual norm 2.388486e-03
  3 (restart 0) KSP residual norm 3.542488e-04
  4 (restart 0) KSP residual norm 6.649316e-05
  5 (restart 0) KSP residual norm 1.174476e-05
  6 (restart 0) KSP residual norm 2.284808e-06
  7 (restart 0) KSP residual norm 4.800365e-07
  8 (restart 0) KSP residual norm 9.945315e-08
  9 (restart 0) KSP residual norm 2.115636e-08
 10 (restart 0) KSP residual norm 4.373278e-09
GMRES solver converged in 10 iterations (avg. reduction factor: 1.533e-01)
  Residual norms for GMRES solve
  0 (restart 0) KSP residual norm 1.624900e-01
  1 (restart 0) KSP residual norm 2.177205e-02
  2 (restart 0) KSP residual norm 2.287281e-03
  3 (restart 0) KSP residual norm 3.219746e-04
  4 (restart 0) KSP residual norm 6.459770e-05
  5 (restart 0) KSP residual norm 1.087930e-05
  6 (restart 0) KSP residual norm 2.290742e-06
  7 (restart 0) KSP residual norm 5.042831e-07
  8 (restart 0) KSP residual norm 1.006233e-07
  9 (restart 0) KSP residual norm 2.145762e-08
 10 (restart 0) KSP residual norm 4.304391e-09
 11 (restart 0) KSP residual norm 8.308831e-10
GMRES solver converged in 11 iterations (avg. reduction factor: 1.763e-01)
  Residual norms for GMRES solve
  0 (restart 0) KSP residual norm 4.265645e-01
  1 (restart 0) KSP residual norm 2.327888e-02
  2 (restart 0) KSP residual norm 2.356212e-03
  3 (restart 0) KSP residual norm 3.239676e-04
  4 (restart 0) KSP residual norm 6.391312e-05
  5 (restart 0) KSP residual norm 1.102798e-05
  6 (restart 0) KSP residual norm 2.166331e-06
  7 (restart 0) KSP residual norm 4.381290e-07
  8 (restart 0) KSP residual norm 7.889777e-08
  9 (restart 0) KSP residual norm 1.479728e-08
 10 (restart 0) KSP residual norm 2.651866e-09
GMRES solver converged in 10 iterations (avg. reduction factor: 1.511e-01)
  Residual norms for GMRES solve
  0 (restart 0) KSP residual norm 5.152944e-01
  1 (restart 0) KSP residual norm 2.309046e-02
  2 (restart 0) KSP residual norm 2.299311e-03
  3 (restart 0) KSP residual norm 3.611065e-04
  4 (restart 0) KSP residual norm 6.892265e-05
  5 (restart 0) KSP residual norm 1.228716e-05
  6 (restart 0) KSP residual norm 2.464741e-06
  7 (restart 0) KSP residual norm 5.041996e-07
  8 (restart 0) KSP residual norm 1.120400e-07
  9 (restart 0) KSP residual norm 2.276249e-08
 10 (restart 0) KSP residual norm 4.259680e-09
GMRES solver converged in 10 iterations (avg. reduction factor: 1.555e-01)
  Residual norms for GMRES solve
  0 (restart 0) KSP residual norm 3.864493e-01
  1 (restart 0) KSP residual norm 1.975257e-02
  2 (restart 0) KSP residual norm 1.939404e-03
  3 (restart 0) KSP residual norm 3.205567e-04
  4 (restart 0) KSP residual norm 5.988922e-05
  5 (restart 0) KSP residual norm 1.168661e-05
  6 (restart 0) KSP residual norm 2.319410e-06
  7 (restart 0) KSP residual norm 4.584432e-07
  8 (restart 0) KSP residual norm 1.007025e-07
  9 (restart 0) KSP residual norm 1.984327e-08
 10 (restart 0) KSP residual norm 4.316372e-09
 11 (restart 0) KSP residual norm 7.747979e-10
GMRES solver converged in 11 iterations (avg. reduction factor: 1.619e-01)
  Residual norms for GMRES solve
  0 (restart 0) KSP residual norm 1.544927e-01
  1 (restart 0) KSP residual norm 1.853997e-02
  2 (restart 0) KSP residual norm 2.268502e-03
  3 (restart 0) KSP residual norm 3.720756e-04
  4 (restart 0) KSP residual norm 6.849472e-05
  5 (restart 0) KSP residual norm 1.310144e-05
  6 (restart 0) KSP residual norm 2.778846e-06
  7 (restart 0) KSP residual norm 5.910523e-07
  8 (restart 0) KSP residual norm 1.252053e-07
  9 (restart 0) KSP residual norm 2.533774e-08
 10 (restart 0) KSP residual norm 5.214141e-09
 11 (restart 0) KSP residual norm 9.847613e-10
GMRES solver converged in 11 iterations (avg. reduction factor: 1.799e-01)
  Residual norms for GMRES solve
  0 (restart 0) KSP residual norm 1.709039e-01
  1 (restart 0) KSP residual norm 2.422206e-02
  2 (restart 0) KSP residual norm 2.379217e-03
  3 (restart 0) KSP residual norm 3.467006e-04
  4 (restart 0) KSP residual norm 6.583612e-05
  5 (restart 0) KSP residual norm 1.368229e-05
  6 (restart 0) KSP residual norm 2.885897e-06
  7 (restart 0) KSP residual norm 6.325647e-07
  8 (restart 0) KSP residual norm 1.255624e-07
  9 (restart 0) KSP residual norm 2.450906e-08
 10 (restart 0) KSP residual norm 4.905073e-09
 11 (restart 0) KSP residual norm 9.527466e-10
GMRES solver converged in 11 iterations (avg. reduction factor: 1.777e-01)
  Residual norms for GMRES solve
  0 (restart 0) KSP residual norm 3.504130e-01
  1 (restart 0) KSP residual norm 1.774100e-02
  2 (restart 0) KSP residual norm 2.149684e-03
  3 (restart 0) KSP residual norm 3.658786e-04
  4 (restart 0) KSP residual norm 7.860661e-05
  5 (restart 0) KSP residual norm 1.447089e-05
  6 (restart 0) KSP residual norm 2.849808e-06
  7 (restart 0) KSP residual norm 5.707268e-07
  8 (restart 0) KSP residual norm 1.188981e-07
  9 (restart 0) KSP residual norm 2.721055e-08
 10 (restart 0) KSP residual norm 5.429436e-09
 11 (restart 0) KSP residual norm 1.046398e-09
GMRES solver converged in 11 iterations (avg. reduction factor: 1.679e-01)
  Residual norms for GMRES solve
  0 (restart 0) KSP residual norm 2.311996e-01
  1 (restart 0) KSP residual norm 1.552534e-02
  2 (restart 0) KSP residual norm 2.087599e-03
  3 (restart 0) KSP residual norm 3.739157e-04
  4 (restart 0) KSP residual norm 7.475323e-05
  5 (restart 0) KSP residual norm 1.467974e-05
  6 (restart 0) KSP residual norm 2.948492e-06
  7 (restart 0) KSP residual norm 6.078537e-07
  8 (restart 0) KSP residual norm 1.297650e-07
  9 (restart 0) KSP residual norm 2.746407e-08
 10 (restart 0) KSP residual norm 5.330921e-09
 11 (restart 0) KSP residual norm 1.082193e-09
GMRES solver converged in 11 iterations (avg. reduction factor: 1.749e-01)
  Residual norms for GMRES solve
  0 (restart 0) KSP residual norm 2.305541e-01
  1 (restart 0) KSP residual norm 1.500772e-02
  2 (restart 0) KSP residual norm 2.002885e-03
  3 (restart 0) KSP residual norm 3.622270e-04
  4 (restart 0) KSP residual norm 6.921251e-05
  5 (restart 0) KSP residual norm 1.266552e-05
  6 (restart 0) KSP residual norm 2.702895e-06
  7 (restart 0) KSP residual norm 5.941021e-07
  8 (restart 0) KSP residual norm 1.249416e-07
  9 (restart 0) KSP residual norm 2.406962e-08
 10 (restart 0) KSP residual norm 4.512392e-09
 11 (restart 0) KSP residual norm 8.419742e-10
GMRES solver converged in 11 iterations (avg. reduction factor: 1.710e-01)
  Residual norms for GMRES solve
  0 (restart 0) KSP residual norm 2.177945e-01
  1 (restart 0) KSP residual norm 1.383085e-02
  2 (restart 0) KSP residual norm 1.785073e-03
  3 (restart 0) KSP residual norm 3.066074e-04
  4 (restart 0) KSP residual norm 5.852102e-05
  5 (restart 0) KSP residual norm 1.141143e-05
  6 (restart 0) KSP residual norm 2.207453e-06
  7 (restart 0) KSP residual norm 4.620756e-07
  8 (restart 0) KSP residual norm 9.399995e-08
  9 (restart 0) KSP residual norm 1.998477e-08
 10 (restart 0) KSP residual norm 4.108700e-09
 11 (restart 0) KSP residual norm 8.863464e-10
GMRES solver converged in 11 iterations (avg. reduction factor: 1.727e-01)
  Residual norms for GMRES solve
  0 (restart 0) KSP residual norm 1.396824e-01
  1 (restart 0) KSP residual norm 2.079872e-02
  2 (restart 0) KSP residual norm 2.525363e-03
  3 (restart 0) KSP residual norm 4.141304e-04
  4 (restart 0) KSP residual norm 7.938375e-05
  5 (restart 0) KSP residual norm 1.493635e-05
  6 (restart 0) KSP residual norm 3.064629e-06
  7 (restart 0) KSP residual norm 6.037563e-07
  8 (restart 0) KSP residual norm 1.138639e-07
  9 (restart 0) KSP residual norm 2.549872e-08
 10 (restart 0) KSP residual norm 5.225520e-09
 11 (restart 0) KSP residual norm 1.134045e-09
GMRES solver converged in 11 iterations (avg. reduction factor: 1.839e-01)
  Residual norms for GMRES solve
  0 (restart 0) KSP residual norm 3.000446e-01
  1 (restart 0) KSP residual norm 2.453031e-02
  2 (restart 0) KSP residual norm 2.683010e-03
  3 (restart 0) KSP residual norm 4.054076e-04
  4 (restart 0) KSP residual norm 7.827677e-05
  5 (restart 0) KSP residual norm 1.471223e-05
  6 (restart 0) KSP residual norm 3.212203e-06
  7 (restart 0) KSP residual norm 7.075374e-07
  8 (restart 0) KSP residual norm 1.430521e-07
  9 (restart 0) KSP residual norm 2.922749e-08
 10 (restart 0) KSP residual norm 5.261345e-09
 11 (restart 0) KSP residual norm 9.533549e-10
GMRES solver converged in 11 iterations (avg. reduction factor: 1.688e-01)
  Residual norms for GMRES solve
  0 (restart 0) KSP residual norm 1.433424e-01
  1 (restart 0) KSP residual norm 1.893474e-02
  2 (restart 0) KSP residual norm 2.230924e-03
  3 (restart 0) KSP residual norm 3.961043e-04
  4 (restart 0) KSP residual norm 8.401311e-05
  5 (restart 0) KSP residual norm 1.555455e-05
  6 (restart 0) KSP residual norm 3.253913e-06
  7 (restart 0) KSP residual norm 6.778731e-07
  8 (restart 0) KSP residual norm 1.448012e-07
  9 (restart 0) KSP residual norm 2.943183e-08
 10 (restart 0) KSP residual norm 5.808875e-09
 11 (restart 0) KSP residual norm 1.099804e-09
GMRES solver converged in 11 iterations (avg. reduction factor: 1.829e-01)
  Residual norms for GMRES solve
  0 (restart 0) KSP residual norm 6.413785e-02
  1 (restart 0) KSP residual norm 1.347417e-02
  2 (restart 0) KSP residual norm 1.946639e-03
  3 (restart 0) KSP residual norm 3.532633e-04
  4 (restart 0) KSP residual norm 6.929961e-05
  5 (restart 0) KSP residual norm 1.484157e-05
  6 (restart 0) KSP residual norm 3.380910e-06
  7 (restart 0) KSP residual norm 6.718712e-07
  8 (restart 0) KSP residual norm 1.448272e-07
  9 (restart 0) KSP residual norm 2.521750e-08
 10 (restart 0) KSP residual norm 4.710734e-09
 11 (restart 0) KSP residual norm 8.463361e-10
 12 (restart 0) KSP residual norm 1.640221e-10
GMRES solver converged in 12 iterations (avg. reduction factor: 1.923e-01)
  Residual norms for GMRES solve
  0 (restart 0) KSP residual norm 4.366964e-01
  1 (restart 0) KSP residual norm 1.491508e-02
  2 (restart 0) KSP residual norm 1.980805e-03
  3 (restart 0) KSP residual norm 3.505777e-04
  4 (restart 0) KSP residual norm 6.586153e-05
  5 (restart 0) KSP residual norm 1.211345e-05
  6 (restart 0) KSP residual norm 2.535534e-06
  7 (restart 0) KSP residual norm 5.156928e-07
  8 (restart 0) KSP residual norm 1.122755e-07
  9 (restart 0) KSP residual norm 2.231630e-08
 10 (restart 0) KSP residual norm 4.708825e-09
 11 (restart 0) KSP residual norm 9.906467e-10
GMRES solver converged in 11 iterations (avg. reduction factor: 1.637e-01)
  Residual norms for GMRES solve
  0 (restart 0) KSP residual norm 4.414628e-01
  1 (restart 0) KSP residual norm 1.455790e-02
  2 (restart 0) KSP residual norm 1.895000e-03
  3 (restart 0) KSP residual norm 3.519906e-04
  4 (restart 0) KSP residual norm 6.951821e-05
  5 (restart 0) KSP residual norm 1.259677e-05
  6 (restart 0) KSP residual norm 2.530181e-06
  7 (restart 0) KSP residual norm 5.613316e-07
  8 (restart 0) KSP residual norm 1.142753e-07
  9 (restart 0) KSP residual norm 2.546966e-08
 10 (restart 0) KSP residual norm 4.654591e-09
 11 (restart 0) KSP residual norm 9.402808e-10
GMRES solver converged in 11 iterations (avg. reduction factor: 1.628e-01)
  2 EPS nconv=16 first unconverged value (error) 0.00843969-1.2018e-09i (6.15482738e-06)
  Residual norms for GMRES solve
  0 (restart 0) KSP residual norm 1.538634e-01
  1 (restart 0) KSP residual norm 1.496491e-02
  2 (restart 0) KSP residual norm 2.013415e-03
  3 (restart 0) KSP residual norm 3.429589e-04
  4 (restart 0) KSP residual norm 6.863452e-05
  5 (restart 0) KSP residual norm 1.298062e-05
  6 (restart 0) KSP residual norm 2.577320e-06
  7 (restart 0) KSP residual norm 5.168564e-07
  8 (restart 0) KSP residual norm 1.109733e-07
  9 (restart 0) KSP residual norm 2.405448e-08
 10 (restart 0) KSP residual norm 4.874174e-09
 11 (restart 0) KSP residual norm 9.755306e-10
GMRES solver converged in 11 iterations (avg. reduction factor: 1.798e-01)
  Residual norms for GMRES solve
  0 (restart 0) KSP residual norm 2.846709e-01
  1 (restart 0) KSP residual norm 1.741768e-02
  2 (restart 0) KSP residual norm 2.085188e-03
  3 (restart 0) KSP residual norm 3.628595e-04
  4 (restart 0) KSP residual norm 7.805631e-05
  5 (restart 0) KSP residual norm 1.502710e-05
  6 (restart 0) KSP residual norm 3.189199e-06
  7 (restart 0) KSP residual norm 6.395493e-07
  8 (restart 0) KSP residual norm 1.406108e-07
  9 (restart 0) KSP residual norm 2.750803e-08
 10 (restart 0) KSP residual norm 5.045621e-09
 11 (restart 0) KSP residual norm 9.884918e-10
GMRES solver converged in 11 iterations (avg. reduction factor: 1.702e-01)
  Residual norms for GMRES solve
  0 (restart 0) KSP residual norm 1.641646e-01
  1 (restart 0) KSP residual norm 2.070319e-02
  2 (restart 0) KSP residual norm 2.368214e-03
  3 (restart 0) KSP residual norm 4.051616e-04
  4 (restart 0) KSP residual norm 8.528427e-05
  5 (restart 0) KSP residual norm 1.519384e-05
  6 (restart 0) KSP residual norm 3.245216e-06
  7 (restart 0) KSP residual norm 6.640255e-07
  8 (restart 0) KSP residual norm 1.490071e-07
  9 (restart 0) KSP residual norm 3.036420e-08
 10 (restart 0) KSP residual norm 5.646129e-09
 11 (restart 0) KSP residual norm 1.164598e-09
GMRES solver converged in 11 iterations (avg. reduction factor: 1.816e-01)
  Residual norms for GMRES solve
  0 (restart 0) KSP residual norm 5.204737e-01
  1 (restart 0) KSP residual norm 2.202796e-02
  2 (restart 0) KSP residual norm 2.736396e-03
  3 (restart 0) KSP residual norm 4.663235e-04
  4 (restart 0) KSP residual norm 9.869809e-05
  5 (restart 0) KSP residual norm 1.664405e-05
  6 (restart 0) KSP residual norm 3.372702e-06
  7 (restart 0) KSP residual norm 6.636244e-07
  8 (restart 0) KSP residual norm 1.483568e-07
  9 (restart 0) KSP residual norm 3.064256e-08
 10 (restart 0) KSP residual norm 6.314773e-09
 11 (restart 0) KSP residual norm 1.316104e-09
GMRES solver converged in 11 iterations (avg. reduction factor: 1.654e-01)
  Residual norms for GMRES solve
  0 (restart 0) KSP residual norm 2.685249e-01
  1 (restart 0) KSP residual norm 1.876817e-02
  2 (restart 0) KSP residual norm 2.358156e-03
  3 (restart 0) KSP residual norm 4.243620e-04
  4 (restart 0) KSP residual norm 8.227784e-05
  5 (restart 0) KSP residual norm 1.684158e-05
  6 (restart 0) KSP residual norm 3.757573e-06
  7 (restart 0) KSP residual norm 7.821278e-07
  8 (restart 0) KSP residual norm 1.520007e-07
  9 (restart 0) KSP residual norm 2.885980e-08
 10 (restart 0) KSP residual norm 5.451658e-09
 11 (restart 0) KSP residual norm 1.080219e-09
GMRES solver converged in 11 iterations (avg. reduction factor: 1.725e-01)
  Residual norms for GMRES solve
  0 (restart 0) KSP residual norm 2.856390e-01
  1 (restart 0) KSP residual norm 1.503300e-02
  2 (restart 0) KSP residual norm 1.937344e-03
  3 (restart 0) KSP residual norm 3.566594e-04
  4 (restart 0) KSP residual norm 7.246554e-05
  5 (restart 0) KSP residual norm 1.491679e-05
  6 (restart 0) KSP residual norm 3.075075e-06
  7 (restart 0) KSP residual norm 6.155024e-07
  8 (restart 0) KSP residual norm 1.308465e-07
  9 (restart 0) KSP residual norm 2.600179e-08
 10 (restart 0) KSP residual norm 4.905370e-09
 11 (restart 0) KSP residual norm 9.893668e-10
GMRES solver converged in 11 iterations (avg. reduction factor: 1.702e-01)
  Residual norms for GMRES solve
  0 (restart 0) KSP residual norm 2.775367e-01
  1 (restart 0) KSP residual norm 1.489421e-02
  2 (restart 0) KSP residual norm 1.965312e-03
  3 (restart 0) KSP residual norm 3.601198e-04
  4 (restart 0) KSP residual norm 7.470631e-05
  5 (restart 0) KSP residual norm 1.523495e-05
  6 (restart 0) KSP residual norm 3.182003e-06
  7 (restart 0) KSP residual norm 6.822148e-07
  8 (restart 0) KSP residual norm 1.346254e-07
  9 (restart 0) KSP residual norm 2.578553e-08
 10 (restart 0) KSP residual norm 4.534925e-09
 11 (restart 0) KSP residual norm 8.095126e-10
GMRES solver converged in 11 iterations (avg. reduction factor: 1.675e-01)
  Residual norms for GMRES solve
  0 (restart 0) KSP residual norm 4.019380e-01
  1 (restart 0) KSP residual norm 1.388994e-02
  2 (restart 0) KSP residual norm 1.866513e-03
  3 (restart 0) KSP residual norm 3.404298e-04
  4 (restart 0) KSP residual norm 7.346024e-05
  5 (restart 0) KSP residual norm 1.423398e-05
  6 (restart 0) KSP residual norm 2.599939e-06
  7 (restart 0) KSP residual norm 5.636521e-07
  8 (restart 0) KSP residual norm 1.268701e-07
  9 (restart 0) KSP residual norm 2.598215e-08
 10 (restart 0) KSP residual norm 4.938291e-09
 11 (restart 0) KSP residual norm 9.589423e-10
GMRES solver converged in 11 iterations (avg. reduction factor: 1.645e-01)
  Residual norms for GMRES solve
  0 (restart 0) KSP residual norm 4.866494e-01
  1 (restart 0) KSP residual norm 1.420624e-02
  2 (restart 0) KSP residual norm 1.845221e-03
  3 (restart 0) KSP residual norm 3.207298e-04
  4 (restart 0) KSP residual norm 6.890113e-05
  5 (restart 0) KSP residual norm 1.347704e-05
  6 (restart 0) KSP residual norm 2.753146e-06
  7 (restart 0) KSP residual norm 5.911640e-07
  8 (restart 0) KSP residual norm 1.160123e-07
  9 (restart 0) KSP residual norm 2.386556e-08
 10 (restart 0) KSP residual norm 4.853914e-09
GMRES solver converged in 10 iterations (avg. reduction factor: 1.584e-01)
  Residual norms for GMRES solve
  0 (restart 0) KSP residual norm 3.007142e-01
  1 (restart 0) KSP residual norm 1.639491e-02
  2 (restart 0) KSP residual norm 2.196768e-03
  3 (restart 0) KSP residual norm 4.088935e-04
  4 (restart 0) KSP residual norm 8.266706e-05
  5 (restart 0) KSP residual norm 1.681123e-05
  6 (restart 0) KSP residual norm 3.585869e-06
  7 (restart 0) KSP residual norm 7.702326e-07
  8 (restart 0) KSP residual norm 1.551789e-07
  9 (restart 0) KSP residual norm 2.902906e-08
 10 (restart 0) KSP residual norm 5.531069e-09
 11 (restart 0) KSP residual norm 1.060584e-09
GMRES solver converged in 11 iterations (avg. reduction factor: 1.704e-01)
  Residual norms for GMRES solve
  0 (restart 0) KSP residual norm 5.187558e-01
  1 (restart 0) KSP residual norm 1.539867e-02
  2 (restart 0) KSP residual norm 2.095384e-03
  3 (restart 0) KSP residual norm 3.835346e-04
  4 (restart 0) KSP residual norm 7.151355e-05
  5 (restart 0) KSP residual norm 1.407916e-05
  6 (restart 0) KSP residual norm 2.845269e-06
  7 (restart 0) KSP residual norm 5.641698e-07
  8 (restart 0) KSP residual norm 1.197426e-07
  9 (restart 0) KSP residual norm 2.706981e-08
 10 (restart 0) KSP residual norm 5.363822e-09
 11 (restart 0) KSP residual norm 1.065733e-09
GMRES solver converged in 11 iterations (avg. reduction factor: 1.623e-01)
  Residual norms for GMRES solve
  0 (restart 0) KSP residual norm 1.912511e-01
  1 (restart 0) KSP residual norm 1.390139e-02
  2 (restart 0) KSP residual norm 1.824864e-03
  3 (restart 0) KSP residual norm 3.096170e-04
  4 (restart 0) KSP residual norm 5.362384e-05
  5 (restart 0) KSP residual norm 1.111497e-05
  6 (restart 0) KSP residual norm 2.149212e-06
  7 (restart 0) KSP residual norm 4.670992e-07
  8 (restart 0) KSP residual norm 1.000487e-07
  9 (restart 0) KSP residual norm 2.092276e-08
 10 (restart 0) KSP residual norm 4.036901e-09
 11 (restart 0) KSP residual norm 7.724244e-10
GMRES solver converged in 11 iterations (avg. reduction factor: 1.726e-01)
  Residual norms for GMRES solve
  0 (restart 0) KSP residual norm 1.420309e-01
  1 (restart 0) KSP residual norm 1.318805e-02
  2 (restart 0) KSP residual norm 2.058903e-03
  3 (restart 0) KSP residual norm 3.686013e-04
  4 (restart 0) KSP residual norm 6.959818e-05
  5 (restart 0) KSP residual norm 1.338162e-05
  6 (restart 0) KSP residual norm 2.607493e-06
  7 (restart 0) KSP residual norm 5.689710e-07
  8 (restart 0) KSP residual norm 1.201515e-07
  9 (restart 0) KSP residual norm 2.537963e-08
 10 (restart 0) KSP residual norm 4.985946e-09
 11 (restart 0) KSP residual norm 9.719614e-10
GMRES solver converged in 11 iterations (avg. reduction factor: 1.810e-01)
  Residual norms for GMRES solve
  0 (restart 0) KSP residual norm 1.194732e-01
  1 (restart 0) KSP residual norm 1.618677e-02
  2 (restart 0) KSP residual norm 2.348704e-03
  3 (restart 0) KSP residual norm 3.863063e-04
  4 (restart 0) KSP residual norm 7.622494e-05
  5 (restart 0) KSP residual norm 1.400961e-05
  6 (restart 0) KSP residual norm 2.676403e-06
  7 (restart 0) KSP residual norm 5.294816e-07
  8 (restart 0) KSP residual norm 1.053126e-07
  9 (restart 0) KSP residual norm 2.306442e-08
 10 (restart 0) KSP residual norm 4.727251e-09
 11 (restart 0) KSP residual norm 1.005386e-09
GMRES solver converged in 11 iterations (avg. reduction factor: 1.845e-01)
  3 EPS nconv=20 first unconverged value (error) 0.00885567-8.6088e-14i (3.70389917e-08)
  Residual norms for GMRES solve
  0 (restart 0) KSP residual norm 1.743039e-01
  1 (restart 0) KSP residual norm 1.473561e-02
  2 (restart 0) KSP residual norm 2.111421e-03
  3 (restart 0) KSP residual norm 3.401992e-04
  4 (restart 0) KSP residual norm 6.606763e-05
  5 (restart 0) KSP residual norm 1.266657e-05
  6 (restart 0) KSP residual norm 2.821850e-06
  7 (restart 0) KSP residual norm 5.706441e-07
  8 (restart 0) KSP residual norm 1.243168e-07
  9 (restart 0) KSP residual norm 2.409835e-08
 10 (restart 0) KSP residual norm 5.012601e-09
 11 (restart 0) KSP residual norm 1.022348e-09
GMRES solver converged in 11 iterations (avg. reduction factor: 1.785e-01)
  Residual norms for GMRES solve
  0 (restart 0) KSP residual norm 2.169437e-01
  1 (restart 0) KSP residual norm 1.466201e-02
  2 (restart 0) KSP residual norm 2.080794e-03
  3 (restart 0) KSP residual norm 2.880357e-04
  4 (restart 0) KSP residual norm 5.574346e-05
  5 (restart 0) KSP residual norm 1.107112e-05
  6 (restart 0) KSP residual norm 2.391841e-06
  7 (restart 0) KSP residual norm 4.923532e-07
  8 (restart 0) KSP residual norm 1.011793e-07
  9 (restart 0) KSP residual norm 2.214670e-08
 10 (restart 0) KSP residual norm 4.278306e-09
 11 (restart 0) KSP residual norm 7.878862e-10
GMRES solver converged in 11 iterations (avg. reduction factor: 1.709e-01)
  Residual norms for GMRES solve
  0 (restart 0) KSP residual norm 1.138123e-01
  1 (restart 0) KSP residual norm 1.471536e-02
  2 (restart 0) KSP residual norm 2.153838e-03
  3 (restart 0) KSP residual norm 3.366994e-04
  4 (restart 0) KSP residual norm 6.761206e-05
  5 (restart 0) KSP residual norm 1.253303e-05
  6 (restart 0) KSP residual norm 2.308197e-06
  7 (restart 0) KSP residual norm 4.512966e-07
  8 (restart 0) KSP residual norm 8.525067e-08
  9 (restart 0) KSP residual norm 1.890636e-08
 10 (restart 0) KSP residual norm 3.857727e-09
 11 (restart 0) KSP residual norm 8.236562e-10
GMRES solver converged in 11 iterations (avg. reduction factor: 1.820e-01)
  Residual norms for GMRES solve
  0 (restart 0) KSP residual norm 1.193792e-01
  1 (restart 0) KSP residual norm 1.563046e-02
  2 (restart 0) KSP residual norm 1.890387e-03
  3 (restart 0) KSP residual norm 2.901326e-04
  4 (restart 0) KSP residual norm 5.305763e-05
  5 (restart 0) KSP residual norm 1.151293e-05
  6 (restart 0) KSP residual norm 2.473281e-06
  7 (restart 0) KSP residual norm 5.212569e-07
  8 (restart 0) KSP residual norm 1.059238e-07
  9 (restart 0) KSP residual norm 2.300286e-08
 10 (restart 0) KSP residual norm 4.413195e-09
 11 (restart 0) KSP residual norm 8.496742e-10
GMRES solver converged in 11 iterations (avg. reduction factor: 1.817e-01)
  Residual norms for GMRES solve
  0 (restart 0) KSP residual norm 2.016763e-01
  1 (restart 0) KSP residual norm 1.315428e-02
  2 (restart 0) KSP residual norm 1.779984e-03
  3 (restart 0) KSP residual norm 3.296371e-04
  4 (restart 0) KSP residual norm 6.556841e-05
  5 (restart 0) KSP residual norm 1.243139e-05
  6 (restart 0) KSP residual norm 2.575742e-06
  7 (restart 0) KSP residual norm 5.370244e-07
  8 (restart 0) KSP residual norm 1.173428e-07
  9 (restart 0) KSP residual norm 2.569946e-08
 10 (restart 0) KSP residual norm 5.037630e-09
 11 (restart 0) KSP residual norm 9.575689e-10
GMRES solver converged in 11 iterations (avg. reduction factor: 1.751e-01)
  Residual norms for GMRES solve
  0 (restart 0) KSP residual norm 2.672885e-01
  1 (restart 0) KSP residual norm 1.469382e-02
  2 (restart 0) KSP residual norm 2.109094e-03
  3 (restart 0) KSP residual norm 3.870774e-04
  4 (restart 0) KSP residual norm 8.062252e-05
  5 (restart 0) KSP residual norm 1.600529e-05
  6 (restart 0) KSP residual norm 3.379401e-06
  7 (restart 0) KSP residual norm 7.413144e-07
  8 (restart 0) KSP residual norm 1.498452e-07
  9 (restart 0) KSP residual norm 2.971189e-08
 10 (restart 0) KSP residual norm 5.367532e-09
 11 (restart 0) KSP residual norm 1.073974e-09
GMRES solver converged in 11 iterations (avg. reduction factor: 1.725e-01)
  Residual norms for GMRES solve
  0 (restart 0) KSP residual norm 2.963920e-01
  1 (restart 0) KSP residual norm 1.486351e-02
  2 (restart 0) KSP residual norm 2.044474e-03
  3 (restart 0) KSP residual norm 3.626412e-04
  4 (restart 0) KSP residual norm 7.438809e-05
  5 (restart 0) KSP residual norm 1.517838e-05
  6 (restart 0) KSP residual norm 3.093801e-06
  7 (restart 0) KSP residual norm 6.799442e-07
  8 (restart 0) KSP residual norm 1.223614e-07
  9 (restart 0) KSP residual norm 2.397748e-08
 10 (restart 0) KSP residual norm 4.593128e-09
 11 (restart 0) KSP residual norm 8.418804e-10
GMRES solver converged in 11 iterations (avg. reduction factor: 1.671e-01)
  Residual norms for GMRES solve
  0 (restart 0) KSP residual norm 1.047606e-01
  1 (restart 0) KSP residual norm 1.432105e-02
  2 (restart 0) KSP residual norm 1.899239e-03
  3 (restart 0) KSP residual norm 3.279643e-04
  4 (restart 0) KSP residual norm 6.536269e-05
  5 (restart 0) KSP residual norm 1.252698e-05
  6 (restart 0) KSP residual norm 2.431294e-06
  7 (restart 0) KSP residual norm 5.134095e-07
  8 (restart 0) KSP residual norm 1.007587e-07
  9 (restart 0) KSP residual norm 2.160207e-08
 10 (restart 0) KSP residual norm 4.428443e-09
 11 (restart 0) KSP residual norm 8.950562e-10
GMRES solver converged in 11 iterations (avg. reduction factor: 1.847e-01)
  Residual norms for GMRES solve
  0 (restart 0) KSP residual norm 3.002083e-01
  1 (restart 0) KSP residual norm 1.302292e-02
  2 (restart 0) KSP residual norm 1.827813e-03
  3 (restart 0) KSP residual norm 3.169676e-04
  4 (restart 0) KSP residual norm 5.973057e-05
  5 (restart 0) KSP residual norm 1.206457e-05
  6 (restart 0) KSP residual norm 2.442843e-06
  7 (restart 0) KSP residual norm 5.367284e-07
  8 (restart 0) KSP residual norm 1.066423e-07
  9 (restart 0) KSP residual norm 2.195652e-08
 10 (restart 0) KSP residual norm 4.031470e-09
 11 (restart 0) KSP residual norm 8.161482e-10
GMRES solver converged in 11 iterations (avg. reduction factor: 1.665e-01)
  Residual norms for GMRES solve
  0 (restart 0) KSP residual norm 1.765684e-01
  1 (restart 0) KSP residual norm 1.539226e-02
  2 (restart 0) KSP residual norm 2.031189e-03
  3 (restart 0) KSP residual norm 3.765430e-04
  4 (restart 0) KSP residual norm 7.761898e-05
  5 (restart 0) KSP residual norm 1.472757e-05
  6 (restart 0) KSP residual norm 3.041402e-06
  7 (restart 0) KSP residual norm 5.898103e-07
  8 (restart 0) KSP residual norm 1.274779e-07
  9 (restart 0) KSP residual norm 2.715013e-08
 10 (restart 0) KSP residual norm 5.399484e-09
 11 (restart 0) KSP residual norm 1.081398e-09
GMRES solver converged in 11 iterations (avg. reduction factor: 1.792e-01)
  Residual norms for GMRES solve
  0 (restart 0) KSP residual norm 2.432548e-01
  1 (restart 0) KSP residual norm 1.417023e-02
  2 (restart 0) KSP residual norm 1.896433e-03
  3 (restart 0) KSP residual norm 3.536654e-04
  4 (restart 0) KSP residual norm 7.326806e-05
  5 (restart 0) KSP residual norm 1.423303e-05
  6 (restart 0) KSP residual norm 3.167243e-06
  7 (restart 0) KSP residual norm 6.723541e-07
  8 (restart 0) KSP residual norm 1.382563e-07
  9 (restart 0) KSP residual norm 2.722461e-08
 10 (restart 0) KSP residual norm 4.874946e-09
 11 (restart 0) KSP residual norm 9.322550e-10
GMRES solver converged in 11 iterations (avg. reduction factor: 1.717e-01)
  Residual norms for GMRES solve
  0 (restart 0) KSP residual norm 2.558765e-01
  1 (restart 0) KSP residual norm 1.316532e-02
  2 (restart 0) KSP residual norm 1.772491e-03
  3 (restart 0) KSP residual norm 2.940376e-04
  4 (restart 0) KSP residual norm 5.940433e-05
  5 (restart 0) KSP residual norm 1.028817e-05
  6 (restart 0) KSP residual norm 2.144393e-06
  7 (restart 0) KSP residual norm 4.424197e-07
  8 (restart 0) KSP residual norm 9.915633e-08
  9 (restart 0) KSP residual norm 1.986364e-08
 10 (restart 0) KSP residual norm 3.745806e-09
 11 (restart 0) KSP residual norm 7.634484e-10
GMRES solver converged in 11 iterations (avg. reduction factor: 1.679e-01)
  4 EPS nconv=27 first unconverged value (error) 0.0114428-6.5048e-10i (7.27758336e-06)

 Linear eigensolve converged (27 eigenpairs) due to CONVERGED_TOL; iterations 4
 Total number of linear systems solved: 87
 Total number of linear solver iterations: 938
 Found 27 converged eigenvalues (first = 2.314e+01+6.237e-10i)

Computing solution error estimates and performing postprocessing

     m,        Re{f} (GHz),        Im{f} (GHz),                  Q,      Error (Bkwd.),       Error (Abs.)
     1,      +1.106717e+00,      +1.491266e-11,      +3.710661e+10,      +3.178155e-11,      +1.262632e-07
     2,      +1.763560e+00,      +1.577923e-10,      +5.588233e+09,      +4.117576e-11,      +1.638922e-07
     3,      +1.764075e+00,      -3.004240e-10,      +2.935976e+09,      +4.146900e-11,      +1.650597e-07
     4,      +1.894647e+00,      -1.071322e-09,      +8.842565e+08,      +6.581822e-11,      +2.621017e-07
     5,      +1.894739e+00,      -4.298089e-10,      +2.204165e+09,      +2.075671e-11,      +8.265751e-08
     6,      +2.023251e+00,      -3.913160e-09,      +2.585189e+08,      +1.010872e-10,      +4.027515e-07
     7,      +2.201632e+00,      +1.780331e-09,      +6.183209e+08,      +6.177109e-11,      +2.462927e-07
     8,      +2.203020e+00,      -3.491241e-10,      +3.155066e+09,      +8.817778e-11,      +3.515831e-07
     9,      +2.362993e+00,      +9.009764e-10,      +1.311351e+09,      +1.181552e-10,      +4.714511e-07
    10,      +2.363473e+00,      -8.021038e-10,      +1.473296e+09,      +9.776777e-11,      +3.901040e-07
    11,      +2.443643e+00,      +6.033397e-10,      +2.025097e+09,      +5.220812e-11,      +2.083957e-07
    12,      +2.444133e+00,      -1.287138e-09,      +9.494449e+08,      +6.588273e-11,      +2.629803e-07
    13,      +2.449197e+00,      -6.198168e-10,      +1.975742e+09,      +6.267415e-11,      +2.501790e-07
    14,      +2.540470e+00,      +1.505009e-08,      +8.440051e+07,      +8.056578e-10,      +3.217430e-06
    15,      +2.571659e+00,      +3.790268e-10,      +3.392450e+09,      +5.909439e-11,      +2.360333e-07
    16,      +2.574177e+00,      -6.363866e-10,      +2.022495e+09,      +1.154079e-10,      +4.609653e-07
    17,      +2.908703e+00,      +6.762468e-10,      +2.150622e+09,      +8.665704e-11,      +3.467569e-07
    18,      +2.912719e+00,      +6.176381e-10,      +2.357949e+09,      +1.042863e-10,      +4.173098e-07
    19,      +2.929263e+00,      -2.432708e-09,      +6.020581e+08,      +1.769636e-10,      +7.082016e-07
    20,      +2.946292e+00,      +7.752741e-10,      +1.900162e+09,      +7.083633e-11,      +2.835123e-07
    21,      +2.979524e+00,      +1.751696e-09,      +8.504685e+08,      +9.614517e-11,      +3.848822e-07
    22,      +2.982714e+00,      +2.749233e-09,      +5.424629e+08,      +7.255743e-11,      +2.904628e-07
    23,      +2.983861e+00,      -1.004887e-09,      +1.484675e+09,      +9.345317e-11,      +3.741154e-07
    24,      +2.985687e+00,      +1.536748e-09,      +9.714300e+08,      +6.801851e-11,      +2.722973e-07
    25,      +3.062073e+00,      +4.330389e-09,      +3.535564e+08,      +1.985760e-10,      +7.953188e-07
    26,      +3.224546e+00,      +1.164066e-08,      +1.385035e+08,      +1.620074e-10,      +6.495125e-07
    27,      +3.233419e+00,      +2.465651e-09,      +6.556927e+08,      +1.138306e-10,      +4.563902e-07

Completed 0 iterations of adaptive mesh refinement (AMR):
 Indicator norm = 8.756e-02, global unknowns = 50412
 Max. iterations = 0, tol. = 1.000e-02

Estimated peak per-rank memory usage is: Min. 134.4M, Max. 145.8M, Avg. 138.8M, Total 555.2M
Estimated peak per-node memory usage is: Min. 555.2M, Max. 555.2M, Avg. 555.2M, Total 555.2M

Elapsed Time Report (s)           Min.        Max.        Avg.
==============================================================
Initialization                   0.063       0.129       0.113
  Mesh Preprocessing             0.105       0.170       0.121
Operator Construction            0.671       0.675       0.673
Linear Solve                    20.225      20.283      20.256
  Setup                          4.443       4.444       4.443
  Preconditioner               475.395     475.761     475.639
  Coarse Solve                   5.182       5.522       5.284
Eigenvalue Solve                 1.702       1.717       1.707
Div.-Free Projection            41.719      41.730      41.726
Estimation                       0.351       0.424       0.383
  Construction                   0.845       0.845       0.845
  Solve                         32.060      32.134      32.103
Postprocessing                   1.937       1.966       1.953
Disk IO                          0.163       0.172       0.169
--------------------------------------------------------------
Total                          586.753     586.759     586.757

Peak Memory                   Per-Node       Total   Total HWM
==============================================================
Initialization                    6.2M        6.2M        6.2M
  Mesh Preprocessing             10.9M       10.9M       17.1M
Operator Construction            76.1M       76.1M       93.2M
Linear Solve                      0.0K        0.0K       93.2M
  Setup                          84.2M       84.2M      177.4M
  Preconditioner                388.0K      388.0K      177.8M
  Coarse Solve                   81.8M       81.8M      259.6M
Eigenvalue Solve                 36.0M       36.0M      295.6M
Div.-Free Projection             30.6M       30.6M      326.2M
Estimation                       23.5M       23.5M      349.7M
  Construction                   40.0M       40.0M      389.7M
  Solve                          24.8M       24.8M      414.4M
Postprocessing                   28.8M       28.8M      443.2M
Disk IO                           8.8M        8.8M      452.0M
--------------------------------------------------------------
Total                           504.6M      504.6M      504.6M

