>> /opt/amip/envs/emsim/bin/mpirun -n 32 /opt/amip/palace/bin/palace-x86_64.bin e0k_eig1.json

_____________     _______
_____   __   \____ __   /____ ____________
____   /_/  /  __ ` /  /  __ ` /  ___/  _ \
___   _____/  /_/  /  /  /_/  /  /__/  ___/
  /__/     \___,__/__/\___,__/\_____\_____/


[38;2;255;255;000m--> Warning![0m
Output folder is not empty; program will overwrite content! (postpro/e0k_eig1)
Git changeset ID: v0.17.0-293-g3c83b9db0
Running with 32 MPI processes, 1 OpenMP thread
Device configuration: omp,cpu
Memory configuration: host-std
libCEED backend: /cpu/self/xsmm/blocked

Added 4926 boundary elements for material interfaces to the mesh

Characteristic length and time scales:
 Lc = 2.074e-01 m, tc = 6.918e-01 ns
Finished partitioning mesh into 32 subdomains

Mesh curvature order: 2
Mesh bounding box:
 (Xmin, Ymin, Zmin) = (-1.037e-01, -1.037e-01, -4.426e-02) m
 (Xmax, Ymax, Zmax) = (+1.037e-01, +1.037e-01, +4.426e-02) m

Parallel Mesh Stats:

                minimum     average     maximum       total
 vertices            90         159         250        5105
 edges              829        1053        1314       33727
 faces             1589        1756        1937       56201
 elements           836         861         886       27578
 neighbors            3          11          22

            minimum     maximum
 h       0.00130995    0.182036
 kappa       1.0617     54.5643

Estimated current per-rank memory usage is: Min. 32.7M, Max. 54.1M, Avg. 33.6M, Total 1.1G
Estimated current per-node memory usage is: Min. 1.1G, Max. 1.1G, Avg. 1.1G, Total 1.1G

Configuring Dirichlet PEC BC at attributes:
 90

Assembling system matrices, number of global unknowns:
 H1 (p = 1): 5105, ND (p = 1): 33727, RT (p = 1): 56201
 Operator assembly level: Partial
 Mesh geometries:
  Tetrahedron: P = 6, Q = 4 (quadrature order = 2)

Configuring SLEPc eigenvalue solver:
 Scaling γ = 2.013e+05, δ = 6.377e-05
 Configuring divergence-free projection
 Using random starting vector
 Shift-and-invert σ = 2.400e+00 GHz (1.043e+01)

Assembling multigrid hierarchy:
 Level 0 (p = 1): 33727 unknowns
 Level 0 (auxiliary) (p = 1): 5105 unknowns

#PETSc Option Table entries:
-eps_monitor # (source: code)
#End of PETSc Option Table entries

  Residual norms for GMRES solve
  0 (restart 0) KSP residual norm 6.492431e-02
  1 (restart 0) KSP residual norm 4.019175e-13
GMRES solver converged in 1 iteration (avg. reduction factor: 6.191e-12)
  Residual norms for GMRES solve
  0 (restart 0) KSP residual norm 9.205301e+00
  1 (restart 0) KSP residual norm 1.770119e-11
GMRES solver converged in 1 iteration (avg. reduction factor: 1.923e-12)
  Residual norms for GMRES solve
  0 (restart 0) KSP residual norm 6.986096e+00
  1 (restart 0) KSP residual norm 1.373246e-11
GMRES solver converged in 1 iteration (avg. reduction factor: 1.966e-12)
  Residual norms for GMRES solve
  0 (restart 0) KSP residual norm 2.101033e+00
  1 (restart 0) KSP residual norm 2.751879e-11
GMRES solver converged in 1 iteration (avg. reduction factor: 1.310e-11)
  Residual norms for GMRES solve
  0 (restart 0) KSP residual norm 2.805484e+00
  1 (restart 0) KSP residual norm 1.056465e-11
GMRES solver converged in 1 iteration (avg. reduction factor: 3.766e-12)
  Residual norms for GMRES solve
  0 (restart 0) KSP residual norm 1.769334e+00
  1 (restart 0) KSP residual norm 1.529798e-11
GMRES solver converged in 1 iteration (avg. reduction factor: 8.646e-12)
  Residual norms for GMRES solve
  0 (restart 0) KSP residual norm 1.359211e+00
  1 (restart 0) KSP residual norm 1.290094e-11
GMRES solver converged in 1 iteration (avg. reduction factor: 9.491e-12)
  Residual norms for GMRES solve
  0 (restart 0) KSP residual norm 1.545010e+00
  1 (restart 0) KSP residual norm 7.082491e-12
GMRES solver converged in 1 iteration (avg. reduction factor: 4.584e-12)
  Residual norms for GMRES solve
  0 (restart 0) KSP residual norm 1.362578e+00
  1 (restart 0) KSP residual norm 2.837953e-11
GMRES solver converged in 1 iteration (avg. reduction factor: 2.083e-11)
  Residual norms for GMRES solve
  0 (restart 0) KSP residual norm 1.025395e+00
  1 (restart 0) KSP residual norm 1.070117e-11
GMRES solver converged in 1 iteration (avg. reduction factor: 1.044e-11)
  Residual norms for GMRES solve
  0 (restart 0) KSP residual norm 1.194140e+00
  1 (restart 0) KSP residual norm 1.156528e-11
GMRES solver converged in 1 iteration (avg. reduction factor: 9.685e-12)
  Residual norms for GMRES solve
  0 (restart 0) KSP residual norm 1.533197e+00
  1 (restart 0) KSP residual norm 2.346838e-11
GMRES solver converged in 1 iteration (avg. reduction factor: 1.531e-11)
  Residual norms for GMRES solve
  0 (restart 0) KSP residual norm 1.216301e+00
  1 (restart 0) KSP residual norm 9.112026e-12
GMRES solver converged in 1 iteration (avg. reduction factor: 7.492e-12)
  Residual norms for GMRES solve
  0 (restart 0) KSP residual norm 8.128104e-01
  1 (restart 0) KSP residual norm 7.251232e-12
GMRES solver converged in 1 iteration (avg. reduction factor: 8.921e-12)
  Residual norms for GMRES solve
  0 (restart 0) KSP residual norm 1.473578e+00
  1 (restart 0) KSP residual norm 8.521205e-12
GMRES solver converged in 1 iteration (avg. reduction factor: 5.783e-12)
  Residual norms for GMRES solve
  0 (restart 0) KSP residual norm 1.467844e+00
  1 (restart 0) KSP residual norm 5.790475e-12
GMRES solver converged in 1 iteration (avg. reduction factor: 3.945e-12)
  Residual norms for GMRES solve
  0 (restart 0) KSP residual norm 9.605218e-01
  1 (restart 0) KSP residual norm 4.893684e-12
GMRES solver converged in 1 iteration (avg. reduction factor: 5.095e-12)
  Residual norms for GMRES solve
  0 (restart 0) KSP residual norm 3.448331e-01
  1 (restart 0) KSP residual norm 3.753742e-12
GMRES solver converged in 1 iteration (avg. reduction factor: 1.089e-11)
  Residual norms for GMRES solve
  0 (restart 0) KSP residual norm 3.962601e-01
  1 (restart 0) KSP residual norm 5.712999e-12
GMRES solver converged in 1 iteration (avg. reduction factor: 1.442e-11)
  Residual norms for GMRES solve
  0 (restart 0) KSP residual norm 5.943094e-01
  1 (restart 0) KSP residual norm 2.593370e-12
GMRES solver converged in 1 iteration (avg. reduction factor: 4.364e-12)
  Residual norms for GMRES solve
  0 (restart 0) KSP residual norm 7.411387e-01
  1 (restart 0) KSP residual norm 2.801556e-12
GMRES solver converged in 1 iteration (avg. reduction factor: 3.780e-12)
  Residual norms for GMRES solve
  0 (restart 0) KSP residual norm 6.066076e-01
  1 (restart 0) KSP residual norm 8.802500e-12
GMRES solver converged in 1 iteration (avg. reduction factor: 1.451e-11)
  Residual norms for GMRES solve
  0 (restart 0) KSP residual norm 6.732487e-01
  1 (restart 0) KSP residual norm 2.830094e-12
GMRES solver converged in 1 iteration (avg. reduction factor: 4.204e-12)
  1 EPS nconv=3 first unconverged value (error) 0.000630744-1.02929e-12i (1.47553916e-06)
  Residual norms for GMRES solve
  0 (restart 0) KSP residual norm 5.044920e-01
  1 (restart 0) KSP residual norm 6.328658e-12
GMRES solver converged in 1 iteration (avg. reduction factor: 1.254e-11)
  Residual norms for GMRES solve
  0 (restart 0) KSP residual norm 1.202352e+00
  1 (restart 0) KSP residual norm 5.220151e-12
GMRES solver converged in 1 iteration (avg. reduction factor: 4.342e-12)
  Residual norms for GMRES solve
  0 (restart 0) KSP residual norm 1.510227e+00
  1 (restart 0) KSP residual norm 1.039725e-11
GMRES solver converged in 1 iteration (avg. reduction factor: 6.885e-12)
  Residual norms for GMRES solve
  0 (restart 0) KSP residual norm 1.600060e+00
  1 (restart 0) KSP residual norm 1.407022e-11
GMRES solver converged in 1 iteration (avg. reduction factor: 8.794e-12)
  Residual norms for GMRES solve
  0 (restart 0) KSP residual norm 1.123142e+00
  1 (restart 0) KSP residual norm 1.426991e-11
GMRES solver converged in 1 iteration (avg. reduction factor: 1.271e-11)
  Residual norms for GMRES solve
  0 (restart 0) KSP residual norm 1.182514e+00
  1 (restart 0) KSP residual norm 1.799011e-11
GMRES solver converged in 1 iteration (avg. reduction factor: 1.521e-11)
  Residual norms for GMRES solve
  0 (restart 0) KSP residual norm 1.359447e+00
  1 (restart 0) KSP residual norm 1.227571e-11
GMRES solver converged in 1 iteration (avg. reduction factor: 9.030e-12)
  Residual norms for GMRES solve
  0 (restart 0) KSP residual norm 7.389051e-01
  1 (restart 0) KSP residual norm 4.656676e-12
GMRES solver converged in 1 iteration (avg. reduction factor: 6.302e-12)
  Residual norms for GMRES solve
  0 (restart 0) KSP residual norm 7.375984e-01
  1 (restart 0) KSP residual norm 1.185071e-11
GMRES solver converged in 1 iteration (avg. reduction factor: 1.607e-11)
  Residual norms for GMRES solve
  0 (restart 0) KSP residual norm 6.300024e-01
  1 (restart 0) KSP residual norm 1.360621e-11
GMRES solver converged in 1 iteration (avg. reduction factor: 2.160e-11)
  2 EPS nconv=4 first unconverged value (error) 0.00067061+7.75112e-13i (8.52681935e-08)
  Residual norms for GMRES solve
  0 (restart 0) KSP residual norm 1.107951e+00
  1 (restart 0) KSP residual norm 4.857595e-12
GMRES solver converged in 1 iteration (avg. reduction factor: 4.384e-12)
  Residual norms for GMRES solve
  0 (restart 0) KSP residual norm 1.988554e+00
  1 (restart 0) KSP residual norm 1.039189e-11
GMRES solver converged in 1 iteration (avg. reduction factor: 5.226e-12)
  Residual norms for GMRES solve
  0 (restart 0) KSP residual norm 3.086234e+00
  1 (restart 0) KSP residual norm 1.603065e-11
GMRES solver converged in 1 iteration (avg. reduction factor: 5.194e-12)
  Residual norms for GMRES solve
  0 (restart 0) KSP residual norm 1.426889e+00
  1 (restart 0) KSP residual norm 1.367698e-11
GMRES solver converged in 1 iteration (avg. reduction factor: 9.585e-12)
  Residual norms for GMRES solve
  0 (restart 0) KSP residual norm 1.770153e+00
  1 (restart 0) KSP residual norm 1.330553e-11
GMRES solver converged in 1 iteration (avg. reduction factor: 7.517e-12)
  Residual norms for GMRES solve
  0 (restart 0) KSP residual norm 1.279162e+00
  1 (restart 0) KSP residual norm 1.141743e-11
GMRES solver converged in 1 iteration (avg. reduction factor: 8.926e-12)
  Residual norms for GMRES solve
  0 (restart 0) KSP residual norm 1.352355e+00
  1 (restart 0) KSP residual norm 8.007882e-12
GMRES solver converged in 1 iteration (avg. reduction factor: 5.921e-12)
  Residual norms for GMRES solve
  0 (restart 0) KSP residual norm 9.651676e-01
  1 (restart 0) KSP residual norm 1.528793e-11
GMRES solver converged in 1 iteration (avg. reduction factor: 1.584e-11)
  Residual norms for GMRES solve
  0 (restart 0) KSP residual norm 1.396922e+00
  1 (restart 0) KSP residual norm 2.113607e-11
GMRES solver converged in 1 iteration (avg. reduction factor: 1.513e-11)
  Residual norms for GMRES solve
  0 (restart 0) KSP residual norm 1.086098e+00
  1 (restart 0) KSP residual norm 9.161296e-12
GMRES solver converged in 1 iteration (avg. reduction factor: 8.435e-12)
  3 EPS nconv=5 first unconverged value (error) 0.000693788+3.66682e-13i (3.17568905e-08)
  Residual norms for GMRES solve
  0 (restart 0) KSP residual norm 1.323710e+00
  1 (restart 0) KSP residual norm 7.503218e-12
GMRES solver converged in 1 iteration (avg. reduction factor: 5.668e-12)
  Residual norms for GMRES solve
  0 (restart 0) KSP residual norm 1.622166e+00
  1 (restart 0) KSP residual norm 1.215771e-11
GMRES solver converged in 1 iteration (avg. reduction factor: 7.495e-12)
  Residual norms for GMRES solve
  0 (restart 0) KSP residual norm 2.701452e+00
  1 (restart 0) KSP residual norm 1.871635e-11
GMRES solver converged in 1 iteration (avg. reduction factor: 6.928e-12)
  Residual norms for GMRES solve
  0 (restart 0) KSP residual norm 2.580996e+00
  1 (restart 0) KSP residual norm 1.048852e-11
GMRES solver converged in 1 iteration (avg. reduction factor: 4.064e-12)
  Residual norms for GMRES solve
  0 (restart 0) KSP residual norm 1.678469e+00
  1 (restart 0) KSP residual norm 1.103416e-11
GMRES solver converged in 1 iteration (avg. reduction factor: 6.574e-12)
  Residual norms for GMRES solve
  0 (restart 0) KSP residual norm 1.251606e+00
  1 (restart 0) KSP residual norm 1.242721e-11
GMRES solver converged in 1 iteration (avg. reduction factor: 9.929e-12)
  Residual norms for GMRES solve
  0 (restart 0) KSP residual norm 1.153684e+00
  1 (restart 0) KSP residual norm 9.267808e-12
GMRES solver converged in 1 iteration (avg. reduction factor: 8.033e-12)
  Residual norms for GMRES solve
  0 (restart 0) KSP residual norm 9.466592e-01
  1 (restart 0) KSP residual norm 1.211966e-11
GMRES solver converged in 1 iteration (avg. reduction factor: 1.280e-11)
  Residual norms for GMRES solve
  0 (restart 0) KSP residual norm 1.557266e+00
  1 (restart 0) KSP residual norm 6.910229e-12
GMRES solver converged in 1 iteration (avg. reduction factor: 4.437e-12)
  4 EPS nconv=6 first unconverged value (error) 0.000749532+1.49467e-08i (1.50165377e-03)
  Residual norms for GMRES solve
  0 (restart 0) KSP residual norm 1.507349e+00
  1 (restart 0) KSP residual norm 2.526561e-11
GMRES solver converged in 1 iteration (avg. reduction factor: 1.676e-11)
  Residual norms for GMRES solve
  0 (restart 0) KSP residual norm 1.493181e+00
  1 (restart 0) KSP residual norm 1.029042e-11
GMRES solver converged in 1 iteration (avg. reduction factor: 6.892e-12)
  Residual norms for GMRES solve
  0 (restart 0) KSP residual norm 9.548320e-01
  1 (restart 0) KSP residual norm 1.070718e-11
GMRES solver converged in 1 iteration (avg. reduction factor: 1.121e-11)
  Residual norms for GMRES solve
  0 (restart 0) KSP residual norm 2.068370e+00
  1 (restart 0) KSP residual norm 9.125264e-12
GMRES solver converged in 1 iteration (avg. reduction factor: 4.412e-12)
  Residual norms for GMRES solve
  0 (restart 0) KSP residual norm 2.533548e+00
  1 (restart 0) KSP residual norm 1.419334e-11
GMRES solver converged in 1 iteration (avg. reduction factor: 5.602e-12)
  Residual norms for GMRES solve
  0 (restart 0) KSP residual norm 2.318125e+00
  1 (restart 0) KSP residual norm 1.357562e-11
GMRES solver converged in 1 iteration (avg. reduction factor: 5.856e-12)
  Residual norms for GMRES solve
  0 (restart 0) KSP residual norm 1.139621e+00
  1 (restart 0) KSP residual norm 1.405977e-11
GMRES solver converged in 1 iteration (avg. reduction factor: 1.234e-11)
  Residual norms for GMRES solve
  0 (restart 0) KSP residual norm 1.227364e+00
  1 (restart 0) KSP residual norm 1.566593e-11
GMRES solver converged in 1 iteration (avg. reduction factor: 1.276e-11)
  Residual norms for GMRES solve
  0 (restart 0) KSP residual norm 1.327659e+00
  1 (restart 0) KSP residual norm 1.598612e-11
GMRES solver converged in 1 iteration (avg. reduction factor: 1.204e-11)
  5 EPS nconv=6 first unconverged value (error) 0.000749518-2.48343e-10i (3.69830637e-05)
  Residual norms for GMRES solve
  0 (restart 0) KSP residual norm 7.647227e-01
  1 (restart 0) KSP residual norm 1.035321e-11
GMRES solver converged in 1 iteration (avg. reduction factor: 1.354e-11)
  Residual norms for GMRES solve
  0 (restart 0) KSP residual norm 1.586234e+00
  1 (restart 0) KSP residual norm 1.511016e-11
GMRES solver converged in 1 iteration (avg. reduction factor: 9.526e-12)
  Residual norms for GMRES solve
  0 (restart 0) KSP residual norm 2.140399e+00
  1 (restart 0) KSP residual norm 1.863519e-11
GMRES solver converged in 1 iteration (avg. reduction factor: 8.706e-12)
  Residual norms for GMRES solve
  0 (restart 0) KSP residual norm 3.031504e+00
  1 (restart 0) KSP residual norm 1.345632e-11
GMRES solver converged in 1 iteration (avg. reduction factor: 4.439e-12)
  Residual norms for GMRES solve
  0 (restart 0) KSP residual norm 1.618715e+00
  1 (restart 0) KSP residual norm 1.614171e-11
GMRES solver converged in 1 iteration (avg. reduction factor: 9.972e-12)
  Residual norms for GMRES solve
  0 (restart 0) KSP residual norm 1.207168e+00
  1 (restart 0) KSP residual norm 9.808686e-12
GMRES solver converged in 1 iteration (avg. reduction factor: 8.125e-12)
  Residual norms for GMRES solve
  0 (restart 0) KSP residual norm 1.389998e+00
  1 (restart 0) KSP residual norm 7.753186e-12
GMRES solver converged in 1 iteration (avg. reduction factor: 5.578e-12)
  Residual norms for GMRES solve
  0 (restart 0) KSP residual norm 1.546969e+00
  1 (restart 0) KSP residual norm 1.579402e-11
GMRES solver converged in 1 iteration (avg. reduction factor: 1.021e-11)
  Residual norms for GMRES solve
  0 (restart 0) KSP residual norm 1.332521e+00
  1 (restart 0) KSP residual norm 1.675940e-11
GMRES solver converged in 1 iteration (avg. reduction factor: 1.258e-11)
  6 EPS nconv=6 first unconverged value (error) 0.000749518+1.20038e-12i (6.51994505e-07)
  Residual norms for GMRES solve
  0 (restart 0) KSP residual norm 1.030861e+00
  1 (restart 0) KSP residual norm 6.578309e-12
GMRES solver converged in 1 iteration (avg. reduction factor: 6.381e-12)
  Residual norms for GMRES solve
  0 (restart 0) KSP residual norm 1.397919e+00
  1 (restart 0) KSP residual norm 1.561361e-11
GMRES solver converged in 1 iteration (avg. reduction factor: 1.117e-11)
  Residual norms for GMRES solve
  0 (restart 0) KSP residual norm 1.692784e+00
  1 (restart 0) KSP residual norm 2.179308e-11
GMRES solver converged in 1 iteration (avg. reduction factor: 1.287e-11)
  Residual norms for GMRES solve
  0 (restart 0) KSP residual norm 2.739931e+00
  1 (restart 0) KSP residual norm 1.013544e-11
GMRES solver converged in 1 iteration (avg. reduction factor: 3.699e-12)
  Residual norms for GMRES solve
  0 (restart 0) KSP residual norm 2.495104e+00
  1 (restart 0) KSP residual norm 1.243123e-11
GMRES solver converged in 1 iteration (avg. reduction factor: 4.982e-12)
  Residual norms for GMRES solve
  0 (restart 0) KSP residual norm 1.910395e+00
  1 (restart 0) KSP residual norm 6.917267e-12
GMRES solver converged in 1 iteration (avg. reduction factor: 3.621e-12)
  Residual norms for GMRES solve
  0 (restart 0) KSP residual norm 8.345737e-01
  1 (restart 0) KSP residual norm 8.145711e-12
GMRES solver converged in 1 iteration (avg. reduction factor: 9.760e-12)
  Residual norms for GMRES solve
  0 (restart 0) KSP residual norm 1.298820e+00
  1 (restart 0) KSP residual norm 1.581910e-11
GMRES solver converged in 1 iteration (avg. reduction factor: 1.218e-11)
  Residual norms for GMRES solve
  0 (restart 0) KSP residual norm 1.229582e+00
  1 (restart 0) KSP residual norm 1.466602e-11
GMRES solver converged in 1 iteration (avg. reduction factor: 1.193e-11)
  7 EPS nconv=6 first unconverged value (error) 0.000749518-7.08681e-14i (1.18735628e-08)
  Residual norms for GMRES solve
  0 (restart 0) KSP residual norm 1.122744e+00
  1 (restart 0) KSP residual norm 9.844277e-12
GMRES solver converged in 1 iteration (avg. reduction factor: 8.768e-12)
  Residual norms for GMRES solve
  0 (restart 0) KSP residual norm 1.806137e+00
  1 (restart 0) KSP residual norm 1.504994e-11
GMRES solver converged in 1 iteration (avg. reduction factor: 8.333e-12)
  Residual norms for GMRES solve
  0 (restart 0) KSP residual norm 2.069199e+00
  1 (restart 0) KSP residual norm 1.508727e-11
GMRES solver converged in 1 iteration (avg. reduction factor: 7.291e-12)
  Residual norms for GMRES solve
  0 (restart 0) KSP residual norm 2.997993e+00
  1 (restart 0) KSP residual norm 1.781847e-11
GMRES solver converged in 1 iteration (avg. reduction factor: 5.943e-12)
  Residual norms for GMRES solve
  0 (restart 0) KSP residual norm 1.211898e+00
  1 (restart 0) KSP residual norm 6.766446e-12
GMRES solver converged in 1 iteration (avg. reduction factor: 5.583e-12)
  Residual norms for GMRES solve
  0 (restart 0) KSP residual norm 1.541331e+00
  1 (restart 0) KSP residual norm 1.031743e-11
GMRES solver converged in 1 iteration (avg. reduction factor: 6.694e-12)
  Residual norms for GMRES solve
  0 (restart 0) KSP residual norm 1.574333e+00
  1 (restart 0) KSP residual norm 1.011756e-11
GMRES solver converged in 1 iteration (avg. reduction factor: 6.427e-12)
  Residual norms for GMRES solve
  0 (restart 0) KSP residual norm 1.656536e+00
  1 (restart 0) KSP residual norm 2.020920e-11
GMRES solver converged in 1 iteration (avg. reduction factor: 1.220e-11)
  Residual norms for GMRES solve
  0 (restart 0) KSP residual norm 1.187994e+00
  1 (restart 0) KSP residual norm 9.463097e-12
GMRES solver converged in 1 iteration (avg. reduction factor: 7.966e-12)
  8 EPS nconv=8 first unconverged value (error) 0.000761986+2.66416e-13i (1.79661067e-08)

 Linear eigensolve converged (8 eigenpairs) due to CONVERGED_TOL; iterations 8
 Total number of linear systems solved: 88
 Total number of linear solver iterations: 88
 Found 8 converged eigenvalues (first = 1.100e+02+1.457e-13i)

Computing solution error estimates and performing postprocessing

     m,        Re{f} (GHz),        Im{f} (GHz),                  Q,      Error (Bkwd.),       Error (Abs.)
     1,      +2.412304e+00,      +1.597961e-15,      +7.548067e+14,      +2.089982e-16,      +6.558514e-12
     2,      +2.467861e+00,      -5.160879e-14,      +2.390931e+13,      +6.970899e-16,      +2.187574e-11
     3,      +2.498382e+00,      -8.499987e-14,      +1.469639e+13,      +5.458218e-15,      +1.712896e-10
     4,      +2.592466e+00,      +1.216295e-13,      +1.065723e+13,      +1.752466e-13,      +5.499832e-09
     5,      +2.673141e+00,      +4.519672e-12,      +2.957229e+11,      +2.563491e-13,      +8.045420e-09
     6,      +2.718943e+00,      -4.861138e-12,      +2.796612e+11,      +1.097758e-12,      +3.445352e-08
     7,      +2.826036e+00,      +1.577630e-12,      +8.956587e+11,      +9.360138e-13,      +2.937876e-08
     8,      +2.837764e+00,      +3.228287e-11,      +4.395154e+10,      +1.075235e-11,      +3.374874e-07

Completed 0 iterations of adaptive mesh refinement (AMR):
 Indicator norm = 4.053e-01, global unknowns = 33727
 Max. iterations = 0, tol. = 1.000e-02

Estimated peak per-rank memory usage is: Min. 85.0M, Max. 96.0M, Avg. 87.0M, Total 2.7G
Estimated peak per-node memory usage is: Min. 2.7G, Max. 2.7G, Avg. 2.7G, Total 2.7G

Elapsed Time Report (s)           Min.        Max.        Avg.
==============================================================
Initialization                   0.077       0.195       0.192
  Mesh Preprocessing             0.159       0.278       0.163
Operator Construction            0.027       0.027       0.027
Linear Solve                     0.081       0.100       0.084
  Setup                          0.012       0.012       0.012
  Preconditioner                 1.069       1.079       1.076
Eigenvalue Solve                 0.056       0.057       0.057
Div.-Free Projection             0.889       0.900       0.899
Estimation                       0.008       0.009       0.008
  Construction                   0.029       0.029       0.029
  Solve                          0.247       0.249       0.249
Postprocessing                   0.047       0.049       0.047
Disk IO                          0.294       0.297       0.295
--------------------------------------------------------------
Total                            4.271       4.287       4.279

Peak Memory                   Per-Node       Total   Total HWM
==============================================================
Initialization                   69.1M       69.1M       69.1M
  Mesh Preprocessing             95.0M       95.0M      164.1M
Operator Construction           244.7M      244.7M      408.8M
Linear Solve                      5.1M        5.1M      413.9M
  Setup                          82.0M       82.0M      495.8M
  Preconditioner                  1.2G        1.2G        1.7G
Eigenvalue Solve                 10.7M       10.7M        1.7G
Div.-Free Projection            132.6M      132.6M        1.8G
Estimation                        0.0K        0.0K        1.8G
  Construction                   15.8M       15.8M        1.8G
  Solve                           0.0K        0.0K        1.8G
Postprocessing                    0.0K        0.0K        1.8G
Disk IO                          36.9M       36.9M        1.9G
--------------------------------------------------------------
Total                             2.3G        2.3G        2.3G

