>> /opt/amip/envs/emsim/bin/mpirun -n 16 /opt/amip/palace/bin/palace-x86_64.bin e0fine.json

_____________     _______
_____   __   \____ __   /____ ____________
____   /_/  /  __ ` /  /  __ ` /  ___/  _ \
___   _____/  /_/  /  /  /_/  /  /__/  ___/
  /__/     \___,__/__/\___,__/\_____\_____/


[38;2;255;255;000m--> Warning![0m
Output folder is not empty; program will overwrite content! (postpro/e0fine)
Git changeset ID: v0.17.0-293-g3c83b9db0
Running with 16 MPI processes, 1 OpenMP thread
Device configuration: omp,cpu
Memory configuration: host-std
libCEED backend: /cpu/self/xsmm/blocked

Added 11830 boundary elements for material interfaces to the mesh

Characteristic length and time scales:
 Lc = 2.074e-01 m, tc = 6.918e-01 ns
Finished partitioning mesh into 16 subdomains

Mesh curvature order: 2
Mesh bounding box:
 (Xmin, Ymin, Zmin) = (-1.037e-01, -1.037e-01, -4.426e-02) m
 (Xmax, Ymax, Zmax) = (+1.037e-01, +1.037e-01, +4.426e-02) m

Parallel Mesh Stats:

                minimum     average     maximum       total
 vertices           668         900        1224       14404
 edges             5489        6202        7121       99243
 faces            10051       10510       11029      168162
 elements          5128        5207        5291       83322
 neighbors            5           8          15

            minimum     maximum
 h       0.00398399    0.114125
 kappa      1.01569     17.0532

Estimated current per-rank memory usage is: Min. 33.9M, Max. 93.2M, Avg. 38.1M, Total 609.8M
Estimated current per-node memory usage is: Min. 610.7M, Max. 610.7M, Avg. 610.7M, Total 610.7M

Configuring Dirichlet PEC BC at attributes:
 90

Assembling system matrices, number of global unknowns:
 H1 (p = 2): 113647, ND (p = 2): 534810, RT (p = 2): 754452
 Operator assembly level: Partial
 Mesh geometries:
  Tetrahedron: P = 20, Q = 14 (quadrature order = 4)

Configuring SLEPc eigenvalue solver:
 Scaling γ = 1.078e+05, δ = 1.577e-04
 Configuring divergence-free projection
 Using random starting vector
 Shift-and-invert σ = 1.050e+00 GHz (4.564e+00)

Assembling multigrid hierarchy:
 Level 0 (p = 1): 99243 unknowns
 Level 1 (p = 2): 534810 unknowns
 Level 0 (auxiliary) (p = 1): 14404 unknowns
 Level 1 (auxiliary) (p = 2): 113647 unknowns

#PETSc Option Table entries:
-eps_monitor # (source: code)
#End of PETSc Option Table entries

  Residual norms for GMRES solve
  0 (restart 0) KSP residual norm 2.307555e-02
  1 (restart 0) KSP residual norm 5.927032e-04
  2 (restart 0) KSP residual norm 4.339601e-05
  3 (restart 0) KSP residual norm 6.468396e-06
  4 (restart 0) KSP residual norm 1.072389e-06
  5 (restart 0) KSP residual norm 1.930676e-07
  6 (restart 0) KSP residual norm 3.606882e-08
  7 (restart 0) KSP residual norm 6.556124e-09
  8 (restart 0) KSP residual norm 1.224463e-09
  9 (restart 0) KSP residual norm 2.310956e-10
 10 (restart 0) KSP residual norm 4.173532e-11
GMRES solver converged in 10 iterations (avg. reduction factor: 1.336e-01)
  Residual norms for GMRES solve
  0 (restart 0) KSP residual norm 7.427657e+00
  1 (restart 0) KSP residual norm 4.645088e-02
  2 (restart 0) KSP residual norm 2.011657e-03
  3 (restart 0) KSP residual norm 2.771885e-04
  4 (restart 0) KSP residual norm 4.050840e-05
  5 (restart 0) KSP residual norm 7.283842e-06
  6 (restart 0) KSP residual norm 1.219104e-06
  7 (restart 0) KSP residual norm 2.279243e-07
  8 (restart 0) KSP residual norm 4.524935e-08
GMRES solver converged in 8 iterations (avg. reduction factor: 9.399e-02)
  Residual norms for GMRES solve
  0 (restart 0) KSP residual norm 2.593160e+00
  1 (restart 0) KSP residual norm 2.110248e-02
  2 (restart 0) KSP residual norm 8.642489e-04
  3 (restart 0) KSP residual norm 1.091056e-04
  4 (restart 0) KSP residual norm 1.657368e-05
  5 (restart 0) KSP residual norm 3.020895e-06
  6 (restart 0) KSP residual norm 5.291155e-07
  7 (restart 0) KSP residual norm 1.028895e-07
  8 (restart 0) KSP residual norm 2.011083e-08
GMRES solver converged in 8 iterations (avg. reduction factor: 9.687e-02)
  Residual norms for GMRES solve
  0 (restart 0) KSP residual norm 2.936609e-01
  1 (restart 0) KSP residual norm 7.242985e-03
  2 (restart 0) KSP residual norm 5.427378e-04
  3 (restart 0) KSP residual norm 7.506097e-05
  4 (restart 0) KSP residual norm 1.251155e-05
  5 (restart 0) KSP residual norm 2.518630e-06
  6 (restart 0) KSP residual norm 4.306431e-07
  7 (restart 0) KSP residual norm 7.667606e-08
  8 (restart 0) KSP residual norm 1.501538e-08
  9 (restart 0) KSP residual norm 2.809538e-09
GMRES solver converged in 9 iterations (avg. reduction factor: 1.285e-01)
  Residual norms for GMRES solve
  0 (restart 0) KSP residual norm 4.422383e-01
  1 (restart 0) KSP residual norm 1.604242e-02
  2 (restart 0) KSP residual norm 5.921258e-04
  3 (restart 0) KSP residual norm 8.255226e-05
  4 (restart 0) KSP residual norm 1.338803e-05
  5 (restart 0) KSP residual norm 2.505941e-06
  6 (restart 0) KSP residual norm 4.865203e-07
  7 (restart 0) KSP residual norm 9.216753e-08
  8 (restart 0) KSP residual norm 1.657970e-08
  9 (restart 0) KSP residual norm 2.876891e-09
GMRES solver converged in 9 iterations (avg. reduction factor: 1.231e-01)
  Residual norms for GMRES solve
  0 (restart 0) KSP residual norm 3.540128e-01
  1 (restart 0) KSP residual norm 1.284097e-02
  2 (restart 0) KSP residual norm 5.386684e-04
  3 (restart 0) KSP residual norm 8.071032e-05
  4 (restart 0) KSP residual norm 1.282310e-05
  5 (restart 0) KSP residual norm 2.476820e-06
  6 (restart 0) KSP residual norm 4.797380e-07
  7 (restart 0) KSP residual norm 9.041658e-08
  8 (restart 0) KSP residual norm 1.678718e-08
  9 (restart 0) KSP residual norm 2.753362e-09
GMRES solver converged in 9 iterations (avg. reduction factor: 1.256e-01)
  Residual norms for GMRES solve
  0 (restart 0) KSP residual norm 5.648202e-01
  1 (restart 0) KSP residual norm 1.918618e-02
  2 (restart 0) KSP residual norm 6.331877e-04
  3 (restart 0) KSP residual norm 7.353175e-05
  4 (restart 0) KSP residual norm 1.212436e-05
  5 (restart 0) KSP residual norm 2.431909e-06
  6 (restart 0) KSP residual norm 4.378036e-07
  7 (restart 0) KSP residual norm 8.206351e-08
  8 (restart 0) KSP residual norm 1.521131e-08
  9 (restart 0) KSP residual norm 2.725665e-09
GMRES solver converged in 9 iterations (avg. reduction factor: 1.191e-01)
  Residual norms for GMRES solve
  0 (restart 0) KSP residual norm 6.515856e-01
  1 (restart 0) KSP residual norm 1.563968e-02
  2 (restart 0) KSP residual norm 5.394879e-04
  3 (restart 0) KSP residual norm 7.130557e-05
  4 (restart 0) KSP residual norm 1.180674e-05
  5 (restart 0) KSP residual norm 2.375431e-06
  6 (restart 0) KSP residual norm 4.554946e-07
  7 (restart 0) KSP residual norm 8.359548e-08
  8 (restart 0) KSP residual norm 1.512435e-08
  9 (restart 0) KSP residual norm 2.614980e-09
GMRES solver converged in 9 iterations (avg. reduction factor: 1.167e-01)
  Residual norms for GMRES solve
  0 (restart 0) KSP residual norm 6.075663e-01
  1 (restart 0) KSP residual norm 1.476274e-02
  2 (restart 0) KSP residual norm 5.248056e-04
  3 (restart 0) KSP residual norm 6.983754e-05
  4 (restart 0) KSP residual norm 1.131678e-05
  5 (restart 0) KSP residual norm 2.218021e-06
  6 (restart 0) KSP residual norm 4.091742e-07
  7 (restart 0) KSP residual norm 7.330894e-08
  8 (restart 0) KSP residual norm 1.411254e-08
  9 (restart 0) KSP residual norm 2.593827e-09
GMRES solver converged in 9 iterations (avg. reduction factor: 1.175e-01)
  Residual norms for GMRES solve
  0 (restart 0) KSP residual norm 8.299633e-01
  1 (restart 0) KSP residual norm 1.312534e-02
  2 (restart 0) KSP residual norm 5.309612e-04
  3 (restart 0) KSP residual norm 7.514207e-05
  4 (restart 0) KSP residual norm 1.232036e-05
  5 (restart 0) KSP residual norm 2.637014e-06
  6 (restart 0) KSP residual norm 4.879995e-07
  7 (restart 0) KSP residual norm 8.405629e-08
  8 (restart 0) KSP residual norm 1.576320e-08
  9 (restart 0) KSP residual norm 2.621800e-09
GMRES solver converged in 9 iterations (avg. reduction factor: 1.136e-01)
  Residual norms for GMRES solve
  0 (restart 0) KSP residual norm 1.021127e+00
  1 (restart 0) KSP residual norm 1.335836e-02
  2 (restart 0) KSP residual norm 5.306823e-04
  3 (restart 0) KSP residual norm 7.355331e-05
  4 (restart 0) KSP residual norm 1.151324e-05
  5 (restart 0) KSP residual norm 2.217646e-06
  6 (restart 0) KSP residual norm 4.145791e-07
  7 (restart 0) KSP residual norm 7.901709e-08
  8 (restart 0) KSP residual norm 1.471210e-08
  9 (restart 0) KSP residual norm 2.538226e-09
GMRES solver converged in 9 iterations (avg. reduction factor: 1.106e-01)
  Residual norms for GMRES solve
  0 (restart 0) KSP residual norm 8.828072e-01
  1 (restart 0) KSP residual norm 1.147685e-02
  2 (restart 0) KSP residual norm 4.794584e-04
  3 (restart 0) KSP residual norm 6.999402e-05
  4 (restart 0) KSP residual norm 1.104566e-05
  5 (restart 0) KSP residual norm 2.223715e-06
  6 (restart 0) KSP residual norm 4.230374e-07
  7 (restart 0) KSP residual norm 7.661634e-08
  8 (restart 0) KSP residual norm 1.449717e-08
  9 (restart 0) KSP residual norm 2.569285e-09
GMRES solver converged in 9 iterations (avg. reduction factor: 1.126e-01)
  Residual norms for GMRES solve
  0 (restart 0) KSP residual norm 1.813897e+00
  1 (restart 0) KSP residual norm 1.509720e-02
  2 (restart 0) KSP residual norm 6.427638e-04
  3 (restart 0) KSP residual norm 9.855902e-05
  4 (restart 0) KSP residual norm 1.451781e-05
  5 (restart 0) KSP residual norm 2.733357e-06
  6 (restart 0) KSP residual norm 5.023574e-07
  7 (restart 0) KSP residual norm 9.464198e-08
  8 (restart 0) KSP residual norm 1.818812e-08
  9 (restart 0) KSP residual norm 3.186662e-09
GMRES solver converged in 9 iterations (avg. reduction factor: 1.065e-01)
  Residual norms for GMRES solve
  0 (restart 0) KSP residual norm 6.246883e-01
  1 (restart 0) KSP residual norm 1.324228e-02
  2 (restart 0) KSP residual norm 4.989196e-04
  3 (restart 0) KSP residual norm 7.752293e-05
  4 (restart 0) KSP residual norm 1.249557e-05
  5 (restart 0) KSP residual norm 2.361806e-06
  6 (restart 0) KSP residual norm 4.344592e-07
  7 (restart 0) KSP residual norm 8.084956e-08
  8 (restart 0) KSP residual norm 1.536492e-08
  9 (restart 0) KSP residual norm 2.767107e-09
GMRES solver converged in 9 iterations (avg. reduction factor: 1.180e-01)
  Residual norms for GMRES solve
  0 (restart 0) KSP residual norm 6.819265e-01
  1 (restart 0) KSP residual norm 2.328945e-02
  2 (restart 0) KSP residual norm 6.189060e-04
  3 (restart 0) KSP residual norm 9.051065e-05
  4 (restart 0) KSP residual norm 1.539205e-05
  5 (restart 0) KSP residual norm 3.162001e-06
  6 (restart 0) KSP residual norm 5.937415e-07
  7 (restart 0) KSP residual norm 1.064306e-07
  8 (restart 0) KSP residual norm 1.958263e-08
  9 (restart 0) KSP residual norm 3.355281e-09
GMRES solver converged in 9 iterations (avg. reduction factor: 1.194e-01)
  Residual norms for GMRES solve
  0 (restart 0) KSP residual norm 4.088256e-01
  1 (restart 0) KSP residual norm 1.244398e-02
  2 (restart 0) KSP residual norm 4.649084e-04
  3 (restart 0) KSP residual norm 6.558083e-05
  4 (restart 0) KSP residual norm 1.007210e-05
  5 (restart 0) KSP residual norm 1.874295e-06
  6 (restart 0) KSP residual norm 3.491859e-07
  7 (restart 0) KSP residual norm 6.732416e-08
  8 (restart 0) KSP residual norm 1.258753e-08
  9 (restart 0) KSP residual norm 2.209032e-09
GMRES solver converged in 9 iterations (avg. reduction factor: 1.206e-01)
  Residual norms for GMRES solve
  0 (restart 0) KSP residual norm 1.011078e+00
  1 (restart 0) KSP residual norm 1.183610e-02
  2 (restart 0) KSP residual norm 4.926006e-04
  3 (restart 0) KSP residual norm 7.426621e-05
  4 (restart 0) KSP residual norm 1.206270e-05
  5 (restart 0) KSP residual norm 2.423443e-06
  6 (restart 0) KSP residual norm 4.518191e-07
  7 (restart 0) KSP residual norm 8.318848e-08
  8 (restart 0) KSP residual norm 1.552990e-08
  9 (restart 0) KSP residual norm 2.641519e-09
GMRES solver converged in 9 iterations (avg. reduction factor: 1.113e-01)
  Residual norms for GMRES solve
  0 (restart 0) KSP residual norm 1.152620e+00
  1 (restart 0) KSP residual norm 1.107320e-02
  2 (restart 0) KSP residual norm 5.036581e-04
  3 (restart 0) KSP residual norm 7.479387e-05
  4 (restart 0) KSP residual norm 1.158743e-05
  5 (restart 0) KSP residual norm 2.189653e-06
  6 (restart 0) KSP residual norm 4.160778e-07
  7 (restart 0) KSP residual norm 7.898619e-08
  8 (restart 0) KSP residual norm 1.492454e-08
  9 (restart 0) KSP residual norm 2.511183e-09
GMRES solver converged in 9 iterations (avg. reduction factor: 1.090e-01)
  Residual norms for GMRES solve
  0 (restart 0) KSP residual norm 8.888144e-01
  1 (restart 0) KSP residual norm 1.742435e-02
  2 (restart 0) KSP residual norm 6.634159e-04
  3 (restart 0) KSP residual norm 7.701667e-05
  4 (restart 0) KSP residual norm 1.225505e-05
  5 (restart 0) KSP residual norm 2.482769e-06
  6 (restart 0) KSP residual norm 4.838882e-07
  7 (restart 0) KSP residual norm 8.639587e-08
  8 (restart 0) KSP residual norm 1.565636e-08
  9 (restart 0) KSP residual norm 2.659126e-09
GMRES solver converged in 9 iterations (avg. reduction factor: 1.129e-01)
  Residual norms for GMRES solve
  0 (restart 0) KSP residual norm 5.170678e-01
  1 (restart 0) KSP residual norm 1.731993e-02
  2 (restart 0) KSP residual norm 6.350811e-04
  3 (restart 0) KSP residual norm 7.205333e-05
  4 (restart 0) KSP residual norm 1.084384e-05
  5 (restart 0) KSP residual norm 2.047782e-06
  6 (restart 0) KSP residual norm 3.554557e-07
  7 (restart 0) KSP residual norm 6.657389e-08
  8 (restart 0) KSP residual norm 1.316928e-08
  9 (restart 0) KSP residual norm 2.354023e-09
GMRES solver converged in 9 iterations (avg. reduction factor: 1.183e-01)
  Residual norms for GMRES solve
  0 (restart 0) KSP residual norm 1.515428e+00
  1 (restart 0) KSP residual norm 1.242430e-02
  2 (restart 0) KSP residual norm 5.559653e-04
  3 (restart 0) KSP residual norm 8.335219e-05
  4 (restart 0) KSP residual norm 1.375207e-05
  5 (restart 0) KSP residual norm 2.858724e-06
  6 (restart 0) KSP residual norm 5.398418e-07
  7 (restart 0) KSP residual norm 9.402041e-08
  8 (restart 0) KSP residual norm 1.758991e-08
  9 (restart 0) KSP residual norm 3.055305e-09
GMRES solver converged in 9 iterations (avg. reduction factor: 1.081e-01)
  Residual norms for GMRES solve
  0 (restart 0) KSP residual norm 2.327384e+00
  1 (restart 0) KSP residual norm 1.686412e-02
  2 (restart 0) KSP residual norm 7.060368e-04
  3 (restart 0) KSP residual norm 1.032430e-04
  4 (restart 0) KSP residual norm 1.538608e-05
  5 (restart 0) KSP residual norm 2.991867e-06
  6 (restart 0) KSP residual norm 5.603550e-07
  7 (restart 0) KSP residual norm 1.066178e-07
  8 (restart 0) KSP residual norm 2.040355e-08
GMRES solver converged in 8 iterations (avg. reduction factor: 9.837e-02)
  Residual norms for GMRES solve
  0 (restart 0) KSP residual norm 1.241612e+00
  1 (restart 0) KSP residual norm 1.070183e-02
  2 (restart 0) KSP residual norm 4.917722e-04
  3 (restart 0) KSP residual norm 7.197049e-05
  4 (restart 0) KSP residual norm 1.097673e-05
  5 (restart 0) KSP residual norm 2.058767e-06
  6 (restart 0) KSP residual norm 3.858565e-07
  7 (restart 0) KSP residual norm 7.107707e-08
  8 (restart 0) KSP residual norm 1.377883e-08
  9 (restart 0) KSP residual norm 2.540504e-09
GMRES solver converged in 9 iterations (avg. reduction factor: 1.083e-01)
  Residual norms for GMRES solve
  0 (restart 0) KSP residual norm 4.494616e-01
  1 (restart 0) KSP residual norm 7.957093e-03
  2 (restart 0) KSP residual norm 4.045114e-04
  3 (restart 0) KSP residual norm 6.148565e-05
  4 (restart 0) KSP residual norm 1.011962e-05
  5 (restart 0) KSP residual norm 2.047193e-06
  6 (restart 0) KSP residual norm 3.986223e-07
  7 (restart 0) KSP residual norm 7.173626e-08
  8 (restart 0) KSP residual norm 1.291585e-08
  9 (restart 0) KSP residual norm 2.257595e-09
GMRES solver converged in 9 iterations (avg. reduction factor: 1.196e-01)
  Residual norms for GMRES solve
  0 (restart 0) KSP residual norm 1.622870e-01
  1 (restart 0) KSP residual norm 4.374148e-03
  2 (restart 0) KSP residual norm 3.797449e-04
  3 (restart 0) KSP residual norm 6.756664e-05
  4 (restart 0) KSP residual norm 1.209260e-05
  5 (restart 0) KSP residual norm 2.377847e-06
  6 (restart 0) KSP residual norm 4.143662e-07
  7 (restart 0) KSP residual norm 7.623065e-08
  8 (restart 0) KSP residual norm 1.488930e-08
  9 (restart 0) KSP residual norm 2.638888e-09
 10 (restart 0) KSP residual norm 4.357814e-10
GMRES solver converged in 10 iterations (avg. reduction factor: 1.390e-01)
  Residual norms for GMRES solve
  0 (restart 0) KSP residual norm 2.452582e-01
  1 (restart 0) KSP residual norm 1.042396e-02
  2 (restart 0) KSP residual norm 5.475023e-04
  3 (restart 0) KSP residual norm 6.912404e-05
  4 (restart 0) KSP residual norm 1.118678e-05
  5 (restart 0) KSP residual norm 2.155956e-06
  6 (restart 0) KSP residual norm 3.621640e-07
  7 (restart 0) KSP residual norm 6.345176e-08
  8 (restart 0) KSP residual norm 1.216962e-08
  9 (restart 0) KSP residual norm 2.289420e-09
GMRES solver converged in 9 iterations (avg. reduction factor: 1.282e-01)
  Residual norms for GMRES solve
  0 (restart 0) KSP residual norm 2.299414e-01
  1 (restart 0) KSP residual norm 8.212792e-03
  2 (restart 0) KSP residual norm 4.261926e-04
  3 (restart 0) KSP residual norm 5.840509e-05
  4 (restart 0) KSP residual norm 8.975889e-06
  5 (restart 0) KSP residual norm 1.665819e-06
  6 (restart 0) KSP residual norm 2.932864e-07
  7 (restart 0) KSP residual norm 5.415568e-08
  8 (restart 0) KSP residual norm 1.051847e-08
  9 (restart 0) KSP residual norm 1.925177e-09
GMRES solver converged in 9 iterations (avg. reduction factor: 1.266e-01)
  Residual norms for GMRES solve
  0 (restart 0) KSP residual norm 1.101854e-01
  1 (restart 0) KSP residual norm 4.750926e-03
  2 (restart 0) KSP residual norm 3.862985e-04
  3 (restart 0) KSP residual norm 5.766857e-05
  4 (restart 0) KSP residual norm 1.033108e-05
  5 (restart 0) KSP residual norm 2.067118e-06
  6 (restart 0) KSP residual norm 4.024561e-07
  7 (restart 0) KSP residual norm 7.078528e-08
  8 (restart 0) KSP residual norm 1.234800e-08
  9 (restart 0) KSP residual norm 2.140018e-09
 10 (restart 0) KSP residual norm 3.454044e-10
GMRES solver converged in 10 iterations (avg. reduction factor: 1.411e-01)
  Residual norms for GMRES solve
  0 (restart 0) KSP residual norm 2.729418e-01
  1 (restart 0) KSP residual norm 9.803041e-03
  2 (restart 0) KSP residual norm 4.332935e-04
  3 (restart 0) KSP residual norm 6.930704e-05
  4 (restart 0) KSP residual norm 1.112266e-05
  5 (restart 0) KSP residual norm 1.991008e-06
  6 (restart 0) KSP residual norm 3.644347e-07
  7 (restart 0) KSP residual norm 6.718076e-08
  8 (restart 0) KSP residual norm 1.322508e-08
  9 (restart 0) KSP residual norm 2.408724e-09
GMRES solver converged in 9 iterations (avg. reduction factor: 1.274e-01)
  Residual norms for GMRES solve
  0 (restart 0) KSP residual norm 2.222593e-01
  1 (restart 0) KSP residual norm 8.057427e-03
  2 (restart 0) KSP residual norm 4.249273e-04
  3 (restart 0) KSP residual norm 6.547925e-05
  4 (restart 0) KSP residual norm 1.059644e-05
  5 (restart 0) KSP residual norm 2.007860e-06
  6 (restart 0) KSP residual norm 3.823027e-07
  7 (restart 0) KSP residual norm 6.857870e-08
  8 (restart 0) KSP residual norm 1.318935e-08
  9 (restart 0) KSP residual norm 2.365845e-09
 10 (restart 0) KSP residual norm 4.031052e-10
GMRES solver converged in 10 iterations (avg. reduction factor: 1.336e-01)
  Residual norms for GMRES solve
  0 (restart 0) KSP residual norm 1.760641e-01
  1 (restart 0) KSP residual norm 6.450490e-03
  2 (restart 0) KSP residual norm 3.781657e-04
  3 (restart 0) KSP residual norm 5.845851e-05
  4 (restart 0) KSP residual norm 9.633619e-06
  5 (restart 0) KSP residual norm 1.745343e-06
  6 (restart 0) KSP residual norm 3.156375e-07
  7 (restart 0) KSP residual norm 5.598274e-08
  8 (restart 0) KSP residual norm 1.053045e-08
  9 (restart 0) KSP residual norm 2.030139e-09
 10 (restart 0) KSP residual norm 3.721514e-10
GMRES solver converged in 10 iterations (avg. reduction factor: 1.357e-01)
  Residual norms for GMRES solve
  0 (restart 0) KSP residual norm 3.664147e-01
  1 (restart 0) KSP residual norm 9.765658e-03
  2 (restart 0) KSP residual norm 4.234760e-04
  3 (restart 0) KSP residual norm 6.537503e-05
  4 (restart 0) KSP residual norm 1.080141e-05
  5 (restart 0) KSP residual norm 2.141102e-06
  6 (restart 0) KSP residual norm 4.119702e-07
  7 (restart 0) KSP residual norm 7.423912e-08
  8 (restart 0) KSP residual norm 1.390298e-08
  9 (restart 0) KSP residual norm 2.429948e-09
GMRES solver converged in 9 iterations (avg. reduction factor: 1.234e-01)
  Residual norms for GMRES solve
  0 (restart 0) KSP residual norm 2.748641e-01
  1 (restart 0) KSP residual norm 8.699433e-03
  2 (restart 0) KSP residual norm 4.099118e-04
  3 (restart 0) KSP residual norm 5.936772e-05
  4 (restart 0) KSP residual norm 9.832596e-06
  5 (restart 0) KSP residual norm 1.947401e-06
  6 (restart 0) KSP residual norm 3.775005e-07
  7 (restart 0) KSP residual norm 6.895888e-08
  8 (restart 0) KSP residual norm 1.233686e-08
  9 (restart 0) KSP residual norm 2.142865e-09
GMRES solver converged in 9 iterations (avg. reduction factor: 1.256e-01)
  Residual norms for GMRES solve
  0 (restart 0) KSP residual norm 2.625270e-01
  1 (restart 0) KSP residual norm 8.399275e-03
  2 (restart 0) KSP residual norm 4.051986e-04
  3 (restart 0) KSP residual norm 6.288254e-05
  4 (restart 0) KSP residual norm 9.874228e-06
  5 (restart 0) KSP residual norm 1.811907e-06
  6 (restart 0) KSP residual norm 3.414148e-07
  7 (restart 0) KSP residual norm 6.330868e-08
  8 (restart 0) KSP residual norm 1.189369e-08
  9 (restart 0) KSP residual norm 2.123501e-09
GMRES solver converged in 9 iterations (avg. reduction factor: 1.261e-01)
  Residual norms for GMRES solve
  0 (restart 0) KSP residual norm 2.642091e-01
  1 (restart 0) KSP residual norm 5.899898e-03
  2 (restart 0) KSP residual norm 3.642640e-04
  3 (restart 0) KSP residual norm 6.017569e-05
  4 (restart 0) KSP residual norm 9.962174e-06
  5 (restart 0) KSP residual norm 1.895183e-06
  6 (restart 0) KSP residual norm 3.651798e-07
  7 (restart 0) KSP residual norm 6.505521e-08
  8 (restart 0) KSP residual norm 1.188623e-08
  9 (restart 0) KSP residual norm 2.211146e-09
GMRES solver converged in 9 iterations (avg. reduction factor: 1.266e-01)
  Residual norms for GMRES solve
  0 (restart 0) KSP residual norm 8.070940e-02
  1 (restart 0) KSP residual norm 4.981641e-03
  2 (restart 0) KSP residual norm 3.252086e-04
  3 (restart 0) KSP residual norm 5.925833e-05
  4 (restart 0) KSP residual norm 1.032548e-05
  5 (restart 0) KSP residual norm 2.023329e-06
  6 (restart 0) KSP residual norm 3.983636e-07
  7 (restart 0) KSP residual norm 7.017357e-08
  8 (restart 0) KSP residual norm 1.279404e-08
  9 (restart 0) KSP residual norm 2.159809e-09
 10 (restart 0) KSP residual norm 3.484320e-10
GMRES solver converged in 10 iterations (avg. reduction factor: 1.457e-01)
  Residual norms for GMRES solve
  0 (restart 0) KSP residual norm 1.825370e-01
  1 (restart 0) KSP residual norm 7.482784e-03
  2 (restart 0) KSP residual norm 4.139280e-04
  3 (restart 0) KSP residual norm 6.245655e-05
  4 (restart 0) KSP residual norm 1.000126e-05
  5 (restart 0) KSP residual norm 1.878634e-06
  6 (restart 0) KSP residual norm 3.402609e-07
  7 (restart 0) KSP residual norm 6.384361e-08
  8 (restart 0) KSP residual norm 1.232051e-08
  9 (restart 0) KSP residual norm 2.199299e-09
 10 (restart 0) KSP residual norm 3.831557e-10
GMRES solver converged in 10 iterations (avg. reduction factor: 1.356e-01)
  Residual norms for GMRES solve
  0 (restart 0) KSP residual norm 1.614681e-01
  1 (restart 0) KSP residual norm 7.177144e-03
  2 (restart 0) KSP residual norm 4.151013e-04
  3 (restart 0) KSP residual norm 6.241473e-05
  4 (restart 0) KSP residual norm 9.777640e-06
  5 (restart 0) KSP residual norm 1.847392e-06
  6 (restart 0) KSP residual norm 3.350529e-07
  7 (restart 0) KSP residual norm 6.275660e-08
  8 (restart 0) KSP residual norm 1.221599e-08
  9 (restart 0) KSP residual norm 2.203136e-09
 10 (restart 0) KSP residual norm 3.812351e-10
GMRES solver converged in 10 iterations (avg. reduction factor: 1.372e-01)
  Residual norms for GMRES solve
  0 (restart 0) KSP residual norm 1.599692e-01
  1 (restart 0) KSP residual norm 5.028358e-03
  2 (restart 0) KSP residual norm 3.602462e-04
  3 (restart 0) KSP residual norm 5.656392e-05
  4 (restart 0) KSP residual norm 9.379765e-06
  5 (restart 0) KSP residual norm 1.758159e-06
  6 (restart 0) KSP residual norm 3.455601e-07
  7 (restart 0) KSP residual norm 6.528553e-08
  8 (restart 0) KSP residual norm 1.176280e-08
  9 (restart 0) KSP residual norm 1.972757e-09
 10 (restart 0) KSP residual norm 3.240450e-10
GMRES solver converged in 10 iterations (avg. reduction factor: 1.351e-01)
  Residual norms for GMRES solve
  0 (restart 0) KSP residual norm 1.175857e-01
  1 (restart 0) KSP residual norm 4.987586e-03
  2 (restart 0) KSP residual norm 3.802737e-04
  3 (restart 0) KSP residual norm 6.277722e-05
  4 (restart 0) KSP residual norm 1.043671e-05
  5 (restart 0) KSP residual norm 2.078816e-06
  6 (restart 0) KSP residual norm 4.025395e-07
  7 (restart 0) KSP residual norm 7.486245e-08
  8 (restart 0) KSP residual norm 1.321310e-08
  9 (restart 0) KSP residual norm 2.252441e-09
 10 (restart 0) KSP residual norm 3.780890e-10
GMRES solver converged in 10 iterations (avg. reduction factor: 1.415e-01)
  Residual norms for GMRES solve
  0 (restart 0) KSP residual norm 1.186762e-01
  1 (restart 0) KSP residual norm 5.198207e-03
  2 (restart 0) KSP residual norm 3.683785e-04
  3 (restart 0) KSP residual norm 5.481444e-05
  4 (restart 0) KSP residual norm 8.119092e-06
  5 (restart 0) KSP residual norm 1.443732e-06
  6 (restart 0) KSP residual norm 2.663611e-07
  7 (restart 0) KSP residual norm 4.878255e-08
  8 (restart 0) KSP residual norm 9.291370e-09
  9 (restart 0) KSP residual norm 1.729743e-09
 10 (restart 0) KSP residual norm 3.044596e-10
GMRES solver converged in 10 iterations (avg. reduction factor: 1.383e-01)
  Residual norms for GMRES solve
  0 (restart 0) KSP residual norm 2.841071e-01
  1 (restart 0) KSP residual norm 7.178192e-03
  2 (restart 0) KSP residual norm 4.226298e-04
  3 (restart 0) KSP residual norm 6.023456e-05
  4 (restart 0) KSP residual norm 9.294460e-06
  5 (restart 0) KSP residual norm 1.695068e-06
  6 (restart 0) KSP residual norm 3.188528e-07
  7 (restart 0) KSP residual norm 5.996937e-08
  8 (restart 0) KSP residual norm 1.130286e-08
  9 (restart 0) KSP residual norm 1.996840e-09
GMRES solver converged in 9 iterations (avg. reduction factor: 1.242e-01)
  Residual norms for GMRES solve
  0 (restart 0) KSP residual norm 2.285683e-01
  1 (restart 0) KSP residual norm 8.777805e-03
  2 (restart 0) KSP residual norm 4.399896e-04
  3 (restart 0) KSP residual norm 6.995834e-05
  4 (restart 0) KSP residual norm 1.135925e-05
  5 (restart 0) KSP residual norm 2.090250e-06
  6 (restart 0) KSP residual norm 3.822043e-07
  7 (restart 0) KSP residual norm 6.969210e-08
  8 (restart 0) KSP residual norm 1.333932e-08
  9 (restart 0) KSP residual norm 2.423217e-09
 10 (restart 0) KSP residual norm 4.285614e-10
GMRES solver converged in 10 iterations (avg. reduction factor: 1.341e-01)
  Residual norms for GMRES solve
  0 (restart 0) KSP residual norm 1.334656e-01
  1 (restart 0) KSP residual norm 5.266167e-03
  2 (restart 0) KSP residual norm 3.857417e-04
  3 (restart 0) KSP residual norm 5.810386e-05
  4 (restart 0) KSP residual norm 9.348180e-06
  5 (restart 0) KSP residual norm 1.742328e-06
  6 (restart 0) KSP residual norm 3.183819e-07
  7 (restart 0) KSP residual norm 5.715036e-08
  8 (restart 0) KSP residual norm 1.117615e-08
  9 (restart 0) KSP residual norm 2.094920e-09
 10 (restart 0) KSP residual norm 3.621656e-10
GMRES solver converged in 10 iterations (avg. reduction factor: 1.391e-01)
  1 EPS nconv=8 first unconverged value (error) 0.000978528+8.41896e-13i (1.07035216e-07)
  Residual norms for GMRES solve
  0 (restart 0) KSP residual norm 5.190762e-01
  1 (restart 0) KSP residual norm 6.630982e-03
  2 (restart 0) KSP residual norm 3.773399e-04
  3 (restart 0) KSP residual norm 6.162184e-05
  4 (restart 0) KSP residual norm 9.602319e-06
  5 (restart 0) KSP residual norm 1.696162e-06
  6 (restart 0) KSP residual norm 3.232974e-07
  7 (restart 0) KSP residual norm 6.015242e-08
  8 (restart 0) KSP residual norm 1.134501e-08
  9 (restart 0) KSP residual norm 2.089880e-09
GMRES solver converged in 9 iterations (avg. reduction factor: 1.167e-01)
  Residual norms for GMRES solve
  0 (restart 0) KSP residual norm 2.058625e-01
  1 (restart 0) KSP residual norm 4.980825e-03
  2 (restart 0) KSP residual norm 2.983124e-04
  3 (restart 0) KSP residual norm 4.837267e-05
  4 (restart 0) KSP residual norm 7.500714e-06
  5 (restart 0) KSP residual norm 1.436785e-06
  6 (restart 0) KSP residual norm 2.811084e-07
  7 (restart 0) KSP residual norm 5.205975e-08
  8 (restart 0) KSP residual norm 9.557114e-09
  9 (restart 0) KSP residual norm 1.672528e-09
GMRES solver converged in 9 iterations (avg. reduction factor: 1.262e-01)
  Residual norms for GMRES solve
  0 (restart 0) KSP residual norm 2.939506e-01
  1 (restart 0) KSP residual norm 5.620752e-03
  2 (restart 0) KSP residual norm 3.349738e-04
  3 (restart 0) KSP residual norm 5.366632e-05
  4 (restart 0) KSP residual norm 8.683362e-06
  5 (restart 0) KSP residual norm 1.619862e-06
  6 (restart 0) KSP residual norm 3.189384e-07
  7 (restart 0) KSP residual norm 6.001948e-08
  8 (restart 0) KSP residual norm 1.091017e-08
  9 (restart 0) KSP residual norm 1.855799e-09
GMRES solver converged in 9 iterations (avg. reduction factor: 1.227e-01)
  Residual norms for GMRES solve
  0 (restart 0) KSP residual norm 1.087222e-01
  1 (restart 0) KSP residual norm 4.278000e-03
  2 (restart 0) KSP residual norm 3.558772e-04
  3 (restart 0) KSP residual norm 5.914252e-05
  4 (restart 0) KSP residual norm 9.256225e-06
  5 (restart 0) KSP residual norm 1.727965e-06
  6 (restart 0) KSP residual norm 3.326485e-07
  7 (restart 0) KSP residual norm 6.309558e-08
  8 (restart 0) KSP residual norm 1.204318e-08
  9 (restart 0) KSP residual norm 2.046354e-09
 10 (restart 0) KSP residual norm 3.389241e-10
GMRES solver converged in 10 iterations (avg. reduction factor: 1.411e-01)
  Residual norms for GMRES solve
  0 (restart 0) KSP residual norm 2.256528e-01
  1 (restart 0) KSP residual norm 6.413737e-03
  2 (restart 0) KSP residual norm 3.573368e-04
  3 (restart 0) KSP residual norm 5.928820e-05
  4 (restart 0) KSP residual norm 9.693326e-06
  5 (restart 0) KSP residual norm 1.826588e-06
  6 (restart 0) KSP residual norm 3.452892e-07
  7 (restart 0) KSP residual norm 6.446979e-08
  8 (restart 0) KSP residual norm 1.229647e-08
  9 (restart 0) KSP residual norm 2.153083e-09
GMRES solver converged in 9 iterations (avg. reduction factor: 1.285e-01)
  Residual norms for GMRES solve
  0 (restart 0) KSP residual norm 1.926569e-01
  1 (restart 0) KSP residual norm 5.417612e-03
  2 (restart 0) KSP residual norm 3.471542e-04
  3 (restart 0) KSP residual norm 5.798124e-05
  4 (restart 0) KSP residual norm 9.664466e-06
  5 (restart 0) KSP residual norm 1.861880e-06
  6 (restart 0) KSP residual norm 3.625988e-07
  7 (restart 0) KSP residual norm 6.631188e-08
  8 (restart 0) KSP residual norm 1.184599e-08
  9 (restart 0) KSP residual norm 2.054150e-09
 10 (restart 0) KSP residual norm 3.434983e-10
GMRES solver converged in 10 iterations (avg. reduction factor: 1.334e-01)
  Residual norms for GMRES solve
  0 (restart 0) KSP residual norm 7.280252e-02
  1 (restart 0) KSP residual norm 3.987607e-03
  2 (restart 0) KSP residual norm 3.126128e-04
  3 (restart 0) KSP residual norm 5.732230e-05
  4 (restart 0) KSP residual norm 9.626235e-06
  5 (restart 0) KSP residual norm 1.768291e-06
  6 (restart 0) KSP residual norm 3.454937e-07
  7 (restart 0) KSP residual norm 6.527206e-08
  8 (restart 0) KSP residual norm 1.189018e-08
  9 (restart 0) KSP residual norm 2.108184e-09
 10 (restart 0) KSP residual norm 3.684580e-10
GMRES solver converged in 10 iterations (avg. reduction factor: 1.481e-01)
  Residual norms for GMRES solve
  0 (restart 0) KSP residual norm 3.914635e-01
  1 (restart 0) KSP residual norm 6.584873e-03
  2 (restart 0) KSP residual norm 3.939579e-04
  3 (restart 0) KSP residual norm 6.372330e-05
  4 (restart 0) KSP residual norm 1.122795e-05
  5 (restart 0) KSP residual norm 2.310888e-06
  6 (restart 0) KSP residual norm 4.405809e-07
  7 (restart 0) KSP residual norm 7.523088e-08
  8 (restart 0) KSP residual norm 1.308814e-08
  9 (restart 0) KSP residual norm 2.173801e-09
GMRES solver converged in 9 iterations (avg. reduction factor: 1.210e-01)
  Residual norms for GMRES solve
  0 (restart 0) KSP residual norm 1.350965e-01
  1 (restart 0) KSP residual norm 6.479224e-03
  2 (restart 0) KSP residual norm 3.509526e-04
  3 (restart 0) KSP residual norm 6.318504e-05
  4 (restart 0) KSP residual norm 9.969304e-06
  5 (restart 0) KSP residual norm 1.910480e-06
  6 (restart 0) KSP residual norm 3.717693e-07
  7 (restart 0) KSP residual norm 6.863130e-08
  8 (restart 0) KSP residual norm 1.257919e-08
  9 (restart 0) KSP residual norm 2.171008e-09
 10 (restart 0) KSP residual norm 3.596565e-10
GMRES solver converged in 10 iterations (avg. reduction factor: 1.388e-01)
  Residual norms for GMRES solve
  0 (restart 0) KSP residual norm 4.746898e-01
  1 (restart 0) KSP residual norm 6.231148e-03
  2 (restart 0) KSP residual norm 3.762559e-04
  3 (restart 0) KSP residual norm 5.971822e-05
  4 (restart 0) KSP residual norm 9.994089e-06
  5 (restart 0) KSP residual norm 1.995747e-06
  6 (restart 0) KSP residual norm 3.815822e-07
  7 (restart 0) KSP residual norm 6.823602e-08
  8 (restart 0) KSP residual norm 1.237857e-08
  9 (restart 0) KSP residual norm 2.218885e-09
GMRES solver converged in 9 iterations (avg. reduction factor: 1.187e-01)
  Residual norms for GMRES solve
  0 (restart 0) KSP residual norm 2.166378e-01
  1 (restart 0) KSP residual norm 5.699922e-03
  2 (restart 0) KSP residual norm 3.770154e-04
  3 (restart 0) KSP residual norm 5.926462e-05
  4 (restart 0) KSP residual norm 1.057017e-05
  5 (restart 0) KSP residual norm 2.147780e-06
  6 (restart 0) KSP residual norm 3.991153e-07
  7 (restart 0) KSP residual norm 7.074274e-08
  8 (restart 0) KSP residual norm 1.332927e-08
  9 (restart 0) KSP residual norm 2.326144e-09
 10 (restart 0) KSP residual norm 3.830780e-10
GMRES solver converged in 10 iterations (avg. reduction factor: 1.333e-01)
  Residual norms for GMRES solve
  0 (restart 0) KSP residual norm 3.943378e-01
  1 (restart 0) KSP residual norm 7.050564e-03
  2 (restart 0) KSP residual norm 4.080580e-04
  3 (restart 0) KSP residual norm 5.893169e-05
  4 (restart 0) KSP residual norm 9.762523e-06
  5 (restart 0) KSP residual norm 1.985930e-06
  6 (restart 0) KSP residual norm 3.802881e-07
  7 (restart 0) KSP residual norm 6.997528e-08
  8 (restart 0) KSP residual norm 1.289571e-08
  9 (restart 0) KSP residual norm 2.164564e-09
GMRES solver converged in 9 iterations (avg. reduction factor: 1.208e-01)
  Residual norms for GMRES solve
  0 (restart 0) KSP residual norm 1.336632e-01
  1 (restart 0) KSP residual norm 4.933175e-03
  2 (restart 0) KSP residual norm 4.125396e-04
  3 (restart 0) KSP residual norm 6.143615e-05
  4 (restart 0) KSP residual norm 1.040524e-05
  5 (restart 0) KSP residual norm 2.002675e-06
  6 (restart 0) KSP residual norm 3.805794e-07
  7 (restart 0) KSP residual norm 6.908923e-08
  8 (restart 0) KSP residual norm 1.342409e-08
  9 (restart 0) KSP residual norm 2.395070e-09
 10 (restart 0) KSP residual norm 3.924070e-10
GMRES solver converged in 10 iterations (avg. reduction factor: 1.402e-01)
  Residual norms for GMRES solve
  0 (restart 0) KSP residual norm 3.455194e-01
  1 (restart 0) KSP residual norm 7.248209e-03
  2 (restart 0) KSP residual norm 4.184392e-04
  3 (restart 0) KSP residual norm 6.104956e-05
  4 (restart 0) KSP residual norm 9.444624e-06
  5 (restart 0) KSP residual norm 1.664470e-06
  6 (restart 0) KSP residual norm 3.111177e-07
  7 (restart 0) KSP residual norm 5.625323e-08
  8 (restart 0) KSP residual norm 1.080142e-08
  9 (restart 0) KSP residual norm 2.025084e-09
GMRES solver converged in 9 iterations (avg. reduction factor: 1.217e-01)
  Residual norms for GMRES solve
  0 (restart 0) KSP residual norm 1.219774e-01
  1 (restart 0) KSP residual norm 5.554775e-03
  2 (restart 0) KSP residual norm 3.699106e-04
  3 (restart 0) KSP residual norm 6.024157e-05
  4 (restart 0) KSP residual norm 1.043622e-05
  5 (restart 0) KSP residual norm 2.073549e-06
  6 (restart 0) KSP residual norm 4.003052e-07
  7 (restart 0) KSP residual norm 7.242108e-08
  8 (restart 0) KSP residual norm 1.293796e-08
  9 (restart 0) KSP residual norm 2.213351e-09
 10 (restart 0) KSP residual norm 3.744898e-10
GMRES solver converged in 10 iterations (avg. reduction factor: 1.408e-01)
  Residual norms for GMRES solve
  0 (restart 0) KSP residual norm 2.503127e-01
  1 (restart 0) KSP residual norm 5.507655e-03
  2 (restart 0) KSP residual norm 3.962024e-04
  3 (restart 0) KSP residual norm 5.985182e-05
  4 (restart 0) KSP residual norm 9.837253e-06
  5 (restart 0) KSP residual norm 1.853988e-06
  6 (restart 0) KSP residual norm 3.614112e-07
  7 (restart 0) KSP residual norm 6.893079e-08
  8 (restart 0) KSP residual norm 1.262596e-08
  9 (restart 0) KSP residual norm 2.207014e-09
GMRES solver converged in 9 iterations (avg. reduction factor: 1.274e-01)
  Residual norms for GMRES solve
  0 (restart 0) KSP residual norm 4.267173e-01
  1 (restart 0) KSP residual norm 5.558508e-03
  2 (restart 0) KSP residual norm 3.607221e-04
  3 (restart 0) KSP residual norm 5.801876e-05
  4 (restart 0) KSP residual norm 1.051852e-05
  5 (restart 0) KSP residual norm 2.078543e-06
  6 (restart 0) KSP residual norm 3.901804e-07
  7 (restart 0) KSP residual norm 6.902759e-08
  8 (restart 0) KSP residual norm 1.243025e-08
  9 (restart 0) KSP residual norm 2.185113e-09
GMRES solver converged in 9 iterations (avg. reduction factor: 1.199e-01)
  Residual norms for GMRES solve
  0 (restart 0) KSP residual norm 4.077820e-01
  1 (restart 0) KSP residual norm 5.223628e-03
  2 (restart 0) KSP residual norm 3.317479e-04
  3 (restart 0) KSP residual norm 5.388885e-05
  4 (restart 0) KSP residual norm 9.215002e-06
  5 (restart 0) KSP residual norm 1.752695e-06
  6 (restart 0) KSP residual norm 3.335409e-07
  7 (restart 0) KSP residual norm 5.989516e-08
  8 (restart 0) KSP residual norm 1.159149e-08
  9 (restart 0) KSP residual norm 2.054867e-09
GMRES solver converged in 9 iterations (avg. reduction factor: 1.197e-01)
  2 EPS nconv=16 first unconverged value (error) 0.00148097+3.36673e-10i (4.36686527e-05)
  Residual norms for GMRES solve
  0 (restart 0) KSP residual norm 5.886479e-02
  1 (restart 0) KSP residual norm 2.895303e-03
  2 (restart 0) KSP residual norm 2.974262e-04
  3 (restart 0) KSP residual norm 5.524531e-05
  4 (restart 0) KSP residual norm 8.629436e-06
  5 (restart 0) KSP residual norm 1.512198e-06
  6 (restart 0) KSP residual norm 2.893368e-07
  7 (restart 0) KSP residual norm 5.525044e-08
  8 (restart 0) KSP residual norm 1.066341e-08
  9 (restart 0) KSP residual norm 1.906790e-09
 10 (restart 0) KSP residual norm 3.292798e-10
GMRES solver converged in 10 iterations (avg. reduction factor: 1.495e-01)
  Residual norms for GMRES solve
  0 (restart 0) KSP residual norm 2.586657e-01
  1 (restart 0) KSP residual norm 6.795323e-03
  2 (restart 0) KSP residual norm 3.239137e-04
  3 (restart 0) KSP residual norm 5.627701e-05
  4 (restart 0) KSP residual norm 9.122952e-06
  5 (restart 0) KSP residual norm 1.703283e-06
  6 (restart 0) KSP residual norm 3.162883e-07
  7 (restart 0) KSP residual norm 5.717012e-08
  8 (restart 0) KSP residual norm 1.098961e-08
  9 (restart 0) KSP residual norm 1.999109e-09
GMRES solver converged in 9 iterations (avg. reduction factor: 1.255e-01)
  Residual norms for GMRES solve
  0 (restart 0) KSP residual norm 1.035274e-01
  1 (restart 0) KSP residual norm 5.096622e-03
  2 (restart 0) KSP residual norm 3.254997e-04
  3 (restart 0) KSP residual norm 5.341915e-05
  4 (restart 0) KSP residual norm 8.806995e-06
  5 (restart 0) KSP residual norm 1.676894e-06
  6 (restart 0) KSP residual norm 3.164334e-07
  7 (restart 0) KSP residual norm 5.985731e-08
  8 (restart 0) KSP residual norm 1.121173e-08
  9 (restart 0) KSP residual norm 2.004221e-09
 10 (restart 0) KSP residual norm 3.437625e-10
GMRES solver converged in 10 iterations (avg. reduction factor: 1.419e-01)
  Residual norms for GMRES solve
  0 (restart 0) KSP residual norm 3.462346e-01
  1 (restart 0) KSP residual norm 6.061862e-03
  2 (restart 0) KSP residual norm 3.445604e-04
  3 (restart 0) KSP residual norm 5.751876e-05
  4 (restart 0) KSP residual norm 9.833116e-06
  5 (restart 0) KSP residual norm 1.871749e-06
  6 (restart 0) KSP residual norm 3.625633e-07
  7 (restart 0) KSP residual norm 6.576148e-08
  8 (restart 0) KSP residual norm 1.203208e-08
  9 (restart 0) KSP residual norm 2.116290e-09
GMRES solver converged in 9 iterations (avg. reduction factor: 1.223e-01)
  Residual norms for GMRES solve
  0 (restart 0) KSP residual norm 1.835530e-01
  1 (restart 0) KSP residual norm 5.479757e-03
  2 (restart 0) KSP residual norm 3.401629e-04
  3 (restart 0) KSP residual norm 5.664244e-05
  4 (restart 0) KSP residual norm 9.291219e-06
  5 (restart 0) KSP residual norm 1.765814e-06
  6 (restart 0) KSP residual norm 3.415264e-07
  7 (restart 0) KSP residual norm 6.259090e-08
  8 (restart 0) KSP residual norm 1.145361e-08
  9 (restart 0) KSP residual norm 2.047864e-09
 10 (restart 0) KSP residual norm 3.290709e-10
GMRES solver converged in 10 iterations (avg. reduction factor: 1.335e-01)
  Residual norms for GMRES solve
  0 (restart 0) KSP residual norm 1.171926e-01
  1 (restart 0) KSP residual norm 4.740230e-03
  2 (restart 0) KSP residual norm 3.130302e-04
  3 (restart 0) KSP residual norm 5.465166e-05
  4 (restart 0) KSP residual norm 8.775416e-06
  5 (restart 0) KSP residual norm 1.506140e-06
  6 (restart 0) KSP residual norm 2.741859e-07
  7 (restart 0) KSP residual norm 4.867962e-08
  8 (restart 0) KSP residual norm 9.220382e-09
  9 (restart 0) KSP residual norm 1.778084e-09
 10 (restart 0) KSP residual norm 3.256231e-10
GMRES solver converged in 10 iterations (avg. reduction factor: 1.394e-01)
  Residual norms for GMRES solve
  0 (restart 0) KSP residual norm 9.563289e-02
  1 (restart 0) KSP residual norm 4.279709e-03
  2 (restart 0) KSP residual norm 3.057899e-04
  3 (restart 0) KSP residual norm 4.992305e-05
  4 (restart 0) KSP residual norm 8.190942e-06
  5 (restart 0) KSP residual norm 1.453707e-06
  6 (restart 0) KSP residual norm 2.771541e-07
  7 (restart 0) KSP residual norm 5.195544e-08
  8 (restart 0) KSP residual norm 9.756213e-09
  9 (restart 0) KSP residual norm 1.759133e-09
 10 (restart 0) KSP residual norm 3.097087e-10
GMRES solver converged in 10 iterations (avg. reduction factor: 1.416e-01)
  Residual norms for GMRES solve
  0 (restart 0) KSP residual norm 1.965775e-01
  1 (restart 0) KSP residual norm 5.841704e-03
  2 (restart 0) KSP residual norm 3.246414e-04
  3 (restart 0) KSP residual norm 5.479690e-05
  4 (restart 0) KSP residual norm 8.591804e-06
  5 (restart 0) KSP residual norm 1.556259e-06
  6 (restart 0) KSP residual norm 3.000249e-07
  7 (restart 0) KSP residual norm 5.496784e-08
  8 (restart 0) KSP residual norm 1.056648e-08
  9 (restart 0) KSP residual norm 1.944587e-09
GMRES solver converged in 9 iterations (avg. reduction factor: 1.290e-01)
  Residual norms for GMRES solve
  0 (restart 0) KSP residual norm 1.167386e-01
  1 (restart 0) KSP residual norm 4.941607e-03
  2 (restart 0) KSP residual norm 3.170490e-04
  3 (restart 0) KSP residual norm 5.865912e-05
  4 (restart 0) KSP residual norm 1.100081e-05
  5 (restart 0) KSP residual norm 2.179089e-06
  6 (restart 0) KSP residual norm 4.130882e-07
  7 (restart 0) KSP residual norm 7.117133e-08
  8 (restart 0) KSP residual norm 1.249986e-08
  9 (restart 0) KSP residual norm 2.078982e-09
 10 (restart 0) KSP residual norm 3.465583e-10
GMRES solver converged in 10 iterations (avg. reduction factor: 1.404e-01)
  Residual norms for GMRES solve
  0 (restart 0) KSP residual norm 1.178052e-01
  1 (restart 0) KSP residual norm 4.708260e-03
  2 (restart 0) KSP residual norm 3.113400e-04
  3 (restart 0) KSP residual norm 5.244319e-05
  4 (restart 0) KSP residual norm 8.584580e-06
  5 (restart 0) KSP residual norm 1.633374e-06
  6 (restart 0) KSP residual norm 3.181626e-07
  7 (restart 0) KSP residual norm 5.908302e-08
  8 (restart 0) KSP residual norm 1.093476e-08
  9 (restart 0) KSP residual norm 1.928695e-09
 10 (restart 0) KSP residual norm 3.277180e-10
GMRES solver converged in 10 iterations (avg. reduction factor: 1.395e-01)
  Residual norms for GMRES solve
  0 (restart 0) KSP residual norm 7.555312e-02
  1 (restart 0) KSP residual norm 4.053886e-03
  2 (restart 0) KSP residual norm 3.025462e-04
  3 (restart 0) KSP residual norm 5.692187e-05
  4 (restart 0) KSP residual norm 1.015689e-05
  5 (restart 0) KSP residual norm 1.993262e-06
  6 (restart 0) KSP residual norm 3.872625e-07
  7 (restart 0) KSP residual norm 6.717324e-08
  8 (restart 0) KSP residual norm 1.172418e-08
  9 (restart 0) KSP residual norm 2.072916e-09
 10 (restart 0) KSP residual norm 3.615591e-10
GMRES solver converged in 10 iterations (avg. reduction factor: 1.472e-01)
  Residual norms for GMRES solve
  0 (restart 0) KSP residual norm 1.080630e-01
  1 (restart 0) KSP residual norm 4.640719e-03
  2 (restart 0) KSP residual norm 3.328681e-04
  3 (restart 0) KSP residual norm 5.607751e-05
  4 (restart 0) KSP residual norm 9.521771e-06
  5 (restart 0) KSP residual norm 1.840637e-06
  6 (restart 0) KSP residual norm 3.636967e-07
  7 (restart 0) KSP residual norm 6.702948e-08
  8 (restart 0) KSP residual norm 1.171564e-08
  9 (restart 0) KSP residual norm 1.986982e-09
 10 (restart 0) KSP residual norm 3.199929e-10
GMRES solver converged in 10 iterations (avg. reduction factor: 1.403e-01)
  Residual norms for GMRES solve
  0 (restart 0) KSP residual norm 2.374200e-01
  1 (restart 0) KSP residual norm 5.754492e-03
  2 (restart 0) KSP residual norm 3.302840e-04
  3 (restart 0) KSP residual norm 5.805223e-05
  4 (restart 0) KSP residual norm 9.534782e-06
  5 (restart 0) KSP residual norm 1.824609e-06
  6 (restart 0) KSP residual norm 3.592371e-07
  7 (restart 0) KSP residual norm 6.607329e-08
  8 (restart 0) KSP residual norm 1.195569e-08
  9 (restart 0) KSP residual norm 2.064477e-09
GMRES solver converged in 9 iterations (avg. reduction factor: 1.272e-01)
  Residual norms for GMRES solve
  0 (restart 0) KSP residual norm 1.115201e-01
  1 (restart 0) KSP residual norm 5.011926e-03
  2 (restart 0) KSP residual norm 3.222359e-04
  3 (restart 0) KSP residual norm 5.453912e-05
  4 (restart 0) KSP residual norm 9.145302e-06
  5 (restart 0) KSP residual norm 1.706904e-06
  6 (restart 0) KSP residual norm 3.284027e-07
  7 (restart 0) KSP residual norm 6.213171e-08
  8 (restart 0) KSP residual norm 1.121478e-08
  9 (restart 0) KSP residual norm 1.967858e-09
 10 (restart 0) KSP residual norm 3.325716e-10
GMRES solver converged in 10 iterations (avg. reduction factor: 1.404e-01)
  3 EPS nconv=20 first unconverged value (error) 0.00155184+5.65933e-13i (3.79825230e-07)
  Residual norms for GMRES solve
  0 (restart 0) KSP residual norm 2.565578e-01
  1 (restart 0) KSP residual norm 5.255108e-03
  2 (restart 0) KSP residual norm 3.419309e-04
  3 (restart 0) KSP residual norm 5.390058e-05
  4 (restart 0) KSP residual norm 8.357804e-06
  5 (restart 0) KSP residual norm 1.413995e-06
  6 (restart 0) KSP residual norm 2.431792e-07
  7 (restart 0) KSP residual norm 4.301228e-08
  8 (restart 0) KSP residual norm 8.308200e-09
  9 (restart 0) KSP residual norm 1.594185e-09
GMRES solver converged in 9 iterations (avg. reduction factor: 1.225e-01)
  Residual norms for GMRES solve
  0 (restart 0) KSP residual norm 7.077644e-02
  1 (restart 0) KSP residual norm 3.773888e-03
  2 (restart 0) KSP residual norm 2.695097e-04
  3 (restart 0) KSP residual norm 4.522967e-05
  4 (restart 0) KSP residual norm 7.899890e-06
  5 (restart 0) KSP residual norm 1.510367e-06
  6 (restart 0) KSP residual norm 2.861823e-07
  7 (restart 0) KSP residual norm 5.372317e-08
  8 (restart 0) KSP residual norm 1.004365e-08
  9 (restart 0) KSP residual norm 1.803434e-09
 10 (restart 0) KSP residual norm 3.022874e-10
GMRES solver converged in 10 iterations (avg. reduction factor: 1.456e-01)
  Residual norms for GMRES solve
  0 (restart 0) KSP residual norm 2.047465e-01
  1 (restart 0) KSP residual norm 5.645266e-03
  2 (restart 0) KSP residual norm 3.041967e-04
  3 (restart 0) KSP residual norm 5.029630e-05
  4 (restart 0) KSP residual norm 8.738141e-06
  5 (restart 0) KSP residual norm 1.749748e-06
  6 (restart 0) KSP residual norm 3.388659e-07
  7 (restart 0) KSP residual norm 6.143823e-08
  8 (restart 0) KSP residual norm 1.084132e-08
  9 (restart 0) KSP residual norm 1.821205e-09
GMRES solver converged in 9 iterations (avg. reduction factor: 1.275e-01)
  Residual norms for GMRES solve
  0 (restart 0) KSP residual norm 9.931040e-02
  1 (restart 0) KSP residual norm 5.020939e-03
  2 (restart 0) KSP residual norm 3.337825e-04
  3 (restart 0) KSP residual norm 5.316903e-05
  4 (restart 0) KSP residual norm 8.935258e-06
  5 (restart 0) KSP residual norm 1.654276e-06
  6 (restart 0) KSP residual norm 3.095460e-07
  7 (restart 0) KSP residual norm 5.954710e-08
  8 (restart 0) KSP residual norm 1.143200e-08
  9 (restart 0) KSP residual norm 1.989742e-09
 10 (restart 0) KSP residual norm 3.253335e-10
GMRES solver converged in 10 iterations (avg. reduction factor: 1.418e-01)
  Residual norms for GMRES solve
  0 (restart 0) KSP residual norm 9.946559e-02
  1 (restart 0) KSP residual norm 4.662640e-03
  2 (restart 0) KSP residual norm 3.226795e-04
  3 (restart 0) KSP residual norm 5.628754e-05
  4 (restart 0) KSP residual norm 9.577689e-06
  5 (restart 0) KSP residual norm 1.810345e-06
  6 (restart 0) KSP residual norm 3.535524e-07
  7 (restart 0) KSP residual norm 6.520906e-08
  8 (restart 0) KSP residual norm 1.171018e-08
  9 (restart 0) KSP residual norm 2.073828e-09
 10 (restart 0) KSP residual norm 3.516061e-10
GMRES solver converged in 10 iterations (avg. reduction factor: 1.428e-01)
  Residual norms for GMRES solve
  0 (restart 0) KSP residual norm 9.403063e-02
  1 (restart 0) KSP residual norm 4.563285e-03
  2 (restart 0) KSP residual norm 3.414185e-04
  3 (restart 0) KSP residual norm 5.733392e-05
  4 (restart 0) KSP residual norm 1.000391e-05
  5 (restart 0) KSP residual norm 1.865711e-06
  6 (restart 0) KSP residual norm 3.539540e-07
  7 (restart 0) KSP residual norm 6.656520e-08
  8 (restart 0) KSP residual norm 1.263596e-08
  9 (restart 0) KSP residual norm 2.252994e-09
 10 (restart 0) KSP residual norm 3.709804e-10
GMRES solver converged in 10 iterations (avg. reduction factor: 1.444e-01)
  Residual norms for GMRES solve
  0 (restart 0) KSP residual norm 1.222475e-01
  1 (restart 0) KSP residual norm 5.136296e-03
  2 (restart 0) KSP residual norm 3.125542e-04
  3 (restart 0) KSP residual norm 5.408167e-05
  4 (restart 0) KSP residual norm 8.923875e-06
  5 (restart 0) KSP residual norm 1.630417e-06
  6 (restart 0) KSP residual norm 3.139637e-07
  7 (restart 0) KSP residual norm 5.897072e-08
  8 (restart 0) KSP residual norm 1.090260e-08
  9 (restart 0) KSP residual norm 1.945754e-09
 10 (restart 0) KSP residual norm 3.391783e-10
GMRES solver converged in 10 iterations (avg. reduction factor: 1.394e-01)
  Residual norms for GMRES solve
  0 (restart 0) KSP residual norm 1.860334e-01
  1 (restart 0) KSP residual norm 5.211553e-03
  2 (restart 0) KSP residual norm 3.169393e-04
  3 (restart 0) KSP residual norm 5.280654e-05
  4 (restart 0) KSP residual norm 8.506722e-06
  5 (restart 0) KSP residual norm 1.562009e-06
  6 (restart 0) KSP residual norm 3.063108e-07
  7 (restart 0) KSP residual norm 5.818872e-08
  8 (restart 0) KSP residual norm 1.082720e-08
  9 (restart 0) KSP residual norm 1.833147e-09
GMRES solver converged in 9 iterations (avg. reduction factor: 1.289e-01)
  Residual norms for GMRES solve
  0 (restart 0) KSP residual norm 1.735770e-01
  1 (restart 0) KSP residual norm 4.701891e-03
  2 (restart 0) KSP residual norm 3.109106e-04
  3 (restart 0) KSP residual norm 5.174580e-05
  4 (restart 0) KSP residual norm 8.578651e-06
  5 (restart 0) KSP residual norm 1.523682e-06
  6 (restart 0) KSP residual norm 2.861082e-07
  7 (restart 0) KSP residual norm 5.210291e-08
  8 (restart 0) KSP residual norm 9.711695e-09
  9 (restart 0) KSP residual norm 1.871749e-09
 10 (restart 0) KSP residual norm 3.319487e-10
GMRES solver converged in 10 iterations (avg. reduction factor: 1.343e-01)
  Residual norms for GMRES solve
  0 (restart 0) KSP residual norm 1.120174e-01
  1 (restart 0) KSP residual norm 4.984495e-03
  2 (restart 0) KSP residual norm 3.254610e-04
  3 (restart 0) KSP residual norm 5.546895e-05
  4 (restart 0) KSP residual norm 8.837828e-06
  5 (restart 0) KSP residual norm 1.587116e-06
  6 (restart 0) KSP residual norm 2.865092e-07
  7 (restart 0) KSP residual norm 5.299633e-08
  8 (restart 0) KSP residual norm 1.027001e-08
  9 (restart 0) KSP residual norm 1.878599e-09
 10 (restart 0) KSP residual norm 3.355548e-10
GMRES solver converged in 10 iterations (avg. reduction factor: 1.405e-01)
  Residual norms for GMRES solve
  0 (restart 0) KSP residual norm 3.536583e-01
  1 (restart 0) KSP residual norm 5.455157e-03
  2 (restart 0) KSP residual norm 3.419453e-04
  3 (restart 0) KSP residual norm 5.438649e-05
  4 (restart 0) KSP residual norm 8.954572e-06
  5 (restart 0) KSP residual norm 1.649052e-06
  6 (restart 0) KSP residual norm 3.029343e-07
  7 (restart 0) KSP residual norm 5.471623e-08
  8 (restart 0) KSP residual norm 1.048212e-08
  9 (restart 0) KSP residual norm 2.028516e-09
GMRES solver converged in 9 iterations (avg. reduction factor: 1.214e-01)
  Residual norms for GMRES solve
  0 (restart 0) KSP residual norm 4.086446e-01
  1 (restart 0) KSP residual norm 5.148223e-03
  2 (restart 0) KSP residual norm 3.280353e-04
  3 (restart 0) KSP residual norm 5.316947e-05
  4 (restart 0) KSP residual norm 9.025555e-06
  5 (restart 0) KSP residual norm 1.682072e-06
  6 (restart 0) KSP residual norm 3.312382e-07
  7 (restart 0) KSP residual norm 6.081545e-08
  8 (restart 0) KSP residual norm 1.105583e-08
  9 (restart 0) KSP residual norm 1.945205e-09
GMRES solver converged in 9 iterations (avg. reduction factor: 1.189e-01)
  4 EPS nconv=27 first unconverged value (error) 0.00201285+1.25957e-09i (1.82398389e-04)

 Linear eigensolve converged (27 eigenpairs) due to CONVERGED_TOL; iterations 4
 Total number of linear systems solved: 88
 Total number of linear solver iterations: 826
 Found 27 converged eigenvalues (first = 2.313e+01+3.227e-12i)

Computing solution error estimates and performing postprocessing

     m,        Re{f} (GHz),        Im{f} (GHz),                  Q,      Error (Bkwd.),       Error (Abs.)
     1,      +1.106490e+00,      +7.718707e-14,      +7.167586e+12,      +6.706955e-12,      +8.507340e-08
     2,      +1.763030e+00,      -9.223883e-11,      +9.556875e+09,      +1.086876e-11,      +1.379088e-07
     3,      +1.763033e+00,      +4.309096e-11,      +2.045711e+10,      +7.901307e-12,      +1.002561e-07
     4,      +1.893337e+00,      +2.652437e-10,      +3.569052e+09,      +1.687255e-11,      +2.141060e-07
     5,      +1.893338e+00,      -4.006519e-11,      +2.362821e+10,      +7.935595e-12,      +1.006995e-07
     6,      +2.022727e+00,      -9.418891e-10,      +1.073761e+09,      +5.779512e-11,      +7.334621e-07
     7,      +2.200509e+00,      +2.988544e-11,      +3.681574e+10,      +1.569105e-11,      +1.991571e-07
     8,      +2.200510e+00,      +7.377965e-11,      +1.491272e+10,      +1.159265e-11,      +1.471385e-07
     9,      +2.363048e+00,      +2.054096e-10,      +5.752038e+09,      +1.815367e-11,      +2.304435e-07
    10,      +2.363061e+00,      +1.067651e-10,      +1.106664e+10,      +1.627021e-11,      +2.065348e-07
    11,      +2.444443e+00,      -4.377721e-10,      +2.791913e+09,      +1.833373e-11,      +2.327452e-07
    12,      +2.444458e+00,      -2.332272e-11,      +5.240507e+10,      +1.244890e-11,      +1.580377e-07
    13,      +2.444520e+00,      -8.845072e-11,      +1.381854e+10,      +1.453756e-11,      +1.845531e-07
    14,      +2.540069e+00,      +8.151246e-10,      +1.558086e+09,      +1.220813e-10,      +1.549941e-06
    15,      +2.569945e+00,      -4.870614e-10,      +2.638214e+09,      +5.187990e-11,      +6.586835e-07
    16,      +2.569965e+00,      -1.363603e-09,      +9.423434e+08,      +4.364276e-11,      +5.541022e-07
    17,      +2.907095e+00,      -2.433359e-11,      +5.973420e+10,      +1.870376e-11,      +2.375456e-07
    18,      +2.907122e+00,      -5.853242e-10,      +2.483343e+09,      +1.883221e-11,      +2.391769e-07
    19,      +2.935791e+00,      +4.042522e-10,      +3.631138e+09,      +2.583336e-11,      +3.281040e-07
    20,      +2.935885e+00,      -9.510297e-10,      +1.543529e+09,      +2.130748e-11,      +2.706218e-07
    21,      +2.975840e+00,      -2.642640e-10,      +5.630430e+09,      +1.376015e-11,      +1.747720e-07
    22,      +2.975862e+00,      +6.402041e-11,      +2.324151e+10,      +2.329209e-11,      +2.958402e-07
    23,      +2.981013e+00,      +4.636994e-10,      +3.214381e+09,      +3.628937e-11,      +4.609252e-07
    24,      +2.981102e+00,      +3.970055e-10,      +3.754485e+09,      +2.461813e-11,      +3.126844e-07
    25,      +3.052759e+00,      -4.060477e-09,      +3.759113e+08,      +1.670517e-10,      +2.121949e-06
    26,      +3.228613e+00,      -1.424572e-10,      +1.133187e+10,      +2.053133e-11,      +2.608464e-07
    27,      +3.228669e+00,      +9.822132e-11,      +1.643568e+10,      +2.428343e-11,      +3.085162e-07

Completed 0 iterations of adaptive mesh refinement (AMR):
 Indicator norm = 1.615e-02, global unknowns = 534810
 Max. iterations = 0, tol. = 1.000e-02

Estimated peak per-rank memory usage is: Min. 372.5M, Max. 435.7M, Avg. 392.1M, Total 6.1G
Estimated peak per-node memory usage is: Min. 6.1G, Max. 6.1G, Avg. 6.1G, Total 6.1G

Elapsed Time Report (s)           Min.        Max.        Avg.
==============================================================
Initialization                   0.238       0.630       0.605
  Mesh Preprocessing             0.441       0.833       0.466
Operator Construction            0.577       0.597       0.593
Linear Solve                    14.189      14.377      14.309
  Setup                          4.167       4.167       4.167
  Preconditioner               330.622     330.808     330.689
  Coarse Solve                  20.293      20.313      20.302
Eigenvalue Solve                 1.604       1.624       1.615
Div.-Free Projection            36.627      36.641      36.637
Estimation                       0.434       0.446       0.439
  Construction                   1.388       1.389       1.389
  Solve                         22.499      22.510      22.506
Postprocessing                   2.908       2.922       2.913
Disk IO                          0.940       0.940       0.940
--------------------------------------------------------------
Total                          438.685     438.702     438.694

Peak Memory                   Per-Node       Total   Total HWM
==============================================================
Initialization                   22.2M       22.2M       22.2M
  Mesh Preprocessing             92.9M       92.9M      115.2M
Operator Construction           711.1M      711.1M      826.3M
Linear Solve                    524.0K      524.0K      826.8M
  Setup                         900.8M      900.8M        1.7G
  Preconditioner                256.0K      256.0K        1.7G
  Coarse Solve                    2.1G        2.1G        3.8G
Eigenvalue Solve                371.1M      371.1M        4.2G
Div.-Free Projection            311.5M      311.5M        4.5G
Estimation                      262.0M      262.0M        4.7G
  Construction                  425.6M      425.6M        5.1G
  Solve                         273.8M      273.8M        5.4G
Postprocessing                  234.6M      234.6M        5.6G
Disk IO                          71.8M       71.8M        5.7G
--------------------------------------------------------------
Total                             5.9G        5.9G        5.9G

