>> /opt/amip/envs/emsim/bin/mpirun -n 8 /opt/amip/palace/bin/palace-x86_64.bin e0fine.json

_____________     _______
_____   __   \____ __   /____ ____________
____   /_/  /  __ ` /  /  __ ` /  ___/  _ \
___   _____/  /_/  /  /  /_/  /  /__/  ___/
  /__/     \___,__/__/\___,__/\_____\_____/


[38;2;255;255;000m--> Warning![0m
Output folder is not empty; program will overwrite content! (postpro/e0fine)
Git changeset ID: v0.17.0-293-g3c83b9db0
Running with 8 MPI processes, 1 OpenMP thread
Device configuration: omp,cpu
Memory configuration: host-std
libCEED backend: /cpu/self/xsmm/blocked

Added 11830 boundary elements for material interfaces to the mesh

Characteristic length and time scales:
 Lc = 2.074e-01 m, tc = 6.918e-01 ns
Finished partitioning mesh into 8 subdomains

Mesh curvature order: 2
Mesh bounding box:
 (Xmin, Ymin, Zmin) = (-1.037e-01, -1.037e-01, -4.426e-02) m
 (Xmax, Ymax, Zmax) = (+1.037e-01, +1.037e-01, +4.426e-02) m

Parallel Mesh Stats:

                minimum     average     maximum       total
 vertices          1559        1800        2077       14404
 edges            11694       12405       13317       99243
 faces            20500       21020       21847      168162
 elements         10333       10415       10606       83322
 neighbors            3           4           7

            minimum     maximum
 h       0.00398399    0.114125
 kappa      1.01569     17.0532

Estimated current per-rank memory usage is: Min. 36.2M, Max. 94.0M, Avg. 43.7M, Total 350.0M
Estimated current per-node memory usage is: Min. 350.2M, Max. 350.2M, Avg. 350.2M, Total 350.2M

Configuring Dirichlet PEC BC at attributes:
 90

Assembling system matrices, number of global unknowns:
 H1 (p = 2): 113647, ND (p = 2): 534810, RT (p = 2): 754452
 Operator assembly level: Partial
 Mesh geometries:
  Tetrahedron: P = 20, Q = 14 (quadrature order = 4)

Configuring SLEPc eigenvalue solver:
 Scaling γ = 1.078e+05, δ = 1.577e-04
 Configuring divergence-free projection
 Using random starting vector
 Shift-and-invert σ = 1.050e+00 GHz (4.564e+00)

Assembling multigrid hierarchy:
 Level 0 (p = 1): 99243 unknowns
 Level 1 (p = 2): 534810 unknowns
 Level 0 (auxiliary) (p = 1): 14404 unknowns
 Level 1 (auxiliary) (p = 2): 113647 unknowns

#PETSc Option Table entries:
-eps_monitor # (source: code)
#End of PETSc Option Table entries

  Residual norms for GMRES solve
  0 (restart 0) KSP residual norm 1.623721e-02
  1 (restart 0) KSP residual norm 5.753847e-04
  2 (restart 0) KSP residual norm 4.276441e-05
  3 (restart 0) KSP residual norm 6.451229e-06
  4 (restart 0) KSP residual norm 1.091114e-06
  5 (restart 0) KSP residual norm 2.033875e-07
  6 (restart 0) KSP residual norm 3.731719e-08
  7 (restart 0) KSP residual norm 6.752760e-09
  8 (restart 0) KSP residual norm 1.304972e-09
  9 (restart 0) KSP residual norm 2.430464e-10
 10 (restart 0) KSP residual norm 4.250113e-11
GMRES solver converged in 10 iterations (avg. reduction factor: 1.386e-01)
  Residual norms for GMRES solve
  0 (restart 0) KSP residual norm 6.809237e+00
  1 (restart 0) KSP residual norm 4.332929e-02
  2 (restart 0) KSP residual norm 1.877589e-03
  3 (restart 0) KSP residual norm 2.547148e-04
  4 (restart 0) KSP residual norm 3.686702e-05
  5 (restart 0) KSP residual norm 6.383614e-06
  6 (restart 0) KSP residual norm 1.012076e-06
  7 (restart 0) KSP residual norm 1.808564e-07
  8 (restart 0) KSP residual norm 3.381099e-08
GMRES solver converged in 8 iterations (avg. reduction factor: 9.162e-02)
  Residual norms for GMRES solve
  0 (restart 0) KSP residual norm 3.939708e+00
  1 (restart 0) KSP residual norm 2.770133e-02
  2 (restart 0) KSP residual norm 1.177010e-03
  3 (restart 0) KSP residual norm 1.571259e-04
  4 (restart 0) KSP residual norm 2.425534e-05
  5 (restart 0) KSP residual norm 4.705852e-06
  6 (restart 0) KSP residual norm 8.463258e-07
  7 (restart 0) KSP residual norm 1.595343e-07
  8 (restart 0) KSP residual norm 3.080233e-08
GMRES solver converged in 8 iterations (avg. reduction factor: 9.697e-02)
  Residual norms for GMRES solve
  0 (restart 0) KSP residual norm 3.374218e-01
  1 (restart 0) KSP residual norm 1.100417e-02
  2 (restart 0) KSP residual norm 5.662157e-04
  3 (restart 0) KSP residual norm 7.689637e-05
  4 (restart 0) KSP residual norm 1.276798e-05
  5 (restart 0) KSP residual norm 2.462099e-06
  6 (restart 0) KSP residual norm 4.408354e-07
  7 (restart 0) KSP residual norm 7.738855e-08
  8 (restart 0) KSP residual norm 1.524132e-08
  9 (restart 0) KSP residual norm 2.825618e-09
GMRES solver converged in 9 iterations (avg. reduction factor: 1.266e-01)
  Residual norms for GMRES solve
  0 (restart 0) KSP residual norm 3.759575e-01
  1 (restart 0) KSP residual norm 1.062989e-02
  2 (restart 0) KSP residual norm 5.987413e-04
  3 (restart 0) KSP residual norm 8.205450e-05
  4 (restart 0) KSP residual norm 1.339356e-05
  5 (restart 0) KSP residual norm 2.373588e-06
  6 (restart 0) KSP residual norm 4.338967e-07
  7 (restart 0) KSP residual norm 8.326311e-08
  8 (restart 0) KSP residual norm 1.574020e-08
  9 (restart 0) KSP residual norm 2.863385e-09
GMRES solver converged in 9 iterations (avg. reduction factor: 1.253e-01)
  Residual norms for GMRES solve
  0 (restart 0) KSP residual norm 2.579013e-01
  1 (restart 0) KSP residual norm 8.237451e-03
  2 (restart 0) KSP residual norm 4.794886e-04
  3 (restart 0) KSP residual norm 7.418583e-05
  4 (restart 0) KSP residual norm 1.175088e-05
  5 (restart 0) KSP residual norm 2.364897e-06
  6 (restart 0) KSP residual norm 4.579549e-07
  7 (restart 0) KSP residual norm 8.257601e-08
  8 (restart 0) KSP residual norm 1.516059e-08
  9 (restart 0) KSP residual norm 2.602025e-09
 10 (restart 0) KSP residual norm 4.450584e-10
GMRES solver converged in 10 iterations (avg. reduction factor: 1.330e-01)
  Residual norms for GMRES solve
  0 (restart 0) KSP residual norm 3.852712e-01
  1 (restart 0) KSP residual norm 1.462305e-02
  2 (restart 0) KSP residual norm 5.967794e-04
  3 (restart 0) KSP residual norm 6.929289e-05
  4 (restart 0) KSP residual norm 1.075180e-05
  5 (restart 0) KSP residual norm 1.954988e-06
  6 (restart 0) KSP residual norm 3.270072e-07
  7 (restart 0) KSP residual norm 6.390024e-08
  8 (restart 0) KSP residual norm 1.247663e-08
  9 (restart 0) KSP residual norm 2.178031e-09
GMRES solver converged in 9 iterations (avg. reduction factor: 1.212e-01)
  Residual norms for GMRES solve
  0 (restart 0) KSP residual norm 4.592516e-01
  1 (restart 0) KSP residual norm 1.479949e-02
  2 (restart 0) KSP residual norm 5.430742e-04
  3 (restart 0) KSP residual norm 6.848849e-05
  4 (restart 0) KSP residual norm 1.142708e-05
  5 (restart 0) KSP residual norm 2.288891e-06
  6 (restart 0) KSP residual norm 4.371917e-07
  7 (restart 0) KSP residual norm 8.081403e-08
  8 (restart 0) KSP residual norm 1.456362e-08
  9 (restart 0) KSP residual norm 2.482848e-09
GMRES solver converged in 9 iterations (avg. reduction factor: 1.206e-01)
  Residual norms for GMRES solve
  0 (restart 0) KSP residual norm 2.827280e-01
  1 (restart 0) KSP residual norm 1.103283e-02
  2 (restart 0) KSP residual norm 4.887041e-04
  3 (restart 0) KSP residual norm 6.519445e-05
  4 (restart 0) KSP residual norm 1.024289e-05
  5 (restart 0) KSP residual norm 1.923338e-06
  6 (restart 0) KSP residual norm 3.462388e-07
  7 (restart 0) KSP residual norm 6.097948e-08
  8 (restart 0) KSP residual norm 1.149045e-08
  9 (restart 0) KSP residual norm 2.150951e-09
GMRES solver converged in 9 iterations (avg. reduction factor: 1.253e-01)
  Residual norms for GMRES solve
  0 (restart 0) KSP residual norm 6.381426e-01
  1 (restart 0) KSP residual norm 1.297694e-02
  2 (restart 0) KSP residual norm 5.253107e-04
  3 (restart 0) KSP residual norm 6.845179e-05
  4 (restart 0) KSP residual norm 1.092153e-05
  5 (restart 0) KSP residual norm 2.224003e-06
  6 (restart 0) KSP residual norm 4.056190e-07
  7 (restart 0) KSP residual norm 7.365618e-08
  8 (restart 0) KSP residual norm 1.418816e-08
  9 (restart 0) KSP residual norm 2.452902e-09
GMRES solver converged in 9 iterations (avg. reduction factor: 1.161e-01)
  Residual norms for GMRES solve
  0 (restart 0) KSP residual norm 2.030857e-01
  1 (restart 0) KSP residual norm 9.314872e-03
  2 (restart 0) KSP residual norm 4.584171e-04
  3 (restart 0) KSP residual norm 6.544410e-05
  4 (restart 0) KSP residual norm 1.114074e-05
  5 (restart 0) KSP residual norm 2.316597e-06
  6 (restart 0) KSP residual norm 4.358500e-07
  7 (restart 0) KSP residual norm 7.604327e-08
  8 (restart 0) KSP residual norm 1.348328e-08
  9 (restart 0) KSP residual norm 2.317627e-09
 10 (restart 0) KSP residual norm 4.032747e-10
GMRES solver converged in 10 iterations (avg. reduction factor: 1.348e-01)
  Residual norms for GMRES solve
  0 (restart 0) KSP residual norm 8.273103e-01
  1 (restart 0) KSP residual norm 1.058975e-02
  2 (restart 0) KSP residual norm 4.636855e-04
  3 (restart 0) KSP residual norm 6.991632e-05
  4 (restart 0) KSP residual norm 1.138526e-05
  5 (restart 0) KSP residual norm 2.346444e-06
  6 (restart 0) KSP residual norm 4.546217e-07
  7 (restart 0) KSP residual norm 7.930071e-08
  8 (restart 0) KSP residual norm 1.431712e-08
  9 (restart 0) KSP residual norm 2.495938e-09
GMRES solver converged in 9 iterations (avg. reduction factor: 1.131e-01)
  Residual norms for GMRES solve
  0 (restart 0) KSP residual norm 1.033223e+00
  1 (restart 0) KSP residual norm 1.335204e-02
  2 (restart 0) KSP residual norm 5.105250e-04
  3 (restart 0) KSP residual norm 7.980846e-05
  4 (restart 0) KSP residual norm 1.240971e-05
  5 (restart 0) KSP residual norm 2.455147e-06
  6 (restart 0) KSP residual norm 4.719780e-07
  7 (restart 0) KSP residual norm 8.677137e-08
  8 (restart 0) KSP residual norm 1.616119e-08
  9 (restart 0) KSP residual norm 2.817930e-09
GMRES solver converged in 9 iterations (avg. reduction factor: 1.118e-01)
  Residual norms for GMRES solve
  0 (restart 0) KSP residual norm 2.992768e-01
  1 (restart 0) KSP residual norm 9.148524e-03
  2 (restart 0) KSP residual norm 5.052029e-04
  3 (restart 0) KSP residual norm 8.738258e-05
  4 (restart 0) KSP residual norm 1.486242e-05
  5 (restart 0) KSP residual norm 3.068790e-06
  6 (restart 0) KSP residual norm 5.709592e-07
  7 (restart 0) KSP residual norm 1.001612e-07
  8 (restart 0) KSP residual norm 1.774572e-08
  9 (restart 0) KSP residual norm 2.998012e-09
 10 (restart 0) KSP residual norm 5.049439e-10
GMRES solver converged in 10 iterations (avg. reduction factor: 1.327e-01)
  Residual norms for GMRES solve
  0 (restart 0) KSP residual norm 5.616412e-01
  1 (restart 0) KSP residual norm 1.965943e-02
  2 (restart 0) KSP residual norm 5.769152e-04
  3 (restart 0) KSP residual norm 8.475128e-05
  4 (restart 0) KSP residual norm 1.449449e-05
  5 (restart 0) KSP residual norm 2.943127e-06
  6 (restart 0) KSP residual norm 5.412199e-07
  7 (restart 0) KSP residual norm 9.764256e-08
  8 (restart 0) KSP residual norm 1.851776e-08
  9 (restart 0) KSP residual norm 3.190426e-09
GMRES solver converged in 9 iterations (avg. reduction factor: 1.213e-01)
  Residual norms for GMRES solve
  0 (restart 0) KSP residual norm 1.112729e+00
  1 (restart 0) KSP residual norm 1.236059e-02
  2 (restart 0) KSP residual norm 4.884736e-04
  3 (restart 0) KSP residual norm 7.282124e-05
  4 (restart 0) KSP residual norm 1.109353e-05
  5 (restart 0) KSP residual norm 2.141320e-06
  6 (restart 0) KSP residual norm 4.138248e-07
  7 (restart 0) KSP residual norm 7.643193e-08
  8 (restart 0) KSP residual norm 1.452813e-08
  9 (restart 0) KSP residual norm 2.563966e-09
GMRES solver converged in 9 iterations (avg. reduction factor: 1.097e-01)
  Residual norms for GMRES solve
  0 (restart 0) KSP residual norm 1.878441e+00
  1 (restart 0) KSP residual norm 1.428638e-02
  2 (restart 0) KSP residual norm 6.188272e-04
  3 (restart 0) KSP residual norm 9.234403e-05
  4 (restart 0) KSP residual norm 1.419874e-05
  5 (restart 0) KSP residual norm 2.755657e-06
  6 (restart 0) KSP residual norm 5.252105e-07
  7 (restart 0) KSP residual norm 9.908494e-08
  8 (restart 0) KSP residual norm 1.891892e-08
  9 (restart 0) KSP residual norm 3.225400e-09
GMRES solver converged in 9 iterations (avg. reduction factor: 1.062e-01)
  Residual norms for GMRES solve
  0 (restart 0) KSP residual norm 1.629541e+00
  1 (restart 0) KSP residual norm 1.327069e-02
  2 (restart 0) KSP residual norm 5.831995e-04
  3 (restart 0) KSP residual norm 8.547469e-05
  4 (restart 0) KSP residual norm 1.279937e-05
  5 (restart 0) KSP residual norm 2.291281e-06
  6 (restart 0) KSP residual norm 3.676650e-07
  7 (restart 0) KSP residual norm 6.350660e-08
  8 (restart 0) KSP residual norm 1.247467e-08
GMRES solver converged in 8 iterations (avg. reduction factor: 9.672e-02)
  Residual norms for GMRES solve
  0 (restart 0) KSP residual norm 8.618737e-01
  1 (restart 0) KSP residual norm 1.331996e-02
  2 (restart 0) KSP residual norm 5.450018e-04
  3 (restart 0) KSP residual norm 6.987258e-05
  4 (restart 0) KSP residual norm 1.061533e-05
  5 (restart 0) KSP residual norm 1.889771e-06
  6 (restart 0) KSP residual norm 3.130853e-07
  7 (restart 0) KSP residual norm 5.449753e-08
  8 (restart 0) KSP residual norm 1.061867e-08
  9 (restart 0) KSP residual norm 2.028144e-09
GMRES solver converged in 9 iterations (avg. reduction factor: 1.100e-01)
  Residual norms for GMRES solve
  0 (restart 0) KSP residual norm 3.549065e-01
  1 (restart 0) KSP residual norm 1.187931e-02
  2 (restart 0) KSP residual norm 6.196203e-04
  3 (restart 0) KSP residual norm 6.911976e-05
  4 (restart 0) KSP residual norm 1.091208e-05
  5 (restart 0) KSP residual norm 2.212132e-06
  6 (restart 0) KSP residual norm 4.176229e-07
  7 (restart 0) KSP residual norm 7.868863e-08
  8 (restart 0) KSP residual norm 1.402455e-08
  9 (restart 0) KSP residual norm 2.397253e-09
GMRES solver converged in 9 iterations (avg. reduction factor: 1.236e-01)
  Residual norms for GMRES solve
  0 (restart 0) KSP residual norm 1.238064e+00
  1 (restart 0) KSP residual norm 1.125735e-02
  2 (restart 0) KSP residual norm 5.328433e-04
  3 (restart 0) KSP residual norm 7.771930e-05
  4 (restart 0) KSP residual norm 1.193098e-05
  5 (restart 0) KSP residual norm 2.265737e-06
  6 (restart 0) KSP residual norm 4.069996e-07
  7 (restart 0) KSP residual norm 7.280223e-08
  8 (restart 0) KSP residual norm 1.428317e-08
  9 (restart 0) KSP residual norm 2.706518e-09
GMRES solver converged in 9 iterations (avg. reduction factor: 1.091e-01)
  Residual norms for GMRES solve
  0 (restart 0) KSP residual norm 2.434534e+00
  1 (restart 0) KSP residual norm 1.759158e-02
  2 (restart 0) KSP residual norm 7.558601e-04
  3 (restart 0) KSP residual norm 1.134814e-04
  4 (restart 0) KSP residual norm 1.648650e-05
  5 (restart 0) KSP residual norm 3.004832e-06
  6 (restart 0) KSP residual norm 5.109958e-07
  7 (restart 0) KSP residual norm 9.121084e-08
  8 (restart 0) KSP residual norm 1.836878e-08
GMRES solver converged in 8 iterations (avg. reduction factor: 9.654e-02)
  Residual norms for GMRES solve
  0 (restart 0) KSP residual norm 1.327143e+00
  1 (restart 0) KSP residual norm 1.097327e-02
  2 (restart 0) KSP residual norm 5.209976e-04
  3 (restart 0) KSP residual norm 7.901784e-05
  4 (restart 0) KSP residual norm 1.185265e-05
  5 (restart 0) KSP residual norm 2.295292e-06
  6 (restart 0) KSP residual norm 4.433959e-07
  7 (restart 0) KSP residual norm 8.282241e-08
  8 (restart 0) KSP residual norm 1.538128e-08
  9 (restart 0) KSP residual norm 2.601195e-09
GMRES solver converged in 9 iterations (avg. reduction factor: 1.078e-01)
  Residual norms for GMRES solve
  0 (restart 0) KSP residual norm 5.183640e-01
  1 (restart 0) KSP residual norm 8.930441e-03
  2 (restart 0) KSP residual norm 4.037833e-04
  3 (restart 0) KSP residual norm 6.195613e-05
  4 (restart 0) KSP residual norm 9.692827e-06
  5 (restart 0) KSP residual norm 1.869636e-06
  6 (restart 0) KSP residual norm 3.425307e-07
  7 (restart 0) KSP residual norm 6.280078e-08
  8 (restart 0) KSP residual norm 1.212108e-08
  9 (restart 0) KSP residual norm 2.250345e-09
GMRES solver converged in 9 iterations (avg. reduction factor: 1.177e-01)
  Residual norms for GMRES solve
  0 (restart 0) KSP residual norm 1.918172e-01
  1 (restart 0) KSP residual norm 7.115740e-03
  2 (restart 0) KSP residual norm 4.953259e-04
  3 (restart 0) KSP residual norm 6.834723e-05
  4 (restart 0) KSP residual norm 1.140052e-05
  5 (restart 0) KSP residual norm 2.216269e-06
  6 (restart 0) KSP residual norm 3.926610e-07
  7 (restart 0) KSP residual norm 7.164781e-08
  8 (restart 0) KSP residual norm 1.384755e-08
  9 (restart 0) KSP residual norm 2.508390e-09
 10 (restart 0) KSP residual norm 4.346837e-10
GMRES solver converged in 10 iterations (avg. reduction factor: 1.366e-01)
  Residual norms for GMRES solve
  0 (restart 0) KSP residual norm 3.572365e-01
  1 (restart 0) KSP residual norm 1.346946e-02
  2 (restart 0) KSP residual norm 5.528455e-04
  3 (restart 0) KSP residual norm 6.905372e-05
  4 (restart 0) KSP residual norm 1.114217e-05
  5 (restart 0) KSP residual norm 2.272898e-06
  6 (restart 0) KSP residual norm 4.173378e-07
  7 (restart 0) KSP residual norm 7.512241e-08
  8 (restart 0) KSP residual norm 1.431319e-08
  9 (restart 0) KSP residual norm 2.545551e-09
GMRES solver converged in 9 iterations (avg. reduction factor: 1.244e-01)
  Residual norms for GMRES solve
  0 (restart 0) KSP residual norm 1.978851e-01
  1 (restart 0) KSP residual norm 7.381241e-03
  2 (restart 0) KSP residual norm 3.958732e-04
  3 (restart 0) KSP residual norm 5.753716e-05
  4 (restart 0) KSP residual norm 8.861346e-06
  5 (restart 0) KSP residual norm 1.662803e-06
  6 (restart 0) KSP residual norm 3.111146e-07
  7 (restart 0) KSP residual norm 5.814134e-08
  8 (restart 0) KSP residual norm 1.122133e-08
  9 (restart 0) KSP residual norm 2.018879e-09
 10 (restart 0) KSP residual norm 3.500891e-10
GMRES solver converged in 10 iterations (avg. reduction factor: 1.333e-01)
  Residual norms for GMRES solve
  0 (restart 0) KSP residual norm 1.599986e-01
  1 (restart 0) KSP residual norm 6.220683e-03
  2 (restart 0) KSP residual norm 3.918030e-04
  3 (restart 0) KSP residual norm 6.247284e-05
  4 (restart 0) KSP residual norm 1.080004e-05
  5 (restart 0) KSP residual norm 2.177110e-06
  6 (restart 0) KSP residual norm 4.223363e-07
  7 (restart 0) KSP residual norm 7.403413e-08
  8 (restart 0) KSP residual norm 1.275592e-08
  9 (restart 0) KSP residual norm 2.197959e-09
 10 (restart 0) KSP residual norm 3.549035e-10
GMRES solver converged in 10 iterations (avg. reduction factor: 1.363e-01)
  Residual norms for GMRES solve
  0 (restart 0) KSP residual norm 1.941161e-01
  1 (restart 0) KSP residual norm 8.008344e-03
  2 (restart 0) KSP residual norm 4.002060e-04
  3 (restart 0) KSP residual norm 6.454463e-05
  4 (restart 0) KSP residual norm 1.019163e-05
  5 (restart 0) KSP residual norm 1.907705e-06
  6 (restart 0) KSP residual norm 3.408288e-07
  7 (restart 0) KSP residual norm 5.754352e-08
  8 (restart 0) KSP residual norm 1.129243e-08
  9 (restart 0) KSP residual norm 2.204429e-09
 10 (restart 0) KSP residual norm 3.795718e-10
GMRES solver converged in 10 iterations (avg. reduction factor: 1.346e-01)
  Residual norms for GMRES solve
  0 (restart 0) KSP residual norm 1.369863e-01
  1 (restart 0) KSP residual norm 4.600085e-03
  2 (restart 0) KSP residual norm 3.797669e-04
  3 (restart 0) KSP residual norm 6.527267e-05
  4 (restart 0) KSP residual norm 1.135908e-05
  5 (restart 0) KSP residual norm 2.282653e-06
  6 (restart 0) KSP residual norm 4.402294e-07
  7 (restart 0) KSP residual norm 7.759150e-08
  8 (restart 0) KSP residual norm 1.461547e-08
  9 (restart 0) KSP residual norm 2.590339e-09
 10 (restart 0) KSP residual norm 4.201781e-10
GMRES solver converged in 10 iterations (avg. reduction factor: 1.408e-01)
  Residual norms for GMRES solve
  0 (restart 0) KSP residual norm 1.459504e-01
  1 (restart 0) KSP residual norm 6.723211e-03
  2 (restart 0) KSP residual norm 3.827966e-04
  3 (restart 0) KSP residual norm 6.002316e-05
  4 (restart 0) KSP residual norm 1.019247e-05
  5 (restart 0) KSP residual norm 1.962422e-06
  6 (restart 0) KSP residual norm 3.857235e-07
  7 (restart 0) KSP residual norm 7.114554e-08
  8 (restart 0) KSP residual norm 1.254585e-08
  9 (restart 0) KSP residual norm 2.134001e-09
 10 (restart 0) KSP residual norm 3.610429e-10
GMRES solver converged in 10 iterations (avg. reduction factor: 1.378e-01)
  Residual norms for GMRES solve
  0 (restart 0) KSP residual norm 2.657205e-01
  1 (restart 0) KSP residual norm 9.485688e-03
  2 (restart 0) KSP residual norm 4.323813e-04
  3 (restart 0) KSP residual norm 6.723613e-05
  4 (restart 0) KSP residual norm 1.107807e-05
  5 (restart 0) KSP residual norm 2.135583e-06
  6 (restart 0) KSP residual norm 4.058991e-07
  7 (restart 0) KSP residual norm 7.472258e-08
  8 (restart 0) KSP residual norm 1.447439e-08
  9 (restart 0) KSP residual norm 2.490134e-09
GMRES solver converged in 9 iterations (avg. reduction factor: 1.282e-01)
  Residual norms for GMRES solve
  0 (restart 0) KSP residual norm 2.365402e-01
  1 (restart 0) KSP residual norm 8.188615e-03
  2 (restart 0) KSP residual norm 4.013853e-04
  3 (restart 0) KSP residual norm 5.950315e-05
  4 (restart 0) KSP residual norm 9.751484e-06
  5 (restart 0) KSP residual norm 1.944212e-06
  6 (restart 0) KSP residual norm 3.882839e-07
  7 (restart 0) KSP residual norm 6.870351e-08
  8 (restart 0) KSP residual norm 1.235631e-08
  9 (restart 0) KSP residual norm 2.127381e-09
GMRES solver converged in 9 iterations (avg. reduction factor: 1.276e-01)
  Residual norms for GMRES solve
  0 (restart 0) KSP residual norm 1.804591e-01
  1 (restart 0) KSP residual norm 7.142064e-03
  2 (restart 0) KSP residual norm 3.861572e-04
  3 (restart 0) KSP residual norm 6.386365e-05
  4 (restart 0) KSP residual norm 1.097250e-05
  5 (restart 0) KSP residual norm 2.190742e-06
  6 (restart 0) KSP residual norm 4.218788e-07
  7 (restart 0) KSP residual norm 7.409572e-08
  8 (restart 0) KSP residual norm 1.353243e-08
  9 (restart 0) KSP residual norm 2.324953e-09
 10 (restart 0) KSP residual norm 3.885520e-10
GMRES solver converged in 10 iterations (avg. reduction factor: 1.359e-01)
  Residual norms for GMRES solve
  0 (restart 0) KSP residual norm 1.981715e-01
  1 (restart 0) KSP residual norm 6.147794e-03
  2 (restart 0) KSP residual norm 3.840796e-04
  3 (restart 0) KSP residual norm 6.001246e-05
  4 (restart 0) KSP residual norm 1.017166e-05
  5 (restart 0) KSP residual norm 1.945557e-06
  6 (restart 0) KSP residual norm 3.741026e-07
  7 (restart 0) KSP residual norm 6.869920e-08
  8 (restart 0) KSP residual norm 1.275800e-08
  9 (restart 0) KSP residual norm 2.253182e-09
 10 (restart 0) KSP residual norm 3.870353e-10
GMRES solver converged in 10 iterations (avg. reduction factor: 1.346e-01)
  Residual norms for GMRES solve
  0 (restart 0) KSP residual norm 1.278260e-01
  1 (restart 0) KSP residual norm 5.406074e-03
  2 (restart 0) KSP residual norm 3.549246e-04
  3 (restart 0) KSP residual norm 5.572950e-05
  4 (restart 0) KSP residual norm 9.138827e-06
  5 (restart 0) KSP residual norm 1.824780e-06
  6 (restart 0) KSP residual norm 3.634596e-07
  7 (restart 0) KSP residual norm 6.479730e-08
  8 (restart 0) KSP residual norm 1.181910e-08
  9 (restart 0) KSP residual norm 2.076931e-09
 10 (restart 0) KSP residual norm 3.405070e-10
GMRES solver converged in 10 iterations (avg. reduction factor: 1.389e-01)
  Residual norms for GMRES solve
  0 (restart 0) KSP residual norm 2.449345e-01
  1 (restart 0) KSP residual norm 6.837872e-03
  2 (restart 0) KSP residual norm 3.760946e-04
  3 (restart 0) KSP residual norm 5.721787e-05
  4 (restart 0) KSP residual norm 8.961823e-06
  5 (restart 0) KSP residual norm 1.694974e-06
  6 (restart 0) KSP residual norm 3.246410e-07
  7 (restart 0) KSP residual norm 6.006181e-08
  8 (restart 0) KSP residual norm 1.108970e-08
  9 (restart 0) KSP residual norm 1.969856e-09
GMRES solver converged in 9 iterations (avg. reduction factor: 1.261e-01)
  Residual norms for GMRES solve
  0 (restart 0) KSP residual norm 2.323041e-01
  1 (restart 0) KSP residual norm 9.730422e-03
  2 (restart 0) KSP residual norm 4.244901e-04
  3 (restart 0) KSP residual norm 6.458262e-05
  4 (restart 0) KSP residual norm 1.035026e-05
  5 (restart 0) KSP residual norm 2.048252e-06
  6 (restart 0) KSP residual norm 3.932248e-07
  7 (restart 0) KSP residual norm 7.351137e-08
  8 (restart 0) KSP residual norm 1.325548e-08
  9 (restart 0) KSP residual norm 2.194118e-09
GMRES solver converged in 9 iterations (avg. reduction factor: 1.283e-01)
  Residual norms for GMRES solve
  0 (restart 0) KSP residual norm 1.690455e-01
  1 (restart 0) KSP residual norm 5.876493e-03
  2 (restart 0) KSP residual norm 3.833677e-04
  3 (restart 0) KSP residual norm 5.847727e-05
  4 (restart 0) KSP residual norm 9.305444e-06
  5 (restart 0) KSP residual norm 1.613967e-06
  6 (restart 0) KSP residual norm 2.792268e-07
  7 (restart 0) KSP residual norm 4.949421e-08
  8 (restart 0) KSP residual norm 9.791778e-09
  9 (restart 0) KSP residual norm 1.889857e-09
 10 (restart 0) KSP residual norm 3.415280e-10
GMRES solver converged in 10 iterations (avg. reduction factor: 1.351e-01)
  Residual norms for GMRES solve
  0 (restart 0) KSP residual norm 2.038570e-01
  1 (restart 0) KSP residual norm 7.101225e-03
  2 (restart 0) KSP residual norm 4.261880e-04
  3 (restart 0) KSP residual norm 6.433846e-05
  4 (restart 0) KSP residual norm 1.031505e-05
  5 (restart 0) KSP residual norm 2.056788e-06
  6 (restart 0) KSP residual norm 4.060970e-07
  7 (restart 0) KSP residual norm 7.295564e-08
  8 (restart 0) KSP residual norm 1.317917e-08
  9 (restart 0) KSP residual norm 2.346499e-09
 10 (restart 0) KSP residual norm 3.984614e-10
GMRES solver converged in 10 iterations (avg. reduction factor: 1.346e-01)
  Residual norms for GMRES solve
  0 (restart 0) KSP residual norm 1.561114e-01
  1 (restart 0) KSP residual norm 6.160942e-03
  2 (restart 0) KSP residual norm 4.200495e-04
  3 (restart 0) KSP residual norm 5.811453e-05
  4 (restart 0) KSP residual norm 9.044750e-06
  5 (restart 0) KSP residual norm 1.714534e-06
  6 (restart 0) KSP residual norm 3.244971e-07
  7 (restart 0) KSP residual norm 6.031663e-08
  8 (restart 0) KSP residual norm 1.102169e-08
  9 (restart 0) KSP residual norm 2.021850e-09
 10 (restart 0) KSP residual norm 3.578700e-10
GMRES solver converged in 10 iterations (avg. reduction factor: 1.368e-01)
  Residual norms for GMRES solve
  0 (restart 0) KSP residual norm 2.553414e-01
  1 (restart 0) KSP residual norm 7.985441e-03
  2 (restart 0) KSP residual norm 4.494599e-04
  3 (restart 0) KSP residual norm 6.933164e-05
  4 (restart 0) KSP residual norm 1.188369e-05
  5 (restart 0) KSP residual norm 2.379024e-06
  6 (restart 0) KSP residual norm 4.587309e-07
  7 (restart 0) KSP residual norm 8.081664e-08
  8 (restart 0) KSP residual norm 1.437415e-08
  9 (restart 0) KSP residual norm 2.507246e-09
GMRES solver converged in 9 iterations (avg. reduction factor: 1.289e-01)
  Residual norms for GMRES solve
  0 (restart 0) KSP residual norm 2.136992e-01
  1 (restart 0) KSP residual norm 8.100691e-03
  2 (restart 0) KSP residual norm 4.450040e-04
  3 (restart 0) KSP residual norm 6.862858e-05
  4 (restart 0) KSP residual norm 1.086357e-05
  5 (restart 0) KSP residual norm 1.880174e-06
  6 (restart 0) KSP residual norm 3.289953e-07
  7 (restart 0) KSP residual norm 5.939841e-08
  8 (restart 0) KSP residual norm 1.156445e-08
  9 (restart 0) KSP residual norm 2.163629e-09
 10 (restart 0) KSP residual norm 3.914129e-10
GMRES solver converged in 10 iterations (avg. reduction factor: 1.337e-01)
  Residual norms for GMRES solve
  0 (restart 0) KSP residual norm 1.471022e-01
  1 (restart 0) KSP residual norm 5.953390e-03
  2 (restart 0) KSP residual norm 3.796401e-04
  3 (restart 0) KSP residual norm 5.890210e-05
  4 (restart 0) KSP residual norm 9.527897e-06
  5 (restart 0) KSP residual norm 1.702186e-06
  6 (restart 0) KSP residual norm 3.108337e-07
  7 (restart 0) KSP residual norm 5.648186e-08
  8 (restart 0) KSP residual norm 1.060214e-08
  9 (restart 0) KSP residual norm 2.015849e-09
 10 (restart 0) KSP residual norm 3.739660e-10
GMRES solver converged in 10 iterations (avg. reduction factor: 1.382e-01)
  1 EPS nconv=8 first unconverged value (error) 0.000978528+1.42549e-12i (3.25228639e-07)
  Residual norms for GMRES solve
  0 (restart 0) KSP residual norm 1.763457e-01
  1 (restart 0) KSP residual norm 5.535971e-03
  2 (restart 0) KSP residual norm 3.445428e-04
  3 (restart 0) KSP residual norm 5.630744e-05
  4 (restart 0) KSP residual norm 9.366950e-06
  5 (restart 0) KSP residual norm 1.784059e-06
  6 (restart 0) KSP residual norm 3.568843e-07
  7 (restart 0) KSP residual norm 6.467603e-08
  8 (restart 0) KSP residual norm 1.164278e-08
  9 (restart 0) KSP residual norm 2.076120e-09
 10 (restart 0) KSP residual norm 3.515866e-10
GMRES solver converged in 10 iterations (avg. reduction factor: 1.349e-01)
  Residual norms for GMRES solve
  0 (restart 0) KSP residual norm 1.870348e-01
  1 (restart 0) KSP residual norm 4.763587e-03
  2 (restart 0) KSP residual norm 2.864635e-04
  3 (restart 0) KSP residual norm 4.583404e-05
  4 (restart 0) KSP residual norm 7.186646e-06
  5 (restart 0) KSP residual norm 1.243756e-06
  6 (restart 0) KSP residual norm 2.318345e-07
  7 (restart 0) KSP residual norm 4.209018e-08
  8 (restart 0) KSP residual norm 7.944398e-09
  9 (restart 0) KSP residual norm 1.505394e-09
GMRES solver converged in 9 iterations (avg. reduction factor: 1.261e-01)
  Residual norms for GMRES solve
  0 (restart 0) KSP residual norm 1.502994e-01
  1 (restart 0) KSP residual norm 4.963746e-03
  2 (restart 0) KSP residual norm 3.075163e-04
  3 (restart 0) KSP residual norm 5.189562e-05
  4 (restart 0) KSP residual norm 8.871657e-06
  5 (restart 0) KSP residual norm 1.748500e-06
  6 (restart 0) KSP residual norm 3.492891e-07
  7 (restart 0) KSP residual norm 6.321695e-08
  8 (restart 0) KSP residual norm 1.088897e-08
  9 (restart 0) KSP residual norm 1.875753e-09
 10 (restart 0) KSP residual norm 3.153390e-10
GMRES solver converged in 10 iterations (avg. reduction factor: 1.356e-01)
  Residual norms for GMRES solve
  0 (restart 0) KSP residual norm 1.044187e-01
  1 (restart 0) KSP residual norm 4.873743e-03
  2 (restart 0) KSP residual norm 3.523030e-04
  3 (restart 0) KSP residual norm 5.436122e-05
  4 (restart 0) KSP residual norm 9.443603e-06
  5 (restart 0) KSP residual norm 1.934473e-06
  6 (restart 0) KSP residual norm 3.779366e-07
  7 (restart 0) KSP residual norm 6.536878e-08
  8 (restart 0) KSP residual norm 1.178161e-08
  9 (restart 0) KSP residual norm 2.053209e-09
 10 (restart 0) KSP residual norm 3.441420e-10
GMRES solver converged in 10 iterations (avg. reduction factor: 1.418e-01)
  Residual norms for GMRES solve
  0 (restart 0) KSP residual norm 1.628545e-01
  1 (restart 0) KSP residual norm 7.087581e-03
  2 (restart 0) KSP residual norm 3.356227e-04
  3 (restart 0) KSP residual norm 5.918199e-05
  4 (restart 0) KSP residual norm 1.016332e-05
  5 (restart 0) KSP residual norm 2.026306e-06
  6 (restart 0) KSP residual norm 3.929753e-07
  7 (restart 0) KSP residual norm 7.002040e-08
  8 (restart 0) KSP residual norm 1.229648e-08
  9 (restart 0) KSP residual norm 2.066823e-09
 10 (restart 0) KSP residual norm 3.429848e-10
GMRES solver converged in 10 iterations (avg. reduction factor: 1.356e-01)
  Residual norms for GMRES solve
  0 (restart 0) KSP residual norm 1.055638e-01
  1 (restart 0) KSP residual norm 5.226230e-03
  2 (restart 0) KSP residual norm 3.532403e-04
  3 (restart 0) KSP residual norm 5.809037e-05
  4 (restart 0) KSP residual norm 9.721988e-06
  5 (restart 0) KSP residual norm 1.720490e-06
  6 (restart 0) KSP residual norm 3.057142e-07
  7 (restart 0) KSP residual norm 5.621658e-08
  8 (restart 0) KSP residual norm 1.087991e-08
  9 (restart 0) KSP residual norm 2.034553e-09
 10 (restart 0) KSP residual norm 3.599236e-10
GMRES solver converged in 10 iterations (avg. reduction factor: 1.423e-01)
  Residual norms for GMRES solve
  0 (restart 0) KSP residual norm 1.786140e-01
  1 (restart 0) KSP residual norm 5.315417e-03
  2 (restart 0) KSP residual norm 3.378878e-04
  3 (restart 0) KSP residual norm 6.112089e-05
  4 (restart 0) KSP residual norm 1.133303e-05
  5 (restart 0) KSP residual norm 2.275982e-06
  6 (restart 0) KSP residual norm 4.380545e-07
  7 (restart 0) KSP residual norm 7.300490e-08
  8 (restart 0) KSP residual norm 1.205226e-08
  9 (restart 0) KSP residual norm 1.978373e-09
 10 (restart 0) KSP residual norm 3.373213e-10
GMRES solver converged in 10 iterations (avg. reduction factor: 1.342e-01)
  Residual norms for GMRES solve
  0 (restart 0) KSP residual norm 2.555686e-01
  1 (restart 0) KSP residual norm 5.417968e-03
  2 (restart 0) KSP residual norm 3.458832e-04
  3 (restart 0) KSP residual norm 5.604007e-05
  4 (restart 0) KSP residual norm 1.006859e-05
  5 (restart 0) KSP residual norm 2.063241e-06
  6 (restart 0) KSP residual norm 3.835334e-07
  7 (restart 0) KSP residual norm 6.627582e-08
  8 (restart 0) KSP residual norm 1.187100e-08
  9 (restart 0) KSP residual norm 2.045938e-09
GMRES solver converged in 9 iterations (avg. reduction factor: 1.260e-01)
  Residual norms for GMRES solve
  0 (restart 0) KSP residual norm 2.855984e-01
  1 (restart 0) KSP residual norm 7.917418e-03
  2 (restart 0) KSP residual norm 3.560434e-04
  3 (restart 0) KSP residual norm 6.052234e-05
  4 (restart 0) KSP residual norm 9.886734e-06
  5 (restart 0) KSP residual norm 1.891999e-06
  6 (restart 0) KSP residual norm 3.730873e-07
  7 (restart 0) KSP residual norm 6.892671e-08
  8 (restart 0) KSP residual norm 1.251290e-08
  9 (restart 0) KSP residual norm 2.149663e-09
GMRES solver converged in 9 iterations (avg. reduction factor: 1.251e-01)
  Residual norms for GMRES solve
  0 (restart 0) KSP residual norm 2.353970e-01
  1 (restart 0) KSP residual norm 5.889016e-03
  2 (restart 0) KSP residual norm 3.680994e-04
  3 (restart 0) KSP residual norm 6.094589e-05
  4 (restart 0) KSP residual norm 1.069201e-05
  5 (restart 0) KSP residual norm 2.043928e-06
  6 (restart 0) KSP residual norm 3.812621e-07
  7 (restart 0) KSP residual norm 6.979882e-08
  8 (restart 0) KSP residual norm 1.272849e-08
  9 (restart 0) KSP residual norm 2.278346e-09
GMRES solver converged in 9 iterations (avg. reduction factor: 1.287e-01)
  Residual norms for GMRES solve
  0 (restart 0) KSP residual norm 1.607671e-01
  1 (restart 0) KSP residual norm 5.199117e-03
  2 (restart 0) KSP residual norm 3.437903e-04
  3 (restart 0) KSP residual norm 5.982077e-05
  4 (restart 0) KSP residual norm 1.099997e-05
  5 (restart 0) KSP residual norm 2.171929e-06
  6 (restart 0) KSP residual norm 4.060427e-07
  7 (restart 0) KSP residual norm 7.123249e-08
  8 (restart 0) KSP residual norm 1.296303e-08
  9 (restart 0) KSP residual norm 2.268970e-09
 10 (restart 0) KSP residual norm 3.697854e-10
GMRES solver converged in 10 iterations (avg. reduction factor: 1.368e-01)
  Residual norms for GMRES solve
  0 (restart 0) KSP residual norm 3.450253e-01
  1 (restart 0) KSP residual norm 5.924739e-03
  2 (restart 0) KSP residual norm 3.821911e-04
  3 (restart 0) KSP residual norm 5.805634e-05
  4 (restart 0) KSP residual norm 9.456959e-06
  5 (restart 0) KSP residual norm 1.828949e-06
  6 (restart 0) KSP residual norm 3.492355e-07
  7 (restart 0) KSP residual norm 6.348103e-08
  8 (restart 0) KSP residual norm 1.181804e-08
  9 (restart 0) KSP residual norm 2.154008e-09
GMRES solver converged in 9 iterations (avg. reduction factor: 1.226e-01)
  Residual norms for GMRES solve
  0 (restart 0) KSP residual norm 3.208262e-01
  1 (restart 0) KSP residual norm 7.022643e-03
  2 (restart 0) KSP residual norm 4.215024e-04
  3 (restart 0) KSP residual norm 6.461247e-05
  4 (restart 0) KSP residual norm 1.167789e-05
  5 (restart 0) KSP residual norm 2.333101e-06
  6 (restart 0) KSP residual norm 4.406088e-07
  7 (restart 0) KSP residual norm 7.933583e-08
  8 (restart 0) KSP residual norm 1.406284e-08
  9 (restart 0) KSP residual norm 2.446100e-09
GMRES solver converged in 9 iterations (avg. reduction factor: 1.253e-01)
  Residual norms for GMRES solve
  0 (restart 0) KSP residual norm 2.318809e-01
  1 (restart 0) KSP residual norm 7.387452e-03
  2 (restart 0) KSP residual norm 4.114167e-04
  3 (restart 0) KSP residual norm 6.028255e-05
  4 (restart 0) KSP residual norm 9.459924e-06
  5 (restart 0) KSP residual norm 1.817823e-06
  6 (restart 0) KSP residual norm 3.626874e-07
  7 (restart 0) KSP residual norm 6.657585e-08
  8 (restart 0) KSP residual norm 1.206470e-08
  9 (restart 0) KSP residual norm 2.092321e-09
GMRES solver converged in 9 iterations (avg. reduction factor: 1.277e-01)
  Residual norms for GMRES solve
  0 (restart 0) KSP residual norm 4.615375e-01
  1 (restart 0) KSP residual norm 7.821866e-03
  2 (restart 0) KSP residual norm 4.406913e-04
  3 (restart 0) KSP residual norm 6.754198e-05
  4 (restart 0) KSP residual norm 1.101288e-05
  5 (restart 0) KSP residual norm 2.193487e-06
  6 (restart 0) KSP residual norm 4.030427e-07
  7 (restart 0) KSP residual norm 7.391852e-08
  8 (restart 0) KSP residual norm 1.391932e-08
  9 (restart 0) KSP residual norm 2.474872e-09
GMRES solver converged in 9 iterations (avg. reduction factor: 1.205e-01)
  Residual norms for GMRES solve
  0 (restart 0) KSP residual norm 1.520345e-01
  1 (restart 0) KSP residual norm 6.086762e-03
  2 (restart 0) KSP residual norm 3.957645e-04
  3 (restart 0) KSP residual norm 5.849519e-05
  4 (restart 0) KSP residual norm 9.294730e-06
  5 (restart 0) KSP residual norm 1.782131e-06
  6 (restart 0) KSP residual norm 3.445390e-07
  7 (restart 0) KSP residual norm 6.485225e-08
  8 (restart 0) KSP residual norm 1.243312e-08
  9 (restart 0) KSP residual norm 2.168536e-09
 10 (restart 0) KSP residual norm 3.573211e-10
GMRES solver converged in 10 iterations (avg. reduction factor: 1.371e-01)
  Residual norms for GMRES solve
  0 (restart 0) KSP residual norm 4.052755e-01
  1 (restart 0) KSP residual norm 6.188140e-03
  2 (restart 0) KSP residual norm 3.853260e-04
  3 (restart 0) KSP residual norm 5.770459e-05
  4 (restart 0) KSP residual norm 9.657573e-06
  5 (restart 0) KSP residual norm 1.932372e-06
  6 (restart 0) KSP residual norm 3.841978e-07
  7 (restart 0) KSP residual norm 6.869773e-08
  8 (restart 0) KSP residual norm 1.176761e-08
  9 (restart 0) KSP residual norm 2.013542e-09
GMRES solver converged in 9 iterations (avg. reduction factor: 1.195e-01)
  Residual norms for GMRES solve
  0 (restart 0) KSP residual norm 2.120195e-01
  1 (restart 0) KSP residual norm 5.266747e-03
  2 (restart 0) KSP residual norm 3.399764e-04
  3 (restart 0) KSP residual norm 5.828155e-05
  4 (restart 0) KSP residual norm 9.536161e-06
  5 (restart 0) KSP residual norm 1.779159e-06
  6 (restart 0) KSP residual norm 3.336255e-07
  7 (restart 0) KSP residual norm 6.084226e-08
  8 (restart 0) KSP residual norm 1.153476e-08
  9 (restart 0) KSP residual norm 2.143267e-09
 10 (restart 0) KSP residual norm 3.648270e-10
GMRES solver converged in 10 iterations (avg. reduction factor: 1.329e-01)
  2 EPS nconv=16 first unconverged value (error) 0.00148097-2.62052e-09i (9.01563949e-05)
  Residual norms for GMRES solve
  0 (restart 0) KSP residual norm 1.995900e-01
  1 (restart 0) KSP residual norm 5.345184e-03
  2 (restart 0) KSP residual norm 3.524391e-04
  3 (restart 0) KSP residual norm 5.881121e-05
  4 (restart 0) KSP residual norm 9.969793e-06
  5 (restart 0) KSP residual norm 1.922967e-06
  6 (restart 0) KSP residual norm 3.784202e-07
  7 (restart 0) KSP residual norm 6.814222e-08
  8 (restart 0) KSP residual norm 1.232041e-08
  9 (restart 0) KSP residual norm 2.104601e-09
 10 (restart 0) KSP residual norm 3.447698e-10
GMRES solver converged in 10 iterations (avg. reduction factor: 1.330e-01)
  Residual norms for GMRES solve
  0 (restart 0) KSP residual norm 1.195191e-01
  1 (restart 0) KSP residual norm 4.690636e-03
  2 (restart 0) KSP residual norm 3.137512e-04
  3 (restart 0) KSP residual norm 5.706908e-05
  4 (restart 0) KSP residual norm 9.692801e-06
  5 (restart 0) KSP residual norm 1.878603e-06
  6 (restart 0) KSP residual norm 3.701365e-07
  7 (restart 0) KSP residual norm 6.581278e-08
  8 (restart 0) KSP residual norm 1.189384e-08
  9 (restart 0) KSP residual norm 2.113484e-09
 10 (restart 0) KSP residual norm 3.538276e-10
GMRES solver converged in 10 iterations (avg. reduction factor: 1.403e-01)
  Residual norms for GMRES solve
  0 (restart 0) KSP residual norm 2.375462e-01
  1 (restart 0) KSP residual norm 7.007643e-03
  2 (restart 0) KSP residual norm 3.475601e-04
  3 (restart 0) KSP residual norm 5.735448e-05
  4 (restart 0) KSP residual norm 9.450773e-06
  5 (restart 0) KSP residual norm 1.717116e-06
  6 (restart 0) KSP residual norm 3.263724e-07
  7 (restart 0) KSP residual norm 6.225616e-08
  8 (restart 0) KSP residual norm 1.138806e-08
  9 (restart 0) KSP residual norm 2.019926e-09
GMRES solver converged in 9 iterations (avg. reduction factor: 1.268e-01)
  Residual norms for GMRES solve
  0 (restart 0) KSP residual norm 1.015762e-01
  1 (restart 0) KSP residual norm 4.475417e-03
  2 (restart 0) KSP residual norm 3.433807e-04
  3 (restart 0) KSP residual norm 5.633130e-05
  4 (restart 0) KSP residual norm 9.589207e-06
  5 (restart 0) KSP residual norm 1.813128e-06
  6 (restart 0) KSP residual norm 3.366095e-07
  7 (restart 0) KSP residual norm 6.301195e-08
  8 (restart 0) KSP residual norm 1.198716e-08
  9 (restart 0) KSP residual norm 2.099939e-09
 10 (restart 0) KSP residual norm 3.528467e-10
GMRES solver converged in 10 iterations (avg. reduction factor: 1.426e-01)
  Residual norms for GMRES solve
  0 (restart 0) KSP residual norm 3.431270e-01
  1 (restart 0) KSP residual norm 5.748106e-03
  2 (restart 0) KSP residual norm 3.559057e-04
  3 (restart 0) KSP residual norm 6.356013e-05
  4 (restart 0) KSP residual norm 1.129246e-05
  5 (restart 0) KSP residual norm 2.331527e-06
  6 (restart 0) KSP residual norm 4.415164e-07
  7 (restart 0) KSP residual norm 7.521131e-08
  8 (restart 0) KSP residual norm 1.309416e-08
  9 (restart 0) KSP residual norm 2.265155e-09
GMRES solver converged in 9 iterations (avg. reduction factor: 1.233e-01)
  Residual norms for GMRES solve
  0 (restart 0) KSP residual norm 4.141386e-01
  1 (restart 0) KSP residual norm 5.596506e-03
  2 (restart 0) KSP residual norm 3.545466e-04
  3 (restart 0) KSP residual norm 5.757286e-05
  4 (restart 0) KSP residual norm 9.041500e-06
  5 (restart 0) KSP residual norm 1.704757e-06
  6 (restart 0) KSP residual norm 3.331302e-07
  7 (restart 0) KSP residual norm 6.135152e-08
  8 (restart 0) KSP residual norm 1.138623e-08
  9 (restart 0) KSP residual norm 2.002494e-09
GMRES solver converged in 9 iterations (avg. reduction factor: 1.191e-01)
  Residual norms for GMRES solve
  0 (restart 0) KSP residual norm 2.787482e-01
  1 (restart 0) KSP residual norm 5.275603e-03
  2 (restart 0) KSP residual norm 3.313687e-04
  3 (restart 0) KSP residual norm 5.799423e-05
  4 (restart 0) KSP residual norm 9.779842e-06
  5 (restart 0) KSP residual norm 1.872412e-06
  6 (restart 0) KSP residual norm 3.586610e-07
  7 (restart 0) KSP residual norm 6.541936e-08
  8 (restart 0) KSP residual norm 1.229116e-08
  9 (restart 0) KSP residual norm 2.209893e-09
GMRES solver converged in 9 iterations (avg. reduction factor: 1.259e-01)
  Residual norms for GMRES solve
  0 (restart 0) KSP residual norm 1.297190e-01
  1 (restart 0) KSP residual norm 4.816233e-03
  2 (restart 0) KSP residual norm 3.221268e-04
  3 (restart 0) KSP residual norm 5.612891e-05
  4 (restart 0) KSP residual norm 1.047614e-05
  5 (restart 0) KSP residual norm 2.090828e-06
  6 (restart 0) KSP residual norm 4.040680e-07
  7 (restart 0) KSP residual norm 6.960730e-08
  8 (restart 0) KSP residual norm 1.235626e-08
  9 (restart 0) KSP residual norm 2.104967e-09
 10 (restart 0) KSP residual norm 3.526858e-10
GMRES solver converged in 10 iterations (avg. reduction factor: 1.391e-01)
  Residual norms for GMRES solve
  0 (restart 0) KSP residual norm 2.568376e-01
  1 (restart 0) KSP residual norm 5.035474e-03
  2 (restart 0) KSP residual norm 3.261248e-04
  3 (restart 0) KSP residual norm 5.416048e-05
  4 (restart 0) KSP residual norm 9.619020e-06
  5 (restart 0) KSP residual norm 1.855205e-06
  6 (restart 0) KSP residual norm 3.490519e-07
  7 (restart 0) KSP residual norm 6.331520e-08
  8 (restart 0) KSP residual norm 1.149694e-08
  9 (restart 0) KSP residual norm 2.052324e-09
GMRES solver converged in 9 iterations (avg. reduction factor: 1.260e-01)
  Residual norms for GMRES solve
  0 (restart 0) KSP residual norm 1.731348e-01
  1 (restart 0) KSP residual norm 5.719184e-03
  2 (restart 0) KSP residual norm 3.135523e-04
  3 (restart 0) KSP residual norm 5.568557e-05
  4 (restart 0) KSP residual norm 9.532954e-06
  5 (restart 0) KSP residual norm 1.831507e-06
  6 (restart 0) KSP residual norm 3.589441e-07
  7 (restart 0) KSP residual norm 6.470979e-08
  8 (restart 0) KSP residual norm 1.174763e-08
  9 (restart 0) KSP residual norm 2.130286e-09
 10 (restart 0) KSP residual norm 3.707936e-10
GMRES solver converged in 10 iterations (avg. reduction factor: 1.359e-01)
  Residual norms for GMRES solve
  0 (restart 0) KSP residual norm 7.694450e-02
  1 (restart 0) KSP residual norm 3.558607e-03
  2 (restart 0) KSP residual norm 3.124122e-04
  3 (restart 0) KSP residual norm 5.412992e-05
  4 (restart 0) KSP residual norm 9.730460e-06
  5 (restart 0) KSP residual norm 1.904005e-06
  6 (restart 0) KSP residual norm 3.570678e-07
  7 (restart 0) KSP residual norm 6.418820e-08
  8 (restart 0) KSP residual norm 1.196016e-08
  9 (restart 0) KSP residual norm 2.075411e-09
 10 (restart 0) KSP residual norm 3.556944e-10
GMRES solver converged in 10 iterations (avg. reduction factor: 1.467e-01)
  Residual norms for GMRES solve
  0 (restart 0) KSP residual norm 1.927384e-01
  1 (restart 0) KSP residual norm 4.777632e-03
  2 (restart 0) KSP residual norm 3.432781e-04
  3 (restart 0) KSP residual norm 5.993390e-05
  4 (restart 0) KSP residual norm 1.194793e-05
  5 (restart 0) KSP residual norm 2.419735e-06
  6 (restart 0) KSP residual norm 4.283205e-07
  7 (restart 0) KSP residual norm 6.870526e-08
  8 (restart 0) KSP residual norm 1.196128e-08
  9 (restart 0) KSP residual norm 2.050154e-09
 10 (restart 0) KSP residual norm 3.387299e-10
GMRES solver converged in 10 iterations (avg. reduction factor: 1.332e-01)
  Residual norms for GMRES solve
  0 (restart 0) KSP residual norm 1.433377e-01
  1 (restart 0) KSP residual norm 4.445108e-03
  2 (restart 0) KSP residual norm 3.004697e-04
  3 (restart 0) KSP residual norm 5.083937e-05
  4 (restart 0) KSP residual norm 8.533733e-06
  5 (restart 0) KSP residual norm 1.588958e-06
  6 (restart 0) KSP residual norm 3.200138e-07
  7 (restart 0) KSP residual norm 5.912734e-08
  8 (restart 0) KSP residual norm 1.033233e-08
  9 (restart 0) KSP residual norm 1.824737e-09
 10 (restart 0) KSP residual norm 3.081058e-10
GMRES solver converged in 10 iterations (avg. reduction factor: 1.359e-01)
  Residual norms for GMRES solve
  0 (restart 0) KSP residual norm 1.746611e-01
  1 (restart 0) KSP residual norm 4.964661e-03
  2 (restart 0) KSP residual norm 3.204434e-04
  3 (restart 0) KSP residual norm 5.491544e-05
  4 (restart 0) KSP residual norm 1.030355e-05
  5 (restart 0) KSP residual norm 2.145373e-06
  6 (restart 0) KSP residual norm 4.004162e-07
  7 (restart 0) KSP residual norm 6.595544e-08
  8 (restart 0) KSP residual norm 1.143416e-08
  9 (restart 0) KSP residual norm 1.962773e-09
 10 (restart 0) KSP residual norm 3.230608e-10
GMRES solver converged in 10 iterations (avg. reduction factor: 1.339e-01)
  3 EPS nconv=20 first unconverged value (error) 0.00155184+1.27538e-11i (8.40037849e-07)
  Residual norms for GMRES solve
  0 (restart 0) KSP residual norm 1.845733e-01
  1 (restart 0) KSP residual norm 5.142295e-03
  2 (restart 0) KSP residual norm 3.267524e-04
  3 (restart 0) KSP residual norm 5.215744e-05
  4 (restart 0) KSP residual norm 8.209851e-06
  5 (restart 0) KSP residual norm 1.437624e-06
  6 (restart 0) KSP residual norm 2.785842e-07
  7 (restart 0) KSP residual norm 5.268225e-08
  8 (restart 0) KSP residual norm 9.975912e-09
  9 (restart 0) KSP residual norm 1.836268e-09
GMRES solver converged in 9 iterations (avg. reduction factor: 1.291e-01)
  Residual norms for GMRES solve
  0 (restart 0) KSP residual norm 1.460859e-01
  1 (restart 0) KSP residual norm 5.244338e-03
  2 (restart 0) KSP residual norm 2.719877e-04
  3 (restart 0) KSP residual norm 4.718830e-05
  4 (restart 0) KSP residual norm 7.409484e-06
  5 (restart 0) KSP residual norm 1.363639e-06
  6 (restart 0) KSP residual norm 2.710720e-07
  7 (restart 0) KSP residual norm 5.167553e-08
  8 (restart 0) KSP residual norm 9.253817e-09
  9 (restart 0) KSP residual norm 1.603120e-09
 10 (restart 0) KSP residual norm 2.716955e-10
GMRES solver converged in 10 iterations (avg. reduction factor: 1.340e-01)
  Residual norms for GMRES solve
  0 (restart 0) KSP residual norm 2.238761e-01
  1 (restart 0) KSP residual norm 5.013004e-03
  2 (restart 0) KSP residual norm 3.105322e-04
  3 (restart 0) KSP residual norm 5.117690e-05
  4 (restart 0) KSP residual norm 8.601670e-06
  5 (restart 0) KSP residual norm 1.697290e-06
  6 (restart 0) KSP residual norm 3.367167e-07
  7 (restart 0) KSP residual norm 6.043904e-08
  8 (restart 0) KSP residual norm 1.090360e-08
  9 (restart 0) KSP residual norm 1.925353e-09
GMRES solver converged in 9 iterations (avg. reduction factor: 1.270e-01)
  Residual norms for GMRES solve
  0 (restart 0) KSP residual norm 3.863181e-01
  1 (restart 0) KSP residual norm 5.890103e-03
  2 (restart 0) KSP residual norm 3.695896e-04
  3 (restart 0) KSP residual norm 6.271550e-05
  4 (restart 0) KSP residual norm 1.092807e-05
  5 (restart 0) KSP residual norm 2.200894e-06
  6 (restart 0) KSP residual norm 4.328610e-07
  7 (restart 0) KSP residual norm 7.431682e-08
  8 (restart 0) KSP residual norm 1.320412e-08
  9 (restart 0) KSP residual norm 2.320545e-09
GMRES solver converged in 9 iterations (avg. reduction factor: 1.220e-01)
  Residual norms for GMRES solve
  0 (restart 0) KSP residual norm 1.657749e-01
  1 (restart 0) KSP residual norm 5.222125e-03
  2 (restart 0) KSP residual norm 3.361914e-04
  3 (restart 0) KSP residual norm 5.686700e-05
  4 (restart 0) KSP residual norm 9.888054e-06
  5 (restart 0) KSP residual norm 1.876790e-06
  6 (restart 0) KSP residual norm 3.687053e-07
  7 (restart 0) KSP residual norm 6.654085e-08
  8 (restart 0) KSP residual norm 1.184479e-08
  9 (restart 0) KSP residual norm 2.111705e-09
 10 (restart 0) KSP residual norm 3.591544e-10
GMRES solver converged in 10 iterations (avg. reduction factor: 1.360e-01)
  Residual norms for GMRES solve
  0 (restart 0) KSP residual norm 2.137890e-01
  1 (restart 0) KSP residual norm 5.058499e-03
  2 (restart 0) KSP residual norm 3.408951e-04
  3 (restart 0) KSP residual norm 5.619133e-05
  4 (restart 0) KSP residual norm 9.508418e-06
  5 (restart 0) KSP residual norm 1.756104e-06
  6 (restart 0) KSP residual norm 3.341790e-07
  7 (restart 0) KSP residual norm 6.216528e-08
  8 (restart 0) KSP residual norm 1.190373e-08
  9 (restart 0) KSP residual norm 2.095285e-09
GMRES solver converged in 9 iterations (avg. reduction factor: 1.289e-01)
  Residual norms for GMRES solve
  0 (restart 0) KSP residual norm 3.357164e-01
  1 (restart 0) KSP residual norm 5.153649e-03
  2 (restart 0) KSP residual norm 3.326897e-04
  3 (restart 0) KSP residual norm 5.318137e-05
  4 (restart 0) KSP residual norm 8.674783e-06
  5 (restart 0) KSP residual norm 1.571377e-06
  6 (restart 0) KSP residual norm 2.867607e-07
  7 (restart 0) KSP residual norm 5.104064e-08
  8 (restart 0) KSP residual norm 1.001908e-08
  9 (restart 0) KSP residual norm 1.867823e-09
GMRES solver converged in 9 iterations (avg. reduction factor: 1.210e-01)
  Residual norms for GMRES solve
  0 (restart 0) KSP residual norm 1.161473e-01
  1 (restart 0) KSP residual norm 5.069175e-03
  2 (restart 0) KSP residual norm 3.191816e-04
  3 (restart 0) KSP residual norm 5.404449e-05
  4 (restart 0) KSP residual norm 9.203807e-06
  5 (restart 0) KSP residual norm 1.810327e-06
  6 (restart 0) KSP residual norm 3.586437e-07
  7 (restart 0) KSP residual norm 6.391655e-08
  8 (restart 0) KSP residual norm 1.150973e-08
  9 (restart 0) KSP residual norm 1.901165e-09
 10 (restart 0) KSP residual norm 3.262652e-10
GMRES solver converged in 10 iterations (avg. reduction factor: 1.396e-01)
  Residual norms for GMRES solve
  0 (restart 0) KSP residual norm 4.199926e-01
  1 (restart 0) KSP residual norm 5.369944e-03
  2 (restart 0) KSP residual norm 3.354738e-04
  3 (restart 0) KSP residual norm 5.641539e-05
  4 (restart 0) KSP residual norm 9.984849e-06
  5 (restart 0) KSP residual norm 1.912459e-06
  6 (restart 0) KSP residual norm 3.591636e-07
  7 (restart 0) KSP residual norm 6.539817e-08
  8 (restart 0) KSP residual norm 1.211380e-08
  9 (restart 0) KSP residual norm 2.143214e-09
GMRES solver converged in 9 iterations (avg. reduction factor: 1.199e-01)
  Residual norms for GMRES solve
  0 (restart 0) KSP residual norm 5.830115e-01
  1 (restart 0) KSP residual norm 6.145756e-03
  2 (restart 0) KSP residual norm 3.603366e-04
  3 (restart 0) KSP residual norm 5.808520e-05
  4 (restart 0) KSP residual norm 9.726442e-06
  5 (restart 0) KSP residual norm 1.947210e-06
  6 (restart 0) KSP residual norm 3.881960e-07
  7 (restart 0) KSP residual norm 6.844371e-08
  8 (restart 0) KSP residual norm 1.199756e-08
  9 (restart 0) KSP residual norm 2.054647e-09
GMRES solver converged in 9 iterations (avg. reduction factor: 1.150e-01)
  Residual norms for GMRES solve
  0 (restart 0) KSP residual norm 3.232941e-01
  1 (restart 0) KSP residual norm 5.182581e-03
  2 (restart 0) KSP residual norm 3.456279e-04
  3 (restart 0) KSP residual norm 5.762292e-05
  4 (restart 0) KSP residual norm 9.795918e-06
  5 (restart 0) KSP residual norm 1.873619e-06
  6 (restart 0) KSP residual norm 3.621728e-07
  7 (restart 0) KSP residual norm 6.659267e-08
  8 (restart 0) KSP residual norm 1.196756e-08
  9 (restart 0) KSP residual norm 2.054915e-09
GMRES solver converged in 9 iterations (avg. reduction factor: 1.228e-01)
  Residual norms for GMRES solve
  0 (restart 0) KSP residual norm 1.062905e-01
  1 (restart 0) KSP residual norm 4.178838e-03
  2 (restart 0) KSP residual norm 3.196663e-04
  3 (restart 0) KSP residual norm 4.991121e-05
  4 (restart 0) KSP residual norm 8.363119e-06
  5 (restart 0) KSP residual norm 1.665036e-06
  6 (restart 0) KSP residual norm 3.160088e-07
  7 (restart 0) KSP residual norm 5.711722e-08
  8 (restart 0) KSP residual norm 1.053413e-08
  9 (restart 0) KSP residual norm 1.885794e-09
 10 (restart 0) KSP residual norm 3.201875e-10
GMRES solver converged in 10 iterations (avg. reduction factor: 1.406e-01)
  4 EPS nconv=27 first unconverged value (error) 0.00201286-7.73723e-10i (2.19529309e-04)

 Linear eigensolve converged (27 eigenpairs) due to CONVERGED_TOL; iterations 4
 Total number of linear systems solved: 88
 Total number of linear solver iterations: 828
 Found 27 converged eigenvalues (first = 2.313e+01+6.740e-11i)

Computing solution error estimates and performing postprocessing

     m,        Re{f} (GHz),        Im{f} (GHz),                  Q,      Error (Bkwd.),       Error (Abs.)
     1,      +1.106490e+00,      +1.611948e-12,      +3.432151e+11,      +6.080774e-12,      +7.713070e-08
     2,      +1.763030e+00,      +8.089953e-11,      +1.089642e+10,      +9.230715e-12,      +1.171243e-07
     3,      +1.763033e+00,      -6.548335e-11,      +1.346169e+10,      +9.750301e-12,      +1.237171e-07
     4,      +1.893337e+00,      -1.312017e-10,      +7.215370e+09,      +1.783025e-11,      +2.262588e-07
     5,      +1.893338e+00,      -1.609153e-10,      +5.883027e+09,      +8.944820e-12,      +1.135062e-07
     6,      +2.022727e+00,      -1.367626e-10,      +7.395029e+09,      +5.809933e-11,      +7.373228e-07
     7,      +2.200509e+00,      -9.217830e-11,      +1.193616e+10,      +1.734252e-11,      +2.201181e-07
     8,      +2.200510e+00,      -2.500297e-11,      +4.400498e+10,      +1.059401e-11,      +1.344633e-07
     9,      +2.363048e+00,      -3.820336e-10,      +3.092723e+09,      +1.040617e-11,      +1.320964e-07
    10,      +2.363061e+00,      +5.449826e-12,      +2.168015e+11,      +2.045359e-11,      +2.596387e-07
    11,      +2.444443e+00,      +2.649897e-11,      +4.612336e+10,      +1.292380e-11,      +1.640665e-07
    12,      +2.444458e+00,      +9.771632e-11,      +1.250793e+10,      +1.605152e-11,      +2.037727e-07
    13,      +2.444520e+00,      +8.662429e-11,      +1.410990e+10,      +2.333768e-11,      +2.962698e-07
    14,      +2.540069e+00,      +8.256433e-10,      +1.538236e+09,      +9.745737e-11,      +1.237316e-06
    15,      +2.569945e+00,      -7.694902e-10,      +1.669901e+09,      +4.014688e-11,      +5.097174e-07
    16,      +2.569965e+00,      +7.858822e-10,      +1.635083e+09,      +5.333621e-11,      +6.771732e-07
    17,      +2.907095e+00,      +1.298535e-09,      +1.119375e+09,      +4.201515e-11,      +5.336099e-07
    18,      +2.907122e+00,      +2.498868e-10,      +5.816878e+09,      +2.192576e-11,      +2.784663e-07
    19,      +2.935791e+00,      +8.297127e-11,      +1.769161e+10,      +3.680866e-11,      +4.674990e-07
    20,      +2.935885e+00,      -2.877277e-10,      +5.101846e+09,      +2.994804e-11,      +3.803638e-07
    21,      +2.975840e+00,      +3.636804e-10,      +4.091284e+09,      +2.476079e-11,      +3.144946e-07
    22,      +2.975862e+00,      -6.435079e-10,      +2.312219e+09,      +4.094513e-11,      +5.200570e-07
    23,      +2.981013e+00,      +3.922167e-10,      +3.800212e+09,      +2.178764e-11,      +2.767332e-07
    24,      +2.981102e+00,      -4.985268e-10,      +2.989911e+09,      +3.495501e-11,      +4.439770e-07
    25,      +3.052759e+00,      -3.292537e-09,      +4.635876e+08,      +1.602981e-10,      +2.036161e-06
    26,      +3.228613e+00,      -4.060214e-10,      +3.975915e+09,      +1.945965e-11,      +2.472310e-07
    27,      +3.228669e+00,      -1.991505e-10,      +8.106104e+09,      +2.066362e-11,      +2.625271e-07

Completed 0 iterations of adaptive mesh refinement (AMR):
 Indicator norm = 1.615e-02, global unknowns = 534810
 Max. iterations = 0, tol. = 1.000e-02

Estimated peak per-rank memory usage is: Min. 712.3M, Max. 756.9M, Avg. 732.2M, Total 5.7G
Estimated peak per-node memory usage is: Min. 5.7G, Max. 5.7G, Avg. 5.7G, Total 5.7G

Elapsed Time Report (s)           Min.        Max.        Avg.
==============================================================
Initialization                   0.262       0.657       0.608
  Mesh Preprocessing             0.465       0.860       0.514
Operator Construction            1.213       1.219       1.217
Linear Solve                    28.491      28.641      28.552
  Setup                          7.270       7.270       7.270
  Preconditioner               673.950     674.093     674.034
  Coarse Solve                  30.919      30.968      30.946
Eigenvalue Solve                 3.241       3.268       3.251
Div.-Free Projection            74.856      74.868      74.864
Estimation                       0.869       0.894       0.878
  Construction                   3.259       3.259       3.259
  Solve                         47.217      47.230      47.223
Postprocessing                   6.058       6.083       6.070
Disk IO                          0.949       0.949       0.949
--------------------------------------------------------------
Total                          880.740     880.745     880.743

Peak Memory                   Per-Node       Total   Total HWM
==============================================================
Initialization                   11.4M       11.4M       11.4M
  Mesh Preprocessing             74.2M       74.2M       85.6M
Operator Construction           644.5M      644.5M      730.0M
Linear Solve                    552.0K      552.0K      730.6M
  Setup                         892.4M      892.4M        1.6G
  Preconditioner                  1.0M        1.0M        1.6G
  Coarse Solve                    1.7G        1.7G        3.3G
Eigenvalue Solve                369.4M      369.4M        3.6G
Div.-Free Projection            279.4M      279.4M        3.9G
Estimation                      272.0M      272.0M        4.2G
  Construction                  397.9M      397.9M        4.5G
  Solve                         274.0M      274.0M        4.8G
Postprocessing                  642.9M      642.9M        5.4G
Disk IO                          66.2M       66.2M        5.5G
--------------------------------------------------------------
Total                             5.6G        5.6G        5.6G

