>> /opt/amip/envs/emsim/bin/mpirun -n 32 /opt/amip/palace/bin/palace-x86_64.bin e1b_A_load.json

_____________     _______
_____   __   \____ __   /____ ____________
____   /_/  /  __ ` /  /  __ ` /  ___/  _ \
___   _____/  /_/  /  /  /_/  /  /__/  ___/
  /__/     \___,__/__/\___,__/\_____\_____/


[38;2;255;255;000m--> Warning![0m
Output folder is not empty; program will overwrite content! (postpro/e1b_A_load)
Git changeset ID: v0.17.0-293-g3c83b9db0
Running with 32 MPI processes, 1 OpenMP thread
Device configuration: omp,cpu
Memory configuration: host-std
libCEED backend: /cpu/self/xsmm/blocked

Added 7651 boundary elements for material interfaces to the mesh

Characteristic length and time scales:
 Lc = 2.451e-01 m, tc = 8.174e-01 ns
Finished partitioning mesh into 32 subdomains

Mesh curvature order: 2
Mesh bounding box:
 (Xmin, Ymin, Zmin) = (-1.032e-01, -1.225e-01, -4.426e-02) m
 (Xmax, Ymax, Zmax) = (+1.032e-01, +1.225e-01, +4.426e-02) m

Parallel Mesh Stats:

                minimum     average     maximum       total
 vertices           120         218         405        6982
 edges             1071        1387        1904       44398
 faces             2048        2278        2637       72904
 elements          1081        1108        1142       35487
 neighbors            5          11          21

            minimum     maximum
 h       0.00286572    0.149642
 kappa      1.03322     13.8315

Estimated current per-rank memory usage is: Min. 32.5M, Max. 60.4M, Avg. 33.9M, Total 1.1G
Estimated current per-node memory usage is: Min. 1.1G, Max. 1.1G, Avg. 1.1G, Total 1.1G

Configuring Dirichlet PEC BC at attributes:
 90

Assembling system matrices, number of global unknowns:
 H1 (p = 2): 51380, ND (p = 2): 234604, RT (p = 2): 325173
 Operator assembly level: Partial
 Mesh geometries:
  Tetrahedron: P = 20, Q = 14 (quadrature order = 4)

Configuring SLEPc eigenvalue solver:
 Scaling γ = 1.958e+04, δ = 1.173e-04
 Configuring divergence-free projection
 Using random starting vector
 Shift-and-invert σ = 1.050e+00 GHz (5.393e+00)

Assembling multigrid hierarchy:
 Level 0 (p = 1): 44398 unknowns
 Level 1 (p = 2): 234604 unknowns
 Level 0 (auxiliary) (p = 1): 6982 unknowns
 Level 1 (auxiliary) (p = 2): 51380 unknowns

#PETSc Option Table entries:
-eps_monitor # (source: code)
#End of PETSc Option Table entries

  Residual norms for GMRES solve
  0 (restart 0) KSP residual norm 2.040906e-03
  1 (restart 0) KSP residual norm 3.822691e-04
  2 (restart 0) KSP residual norm 1.601997e-05
  3 (restart 0) KSP residual norm 4.074926e-06
  4 (restart 0) KSP residual norm 1.061242e-06
  5 (restart 0) KSP residual norm 3.705240e-07
  6 (restart 0) KSP residual norm 1.231822e-07
  7 (restart 0) KSP residual norm 5.658852e-08
  8 (restart 0) KSP residual norm 2.305319e-08
  9 (restart 0) KSP residual norm 1.083921e-08
 10 (restart 0) KSP residual norm 4.811101e-09
 11 (restart 0) KSP residual norm 2.089079e-09
 12 (restart 0) KSP residual norm 9.329046e-10
 13 (restart 0) KSP residual norm 4.223972e-10
 14 (restart 0) KSP residual norm 1.987307e-10
 15 (restart 0) KSP residual norm 9.184930e-11
 16 (restart 0) KSP residual norm 4.411175e-11
 17 (restart 0) KSP residual norm 2.038787e-11
GMRES solver converged in 17 iterations (avg. reduction factor: 3.384e-01)
  Residual norms for GMRES solve
  0 (restart 0) KSP residual norm 9.392400e-01
  1 (restart 0) KSP residual norm 2.329864e-02
  2 (restart 0) KSP residual norm 1.718769e-03
  3 (restart 0) KSP residual norm 2.341085e-04
  4 (restart 0) KSP residual norm 5.741848e-05
  5 (restart 0) KSP residual norm 1.452182e-05
  6 (restart 0) KSP residual norm 5.125328e-06
  7 (restart 0) KSP residual norm 2.179687e-06
  8 (restart 0) KSP residual norm 1.049887e-06
  9 (restart 0) KSP residual norm 4.589989e-07
 10 (restart 0) KSP residual norm 2.054613e-07
 11 (restart 0) KSP residual norm 8.477017e-08
 12 (restart 0) KSP residual norm 3.178759e-08
 13 (restart 0) KSP residual norm 1.214029e-08
 14 (restart 0) KSP residual norm 4.512741e-09
GMRES solver converged in 14 iterations (avg. reduction factor: 2.546e-01)
  Residual norms for GMRES solve
  0 (restart 0) KSP residual norm 5.698507e-01
  1 (restart 0) KSP residual norm 1.534500e-02
  2 (restart 0) KSP residual norm 1.178189e-03
  3 (restart 0) KSP residual norm 1.462876e-04
  4 (restart 0) KSP residual norm 3.777527e-05
  5 (restart 0) KSP residual norm 9.338072e-06
  6 (restart 0) KSP residual norm 3.264603e-06
  7 (restart 0) KSP residual norm 1.371706e-06
  8 (restart 0) KSP residual norm 6.643545e-07
  9 (restart 0) KSP residual norm 2.922109e-07
 10 (restart 0) KSP residual norm 1.301377e-07
 11 (restart 0) KSP residual norm 5.394837e-08
 12 (restart 0) KSP residual norm 2.043439e-08
 13 (restart 0) KSP residual norm 7.607252e-09
 14 (restart 0) KSP residual norm 2.864379e-09
GMRES solver converged in 14 iterations (avg. reduction factor: 2.554e-01)
  Residual norms for GMRES solve
  0 (restart 0) KSP residual norm 3.871780e-02
  1 (restart 0) KSP residual norm 4.806830e-03
  2 (restart 0) KSP residual norm 2.781650e-04
  3 (restart 0) KSP residual norm 2.691392e-05
  4 (restart 0) KSP residual norm 1.011951e-05
  5 (restart 0) KSP residual norm 1.805111e-06
  6 (restart 0) KSP residual norm 6.441757e-07
  7 (restart 0) KSP residual norm 2.094692e-07
  8 (restart 0) KSP residual norm 1.047648e-07
  9 (restart 0) KSP residual norm 4.516842e-08
 10 (restart 0) KSP residual norm 2.132031e-08
 11 (restart 0) KSP residual norm 1.019847e-08
 12 (restart 0) KSP residual norm 3.778208e-09
 13 (restart 0) KSP residual norm 1.486926e-09
 14 (restart 0) KSP residual norm 5.811980e-10
 15 (restart 0) KSP residual norm 2.328966e-10
GMRES solver converged in 15 iterations (avg. reduction factor: 2.831e-01)
  Residual norms for GMRES solve
  0 (restart 0) KSP residual norm 3.488061e-02
  1 (restart 0) KSP residual norm 5.401155e-03
  2 (restart 0) KSP residual norm 2.153646e-04
  3 (restart 0) KSP residual norm 2.571420e-05
  4 (restart 0) KSP residual norm 7.696152e-06
  5 (restart 0) KSP residual norm 1.739235e-06
  6 (restart 0) KSP residual norm 5.627968e-07
  7 (restart 0) KSP residual norm 1.878292e-07
  8 (restart 0) KSP residual norm 7.680324e-08
  9 (restart 0) KSP residual norm 3.123797e-08
 10 (restart 0) KSP residual norm 1.422909e-08
 11 (restart 0) KSP residual norm 7.228081e-09
 12 (restart 0) KSP residual norm 3.165980e-09
 13 (restart 0) KSP residual norm 1.307666e-09
 14 (restart 0) KSP residual norm 5.309460e-10
 15 (restart 0) KSP residual norm 2.186396e-10
GMRES solver converged in 15 iterations (avg. reduction factor: 2.839e-01)
  Residual norms for GMRES solve
  0 (restart 0) KSP residual norm 4.435000e-02
  1 (restart 0) KSP residual norm 6.086296e-03
  2 (restart 0) KSP residual norm 2.916169e-04
  3 (restart 0) KSP residual norm 2.766973e-05
  4 (restart 0) KSP residual norm 8.877502e-06
  5 (restart 0) KSP residual norm 1.728254e-06
  6 (restart 0) KSP residual norm 5.900301e-07
  7 (restart 0) KSP residual norm 1.871313e-07
  8 (restart 0) KSP residual norm 7.431007e-08
  9 (restart 0) KSP residual norm 3.303219e-08
 10 (restart 0) KSP residual norm 1.612111e-08
 11 (restart 0) KSP residual norm 7.640916e-09
 12 (restart 0) KSP residual norm 3.117788e-09
 13 (restart 0) KSP residual norm 1.208719e-09
 14 (restart 0) KSP residual norm 4.819419e-10
 15 (restart 0) KSP residual norm 1.933766e-10
GMRES solver converged in 15 iterations (avg. reduction factor: 2.771e-01)
  Residual norms for GMRES solve
  0 (restart 0) KSP residual norm 7.963129e-02
  1 (restart 0) KSP residual norm 7.628884e-03
  2 (restart 0) KSP residual norm 2.749010e-04
  3 (restart 0) KSP residual norm 4.384152e-05
  4 (restart 0) KSP residual norm 9.865797e-06
  5 (restart 0) KSP residual norm 2.512565e-06
  6 (restart 0) KSP residual norm 8.259409e-07
  7 (restart 0) KSP residual norm 3.262118e-07
  8 (restart 0) KSP residual norm 1.580720e-07
  9 (restart 0) KSP residual norm 7.405533e-08
 10 (restart 0) KSP residual norm 3.269233e-08
 11 (restart 0) KSP residual norm 1.368023e-08
 12 (restart 0) KSP residual norm 5.260820e-09
 13 (restart 0) KSP residual norm 1.964369e-09
 14 (restart 0) KSP residual norm 8.002069e-10
 15 (restart 0) KSP residual norm 3.579109e-10
GMRES solver converged in 15 iterations (avg. reduction factor: 2.777e-01)
  Residual norms for GMRES solve
  0 (restart 0) KSP residual norm 7.544550e-02
  1 (restart 0) KSP residual norm 6.003839e-03
  2 (restart 0) KSP residual norm 2.366823e-04
  3 (restart 0) KSP residual norm 3.885731e-05
  4 (restart 0) KSP residual norm 8.542323e-06
  5 (restart 0) KSP residual norm 2.112936e-06
  6 (restart 0) KSP residual norm 7.153963e-07
  7 (restart 0) KSP residual norm 2.932452e-07
  8 (restart 0) KSP residual norm 1.373871e-07
  9 (restart 0) KSP residual norm 6.409729e-08
 10 (restart 0) KSP residual norm 2.924196e-08
 11 (restart 0) KSP residual norm 1.218539e-08
 12 (restart 0) KSP residual norm 4.745187e-09
 13 (restart 0) KSP residual norm 1.843413e-09
 14 (restart 0) KSP residual norm 7.197649e-10
GMRES solver converged in 14 iterations (avg. reduction factor: 2.674e-01)
  Residual norms for GMRES solve
  0 (restart 0) KSP residual norm 5.946079e-02
  1 (restart 0) KSP residual norm 5.342886e-03
  2 (restart 0) KSP residual norm 2.039816e-04
  3 (restart 0) KSP residual norm 3.368437e-05
  4 (restart 0) KSP residual norm 7.679910e-06
  5 (restart 0) KSP residual norm 1.820645e-06
  6 (restart 0) KSP residual norm 5.935150e-07
  7 (restart 0) KSP residual norm 2.210950e-07
  8 (restart 0) KSP residual norm 1.031015e-07
  9 (restart 0) KSP residual norm 4.880259e-08
 10 (restart 0) KSP residual norm 2.194689e-08
 11 (restart 0) KSP residual norm 9.837365e-09
 12 (restart 0) KSP residual norm 3.987219e-09
 13 (restart 0) KSP residual norm 1.485396e-09
 14 (restart 0) KSP residual norm 6.357695e-10
 15 (restart 0) KSP residual norm 2.863073e-10
GMRES solver converged in 15 iterations (avg. reduction factor: 2.789e-01)
  Residual norms for GMRES solve
  0 (restart 0) KSP residual norm 3.502559e-02
  1 (restart 0) KSP residual norm 4.914904e-03
  2 (restart 0) KSP residual norm 1.860841e-04
  3 (restart 0) KSP residual norm 2.692754e-05
  4 (restart 0) KSP residual norm 7.624571e-06
  5 (restart 0) KSP residual norm 1.728501e-06
  6 (restart 0) KSP residual norm 5.416962e-07
  7 (restart 0) KSP residual norm 1.802710e-07
  8 (restart 0) KSP residual norm 7.410987e-08
  9 (restart 0) KSP residual norm 3.195754e-08
 10 (restart 0) KSP residual norm 1.422346e-08
 11 (restart 0) KSP residual norm 7.629287e-09
 12 (restart 0) KSP residual norm 3.397445e-09
 13 (restart 0) KSP residual norm 1.361220e-09
 14 (restart 0) KSP residual norm 6.214065e-10
 15 (restart 0) KSP residual norm 2.967341e-10
GMRES solver converged in 15 iterations (avg. reduction factor: 2.896e-01)
  Residual norms for GMRES solve
  0 (restart 0) KSP residual norm 5.287183e-02
  1 (restart 0) KSP residual norm 7.670033e-03
  2 (restart 0) KSP residual norm 2.343285e-04
  3 (restart 0) KSP residual norm 3.606569e-05
  4 (restart 0) KSP residual norm 8.185267e-06
  5 (restart 0) KSP residual norm 1.889158e-06
  6 (restart 0) KSP residual norm 5.838610e-07
  7 (restart 0) KSP residual norm 1.897138e-07
  8 (restart 0) KSP residual norm 7.460941e-08
  9 (restart 0) KSP residual norm 3.162440e-08
 10 (restart 0) KSP residual norm 1.415927e-08
 11 (restart 0) KSP residual norm 6.971469e-09
 12 (restart 0) KSP residual norm 3.192481e-09
 13 (restart 0) KSP residual norm 1.319410e-09
 14 (restart 0) KSP residual norm 5.569944e-10
 15 (restart 0) KSP residual norm 2.486825e-10
GMRES solver converged in 15 iterations (avg. reduction factor: 2.785e-01)
  Residual norms for GMRES solve
  0 (restart 0) KSP residual norm 5.737377e-02
  1 (restart 0) KSP residual norm 1.009554e-02
  2 (restart 0) KSP residual norm 3.023301e-04
  3 (restart 0) KSP residual norm 3.582437e-05
  4 (restart 0) KSP residual norm 8.547592e-06
  5 (restart 0) KSP residual norm 2.049776e-06
  6 (restart 0) KSP residual norm 6.362284e-07
  7 (restart 0) KSP residual norm 2.178491e-07
  8 (restart 0) KSP residual norm 8.823312e-08
  9 (restart 0) KSP residual norm 3.797501e-08
 10 (restart 0) KSP residual norm 1.782586e-08
 11 (restart 0) KSP residual norm 8.454221e-09
 12 (restart 0) KSP residual norm 3.689519e-09
 13 (restart 0) KSP residual norm 1.428187e-09
 14 (restart 0) KSP residual norm 5.814277e-10
 15 (restart 0) KSP residual norm 2.433907e-10
GMRES solver converged in 15 iterations (avg. reduction factor: 2.766e-01)
  Residual norms for GMRES solve
  0 (restart 0) KSP residual norm 3.646268e-02
  1 (restart 0) KSP residual norm 4.667135e-03
  2 (restart 0) KSP residual norm 2.762255e-04
  3 (restart 0) KSP residual norm 2.524395e-05
  4 (restart 0) KSP residual norm 8.051752e-06
  5 (restart 0) KSP residual norm 1.607996e-06
  6 (restart 0) KSP residual norm 5.916733e-07
  7 (restart 0) KSP residual norm 2.050720e-07
  8 (restart 0) KSP residual norm 8.946448e-08
  9 (restart 0) KSP residual norm 4.087499e-08
 10 (restart 0) KSP residual norm 1.967629e-08
 11 (restart 0) KSP residual norm 8.903028e-09
 12 (restart 0) KSP residual norm 3.577685e-09
 13 (restart 0) KSP residual norm 1.405722e-09
 14 (restart 0) KSP residual norm 5.815162e-10
 15 (restart 0) KSP residual norm 2.545070e-10
GMRES solver converged in 15 iterations (avg. reduction factor: 2.859e-01)
  Residual norms for GMRES solve
  0 (restart 0) KSP residual norm 3.758704e-02
  1 (restart 0) KSP residual norm 5.117080e-03
  2 (restart 0) KSP residual norm 1.800017e-04
  3 (restart 0) KSP residual norm 3.057806e-05
  4 (restart 0) KSP residual norm 7.811134e-06
  5 (restart 0) KSP residual norm 1.894046e-06
  6 (restart 0) KSP residual norm 6.015280e-07
  7 (restart 0) KSP residual norm 2.263489e-07
  8 (restart 0) KSP residual norm 1.009058e-07
  9 (restart 0) KSP residual norm 4.887221e-08
 10 (restart 0) KSP residual norm 2.206784e-08
 11 (restart 0) KSP residual norm 9.825811e-09
 12 (restart 0) KSP residual norm 3.946535e-09
 13 (restart 0) KSP residual norm 1.526272e-09
 14 (restart 0) KSP residual norm 6.201883e-10
 15 (restart 0) KSP residual norm 2.776659e-10
GMRES solver converged in 15 iterations (avg. reduction factor: 2.870e-01)
  Residual norms for GMRES solve
  0 (restart 0) KSP residual norm 4.639064e-02
  1 (restart 0) KSP residual norm 5.330210e-03
  2 (restart 0) KSP residual norm 1.981123e-04
  3 (restart 0) KSP residual norm 3.078156e-05
  4 (restart 0) KSP residual norm 8.046493e-06
  5 (restart 0) KSP residual norm 1.961227e-06
  6 (restart 0) KSP residual norm 5.922111e-07
  7 (restart 0) KSP residual norm 2.010461e-07
  8 (restart 0) KSP residual norm 8.078071e-08
  9 (restart 0) KSP residual norm 3.410097e-08
 10 (restart 0) KSP residual norm 1.537797e-08
 11 (restart 0) KSP residual norm 7.453121e-09
 12 (restart 0) KSP residual norm 3.296105e-09
 13 (restart 0) KSP residual norm 1.327089e-09
 14 (restart 0) KSP residual norm 5.372277e-10
 15 (restart 0) KSP residual norm 2.240925e-10
GMRES solver converged in 15 iterations (avg. reduction factor: 2.790e-01)
  Residual norms for GMRES solve
  0 (restart 0) KSP residual norm 3.485621e-02
  1 (restart 0) KSP residual norm 5.794934e-03
  2 (restart 0) KSP residual norm 2.140062e-04
  3 (restart 0) KSP residual norm 2.550366e-05
  4 (restart 0) KSP residual norm 8.228045e-06
  5 (restart 0) KSP residual norm 1.761964e-06
  6 (restart 0) KSP residual norm 5.790071e-07
  7 (restart 0) KSP residual norm 2.095931e-07
  8 (restart 0) KSP residual norm 1.010169e-07
  9 (restart 0) KSP residual norm 4.907973e-08
 10 (restart 0) KSP residual norm 2.194206e-08
 11 (restart 0) KSP residual norm 9.469858e-09
 12 (restart 0) KSP residual norm 3.538866e-09
 13 (restart 0) KSP residual norm 1.310648e-09
 14 (restart 0) KSP residual norm 5.316025e-10
 15 (restart 0) KSP residual norm 2.386963e-10
GMRES solver converged in 15 iterations (avg. reduction factor: 2.856e-01)
  Residual norms for GMRES solve
  0 (restart 0) KSP residual norm 2.613748e-02
  1 (restart 0) KSP residual norm 1.562053e-03
  2 (restart 0) KSP residual norm 1.695296e-04
  3 (restart 0) KSP residual norm 2.058607e-05
  4 (restart 0) KSP residual norm 7.537719e-06
  5 (restart 0) KSP residual norm 1.392807e-06
  6 (restart 0) KSP residual norm 5.412086e-07
  7 (restart 0) KSP residual norm 1.783019e-07
  8 (restart 0) KSP residual norm 8.140493e-08
  9 (restart 0) KSP residual norm 4.127855e-08
 10 (restart 0) KSP residual norm 1.807361e-08
 11 (restart 0) KSP residual norm 9.140643e-09
 12 (restart 0) KSP residual norm 3.273875e-09
 13 (restart 0) KSP residual norm 1.348908e-09
 14 (restart 0) KSP residual norm 5.528231e-10
 15 (restart 0) KSP residual norm 2.405520e-10
GMRES solver converged in 15 iterations (avg. reduction factor: 2.912e-01)
  Residual norms for GMRES solve
  0 (restart 0) KSP residual norm 4.119976e-02
  1 (restart 0) KSP residual norm 5.283643e-03
  2 (restart 0) KSP residual norm 1.711854e-04
  3 (restart 0) KSP residual norm 2.766838e-05
  4 (restart 0) KSP residual norm 6.930891e-06
  5 (restart 0) KSP residual norm 1.740120e-06
  6 (restart 0) KSP residual norm 5.331286e-07
  7 (restart 0) KSP residual norm 1.847632e-07
  8 (restart 0) KSP residual norm 7.385591e-08
  9 (restart 0) KSP residual norm 3.126308e-08
 10 (restart 0) KSP residual norm 1.536238e-08
 11 (restart 0) KSP residual norm 7.652807e-09
 12 (restart 0) KSP residual norm 3.227284e-09
 13 (restart 0) KSP residual norm 1.335320e-09
 14 (restart 0) KSP residual norm 5.821257e-10
 15 (restart 0) KSP residual norm 2.714101e-10
GMRES solver converged in 15 iterations (avg. reduction factor: 2.848e-01)
  Residual norms for GMRES solve
  0 (restart 0) KSP residual norm 6.943070e-02
  1 (restart 0) KSP residual norm 5.076829e-03
  2 (restart 0) KSP residual norm 2.157927e-04
  3 (restart 0) KSP residual norm 3.787977e-05
  4 (restart 0) KSP residual norm 8.409267e-06
  5 (restart 0) KSP residual norm 2.053544e-06
  6 (restart 0) KSP residual norm 6.400410e-07
  7 (restart 0) KSP residual norm 2.340727e-07
  8 (restart 0) KSP residual norm 1.069037e-07
  9 (restart 0) KSP residual norm 5.137886e-08
 10 (restart 0) KSP residual norm 2.435210e-08
 11 (restart 0) KSP residual norm 1.042949e-08
 12 (restart 0) KSP residual norm 4.122326e-09
 13 (restart 0) KSP residual norm 1.570399e-09
 14 (restart 0) KSP residual norm 6.197743e-10
GMRES solver converged in 14 iterations (avg. reduction factor: 2.661e-01)
  Residual norms for GMRES solve
  0 (restart 0) KSP residual norm 1.151064e-01
  1 (restart 0) KSP residual norm 4.452678e-03
  2 (restart 0) KSP residual norm 3.013876e-04
  3 (restart 0) KSP residual norm 4.426555e-05
  4 (restart 0) KSP residual norm 1.055928e-05
  5 (restart 0) KSP residual norm 2.541374e-06
  6 (restart 0) KSP residual norm 7.947330e-07
  7 (restart 0) KSP residual norm 3.012756e-07
  8 (restart 0) KSP residual norm 1.377696e-07
  9 (restart 0) KSP residual norm 6.378876e-08
 10 (restart 0) KSP residual norm 2.991567e-08
 11 (restart 0) KSP residual norm 1.289901e-08
 12 (restart 0) KSP residual norm 4.936707e-09
 13 (restart 0) KSP residual norm 1.870990e-09
 14 (restart 0) KSP residual norm 7.197646e-10
GMRES solver converged in 14 iterations (avg. reduction factor: 2.594e-01)
  Residual norms for GMRES solve
  0 (restart 0) KSP residual norm 2.763472e-01
  1 (restart 0) KSP residual norm 7.287929e-03
  2 (restart 0) KSP residual norm 6.293884e-04
  3 (restart 0) KSP residual norm 7.618763e-05
  4 (restart 0) KSP residual norm 1.937789e-05
  5 (restart 0) KSP residual norm 4.563425e-06
  6 (restart 0) KSP residual norm 1.519587e-06
  7 (restart 0) KSP residual norm 6.055235e-07
  8 (restart 0) KSP residual norm 2.848395e-07
  9 (restart 0) KSP residual norm 1.300478e-07
 10 (restart 0) KSP residual norm 5.874173e-08
 11 (restart 0) KSP residual norm 2.475139e-08
 12 (restart 0) KSP residual norm 9.507055e-09
 13 (restart 0) KSP residual norm 3.648786e-09
 14 (restart 0) KSP residual norm 1.408426e-09
GMRES solver converged in 14 iterations (avg. reduction factor: 2.557e-01)
  Residual norms for GMRES solve
  0 (restart 0) KSP residual norm 3.156362e-01
  1 (restart 0) KSP residual norm 7.614305e-03
  2 (restart 0) KSP residual norm 6.778777e-04
  3 (restart 0) KSP residual norm 8.140960e-05
  4 (restart 0) KSP residual norm 2.117458e-05
  5 (restart 0) KSP residual norm 5.131471e-06
  6 (restart 0) KSP residual norm 1.683972e-06
  7 (restart 0) KSP residual norm 6.910391e-07
  8 (restart 0) KSP residual norm 3.313142e-07
  9 (restart 0) KSP residual norm 1.479497e-07
 10 (restart 0) KSP residual norm 6.652939e-08
 11 (restart 0) KSP residual norm 2.772079e-08
 12 (restart 0) KSP residual norm 1.045045e-08
 13 (restart 0) KSP residual norm 4.051102e-09
 14 (restart 0) KSP residual norm 1.534469e-09
GMRES solver converged in 14 iterations (avg. reduction factor: 2.548e-01)
  Residual norms for GMRES solve
  0 (restart 0) KSP residual norm 2.587123e-01
  1 (restart 0) KSP residual norm 7.130616e-03
  2 (restart 0) KSP residual norm 6.000555e-04
  3 (restart 0) KSP residual norm 7.424680e-05
  4 (restart 0) KSP residual norm 1.884036e-05
  5 (restart 0) KSP residual norm 4.610594e-06
  6 (restart 0) KSP residual norm 1.558980e-06
  7 (restart 0) KSP residual norm 6.645806e-07
  8 (restart 0) KSP residual norm 3.223703e-07
  9 (restart 0) KSP residual norm 1.423280e-07
 10 (restart 0) KSP residual norm 6.360296e-08
 11 (restart 0) KSP residual norm 2.599999e-08
 12 (restart 0) KSP residual norm 9.649182e-09
 13 (restart 0) KSP residual norm 3.672216e-09
 14 (restart 0) KSP residual norm 1.387891e-09
GMRES solver converged in 14 iterations (avg. reduction factor: 2.566e-01)
  Residual norms for GMRES solve
  0 (restart 0) KSP residual norm 1.482853e-01
  1 (restart 0) KSP residual norm 5.410429e-03
  2 (restart 0) KSP residual norm 3.798600e-04
  3 (restart 0) KSP residual norm 5.225892e-05
  4 (restart 0) KSP residual norm 1.212241e-05
  5 (restart 0) KSP residual norm 2.976126e-06
  6 (restart 0) KSP residual norm 1.015584e-06
  7 (restart 0) KSP residual norm 4.137355e-07
  8 (restart 0) KSP residual norm 2.009672e-07
  9 (restart 0) KSP residual norm 9.096531e-08
 10 (restart 0) KSP residual norm 4.037680e-08
 11 (restart 0) KSP residual norm 1.675356e-08
 12 (restart 0) KSP residual norm 6.386378e-09
 13 (restart 0) KSP residual norm 2.379994e-09
 14 (restart 0) KSP residual norm 9.157966e-10
GMRES solver converged in 14 iterations (avg. reduction factor: 2.592e-01)
  Residual norms for GMRES solve
  0 (restart 0) KSP residual norm 5.827064e-02
  1 (restart 0) KSP residual norm 3.609572e-03
  2 (restart 0) KSP residual norm 1.813995e-04
  3 (restart 0) KSP residual norm 3.118508e-05
  4 (restart 0) KSP residual norm 6.677178e-06
  5 (restart 0) KSP residual norm 1.592985e-06
  6 (restart 0) KSP residual norm 5.569083e-07
  7 (restart 0) KSP residual norm 2.032164e-07
  8 (restart 0) KSP residual norm 7.932005e-08
  9 (restart 0) KSP residual norm 3.531120e-08
 10 (restart 0) KSP residual norm 1.750026e-08
 11 (restart 0) KSP residual norm 8.122570e-09
 12 (restart 0) KSP residual norm 3.348710e-09
 13 (restart 0) KSP residual norm 1.268260e-09
 14 (restart 0) KSP residual norm 5.151902e-10
GMRES solver converged in 14 iterations (avg. reduction factor: 2.659e-01)
  Residual norms for GMRES solve
  0 (restart 0) KSP residual norm 3.212093e-02
  1 (restart 0) KSP residual norm 2.613958e-03
  2 (restart 0) KSP residual norm 1.217453e-04
  3 (restart 0) KSP residual norm 2.625258e-05
  4 (restart 0) KSP residual norm 6.138796e-06
  5 (restart 0) KSP residual norm 1.615435e-06
  6 (restart 0) KSP residual norm 5.172257e-07
  7 (restart 0) KSP residual norm 1.930358e-07
  8 (restart 0) KSP residual norm 7.743534e-08
  9 (restart 0) KSP residual norm 3.589174e-08
 10 (restart 0) KSP residual norm 1.733443e-08
 11 (restart 0) KSP residual norm 8.210482e-09
 12 (restart 0) KSP residual norm 3.311072e-09
 13 (restart 0) KSP residual norm 1.387803e-09
 14 (restart 0) KSP residual norm 6.266954e-10
 15 (restart 0) KSP residual norm 2.858151e-10
GMRES solver converged in 15 iterations (avg. reduction factor: 2.906e-01)
  Residual norms for GMRES solve
  0 (restart 0) KSP residual norm 7.301892e-02
  1 (restart 0) KSP residual norm 4.082447e-03
  2 (restart 0) KSP residual norm 2.180291e-04
  3 (restart 0) KSP residual norm 3.725207e-05
  4 (restart 0) KSP residual norm 8.399625e-06
  5 (restart 0) KSP residual norm 2.059785e-06
  6 (restart 0) KSP residual norm 6.501601e-07
  7 (restart 0) KSP residual norm 2.273965e-07
  8 (restart 0) KSP residual norm 1.017673e-07
  9 (restart 0) KSP residual norm 4.822174e-08
 10 (restart 0) KSP residual norm 2.183279e-08
 11 (restart 0) KSP residual norm 9.642932e-09
 12 (restart 0) KSP residual norm 3.831158e-09
 13 (restart 0) KSP residual norm 1.451260e-09
 14 (restart 0) KSP residual norm 5.814014e-10
GMRES solver converged in 14 iterations (avg. reduction factor: 2.639e-01)
  Residual norms for GMRES solve
  0 (restart 0) KSP residual norm 1.247716e-01
  1 (restart 0) KSP residual norm 6.714107e-03
  2 (restart 0) KSP residual norm 3.433120e-04
  3 (restart 0) KSP residual norm 5.272919e-05
  4 (restart 0) KSP residual norm 1.168236e-05
  5 (restart 0) KSP residual norm 2.840036e-06
  6 (restart 0) KSP residual norm 9.065109e-07
  7 (restart 0) KSP residual norm 3.402997e-07
  8 (restart 0) KSP residual norm 1.565091e-07
  9 (restart 0) KSP residual norm 7.130384e-08
 10 (restart 0) KSP residual norm 3.332817e-08
 11 (restart 0) KSP residual norm 1.461045e-08
 12 (restart 0) KSP residual norm 5.812876e-09
 13 (restart 0) KSP residual norm 2.191711e-09
 14 (restart 0) KSP residual norm 8.606828e-10
GMRES solver converged in 14 iterations (avg. reduction factor: 2.612e-01)
  Residual norms for GMRES solve
  0 (restart 0) KSP residual norm 8.587556e-02
  1 (restart 0) KSP residual norm 4.821845e-03
  2 (restart 0) KSP residual norm 2.504642e-04
  3 (restart 0) KSP residual norm 3.983466e-05
  4 (restart 0) KSP residual norm 8.794535e-06
  5 (restart 0) KSP residual norm 2.186388e-06
  6 (restart 0) KSP residual norm 7.104756e-07
  7 (restart 0) KSP residual norm 2.363808e-07
  8 (restart 0) KSP residual norm 9.231184e-08
  9 (restart 0) KSP residual norm 3.882430e-08
 10 (restart 0) KSP residual norm 1.795579e-08
 11 (restart 0) KSP residual norm 8.813574e-09
 12 (restart 0) KSP residual norm 3.939100e-09
 13 (restart 0) KSP residual norm 1.589385e-09
 14 (restart 0) KSP residual norm 6.547674e-10
GMRES solver converged in 14 iterations (avg. reduction factor: 2.631e-01)
  Residual norms for GMRES solve
  0 (restart 0) KSP residual norm 6.523093e-02
  1 (restart 0) KSP residual norm 4.482330e-03
  2 (restart 0) KSP residual norm 2.142112e-04
  3 (restart 0) KSP residual norm 3.682327e-05
  4 (restart 0) KSP residual norm 7.954073e-06
  5 (restart 0) KSP residual norm 1.912064e-06
  6 (restart 0) KSP residual norm 6.099296e-07
  7 (restart 0) KSP residual norm 1.939136e-07
  8 (restart 0) KSP residual norm 7.395335e-08
  9 (restart 0) KSP residual norm 3.021443e-08
 10 (restart 0) KSP residual norm 1.362979e-08
 11 (restart 0) KSP residual norm 7.009614e-09
 12 (restart 0) KSP residual norm 3.339025e-09
 13 (restart 0) KSP residual norm 1.416317e-09
 14 (restart 0) KSP residual norm 6.191635e-10
GMRES solver converged in 14 iterations (avg. reduction factor: 2.673e-01)
  Residual norms for GMRES solve
  0 (restart 0) KSP residual norm 3.687750e-02
  1 (restart 0) KSP residual norm 5.137994e-03
  2 (restart 0) KSP residual norm 1.914743e-04
  3 (restart 0) KSP residual norm 2.722288e-05
  4 (restart 0) KSP residual norm 6.770708e-06
  5 (restart 0) KSP residual norm 1.643939e-06
  6 (restart 0) KSP residual norm 5.111773e-07
  7 (restart 0) KSP residual norm 1.705330e-07
  8 (restart 0) KSP residual norm 7.095116e-08
  9 (restart 0) KSP residual norm 3.234922e-08
 10 (restart 0) KSP residual norm 1.597567e-08
 11 (restart 0) KSP residual norm 7.572543e-09
 12 (restart 0) KSP residual norm 2.959041e-09
 13 (restart 0) KSP residual norm 1.113173e-09
 14 (restart 0) KSP residual norm 4.614462e-10
 15 (restart 0) KSP residual norm 2.138674e-10
GMRES solver converged in 15 iterations (avg. reduction factor: 2.824e-01)
  Residual norms for GMRES solve
  0 (restart 0) KSP residual norm 1.534571e-02
  1 (restart 0) KSP residual norm 2.792010e-03
  2 (restart 0) KSP residual norm 1.416849e-04
  3 (restart 0) KSP residual norm 2.027343e-05
  4 (restart 0) KSP residual norm 5.516999e-06
  5 (restart 0) KSP residual norm 1.336809e-06
  6 (restart 0) KSP residual norm 4.455613e-07
  7 (restart 0) KSP residual norm 1.510458e-07
  8 (restart 0) KSP residual norm 6.078525e-08
  9 (restart 0) KSP residual norm 2.550376e-08
 10 (restart 0) KSP residual norm 1.151817e-08
 11 (restart 0) KSP residual norm 5.901135e-09
 12 (restart 0) KSP residual norm 2.609695e-09
 13 (restart 0) KSP residual norm 1.123317e-09
 14 (restart 0) KSP residual norm 4.690233e-10
 15 (restart 0) KSP residual norm 1.973188e-10
 16 (restart 0) KSP residual norm 8.716988e-11
GMRES solver converged in 16 iterations (avg. reduction factor: 3.052e-01)
  Residual norms for GMRES solve
  0 (restart 0) KSP residual norm 1.381381e-02
  1 (restart 0) KSP residual norm 1.904321e-03
  2 (restart 0) KSP residual norm 9.989682e-05
  3 (restart 0) KSP residual norm 2.233231e-05
  4 (restart 0) KSP residual norm 4.772412e-06
  5 (restart 0) KSP residual norm 1.289653e-06
  6 (restart 0) KSP residual norm 4.077651e-07
  7 (restart 0) KSP residual norm 1.549167e-07
  8 (restart 0) KSP residual norm 5.916941e-08
  9 (restart 0) KSP residual norm 2.860583e-08
 10 (restart 0) KSP residual norm 1.294641e-08
 11 (restart 0) KSP residual norm 6.365723e-09
 12 (restart 0) KSP residual norm 2.636995e-09
 13 (restart 0) KSP residual norm 1.053504e-09
 14 (restart 0) KSP residual norm 4.446776e-10
 15 (restart 0) KSP residual norm 1.981944e-10
 16 (restart 0) KSP residual norm 8.995227e-11
GMRES solver converged in 16 iterations (avg. reduction factor: 3.079e-01)
  Residual norms for GMRES solve
  0 (restart 0) KSP residual norm 2.663904e-02
  1 (restart 0) KSP residual norm 3.438231e-03
  2 (restart 0) KSP residual norm 1.440046e-04
  3 (restart 0) KSP residual norm 2.354240e-05
  4 (restart 0) KSP residual norm 6.130397e-06
  5 (restart 0) KSP residual norm 1.481745e-06
  6 (restart 0) KSP residual norm 5.048717e-07
  7 (restart 0) KSP residual norm 1.691835e-07
  8 (restart 0) KSP residual norm 7.168094e-08
  9 (restart 0) KSP residual norm 3.496971e-08
 10 (restart 0) KSP residual norm 1.657143e-08
 11 (restart 0) KSP residual norm 7.780917e-09
 12 (restart 0) KSP residual norm 3.025191e-09
 13 (restart 0) KSP residual norm 1.169751e-09
 14 (restart 0) KSP residual norm 4.978247e-10
 15 (restart 0) KSP residual norm 2.208407e-10
GMRES solver converged in 15 iterations (avg. reduction factor: 2.892e-01)
  Residual norms for GMRES solve
  0 (restart 0) KSP residual norm 3.081966e-02
  1 (restart 0) KSP residual norm 4.264238e-03
  2 (restart 0) KSP residual norm 1.498226e-04
  3 (restart 0) KSP residual norm 2.618648e-05
  4 (restart 0) KSP residual norm 6.484095e-06
  5 (restart 0) KSP residual norm 1.632495e-06
  6 (restart 0) KSP residual norm 5.198414e-07
  7 (restart 0) KSP residual norm 1.741704e-07
  8 (restart 0) KSP residual norm 6.942404e-08
  9 (restart 0) KSP residual norm 2.781012e-08
 10 (restart 0) KSP residual norm 1.106783e-08
 11 (restart 0) KSP residual norm 5.306919e-09
 12 (restart 0) KSP residual norm 2.506482e-09
 13 (restart 0) KSP residual norm 1.134122e-09
 14 (restart 0) KSP residual norm 5.035323e-10
 15 (restart 0) KSP residual norm 2.213147e-10
GMRES solver converged in 15 iterations (avg. reduction factor: 2.865e-01)
  Residual norms for GMRES solve
  0 (restart 0) KSP residual norm 1.397041e-02
  1 (restart 0) KSP residual norm 1.240551e-03
  2 (restart 0) KSP residual norm 1.455280e-04
  3 (restart 0) KSP residual norm 1.795980e-05
  4 (restart 0) KSP residual norm 5.489385e-06
  5 (restart 0) KSP residual norm 1.226540e-06
  6 (restart 0) KSP residual norm 4.537449e-07
  7 (restart 0) KSP residual norm 1.518202e-07
  8 (restart 0) KSP residual norm 6.133882e-08
  9 (restart 0) KSP residual norm 2.680907e-08
 10 (restart 0) KSP residual norm 1.253058e-08
 11 (restart 0) KSP residual norm 6.440458e-09
 12 (restart 0) KSP residual norm 2.412015e-09
 13 (restart 0) KSP residual norm 1.080450e-09
 14 (restart 0) KSP residual norm 4.755819e-10
 15 (restart 0) KSP residual norm 2.093550e-10
 16 (restart 0) KSP residual norm 1.020175e-10
GMRES solver converged in 16 iterations (avg. reduction factor: 3.101e-01)
  Residual norms for GMRES solve
  0 (restart 0) KSP residual norm 1.631039e-02
  1 (restart 0) KSP residual norm 3.020385e-03
  2 (restart 0) KSP residual norm 1.309588e-04
  3 (restart 0) KSP residual norm 2.051561e-05
  4 (restart 0) KSP residual norm 5.836430e-06
  5 (restart 0) KSP residual norm 1.426946e-06
  6 (restart 0) KSP residual norm 4.938809e-07
  7 (restart 0) KSP residual norm 1.871019e-07
  8 (restart 0) KSP residual norm 8.025927e-08
  9 (restart 0) KSP residual norm 3.868445e-08
 10 (restart 0) KSP residual norm 1.798285e-08
 11 (restart 0) KSP residual norm 8.545728e-09
 12 (restart 0) KSP residual norm 3.191971e-09
 13 (restart 0) KSP residual norm 1.249866e-09
 14 (restart 0) KSP residual norm 5.367672e-10
 15 (restart 0) KSP residual norm 2.391569e-10
 16 (restart 0) KSP residual norm 1.107945e-10
GMRES solver converged in 16 iterations (avg. reduction factor: 3.087e-01)
  Residual norms for GMRES solve
  0 (restart 0) KSP residual norm 1.963137e-02
  1 (restart 0) KSP residual norm 3.028580e-03
  2 (restart 0) KSP residual norm 1.240929e-04
  3 (restart 0) KSP residual norm 2.214287e-05
  4 (restart 0) KSP residual norm 5.845419e-06
  5 (restart 0) KSP residual norm 1.553255e-06
  6 (restart 0) KSP residual norm 5.020570e-07
  7 (restart 0) KSP residual norm 1.862031e-07
  8 (restart 0) KSP residual norm 7.410411e-08
  9 (restart 0) KSP residual norm 3.503215e-08
 10 (restart 0) KSP residual norm 1.645956e-08
 11 (restart 0) KSP residual norm 8.097100e-09
 12 (restart 0) KSP residual norm 3.251579e-09
 13 (restart 0) KSP residual norm 1.335027e-09
 14 (restart 0) KSP residual norm 5.789274e-10
 15 (restart 0) KSP residual norm 2.588423e-10
 16 (restart 0) KSP residual norm 1.188353e-10
GMRES solver converged in 16 iterations (avg. reduction factor: 3.065e-01)
  Residual norms for GMRES solve
  0 (restart 0) KSP residual norm 1.645444e-02
  1 (restart 0) KSP residual norm 2.180326e-03
  2 (restart 0) KSP residual norm 1.051646e-04
  3 (restart 0) KSP residual norm 2.430494e-05
  4 (restart 0) KSP residual norm 5.413779e-06
  5 (restart 0) KSP residual norm 1.520799e-06
  6 (restart 0) KSP residual norm 4.489400e-07
  7 (restart 0) KSP residual norm 1.695413e-07
  8 (restart 0) KSP residual norm 6.990029e-08
  9 (restart 0) KSP residual norm 3.441975e-08
 10 (restart 0) KSP residual norm 1.602119e-08
 11 (restart 0) KSP residual norm 7.446544e-09
 12 (restart 0) KSP residual norm 3.017402e-09
 13 (restart 0) KSP residual norm 1.191876e-09
 14 (restart 0) KSP residual norm 4.794805e-10
 15 (restart 0) KSP residual norm 2.064695e-10
 16 (restart 0) KSP residual norm 8.677676e-11
GMRES solver converged in 16 iterations (avg. reduction factor: 3.038e-01)
  Residual norms for GMRES solve
  0 (restart 0) KSP residual norm 1.624279e-02
  1 (restart 0) KSP residual norm 2.174225e-03
  2 (restart 0) KSP residual norm 1.090257e-04
  3 (restart 0) KSP residual norm 2.989354e-05
  4 (restart 0) KSP residual norm 5.894498e-06
  5 (restart 0) KSP residual norm 1.693267e-06
  6 (restart 0) KSP residual norm 5.050418e-07
  7 (restart 0) KSP residual norm 2.021872e-07
  8 (restart 0) KSP residual norm 9.240047e-08
  9 (restart 0) KSP residual norm 4.729555e-08
 10 (restart 0) KSP residual norm 2.081047e-08
 11 (restart 0) KSP residual norm 9.210585e-09
 12 (restart 0) KSP residual norm 3.595622e-09
 13 (restart 0) KSP residual norm 1.320724e-09
 14 (restart 0) KSP residual norm 5.464522e-10
 15 (restart 0) KSP residual norm 2.333096e-10
 16 (restart 0) KSP residual norm 1.072459e-10
GMRES solver converged in 16 iterations (avg. reduction factor: 3.081e-01)
  Residual norms for GMRES solve
  0 (restart 0) KSP residual norm 1.812326e-02
  1 (restart 0) KSP residual norm 2.660268e-03
  2 (restart 0) KSP residual norm 1.130555e-04
  3 (restart 0) KSP residual norm 2.189900e-05
  4 (restart 0) KSP residual norm 5.571391e-06
  5 (restart 0) KSP residual norm 1.374216e-06
  6 (restart 0) KSP residual norm 4.435485e-07
  7 (restart 0) KSP residual norm 1.605391e-07
  8 (restart 0) KSP residual norm 6.934556e-08
  9 (restart 0) KSP residual norm 3.228340e-08
 10 (restart 0) KSP residual norm 1.548616e-08
 11 (restart 0) KSP residual norm 7.571480e-09
 12 (restart 0) KSP residual norm 3.106155e-09
 13 (restart 0) KSP residual norm 1.233081e-09
 14 (restart 0) KSP residual norm 5.349831e-10
 15 (restart 0) KSP residual norm 2.371552e-10
 16 (restart 0) KSP residual norm 1.134237e-10
GMRES solver converged in 16 iterations (avg. reduction factor: 3.071e-01)
  Residual norms for GMRES solve
  0 (restart 0) KSP residual norm 7.533444e-03
  1 (restart 0) KSP residual norm 1.344632e-03
  2 (restart 0) KSP residual norm 1.270764e-04
  3 (restart 0) KSP residual norm 1.710334e-05
  4 (restart 0) KSP residual norm 5.152599e-06
  5 (restart 0) KSP residual norm 1.118883e-06
  6 (restart 0) KSP residual norm 3.965187e-07
  7 (restart 0) KSP residual norm 1.288990e-07
  8 (restart 0) KSP residual norm 5.592869e-08
  9 (restart 0) KSP residual norm 2.239577e-08
 10 (restart 0) KSP residual norm 1.031356e-08
 11 (restart 0) KSP residual norm 5.370795e-09
 12 (restart 0) KSP residual norm 2.221420e-09
 13 (restart 0) KSP residual norm 9.606011e-10
 14 (restart 0) KSP residual norm 3.798473e-10
 15 (restart 0) KSP residual norm 1.648770e-10
 16 (restart 0) KSP residual norm 7.167643e-11
GMRES solver converged in 16 iterations (avg. reduction factor: 3.152e-01)
  Residual norms for GMRES solve
  0 (restart 0) KSP residual norm 1.236010e-02
  1 (restart 0) KSP residual norm 9.703008e-04
  2 (restart 0) KSP residual norm 6.848620e-05
  3 (restart 0) KSP residual norm 2.652383e-05
  4 (restart 0) KSP residual norm 3.902777e-06
  5 (restart 0) KSP residual norm 1.446943e-06
  6 (restart 0) KSP residual norm 4.037960e-07
  7 (restart 0) KSP residual norm 1.733614e-07
  8 (restart 0) KSP residual norm 6.337785e-08
  9 (restart 0) KSP residual norm 2.818196e-08
 10 (restart 0) KSP residual norm 1.367980e-08
 11 (restart 0) KSP residual norm 6.253512e-09
 12 (restart 0) KSP residual norm 2.826586e-09
 13 (restart 0) KSP residual norm 1.098493e-09
 14 (restart 0) KSP residual norm 4.805613e-10
 15 (restart 0) KSP residual norm 2.111462e-10
 16 (restart 0) KSP residual norm 9.619841e-11
GMRES solver converged in 16 iterations (avg. reduction factor: 3.113e-01)
  Residual norms for GMRES solve
  0 (restart 0) KSP residual norm 1.266107e-02
  1 (restart 0) KSP residual norm 2.799965e-03
  2 (restart 0) KSP residual norm 1.204681e-04
  3 (restart 0) KSP residual norm 1.794144e-05
  4 (restart 0) KSP residual norm 5.366544e-06
  5 (restart 0) KSP residual norm 1.253541e-06
  6 (restart 0) KSP residual norm 4.175477e-07
  7 (restart 0) KSP residual norm 1.416829e-07
  8 (restart 0) KSP residual norm 5.508604e-08
  9 (restart 0) KSP residual norm 2.237853e-08
 10 (restart 0) KSP residual norm 1.050317e-08
 11 (restart 0) KSP residual norm 5.197061e-09
 12 (restart 0) KSP residual norm 2.160089e-09
 13 (restart 0) KSP residual norm 9.325590e-10
 14 (restart 0) KSP residual norm 3.987703e-10
 15 (restart 0) KSP residual norm 1.742080e-10
 16 (restart 0) KSP residual norm 8.108729e-11
GMRES solver converged in 16 iterations (avg. reduction factor: 3.075e-01)
  1 EPS nconv=8 first unconverged value (error) 0.00717464+3.54017e-12i (7.49006383e-08)
  Residual norms for GMRES solve
  0 (restart 0) KSP residual norm 1.013496e-02
  1 (restart 0) KSP residual norm 1.015347e-03
  2 (restart 0) KSP residual norm 1.296479e-04
  3 (restart 0) KSP residual norm 1.696001e-05
  4 (restart 0) KSP residual norm 5.361030e-06
  5 (restart 0) KSP residual norm 1.225451e-06
  6 (restart 0) KSP residual norm 4.261129e-07
  7 (restart 0) KSP residual norm 1.415280e-07
  8 (restart 0) KSP residual norm 5.736609e-08
  9 (restart 0) KSP residual norm 2.604579e-08
 10 (restart 0) KSP residual norm 1.150721e-08
 11 (restart 0) KSP residual norm 6.212476e-09
 12 (restart 0) KSP residual norm 2.416020e-09
 13 (restart 0) KSP residual norm 1.075130e-09
 14 (restart 0) KSP residual norm 4.400036e-10
 15 (restart 0) KSP residual norm 1.969437e-10
 16 (restart 0) KSP residual norm 9.717062e-11
GMRES solver converged in 16 iterations (avg. reduction factor: 3.154e-01)
  Residual norms for GMRES solve
  0 (restart 0) KSP residual norm 7.819331e-01
  1 (restart 0) KSP residual norm 1.840511e-02
  2 (restart 0) KSP residual norm 1.396123e-03
  3 (restart 0) KSP residual norm 1.913407e-04
  4 (restart 0) KSP residual norm 4.677635e-05
  5 (restart 0) KSP residual norm 1.199252e-05
  6 (restart 0) KSP residual norm 4.170123e-06
  7 (restart 0) KSP residual norm 1.777665e-06
  8 (restart 0) KSP residual norm 8.568418e-07
  9 (restart 0) KSP residual norm 3.724408e-07
 10 (restart 0) KSP residual norm 1.675468e-07
 11 (restart 0) KSP residual norm 6.958894e-08
 12 (restart 0) KSP residual norm 2.600378e-08
 13 (restart 0) KSP residual norm 9.968774e-09
 14 (restart 0) KSP residual norm 3.712082e-09
GMRES solver converged in 14 iterations (avg. reduction factor: 2.544e-01)
  Residual norms for GMRES solve
  0 (restart 0) KSP residual norm 9.699068e-01
  1 (restart 0) KSP residual norm 2.255541e-02
  2 (restart 0) KSP residual norm 1.718688e-03
  3 (restart 0) KSP residual norm 2.353744e-04
  4 (restart 0) KSP residual norm 5.710364e-05
  5 (restart 0) KSP residual norm 1.476843e-05
  6 (restart 0) KSP residual norm 5.125476e-06
  7 (restart 0) KSP residual norm 2.172472e-06
  8 (restart 0) KSP residual norm 1.042648e-06
  9 (restart 0) KSP residual norm 4.552161e-07
 10 (restart 0) KSP residual norm 2.044728e-07
 11 (restart 0) KSP residual norm 8.393586e-08
 12 (restart 0) KSP residual norm 3.122428e-08
 13 (restart 0) KSP residual norm 1.205580e-08
 14 (restart 0) KSP residual norm 4.410983e-09
GMRES solver converged in 14 iterations (avg. reduction factor: 2.536e-01)
  Residual norms for GMRES solve
  0 (restart 0) KSP residual norm 2.539305e-02
  1 (restart 0) KSP residual norm 2.693764e-03
  2 (restart 0) KSP residual norm 1.160743e-04
  3 (restart 0) KSP residual norm 2.063582e-05
  4 (restart 0) KSP residual norm 5.231307e-06
  5 (restart 0) KSP residual norm 1.344970e-06
  6 (restart 0) KSP residual norm 4.691135e-07
  7 (restart 0) KSP residual norm 1.782652e-07
  8 (restart 0) KSP residual norm 8.179358e-08
  9 (restart 0) KSP residual norm 3.752866e-08
 10 (restart 0) KSP residual norm 1.714728e-08
 11 (restart 0) KSP residual norm 7.305881e-09
 12 (restart 0) KSP residual norm 2.946400e-09
 13 (restart 0) KSP residual norm 1.185147e-09
 14 (restart 0) KSP residual norm 4.750497e-10
 15 (restart 0) KSP residual norm 2.078979e-10
GMRES solver converged in 15 iterations (avg. reduction factor: 2.890e-01)
  Residual norms for GMRES solve
  0 (restart 0) KSP residual norm 2.249541e-02
  1 (restart 0) KSP residual norm 2.085848e-03
  2 (restart 0) KSP residual norm 1.001107e-04
  3 (restart 0) KSP residual norm 2.163904e-05
  4 (restart 0) KSP residual norm 5.241023e-06
  5 (restart 0) KSP residual norm 1.364497e-06
  6 (restart 0) KSP residual norm 4.142351e-07
  7 (restart 0) KSP residual norm 1.478846e-07
  8 (restart 0) KSP residual norm 5.514625e-08
  9 (restart 0) KSP residual norm 2.297135e-08
 10 (restart 0) KSP residual norm 1.068429e-08
 11 (restart 0) KSP residual norm 5.354922e-09
 12 (restart 0) KSP residual norm 2.286438e-09
 13 (restart 0) KSP residual norm 9.896690e-10
 14 (restart 0) KSP residual norm 4.329275e-10
 15 (restart 0) KSP residual norm 1.935629e-10
GMRES solver converged in 15 iterations (avg. reduction factor: 2.899e-01)
  Residual norms for GMRES solve
  0 (restart 0) KSP residual norm 2.266137e-02
  1 (restart 0) KSP residual norm 3.266941e-03
  2 (restart 0) KSP residual norm 1.380648e-04
  3 (restart 0) KSP residual norm 2.192108e-05
  4 (restart 0) KSP residual norm 5.746610e-06
  5 (restart 0) KSP residual norm 1.520314e-06
  6 (restart 0) KSP residual norm 5.079933e-07
  7 (restart 0) KSP residual norm 1.782248e-07
  8 (restart 0) KSP residual norm 7.120387e-08
  9 (restart 0) KSP residual norm 3.024846e-08
 10 (restart 0) KSP residual norm 1.352752e-08
 11 (restart 0) KSP residual norm 6.831379e-09
 12 (restart 0) KSP residual norm 3.076467e-09
 13 (restart 0) KSP residual norm 1.314129e-09
 14 (restart 0) KSP residual norm 5.405832e-10
 15 (restart 0) KSP residual norm 2.287773e-10
 16 (restart 0) KSP residual norm 9.886117e-11
GMRES solver converged in 16 iterations (avg. reduction factor: 3.003e-01)
  Residual norms for GMRES solve
  0 (restart 0) KSP residual norm 9.532964e-03
  1 (restart 0) KSP residual norm 1.574037e-03
  2 (restart 0) KSP residual norm 1.034146e-04
  3 (restart 0) KSP residual norm 1.878972e-05
  4 (restart 0) KSP residual norm 4.834995e-06
  5 (restart 0) KSP residual norm 1.298628e-06
  6 (restart 0) KSP residual norm 3.962434e-07
  7 (restart 0) KSP residual norm 1.382531e-07
  8 (restart 0) KSP residual norm 5.350622e-08
  9 (restart 0) KSP residual norm 2.650271e-08
 10 (restart 0) KSP residual norm 1.207506e-08
 11 (restart 0) KSP residual norm 6.137101e-09
 12 (restart 0) KSP residual norm 2.450148e-09
 13 (restart 0) KSP residual norm 9.634738e-10
 14 (restart 0) KSP residual norm 4.041688e-10
 15 (restart 0) KSP residual norm 1.694524e-10
 16 (restart 0) KSP residual norm 7.762300e-11
GMRES solver converged in 16 iterations (avg. reduction factor: 3.122e-01)
  Residual norms for GMRES solve
  0 (restart 0) KSP residual norm 1.942315e-02
  1 (restart 0) KSP residual norm 2.668943e-03
  2 (restart 0) KSP residual norm 1.142120e-04
  3 (restart 0) KSP residual norm 1.967888e-05
  4 (restart 0) KSP residual norm 5.189142e-06
  5 (restart 0) KSP residual norm 1.311007e-06
  6 (restart 0) KSP residual norm 4.511041e-07
  7 (restart 0) KSP residual norm 1.585670e-07
  8 (restart 0) KSP residual norm 6.071811e-08
  9 (restart 0) KSP residual norm 2.470816e-08
 10 (restart 0) KSP residual norm 1.120815e-08
 11 (restart 0) KSP residual norm 5.607009e-09
 12 (restart 0) KSP residual norm 2.443538e-09
 13 (restart 0) KSP residual norm 1.016020e-09
 14 (restart 0) KSP residual norm 4.335257e-10
 15 (restart 0) KSP residual norm 1.823250e-10
GMRES solver converged in 15 iterations (avg. reduction factor: 2.916e-01)
  Residual norms for GMRES solve
  0 (restart 0) KSP residual norm 2.591003e-02
  1 (restart 0) KSP residual norm 2.974425e-03
  2 (restart 0) KSP residual norm 1.306217e-04
  3 (restart 0) KSP residual norm 2.500812e-05
  4 (restart 0) KSP residual norm 5.909765e-06
  5 (restart 0) KSP residual norm 1.529151e-06
  6 (restart 0) KSP residual norm 5.229646e-07
  7 (restart 0) KSP residual norm 1.842895e-07
  8 (restart 0) KSP residual norm 7.769310e-08
  9 (restart 0) KSP residual norm 3.671078e-08
 10 (restart 0) KSP residual norm 1.801930e-08
 11 (restart 0) KSP residual norm 8.342235e-09
 12 (restart 0) KSP residual norm 3.258687e-09
 13 (restart 0) KSP residual norm 1.272105e-09
 14 (restart 0) KSP residual norm 5.346075e-10
 15 (restart 0) KSP residual norm 2.394440e-10
GMRES solver converged in 15 iterations (avg. reduction factor: 2.913e-01)
  Residual norms for GMRES solve
  0 (restart 0) KSP residual norm 1.834644e-02
  1 (restart 0) KSP residual norm 1.955571e-03
  2 (restart 0) KSP residual norm 9.439140e-05
  3 (restart 0) KSP residual norm 2.251742e-05
  4 (restart 0) KSP residual norm 4.916670e-06
  5 (restart 0) KSP residual norm 1.384738e-06
  6 (restart 0) KSP residual norm 4.354137e-07
  7 (restart 0) KSP residual norm 1.595328e-07
  8 (restart 0) KSP residual norm 5.900477e-08
  9 (restart 0) KSP residual norm 2.584742e-08
 10 (restart 0) KSP residual norm 1.181227e-08
 11 (restart 0) KSP residual norm 6.012333e-09
 12 (restart 0) KSP residual norm 2.569689e-09
 13 (restart 0) KSP residual norm 1.033640e-09
 14 (restart 0) KSP residual norm 4.470883e-10
 15 (restart 0) KSP residual norm 1.909096e-10
 16 (restart 0) KSP residual norm 7.834840e-11
GMRES solver converged in 16 iterations (avg. reduction factor: 2.999e-01)
  Residual norms for GMRES solve
  0 (restart 0) KSP residual norm 1.268126e-02
  1 (restart 0) KSP residual norm 2.375165e-03
  2 (restart 0) KSP residual norm 1.088810e-04
  3 (restart 0) KSP residual norm 1.833160e-05
  4 (restart 0) KSP residual norm 5.079279e-06
  5 (restart 0) KSP residual norm 1.224410e-06
  6 (restart 0) KSP residual norm 4.323403e-07
  7 (restart 0) KSP residual norm 1.602979e-07
  8 (restart 0) KSP residual norm 6.774910e-08
  9 (restart 0) KSP residual norm 3.200888e-08
 10 (restart 0) KSP residual norm 1.541284e-08
 11 (restart 0) KSP residual norm 7.503622e-09
 12 (restart 0) KSP residual norm 2.888396e-09
 13 (restart 0) KSP residual norm 1.195219e-09
 14 (restart 0) KSP residual norm 5.354452e-10
 15 (restart 0) KSP residual norm 2.479843e-10
 16 (restart 0) KSP residual norm 1.164074e-10
GMRES solver converged in 16 iterations (avg. reduction factor: 3.145e-01)
  Residual norms for GMRES solve
  0 (restart 0) KSP residual norm 1.424386e-02
  1 (restart 0) KSP residual norm 2.095096e-03
  2 (restart 0) KSP residual norm 9.847610e-05
  3 (restart 0) KSP residual norm 2.240111e-05
  4 (restart 0) KSP residual norm 5.032439e-06
  5 (restart 0) KSP residual norm 1.355473e-06
  6 (restart 0) KSP residual norm 4.194609e-07
  7 (restart 0) KSP residual norm 1.523874e-07
  8 (restart 0) KSP residual norm 6.074398e-08
  9 (restart 0) KSP residual norm 2.809705e-08
 10 (restart 0) KSP residual norm 1.317145e-08
 11 (restart 0) KSP residual norm 6.213481e-09
 12 (restart 0) KSP residual norm 2.537888e-09
 13 (restart 0) KSP residual norm 1.059494e-09
 14 (restart 0) KSP residual norm 4.466393e-10
 15 (restart 0) KSP residual norm 1.947019e-10
 16 (restart 0) KSP residual norm 8.460406e-11
GMRES solver converged in 16 iterations (avg. reduction factor: 3.061e-01)
  Residual norms for GMRES solve
  0 (restart 0) KSP residual norm 1.687215e-02
  1 (restart 0) KSP residual norm 2.503557e-03
  2 (restart 0) KSP residual norm 1.152933e-04
  3 (restart 0) KSP residual norm 2.082042e-05
  4 (restart 0) KSP residual norm 5.181411e-06
  5 (restart 0) KSP residual norm 1.315583e-06
  6 (restart 0) KSP residual norm 4.569356e-07
  7 (restart 0) KSP residual norm 1.566787e-07
  8 (restart 0) KSP residual norm 6.204225e-08
  9 (restart 0) KSP residual norm 2.870587e-08
 10 (restart 0) KSP residual norm 1.320789e-08
 11 (restart 0) KSP residual norm 6.473683e-09
 12 (restart 0) KSP residual norm 2.771323e-09
 13 (restart 0) KSP residual norm 1.200937e-09
 14 (restart 0) KSP residual norm 5.354278e-10
 15 (restart 0) KSP residual norm 2.483790e-10
 16 (restart 0) KSP residual norm 1.146759e-10
GMRES solver converged in 16 iterations (avg. reduction factor: 3.087e-01)
  Residual norms for GMRES solve
  0 (restart 0) KSP residual norm 1.296339e-02
  1 (restart 0) KSP residual norm 2.507045e-03
  2 (restart 0) KSP residual norm 1.521138e-04
  3 (restart 0) KSP residual norm 2.016939e-05
  4 (restart 0) KSP residual norm 6.010129e-06
  5 (restart 0) KSP residual norm 1.412692e-06
  6 (restart 0) KSP residual norm 4.907643e-07
  7 (restart 0) KSP residual norm 1.565576e-07
  8 (restart 0) KSP residual norm 6.284251e-08
  9 (restart 0) KSP residual norm 2.673842e-08
 10 (restart 0) KSP residual norm 1.184645e-08
 11 (restart 0) KSP residual norm 6.044445e-09
 12 (restart 0) KSP residual norm 2.485398e-09
 13 (restart 0) KSP residual norm 1.066069e-09
 14 (restart 0) KSP residual norm 4.494882e-10
 15 (restart 0) KSP residual norm 1.966542e-10
 16 (restart 0) KSP residual norm 8.055764e-11
GMRES solver converged in 16 iterations (avg. reduction factor: 3.070e-01)
  Residual norms for GMRES solve
  0 (restart 0) KSP residual norm 3.323327e-02
  1 (restart 0) KSP residual norm 3.326962e-03
  2 (restart 0) KSP residual norm 1.385897e-04
  3 (restart 0) KSP residual norm 2.476892e-05
  4 (restart 0) KSP residual norm 5.991891e-06
  5 (restart 0) KSP residual norm 1.487468e-06
  6 (restart 0) KSP residual norm 5.226207e-07
  7 (restart 0) KSP residual norm 1.883036e-07
  8 (restart 0) KSP residual norm 7.283434e-08
  9 (restart 0) KSP residual norm 3.062723e-08
 10 (restart 0) KSP residual norm 1.394422e-08
 11 (restart 0) KSP residual norm 6.622250e-09
 12 (restart 0) KSP residual norm 2.940928e-09
 13 (restart 0) KSP residual norm 1.214739e-09
 14 (restart 0) KSP residual norm 5.049061e-10
 15 (restart 0) KSP residual norm 2.223217e-10
GMRES solver converged in 15 iterations (avg. reduction factor: 2.851e-01)
  Residual norms for GMRES solve
  0 (restart 0) KSP residual norm 1.170592e-02
  1 (restart 0) KSP residual norm 2.195863e-03
  2 (restart 0) KSP residual norm 1.223383e-04
  3 (restart 0) KSP residual norm 1.905744e-05
  4 (restart 0) KSP residual norm 5.318373e-06
  5 (restart 0) KSP residual norm 1.332817e-06
  6 (restart 0) KSP residual norm 4.608279e-07
  7 (restart 0) KSP residual norm 1.693330e-07
  8 (restart 0) KSP residual norm 6.757439e-08
  9 (restart 0) KSP residual norm 3.160767e-08
 10 (restart 0) KSP residual norm 1.479677e-08
 11 (restart 0) KSP residual norm 7.101472e-09
 12 (restart 0) KSP residual norm 2.865325e-09
 13 (restart 0) KSP residual norm 1.204999e-09
 14 (restart 0) KSP residual norm 5.078099e-10
 15 (restart 0) KSP residual norm 2.154069e-10
 16 (restart 0) KSP residual norm 9.380656e-11
GMRES solver converged in 16 iterations (avg. reduction factor: 3.119e-01)
  Residual norms for GMRES solve
  0 (restart 0) KSP residual norm 9.713991e-03
  1 (restart 0) KSP residual norm 1.568966e-03
  2 (restart 0) KSP residual norm 1.412594e-04
  3 (restart 0) KSP residual norm 1.778812e-05
  4 (restart 0) KSP residual norm 5.155968e-06
  5 (restart 0) KSP residual norm 1.181362e-06
  6 (restart 0) KSP residual norm 4.009918e-07
  7 (restart 0) KSP residual norm 1.399585e-07
  8 (restart 0) KSP residual norm 5.789442e-08
  9 (restart 0) KSP residual norm 2.780804e-08
 10 (restart 0) KSP residual norm 1.224324e-08
 11 (restart 0) KSP residual norm 5.839149e-09
 12 (restart 0) KSP residual norm 2.255445e-09
 13 (restart 0) KSP residual norm 9.415942e-10
 14 (restart 0) KSP residual norm 3.890324e-10
 15 (restart 0) KSP residual norm 1.627724e-10
 16 (restart 0) KSP residual norm 7.532859e-11
GMRES solver converged in 16 iterations (avg. reduction factor: 3.112e-01)
  Residual norms for GMRES solve
  0 (restart 0) KSP residual norm 1.278699e-02
  1 (restart 0) KSP residual norm 2.025570e-03
  2 (restart 0) KSP residual norm 1.064471e-04
  3 (restart 0) KSP residual norm 2.416780e-05
  4 (restart 0) KSP residual norm 5.203117e-06
  5 (restart 0) KSP residual norm 1.410941e-06
  6 (restart 0) KSP residual norm 4.251292e-07
  7 (restart 0) KSP residual norm 1.783294e-07
  8 (restart 0) KSP residual norm 7.242193e-08
  9 (restart 0) KSP residual norm 3.652104e-08
 10 (restart 0) KSP residual norm 1.687942e-08
 11 (restart 0) KSP residual norm 7.359002e-09
 12 (restart 0) KSP residual norm 2.731246e-09
 13 (restart 0) KSP residual norm 1.037867e-09
 14 (restart 0) KSP residual norm 4.407315e-10
 15 (restart 0) KSP residual norm 1.935759e-10
 16 (restart 0) KSP residual norm 9.255386e-11
GMRES solver converged in 16 iterations (avg. reduction factor: 3.099e-01)
  2 EPS nconv=16 first unconverged value (error) 0.0106255-6.07984e-10i (7.04784675e-06)
  Residual norms for GMRES solve
  0 (restart 0) KSP residual norm 1.347275e-02
  1 (restart 0) KSP residual norm 1.859867e-03
  2 (restart 0) KSP residual norm 9.951341e-05
  3 (restart 0) KSP residual norm 2.563254e-05
  4 (restart 0) KSP residual norm 5.234208e-06
  5 (restart 0) KSP residual norm 1.424384e-06
  6 (restart 0) KSP residual norm 4.290553e-07
  7 (restart 0) KSP residual norm 1.668492e-07
  8 (restart 0) KSP residual norm 5.706335e-08
  9 (restart 0) KSP residual norm 2.485972e-08
 10 (restart 0) KSP residual norm 1.111127e-08
 11 (restart 0) KSP residual norm 5.582835e-09
 12 (restart 0) KSP residual norm 2.489013e-09
 13 (restart 0) KSP residual norm 1.078105e-09
 14 (restart 0) KSP residual norm 4.960067e-10
 15 (restart 0) KSP residual norm 2.239974e-10
 16 (restart 0) KSP residual norm 1.036145e-10
GMRES solver converged in 16 iterations (avg. reduction factor: 3.111e-01)
  Residual norms for GMRES solve
  0 (restart 0) KSP residual norm 1.194131e+00
  1 (restart 0) KSP residual norm 2.784190e-02
  2 (restart 0) KSP residual norm 2.097174e-03
  3 (restart 0) KSP residual norm 2.888416e-04
  4 (restart 0) KSP residual norm 6.953149e-05
  5 (restart 0) KSP residual norm 1.801487e-05
  6 (restart 0) KSP residual norm 6.294566e-06
  7 (restart 0) KSP residual norm 2.684870e-06
  8 (restart 0) KSP residual norm 1.291227e-06
  9 (restart 0) KSP residual norm 5.611027e-07
 10 (restart 0) KSP residual norm 2.521481e-07
 11 (restart 0) KSP residual norm 1.037267e-07
 12 (restart 0) KSP residual norm 3.861448e-08
 13 (restart 0) KSP residual norm 1.489044e-08
 14 (restart 0) KSP residual norm 5.489212e-09
GMRES solver converged in 14 iterations (avg. reduction factor: 2.538e-01)
  Residual norms for GMRES solve
  0 (restart 0) KSP residual norm 3.558831e-01
  1 (restart 0) KSP residual norm 8.546624e-03
  2 (restart 0) KSP residual norm 7.145215e-04
  3 (restart 0) KSP residual norm 9.501952e-05
  4 (restart 0) KSP residual norm 2.506966e-05
  5 (restart 0) KSP residual norm 6.067918e-06
  6 (restart 0) KSP residual norm 2.027298e-06
  7 (restart 0) KSP residual norm 8.188611e-07
  8 (restart 0) KSP residual norm 3.912927e-07
  9 (restart 0) KSP residual norm 1.756950e-07
 10 (restart 0) KSP residual norm 7.920521e-08
 11 (restart 0) KSP residual norm 3.334215e-08
 12 (restart 0) KSP residual norm 1.272748e-08
 13 (restart 0) KSP residual norm 4.835887e-09
 14 (restart 0) KSP residual norm 1.789971e-09
GMRES solver converged in 14 iterations (avg. reduction factor: 2.554e-01)
  Residual norms for GMRES solve
  0 (restart 0) KSP residual norm 1.513830e-02
  1 (restart 0) KSP residual norm 1.299836e-03
  2 (restart 0) KSP residual norm 7.498710e-05
  3 (restart 0) KSP residual norm 2.665940e-05
  4 (restart 0) KSP residual norm 4.336514e-06
  5 (restart 0) KSP residual norm 1.393089e-06
  6 (restart 0) KSP residual norm 3.986152e-07
  7 (restart 0) KSP residual norm 1.693235e-07
  8 (restart 0) KSP residual norm 6.706228e-08
  9 (restart 0) KSP residual norm 3.123308e-08
 10 (restart 0) KSP residual norm 1.456242e-08
 11 (restart 0) KSP residual norm 6.678272e-09
 12 (restart 0) KSP residual norm 2.753595e-09
 13 (restart 0) KSP residual norm 1.072532e-09
 14 (restart 0) KSP residual norm 4.584289e-10
 15 (restart 0) KSP residual norm 2.001284e-10
 16 (restart 0) KSP residual norm 8.820293e-11
GMRES solver converged in 16 iterations (avg. reduction factor: 3.057e-01)
  Residual norms for GMRES solve
  0 (restart 0) KSP residual norm 3.401882e-02
  1 (restart 0) KSP residual norm 1.639240e-03
  2 (restart 0) KSP residual norm 1.048687e-04
  3 (restart 0) KSP residual norm 2.316399e-05
  4 (restart 0) KSP residual norm 5.281517e-06
  5 (restart 0) KSP residual norm 1.379441e-06
  6 (restart 0) KSP residual norm 4.242274e-07
  7 (restart 0) KSP residual norm 1.552534e-07
  8 (restart 0) KSP residual norm 6.426074e-08
  9 (restart 0) KSP residual norm 2.939437e-08
 10 (restart 0) KSP residual norm 1.372962e-08
 11 (restart 0) KSP residual norm 6.231141e-09
 12 (restart 0) KSP residual norm 2.647712e-09
 13 (restart 0) KSP residual norm 1.073165e-09
 14 (restart 0) KSP residual norm 4.245848e-10
 15 (restart 0) KSP residual norm 1.916396e-10
GMRES solver converged in 15 iterations (avg. reduction factor: 2.819e-01)
  Residual norms for GMRES solve
  0 (restart 0) KSP residual norm 9.384543e-03
  1 (restart 0) KSP residual norm 1.414533e-03
  2 (restart 0) KSP residual norm 7.805270e-05
  3 (restart 0) KSP residual norm 2.186093e-05
  4 (restart 0) KSP residual norm 4.656798e-06
  5 (restart 0) KSP residual norm 1.538645e-06
  6 (restart 0) KSP residual norm 4.070441e-07
  7 (restart 0) KSP residual norm 1.682589e-07
  8 (restart 0) KSP residual norm 5.750599e-08
  9 (restart 0) KSP residual norm 2.702075e-08
 10 (restart 0) KSP residual norm 1.238581e-08
 11 (restart 0) KSP residual norm 6.104875e-09
 12 (restart 0) KSP residual norm 2.586593e-09
 13 (restart 0) KSP residual norm 1.020545e-09
 14 (restart 0) KSP residual norm 4.648357e-10
 15 (restart 0) KSP residual norm 2.053786e-10
 16 (restart 0) KSP residual norm 8.961344e-11
GMRES solver converged in 16 iterations (avg. reduction factor: 3.153e-01)
  Residual norms for GMRES solve
  0 (restart 0) KSP residual norm 6.394117e-03
  1 (restart 0) KSP residual norm 1.196743e-03
  2 (restart 0) KSP residual norm 8.107322e-05
  3 (restart 0) KSP residual norm 2.043343e-05
  4 (restart 0) KSP residual norm 4.946851e-06
  5 (restart 0) KSP residual norm 1.219444e-06
  6 (restart 0) KSP residual norm 3.741233e-07
  7 (restart 0) KSP residual norm 1.449983e-07
  8 (restart 0) KSP residual norm 5.004174e-08
  9 (restart 0) KSP residual norm 2.194419e-08
 10 (restart 0) KSP residual norm 9.238823e-09
 11 (restart 0) KSP residual norm 4.748412e-09
 12 (restart 0) KSP residual norm 2.097710e-09
 13 (restart 0) KSP residual norm 9.169501e-10
 14 (restart 0) KSP residual norm 3.815009e-10
 15 (restart 0) KSP residual norm 1.570554e-10
 16 (restart 0) KSP residual norm 6.917131e-11
 17 (restart 0) KSP residual norm 2.828992e-11
GMRES solver converged in 17 iterations (avg. reduction factor: 3.225e-01)
  Residual norms for GMRES solve
  0 (restart 0) KSP residual norm 8.605567e-03
  1 (restart 0) KSP residual norm 1.329331e-03
  2 (restart 0) KSP residual norm 7.479113e-05
  3 (restart 0) KSP residual norm 2.282773e-05
  4 (restart 0) KSP residual norm 4.198550e-06
  5 (restart 0) KSP residual norm 1.303981e-06
  6 (restart 0) KSP residual norm 3.645161e-07
  7 (restart 0) KSP residual norm 1.485118e-07
  8 (restart 0) KSP residual norm 5.104347e-08
  9 (restart 0) KSP residual norm 2.309746e-08
 10 (restart 0) KSP residual norm 9.750329e-09
 11 (restart 0) KSP residual norm 4.974781e-09
 12 (restart 0) KSP residual norm 2.285666e-09
 13 (restart 0) KSP residual norm 9.558397e-10
 14 (restart 0) KSP residual norm 4.271134e-10
 15 (restart 0) KSP residual norm 1.853489e-10
 16 (restart 0) KSP residual norm 8.363435e-11
GMRES solver converged in 16 iterations (avg. reduction factor: 3.157e-01)
  Residual norms for GMRES solve
  0 (restart 0) KSP residual norm 3.865935e-02
  1 (restart 0) KSP residual norm 1.932915e-03
  2 (restart 0) KSP residual norm 1.267438e-04
  3 (restart 0) KSP residual norm 2.761137e-05
  4 (restart 0) KSP residual norm 6.338125e-06
  5 (restart 0) KSP residual norm 1.602038e-06
  6 (restart 0) KSP residual norm 4.947351e-07
  7 (restart 0) KSP residual norm 1.831028e-07
  8 (restart 0) KSP residual norm 6.982477e-08
  9 (restart 0) KSP residual norm 3.023767e-08
 10 (restart 0) KSP residual norm 1.449725e-08
 11 (restart 0) KSP residual norm 6.983903e-09
 12 (restart 0) KSP residual norm 2.979511e-09
 13 (restart 0) KSP residual norm 1.234994e-09
 14 (restart 0) KSP residual norm 5.024702e-10
 15 (restart 0) KSP residual norm 2.217836e-10
GMRES solver converged in 15 iterations (avg. reduction factor: 2.822e-01)
  Residual norms for GMRES solve
  0 (restart 0) KSP residual norm 2.227938e-02
  1 (restart 0) KSP residual norm 1.393463e-03
  2 (restart 0) KSP residual norm 8.668167e-05
  3 (restart 0) KSP residual norm 2.497647e-05
  4 (restart 0) KSP residual norm 5.161484e-06
  5 (restart 0) KSP residual norm 1.440600e-06
  6 (restart 0) KSP residual norm 4.228979e-07
  7 (restart 0) KSP residual norm 1.626123e-07
  8 (restart 0) KSP residual norm 6.074803e-08
  9 (restart 0) KSP residual norm 2.703721e-08
 10 (restart 0) KSP residual norm 1.316248e-08
 11 (restart 0) KSP residual norm 6.343089e-09
 12 (restart 0) KSP residual norm 2.536410e-09
 13 (restart 0) KSP residual norm 9.978689e-10
 14 (restart 0) KSP residual norm 4.062927e-10
 15 (restart 0) KSP residual norm 1.781809e-10
GMRES solver converged in 15 iterations (avg. reduction factor: 2.885e-01)
  Residual norms for GMRES solve
  0 (restart 0) KSP residual norm 3.541572e-02
  1 (restart 0) KSP residual norm 1.817313e-03
  2 (restart 0) KSP residual norm 1.109956e-04
  3 (restart 0) KSP residual norm 2.385054e-05
  4 (restart 0) KSP residual norm 5.397763e-06
  5 (restart 0) KSP residual norm 1.497221e-06
  6 (restart 0) KSP residual norm 5.116370e-07
  7 (restart 0) KSP residual norm 1.983419e-07
  8 (restart 0) KSP residual norm 8.521103e-08
  9 (restart 0) KSP residual norm 4.102591e-08
 10 (restart 0) KSP residual norm 1.957192e-08
 11 (restart 0) KSP residual norm 8.586029e-09
 12 (restart 0) KSP residual norm 3.293040e-09
 13 (restart 0) KSP residual norm 1.306227e-09
 14 (restart 0) KSP residual norm 5.192642e-10
 15 (restart 0) KSP residual norm 2.173551e-10
GMRES solver converged in 15 iterations (avg. reduction factor: 2.835e-01)
  Residual norms for GMRES solve
  0 (restart 0) KSP residual norm 1.798712e-02
  1 (restart 0) KSP residual norm 1.372182e-03
  2 (restart 0) KSP residual norm 7.595690e-05
  3 (restart 0) KSP residual norm 2.124473e-05
  4 (restart 0) KSP residual norm 4.447041e-06
  5 (restart 0) KSP residual norm 1.342723e-06
  6 (restart 0) KSP residual norm 4.131303e-07
  7 (restart 0) KSP residual norm 1.520211e-07
  8 (restart 0) KSP residual norm 6.003976e-08
  9 (restart 0) KSP residual norm 2.862559e-08
 10 (restart 0) KSP residual norm 1.302117e-08
 11 (restart 0) KSP residual norm 6.087487e-09
 12 (restart 0) KSP residual norm 2.562677e-09
 13 (restart 0) KSP residual norm 1.067459e-09
 14 (restart 0) KSP residual norm 4.944216e-10
 15 (restart 0) KSP residual norm 2.304162e-10
 16 (restart 0) KSP residual norm 1.060120e-10
GMRES solver converged in 16 iterations (avg. reduction factor: 3.059e-01)
  Residual norms for GMRES solve
  0 (restart 0) KSP residual norm 1.236728e-02
  1 (restart 0) KSP residual norm 1.927408e-03
  2 (restart 0) KSP residual norm 8.878279e-05
  3 (restart 0) KSP residual norm 1.843088e-05
  4 (restart 0) KSP residual norm 4.780944e-06
  5 (restart 0) KSP residual norm 1.251423e-06
  6 (restart 0) KSP residual norm 4.018851e-07
  7 (restart 0) KSP residual norm 1.598706e-07
  8 (restart 0) KSP residual norm 6.771913e-08
  9 (restart 0) KSP residual norm 3.319285e-08
 10 (restart 0) KSP residual norm 1.544179e-08
 11 (restart 0) KSP residual norm 6.872899e-09
 12 (restart 0) KSP residual norm 2.734593e-09
 13 (restart 0) KSP residual norm 1.104194e-09
 14 (restart 0) KSP residual norm 4.667406e-10
 15 (restart 0) KSP residual norm 2.029222e-10
 16 (restart 0) KSP residual norm 8.969665e-11
GMRES solver converged in 16 iterations (avg. reduction factor: 3.099e-01)
  Residual norms for GMRES solve
  0 (restart 0) KSP residual norm 6.481036e-03
  1 (restart 0) KSP residual norm 1.772683e-03
  2 (restart 0) KSP residual norm 9.277576e-05
  3 (restart 0) KSP residual norm 1.970174e-05
  4 (restart 0) KSP residual norm 4.857392e-06
  5 (restart 0) KSP residual norm 1.283532e-06
  6 (restart 0) KSP residual norm 3.957825e-07
  7 (restart 0) KSP residual norm 1.665505e-07
  8 (restart 0) KSP residual norm 6.599985e-08
  9 (restart 0) KSP residual norm 3.320570e-08
 10 (restart 0) KSP residual norm 1.471561e-08
 11 (restart 0) KSP residual norm 7.039850e-09
 12 (restart 0) KSP residual norm 2.749491e-09
 13 (restart 0) KSP residual norm 1.086152e-09
 14 (restart 0) KSP residual norm 4.665896e-10
 15 (restart 0) KSP residual norm 1.969402e-10
 16 (restart 0) KSP residual norm 9.234218e-11
 17 (restart 0) KSP residual norm 4.215676e-11
GMRES solver converged in 17 iterations (avg. reduction factor: 3.299e-01)
  3 EPS nconv=22 first unconverged value (error) 0.011987+5.73147e-12i (1.35203960e-08)

 Linear eigensolve converged (22 eigenpairs) due to CONVERGED_TOL; iterations 3
 Total number of linear systems solved: 76
 Total number of linear solver iterations: 1156
 Found 22 converged eigenvalues (first = 7.795e+01-1.978e-08i)

Computing solution error estimates and performing postprocessing

     m,        Re{f} (GHz),        Im{f} (GHz),                  Q,      Error (Bkwd.),       Error (Abs.)
     1,      +1.718965e+00,      -2.181250e-10,      +3.940321e+09,      +3.246306e-11,      +5.558346e-07
     2,      +1.719114e+00,      +2.281631e-11,      +3.767292e+10,      +1.953068e-11,      +3.344058e-07
     3,      +1.872194e+00,      -3.636874e-11,      +2.573906e+10,      +4.767175e-11,      +8.168414e-07
     4,      +1.872341e+00,      -1.016594e-10,      +9.208890e+09,      +4.012134e-11,      +6.874678e-07
     5,      +1.960133e+00,      -9.408971e-12,      +1.041630e+11,      +5.922161e-11,      +1.015204e-06
     6,      +2.200197e+00,      +4.644684e-10,      +2.368511e+09,      +6.944030e-11,      +1.191971e-06
     7,      +2.202444e+00,      -9.525126e-11,      +1.156124e+10,      +1.495132e-10,      +2.566488e-06
     8,      +2.202804e+00,      -1.668988e-10,      +6.599223e+09,      +1.319211e-10,      +2.264513e-06
     9,      +2.307626e+00,      -2.095105e-10,      +5.507186e+09,      +8.630286e-11,      +1.482383e-06
    10,      +2.308055e+00,      +5.804884e-10,      +1.988028e+09,      +7.012790e-11,      +1.204557e-06
    11,      +2.354432e+00,      +3.347154e-10,      +3.517065e+09,      +1.096072e-10,      +1.883221e-06
    12,      +2.354559e+00,      -4.401874e-10,      +2.674496e+09,      +8.140164e-11,      +1.398607e-06
    13,      +2.441063e+00,      +2.141335e-10,      +5.699863e+09,      +1.162422e-10,      +1.998329e-06
    14,      +2.574672e+00,      +7.453669e-10,      +1.727117e+09,      +1.199678e-10,      +2.064224e-06
    15,      +2.575304e+00,      +5.903760e-10,      +2.181071e+09,      +1.229570e-10,      +2.115668e-06
    16,      +2.717496e+00,      -8.189657e-13,      +1.659102e+12,      +1.549101e-10,      +2.668149e-06
    17,      +2.808274e+00,      +1.180082e-10,      +1.189864e+10,      +1.609705e-10,      +2.774388e-06
    18,      +2.808830e+00,      -1.676297e-12,      +8.378078e+11,      +2.285851e-10,      +3.939767e-06
    19,      +2.862575e+00,      -1.156686e-09,      +1.237403e+09,      +1.011932e-10,      +1.744819e-06
    20,      +2.863146e+00,      +3.581241e-11,      +3.997421e+10,      +9.005555e-11,      +1.552785e-06
    21,      +2.928446e+00,      -8.070335e-10,      +1.814327e+09,      +9.778473e-11,      +1.686906e-06
    22,      +2.928934e+00,      +9.691020e-11,      +1.511159e+10,      +1.666971e-10,      +2.875739e-06

Completed 0 iterations of adaptive mesh refinement (AMR):
 Indicator norm = 3.828e-02, global unknowns = 234604
 Max. iterations = 0, tol. = 1.000e-02

Estimated peak per-rank memory usage is: Min. 130.9M, Max. 144.1M, Avg. 134.5M, Total 4.2G
Estimated peak per-node memory usage is: Min. 4.2G, Max. 4.2G, Avg. 4.2G, Total 4.2G

Elapsed Time Report (s)           Min.        Max.        Avg.
==============================================================
Initialization                   0.098       0.250       0.245
  Mesh Preprocessing             0.181       0.333       0.186
Operator Construction            0.108       0.112       0.111
Linear Solve                     4.573       4.718       4.669
  Setup                          0.577       0.578       0.577
  Preconditioner                89.542      89.684      89.596
  Coarse Solve                   7.354       7.405       7.382
Eigenvalue Solve                 0.277       0.280       0.279
Div.-Free Projection             5.739       5.758       5.756
Estimation                       0.087       0.093       0.089
  Construction                   0.142       0.142       0.142
  Solve                          8.834       8.842       8.841
Postprocessing                   0.549       0.560       0.551
Disk IO                          0.379       0.380       0.380
--------------------------------------------------------------
Total                          119.931     119.951     119.941

Peak Memory                   Per-Node       Total   Total HWM
==============================================================
Initialization                   69.7M       69.7M       69.7M
  Mesh Preprocessing            100.2M      100.2M      169.9M
Operator Construction           481.6M      481.6M      651.6M
Linear Solve                    564.0K      564.0K      652.1M
  Setup                         419.4M      419.4M        1.0G
  Preconditioner                  1.8M        1.8M        1.0G
  Coarse Solve                    1.6G        1.6G        2.7G
Eigenvalue Solve                167.7M      167.7M        2.8G
Div.-Free Projection            267.8M      267.8M        3.1G
Estimation                       15.2M       15.2M        3.1G
  Construction                  180.1M      180.1M        3.3G
  Solve                           9.7M        9.7M        3.3G
Postprocessing                    3.3M        3.3M        3.3G
Disk IO                          44.6M       44.6M        3.3G
--------------------------------------------------------------
Total                             3.8G        3.8G        3.8G

