>> /home/tanderson/.local/share/mamba/envs/emsim/bin/mpirun -n 4 /home/tanderson/.local/opt/palace/bin/palace-x86_64.bin e1cc_sf2p0.json

_____________     _______
_____   __   \____ __   /____ ____________
____   /_/  /  __ ` /  /  __ ` /  ___/  _ \
___   _____/  /_/  /  /  /_/  /  /__/  ___/
  /__/     \___,__/__/\___,__/\_____\_____/

Git changeset ID: 3c83b9d
Running with 4 MPI processes, 1 OpenMP thread
Device configuration: omp,cpu
Memory configuration: host-std
libCEED backend: /cpu/self/opt/blocked

Added 4548 boundary elements for material interfaces to the mesh

Characteristic length and time scales:
 Lc = 2.451e-01 m, tc = 8.174e-01 ns
Finished partitioning mesh into 4 subdomains

Mesh curvature order: 2
Mesh bounding box:
 (Xmin, Ymin, Zmin) = (-1.032e-01, -1.225e-01, -4.426e-02) m
 (Xmax, Ymax, Zmax) = (+1.032e-01, +1.225e-01, +4.426e-02) m

Parallel Mesh Stats:

                minimum     average     maximum       total
 vertices           744         994        1474        3979
 edges             5476        6160        7468       24643
 faces             9610       10002       10826       40011
 elements          4777        4836        4889       19346
 neighbors            2           2           3

            minimum     maximum
 h       0.00308712    0.191589
 kappa      1.10298     35.7151

Estimated current per-rank memory usage is: Min. 32.0M, Max. 46.9M, Avg. 35.9M, Total 143.5M
Estimated current per-node memory usage is: Min. 143.6M, Max. 143.6M, Avg. 143.6M, Total 143.6M

Configuring Dirichlet PEC BC at attributes:
 90

Assembling system matrices, number of global unknowns:
 H1 (p = 2): 28622, ND (p = 2): 129308, RT (p = 2): 178071
 Operator assembly level: Partial
 Mesh geometries:
  Tetrahedron: P = 20, Q = 14 (quadrature order = 4)

Configuring SLEPc eigenvalue solver:
 Scaling γ = 7.059e+04, δ = 8.903e-05
 Configuring divergence-free projection
 Using random starting vector
 Shift-and-invert σ = 1.050e+00 GHz (5.393e+00)

Assembling multigrid hierarchy:
 Level 0 (p = 1): 24643 unknowns
 Level 1 (p = 2): 129308 unknowns
 Level 0 (auxiliary) (p = 1): 3979 unknowns
 Level 1 (auxiliary) (p = 2): 28622 unknowns

#PETSc Option Table entries:
-eps_monitor # (source: code)
#End of PETSc Option Table entries

  Residual norms for GMRES solve
  0 (restart 0) KSP residual norm 5.159385e-03
  1 (restart 0) KSP residual norm 8.150289e-04
  2 (restart 0) KSP residual norm 9.670613e-05
  3 (restart 0) KSP residual norm 2.522923e-05
  4 (restart 0) KSP residual norm 6.842563e-06
  5 (restart 0) KSP residual norm 2.302707e-06
  6 (restart 0) KSP residual norm 7.995279e-07
  7 (restart 0) KSP residual norm 3.318569e-07
  8 (restart 0) KSP residual norm 1.420268e-07
  9 (restart 0) KSP residual norm 7.197820e-08
 10 (restart 0) KSP residual norm 3.635696e-08
 11 (restart 0) KSP residual norm 1.719581e-08
 12 (restart 0) KSP residual norm 8.444127e-09
 13 (restart 0) KSP residual norm 4.294997e-09
 14 (restart 0) KSP residual norm 2.115067e-09
 15 (restart 0) KSP residual norm 1.114952e-09
 16 (restart 0) KSP residual norm 5.637047e-10
 17 (restart 0) KSP residual norm 2.796469e-10
 18 (restart 0) KSP residual norm 1.320580e-10
 19 (restart 0) KSP residual norm 6.378727e-11
 20 (restart 0) KSP residual norm 3.083709e-11
GMRES solver converged in 20 iterations (avg. reduction factor: 3.880e-01)
  Residual norms for GMRES solve
  0 (restart 0) KSP residual norm 1.788659e+00
  1 (restart 0) KSP residual norm 3.040068e-02
  2 (restart 0) KSP residual norm 2.351847e-03
  3 (restart 0) KSP residual norm 4.666782e-04
  4 (restart 0) KSP residual norm 1.246727e-04
  5 (restart 0) KSP residual norm 3.807754e-05
  6 (restart 0) KSP residual norm 1.485221e-05
  7 (restart 0) KSP residual norm 6.015027e-06
  8 (restart 0) KSP residual norm 2.338843e-06
  9 (restart 0) KSP residual norm 1.033013e-06
 10 (restart 0) KSP residual norm 4.751237e-07
 11 (restart 0) KSP residual norm 2.364458e-07
 12 (restart 0) KSP residual norm 1.098087e-07
 13 (restart 0) KSP residual norm 4.933802e-08
 14 (restart 0) KSP residual norm 2.223763e-08
 15 (restart 0) KSP residual norm 9.743026e-09
GMRES solver converged in 15 iterations (avg. reduction factor: 2.812e-01)
  Residual norms for GMRES solve
  0 (restart 0) KSP residual norm 1.695646e+00
  1 (restart 0) KSP residual norm 2.845731e-02
  2 (restart 0) KSP residual norm 2.192184e-03
  3 (restart 0) KSP residual norm 4.178396e-04
  4 (restart 0) KSP residual norm 1.126767e-04
  5 (restart 0) KSP residual norm 3.551305e-05
  6 (restart 0) KSP residual norm 1.373350e-05
  7 (restart 0) KSP residual norm 5.508516e-06
  8 (restart 0) KSP residual norm 2.150130e-06
  9 (restart 0) KSP residual norm 9.411941e-07
 10 (restart 0) KSP residual norm 4.356922e-07
 11 (restart 0) KSP residual norm 2.100507e-07
 12 (restart 0) KSP residual norm 9.921993e-08
 13 (restart 0) KSP residual norm 4.522170e-08
 14 (restart 0) KSP residual norm 2.043288e-08
 15 (restart 0) KSP residual norm 8.657958e-09
GMRES solver converged in 15 iterations (avg. reduction factor: 2.800e-01)
  Residual norms for GMRES solve
  0 (restart 0) KSP residual norm 1.456492e-01
  1 (restart 0) KSP residual norm 2.257860e-02
  2 (restart 0) KSP residual norm 1.256130e-03
  3 (restart 0) KSP residual norm 2.163921e-04
  4 (restart 0) KSP residual norm 5.839182e-05
  5 (restart 0) KSP residual norm 1.477796e-05
  6 (restart 0) KSP residual norm 4.682144e-06
  7 (restart 0) KSP residual norm 1.655335e-06
  8 (restart 0) KSP residual norm 6.739382e-07
  9 (restart 0) KSP residual norm 2.777189e-07
 10 (restart 0) KSP residual norm 1.254729e-07
 11 (restart 0) KSP residual norm 5.732874e-08
 12 (restart 0) KSP residual norm 2.672813e-08
 13 (restart 0) KSP residual norm 1.303446e-08
 14 (restart 0) KSP residual norm 6.347778e-09
 15 (restart 0) KSP residual norm 2.946145e-09
 16 (restart 0) KSP residual norm 1.303780e-09
GMRES solver converged in 16 iterations (avg. reduction factor: 3.140e-01)
  Residual norms for GMRES solve
  0 (restart 0) KSP residual norm 8.885824e-02
  1 (restart 0) KSP residual norm 1.493749e-02
  2 (restart 0) KSP residual norm 1.020381e-03
  3 (restart 0) KSP residual norm 2.160855e-04
  4 (restart 0) KSP residual norm 5.316161e-05
  5 (restart 0) KSP residual norm 1.485251e-05
  6 (restart 0) KSP residual norm 4.888421e-06
  7 (restart 0) KSP residual norm 1.813605e-06
  8 (restart 0) KSP residual norm 7.799024e-07
  9 (restart 0) KSP residual norm 3.265554e-07
 10 (restart 0) KSP residual norm 1.518247e-07
 11 (restart 0) KSP residual norm 7.188614e-08
 12 (restart 0) KSP residual norm 3.284874e-08
 13 (restart 0) KSP residual norm 1.625501e-08
 14 (restart 0) KSP residual norm 7.871559e-09
 15 (restart 0) KSP residual norm 3.265097e-09
 16 (restart 0) KSP residual norm 1.380908e-09
 17 (restart 0) KSP residual norm 6.162661e-10
GMRES solver converged in 17 iterations (avg. reduction factor: 3.312e-01)
  Residual norms for GMRES solve
  0 (restart 0) KSP residual norm 8.229188e-02
  1 (restart 0) KSP residual norm 6.473956e-03
  2 (restart 0) KSP residual norm 1.226134e-03
  3 (restart 0) KSP residual norm 2.204791e-04
  4 (restart 0) KSP residual norm 6.289186e-05
  5 (restart 0) KSP residual norm 1.594617e-05
  6 (restart 0) KSP residual norm 4.917019e-06
  7 (restart 0) KSP residual norm 1.803111e-06
  8 (restart 0) KSP residual norm 7.624987e-07
  9 (restart 0) KSP residual norm 3.214713e-07
 10 (restart 0) KSP residual norm 1.488917e-07
 11 (restart 0) KSP residual norm 7.055612e-08
 12 (restart 0) KSP residual norm 3.139325e-08
 13 (restart 0) KSP residual norm 1.526687e-08
 14 (restart 0) KSP residual norm 6.751633e-09
 15 (restart 0) KSP residual norm 3.088006e-09
 16 (restart 0) KSP residual norm 1.378060e-09
 17 (restart 0) KSP residual norm 6.480773e-10
GMRES solver converged in 17 iterations (avg. reduction factor: 3.337e-01)
  Residual norms for GMRES solve
  0 (restart 0) KSP residual norm 1.216116e-01
  1 (restart 0) KSP residual norm 1.760150e-02
  2 (restart 0) KSP residual norm 1.134830e-03
  3 (restart 0) KSP residual norm 2.085314e-04
  4 (restart 0) KSP residual norm 5.860281e-05
  5 (restart 0) KSP residual norm 1.864667e-05
  6 (restart 0) KSP residual norm 6.615845e-06
  7 (restart 0) KSP residual norm 2.288563e-06
  8 (restart 0) KSP residual norm 8.665881e-07
  9 (restart 0) KSP residual norm 3.828266e-07
 10 (restart 0) KSP residual norm 1.969147e-07
 11 (restart 0) KSP residual norm 9.177934e-08
 12 (restart 0) KSP residual norm 4.150293e-08
 13 (restart 0) KSP residual norm 1.918501e-08
 14 (restart 0) KSP residual norm 8.717748e-09
 15 (restart 0) KSP residual norm 4.099178e-09
 16 (restart 0) KSP residual norm 1.930182e-09
 17 (restart 0) KSP residual norm 9.170256e-10
GMRES solver converged in 17 iterations (avg. reduction factor: 3.328e-01)
  Residual norms for GMRES solve
  0 (restart 0) KSP residual norm 6.220459e-02
  1 (restart 0) KSP residual norm 1.032303e-02
  2 (restart 0) KSP residual norm 8.742428e-04
  3 (restart 0) KSP residual norm 2.084709e-04
  4 (restart 0) KSP residual norm 5.786744e-05
  5 (restart 0) KSP residual norm 1.978301e-05
  6 (restart 0) KSP residual norm 7.182927e-06
  7 (restart 0) KSP residual norm 2.357755e-06
  8 (restart 0) KSP residual norm 8.978032e-07
  9 (restart 0) KSP residual norm 4.029577e-07
 10 (restart 0) KSP residual norm 2.105579e-07
 11 (restart 0) KSP residual norm 1.011477e-07
 12 (restart 0) KSP residual norm 4.672521e-08
 13 (restart 0) KSP residual norm 2.102100e-08
 14 (restart 0) KSP residual norm 9.048623e-09
 15 (restart 0) KSP residual norm 4.007662e-09
 16 (restart 0) KSP residual norm 1.885128e-09
 17 (restart 0) KSP residual norm 8.523998e-10
 18 (restart 0) KSP residual norm 4.349953e-10
GMRES solver converged in 18 iterations (avg. reduction factor: 3.523e-01)
  Residual norms for GMRES solve
  0 (restart 0) KSP residual norm 1.237081e-01
  1 (restart 0) KSP residual norm 1.458885e-02
  2 (restart 0) KSP residual norm 9.435422e-04
  3 (restart 0) KSP residual norm 2.199585e-04
  4 (restart 0) KSP residual norm 5.817802e-05
  5 (restart 0) KSP residual norm 1.776605e-05
  6 (restart 0) KSP residual norm 6.677399e-06
  7 (restart 0) KSP residual norm 2.427748e-06
  8 (restart 0) KSP residual norm 9.752815e-07
  9 (restart 0) KSP residual norm 4.439041e-07
 10 (restart 0) KSP residual norm 2.195859e-07
 11 (restart 0) KSP residual norm 9.861729e-08
 12 (restart 0) KSP residual norm 4.482311e-08
 13 (restart 0) KSP residual norm 2.138373e-08
 14 (restart 0) KSP residual norm 9.812998e-09
 15 (restart 0) KSP residual norm 4.228102e-09
 16 (restart 0) KSP residual norm 1.827097e-09
 17 (restart 0) KSP residual norm 8.561493e-10
GMRES solver converged in 17 iterations (avg. reduction factor: 3.311e-01)
  Residual norms for GMRES solve
  0 (restart 0) KSP residual norm 6.333471e-02
  1 (restart 0) KSP residual norm 1.035962e-02
  2 (restart 0) KSP residual norm 9.809389e-04
  3 (restart 0) KSP residual norm 2.324204e-04
  4 (restart 0) KSP residual norm 6.038681e-05
  5 (restart 0) KSP residual norm 1.700436e-05
  6 (restart 0) KSP residual norm 5.730783e-06
  7 (restart 0) KSP residual norm 2.171950e-06
  8 (restart 0) KSP residual norm 8.869045e-07
  9 (restart 0) KSP residual norm 3.776929e-07
 10 (restart 0) KSP residual norm 1.806222e-07
 11 (restart 0) KSP residual norm 8.857615e-08
 12 (restart 0) KSP residual norm 4.145224e-08
 13 (restart 0) KSP residual norm 1.865625e-08
 14 (restart 0) KSP residual norm 8.060129e-09
 15 (restart 0) KSP residual norm 3.248609e-09
 16 (restart 0) KSP residual norm 1.430352e-09
 17 (restart 0) KSP residual norm 6.687300e-10
 18 (restart 0) KSP residual norm 3.246233e-10
GMRES solver converged in 18 iterations (avg. reduction factor: 3.463e-01)
  Residual norms for GMRES solve
  0 (restart 0) KSP residual norm 1.417898e-01
  1 (restart 0) KSP residual norm 1.511949e-02
  2 (restart 0) KSP residual norm 1.008649e-03
  3 (restart 0) KSP residual norm 2.129459e-04
  4 (restart 0) KSP residual norm 5.553421e-05
  5 (restart 0) KSP residual norm 1.667812e-05
  6 (restart 0) KSP residual norm 6.187896e-06
  7 (restart 0) KSP residual norm 2.142177e-06
  8 (restart 0) KSP residual norm 8.321111e-07
  9 (restart 0) KSP residual norm 3.400005e-07
 10 (restart 0) KSP residual norm 1.634291e-07
 11 (restart 0) KSP residual norm 7.605839e-08
 12 (restart 0) KSP residual norm 3.571793e-08
 13 (restart 0) KSP residual norm 1.697545e-08
 14 (restart 0) KSP residual norm 7.497738e-09
 15 (restart 0) KSP residual norm 3.153698e-09
 16 (restart 0) KSP residual norm 1.505598e-09
 17 (restart 0) KSP residual norm 8.020383e-10
GMRES solver converged in 17 iterations (avg. reduction factor: 3.272e-01)
  Residual norms for GMRES solve
  0 (restart 0) KSP residual norm 9.224386e-02
  1 (restart 0) KSP residual norm 1.528553e-02
  2 (restart 0) KSP residual norm 1.074308e-03
  3 (restart 0) KSP residual norm 2.074271e-04
  4 (restart 0) KSP residual norm 5.216835e-05
  5 (restart 0) KSP residual norm 1.535865e-05
  6 (restart 0) KSP residual norm 5.588771e-06
  7 (restart 0) KSP residual norm 2.095130e-06
  8 (restart 0) KSP residual norm 7.750251e-07
  9 (restart 0) KSP residual norm 3.549698e-07
 10 (restart 0) KSP residual norm 1.779790e-07
 11 (restart 0) KSP residual norm 8.323837e-08
 12 (restart 0) KSP residual norm 3.674015e-08
 13 (restart 0) KSP residual norm 1.645703e-08
 14 (restart 0) KSP residual norm 7.631355e-09
 15 (restart 0) KSP residual norm 3.499241e-09
 16 (restart 0) KSP residual norm 1.576096e-09
 17 (restart 0) KSP residual norm 7.247081e-10
GMRES solver converged in 17 iterations (avg. reduction factor: 3.336e-01)
  Residual norms for GMRES solve
  0 (restart 0) KSP residual norm 1.883574e-01
  1 (restart 0) KSP residual norm 2.584060e-02
  2 (restart 0) KSP residual norm 1.404094e-03
  3 (restart 0) KSP residual norm 2.362130e-04
  4 (restart 0) KSP residual norm 5.913247e-05
  5 (restart 0) KSP residual norm 1.709454e-05
  6 (restart 0) KSP residual norm 5.831933e-06
  7 (restart 0) KSP residual norm 2.188173e-06
  8 (restart 0) KSP residual norm 8.392359e-07
  9 (restart 0) KSP residual norm 3.237234e-07
 10 (restart 0) KSP residual norm 1.329563e-07
 11 (restart 0) KSP residual norm 5.926563e-08
 12 (restart 0) KSP residual norm 2.899437e-08
 13 (restart 0) KSP residual norm 1.408847e-08
 14 (restart 0) KSP residual norm 6.464155e-09
 15 (restart 0) KSP residual norm 3.055934e-09
 16 (restart 0) KSP residual norm 1.413687e-09
GMRES solver converged in 16 iterations (avg. reduction factor: 3.106e-01)
  Residual norms for GMRES solve
  0 (restart 0) KSP residual norm 8.088385e-02
  1 (restart 0) KSP residual norm 1.430820e-02
  2 (restart 0) KSP residual norm 1.052407e-03
  3 (restart 0) KSP residual norm 2.018082e-04
  4 (restart 0) KSP residual norm 5.000786e-05
  5 (restart 0) KSP residual norm 1.458182e-05
  6 (restart 0) KSP residual norm 5.252684e-06
  7 (restart 0) KSP residual norm 1.983084e-06
  8 (restart 0) KSP residual norm 7.880301e-07
  9 (restart 0) KSP residual norm 3.511905e-07
 10 (restart 0) KSP residual norm 1.712234e-07
 11 (restart 0) KSP residual norm 8.006404e-08
 12 (restart 0) KSP residual norm 3.694962e-08
 13 (restart 0) KSP residual norm 1.753569e-08
 14 (restart 0) KSP residual norm 8.404955e-09
 15 (restart 0) KSP residual norm 3.758966e-09
 16 (restart 0) KSP residual norm 1.758230e-09
 17 (restart 0) KSP residual norm 8.888474e-10
 18 (restart 0) KSP residual norm 4.634949e-10
GMRES solver converged in 18 iterations (avg. reduction factor: 3.484e-01)
  Residual norms for GMRES solve
  0 (restart 0) KSP residual norm 5.441787e-02
  1 (restart 0) KSP residual norm 9.152294e-03
  2 (restart 0) KSP residual norm 8.474296e-04
  3 (restart 0) KSP residual norm 1.774299e-04
  4 (restart 0) KSP residual norm 4.336547e-05
  5 (restart 0) KSP residual norm 1.231520e-05
  6 (restart 0) KSP residual norm 3.697626e-06
  7 (restart 0) KSP residual norm 1.356341e-06
  8 (restart 0) KSP residual norm 5.751946e-07
  9 (restart 0) KSP residual norm 2.592829e-07
 10 (restart 0) KSP residual norm 1.106419e-07
 11 (restart 0) KSP residual norm 4.981059e-08
 12 (restart 0) KSP residual norm 2.535709e-08
 13 (restart 0) KSP residual norm 1.190077e-08
 14 (restart 0) KSP residual norm 5.662215e-09
 15 (restart 0) KSP residual norm 2.670721e-09
 16 (restart 0) KSP residual norm 1.198440e-09
 17 (restart 0) KSP residual norm 5.911292e-10
 18 (restart 0) KSP residual norm 3.131374e-10
GMRES solver converged in 18 iterations (avg. reduction factor: 3.485e-01)
  Residual norms for GMRES solve
  0 (restart 0) KSP residual norm 1.045441e-01
  1 (restart 0) KSP residual norm 1.696099e-02
  2 (restart 0) KSP residual norm 1.170500e-03
  3 (restart 0) KSP residual norm 2.077634e-04
  4 (restart 0) KSP residual norm 5.573487e-05
  5 (restart 0) KSP residual norm 1.478995e-05
  6 (restart 0) KSP residual norm 5.040694e-06
  7 (restart 0) KSP residual norm 1.787953e-06
  8 (restart 0) KSP residual norm 7.052252e-07
  9 (restart 0) KSP residual norm 2.795025e-07
 10 (restart 0) KSP residual norm 1.287416e-07
 11 (restart 0) KSP residual norm 5.938273e-08
 12 (restart 0) KSP residual norm 2.690979e-08
 13 (restart 0) KSP residual norm 1.344451e-08
 14 (restart 0) KSP residual norm 6.202581e-09
 15 (restart 0) KSP residual norm 3.053374e-09
 16 (restart 0) KSP residual norm 1.417250e-09
 17 (restart 0) KSP residual norm 7.297839e-10
GMRES solver converged in 17 iterations (avg. reduction factor: 3.313e-01)
  Residual norms for GMRES solve
  0 (restart 0) KSP residual norm 7.318376e-02
  1 (restart 0) KSP residual norm 7.358608e-03
  2 (restart 0) KSP residual norm 1.142777e-03
  3 (restart 0) KSP residual norm 2.127364e-04
  4 (restart 0) KSP residual norm 5.836622e-05
  5 (restart 0) KSP residual norm 1.646439e-05
  6 (restart 0) KSP residual norm 5.740749e-06
  7 (restart 0) KSP residual norm 2.033302e-06
  8 (restart 0) KSP residual norm 8.619036e-07
  9 (restart 0) KSP residual norm 3.777941e-07
 10 (restart 0) KSP residual norm 1.898081e-07
 11 (restart 0) KSP residual norm 8.961323e-08
 12 (restart 0) KSP residual norm 4.046775e-08
 13 (restart 0) KSP residual norm 1.876739e-08
 14 (restart 0) KSP residual norm 8.028960e-09
 15 (restart 0) KSP residual norm 3.461360e-09
 16 (restart 0) KSP residual norm 1.536300e-09
 17 (restart 0) KSP residual norm 7.482236e-10
 18 (restart 0) KSP residual norm 4.037234e-10
GMRES solver converged in 18 iterations (avg. reduction factor: 3.477e-01)
  Residual norms for GMRES solve
  0 (restart 0) KSP residual norm 1.638225e-01
  1 (restart 0) KSP residual norm 1.154687e-02
  2 (restart 0) KSP residual norm 9.277695e-04
  3 (restart 0) KSP residual norm 1.886441e-04
  4 (restart 0) KSP residual norm 5.169055e-05
  5 (restart 0) KSP residual norm 1.463255e-05
  6 (restart 0) KSP residual norm 4.802361e-06
  7 (restart 0) KSP residual norm 1.897671e-06
  8 (restart 0) KSP residual norm 7.795731e-07
  9 (restart 0) KSP residual norm 3.505193e-07
 10 (restart 0) KSP residual norm 1.694901e-07
 11 (restart 0) KSP residual norm 8.395875e-08
 12 (restart 0) KSP residual norm 3.688011e-08
 13 (restart 0) KSP residual norm 1.623336e-08
 14 (restart 0) KSP residual norm 7.694624e-09
 15 (restart 0) KSP residual norm 3.609095e-09
 16 (restart 0) KSP residual norm 1.720376e-09
 17 (restart 0) KSP residual norm 9.091961e-10
GMRES solver converged in 17 iterations (avg. reduction factor: 3.269e-01)
  Residual norms for GMRES solve
  0 (restart 0) KSP residual norm 8.440059e-02
  1 (restart 0) KSP residual norm 8.582200e-03
  2 (restart 0) KSP residual norm 7.958375e-04
  3 (restart 0) KSP residual norm 1.786761e-04
  4 (restart 0) KSP residual norm 4.296661e-05
  5 (restart 0) KSP residual norm 1.182714e-05
  6 (restart 0) KSP residual norm 3.735613e-06
  7 (restart 0) KSP residual norm 1.542758e-06
  8 (restart 0) KSP residual norm 6.256346e-07
  9 (restart 0) KSP residual norm 2.763364e-07
 10 (restart 0) KSP residual norm 1.290472e-07
 11 (restart 0) KSP residual norm 6.313221e-08
 12 (restart 0) KSP residual norm 2.985739e-08
 13 (restart 0) KSP residual norm 1.449260e-08
 14 (restart 0) KSP residual norm 7.245291e-09
 15 (restart 0) KSP residual norm 3.456771e-09
 16 (restart 0) KSP residual norm 1.714442e-09
 17 (restart 0) KSP residual norm 9.164345e-10
 18 (restart 0) KSP residual norm 4.933818e-10
GMRES solver converged in 18 iterations (avg. reduction factor: 3.488e-01)
  Residual norms for GMRES solve
  0 (restart 0) KSP residual norm 8.432336e-02
  1 (restart 0) KSP residual norm 8.283212e-03
  2 (restart 0) KSP residual norm 7.662169e-04
  3 (restart 0) KSP residual norm 1.690151e-04
  4 (restart 0) KSP residual norm 4.648363e-05
  5 (restart 0) KSP residual norm 1.422275e-05
  6 (restart 0) KSP residual norm 4.675512e-06
  7 (restart 0) KSP residual norm 1.917829e-06
  8 (restart 0) KSP residual norm 7.682003e-07
  9 (restart 0) KSP residual norm 3.726509e-07
 10 (restart 0) KSP residual norm 1.906870e-07
 11 (restart 0) KSP residual norm 9.047523e-08
 12 (restart 0) KSP residual norm 3.878770e-08
 13 (restart 0) KSP residual norm 1.655070e-08
 14 (restart 0) KSP residual norm 7.669641e-09
 15 (restart 0) KSP residual norm 3.255244e-09
 16 (restart 0) KSP residual norm 1.517123e-09
 17 (restart 0) KSP residual norm 7.773081e-10
GMRES solver converged in 17 iterations (avg. reduction factor: 3.368e-01)
  Residual norms for GMRES solve
  0 (restart 0) KSP residual norm 1.579521e-01
  1 (restart 0) KSP residual norm 1.592392e-02
  2 (restart 0) KSP residual norm 1.078594e-03
  3 (restart 0) KSP residual norm 2.279554e-04
  4 (restart 0) KSP residual norm 5.640429e-05
  5 (restart 0) KSP residual norm 1.568773e-05
  6 (restart 0) KSP residual norm 5.496611e-06
  7 (restart 0) KSP residual norm 2.134351e-06
  8 (restart 0) KSP residual norm 9.308821e-07
  9 (restart 0) KSP residual norm 4.401409e-07
 10 (restart 0) KSP residual norm 2.195764e-07
 11 (restart 0) KSP residual norm 1.061851e-07
 12 (restart 0) KSP residual norm 4.681959e-08
 13 (restart 0) KSP residual norm 2.075350e-08
 14 (restart 0) KSP residual norm 8.566735e-09
 15 (restart 0) KSP residual norm 3.684238e-09
 16 (restart 0) KSP residual norm 1.784730e-09
 17 (restart 0) KSP residual norm 9.383472e-10
GMRES solver converged in 17 iterations (avg. reduction factor: 3.282e-01)
  Residual norms for GMRES solve
  0 (restart 0) KSP residual norm 1.119076e-01
  1 (restart 0) KSP residual norm 9.114937e-03
  2 (restart 0) KSP residual norm 7.932755e-04
  3 (restart 0) KSP residual norm 1.744109e-04
  4 (restart 0) KSP residual norm 4.359812e-05
  5 (restart 0) KSP residual norm 1.290441e-05
  6 (restart 0) KSP residual norm 4.359007e-06
  7 (restart 0) KSP residual norm 1.712386e-06
  8 (restart 0) KSP residual norm 6.806058e-07
  9 (restart 0) KSP residual norm 3.100343e-07
 10 (restart 0) KSP residual norm 1.513021e-07
 11 (restart 0) KSP residual norm 7.322561e-08
 12 (restart 0) KSP residual norm 3.213487e-08
 13 (restart 0) KSP residual norm 1.513075e-08
 14 (restart 0) KSP residual norm 7.377248e-09
 15 (restart 0) KSP residual norm 3.398219e-09
 16 (restart 0) KSP residual norm 1.558327e-09
 17 (restart 0) KSP residual norm 8.210170e-10
GMRES solver converged in 17 iterations (avg. reduction factor: 3.323e-01)
  Residual norms for GMRES solve
  0 (restart 0) KSP residual norm 6.497310e-01
  1 (restart 0) KSP residual norm 1.215205e-02
  2 (restart 0) KSP residual norm 9.910825e-04
  3 (restart 0) KSP residual norm 2.156806e-04
  4 (restart 0) KSP residual norm 5.502363e-05
  5 (restart 0) KSP residual norm 1.654415e-05
  6 (restart 0) KSP residual norm 6.020332e-06
  7 (restart 0) KSP residual norm 2.543766e-06
  8 (restart 0) KSP residual norm 9.789701e-07
  9 (restart 0) KSP residual norm 3.987571e-07
 10 (restart 0) KSP residual norm 1.799100e-07
 11 (restart 0) KSP residual norm 8.770703e-08
 12 (restart 0) KSP residual norm 4.107975e-08
 13 (restart 0) KSP residual norm 2.025869e-08
 14 (restart 0) KSP residual norm 9.392989e-09
 15 (restart 0) KSP residual norm 4.043791e-09
GMRES solver converged in 15 iterations (avg. reduction factor: 2.838e-01)
  Residual norms for GMRES solve
  0 (restart 0) KSP residual norm 1.116303e+00
  1 (restart 0) KSP residual norm 1.841967e-02
  2 (restart 0) KSP residual norm 1.420818e-03
  3 (restart 0) KSP residual norm 2.887789e-04
  4 (restart 0) KSP residual norm 7.469880e-05
  5 (restart 0) KSP residual norm 2.427266e-05
  6 (restart 0) KSP residual norm 9.314901e-06
  7 (restart 0) KSP residual norm 3.612602e-06
  8 (restart 0) KSP residual norm 1.394103e-06
  9 (restart 0) KSP residual norm 5.829049e-07
 10 (restart 0) KSP residual norm 2.506187e-07
 11 (restart 0) KSP residual norm 1.176404e-07
 12 (restart 0) KSP residual norm 5.637306e-08
 13 (restart 0) KSP residual norm 2.693303e-08
 14 (restart 0) KSP residual norm 1.266539e-08
 15 (restart 0) KSP residual norm 5.801705e-09
GMRES solver converged in 15 iterations (avg. reduction factor: 2.804e-01)
  Residual norms for GMRES solve
  0 (restart 0) KSP residual norm 7.133883e-01
  1 (restart 0) KSP residual norm 1.347292e-02
  2 (restart 0) KSP residual norm 1.104108e-03
  3 (restart 0) KSP residual norm 2.433634e-04
  4 (restart 0) KSP residual norm 6.141007e-05
  5 (restart 0) KSP residual norm 1.727253e-05
  6 (restart 0) KSP residual norm 6.493116e-06
  7 (restart 0) KSP residual norm 2.673057e-06
  8 (restart 0) KSP residual norm 1.083680e-06
  9 (restart 0) KSP residual norm 4.912283e-07
 10 (restart 0) KSP residual norm 2.390940e-07
 11 (restart 0) KSP residual norm 1.132538e-07
 12 (restart 0) KSP residual norm 5.134499e-08
 13 (restart 0) KSP residual norm 2.311626e-08
 14 (restart 0) KSP residual norm 1.074369e-08
 15 (restart 0) KSP residual norm 4.692199e-09
GMRES solver converged in 15 iterations (avg. reduction factor: 2.848e-01)
  Residual norms for GMRES solve
  0 (restart 0) KSP residual norm 1.362082e-01
  1 (restart 0) KSP residual norm 9.687110e-03
  2 (restart 0) KSP residual norm 8.693255e-04
  3 (restart 0) KSP residual norm 1.880028e-04
  4 (restart 0) KSP residual norm 4.424891e-05
  5 (restart 0) KSP residual norm 1.240071e-05
  6 (restart 0) KSP residual norm 4.301352e-06
  7 (restart 0) KSP residual norm 1.708559e-06
  8 (restart 0) KSP residual norm 6.625342e-07
  9 (restart 0) KSP residual norm 2.743250e-07
 10 (restart 0) KSP residual norm 1.179952e-07
 11 (restart 0) KSP residual norm 5.692512e-08
 12 (restart 0) KSP residual norm 2.767429e-08
 13 (restart 0) KSP residual norm 1.284765e-08
 14 (restart 0) KSP residual norm 6.183590e-09
 15 (restart 0) KSP residual norm 3.196599e-09
 16 (restart 0) KSP residual norm 1.620009e-09
 17 (restart 0) KSP residual norm 8.653261e-10
GMRES solver converged in 17 iterations (avg. reduction factor: 3.295e-01)
  Residual norms for GMRES solve
  0 (restart 0) KSP residual norm 4.748447e-01
  1 (restart 0) KSP residual norm 1.332650e-02
  2 (restart 0) KSP residual norm 1.024841e-03
  3 (restart 0) KSP residual norm 2.390920e-04
  4 (restart 0) KSP residual norm 5.785611e-05
  5 (restart 0) KSP residual norm 1.635158e-05
  6 (restart 0) KSP residual norm 5.667841e-06
  7 (restart 0) KSP residual norm 2.363771e-06
  8 (restart 0) KSP residual norm 1.044440e-06
  9 (restart 0) KSP residual norm 4.560625e-07
 10 (restart 0) KSP residual norm 2.066025e-07
 11 (restart 0) KSP residual norm 1.018919e-07
 12 (restart 0) KSP residual norm 4.846749e-08
 13 (restart 0) KSP residual norm 2.288603e-08
 14 (restart 0) KSP residual norm 1.076215e-08
 15 (restart 0) KSP residual norm 4.364268e-09
GMRES solver converged in 15 iterations (avg. reduction factor: 2.912e-01)
  Residual norms for GMRES solve
  0 (restart 0) KSP residual norm 3.421517e-01
  1 (restart 0) KSP residual norm 9.959657e-03
  2 (restart 0) KSP residual norm 8.783753e-04
  3 (restart 0) KSP residual norm 2.119745e-04
  4 (restart 0) KSP residual norm 5.497698e-05
  5 (restart 0) KSP residual norm 1.469088e-05
  6 (restart 0) KSP residual norm 5.203131e-06
  7 (restart 0) KSP residual norm 2.242402e-06
  8 (restart 0) KSP residual norm 8.702531e-07
  9 (restart 0) KSP residual norm 3.728525e-07
 10 (restart 0) KSP residual norm 1.715161e-07
 11 (restart 0) KSP residual norm 8.438613e-08
 12 (restart 0) KSP residual norm 3.872140e-08
 13 (restart 0) KSP residual norm 1.841906e-08
 14 (restart 0) KSP residual norm 8.763283e-09
 15 (restart 0) KSP residual norm 3.872309e-09
 16 (restart 0) KSP residual norm 1.775726e-09
GMRES solver converged in 16 iterations (avg. reduction factor: 3.035e-01)
  Residual norms for GMRES solve
  0 (restart 0) KSP residual norm 7.527105e-02
  1 (restart 0) KSP residual norm 8.135414e-03
  2 (restart 0) KSP residual norm 8.328809e-04
  3 (restart 0) KSP residual norm 1.957429e-04
  4 (restart 0) KSP residual norm 4.925350e-05
  5 (restart 0) KSP residual norm 1.473073e-05
  6 (restart 0) KSP residual norm 5.066461e-06
  7 (restart 0) KSP residual norm 1.937586e-06
  8 (restart 0) KSP residual norm 7.005142e-07
  9 (restart 0) KSP residual norm 2.974891e-07
 10 (restart 0) KSP residual norm 1.406018e-07
 11 (restart 0) KSP residual norm 7.024213e-08
 12 (restart 0) KSP residual norm 3.126689e-08
 13 (restart 0) KSP residual norm 1.329059e-08
 14 (restart 0) KSP residual norm 6.081866e-09
 15 (restart 0) KSP residual norm 2.834006e-09
 16 (restart 0) KSP residual norm 1.341556e-09
 17 (restart 0) KSP residual norm 6.977398e-10
GMRES solver converged in 17 iterations (avg. reduction factor: 3.369e-01)
  Residual norms for GMRES solve
  0 (restart 0) KSP residual norm 2.629642e-01
  1 (restart 0) KSP residual norm 1.154584e-02
  2 (restart 0) KSP residual norm 9.363983e-04
  3 (restart 0) KSP residual norm 1.977063e-04
  4 (restart 0) KSP residual norm 5.096595e-05
  5 (restart 0) KSP residual norm 1.560894e-05
  6 (restart 0) KSP residual norm 5.616215e-06
  7 (restart 0) KSP residual norm 2.086401e-06
  8 (restart 0) KSP residual norm 7.850797e-07
  9 (restart 0) KSP residual norm 3.302643e-07
 10 (restart 0) KSP residual norm 1.584168e-07
 11 (restart 0) KSP residual norm 7.583503e-08
 12 (restart 0) KSP residual norm 3.572834e-08
 13 (restart 0) KSP residual norm 1.717193e-08
 14 (restart 0) KSP residual norm 7.505978e-09
 15 (restart 0) KSP residual norm 2.990959e-09
 16 (restart 0) KSP residual norm 1.335217e-09
GMRES solver converged in 16 iterations (avg. reduction factor: 3.031e-01)
  Residual norms for GMRES solve
  0 (restart 0) KSP residual norm 2.746755e-01
  1 (restart 0) KSP residual norm 1.038306e-02
  2 (restart 0) KSP residual norm 9.102257e-04
  3 (restart 0) KSP residual norm 1.888861e-04
  4 (restart 0) KSP residual norm 4.863289e-05
  5 (restart 0) KSP residual norm 1.464798e-05
  6 (restart 0) KSP residual norm 4.907053e-06
  7 (restart 0) KSP residual norm 2.015543e-06
  8 (restart 0) KSP residual norm 7.981653e-07
  9 (restart 0) KSP residual norm 3.644166e-07
 10 (restart 0) KSP residual norm 1.680744e-07
 11 (restart 0) KSP residual norm 8.136256e-08
 12 (restart 0) KSP residual norm 3.817349e-08
 13 (restart 0) KSP residual norm 1.733183e-08
 14 (restart 0) KSP residual norm 8.424413e-09
 15 (restart 0) KSP residual norm 3.546719e-09
 16 (restart 0) KSP residual norm 1.487032e-09
GMRES solver converged in 16 iterations (avg. reduction factor: 3.043e-01)
  Residual norms for GMRES solve
  0 (restart 0) KSP residual norm 1.732637e-01
  1 (restart 0) KSP residual norm 6.986826e-03
  2 (restart 0) KSP residual norm 7.366475e-04
  3 (restart 0) KSP residual norm 1.746060e-04
  4 (restart 0) KSP residual norm 4.178098e-05
  5 (restart 0) KSP residual norm 1.232168e-05
  6 (restart 0) KSP residual norm 4.098518e-06
  7 (restart 0) KSP residual norm 1.656369e-06
  8 (restart 0) KSP residual norm 6.538581e-07
  9 (restart 0) KSP residual norm 2.687692e-07
 10 (restart 0) KSP residual norm 1.207907e-07
 11 (restart 0) KSP residual norm 5.501618e-08
 12 (restart 0) KSP residual norm 2.563118e-08
 13 (restart 0) KSP residual norm 1.351519e-08
 14 (restart 0) KSP residual norm 6.680514e-09
 15 (restart 0) KSP residual norm 3.223963e-09
 16 (restart 0) KSP residual norm 1.577044e-09
GMRES solver converged in 16 iterations (avg. reduction factor: 3.144e-01)
  Residual norms for GMRES solve
  0 (restart 0) KSP residual norm 2.779699e-01
  1 (restart 0) KSP residual norm 1.020351e-02
  2 (restart 0) KSP residual norm 9.114473e-04
  3 (restart 0) KSP residual norm 2.027865e-04
  4 (restart 0) KSP residual norm 5.460399e-05
  5 (restart 0) KSP residual norm 1.878800e-05
  6 (restart 0) KSP residual norm 6.795905e-06
  7 (restart 0) KSP residual norm 2.308314e-06
  8 (restart 0) KSP residual norm 8.175406e-07
  9 (restart 0) KSP residual norm 3.406031e-07
 10 (restart 0) KSP residual norm 1.430875e-07
 11 (restart 0) KSP residual norm 6.082251e-08
 12 (restart 0) KSP residual norm 2.784512e-08
 13 (restart 0) KSP residual norm 1.393128e-08
 14 (restart 0) KSP residual norm 7.042232e-09
 15 (restart 0) KSP residual norm 3.377897e-09
 16 (restart 0) KSP residual norm 1.639970e-09
GMRES solver converged in 16 iterations (avg. reduction factor: 3.060e-01)
  Residual norms for GMRES solve
  0 (restart 0) KSP residual norm 1.510777e-01
  1 (restart 0) KSP residual norm 8.887333e-03
  2 (restart 0) KSP residual norm 7.457322e-04
  3 (restart 0) KSP residual norm 1.774839e-04
  4 (restart 0) KSP residual norm 4.716683e-05
  5 (restart 0) KSP residual norm 1.496727e-05
  6 (restart 0) KSP residual norm 5.210882e-06
  7 (restart 0) KSP residual norm 1.919797e-06
  8 (restart 0) KSP residual norm 7.439493e-07
  9 (restart 0) KSP residual norm 3.016460e-07
 10 (restart 0) KSP residual norm 1.436875e-07
 11 (restart 0) KSP residual norm 7.349602e-08
 12 (restart 0) KSP residual norm 3.311139e-08
 13 (restart 0) KSP residual norm 1.536313e-08
 14 (restart 0) KSP residual norm 6.990399e-09
 15 (restart 0) KSP residual norm 2.992632e-09
 16 (restart 0) KSP residual norm 1.439656e-09
GMRES solver converged in 16 iterations (avg. reduction factor: 3.153e-01)
  Residual norms for GMRES solve
  0 (restart 0) KSP residual norm 1.166848e-01
  1 (restart 0) KSP residual norm 8.600851e-03
  2 (restart 0) KSP residual norm 7.714615e-04
  3 (restart 0) KSP residual norm 1.693320e-04
  4 (restart 0) KSP residual norm 4.111191e-05
  5 (restart 0) KSP residual norm 1.318971e-05
  6 (restart 0) KSP residual norm 4.606124e-06
  7 (restart 0) KSP residual norm 1.686121e-06
  8 (restart 0) KSP residual norm 6.230143e-07
  9 (restart 0) KSP residual norm 2.436670e-07
 10 (restart 0) KSP residual norm 1.088075e-07
 11 (restart 0) KSP residual norm 5.161538e-08
 12 (restart 0) KSP residual norm 2.617161e-08
 13 (restart 0) KSP residual norm 1.297182e-08
 14 (restart 0) KSP residual norm 6.285710e-09
 15 (restart 0) KSP residual norm 2.745564e-09
 16 (restart 0) KSP residual norm 1.280606e-09
 17 (restart 0) KSP residual norm 6.733449e-10
GMRES solver converged in 17 iterations (avg. reduction factor: 3.276e-01)
  Residual norms for GMRES solve
  0 (restart 0) KSP residual norm 4.847819e-02
  1 (restart 0) KSP residual norm 6.873781e-03
  2 (restart 0) KSP residual norm 7.330451e-04
  3 (restart 0) KSP residual norm 1.740349e-04
  4 (restart 0) KSP residual norm 4.303681e-05
  5 (restart 0) KSP residual norm 1.203435e-05
  6 (restart 0) KSP residual norm 4.112862e-06
  7 (restart 0) KSP residual norm 1.655827e-06
  8 (restart 0) KSP residual norm 7.090660e-07
  9 (restart 0) KSP residual norm 2.987912e-07
 10 (restart 0) KSP residual norm 1.398198e-07
 11 (restart 0) KSP residual norm 6.588028e-08
 12 (restart 0) KSP residual norm 3.132414e-08
 13 (restart 0) KSP residual norm 1.573452e-08
 14 (restart 0) KSP residual norm 7.599282e-09
 15 (restart 0) KSP residual norm 3.033462e-09
 16 (restart 0) KSP residual norm 1.445526e-09
 17 (restart 0) KSP residual norm 7.666074e-10
 18 (restart 0) KSP residual norm 4.167220e-10
GMRES solver converged in 18 iterations (avg. reduction factor: 3.564e-01)
  Residual norms for GMRES solve
  0 (restart 0) KSP residual norm 5.680755e-02
  1 (restart 0) KSP residual norm 8.157016e-03
  2 (restart 0) KSP residual norm 8.039273e-04
  3 (restart 0) KSP residual norm 1.791129e-04
  4 (restart 0) KSP residual norm 4.705685e-05
  5 (restart 0) KSP residual norm 1.486700e-05
  6 (restart 0) KSP residual norm 5.163335e-06
  7 (restart 0) KSP residual norm 1.895297e-06
  8 (restart 0) KSP residual norm 6.639706e-07
  9 (restart 0) KSP residual norm 2.536115e-07
 10 (restart 0) KSP residual norm 1.076184e-07
 11 (restart 0) KSP residual norm 5.286270e-08
 12 (restart 0) KSP residual norm 2.581396e-08
 13 (restart 0) KSP residual norm 1.286361e-08
 14 (restart 0) KSP residual norm 6.109269e-09
 15 (restart 0) KSP residual norm 2.438977e-09
 16 (restart 0) KSP residual norm 1.097477e-09
 17 (restart 0) KSP residual norm 5.379101e-10
GMRES solver converged in 17 iterations (avg. reduction factor: 3.373e-01)
  Residual norms for GMRES solve
  0 (restart 0) KSP residual norm 9.673904e-02
  1 (restart 0) KSP residual norm 1.166547e-02
  2 (restart 0) KSP residual norm 9.353346e-04
  3 (restart 0) KSP residual norm 1.873921e-04
  4 (restart 0) KSP residual norm 4.927002e-05
  5 (restart 0) KSP residual norm 1.484005e-05
  6 (restart 0) KSP residual norm 5.251069e-06
  7 (restart 0) KSP residual norm 1.950627e-06
  8 (restart 0) KSP residual norm 7.039199e-07
  9 (restart 0) KSP residual norm 2.886104e-07
 10 (restart 0) KSP residual norm 1.319377e-07
 11 (restart 0) KSP residual norm 6.131581e-08
 12 (restart 0) KSP residual norm 2.863422e-08
 13 (restart 0) KSP residual norm 1.418957e-08
 14 (restart 0) KSP residual norm 6.963779e-09
 15 (restart 0) KSP residual norm 3.221102e-09
 16 (restart 0) KSP residual norm 1.421560e-09
 17 (restart 0) KSP residual norm 6.830567e-10
GMRES solver converged in 17 iterations (avg. reduction factor: 3.315e-01)
  Residual norms for GMRES solve
  0 (restart 0) KSP residual norm 1.102031e-01
  1 (restart 0) KSP residual norm 6.331837e-03
  2 (restart 0) KSP residual norm 6.914129e-04
  3 (restart 0) KSP residual norm 1.767380e-04
  4 (restart 0) KSP residual norm 4.728359e-05
  5 (restart 0) KSP residual norm 1.360534e-05
  6 (restart 0) KSP residual norm 4.808614e-06
  7 (restart 0) KSP residual norm 1.856875e-06
  8 (restart 0) KSP residual norm 7.579744e-07
  9 (restart 0) KSP residual norm 3.629867e-07
 10 (restart 0) KSP residual norm 1.819579e-07
 11 (restart 0) KSP residual norm 8.547753e-08
 12 (restart 0) KSP residual norm 3.467617e-08
 13 (restart 0) KSP residual norm 1.509376e-08
 14 (restart 0) KSP residual norm 6.955453e-09
 15 (restart 0) KSP residual norm 3.002863e-09
 16 (restart 0) KSP residual norm 1.325769e-09
 17 (restart 0) KSP residual norm 6.688288e-10
GMRES solver converged in 17 iterations (avg. reduction factor: 3.286e-01)
  Residual norms for GMRES solve
  0 (restart 0) KSP residual norm 3.152412e-02
  1 (restart 0) KSP residual norm 4.317889e-03
  2 (restart 0) KSP residual norm 6.143508e-04
  3 (restart 0) KSP residual norm 1.494755e-04
  4 (restart 0) KSP residual norm 3.692493e-05
  5 (restart 0) KSP residual norm 1.023452e-05
  6 (restart 0) KSP residual norm 3.228681e-06
  7 (restart 0) KSP residual norm 1.278403e-06
  8 (restart 0) KSP residual norm 5.421595e-07
  9 (restart 0) KSP residual norm 2.342493e-07
 10 (restart 0) KSP residual norm 1.149982e-07
 11 (restart 0) KSP residual norm 5.708843e-08
 12 (restart 0) KSP residual norm 2.606100e-08
 13 (restart 0) KSP residual norm 1.214377e-08
 14 (restart 0) KSP residual norm 5.177046e-09
 15 (restart 0) KSP residual norm 2.172140e-09
 16 (restart 0) KSP residual norm 1.017670e-09
 17 (restart 0) KSP residual norm 5.310879e-10
 18 (restart 0) KSP residual norm 2.780426e-10
GMRES solver converged in 18 iterations (avg. reduction factor: 3.569e-01)
  Residual norms for GMRES solve
  0 (restart 0) KSP residual norm 7.065667e-02
  1 (restart 0) KSP residual norm 6.993934e-03
  2 (restart 0) KSP residual norm 7.913455e-04
  3 (restart 0) KSP residual norm 1.959720e-04
  4 (restart 0) KSP residual norm 5.477773e-05
  5 (restart 0) KSP residual norm 1.773661e-05
  6 (restart 0) KSP residual norm 6.292435e-06
  7 (restart 0) KSP residual norm 2.331373e-06
  8 (restart 0) KSP residual norm 8.404903e-07
  9 (restart 0) KSP residual norm 3.674815e-07
 10 (restart 0) KSP residual norm 1.867754e-07
 11 (restart 0) KSP residual norm 9.373713e-08
 12 (restart 0) KSP residual norm 4.446274e-08
 13 (restart 0) KSP residual norm 2.074946e-08
 14 (restart 0) KSP residual norm 8.644054e-09
 15 (restart 0) KSP residual norm 3.397193e-09
 16 (restart 0) KSP residual norm 1.451858e-09
 17 (restart 0) KSP residual norm 6.906269e-10
GMRES solver converged in 17 iterations (avg. reduction factor: 3.379e-01)
  Residual norms for GMRES solve
  0 (restart 0) KSP residual norm 6.710290e-02
  1 (restart 0) KSP residual norm 7.785451e-03
  2 (restart 0) KSP residual norm 7.079142e-04
  3 (restart 0) KSP residual norm 1.740085e-04
  4 (restart 0) KSP residual norm 4.252716e-05
  5 (restart 0) KSP residual norm 1.173748e-05
  6 (restart 0) KSP residual norm 3.853448e-06
  7 (restart 0) KSP residual norm 1.570598e-06
  8 (restart 0) KSP residual norm 6.841990e-07
  9 (restart 0) KSP residual norm 3.263862e-07
 10 (restart 0) KSP residual norm 1.658131e-07
 11 (restart 0) KSP residual norm 8.045737e-08
 12 (restart 0) KSP residual norm 3.666564e-08
 13 (restart 0) KSP residual norm 1.608084e-08
 14 (restart 0) KSP residual norm 6.693332e-09
 15 (restart 0) KSP residual norm 2.734562e-09
 16 (restart 0) KSP residual norm 1.271366e-09
 17 (restart 0) KSP residual norm 6.449348e-10
GMRES solver converged in 17 iterations (avg. reduction factor: 3.376e-01)
  Residual norms for GMRES solve
  0 (restart 0) KSP residual norm 6.038449e-02
  1 (restart 0) KSP residual norm 6.141316e-03
  2 (restart 0) KSP residual norm 6.599513e-04
  3 (restart 0) KSP residual norm 1.588473e-04
  4 (restart 0) KSP residual norm 4.245781e-05
  5 (restart 0) KSP residual norm 1.447775e-05
  6 (restart 0) KSP residual norm 5.103332e-06
  7 (restart 0) KSP residual norm 1.888293e-06
  8 (restart 0) KSP residual norm 7.257174e-07
  9 (restart 0) KSP residual norm 3.107182e-07
 10 (restart 0) KSP residual norm 1.316833e-07
 11 (restart 0) KSP residual norm 5.574878e-08
 12 (restart 0) KSP residual norm 2.551006e-08
 13 (restart 0) KSP residual norm 1.241646e-08
 14 (restart 0) KSP residual norm 6.230001e-09
 15 (restart 0) KSP residual norm 2.913204e-09
 16 (restart 0) KSP residual norm 1.413062e-09
 17 (restart 0) KSP residual norm 6.736957e-10
 18 (restart 0) KSP residual norm 3.430406e-10
GMRES solver converged in 18 iterations (avg. reduction factor: 3.483e-01)
  Residual norms for GMRES solve
  0 (restart 0) KSP residual norm 3.368797e-02
  1 (restart 0) KSP residual norm 5.413189e-03
  2 (restart 0) KSP residual norm 7.228789e-04
  3 (restart 0) KSP residual norm 1.790743e-04
  4 (restart 0) KSP residual norm 4.437634e-05
  5 (restart 0) KSP residual norm 1.236231e-05
  6 (restart 0) KSP residual norm 4.017401e-06
  7 (restart 0) KSP residual norm 1.554619e-06
  8 (restart 0) KSP residual norm 6.811293e-07
  9 (restart 0) KSP residual norm 2.853127e-07
 10 (restart 0) KSP residual norm 1.136359e-07
 11 (restart 0) KSP residual norm 5.362146e-08
 12 (restart 0) KSP residual norm 2.622973e-08
 13 (restart 0) KSP residual norm 1.226019e-08
 14 (restart 0) KSP residual norm 6.063627e-09
 15 (restart 0) KSP residual norm 2.731634e-09
 16 (restart 0) KSP residual norm 1.262041e-09
 17 (restart 0) KSP residual norm 6.551335e-10
 18 (restart 0) KSP residual norm 3.272164e-10
GMRES solver converged in 18 iterations (avg. reduction factor: 3.588e-01)
  1 EPS nconv=10 first unconverged value (error) 0.00224326-8.39873e-11i (1.21050459e-05)
  Residual norms for GMRES solve
  0 (restart 0) KSP residual norm 3.510601e-02
  1 (restart 0) KSP residual norm 6.153780e-03
  2 (restart 0) KSP residual norm 7.988731e-04
  3 (restart 0) KSP residual norm 1.815567e-04
  4 (restart 0) KSP residual norm 4.313475e-05
  5 (restart 0) KSP residual norm 1.147076e-05
  6 (restart 0) KSP residual norm 3.763187e-06
  7 (restart 0) KSP residual norm 1.586636e-06
  8 (restart 0) KSP residual norm 6.764976e-07
  9 (restart 0) KSP residual norm 3.279294e-07
 10 (restart 0) KSP residual norm 1.628458e-07
 11 (restart 0) KSP residual norm 7.645930e-08
 12 (restart 0) KSP residual norm 3.500050e-08
 13 (restart 0) KSP residual norm 1.582821e-08
 14 (restart 0) KSP residual norm 7.174075e-09
 15 (restart 0) KSP residual norm 3.226792e-09
 16 (restart 0) KSP residual norm 1.576338e-09
 17 (restart 0) KSP residual norm 8.307593e-10
 18 (restart 0) KSP residual norm 4.478752e-10
 19 (restart 0) KSP residual norm 2.422280e-10
GMRES solver converged in 19 iterations (avg. reduction factor: 3.719e-01)
  Residual norms for GMRES solve
  0 (restart 0) KSP residual norm 2.429750e-02
  1 (restart 0) KSP residual norm 2.681195e-03
  2 (restart 0) KSP residual norm 5.724323e-04
  3 (restart 0) KSP residual norm 1.470984e-04
  4 (restart 0) KSP residual norm 3.621856e-05
  5 (restart 0) KSP residual norm 1.006447e-05
  6 (restart 0) KSP residual norm 3.347541e-06
  7 (restart 0) KSP residual norm 1.444588e-06
  8 (restart 0) KSP residual norm 6.133730e-07
  9 (restart 0) KSP residual norm 2.881774e-07
 10 (restart 0) KSP residual norm 1.370347e-07
 11 (restart 0) KSP residual norm 6.597371e-08
 12 (restart 0) KSP residual norm 3.102151e-08
 13 (restart 0) KSP residual norm 1.422064e-08
 14 (restart 0) KSP residual norm 6.458986e-09
 15 (restart 0) KSP residual norm 2.852223e-09
 16 (restart 0) KSP residual norm 1.366727e-09
 17 (restart 0) KSP residual norm 7.204029e-10
 18 (restart 0) KSP residual norm 3.853093e-10
 19 (restart 0) KSP residual norm 2.024837e-10
GMRES solver converged in 19 iterations (avg. reduction factor: 3.756e-01)
  Residual norms for GMRES solve
  0 (restart 0) KSP residual norm 3.559697e-02
  1 (restart 0) KSP residual norm 6.015595e-03
  2 (restart 0) KSP residual norm 7.775907e-04
  3 (restart 0) KSP residual norm 1.854876e-04
  4 (restart 0) KSP residual norm 4.560626e-05
  5 (restart 0) KSP residual norm 1.255246e-05
  6 (restart 0) KSP residual norm 4.571018e-06
  7 (restart 0) KSP residual norm 1.975933e-06
  8 (restart 0) KSP residual norm 8.307229e-07
  9 (restart 0) KSP residual norm 3.483823e-07
 10 (restart 0) KSP residual norm 1.488837e-07
 11 (restart 0) KSP residual norm 7.271239e-08
 12 (restart 0) KSP residual norm 3.589025e-08
 13 (restart 0) KSP residual norm 1.793523e-08
 14 (restart 0) KSP residual norm 8.232921e-09
 15 (restart 0) KSP residual norm 3.411929e-09
 16 (restart 0) KSP residual norm 1.528952e-09
 17 (restart 0) KSP residual norm 7.873530e-10
 18 (restart 0) KSP residual norm 4.160071e-10
 19 (restart 0) KSP residual norm 2.257962e-10
GMRES solver converged in 19 iterations (avg. reduction factor: 3.703e-01)
  Residual norms for GMRES solve
  0 (restart 0) KSP residual norm 1.065951e-01
  1 (restart 0) KSP residual norm 7.436210e-03
  2 (restart 0) KSP residual norm 8.237956e-04
  3 (restart 0) KSP residual norm 1.928808e-04
  4 (restart 0) KSP residual norm 4.334994e-05
  5 (restart 0) KSP residual norm 1.171006e-05
  6 (restart 0) KSP residual norm 3.561086e-06
  7 (restart 0) KSP residual norm 1.279060e-06
  8 (restart 0) KSP residual norm 5.167011e-07
  9 (restart 0) KSP residual norm 2.295540e-07
 10 (restart 0) KSP residual norm 1.051594e-07
 11 (restart 0) KSP residual norm 4.987238e-08
 12 (restart 0) KSP residual norm 2.550567e-08
 13 (restart 0) KSP residual norm 1.177541e-08
 14 (restart 0) KSP residual norm 5.694651e-09
 15 (restart 0) KSP residual norm 2.619809e-09
 16 (restart 0) KSP residual norm 1.280041e-09
 17 (restart 0) KSP residual norm 6.968572e-10
GMRES solver converged in 17 iterations (avg. reduction factor: 3.300e-01)
  Residual norms for GMRES solve
  0 (restart 0) KSP residual norm 7.445460e-02
  1 (restart 0) KSP residual norm 5.682837e-03
  2 (restart 0) KSP residual norm 6.871299e-04
  3 (restart 0) KSP residual norm 1.675460e-04
  4 (restart 0) KSP residual norm 4.733826e-05
  5 (restart 0) KSP residual norm 1.464543e-05
  6 (restart 0) KSP residual norm 5.158160e-06
  7 (restart 0) KSP residual norm 1.962883e-06
  8 (restart 0) KSP residual norm 7.558358e-07
  9 (restart 0) KSP residual norm 2.920644e-07
 10 (restart 0) KSP residual norm 1.230563e-07
 11 (restart 0) KSP residual norm 5.611141e-08
 12 (restart 0) KSP residual norm 2.657657e-08
 13 (restart 0) KSP residual norm 1.302783e-08
 14 (restart 0) KSP residual norm 6.412696e-09
 15 (restart 0) KSP residual norm 3.033394e-09
 16 (restart 0) KSP residual norm 1.547374e-09
 17 (restart 0) KSP residual norm 7.722598e-10
 18 (restart 0) KSP residual norm 3.782366e-10
GMRES solver converged in 18 iterations (avg. reduction factor: 3.461e-01)
  Residual norms for GMRES solve
  0 (restart 0) KSP residual norm 1.942729e-02
  1 (restart 0) KSP residual norm 4.023702e-03
  2 (restart 0) KSP residual norm 6.874871e-04
  3 (restart 0) KSP residual norm 1.824063e-04
  4 (restart 0) KSP residual norm 4.833970e-05
  5 (restart 0) KSP residual norm 1.546093e-05
  6 (restart 0) KSP residual norm 5.446912e-06
  7 (restart 0) KSP residual norm 1.999237e-06
  8 (restart 0) KSP residual norm 7.337066e-07
  9 (restart 0) KSP residual norm 2.727281e-07
 10 (restart 0) KSP residual norm 1.205811e-07
 11 (restart 0) KSP residual norm 5.893543e-08
 12 (restart 0) KSP residual norm 2.943220e-08
 13 (restart 0) KSP residual norm 1.522596e-08
 14 (restart 0) KSP residual norm 6.833788e-09
 15 (restart 0) KSP residual norm 2.740160e-09
 16 (restart 0) KSP residual norm 1.261659e-09
 17 (restart 0) KSP residual norm 6.818014e-10
 18 (restart 0) KSP residual norm 3.614655e-10
 19 (restart 0) KSP residual norm 1.808871e-10
GMRES solver converged in 19 iterations (avg. reduction factor: 3.778e-01)
  Residual norms for GMRES solve
  0 (restart 0) KSP residual norm 7.454528e-02
  1 (restart 0) KSP residual norm 7.559304e-03
  2 (restart 0) KSP residual norm 8.036362e-04
  3 (restart 0) KSP residual norm 1.832490e-04
  4 (restart 0) KSP residual norm 4.730737e-05
  5 (restart 0) KSP residual norm 1.353801e-05
  6 (restart 0) KSP residual norm 4.256827e-06
  7 (restart 0) KSP residual norm 1.687906e-06
  8 (restart 0) KSP residual norm 7.084043e-07
  9 (restart 0) KSP residual norm 3.059335e-07
 10 (restart 0) KSP residual norm 1.389341e-07
 11 (restart 0) KSP residual norm 6.712916e-08
 12 (restart 0) KSP residual norm 3.280045e-08
 13 (restart 0) KSP residual norm 1.540174e-08
 14 (restart 0) KSP residual norm 6.933058e-09
 15 (restart 0) KSP residual norm 3.089211e-09
 16 (restart 0) KSP residual norm 1.403536e-09
 17 (restart 0) KSP residual norm 6.986435e-10
GMRES solver converged in 17 iterations (avg. reduction factor: 3.371e-01)
  Residual norms for GMRES solve
  0 (restart 0) KSP residual norm 1.630057e-01
  1 (restart 0) KSP residual norm 7.265603e-03
  2 (restart 0) KSP residual norm 7.985445e-04
  3 (restart 0) KSP residual norm 1.934947e-04
  4 (restart 0) KSP residual norm 4.595819e-05
  5 (restart 0) KSP residual norm 1.333963e-05
  6 (restart 0) KSP residual norm 4.918452e-06
  7 (restart 0) KSP residual norm 1.963102e-06
  8 (restart 0) KSP residual norm 7.464946e-07
  9 (restart 0) KSP residual norm 3.074638e-07
 10 (restart 0) KSP residual norm 1.330907e-07
 11 (restart 0) KSP residual norm 6.012052e-08
 12 (restart 0) KSP residual norm 2.810382e-08
 13 (restart 0) KSP residual norm 1.326941e-08
 14 (restart 0) KSP residual norm 6.397334e-09
 15 (restart 0) KSP residual norm 3.050755e-09
 16 (restart 0) KSP residual norm 1.459335e-09
GMRES solver converged in 16 iterations (avg. reduction factor: 3.140e-01)
  Residual norms for GMRES solve
  0 (restart 0) KSP residual norm 7.236276e-02
  1 (restart 0) KSP residual norm 6.279336e-03
  2 (restart 0) KSP residual norm 7.286753e-04
  3 (restart 0) KSP residual norm 1.676485e-04
  4 (restart 0) KSP residual norm 4.357478e-05
  5 (restart 0) KSP residual norm 1.178812e-05
  6 (restart 0) KSP residual norm 4.324144e-06
  7 (restart 0) KSP residual norm 1.749366e-06
  8 (restart 0) KSP residual norm 6.385400e-07
  9 (restart 0) KSP residual norm 2.928311e-07
 10 (restart 0) KSP residual norm 1.464589e-07
 11 (restart 0) KSP residual norm 7.153724e-08
 12 (restart 0) KSP residual norm 3.219855e-08
 13 (restart 0) KSP residual norm 1.450363e-08
 14 (restart 0) KSP residual norm 6.620307e-09
 15 (restart 0) KSP residual norm 2.935900e-09
 16 (restart 0) KSP residual norm 1.339355e-09
 17 (restart 0) KSP residual norm 6.440780e-10
GMRES solver converged in 17 iterations (avg. reduction factor: 3.361e-01)
  Residual norms for GMRES solve
  0 (restart 0) KSP residual norm 2.678496e-02
  1 (restart 0) KSP residual norm 5.139437e-03
  2 (restart 0) KSP residual norm 7.111390e-04
  3 (restart 0) KSP residual norm 1.812106e-04
  4 (restart 0) KSP residual norm 4.336245e-05
  5 (restart 0) KSP residual norm 1.385436e-05
  6 (restart 0) KSP residual norm 4.876295e-06
  7 (restart 0) KSP residual norm 1.782659e-06
  8 (restart 0) KSP residual norm 6.952849e-07
  9 (restart 0) KSP residual norm 2.790653e-07
 10 (restart 0) KSP residual norm 1.406402e-07
 11 (restart 0) KSP residual norm 7.076890e-08
 12 (restart 0) KSP residual norm 3.443258e-08
 13 (restart 0) KSP residual norm 1.632998e-08
 14 (restart 0) KSP residual norm 7.443803e-09
 15 (restart 0) KSP residual norm 3.330322e-09
 16 (restart 0) KSP residual norm 1.682299e-09
 17 (restart 0) KSP residual norm 9.458278e-10
 18 (restart 0) KSP residual norm 5.160772e-10
 19 (restart 0) KSP residual norm 2.497680e-10
GMRES solver converged in 19 iterations (avg. reduction factor: 3.779e-01)
  Residual norms for GMRES solve
  0 (restart 0) KSP residual norm 6.716815e-02
  1 (restart 0) KSP residual norm 5.251219e-03
  2 (restart 0) KSP residual norm 6.279007e-04
  3 (restart 0) KSP residual norm 1.510682e-04
  4 (restart 0) KSP residual norm 3.732184e-05
  5 (restart 0) KSP residual norm 1.088512e-05
  6 (restart 0) KSP residual norm 3.873319e-06
  7 (restart 0) KSP residual norm 1.505240e-06
  8 (restart 0) KSP residual norm 6.061952e-07
  9 (restart 0) KSP residual norm 2.763967e-07
 10 (restart 0) KSP residual norm 1.317497e-07
 11 (restart 0) KSP residual norm 6.103495e-08
 12 (restart 0) KSP residual norm 2.926192e-08
 13 (restart 0) KSP residual norm 1.389947e-08
 14 (restart 0) KSP residual norm 6.341261e-09
 15 (restart 0) KSP residual norm 2.836257e-09
 16 (restart 0) KSP residual norm 1.239707e-09
 17 (restart 0) KSP residual norm 6.242250e-10
GMRES solver converged in 17 iterations (avg. reduction factor: 3.369e-01)
  Residual norms for GMRES solve
  0 (restart 0) KSP residual norm 7.565496e-02
  1 (restart 0) KSP residual norm 7.863035e-03
  2 (restart 0) KSP residual norm 8.279761e-04
  3 (restart 0) KSP residual norm 1.879291e-04
  4 (restart 0) KSP residual norm 4.581256e-05
  5 (restart 0) KSP residual norm 1.303800e-05
  6 (restart 0) KSP residual norm 4.069150e-06
  7 (restart 0) KSP residual norm 1.538944e-06
  8 (restart 0) KSP residual norm 6.838598e-07
  9 (restart 0) KSP residual norm 2.934888e-07
 10 (restart 0) KSP residual norm 1.389940e-07
 11 (restart 0) KSP residual norm 7.045977e-08
 12 (restart 0) KSP residual norm 3.274579e-08
 13 (restart 0) KSP residual norm 1.457619e-08
 14 (restart 0) KSP residual norm 6.927130e-09
 15 (restart 0) KSP residual norm 3.341689e-09
 16 (restart 0) KSP residual norm 1.648496e-09
 17 (restart 0) KSP residual norm 8.915841e-10
 18 (restart 0) KSP residual norm 4.632028e-10
GMRES solver converged in 18 iterations (avg. reduction factor: 3.497e-01)
  Residual norms for GMRES solve
  0 (restart 0) KSP residual norm 6.726613e-02
  1 (restart 0) KSP residual norm 6.962715e-03
  2 (restart 0) KSP residual norm 8.117345e-04
  3 (restart 0) KSP residual norm 1.718886e-04
  4 (restart 0) KSP residual norm 4.123883e-05
  5 (restart 0) KSP residual norm 1.208650e-05
  6 (restart 0) KSP residual norm 4.052138e-06
  7 (restart 0) KSP residual norm 1.502580e-06
  8 (restart 0) KSP residual norm 5.924472e-07
  9 (restart 0) KSP residual norm 2.544294e-07
 10 (restart 0) KSP residual norm 1.149218e-07
 11 (restart 0) KSP residual norm 5.482913e-08
 12 (restart 0) KSP residual norm 2.652068e-08
 13 (restart 0) KSP residual norm 1.191075e-08
 14 (restart 0) KSP residual norm 5.468912e-09
 15 (restart 0) KSP residual norm 2.606095e-09
 16 (restart 0) KSP residual norm 1.251405e-09
 17 (restart 0) KSP residual norm 6.873241e-10
 18 (restart 0) KSP residual norm 3.757126e-10
GMRES solver converged in 18 iterations (avg. reduction factor: 3.479e-01)
  Residual norms for GMRES solve
  0 (restart 0) KSP residual norm 8.078000e-02
  1 (restart 0) KSP residual norm 5.637832e-03
  2 (restart 0) KSP residual norm 7.012229e-04
  3 (restart 0) KSP residual norm 1.639896e-04
  4 (restart 0) KSP residual norm 3.997417e-05
  5 (restart 0) KSP residual norm 1.166859e-05
  6 (restart 0) KSP residual norm 4.000014e-06
  7 (restart 0) KSP residual norm 1.608286e-06
  8 (restart 0) KSP residual norm 6.637521e-07
  9 (restart 0) KSP residual norm 3.005237e-07
 10 (restart 0) KSP residual norm 1.471385e-07
 11 (restart 0) KSP residual norm 6.938580e-08
 12 (restart 0) KSP residual norm 3.214001e-08
 13 (restart 0) KSP residual norm 1.439530e-08
 14 (restart 0) KSP residual norm 6.620727e-09
 15 (restart 0) KSP residual norm 3.041532e-09
 16 (restart 0) KSP residual norm 1.422629e-09
 17 (restart 0) KSP residual norm 7.185855e-10
GMRES solver converged in 17 iterations (avg. reduction factor: 3.361e-01)
  Residual norms for GMRES solve
  0 (restart 0) KSP residual norm 5.337062e-02
  1 (restart 0) KSP residual norm 5.144169e-03
  2 (restart 0) KSP residual norm 6.615218e-04
  3 (restart 0) KSP residual norm 1.668606e-04
  4 (restart 0) KSP residual norm 4.339553e-05
  5 (restart 0) KSP residual norm 1.333865e-05
  6 (restart 0) KSP residual norm 4.602328e-06
  7 (restart 0) KSP residual norm 1.775221e-06
  8 (restart 0) KSP residual norm 7.241368e-07
  9 (restart 0) KSP residual norm 2.865683e-07
 10 (restart 0) KSP residual norm 1.288388e-07
 11 (restart 0) KSP residual norm 5.932339e-08
 12 (restart 0) KSP residual norm 2.714836e-08
 13 (restart 0) KSP residual norm 1.314238e-08
 14 (restart 0) KSP residual norm 5.978706e-09
 15 (restart 0) KSP residual norm 2.837330e-09
 16 (restart 0) KSP residual norm 1.336809e-09
 17 (restart 0) KSP residual norm 6.655149e-10
 18 (restart 0) KSP residual norm 3.586762e-10
GMRES solver converged in 18 iterations (avg. reduction factor: 3.515e-01)
  Residual norms for GMRES solve
  0 (restart 0) KSP residual norm 4.467000e-02
  1 (restart 0) KSP residual norm 4.357357e-03
  2 (restart 0) KSP residual norm 5.930187e-04
  3 (restart 0) KSP residual norm 1.414302e-04
  4 (restart 0) KSP residual norm 3.677067e-05
  5 (restart 0) KSP residual norm 1.216210e-05
  6 (restart 0) KSP residual norm 4.370008e-06
  7 (restart 0) KSP residual norm 1.704366e-06
  8 (restart 0) KSP residual norm 6.615642e-07
  9 (restart 0) KSP residual norm 2.584090e-07
 10 (restart 0) KSP residual norm 1.185214e-07
 11 (restart 0) KSP residual norm 5.515161e-08
 12 (restart 0) KSP residual norm 2.632438e-08
 13 (restart 0) KSP residual norm 1.358775e-08
 14 (restart 0) KSP residual norm 6.456649e-09
 15 (restart 0) KSP residual norm 2.889582e-09
 16 (restart 0) KSP residual norm 1.435506e-09
 17 (restart 0) KSP residual norm 7.400091e-10
 18 (restart 0) KSP residual norm 3.834658e-10
GMRES solver converged in 18 iterations (avg. reduction factor: 3.563e-01)
  Residual norms for GMRES solve
  0 (restart 0) KSP residual norm 1.400081e-01
  1 (restart 0) KSP residual norm 6.378205e-03
  2 (restart 0) KSP residual norm 7.255444e-04
  3 (restart 0) KSP residual norm 1.639760e-04
  4 (restart 0) KSP residual norm 4.518987e-05
  5 (restart 0) KSP residual norm 1.479052e-05
  6 (restart 0) KSP residual norm 5.378971e-06
  7 (restart 0) KSP residual norm 1.857246e-06
  8 (restart 0) KSP residual norm 7.146350e-07
  9 (restart 0) KSP residual norm 2.981971e-07
 10 (restart 0) KSP residual norm 1.391890e-07
 11 (restart 0) KSP residual norm 6.806497e-08
 12 (restart 0) KSP residual norm 3.247130e-08
 13 (restart 0) KSP residual norm 1.646214e-08
 14 (restart 0) KSP residual norm 7.610917e-09
 15 (restart 0) KSP residual norm 3.178311e-09
 16 (restart 0) KSP residual norm 1.558800e-09
 17 (restart 0) KSP residual norm 7.961815e-10
GMRES solver converged in 17 iterations (avg. reduction factor: 3.273e-01)
  2 EPS nconv=16 first unconverged value (error) 0.00317705+5.80003e-11i (2.30892303e-06)
  Residual norms for GMRES solve
  0 (restart 0) KSP residual norm 6.891469e-02
  1 (restart 0) KSP residual norm 8.866515e-03
  2 (restart 0) KSP residual norm 8.473755e-04
  3 (restart 0) KSP residual norm 1.893044e-04
  4 (restart 0) KSP residual norm 4.602616e-05
  5 (restart 0) KSP residual norm 1.324224e-05
  6 (restart 0) KSP residual norm 4.492765e-06
  7 (restart 0) KSP residual norm 1.672045e-06
  8 (restart 0) KSP residual norm 7.308824e-07
  9 (restart 0) KSP residual norm 2.997568e-07
 10 (restart 0) KSP residual norm 1.148400e-07
 11 (restart 0) KSP residual norm 5.212425e-08
 12 (restart 0) KSP residual norm 2.376709e-08
 13 (restart 0) KSP residual norm 1.170271e-08
 14 (restart 0) KSP residual norm 6.307036e-09
 15 (restart 0) KSP residual norm 3.153401e-09
 16 (restart 0) KSP residual norm 1.484738e-09
 17 (restart 0) KSP residual norm 7.639464e-10
 18 (restart 0) KSP residual norm 3.917840e-10
GMRES solver converged in 18 iterations (avg. reduction factor: 3.483e-01)
  Residual norms for GMRES solve
  0 (restart 0) KSP residual norm 3.588818e-02
  1 (restart 0) KSP residual norm 5.939535e-03
  2 (restart 0) KSP residual norm 6.098215e-04
  3 (restart 0) KSP residual norm 1.422762e-04
  4 (restart 0) KSP residual norm 3.463404e-05
  5 (restart 0) KSP residual norm 9.870696e-06
  6 (restart 0) KSP residual norm 3.484047e-06
  7 (restart 0) KSP residual norm 1.279368e-06
  8 (restart 0) KSP residual norm 5.647864e-07
  9 (restart 0) KSP residual norm 2.647717e-07
 10 (restart 0) KSP residual norm 1.252157e-07
 11 (restart 0) KSP residual norm 5.979897e-08
 12 (restart 0) KSP residual norm 2.754349e-08
 13 (restart 0) KSP residual norm 1.256127e-08
 14 (restart 0) KSP residual norm 5.976754e-09
 15 (restart 0) KSP residual norm 2.825542e-09
 16 (restart 0) KSP residual norm 1.445378e-09
 17 (restart 0) KSP residual norm 8.083182e-10
 18 (restart 0) KSP residual norm 4.126666e-10
 19 (restart 0) KSP residual norm 1.996854e-10
GMRES solver converged in 19 iterations (avg. reduction factor: 3.677e-01)
  Residual norms for GMRES solve
  0 (restart 0) KSP residual norm 8.361311e-02
  1 (restart 0) KSP residual norm 4.780679e-03
  2 (restart 0) KSP residual norm 6.405401e-04
  3 (restart 0) KSP residual norm 1.425670e-04
  4 (restart 0) KSP residual norm 3.539694e-05
  5 (restart 0) KSP residual norm 9.976289e-06
  6 (restart 0) KSP residual norm 3.255535e-06
  7 (restart 0) KSP residual norm 1.296123e-06
  8 (restart 0) KSP residual norm 5.540067e-07
  9 (restart 0) KSP residual norm 2.312406e-07
 10 (restart 0) KSP residual norm 1.025915e-07
 11 (restart 0) KSP residual norm 5.050586e-08
 12 (restart 0) KSP residual norm 2.451171e-08
 13 (restart 0) KSP residual norm 1.234423e-08
 14 (restart 0) KSP residual norm 6.181151e-09
 15 (restart 0) KSP residual norm 3.042075e-09
 16 (restart 0) KSP residual norm 1.536344e-09
 17 (restart 0) KSP residual norm 7.780406e-10
GMRES solver converged in 17 iterations (avg. reduction factor: 3.370e-01)
  Residual norms for GMRES solve
  0 (restart 0) KSP residual norm 7.861523e-02
  1 (restart 0) KSP residual norm 4.787063e-03
  2 (restart 0) KSP residual norm 6.063014e-04
  3 (restart 0) KSP residual norm 1.454812e-04
  4 (restart 0) KSP residual norm 3.806150e-05
  5 (restart 0) KSP residual norm 1.192718e-05
  6 (restart 0) KSP residual norm 4.343286e-06
  7 (restart 0) KSP residual norm 1.554535e-06
  8 (restart 0) KSP residual norm 5.870684e-07
  9 (restart 0) KSP residual norm 2.389991e-07
 10 (restart 0) KSP residual norm 1.042745e-07
 11 (restart 0) KSP residual norm 4.919456e-08
 12 (restart 0) KSP residual norm 2.500722e-08
 13 (restart 0) KSP residual norm 1.264973e-08
 14 (restart 0) KSP residual norm 6.049546e-09
 15 (restart 0) KSP residual norm 2.924138e-09
 16 (restart 0) KSP residual norm 1.537451e-09
 17 (restart 0) KSP residual norm 8.036708e-10
 18 (restart 0) KSP residual norm 3.924963e-10
GMRES solver converged in 18 iterations (avg. reduction factor: 3.458e-01)
  Residual norms for GMRES solve
  0 (restart 0) KSP residual norm 8.776918e-02
  1 (restart 0) KSP residual norm 4.967719e-03
  2 (restart 0) KSP residual norm 6.259854e-04
  3 (restart 0) KSP residual norm 1.501805e-04
  4 (restart 0) KSP residual norm 4.185442e-05
  5 (restart 0) KSP residual norm 1.360481e-05
  6 (restart 0) KSP residual norm 5.097230e-06
  7 (restart 0) KSP residual norm 1.911031e-06
  8 (restart 0) KSP residual norm 7.865188e-07
  9 (restart 0) KSP residual norm 3.510618e-07
 10 (restart 0) KSP residual norm 1.595476e-07
 11 (restart 0) KSP residual norm 7.292979e-08
 12 (restart 0) KSP residual norm 3.380640e-08
 13 (restart 0) KSP residual norm 1.626332e-08
 14 (restart 0) KSP residual norm 7.445668e-09
 15 (restart 0) KSP residual norm 3.310856e-09
 16 (restart 0) KSP residual norm 1.662222e-09
 17 (restart 0) KSP residual norm 8.710840e-10
GMRES solver converged in 17 iterations (avg. reduction factor: 3.382e-01)
  Residual norms for GMRES solve
  0 (restart 0) KSP residual norm 4.210549e-02
  1 (restart 0) KSP residual norm 4.803531e-03
  2 (restart 0) KSP residual norm 6.322129e-04
  3 (restart 0) KSP residual norm 1.604454e-04
  4 (restart 0) KSP residual norm 3.949458e-05
  5 (restart 0) KSP residual norm 1.121461e-05
  6 (restart 0) KSP residual norm 3.794439e-06
  7 (restart 0) KSP residual norm 1.527918e-06
  8 (restart 0) KSP residual norm 6.031671e-07
  9 (restart 0) KSP residual norm 2.584207e-07
 10 (restart 0) KSP residual norm 1.217664e-07
 11 (restart 0) KSP residual norm 5.925389e-08
 12 (restart 0) KSP residual norm 2.764335e-08
 13 (restart 0) KSP residual norm 1.361819e-08
 14 (restart 0) KSP residual norm 6.439752e-09
 15 (restart 0) KSP residual norm 2.923942e-09
 16 (restart 0) KSP residual norm 1.461780e-09
 17 (restart 0) KSP residual norm 7.774338e-10
 18 (restart 0) KSP residual norm 4.114843e-10
GMRES solver converged in 18 iterations (avg. reduction factor: 3.589e-01)
  Residual norms for GMRES solve
  0 (restart 0) KSP residual norm 6.131816e-02
  1 (restart 0) KSP residual norm 5.274658e-03
  2 (restart 0) KSP residual norm 6.759897e-04
  3 (restart 0) KSP residual norm 1.554639e-04
  4 (restart 0) KSP residual norm 3.878475e-05
  5 (restart 0) KSP residual norm 1.188060e-05
  6 (restart 0) KSP residual norm 3.981467e-06
  7 (restart 0) KSP residual norm 1.605746e-06
  8 (restart 0) KSP residual norm 6.332337e-07
  9 (restart 0) KSP residual norm 2.554492e-07
 10 (restart 0) KSP residual norm 1.103330e-07
 11 (restart 0) KSP residual norm 5.339517e-08
 12 (restart 0) KSP residual norm 2.588810e-08
 13 (restart 0) KSP residual norm 1.213188e-08
 14 (restart 0) KSP residual norm 6.010536e-09
 15 (restart 0) KSP residual norm 3.003176e-09
 16 (restart 0) KSP residual norm 1.500654e-09
 17 (restart 0) KSP residual norm 7.596695e-10
 18 (restart 0) KSP residual norm 3.901576e-10
GMRES solver converged in 18 iterations (avg. reduction factor: 3.505e-01)
  Residual norms for GMRES solve
  0 (restart 0) KSP residual norm 4.958555e-02
  1 (restart 0) KSP residual norm 4.456449e-03
  2 (restart 0) KSP residual norm 6.025210e-04
  3 (restart 0) KSP residual norm 1.432279e-04
  4 (restart 0) KSP residual norm 3.739036e-05
  5 (restart 0) KSP residual norm 1.078213e-05
  6 (restart 0) KSP residual norm 3.656982e-06
  7 (restart 0) KSP residual norm 1.532716e-06
  8 (restart 0) KSP residual norm 6.055444e-07
  9 (restart 0) KSP residual norm 2.537918e-07
 10 (restart 0) KSP residual norm 1.132528e-07
 11 (restart 0) KSP residual norm 5.099683e-08
 12 (restart 0) KSP residual norm 2.316852e-08
 13 (restart 0) KSP residual norm 1.149925e-08
 14 (restart 0) KSP residual norm 5.924195e-09
 15 (restart 0) KSP residual norm 2.946442e-09
 16 (restart 0) KSP residual norm 1.464277e-09
 17 (restart 0) KSP residual norm 7.259830e-10
 18 (restart 0) KSP residual norm 3.867232e-10
GMRES solver converged in 18 iterations (avg. reduction factor: 3.545e-01)
  Residual norms for GMRES solve
  0 (restart 0) KSP residual norm 4.792214e-02
  1 (restart 0) KSP residual norm 4.303031e-03
  2 (restart 0) KSP residual norm 5.763128e-04
  3 (restart 0) KSP residual norm 1.422915e-04
  4 (restart 0) KSP residual norm 3.553840e-05
  5 (restart 0) KSP residual norm 1.081781e-05
  6 (restart 0) KSP residual norm 3.802045e-06
  7 (restart 0) KSP residual norm 1.372770e-06
  8 (restart 0) KSP residual norm 5.435547e-07
  9 (restart 0) KSP residual norm 2.335879e-07
 10 (restart 0) KSP residual norm 1.105946e-07
 11 (restart 0) KSP residual norm 5.373228e-08
 12 (restart 0) KSP residual norm 2.377708e-08
 13 (restart 0) KSP residual norm 1.086367e-08
 14 (restart 0) KSP residual norm 5.014965e-09
 15 (restart 0) KSP residual norm 2.219627e-09
 16 (restart 0) KSP residual norm 1.021956e-09
 17 (restart 0) KSP residual norm 5.058637e-10
 18 (restart 0) KSP residual norm 2.640795e-10
GMRES solver converged in 18 iterations (avg. reduction factor: 3.477e-01)
  Residual norms for GMRES solve
  0 (restart 0) KSP residual norm 1.074801e-01
  1 (restart 0) KSP residual norm 5.204470e-03
  2 (restart 0) KSP residual norm 6.738257e-04
  3 (restart 0) KSP residual norm 1.600370e-04
  4 (restart 0) KSP residual norm 4.330905e-05
  5 (restart 0) KSP residual norm 1.411688e-05
  6 (restart 0) KSP residual norm 4.888174e-06
  7 (restart 0) KSP residual norm 1.964179e-06
  8 (restart 0) KSP residual norm 7.785085e-07
  9 (restart 0) KSP residual norm 3.047447e-07
 10 (restart 0) KSP residual norm 1.323426e-07
 11 (restart 0) KSP residual norm 6.050270e-08
 12 (restart 0) KSP residual norm 2.716228e-08
 13 (restart 0) KSP residual norm 1.338675e-08
 14 (restart 0) KSP residual norm 6.646164e-09
 15 (restart 0) KSP residual norm 3.002995e-09
 16 (restart 0) KSP residual norm 1.395044e-09
 17 (restart 0) KSP residual norm 6.586753e-10
GMRES solver converged in 17 iterations (avg. reduction factor: 3.288e-01)
  Residual norms for GMRES solve
  0 (restart 0) KSP residual norm 3.444500e-02
  1 (restart 0) KSP residual norm 4.503530e-03
  2 (restart 0) KSP residual norm 5.973076e-04
  3 (restart 0) KSP residual norm 1.349915e-04
  4 (restart 0) KSP residual norm 3.549528e-05
  5 (restart 0) KSP residual norm 1.110471e-05
  6 (restart 0) KSP residual norm 3.765416e-06
  7 (restart 0) KSP residual norm 1.488660e-06
  8 (restart 0) KSP residual norm 6.134584e-07
  9 (restart 0) KSP residual norm 2.540018e-07
 10 (restart 0) KSP residual norm 1.092935e-07
 11 (restart 0) KSP residual norm 5.227135e-08
 12 (restart 0) KSP residual norm 2.418045e-08
 13 (restart 0) KSP residual norm 1.105250e-08
 14 (restart 0) KSP residual norm 5.319449e-09
 15 (restart 0) KSP residual norm 2.387687e-09
 16 (restart 0) KSP residual norm 1.162371e-09
 17 (restart 0) KSP residual norm 6.012612e-10
 18 (restart 0) KSP residual norm 2.939350e-10
GMRES solver converged in 18 iterations (avg. reduction factor: 3.562e-01)
  Residual norms for GMRES solve
  0 (restart 0) KSP residual norm 3.321275e-02
  1 (restart 0) KSP residual norm 4.674181e-03
  2 (restart 0) KSP residual norm 7.383204e-04
  3 (restart 0) KSP residual norm 1.773887e-04
  4 (restart 0) KSP residual norm 5.180212e-05
  5 (restart 0) KSP residual norm 1.690290e-05
  6 (restart 0) KSP residual norm 6.111611e-06
  7 (restart 0) KSP residual norm 2.273338e-06
  8 (restart 0) KSP residual norm 8.473017e-07
  9 (restart 0) KSP residual norm 3.196586e-07
 10 (restart 0) KSP residual norm 1.329568e-07
 11 (restart 0) KSP residual norm 5.782913e-08
 12 (restart 0) KSP residual norm 2.571129e-08
 13 (restart 0) KSP residual norm 1.305921e-08
 14 (restart 0) KSP residual norm 6.218313e-09
 15 (restart 0) KSP residual norm 2.661774e-09
 16 (restart 0) KSP residual norm 1.252337e-09
 17 (restart 0) KSP residual norm 6.434546e-10
 18 (restart 0) KSP residual norm 2.934454e-10
GMRES solver converged in 18 iterations (avg. reduction factor: 3.569e-01)
  Residual norms for GMRES solve
  0 (restart 0) KSP residual norm 4.702703e-02
  1 (restart 0) KSP residual norm 4.099632e-03
  2 (restart 0) KSP residual norm 6.302718e-04
  3 (restart 0) KSP residual norm 1.623734e-04
  4 (restart 0) KSP residual norm 4.958838e-05
  5 (restart 0) KSP residual norm 1.613317e-05
  6 (restart 0) KSP residual norm 5.759851e-06
  7 (restart 0) KSP residual norm 2.087277e-06
  8 (restart 0) KSP residual norm 7.947192e-07
  9 (restart 0) KSP residual norm 3.084741e-07
 10 (restart 0) KSP residual norm 1.345217e-07
 11 (restart 0) KSP residual norm 6.080416e-08
 12 (restart 0) KSP residual norm 2.835561e-08
 13 (restart 0) KSP residual norm 1.455574e-08
 14 (restart 0) KSP residual norm 6.840888e-09
 15 (restart 0) KSP residual norm 3.023463e-09
 16 (restart 0) KSP residual norm 1.477480e-09
 17 (restart 0) KSP residual norm 7.550472e-10
 18 (restart 0) KSP residual norm 3.725386e-10
GMRES solver converged in 18 iterations (avg. reduction factor: 3.548e-01)
  Residual norms for GMRES solve
  0 (restart 0) KSP residual norm 3.359353e-02
  1 (restart 0) KSP residual norm 4.605461e-03
  2 (restart 0) KSP residual norm 6.638630e-04
  3 (restart 0) KSP residual norm 1.632203e-04
  4 (restart 0) KSP residual norm 4.132301e-05
  5 (restart 0) KSP residual norm 1.156238e-05
  6 (restart 0) KSP residual norm 3.862014e-06
  7 (restart 0) KSP residual norm 1.501735e-06
  8 (restart 0) KSP residual norm 6.110186e-07
  9 (restart 0) KSP residual norm 2.563176e-07
 10 (restart 0) KSP residual norm 1.180628e-07
 11 (restart 0) KSP residual norm 5.799129e-08
 12 (restart 0) KSP residual norm 2.771824e-08
 13 (restart 0) KSP residual norm 1.349644e-08
 14 (restart 0) KSP residual norm 6.540131e-09
 15 (restart 0) KSP residual norm 2.878296e-09
 16 (restart 0) KSP residual norm 1.343065e-09
 17 (restart 0) KSP residual norm 7.171899e-10
 18 (restart 0) KSP residual norm 3.786144e-10
 19 (restart 0) KSP residual norm 1.949625e-10
GMRES solver converged in 19 iterations (avg. reduction factor: 3.686e-01)
  3 EPS nconv=20 first unconverged value (error) 0.00333302+7.55837e-13i (2.80709409e-08)
  Residual norms for GMRES solve
  0 (restart 0) KSP residual norm 1.483241e-01
  1 (restart 0) KSP residual norm 5.503838e-03
  2 (restart 0) KSP residual norm 7.285029e-04
  3 (restart 0) KSP residual norm 1.832449e-04
  4 (restart 0) KSP residual norm 4.688851e-05
  5 (restart 0) KSP residual norm 1.532573e-05
  6 (restart 0) KSP residual norm 5.392998e-06
  7 (restart 0) KSP residual norm 2.093048e-06
  8 (restart 0) KSP residual norm 8.374745e-07
  9 (restart 0) KSP residual norm 3.291738e-07
 10 (restart 0) KSP residual norm 1.439981e-07
 11 (restart 0) KSP residual norm 6.343401e-08
 12 (restart 0) KSP residual norm 2.821819e-08
 13 (restart 0) KSP residual norm 1.419073e-08
 14 (restart 0) KSP residual norm 7.072386e-09
 15 (restart 0) KSP residual norm 3.373424e-09
 16 (restart 0) KSP residual norm 1.715442e-09
 17 (restart 0) KSP residual norm 8.501388e-10
GMRES solver converged in 17 iterations (avg. reduction factor: 3.275e-01)
  Residual norms for GMRES solve
  0 (restart 0) KSP residual norm 6.096053e-02
  1 (restart 0) KSP residual norm 5.074592e-03
  2 (restart 0) KSP residual norm 6.206627e-04
  3 (restart 0) KSP residual norm 1.540294e-04
  4 (restart 0) KSP residual norm 3.747138e-05
  5 (restart 0) KSP residual norm 1.127525e-05
  6 (restart 0) KSP residual norm 3.857961e-06
  7 (restart 0) KSP residual norm 1.599735e-06
  8 (restart 0) KSP residual norm 6.877929e-07
  9 (restart 0) KSP residual norm 2.726037e-07
 10 (restart 0) KSP residual norm 1.239920e-07
 11 (restart 0) KSP residual norm 6.281378e-08
 12 (restart 0) KSP residual norm 2.867715e-08
 13 (restart 0) KSP residual norm 1.393503e-08
 14 (restart 0) KSP residual norm 6.590981e-09
 15 (restart 0) KSP residual norm 3.033837e-09
 16 (restart 0) KSP residual norm 1.518243e-09
 17 (restart 0) KSP residual norm 7.980219e-10
 18 (restart 0) KSP residual norm 4.075954e-10
GMRES solver converged in 18 iterations (avg. reduction factor: 3.514e-01)
  Residual norms for GMRES solve
  0 (restart 0) KSP residual norm 3.262988e-02
  1 (restart 0) KSP residual norm 4.199405e-03
  2 (restart 0) KSP residual norm 6.247449e-04
  3 (restart 0) KSP residual norm 1.637255e-04
  4 (restart 0) KSP residual norm 4.596093e-05
  5 (restart 0) KSP residual norm 1.442253e-05
  6 (restart 0) KSP residual norm 5.189126e-06
  7 (restart 0) KSP residual norm 1.836604e-06
  8 (restart 0) KSP residual norm 6.560593e-07
  9 (restart 0) KSP residual norm 2.585615e-07
 10 (restart 0) KSP residual norm 1.249177e-07
 11 (restart 0) KSP residual norm 5.896983e-08
 12 (restart 0) KSP residual norm 2.747646e-08
 13 (restart 0) KSP residual norm 1.321596e-08
 14 (restart 0) KSP residual norm 6.057398e-09
 15 (restart 0) KSP residual norm 2.809819e-09
 16 (restart 0) KSP residual norm 1.474457e-09
 17 (restart 0) KSP residual norm 8.038910e-10
 18 (restart 0) KSP residual norm 4.256797e-10
 19 (restart 0) KSP residual norm 2.084059e-10
GMRES solver converged in 19 iterations (avg. reduction factor: 3.704e-01)
  Residual norms for GMRES solve
  0 (restart 0) KSP residual norm 1.398628e-01
  1 (restart 0) KSP residual norm 5.540047e-03
  2 (restart 0) KSP residual norm 6.991542e-04
  3 (restart 0) KSP residual norm 1.668106e-04
  4 (restart 0) KSP residual norm 4.260787e-05
  5 (restart 0) KSP residual norm 1.264990e-05
  6 (restart 0) KSP residual norm 4.317706e-06
  7 (restart 0) KSP residual norm 1.726442e-06
  8 (restart 0) KSP residual norm 6.530917e-07
  9 (restart 0) KSP residual norm 2.710898e-07
 10 (restart 0) KSP residual norm 1.270635e-07
 11 (restart 0) KSP residual norm 6.245116e-08
 12 (restart 0) KSP residual norm 2.983879e-08
 13 (restart 0) KSP residual norm 1.468072e-08
 14 (restart 0) KSP residual norm 6.445199e-09
 15 (restart 0) KSP residual norm 2.850761e-09
 16 (restart 0) KSP residual norm 1.306846e-09
GMRES solver converged in 16 iterations (avg. reduction factor: 3.149e-01)
  Residual norms for GMRES solve
  0 (restart 0) KSP residual norm 7.326433e-02
  1 (restart 0) KSP residual norm 4.895818e-03
  2 (restart 0) KSP residual norm 6.323970e-04
  3 (restart 0) KSP residual norm 1.618128e-04
  4 (restart 0) KSP residual norm 4.094848e-05
  5 (restart 0) KSP residual norm 1.212329e-05
  6 (restart 0) KSP residual norm 3.800518e-06
  7 (restart 0) KSP residual norm 1.442229e-06
  8 (restart 0) KSP residual norm 6.155004e-07
  9 (restart 0) KSP residual norm 2.653209e-07
 10 (restart 0) KSP residual norm 1.232041e-07
 11 (restart 0) KSP residual norm 6.172643e-08
 12 (restart 0) KSP residual norm 2.779024e-08
 13 (restart 0) KSP residual norm 1.264530e-08
 14 (restart 0) KSP residual norm 6.168971e-09
 15 (restart 0) KSP residual norm 2.987469e-09
 16 (restart 0) KSP residual norm 1.567327e-09
 17 (restart 0) KSP residual norm 8.706318e-10
 18 (restart 0) KSP residual norm 4.236776e-10
GMRES solver converged in 18 iterations (avg. reduction factor: 3.486e-01)
  Residual norms for GMRES solve
  0 (restart 0) KSP residual norm 2.012510e-01
  1 (restart 0) KSP residual norm 5.564402e-03
  2 (restart 0) KSP residual norm 7.056586e-04
  3 (restart 0) KSP residual norm 1.760192e-04
  4 (restart 0) KSP residual norm 4.358295e-05
  5 (restart 0) KSP residual norm 1.403867e-05
  6 (restart 0) KSP residual norm 4.832537e-06
  7 (restart 0) KSP residual norm 1.939735e-06
  8 (restart 0) KSP residual norm 8.172703e-07
  9 (restart 0) KSP residual norm 3.170251e-07
 10 (restart 0) KSP residual norm 1.283659e-07
 11 (restart 0) KSP residual norm 5.493491e-08
 12 (restart 0) KSP residual norm 2.490331e-08
 13 (restart 0) KSP residual norm 1.135911e-08
 14 (restart 0) KSP residual norm 5.999642e-09
 15 (restart 0) KSP residual norm 2.990840e-09
 16 (restart 0) KSP residual norm 1.417495e-09
GMRES solver converged in 16 iterations (avg. reduction factor: 3.094e-01)
  Residual norms for GMRES solve
  0 (restart 0) KSP residual norm 6.229650e-02
  1 (restart 0) KSP residual norm 4.265596e-03
  2 (restart 0) KSP residual norm 5.801451e-04
  3 (restart 0) KSP residual norm 1.396221e-04
  4 (restart 0) KSP residual norm 3.395112e-05
  5 (restart 0) KSP residual norm 1.097331e-05
  6 (restart 0) KSP residual norm 3.753942e-06
  7 (restart 0) KSP residual norm 1.500519e-06
  8 (restart 0) KSP residual norm 6.044967e-07
  9 (restart 0) KSP residual norm 2.563311e-07
 10 (restart 0) KSP residual norm 1.179692e-07
 11 (restart 0) KSP residual norm 5.841857e-08
 12 (restart 0) KSP residual norm 2.717706e-08
 13 (restart 0) KSP residual norm 1.225303e-08
 14 (restart 0) KSP residual norm 5.852070e-09
 15 (restart 0) KSP residual norm 2.772316e-09
 16 (restart 0) KSP residual norm 1.441603e-09
 17 (restart 0) KSP residual norm 7.669014e-10
 18 (restart 0) KSP residual norm 3.892456e-10
GMRES solver converged in 18 iterations (avg. reduction factor: 3.501e-01)
  Residual norms for GMRES solve
  0 (restart 0) KSP residual norm 4.004995e-02
  1 (restart 0) KSP residual norm 4.426613e-03
  2 (restart 0) KSP residual norm 5.890741e-04
  3 (restart 0) KSP residual norm 1.380332e-04
  4 (restart 0) KSP residual norm 3.586903e-05
  5 (restart 0) KSP residual norm 1.121942e-05
  6 (restart 0) KSP residual norm 3.796332e-06
  7 (restart 0) KSP residual norm 1.419693e-06
  8 (restart 0) KSP residual norm 4.995720e-07
  9 (restart 0) KSP residual norm 1.943055e-07
 10 (restart 0) KSP residual norm 8.369453e-08
 11 (restart 0) KSP residual norm 3.891981e-08
 12 (restart 0) KSP residual norm 1.728383e-08
 13 (restart 0) KSP residual norm 8.594855e-09
 14 (restart 0) KSP residual norm 4.577421e-09
 15 (restart 0) KSP residual norm 2.339555e-09
 16 (restart 0) KSP residual norm 1.223205e-09
 17 (restart 0) KSP residual norm 6.220693e-10
 18 (restart 0) KSP residual norm 2.957504e-10
GMRES solver converged in 18 iterations (avg. reduction factor: 3.534e-01)
  Residual norms for GMRES solve
  0 (restart 0) KSP residual norm 1.369948e-01
  1 (restart 0) KSP residual norm 5.117148e-03
  2 (restart 0) KSP residual norm 6.599921e-04
  3 (restart 0) KSP residual norm 1.515651e-04
  4 (restart 0) KSP residual norm 4.022978e-05
  5 (restart 0) KSP residual norm 1.263561e-05
  6 (restart 0) KSP residual norm 4.390471e-06
  7 (restart 0) KSP residual norm 1.688164e-06
  8 (restart 0) KSP residual norm 6.647151e-07
  9 (restart 0) KSP residual norm 2.731553e-07
 10 (restart 0) KSP residual norm 1.196759e-07
 11 (restart 0) KSP residual norm 5.767035e-08
 12 (restart 0) KSP residual norm 2.817475e-08
 13 (restart 0) KSP residual norm 1.297623e-08
 14 (restart 0) KSP residual norm 5.975767e-09
 15 (restart 0) KSP residual norm 2.521647e-09
 16 (restart 0) KSP residual norm 1.165339e-09
GMRES solver converged in 16 iterations (avg. reduction factor: 3.130e-01)
  Residual norms for GMRES solve
  0 (restart 0) KSP residual norm 6.514818e-02
  1 (restart 0) KSP residual norm 4.828609e-03
  2 (restart 0) KSP residual norm 6.485883e-04
  3 (restart 0) KSP residual norm 1.587927e-04
  4 (restart 0) KSP residual norm 4.271064e-05
  5 (restart 0) KSP residual norm 1.291048e-05
  6 (restart 0) KSP residual norm 4.609537e-06
  7 (restart 0) KSP residual norm 1.790900e-06
  8 (restart 0) KSP residual norm 6.921624e-07
  9 (restart 0) KSP residual norm 2.970414e-07
 10 (restart 0) KSP residual norm 1.353450e-07
 11 (restart 0) KSP residual norm 6.462758e-08
 12 (restart 0) KSP residual norm 2.969012e-08
 13 (restart 0) KSP residual norm 1.443094e-08
 14 (restart 0) KSP residual norm 6.758995e-09
 15 (restart 0) KSP residual norm 2.993337e-09
 16 (restart 0) KSP residual norm 1.411424e-09
 17 (restart 0) KSP residual norm 7.347565e-10
 18 (restart 0) KSP residual norm 3.822645e-10
GMRES solver converged in 18 iterations (avg. reduction factor: 3.489e-01)
  Residual norms for GMRES solve
  0 (restart 0) KSP residual norm 8.902798e-02
  1 (restart 0) KSP residual norm 4.559369e-03
  2 (restart 0) KSP residual norm 6.164749e-04
  3 (restart 0) KSP residual norm 1.607393e-04
  4 (restart 0) KSP residual norm 4.574138e-05
  5 (restart 0) KSP residual norm 1.387944e-05
  6 (restart 0) KSP residual norm 4.771911e-06
  7 (restart 0) KSP residual norm 1.846494e-06
  8 (restart 0) KSP residual norm 7.702795e-07
  9 (restart 0) KSP residual norm 3.341646e-07
 10 (restart 0) KSP residual norm 1.546323e-07
 11 (restart 0) KSP residual norm 7.269691e-08
 12 (restart 0) KSP residual norm 3.247079e-08
 13 (restart 0) KSP residual norm 1.476954e-08
 14 (restart 0) KSP residual norm 6.632686e-09
 15 (restart 0) KSP residual norm 2.893743e-09
 16 (restart 0) KSP residual norm 1.390688e-09
 17 (restart 0) KSP residual norm 7.210619e-10
GMRES solver converged in 17 iterations (avg. reduction factor: 3.342e-01)
  Residual norms for GMRES solve
  0 (restart 0) KSP residual norm 4.577490e-02
  1 (restart 0) KSP residual norm 4.586037e-03
  2 (restart 0) KSP residual norm 6.064725e-04
  3 (restart 0) KSP residual norm 1.489842e-04
  4 (restart 0) KSP residual norm 3.763839e-05
  5 (restart 0) KSP residual norm 1.068973e-05
  6 (restart 0) KSP residual norm 3.613881e-06
  7 (restart 0) KSP residual norm 1.409288e-06
  8 (restart 0) KSP residual norm 5.427013e-07
  9 (restart 0) KSP residual norm 2.396594e-07
 10 (restart 0) KSP residual norm 1.094049e-07
 11 (restart 0) KSP residual norm 5.250826e-08
 12 (restart 0) KSP residual norm 2.536229e-08
 13 (restart 0) KSP residual norm 1.151575e-08
 14 (restart 0) KSP residual norm 5.200355e-09
 15 (restart 0) KSP residual norm 2.372800e-09
 16 (restart 0) KSP residual norm 1.184320e-09
 17 (restart 0) KSP residual norm 6.374710e-10
 18 (restart 0) KSP residual norm 3.304295e-10
GMRES solver converged in 18 iterations (avg. reduction factor: 3.529e-01)
  4 EPS nconv=27 first unconverged value (error) 0.00432066-4.58981e-09i (1.10341424e-04)

 Linear eigensolve converged (27 eigenpairs) due to CONVERGED_TOL; iterations 4
 Total number of linear systems solved: 87
 Total number of linear solver iterations: 1504
 Found 27 converged eigenvalues (first = 3.259e+01+1.754e-10i)

Computing solution error estimates and performing postprocessing

     m,        Re{f} (GHz),        Im{f} (GHz),                  Q,      Error (Bkwd.),       Error (Abs.)
     1,      +1.111429e+00,      +2.990527e-12,      +1.858250e+11,      +3.063127e-11,      +6.884565e-07
     2,      +1.771092e+00,      +7.066930e-11,      +1.253084e+10,      +6.003789e-11,      +1.350347e-06
     3,      +1.771233e+00,      -7.014809e-11,      +1.262496e+10,      +5.284692e-11,      +1.188611e-06
     4,      +1.895588e+00,      +8.695697e-11,      +1.089957e+10,      +8.114283e-11,      +1.825341e-06
     5,      +1.895689e+00,      +2.737050e-10,      +3.463016e+09,      +8.608537e-11,      +1.936526e-06
     6,      +2.026034e+00,      -6.683280e-10,      +1.515748e+09,      +4.214529e-11,      +9.482566e-07
     7,      +2.205171e+00,      -2.679870e-10,      +4.114324e+09,      +1.356288e-10,      +3.052471e-06
     8,      +2.205695e+00,      +2.825449e-11,      +3.903265e+10,      +1.182839e-10,      +2.662108e-06
     9,      +2.373483e+00,      +6.445207e-10,      +1.841278e+09,      +1.034315e-10,      +2.328505e-06
    10,      +2.374246e+00,      -6.620970e-10,      +1.792974e+09,      +1.592905e-10,      +3.586039e-06
    11,      +2.450020e+00,      -6.234549e-10,      +1.964873e+09,      +1.290800e-10,      +2.906320e-06
    12,      +2.450539e+00,      +1.461918e-11,      +8.381245e+10,      +8.378549e-11,      +1.886486e-06
    13,      +2.452487e+00,      -4.704454e-10,      +2.606558e+09,      +1.910199e-10,      +4.300954e-06
    14,      +2.552159e+00,      -1.114106e-09,      +1.145384e+09,      +1.610499e-10,      +3.626833e-06
    15,      +2.576829e+00,      -9.864657e-10,      +1.306091e+09,      +2.210700e-10,      +4.978715e-06
    16,      +2.578829e+00,      -4.626677e-10,      +2.786913e+09,      +2.583785e-10,      +5.818962e-06
    17,      +2.915694e+00,      +4.104971e-10,      +3.551418e+09,      +2.215083e-10,      +4.992047e-06
    18,      +2.917560e+00,      -2.039348e-10,      +7.153167e+09,      +1.276995e-10,      +2.877927e-06
    19,      +2.948516e+00,      +9.445702e-11,      +1.560771e+10,      +2.874447e-10,      +6.478495e-06
    20,      +2.949855e+00,      -2.397850e-10,      +6.151040e+09,      +1.339157e-10,      +3.018233e-06
    21,      +2.986409e+00,      +2.349305e-11,      +6.355940e+10,      +2.327038e-10,      +5.245172e-06
    22,      +2.988048e+00,      +6.540586e-10,      +2.284236e+09,      +3.758962e-10,      +8.472777e-06
    23,      +2.993082e+00,      -3.862078e-10,      +3.874963e+09,      +1.212128e-10,      +2.732191e-06
    24,      +2.994630e+00,      +4.122393e-10,      +3.632150e+09,      +8.588040e-11,      +1.935790e-06
    25,      +3.065031e+00,      +1.236168e-09,      +1.239731e+09,      +2.138187e-10,      +4.820353e-06
    26,      +3.238677e+00,      -1.086040e-09,      +1.491049e+09,      +1.238060e-10,      +2.792234e-06
    27,      +3.246194e+00,      -4.567740e-10,      +3.553393e+09,      +2.271183e-10,      +5.122361e-06

Completed 0 iterations of adaptive mesh refinement (AMR):
 Indicator norm = 6.150e-02, global unknowns = 129308
 Max. iterations = 0, tol. = 1.000e-02

Estimated peak per-rank memory usage is: Min. 286.2M, Max. 305.6M, Avg. 299.1M, Total 1.2G
Estimated peak per-node memory usage is: Min. 1.2G, Max. 1.2G, Avg. 1.2G, Total 1.2G

Elapsed Time Report (s)           Min.        Max.        Avg.
==============================================================
Initialization                   0.139       0.313       0.267
  Mesh Preprocessing             0.255       0.422       0.297
Operator Construction            2.093       2.113       2.106
Linear Solve                   108.041     108.508     108.314
  Setup                          7.633       7.633       7.633
  Preconditioner              2276.967    2277.510    2277.222
  Coarse Solve                  37.716      38.564      38.080
Eigenvalue Solve                 7.215       7.261       7.235
Div.-Free Projection           156.507     156.555     156.534
Estimation                       1.590       1.832       1.709
  Construction                   2.897       2.897       2.897
  Solve                        438.809     438.915     438.857
Postprocessing                  10.135      10.271      10.210
Disk IO                          0.453       0.454       0.453
--------------------------------------------------------------
Total                         3053.193    3053.198    3053.196

Peak Memory                   Per-Node       Total   Total HWM
==============================================================
Initialization                    6.0M        6.0M        6.0M
  Mesh Preprocessing             18.0M       18.0M       24.0M
Operator Construction           161.6M      161.6M      185.6M
Linear Solve                    640.0K      640.0K      186.2M
  Setup                         209.0M      209.0M      395.2M
  Preconditioner                  5.5M        5.5M      400.7M
  Coarse Solve                  208.5M      208.5M      609.2M
Eigenvalue Solve                 90.8M       90.8M      700.0M
Div.-Free Projection             66.5M       66.5M      766.5M
Estimation                       63.1M       63.1M      829.6M
  Construction                   99.2M       99.2M      928.8M
  Solve                          66.5M       66.5M      995.3M
Postprocessing                   79.0M       79.0M        1.0G
Disk IO                          18.6M       18.6M        1.1G
--------------------------------------------------------------
Total                             1.1G        1.1G        1.1G

