>> /home/tanderson/.local/share/mamba/envs/emsim/bin/mpirun -n 4 /home/tanderson/.local/opt/palace/bin/palace-x86_64.bin e1cc_sf1p5.json

_____________     _______
_____   __   \____ __   /____ ____________
____   /_/  /  __ ` /  /  __ ` /  ___/  _ \
___   _____/  /_/  /  /  /_/  /  /__/  ___/
  /__/     \___,__/__/\___,__/\_____\_____/

Git changeset ID: 3c83b9d
Running with 4 MPI processes, 1 OpenMP thread
Device configuration: omp,cpu
Memory configuration: host-std
libCEED backend: /cpu/self/opt/blocked

Added 7651 boundary elements for material interfaces to the mesh

Characteristic length and time scales:
 Lc = 2.451e-01 m, tc = 8.174e-01 ns
Finished partitioning mesh into 4 subdomains

Mesh curvature order: 2
Mesh bounding box:
 (Xmin, Ymin, Zmin) = (-1.032e-01, -1.225e-01, -4.426e-02) m
 (Xmax, Ymax, Zmax) = (+1.032e-01, +1.225e-01, +4.426e-02) m

Parallel Mesh Stats:

                minimum     average     maximum       total
 vertices          1316        1745        2336        6982
 edges             9905       11099       12753       44398
 faces            17547       18226       19358       72904
 elements          8710        8871        8959       35487
 neighbors            2           2           3

            minimum     maximum
 h       0.00286572    0.149642
 kappa      1.03322     13.8315

Estimated current per-rank memory usage is: Min. 34.1M, Max. 58.6M, Avg. 40.3M, Total 161.2M
Estimated current per-node memory usage is: Min. 161.3M, Max. 161.3M, Avg. 161.3M, Total 161.3M

Configuring Dirichlet PEC BC at attributes:
 90

Assembling system matrices, number of global unknowns:
 H1 (p = 2): 51380, ND (p = 2): 234604, RT (p = 2): 325173
 Operator assembly level: Partial
 Mesh geometries:
  Tetrahedron: P = 20, Q = 14 (quadrature order = 4)

Configuring SLEPc eigenvalue solver:
 Scaling γ = 7.374e+04, δ = 1.173e-04
 Configuring divergence-free projection
 Using random starting vector
 Shift-and-invert σ = 1.050e+00 GHz (5.393e+00)

Assembling multigrid hierarchy:
 Level 0 (p = 1): 44398 unknowns
 Level 1 (p = 2): 234604 unknowns
 Level 0 (auxiliary) (p = 1): 6982 unknowns
 Level 1 (auxiliary) (p = 2): 51380 unknowns

#PETSc Option Table entries:
-eps_monitor # (source: code)
#End of PETSc Option Table entries

  Residual norms for GMRES solve
  0 (restart 0) KSP residual norm 1.300717e-02
  1 (restart 0) KSP residual norm 5.902438e-04
  2 (restart 0) KSP residual norm 5.938976e-05
  3 (restart 0) KSP residual norm 1.395959e-05
  4 (restart 0) KSP residual norm 3.430256e-06
  5 (restart 0) KSP residual norm 1.016344e-06
  6 (restart 0) KSP residual norm 3.538155e-07
  7 (restart 0) KSP residual norm 1.439125e-07
  8 (restart 0) KSP residual norm 6.165018e-08
  9 (restart 0) KSP residual norm 2.633919e-08
 10 (restart 0) KSP residual norm 1.291639e-08
 11 (restart 0) KSP residual norm 5.685999e-09
 12 (restart 0) KSP residual norm 2.362052e-09
 13 (restart 0) KSP residual norm 1.079101e-09
 14 (restart 0) KSP residual norm 4.885217e-10
 15 (restart 0) KSP residual norm 2.160369e-10
 16 (restart 0) KSP residual norm 9.467922e-11
GMRES solver converged in 16 iterations (avg. reduction factor: 3.100e-01)
  Residual norms for GMRES solve
  0 (restart 0) KSP residual norm 2.810558e+00
  1 (restart 0) KSP residual norm 3.270653e-02
  2 (restart 0) KSP residual norm 1.945722e-03
  3 (restart 0) KSP residual norm 3.886550e-04
  4 (restart 0) KSP residual norm 8.334486e-05
  5 (restart 0) KSP residual norm 2.460953e-05
  6 (restart 0) KSP residual norm 8.738918e-06
  7 (restart 0) KSP residual norm 3.910717e-06
  8 (restart 0) KSP residual norm 1.843980e-06
  9 (restart 0) KSP residual norm 7.936998e-07
 10 (restart 0) KSP residual norm 3.501887e-07
 11 (restart 0) KSP residual norm 1.430784e-07
 12 (restart 0) KSP residual norm 5.265287e-08
 13 (restart 0) KSP residual norm 1.959580e-08
GMRES solver converged in 13 iterations (avg. reduction factor: 2.358e-01)
  Residual norms for GMRES solve
  0 (restart 0) KSP residual norm 9.092846e-01
  1 (restart 0) KSP residual norm 1.669659e-02
  2 (restart 0) KSP residual norm 9.277133e-04
  3 (restart 0) KSP residual norm 1.731909e-04
  4 (restart 0) KSP residual norm 3.992204e-05
  5 (restart 0) KSP residual norm 1.041385e-05
  6 (restart 0) KSP residual norm 3.431240e-06
  7 (restart 0) KSP residual norm 1.485566e-06
  8 (restart 0) KSP residual norm 6.848441e-07
  9 (restart 0) KSP residual norm 3.080878e-07
 10 (restart 0) KSP residual norm 1.409939e-07
 11 (restart 0) KSP residual norm 5.687814e-08
 12 (restart 0) KSP residual norm 2.105506e-08
 13 (restart 0) KSP residual norm 7.776998e-09
GMRES solver converged in 13 iterations (avg. reduction factor: 2.395e-01)
  Residual norms for GMRES solve
  0 (restart 0) KSP residual norm 2.224197e-01
  1 (restart 0) KSP residual norm 1.888279e-02
  2 (restart 0) KSP residual norm 9.168552e-04
  3 (restart 0) KSP residual norm 1.418562e-04
  4 (restart 0) KSP residual norm 3.200064e-05
  5 (restart 0) KSP residual norm 7.902280e-06
  6 (restart 0) KSP residual norm 2.261450e-06
  7 (restart 0) KSP residual norm 7.306408e-07
  8 (restart 0) KSP residual norm 2.995552e-07
  9 (restart 0) KSP residual norm 1.427809e-07
 10 (restart 0) KSP residual norm 6.926331e-08
 11 (restart 0) KSP residual norm 3.129999e-08
 12 (restart 0) KSP residual norm 1.271186e-08
 13 (restart 0) KSP residual norm 4.684989e-09
 14 (restart 0) KSP residual norm 1.660066e-09
GMRES solver converged in 14 iterations (avg. reduction factor: 2.627e-01)
  Residual norms for GMRES solve
  0 (restart 0) KSP residual norm 4.869660e-01
  1 (restart 0) KSP residual norm 1.750393e-02
  2 (restart 0) KSP residual norm 7.975238e-04
  3 (restart 0) KSP residual norm 1.461739e-04
  4 (restart 0) KSP residual norm 3.227266e-05
  5 (restart 0) KSP residual norm 9.116090e-06
  6 (restart 0) KSP residual norm 3.001678e-06
  7 (restart 0) KSP residual norm 1.282519e-06
  8 (restart 0) KSP residual norm 6.303771e-07
  9 (restart 0) KSP residual norm 2.800026e-07
 10 (restart 0) KSP residual norm 1.234551e-07
 11 (restart 0) KSP residual norm 4.841028e-08
 12 (restart 0) KSP residual norm 1.792573e-08
 13 (restart 0) KSP residual norm 6.653985e-09
 14 (restart 0) KSP residual norm 2.755745e-09
GMRES solver converged in 14 iterations (avg. reduction factor: 2.576e-01)
  Residual norms for GMRES solve
  0 (restart 0) KSP residual norm 1.462068e-01
  1 (restart 0) KSP residual norm 1.431880e-02
  2 (restart 0) KSP residual norm 7.793075e-04
  3 (restart 0) KSP residual norm 1.339233e-04
  4 (restart 0) KSP residual norm 3.396522e-05
  5 (restart 0) KSP residual norm 8.327775e-06
  6 (restart 0) KSP residual norm 2.308487e-06
  7 (restart 0) KSP residual norm 6.905101e-07
  8 (restart 0) KSP residual norm 2.543318e-07
  9 (restart 0) KSP residual norm 1.080588e-07
 10 (restart 0) KSP residual norm 4.871860e-08
 11 (restart 0) KSP residual norm 2.378032e-08
 12 (restart 0) KSP residual norm 1.071837e-08
 13 (restart 0) KSP residual norm 4.359058e-09
 14 (restart 0) KSP residual norm 1.815674e-09
 15 (restart 0) KSP residual norm 8.288109e-10
GMRES solver converged in 15 iterations (avg. reduction factor: 2.820e-01)
  Residual norms for GMRES solve
  0 (restart 0) KSP residual norm 7.795287e-01
  1 (restart 0) KSP residual norm 1.720355e-02
  2 (restart 0) KSP residual norm 8.795433e-04
  3 (restart 0) KSP residual norm 1.639099e-04
  4 (restart 0) KSP residual norm 3.726305e-05
  5 (restart 0) KSP residual norm 1.036070e-05
  6 (restart 0) KSP residual norm 3.351541e-06
  7 (restart 0) KSP residual norm 1.321489e-06
  8 (restart 0) KSP residual norm 6.049576e-07
  9 (restart 0) KSP residual norm 2.725827e-07
 10 (restart 0) KSP residual norm 1.266537e-07
 11 (restart 0) KSP residual norm 5.552768e-08
 12 (restart 0) KSP residual norm 2.190387e-08
 13 (restart 0) KSP residual norm 8.112462e-09
 14 (restart 0) KSP residual norm 3.211319e-09
GMRES solver converged in 14 iterations (avg. reduction factor: 2.518e-01)
  Residual norms for GMRES solve
  0 (restart 0) KSP residual norm 4.763808e-01
  1 (restart 0) KSP residual norm 1.510285e-02
  2 (restart 0) KSP residual norm 7.515998e-04
  3 (restart 0) KSP residual norm 1.440295e-04
  4 (restart 0) KSP residual norm 3.222534e-05
  5 (restart 0) KSP residual norm 8.283057e-06
  6 (restart 0) KSP residual norm 2.835811e-06
  7 (restart 0) KSP residual norm 1.166794e-06
  8 (restart 0) KSP residual norm 5.742597e-07
  9 (restart 0) KSP residual norm 2.624379e-07
 10 (restart 0) KSP residual norm 1.173855e-07
 11 (restart 0) KSP residual norm 4.674177e-08
 12 (restart 0) KSP residual norm 1.775004e-08
 13 (restart 0) KSP residual norm 6.517346e-09
 14 (restart 0) KSP residual norm 2.532864e-09
GMRES solver converged in 14 iterations (avg. reduction factor: 2.564e-01)
  Residual norms for GMRES solve
  0 (restart 0) KSP residual norm 6.408331e-01
  1 (restart 0) KSP residual norm 1.546918e-02
  2 (restart 0) KSP residual norm 7.515763e-04
  3 (restart 0) KSP residual norm 1.553149e-04
  4 (restart 0) KSP residual norm 3.581670e-05
  5 (restart 0) KSP residual norm 9.243111e-06
  6 (restart 0) KSP residual norm 2.997145e-06
  7 (restart 0) KSP residual norm 1.193965e-06
  8 (restart 0) KSP residual norm 5.658659e-07
  9 (restart 0) KSP residual norm 2.501150e-07
 10 (restart 0) KSP residual norm 1.161951e-07
 11 (restart 0) KSP residual norm 5.027319e-08
 12 (restart 0) KSP residual norm 1.920574e-08
 13 (restart 0) KSP residual norm 7.299887e-09
 14 (restart 0) KSP residual norm 2.836461e-09
GMRES solver converged in 14 iterations (avg. reduction factor: 2.531e-01)
  Residual norms for GMRES solve
  0 (restart 0) KSP residual norm 6.231099e-01
  1 (restart 0) KSP residual norm 1.333660e-02
  2 (restart 0) KSP residual norm 7.350916e-04
  3 (restart 0) KSP residual norm 1.556571e-04
  4 (restart 0) KSP residual norm 3.499743e-05
  5 (restart 0) KSP residual norm 9.771761e-06
  6 (restart 0) KSP residual norm 3.019855e-06
  7 (restart 0) KSP residual norm 1.284925e-06
  8 (restart 0) KSP residual norm 6.229421e-07
  9 (restart 0) KSP residual norm 2.837116e-07
 10 (restart 0) KSP residual norm 1.198036e-07
 11 (restart 0) KSP residual norm 4.723156e-08
 12 (restart 0) KSP residual norm 1.853758e-08
 13 (restart 0) KSP residual norm 6.874537e-09
 14 (restart 0) KSP residual norm 2.586979e-09
GMRES solver converged in 14 iterations (avg. reduction factor: 2.519e-01)
  Residual norms for GMRES solve
  0 (restart 0) KSP residual norm 5.703041e-01
  1 (restart 0) KSP residual norm 1.305754e-02
  2 (restart 0) KSP residual norm 7.081472e-04
  3 (restart 0) KSP residual norm 1.466565e-04
  4 (restart 0) KSP residual norm 3.306354e-05
  5 (restart 0) KSP residual norm 8.802461e-06
  6 (restart 0) KSP residual norm 2.875428e-06
  7 (restart 0) KSP residual norm 1.176659e-06
  8 (restart 0) KSP residual norm 5.550028e-07
  9 (restart 0) KSP residual norm 2.521244e-07
 10 (restart 0) KSP residual norm 1.131962e-07
 11 (restart 0) KSP residual norm 4.829953e-08
 12 (restart 0) KSP residual norm 1.891506e-08
 13 (restart 0) KSP residual norm 6.962079e-09
 14 (restart 0) KSP residual norm 2.660077e-09
GMRES solver converged in 14 iterations (avg. reduction factor: 2.540e-01)
  Residual norms for GMRES solve
  0 (restart 0) KSP residual norm 4.300703e-01
  1 (restart 0) KSP residual norm 2.086626e-02
  2 (restart 0) KSP residual norm 8.278648e-04
  3 (restart 0) KSP residual norm 1.485399e-04
  4 (restart 0) KSP residual norm 3.034440e-05
  5 (restart 0) KSP residual norm 8.155967e-06
  6 (restart 0) KSP residual norm 2.782111e-06
  7 (restart 0) KSP residual norm 1.210037e-06
  8 (restart 0) KSP residual norm 5.890676e-07
  9 (restart 0) KSP residual norm 2.577088e-07
 10 (restart 0) KSP residual norm 1.066114e-07
 11 (restart 0) KSP residual norm 4.378654e-08
 12 (restart 0) KSP residual norm 1.670747e-08
 13 (restart 0) KSP residual norm 6.269156e-09
 14 (restart 0) KSP residual norm 2.385047e-09
GMRES solver converged in 14 iterations (avg. reduction factor: 2.572e-01)
  Residual norms for GMRES solve
  0 (restart 0) KSP residual norm 1.724064e-01
  1 (restart 0) KSP residual norm 1.679255e-02
  2 (restart 0) KSP residual norm 7.523904e-04
  3 (restart 0) KSP residual norm 1.497800e-04
  4 (restart 0) KSP residual norm 3.002450e-05
  5 (restart 0) KSP residual norm 7.499634e-06
  6 (restart 0) KSP residual norm 2.249988e-06
  7 (restart 0) KSP residual norm 8.613136e-07
  8 (restart 0) KSP residual norm 4.069163e-07
  9 (restart 0) KSP residual norm 1.929194e-07
 10 (restart 0) KSP residual norm 8.676055e-08
 11 (restart 0) KSP residual norm 3.415143e-08
 12 (restart 0) KSP residual norm 1.349163e-08
 13 (restart 0) KSP residual norm 5.276090e-09
 14 (restart 0) KSP residual norm 1.988921e-09
 15 (restart 0) KSP residual norm 7.917403e-10
GMRES solver converged in 15 iterations (avg. reduction factor: 2.781e-01)
  Residual norms for GMRES solve
  0 (restart 0) KSP residual norm 7.262664e-01
  1 (restart 0) KSP residual norm 1.381242e-02
  2 (restart 0) KSP residual norm 7.308049e-04
  3 (restart 0) KSP residual norm 1.538489e-04
  4 (restart 0) KSP residual norm 3.219604e-05
  5 (restart 0) KSP residual norm 8.450138e-06
  6 (restart 0) KSP residual norm 2.804105e-06
  7 (restart 0) KSP residual norm 1.094074e-06
  8 (restart 0) KSP residual norm 4.951846e-07
  9 (restart 0) KSP residual norm 2.278114e-07
 10 (restart 0) KSP residual norm 1.051197e-07
 11 (restart 0) KSP residual norm 4.533423e-08
 12 (restart 0) KSP residual norm 1.721133e-08
 13 (restart 0) KSP residual norm 6.551978e-09
GMRES solver converged in 13 iterations (avg. reduction factor: 2.405e-01)
  Residual norms for GMRES solve
  0 (restart 0) KSP residual norm 4.696283e-01
  1 (restart 0) KSP residual norm 1.006099e-02
  2 (restart 0) KSP residual norm 6.367407e-04
  3 (restart 0) KSP residual norm 1.331841e-04
  4 (restart 0) KSP residual norm 2.971459e-05
  5 (restart 0) KSP residual norm 8.384294e-06
  6 (restart 0) KSP residual norm 2.399084e-06
  7 (restart 0) KSP residual norm 9.246228e-07
  8 (restart 0) KSP residual norm 4.237783e-07
  9 (restart 0) KSP residual norm 1.930523e-07
 10 (restart 0) KSP residual norm 9.144789e-08
 11 (restart 0) KSP residual norm 3.981539e-08
 12 (restart 0) KSP residual norm 1.561969e-08
 13 (restart 0) KSP residual norm 5.750254e-09
 14 (restart 0) KSP residual norm 2.207027e-09
GMRES solver converged in 14 iterations (avg. reduction factor: 2.542e-01)
  Residual norms for GMRES solve
  0 (restart 0) KSP residual norm 1.673338e-01
  1 (restart 0) KSP residual norm 1.705544e-02
  2 (restart 0) KSP residual norm 8.503211e-04
  3 (restart 0) KSP residual norm 1.417166e-04
  4 (restart 0) KSP residual norm 3.391092e-05
  5 (restart 0) KSP residual norm 8.798651e-06
  6 (restart 0) KSP residual norm 2.727237e-06
  7 (restart 0) KSP residual norm 9.133831e-07
  8 (restart 0) KSP residual norm 4.111288e-07
  9 (restart 0) KSP residual norm 1.956580e-07
 10 (restart 0) KSP residual norm 9.308887e-08
 11 (restart 0) KSP residual norm 4.274701e-08
 12 (restart 0) KSP residual norm 1.732472e-08
 13 (restart 0) KSP residual norm 6.390413e-09
 14 (restart 0) KSP residual norm 2.605829e-09
 15 (restart 0) KSP residual norm 1.068172e-09
GMRES solver converged in 15 iterations (avg. reduction factor: 2.842e-01)
  Residual norms for GMRES solve
  0 (restart 0) KSP residual norm 1.982616e-01
  1 (restart 0) KSP residual norm 1.279932e-02
  2 (restart 0) KSP residual norm 6.768423e-04
  3 (restart 0) KSP residual norm 1.299762e-04
  4 (restart 0) KSP residual norm 2.918662e-05
  5 (restart 0) KSP residual norm 8.175516e-06
  6 (restart 0) KSP residual norm 2.299475e-06
  7 (restart 0) KSP residual norm 7.019891e-07
  8 (restart 0) KSP residual norm 2.592622e-07
  9 (restart 0) KSP residual norm 1.097434e-07
 10 (restart 0) KSP residual norm 4.637594e-08
 11 (restart 0) KSP residual norm 2.203360e-08
 12 (restart 0) KSP residual norm 1.104403e-08
 13 (restart 0) KSP residual norm 4.935617e-09
 14 (restart 0) KSP residual norm 1.918668e-09
GMRES solver converged in 14 iterations (avg. reduction factor: 2.676e-01)
  Residual norms for GMRES solve
  0 (restart 0) KSP residual norm 2.925808e-01
  1 (restart 0) KSP residual norm 9.774561e-03
  2 (restart 0) KSP residual norm 5.751665e-04
  3 (restart 0) KSP residual norm 1.241633e-04
  4 (restart 0) KSP residual norm 2.855430e-05
  5 (restart 0) KSP residual norm 7.908110e-06
  6 (restart 0) KSP residual norm 2.286479e-06
  7 (restart 0) KSP residual norm 8.135290e-07
  8 (restart 0) KSP residual norm 3.523565e-07
  9 (restart 0) KSP residual norm 1.547071e-07
 10 (restart 0) KSP residual norm 7.038633e-08
 11 (restart 0) KSP residual norm 3.312055e-08
 12 (restart 0) KSP residual norm 1.384027e-08
 13 (restart 0) KSP residual norm 5.420664e-09
 14 (restart 0) KSP residual norm 2.136841e-09
GMRES solver converged in 14 iterations (avg. reduction factor: 2.623e-01)
  Residual norms for GMRES solve
  0 (restart 0) KSP residual norm 3.128369e-01
  1 (restart 0) KSP residual norm 9.062581e-03
  2 (restart 0) KSP residual norm 5.379125e-04
  3 (restart 0) KSP residual norm 1.169983e-04
  4 (restart 0) KSP residual norm 2.584668e-05
  5 (restart 0) KSP residual norm 7.033989e-06
  6 (restart 0) KSP residual norm 2.032931e-06
  7 (restart 0) KSP residual norm 7.113833e-07
  8 (restart 0) KSP residual norm 3.048549e-07
  9 (restart 0) KSP residual norm 1.470789e-07
 10 (restart 0) KSP residual norm 7.152081e-08
 11 (restart 0) KSP residual norm 3.201409e-08
 12 (restart 0) KSP residual norm 1.279713e-08
 13 (restart 0) KSP residual norm 4.978509e-09
 14 (restart 0) KSP residual norm 2.052319e-09
GMRES solver converged in 14 iterations (avg. reduction factor: 2.603e-01)
  Residual norms for GMRES solve
  0 (restart 0) KSP residual norm 1.802174e-01
  1 (restart 0) KSP residual norm 7.249538e-03
  2 (restart 0) KSP residual norm 5.186759e-04
  3 (restart 0) KSP residual norm 1.135192e-04
  4 (restart 0) KSP residual norm 2.612058e-05
  5 (restart 0) KSP residual norm 7.112023e-06
  6 (restart 0) KSP residual norm 2.072551e-06
  7 (restart 0) KSP residual norm 6.999796e-07
  8 (restart 0) KSP residual norm 2.891027e-07
  9 (restart 0) KSP residual norm 1.278573e-07
 10 (restart 0) KSP residual norm 5.844633e-08
 11 (restart 0) KSP residual norm 2.838202e-08
 12 (restart 0) KSP residual norm 1.195776e-08
 13 (restart 0) KSP residual norm 4.606141e-09
 14 (restart 0) KSP residual norm 1.789348e-09
GMRES solver converged in 14 iterations (avg. reduction factor: 2.681e-01)
  Residual norms for GMRES solve
  0 (restart 0) KSP residual norm 3.807902e-01
  1 (restart 0) KSP residual norm 1.116550e-02
  2 (restart 0) KSP residual norm 6.433419e-04
  3 (restart 0) KSP residual norm 1.334243e-04
  4 (restart 0) KSP residual norm 2.963874e-05
  5 (restart 0) KSP residual norm 8.419848e-06
  6 (restart 0) KSP residual norm 2.749120e-06
  7 (restart 0) KSP residual norm 1.209047e-06
  8 (restart 0) KSP residual norm 6.151402e-07
  9 (restart 0) KSP residual norm 2.777248e-07
 10 (restart 0) KSP residual norm 1.134076e-07
 11 (restart 0) KSP residual norm 4.208279e-08
 12 (restart 0) KSP residual norm 1.532939e-08
 13 (restart 0) KSP residual norm 5.637104e-09
 14 (restart 0) KSP residual norm 2.144035e-09
GMRES solver converged in 14 iterations (avg. reduction factor: 2.575e-01)
  Residual norms for GMRES solve
  0 (restart 0) KSP residual norm 1.119970e-01
  1 (restart 0) KSP residual norm 1.095095e-02
  2 (restart 0) KSP residual norm 6.452647e-04
  3 (restart 0) KSP residual norm 1.270680e-04
  4 (restart 0) KSP residual norm 2.808744e-05
  5 (restart 0) KSP residual norm 8.104954e-06
  6 (restart 0) KSP residual norm 2.556610e-06
  7 (restart 0) KSP residual norm 1.037623e-06
  8 (restart 0) KSP residual norm 5.122860e-07
  9 (restart 0) KSP residual norm 2.458186e-07
 10 (restart 0) KSP residual norm 1.127827e-07
 11 (restart 0) KSP residual norm 4.512487e-08
 12 (restart 0) KSP residual norm 1.694245e-08
 13 (restart 0) KSP residual norm 5.991687e-09
 14 (restart 0) KSP residual norm 2.307853e-09
 15 (restart 0) KSP residual norm 9.777612e-10
GMRES solver converged in 15 iterations (avg. reduction factor: 2.902e-01)
  Residual norms for GMRES solve
  0 (restart 0) KSP residual norm 5.911151e-01
  1 (restart 0) KSP residual norm 1.193859e-02
  2 (restart 0) KSP residual norm 7.050737e-04
  3 (restart 0) KSP residual norm 1.480547e-04
  4 (restart 0) KSP residual norm 3.208657e-05
  5 (restart 0) KSP residual norm 9.115003e-06
  6 (restart 0) KSP residual norm 2.837936e-06
  7 (restart 0) KSP residual norm 1.133318e-06
  8 (restart 0) KSP residual norm 5.497974e-07
  9 (restart 0) KSP residual norm 2.602641e-07
 10 (restart 0) KSP residual norm 1.148547e-07
 11 (restart 0) KSP residual norm 4.771863e-08
 12 (restart 0) KSP residual norm 1.853790e-08
 13 (restart 0) KSP residual norm 6.700769e-09
 14 (restart 0) KSP residual norm 2.572830e-09
GMRES solver converged in 14 iterations (avg. reduction factor: 2.528e-01)
  Residual norms for GMRES solve
  0 (restart 0) KSP residual norm 4.218745e-01
  1 (restart 0) KSP residual norm 9.586325e-03
  2 (restart 0) KSP residual norm 5.585077e-04
  3 (restart 0) KSP residual norm 1.228399e-04
  4 (restart 0) KSP residual norm 2.635585e-05
  5 (restart 0) KSP residual norm 8.212655e-06
  6 (restart 0) KSP residual norm 2.872783e-06
  7 (restart 0) KSP residual norm 1.220615e-06
  8 (restart 0) KSP residual norm 5.852845e-07
  9 (restart 0) KSP residual norm 2.639369e-07
 10 (restart 0) KSP residual norm 1.199772e-07
 11 (restart 0) KSP residual norm 4.922419e-08
 12 (restart 0) KSP residual norm 1.848516e-08
 13 (restart 0) KSP residual norm 6.483732e-09
 14 (restart 0) KSP residual norm 2.687270e-09
GMRES solver converged in 14 iterations (avg. reduction factor: 2.598e-01)
  Residual norms for GMRES solve
  0 (restart 0) KSP residual norm 1.141962e-01
  1 (restart 0) KSP residual norm 7.330217e-03
  2 (restart 0) KSP residual norm 5.634230e-04
  3 (restart 0) KSP residual norm 1.159919e-04
  4 (restart 0) KSP residual norm 2.642889e-05
  5 (restart 0) KSP residual norm 7.113227e-06
  6 (restart 0) KSP residual norm 2.126211e-06
  7 (restart 0) KSP residual norm 7.852213e-07
  8 (restart 0) KSP residual norm 3.491760e-07
  9 (restart 0) KSP residual norm 1.628332e-07
 10 (restart 0) KSP residual norm 7.854579e-08
 11 (restart 0) KSP residual norm 3.502767e-08
 12 (restart 0) KSP residual norm 1.432962e-08
 13 (restart 0) KSP residual norm 5.729630e-09
 14 (restart 0) KSP residual norm 2.437850e-09
 15 (restart 0) KSP residual norm 1.132022e-09
GMRES solver converged in 15 iterations (avg. reduction factor: 2.927e-01)
  Residual norms for GMRES solve
  0 (restart 0) KSP residual norm 1.698648e-01
  1 (restart 0) KSP residual norm 7.331787e-03
  2 (restart 0) KSP residual norm 5.777800e-04
  3 (restart 0) KSP residual norm 1.142848e-04
  4 (restart 0) KSP residual norm 2.771244e-05
  5 (restart 0) KSP residual norm 7.044463e-06
  6 (restart 0) KSP residual norm 1.975494e-06
  7 (restart 0) KSP residual norm 6.599279e-07
  8 (restart 0) KSP residual norm 2.753760e-07
  9 (restart 0) KSP residual norm 1.258823e-07
 10 (restart 0) KSP residual norm 6.016776e-08
 11 (restart 0) KSP residual norm 2.748022e-08
 12 (restart 0) KSP residual norm 1.128776e-08
 13 (restart 0) KSP residual norm 4.532392e-09
 14 (restart 0) KSP residual norm 1.751921e-09
 15 (restart 0) KSP residual norm 7.202293e-10
GMRES solver converged in 15 iterations (avg. reduction factor: 2.766e-01)
  Residual norms for GMRES solve
  0 (restart 0) KSP residual norm 1.048997e-01
  1 (restart 0) KSP residual norm 8.552534e-03
  2 (restart 0) KSP residual norm 5.912700e-04
  3 (restart 0) KSP residual norm 1.258374e-04
  4 (restart 0) KSP residual norm 2.755539e-05
  5 (restart 0) KSP residual norm 7.493216e-06
  6 (restart 0) KSP residual norm 2.109839e-06
  7 (restart 0) KSP residual norm 7.566175e-07
  8 (restart 0) KSP residual norm 3.500733e-07
  9 (restart 0) KSP residual norm 1.652926e-07
 10 (restart 0) KSP residual norm 7.565305e-08
 11 (restart 0) KSP residual norm 3.130930e-08
 12 (restart 0) KSP residual norm 1.209046e-08
 13 (restart 0) KSP residual norm 4.768122e-09
 14 (restart 0) KSP residual norm 1.915911e-09
 15 (restart 0) KSP residual norm 8.419206e-10
GMRES solver converged in 15 iterations (avg. reduction factor: 2.886e-01)
  Residual norms for GMRES solve
  0 (restart 0) KSP residual norm 1.942388e-01
  1 (restart 0) KSP residual norm 1.034063e-02
  2 (restart 0) KSP residual norm 6.176638e-04
  3 (restart 0) KSP residual norm 1.264589e-04
  4 (restart 0) KSP residual norm 2.785341e-05
  5 (restart 0) KSP residual norm 7.459760e-06
  6 (restart 0) KSP residual norm 2.131342e-06
  7 (restart 0) KSP residual norm 7.783663e-07
  8 (restart 0) KSP residual norm 3.670148e-07
  9 (restart 0) KSP residual norm 1.761505e-07
 10 (restart 0) KSP residual norm 7.838516e-08
 11 (restart 0) KSP residual norm 3.329049e-08
 12 (restart 0) KSP residual norm 1.340721e-08
 13 (restart 0) KSP residual norm 5.058546e-09
 14 (restart 0) KSP residual norm 2.022795e-09
 15 (restart 0) KSP residual norm 8.703286e-10
GMRES solver converged in 15 iterations (avg. reduction factor: 2.776e-01)
  Residual norms for GMRES solve
  0 (restart 0) KSP residual norm 6.131191e-02
  1 (restart 0) KSP residual norm 4.914990e-03
  2 (restart 0) KSP residual norm 5.601555e-04
  3 (restart 0) KSP residual norm 1.154385e-04
  4 (restart 0) KSP residual norm 2.598686e-05
  5 (restart 0) KSP residual norm 6.689393e-06
  6 (restart 0) KSP residual norm 1.837791e-06
  7 (restart 0) KSP residual norm 6.084723e-07
  8 (restart 0) KSP residual norm 2.445995e-07
  9 (restart 0) KSP residual norm 1.130703e-07
 10 (restart 0) KSP residual norm 5.336047e-08
 11 (restart 0) KSP residual norm 2.501420e-08
 12 (restart 0) KSP residual norm 1.075902e-08
 13 (restart 0) KSP residual norm 4.348617e-09
 14 (restart 0) KSP residual norm 1.801785e-09
 15 (restart 0) KSP residual norm 8.604861e-10
 16 (restart 0) KSP residual norm 4.154934e-10
GMRES solver converged in 16 iterations (avg. reduction factor: 3.086e-01)
  Residual norms for GMRES solve
  0 (restart 0) KSP residual norm 1.808007e-01
  1 (restart 0) KSP residual norm 6.689102e-03
  2 (restart 0) KSP residual norm 5.723302e-04
  3 (restart 0) KSP residual norm 1.166672e-04
  4 (restart 0) KSP residual norm 2.641386e-05
  5 (restart 0) KSP residual norm 7.092429e-06
  6 (restart 0) KSP residual norm 2.032178e-06
  7 (restart 0) KSP residual norm 7.325337e-07
  8 (restart 0) KSP residual norm 3.259782e-07
  9 (restart 0) KSP residual norm 1.490959e-07
 10 (restart 0) KSP residual norm 7.266622e-08
 11 (restart 0) KSP residual norm 3.219603e-08
 12 (restart 0) KSP residual norm 1.214635e-08
 13 (restart 0) KSP residual norm 4.517934e-09
 14 (restart 0) KSP residual norm 1.815695e-09
 15 (restart 0) KSP residual norm 7.873287e-10
GMRES solver converged in 15 iterations (avg. reduction factor: 2.771e-01)
  Residual norms for GMRES solve
  0 (restart 0) KSP residual norm 7.228226e-02
  1 (restart 0) KSP residual norm 7.743258e-03
  2 (restart 0) KSP residual norm 5.845265e-04
  3 (restart 0) KSP residual norm 1.191626e-04
  4 (restart 0) KSP residual norm 2.671418e-05
  5 (restart 0) KSP residual norm 6.703174e-06
  6 (restart 0) KSP residual norm 1.935003e-06
  7 (restart 0) KSP residual norm 7.284754e-07
  8 (restart 0) KSP residual norm 3.021834e-07
  9 (restart 0) KSP residual norm 1.370621e-07
 10 (restart 0) KSP residual norm 7.109485e-08
 11 (restart 0) KSP residual norm 3.218695e-08
 12 (restart 0) KSP residual norm 1.306537e-08
 13 (restart 0) KSP residual norm 5.638737e-09
 14 (restart 0) KSP residual norm 2.377484e-09
 15 (restart 0) KSP residual norm 1.130314e-09
 16 (restart 0) KSP residual norm 5.331644e-10
GMRES solver converged in 16 iterations (avg. reduction factor: 3.103e-01)
  Residual norms for GMRES solve
  0 (restart 0) KSP residual norm 5.004130e-02
  1 (restart 0) KSP residual norm 6.074711e-03
  2 (restart 0) KSP residual norm 4.993511e-04
  3 (restart 0) KSP residual norm 1.068422e-04
  4 (restart 0) KSP residual norm 2.473838e-05
  5 (restart 0) KSP residual norm 6.200092e-06
  6 (restart 0) KSP residual norm 1.760738e-06
  7 (restart 0) KSP residual norm 6.412459e-07
  8 (restart 0) KSP residual norm 2.770578e-07
  9 (restart 0) KSP residual norm 1.235464e-07
 10 (restart 0) KSP residual norm 5.932095e-08
 11 (restart 0) KSP residual norm 2.717839e-08
 12 (restart 0) KSP residual norm 1.098168e-08
 13 (restart 0) KSP residual norm 4.400814e-09
 14 (restart 0) KSP residual norm 1.866220e-09
 15 (restart 0) KSP residual norm 8.519399e-10
 16 (restart 0) KSP residual norm 4.041806e-10
GMRES solver converged in 16 iterations (avg. reduction factor: 3.120e-01)
  Residual norms for GMRES solve
  0 (restart 0) KSP residual norm 1.511479e-01
  1 (restart 0) KSP residual norm 5.275618e-03
  2 (restart 0) KSP residual norm 5.051067e-04
  3 (restart 0) KSP residual norm 1.100661e-04
  4 (restart 0) KSP residual norm 2.521294e-05
  5 (restart 0) KSP residual norm 6.705546e-06
  6 (restart 0) KSP residual norm 2.012167e-06
  7 (restart 0) KSP residual norm 7.748840e-07
  8 (restart 0) KSP residual norm 3.353009e-07
  9 (restart 0) KSP residual norm 1.474837e-07
 10 (restart 0) KSP residual norm 7.111158e-08
 11 (restart 0) KSP residual norm 3.137081e-08
 12 (restart 0) KSP residual norm 1.207400e-08
 13 (restart 0) KSP residual norm 4.766226e-09
 14 (restart 0) KSP residual norm 1.952846e-09
 15 (restart 0) KSP residual norm 9.155549e-10
GMRES solver converged in 15 iterations (avg. reduction factor: 2.832e-01)
  Residual norms for GMRES solve
  0 (restart 0) KSP residual norm 9.184848e-02
  1 (restart 0) KSP residual norm 6.758274e-03
  2 (restart 0) KSP residual norm 5.163640e-04
  3 (restart 0) KSP residual norm 1.147749e-04
  4 (restart 0) KSP residual norm 2.559630e-05
  5 (restart 0) KSP residual norm 6.883699e-06
  6 (restart 0) KSP residual norm 2.002368e-06
