>> /opt/amip/envs/emsim/bin/mpirun -n 32 /opt/amip/palace/bin/palace-x86_64.bin h3_eigenprobe_ne17.json

_____________     _______
_____   __   \____ __   /____ ____________
____   /_/  /  __ ` /  /  __ ` /  ___/  _ \
___   _____/  /_/  /  /  /_/  /  /__/  ___/
  /__/     \___,__/__/\___,__/\_____\_____/

Git changeset ID: v0.17.0-293-g3c83b9db0
Running with 32 MPI processes, 1 OpenMP thread
Device configuration: omp,cpu
Memory configuration: host-std
libCEED backend: /cpu/self/xsmm/blocked

Added 9170 boundary elements for material interfaces to the mesh

Characteristic length and time scales:
 Lc = 1.760e-01 m, tc = 5.871e-01 ns
Finished partitioning mesh into 32 subdomains

Mesh curvature order: 2
Mesh bounding box:
 (Xmin, Ymin, Zmin) = (-8.800e-02, -8.800e-02, -5.771e-02) m
 (Xmax, Ymax, Zmax) = (+8.800e-02, +8.800e-02, +5.771e-02) m

Parallel Mesh Stats:

                minimum     average     maximum       total
 vertices           129         216         353        6923
 edges             1165        1454        1836       46541
 faces             2241        2450        2690       78410
 elements          1182        1212        1239       38791
 neighbors            6          11          22

            minimum     maximum
 h       0.00572697    0.192636
 kappa      1.03944     15.2766

Estimated current per-rank memory usage is: Min. 32.6M, Max. 62.6M, Avg. 34.1M, Total 1.1G
Estimated current per-node memory usage is: Min. 1.1G, Max. 1.1G, Avg. 1.1G, Total 1.1G

Configuring Robin finite conductivity BC at attributes:
 90: σ = 3.500e+07 S/m, n = (-0.0,-0.0,+1.0)

Assembling system matrices, number of global unknowns:
 H1 (p = 2): 53464, ND (p = 2): 249902, RT (p = 2): 351603
 Operator assembly level: Partial
 Mesh geometries:
  Tetrahedron: P = 20, Q = 14 (quadrature order = 4)

Configuring SLEPc eigenvalue solver:
 Scaling γ = 2.824e+01, δ = 3.943e-06
 Configuring divergence-free projection
 Using random starting vector
 Shift-and-invert σ = 2.400e+00 GHz (8.853e+00)

Assembling multigrid hierarchy:
 Level 0 (p = 1): 46541 unknowns
 Level 1 (p = 2): 249902 unknowns
 Level 0 (auxiliary) (p = 1): 6923 unknowns
 Level 1 (auxiliary) (p = 2): 53464 unknowns

#PETSc Option Table entries:
-eps_monitor # (source: code)
#End of PETSc Option Table entries

  Residual norms for GMRES solve
  0 (restart 0) KSP residual norm 1.991316e+00
  1 (restart 0) KSP residual norm 9.847099e-01
  2 (restart 0) KSP residual norm 2.905427e-01
  3 (restart 0) KSP residual norm 7.959079e-02
  4 (restart 0) KSP residual norm 2.593061e-02
  5 (restart 0) KSP residual norm 9.471269e-03
  6 (restart 0) KSP residual norm 1.929646e-03
  7 (restart 0) KSP residual norm 4.574028e-04
  8 (restart 0) KSP residual norm 1.256603e-04
  9 (restart 0) KSP residual norm 3.238785e-05
 10 (restart 0) KSP residual norm 8.670115e-06
 11 (restart 0) KSP residual norm 2.545348e-06
 12 (restart 0) KSP residual norm 7.326663e-07
 13 (restart 0) KSP residual norm 2.043214e-07
 14 (restart 0) KSP residual norm 5.904716e-08
 15 (restart 0) KSP residual norm 1.564328e-08
GMRES solver converged in 15 iterations (avg. reduction factor: 2.882e-01)
  Residual norms for GMRES solve
  0 (restart 0) KSP residual norm 3.981965e+02
  1 (restart 0) KSP residual norm 2.351097e+01
  2 (restart 0) KSP residual norm 1.947988e+00
  3 (restart 0) KSP residual norm 5.314143e-01
  4 (restart 0) KSP residual norm 8.273710e-02
  5 (restart 0) KSP residual norm 2.235632e-02
  6 (restart 0) KSP residual norm 5.101121e-03
  7 (restart 0) KSP residual norm 1.370844e-03
  8 (restart 0) KSP residual norm 3.432500e-04
  9 (restart 0) KSP residual norm 9.140453e-05
 10 (restart 0) KSP residual norm 2.343101e-05
 11 (restart 0) KSP residual norm 7.388940e-06
 12 (restart 0) KSP residual norm 2.217667e-06
GMRES solver converged in 12 iterations (avg. reduction factor: 2.052e-01)
  Residual norms for GMRES solve
  0 (restart 0) KSP residual norm 1.182225e+03
  1 (restart 0) KSP residual norm 6.980745e+01
  2 (restart 0) KSP residual norm 5.341074e+00
  3 (restart 0) KSP residual norm 9.960678e-01
  4 (restart 0) KSP residual norm 1.699781e-01
  5 (restart 0) KSP residual norm 4.096758e-02
  6 (restart 0) KSP residual norm 1.244993e-02
  7 (restart 0) KSP residual norm 2.769859e-03
  8 (restart 0) KSP residual norm 7.887065e-04
  9 (restart 0) KSP residual norm 1.898778e-04
 10 (restart 0) KSP residual norm 5.298394e-05
 11 (restart 0) KSP residual norm 1.520037e-05
 12 (restart 0) KSP residual norm 4.593787e-06
GMRES solver converged in 12 iterations (avg. reduction factor: 1.991e-01)
  Residual norms for GMRES solve
  0 (restart 0) KSP residual norm 5.705656e+01
  1 (restart 0) KSP residual norm 1.102891e+01
  2 (restart 0) KSP residual norm 3.044354e+00
  3 (restart 0) KSP residual norm 7.092908e-01
  4 (restart 0) KSP residual norm 1.558883e-01
  5 (restart 0) KSP residual norm 5.346680e-02
  6 (restart 0) KSP residual norm 7.186949e-03
  7 (restart 0) KSP residual norm 1.361895e-03
  8 (restart 0) KSP residual norm 3.915833e-04
  9 (restart 0) KSP residual norm 1.075303e-04
 10 (restart 0) KSP residual norm 2.876189e-05
 11 (restart 0) KSP residual norm 9.160579e-06
 12 (restart 0) KSP residual norm 2.437921e-06
 13 (restart 0) KSP residual norm 6.793205e-07
 14 (restart 0) KSP residual norm 1.670343e-07
GMRES solver converged in 14 iterations (avg. reduction factor: 2.457e-01)
  Residual norms for GMRES solve
  0 (restart 0) KSP residual norm 4.955387e+02
  1 (restart 0) KSP residual norm 2.463408e+01
  2 (restart 0) KSP residual norm 5.047079e+00
  3 (restart 0) KSP residual norm 1.508783e+00
  4 (restart 0) KSP residual norm 2.268118e-01
  5 (restart 0) KSP residual norm 8.629872e-02
  6 (restart 0) KSP residual norm 1.261290e-02
  7 (restart 0) KSP residual norm 3.455720e-03
  8 (restart 0) KSP residual norm 9.508439e-04
  9 (restart 0) KSP residual norm 2.591191e-04
 10 (restart 0) KSP residual norm 5.514740e-05
 11 (restart 0) KSP residual norm 1.711117e-05
 12 (restart 0) KSP residual norm 4.121182e-06
GMRES solver converged in 12 iterations (avg. reduction factor: 2.122e-01)
  Residual norms for GMRES solve
  0 (restart 0) KSP residual norm 1.205753e+03
  1 (restart 0) KSP residual norm 5.543829e+01
  2 (restart 0) KSP residual norm 4.605223e+00
  3 (restart 0) KSP residual norm 1.325071e+00
  4 (restart 0) KSP residual norm 2.198693e-01
  5 (restart 0) KSP residual norm 5.888133e-02
  6 (restart 0) KSP residual norm 1.453219e-02
  7 (restart 0) KSP residual norm 3.243428e-03
  8 (restart 0) KSP residual norm 9.603145e-04
  9 (restart 0) KSP residual norm 2.478064e-04
 10 (restart 0) KSP residual norm 6.390156e-05
 11 (restart 0) KSP residual norm 1.716281e-05
 12 (restart 0) KSP residual norm 4.947134e-06
GMRES solver converged in 12 iterations (avg. reduction factor: 2.000e-01)
  Residual norms for GMRES solve
  0 (restart 0) KSP residual norm 4.076656e+02
  1 (restart 0) KSP residual norm 2.014019e+01
  2 (restart 0) KSP residual norm 4.088692e+00
  3 (restart 0) KSP residual norm 1.399190e+00
  4 (restart 0) KSP residual norm 2.067527e-01
  5 (restart 0) KSP residual norm 7.510989e-02
  6 (restart 0) KSP residual norm 1.029886e-02
  7 (restart 0) KSP residual norm 2.420385e-03
  8 (restart 0) KSP residual norm 6.062982e-04
  9 (restart 0) KSP residual norm 1.520504e-04
 10 (restart 0) KSP residual norm 3.929682e-05
 11 (restart 0) KSP residual norm 1.221817e-05
 12 (restart 0) KSP residual norm 2.917364e-06
GMRES solver converged in 12 iterations (avg. reduction factor: 2.095e-01)
  Residual norms for GMRES solve
  0 (restart 0) KSP residual norm 8.074200e+01
  1 (restart 0) KSP residual norm 9.689247e+00
  2 (restart 0) KSP residual norm 3.797122e+00
  3 (restart 0) KSP residual norm 4.155213e-01
  4 (restart 0) KSP residual norm 1.637527e-01
  5 (restart 0) KSP residual norm 6.156664e-02
  6 (restart 0) KSP residual norm 8.061735e-03
  7 (restart 0) KSP residual norm 1.931368e-03
  8 (restart 0) KSP residual norm 5.483958e-04
  9 (restart 0) KSP residual norm 1.326718e-04
 10 (restart 0) KSP residual norm 3.356372e-05
 11 (restart 0) KSP residual norm 9.387827e-06
 12 (restart 0) KSP residual norm 2.057586e-06
 13 (restart 0) KSP residual norm 6.300683e-07
GMRES solver converged in 13 iterations (avg. reduction factor: 2.379e-01)
  Residual norms for GMRES solve
  0 (restart 0) KSP residual norm 9.423513e+01
  1 (restart 0) KSP residual norm 5.088673e+01
  2 (restart 0) KSP residual norm 4.628944e+00
  3 (restart 0) KSP residual norm 1.429924e+00
  4 (restart 0) KSP residual norm 1.971741e-01
  5 (restart 0) KSP residual norm 5.862334e-02
  6 (restart 0) KSP residual norm 1.290852e-02
  7 (restart 0) KSP residual norm 3.085149e-03
  8 (restart 0) KSP residual norm 6.588114e-04
  9 (restart 0) KSP residual norm 1.831015e-04
 10 (restart 0) KSP residual norm 4.183542e-05
 11 (restart 0) KSP residual norm 1.191639e-05
 12 (restart 0) KSP residual norm 2.431259e-06
 13 (restart 0) KSP residual norm 7.190787e-07
GMRES solver converged in 13 iterations (avg. reduction factor: 2.375e-01)
  Residual norms for GMRES solve
  0 (restart 0) KSP residual norm 1.555064e+02
  1 (restart 0) KSP residual norm 8.047803e+01
  2 (restart 0) KSP residual norm 6.005240e+00
  3 (restart 0) KSP residual norm 1.442689e+00
  4 (restart 0) KSP residual norm 2.386335e-01
  5 (restart 0) KSP residual norm 6.472922e-02
  6 (restart 0) KSP residual norm 1.503926e-02
  7 (restart 0) KSP residual norm 3.852620e-03
  8 (restart 0) KSP residual norm 8.507958e-04
  9 (restart 0) KSP residual norm 2.519191e-04
 10 (restart 0) KSP residual norm 4.723734e-05
 11 (restart 0) KSP residual norm 1.232538e-05
 12 (restart 0) KSP residual norm 3.061924e-06
 13 (restart 0) KSP residual norm 7.875277e-07
GMRES solver converged in 13 iterations (avg. reduction factor: 2.301e-01)
  Residual norms for GMRES solve
  0 (restart 0) KSP residual norm 3.470919e+01
  1 (restart 0) KSP residual norm 2.226005e+01
  2 (restart 0) KSP residual norm 3.732107e+00
  3 (restart 0) KSP residual norm 1.029271e+00
  4 (restart 0) KSP residual norm 1.608937e-01
  5 (restart 0) KSP residual norm 4.336436e-02
  6 (restart 0) KSP residual norm 9.801391e-03
  7 (restart 0) KSP residual norm 1.972391e-03
  8 (restart 0) KSP residual norm 5.045874e-04
  9 (restart 0) KSP residual norm 1.292946e-04
 10 (restart 0) KSP residual norm 3.253125e-05
 11 (restart 0) KSP residual norm 8.447431e-06
 12 (restart 0) KSP residual norm 2.399490e-06
 13 (restart 0) KSP residual norm 7.192833e-07
 14 (restart 0) KSP residual norm 2.065066e-07
GMRES solver converged in 14 iterations (avg. reduction factor: 2.585e-01)
  Residual norms for GMRES solve
  0 (restart 0) KSP residual norm 5.779930e+01
  1 (restart 0) KSP residual norm 9.596948e+00
  2 (restart 0) KSP residual norm 2.146271e+00
  3 (restart 0) KSP residual norm 5.694366e-01
  4 (restart 0) KSP residual norm 1.028393e-01
  5 (restart 0) KSP residual norm 2.927634e-02
  6 (restart 0) KSP residual norm 6.300450e-03
  7 (restart 0) KSP residual norm 1.472489e-03
  8 (restart 0) KSP residual norm 3.786842e-04
  9 (restart 0) KSP residual norm 9.682169e-05
 10 (restart 0) KSP residual norm 2.385222e-05
 11 (restart 0) KSP residual norm 6.654030e-06
 12 (restart 0) KSP residual norm 1.806228e-06
 13 (restart 0) KSP residual norm 5.545101e-07
GMRES solver converged in 13 iterations (avg. reduction factor: 2.417e-01)
  Residual norms for GMRES solve
  0 (restart 0) KSP residual norm 5.183246e+01
  1 (restart 0) KSP residual norm 1.297818e+01
  2 (restart 0) KSP residual norm 2.633711e+00
  3 (restart 0) KSP residual norm 5.744031e-01
  4 (restart 0) KSP residual norm 9.492764e-02
  5 (restart 0) KSP residual norm 2.469245e-02
  6 (restart 0) KSP residual norm 5.332508e-03
  7 (restart 0) KSP residual norm 1.400453e-03
  8 (restart 0) KSP residual norm 3.434656e-04
  9 (restart 0) KSP residual norm 8.932487e-05
 10 (restart 0) KSP residual norm 2.325981e-05
 11 (restart 0) KSP residual norm 5.945093e-06
 12 (restart 0) KSP residual norm 1.550853e-06
 13 (restart 0) KSP residual norm 4.577828e-07
GMRES solver converged in 13 iterations (avg. reduction factor: 2.401e-01)
  Residual norms for GMRES solve
  0 (restart 0) KSP residual norm 6.263176e+01
  1 (restart 0) KSP residual norm 1.672305e+01
  2 (restart 0) KSP residual norm 3.346610e+00
  3 (restart 0) KSP residual norm 1.096586e+00
  4 (restart 0) KSP residual norm 1.364961e-01
  5 (restart 0) KSP residual norm 3.881766e-02
  6 (restart 0) KSP residual norm 6.132595e-03
  7 (restart 0) KSP residual norm 1.569557e-03
  8 (restart 0) KSP residual norm 3.853720e-04
  9 (restart 0) KSP residual norm 1.012749e-04
 10 (restart 0) KSP residual norm 2.712334e-05
 11 (restart 0) KSP residual norm 6.685801e-06
 12 (restart 0) KSP residual norm 1.663647e-06
 13 (restart 0) KSP residual norm 4.869193e-07
GMRES solver converged in 13 iterations (avg. reduction factor: 2.378e-01)
  Residual norms for GMRES solve
  0 (restart 0) KSP residual norm 2.858616e+01
  1 (restart 0) KSP residual norm 1.723130e+01
  2 (restart 0) KSP residual norm 4.951052e+00
  3 (restart 0) KSP residual norm 1.011810e+00
  4 (restart 0) KSP residual norm 2.029460e-01
  5 (restart 0) KSP residual norm 4.238609e-02
  6 (restart 0) KSP residual norm 9.607338e-03
  7 (restart 0) KSP residual norm 2.498569e-03
  8 (restart 0) KSP residual norm 6.585578e-04
  9 (restart 0) KSP residual norm 1.600318e-04
 10 (restart 0) KSP residual norm 4.351576e-05
 11 (restart 0) KSP residual norm 1.090084e-05
 12 (restart 0) KSP residual norm 2.713544e-06
 13 (restart 0) KSP residual norm 7.357870e-07
 14 (restart 0) KSP residual norm 2.154955e-07
GMRES solver converged in 14 iterations (avg. reduction factor: 2.629e-01)
  Residual norms for GMRES solve
  0 (restart 0) KSP residual norm 1.823888e+01
  1 (restart 0) KSP residual norm 1.515486e+01
  2 (restart 0) KSP residual norm 3.236301e+00
  3 (restart 0) KSP residual norm 1.143269e+00
  4 (restart 0) KSP residual norm 1.455436e-01
  5 (restart 0) KSP residual norm 3.670517e-02
  6 (restart 0) KSP residual norm 7.618691e-03
  7 (restart 0) KSP residual norm 1.902655e-03
  8 (restart 0) KSP residual norm 4.994257e-04
  9 (restart 0) KSP residual norm 1.260794e-04
 10 (restart 0) KSP residual norm 3.125154e-05
 11 (restart 0) KSP residual norm 7.408299e-06
 12 (restart 0) KSP residual norm 1.728865e-06
 13 (restart 0) KSP residual norm 4.306556e-07
 14 (restart 0) KSP residual norm 1.189137e-07
GMRES solver converged in 14 iterations (avg. reduction factor: 2.602e-01)
  Residual norms for GMRES solve
  0 (restart 0) KSP residual norm 1.369257e+01
  1 (restart 0) KSP residual norm 5.630964e+00
  2 (restart 0) KSP residual norm 1.926896e+00
  3 (restart 0) KSP residual norm 2.855483e-01
  4 (restart 0) KSP residual norm 1.081018e-01
  5 (restart 0) KSP residual norm 3.267766e-02
  6 (restart 0) KSP residual norm 6.750885e-03
  7 (restart 0) KSP residual norm 1.610151e-03
  8 (restart 0) KSP residual norm 4.286168e-04
  9 (restart 0) KSP residual norm 9.131053e-05
 10 (restart 0) KSP residual norm 2.700284e-05
 11 (restart 0) KSP residual norm 6.222608e-06
 12 (restart 0) KSP residual norm 1.788476e-06
 13 (restart 0) KSP residual norm 4.085734e-07
 14 (restart 0) KSP residual norm 1.141588e-07
GMRES solver converged in 14 iterations (avg. reduction factor: 2.648e-01)
  Residual norms for GMRES solve
  0 (restart 0) KSP residual norm 2.963469e+01
  1 (restart 0) KSP residual norm 7.396268e+00
  2 (restart 0) KSP residual norm 3.224694e+00
  3 (restart 0) KSP residual norm 3.546518e-01
  4 (restart 0) KSP residual norm 1.205741e-01
  5 (restart 0) KSP residual norm 4.320280e-02
  6 (restart 0) KSP residual norm 5.920480e-03
  7 (restart 0) KSP residual norm 1.410112e-03
  8 (restart 0) KSP residual norm 3.616029e-04
  9 (restart 0) KSP residual norm 9.005180e-05
 10 (restart 0) KSP residual norm 2.244340e-05
 11 (restart 0) KSP residual norm 5.643907e-06
 12 (restart 0) KSP residual norm 1.624802e-06
 13 (restart 0) KSP residual norm 4.632060e-07
 14 (restart 0) KSP residual norm 1.221689e-07
GMRES solver converged in 14 iterations (avg. reduction factor: 2.518e-01)
  Residual norms for GMRES solve
  0 (restart 0) KSP residual norm 1.136270e+01
  1 (restart 0) KSP residual norm 6.805355e+00
  2 (restart 0) KSP residual norm 2.459208e+00
  3 (restart 0) KSP residual norm 3.046803e-01
  4 (restart 0) KSP residual norm 1.139889e-01
  5 (restart 0) KSP residual norm 5.198498e-02
  6 (restart 0) KSP residual norm 7.249887e-03
  7 (restart 0) KSP residual norm 1.564300e-03
  8 (restart 0) KSP residual norm 3.749412e-04
  9 (restart 0) KSP residual norm 9.771753e-05
 10 (restart 0) KSP residual norm 2.311862e-05
 11 (restart 0) KSP residual norm 5.992526e-06
 12 (restart 0) KSP residual norm 1.613094e-06
 13 (restart 0) KSP residual norm 4.641194e-07
 14 (restart 0) KSP residual norm 1.281496e-07
 15 (restart 0) KSP residual norm 3.810665e-08
GMRES solver converged in 15 iterations (avg. reduction factor: 2.723e-01)
  1 EPS nconv=3 first unconverged value (error) -7.24061e-06+0.342634i (1.81220630e-03)
  Residual norms for GMRES solve
  0 (restart 0) KSP residual norm 2.234335e+01
  1 (restart 0) KSP residual norm 5.292610e+00
  2 (restart 0) KSP residual norm 1.658569e+00
  3 (restart 0) KSP residual norm 2.159441e-01
  4 (restart 0) KSP residual norm 1.069845e-01
  5 (restart 0) KSP residual norm 3.269887e-02
  6 (restart 0) KSP residual norm 5.583863e-03
  7 (restart 0) KSP residual norm 1.439966e-03
  8 (restart 0) KSP residual norm 3.301592e-04
  9 (restart 0) KSP residual norm 8.196611e-05
 10 (restart 0) KSP residual norm 2.113580e-05
 11 (restart 0) KSP residual norm 5.091447e-06
 12 (restart 0) KSP residual norm 1.330805e-06
 13 (restart 0) KSP residual norm 3.027636e-07
 14 (restart 0) KSP residual norm 8.374409e-08
GMRES solver converged in 14 iterations (avg. reduction factor: 2.501e-01)
  Residual norms for GMRES solve
  0 (restart 0) KSP residual norm 3.079644e+01
  1 (restart 0) KSP residual norm 8.368419e+00
  2 (restart 0) KSP residual norm 3.128738e+00
  3 (restart 0) KSP residual norm 3.789019e-01
  4 (restart 0) KSP residual norm 1.132118e-01
  5 (restart 0) KSP residual norm 3.943937e-02
  6 (restart 0) KSP residual norm 5.885972e-03
  7 (restart 0) KSP residual norm 1.532782e-03
  8 (restart 0) KSP residual norm 3.760909e-04
  9 (restart 0) KSP residual norm 9.521680e-05
 10 (restart 0) KSP residual norm 2.047157e-05
 11 (restart 0) KSP residual norm 5.192345e-06
 12 (restart 0) KSP residual norm 1.547815e-06
 13 (restart 0) KSP residual norm 3.699581e-07
 14 (restart 0) KSP residual norm 9.754781e-08
GMRES solver converged in 14 iterations (avg. reduction factor: 2.471e-01)
  Residual norms for GMRES solve
  0 (restart 0) KSP residual norm 8.306625e+00
  1 (restart 0) KSP residual norm 6.783781e+00
  2 (restart 0) KSP residual norm 2.673285e+00
  3 (restart 0) KSP residual norm 2.612170e-01
  4 (restart 0) KSP residual norm 9.646214e-02
  5 (restart 0) KSP residual norm 3.351763e-02
  6 (restart 0) KSP residual norm 4.736612e-03
  7 (restart 0) KSP residual norm 1.166639e-03
  8 (restart 0) KSP residual norm 3.131715e-04
  9 (restart 0) KSP residual norm 8.084027e-05
 10 (restart 0) KSP residual norm 2.257714e-05
 11 (restart 0) KSP residual norm 6.033378e-06
 12 (restart 0) KSP residual norm 2.015698e-06
 13 (restart 0) KSP residual norm 5.324698e-07
 14 (restart 0) KSP residual norm 1.287400e-07
 15 (restart 0) KSP residual norm 3.578484e-08
GMRES solver converged in 15 iterations (avg. reduction factor: 2.769e-01)
  Residual norms for GMRES solve
  0 (restart 0) KSP residual norm 6.115759e+01
  1 (restart 0) KSP residual norm 9.725854e+00
  2 (restart 0) KSP residual norm 2.594056e+00
  3 (restart 0) KSP residual norm 2.016250e-01
  4 (restart 0) KSP residual norm 9.279930e-02
  5 (restart 0) KSP residual norm 2.185623e-02
  6 (restart 0) KSP residual norm 4.313668e-03
  7 (restart 0) KSP residual norm 1.155318e-03
  8 (restart 0) KSP residual norm 3.182301e-04
  9 (restart 0) KSP residual norm 7.606224e-05
 10 (restart 0) KSP residual norm 2.182957e-05
 11 (restart 0) KSP residual norm 5.781504e-06
 12 (restart 0) KSP residual norm 1.550875e-06
 13 (restart 0) KSP residual norm 5.000726e-07
GMRES solver converged in 13 iterations (avg. reduction factor: 2.387e-01)
  Residual norms for GMRES solve
  0 (restart 0) KSP residual norm 2.464550e+01
  1 (restart 0) KSP residual norm 8.526524e+00
  2 (restart 0) KSP residual norm 2.793619e+00
  3 (restart 0) KSP residual norm 2.108699e-01
  4 (restart 0) KSP residual norm 7.269768e-02
  5 (restart 0) KSP residual norm 2.140046e-02
  6 (restart 0) KSP residual norm 3.965144e-03
  7 (restart 0) KSP residual norm 1.004082e-03
  8 (restart 0) KSP residual norm 2.353751e-04
  9 (restart 0) KSP residual norm 7.091299e-05
 10 (restart 0) KSP residual norm 1.606313e-05
 11 (restart 0) KSP residual norm 4.173569e-06
 12 (restart 0) KSP residual norm 1.019418e-06
 13 (restart 0) KSP residual norm 2.775946e-07
 14 (restart 0) KSP residual norm 7.883675e-08
GMRES solver converged in 14 iterations (avg. reduction factor: 2.473e-01)
  Residual norms for GMRES solve
  0 (restart 0) KSP residual norm 2.509606e+01
  1 (restart 0) KSP residual norm 5.076760e+00
  2 (restart 0) KSP residual norm 2.188368e+00
  3 (restart 0) KSP residual norm 1.640587e-01
  4 (restart 0) KSP residual norm 8.397685e-02
  5 (restart 0) KSP residual norm 2.419902e-02
  6 (restart 0) KSP residual norm 4.538606e-03
  7 (restart 0) KSP residual norm 1.282346e-03
  8 (restart 0) KSP residual norm 3.135012e-04
  9 (restart 0) KSP residual norm 8.571892e-05
 10 (restart 0) KSP residual norm 2.136389e-05
 11 (restart 0) KSP residual norm 6.590580e-06
 12 (restart 0) KSP residual norm 1.834078e-06
 13 (restart 0) KSP residual norm 5.723565e-07
 14 (restart 0) KSP residual norm 1.528461e-07
GMRES solver converged in 14 iterations (avg. reduction factor: 2.589e-01)
  Residual norms for GMRES solve
  0 (restart 0) KSP residual norm 4.528837e+01
  1 (restart 0) KSP residual norm 7.828077e+00
  2 (restart 0) KSP residual norm 3.099165e+00
  3 (restart 0) KSP residual norm 3.805393e-01
  4 (restart 0) KSP residual norm 8.895411e-02
  5 (restart 0) KSP residual norm 2.551709e-02
  6 (restart 0) KSP residual norm 5.264533e-03
  7 (restart 0) KSP residual norm 1.309851e-03
  8 (restart 0) KSP residual norm 3.087765e-04
  9 (restart 0) KSP residual norm 7.588150e-05
 10 (restart 0) KSP residual norm 1.872254e-05
 11 (restart 0) KSP residual norm 4.986685e-06
 12 (restart 0) KSP residual norm 1.515654e-06
 13 (restart 0) KSP residual norm 4.164489e-07
GMRES solver converged in 13 iterations (avg. reduction factor: 2.409e-01)
  Residual norms for GMRES solve
  0 (restart 0) KSP residual norm 3.530859e+01
  1 (restart 0) KSP residual norm 1.336183e+01
  2 (restart 0) KSP residual norm 2.496695e+00
  3 (restart 0) KSP residual norm 4.726315e-01
  4 (restart 0) KSP residual norm 9.622824e-02
  5 (restart 0) KSP residual norm 2.755832e-02
  6 (restart 0) KSP residual norm 5.986585e-03
  7 (restart 0) KSP residual norm 1.582799e-03
  8 (restart 0) KSP residual norm 3.681160e-04
  9 (restart 0) KSP residual norm 1.076549e-04
 10 (restart 0) KSP residual norm 2.233880e-05
 11 (restart 0) KSP residual norm 6.059499e-06
 12 (restart 0) KSP residual norm 1.573007e-06
 13 (restart 0) KSP residual norm 4.509789e-07
 14 (restart 0) KSP residual norm 1.235293e-07
GMRES solver converged in 14 iterations (avg. reduction factor: 2.489e-01)
  2 EPS nconv=7 first unconverged value (error) -1.72647e-05+0.379869i (3.07623487e-03)

 Linear eigensolve converged (7 eigenpairs) due to CONVERGED_TOL; iterations 2
 Total number of linear systems solved: 27
 Total number of linear solver iterations: 363
 Found 7 converged eigenvalues (first = -5.591e-04+9.038e+00i)

 Refining eigenvalues with Quasi-Newton solver
  Residual norms for GMRES solve
  0 (restart 0) KSP residual norm 8.677713e+00
  1 (restart 0) KSP residual norm 7.221616e-01
  2 (restart 0) KSP residual norm 7.220212e-01
  3 (restart 0) KSP residual norm 2.170825e-01
  4 (restart 0) KSP residual norm 5.371672e-02
  5 (restart 0) KSP residual norm 4.833176e-02
  6 (restart 0) KSP residual norm 4.433632e-02
  7 (restart 0) KSP residual norm 4.367892e-02
  8 (restart 0) KSP residual norm 4.365860e-02
  9 (restart 0) KSP residual norm 4.235765e-02
 10 (restart 0) KSP residual norm 3.838184e-02
 11 (restart 0) KSP residual norm 3.712215e-02
 12 (restart 0) KSP residual norm 3.465993e-02
 13 (restart 0) KSP residual norm 3.357244e-02
 14 (restart 0) KSP residual norm 3.230952e-02
 15 (restart 0) KSP residual norm 3.141554e-02
 16 (restart 0) KSP residual norm 3.115345e-02
 17 (restart 0) KSP residual norm 3.098694e-02
 18 (restart 0) KSP residual norm 2.797406e-02
 19 (restart 0) KSP residual norm 1.851332e-02
 20 (restart 0) KSP residual norm 7.116907e-03
 21 (restart 0) KSP residual norm 2.313099e-03
 22 (restart 0) KSP residual norm 6.188070e-04
GMRES solver converged in 22 iterations (avg. reduction factor: 6.479e-01)
0 NLEPS (nconv=0, restart=0) residual norm 1.010010e-03
  Residual norms for GMRES solve
  0 (restart 0) KSP residual norm 7.083325e-03
  1 (restart 0) KSP residual norm 7.609186e-04
  2 (restart 0) KSP residual norm 7.384252e-04
  3 (restart 0) KSP residual norm 2.366164e-04
  4 (restart 0) KSP residual norm 1.541903e-04
  5 (restart 0) KSP residual norm 1.281304e-04
  6 (restart 0) KSP residual norm 1.093697e-04
  7 (restart 0) KSP residual norm 7.833929e-05
  8 (restart 0) KSP residual norm 5.859127e-05
  9 (restart 0) KSP residual norm 5.645745e-05
 10 (restart 0) KSP residual norm 5.624954e-05
 11 (restart 0) KSP residual norm 5.524738e-05
 12 (restart 0) KSP residual norm 5.483838e-05
 13 (restart 0) KSP residual norm 5.456763e-05
 14 (restart 0) KSP residual norm 5.456226e-05
 15 (restart 0) KSP residual norm 5.437680e-05
 16 (restart 0) KSP residual norm 5.425520e-05
 17 (restart 0) KSP residual norm 5.227058e-05
 18 (restart 0) KSP residual norm 4.330528e-05
 19 (restart 0) KSP residual norm 2.218945e-05
 20 (restart 0) KSP residual norm 7.339854e-06
 21 (restart 0) KSP residual norm 1.937150e-06
 22 (restart 0) KSP residual norm 5.826494e-07
GMRES solver converged in 22 iterations (avg. reduction factor: 6.521e-01)
1 NLEPS (nconv=0, restart=0) residual norm 1.115186e-05
  Residual norms for GMRES solve
  0 (restart 0) KSP residual norm 8.216220e-09
  1 (restart 0) KSP residual norm 6.923358e-09
  2 (restart 0) KSP residual norm 6.307661e-09
  3 (restart 0) KSP residual norm 5.405405e-09
  4 (restart 0) KSP residual norm 4.708573e-09
  5 (restart 0) KSP residual norm 4.473999e-09
  6 (restart 0) KSP residual norm 2.793575e-09
  7 (restart 0) KSP residual norm 1.961474e-09
  8 (restart 0) KSP residual norm 1.726854e-09
  9 (restart 0) KSP residual norm 1.568859e-09
 10 (restart 0) KSP residual norm 1.181530e-09
 11 (restart 0) KSP residual norm 5.359538e-10
 12 (restart 0) KSP residual norm 1.057959e-10
 13 (restart 0) KSP residual norm 4.808352e-11
 14 (restart 0) KSP residual norm 3.819606e-11
 15 (restart 0) KSP residual norm 3.556556e-11
 16 (restart 0) KSP residual norm 2.887281e-11
 17 (restart 0) KSP residual norm 2.559545e-11
 18 (restart 0) KSP residual norm 2.471474e-11
 19 (restart 0) KSP residual norm 2.406906e-11
 20 (restart 0) KSP residual norm 2.379688e-11
 21 (restart 0) KSP residual norm 2.342466e-11
 22 (restart 0) KSP residual norm 2.143398e-11
 23 (restart 0) KSP residual norm 1.431251e-11
 24 (restart 0) KSP residual norm 5.000075e-12
 25 (restart 0) KSP residual norm 1.687596e-12
 26 (restart 0) KSP residual norm 4.809744e-13
GMRES solver converged in 26 iterations (avg. reduction factor: 6.874e-01)
2 NLEPS (nconv=0, restart=0) residual norm 1.983461e-09
Eigenvalue 0, Quasi-Newton converged in 2 iterations (-5.590e-04+9.038e+00i).
  Residual norms for GMRES solve
  0 (restart 0) KSP residual norm 8.676720e+00
  1 (restart 0) KSP residual norm 7.163715e-01
  2 (restart 0) KSP residual norm 7.157888e-01
  3 (restart 0) KSP residual norm 2.380780e-01
  4 (restart 0) KSP residual norm 6.467091e-02
  5 (restart 0) KSP residual norm 5.723642e-02
  6 (restart 0) KSP residual norm 5.345409e-02
  7 (restart 0) KSP residual norm 5.294317e-02
  8 (restart 0) KSP residual norm 5.287445e-02
  9 (restart 0) KSP residual norm 4.986548e-02
 10 (restart 0) KSP residual norm 4.468157e-02
 11 (restart 0) KSP residual norm 4.454729e-02
 12 (restart 0) KSP residual norm 4.453375e-02
 13 (restart 0) KSP residual norm 4.448881e-02
 14 (restart 0) KSP residual norm 4.420969e-02
 15 (restart 0) KSP residual norm 4.418949e-02
 16 (restart 0) KSP residual norm 4.300809e-02
 17 (restart 0) KSP residual norm 4.199111e-02
 18 (restart 0) KSP residual norm 3.951776e-02
 19 (restart 0) KSP residual norm 2.342379e-02
 20 (restart 0) KSP residual norm 9.478220e-03
 21 (restart 0) KSP residual norm 2.927175e-03
 22 (restart 0) KSP residual norm 7.782718e-04
GMRES solver converged in 22 iterations (avg. reduction factor: 6.547e-01)
0 NLEPS (nconv=1, restart=0) residual norm 1.067067e-01
  Residual norms for GMRES solve
  0 (restart 0) KSP residual norm 5.721141e+00
  1 (restart 0) KSP residual norm 1.285720e+00
  2 (restart 0) KSP residual norm 9.790388e-01
  3 (restart 0) KSP residual norm 8.036839e-01
  4 (restart 0) KSP residual norm 4.958647e-01
  5 (restart 0) KSP residual norm 4.917165e-01
  6 (restart 0) KSP residual norm 4.124993e-01
  7 (restart 0) KSP residual norm 4.105293e-01
  8 (restart 0) KSP residual norm 3.974528e-01
  9 (restart 0) KSP residual norm 2.341542e-01
 10 (restart 0) KSP residual norm 6.541947e-02
 11 (restart 0) KSP residual norm 1.690153e-02
 12 (restart 0) KSP residual norm 4.160785e-03
 13 (restart 0) KSP residual norm 2.328425e-03
 14 (restart 0) KSP residual norm 2.162823e-03
 15 (restart 0) KSP residual norm 2.147643e-03
 16 (restart 0) KSP residual norm 2.119359e-03
 17 (restart 0) KSP residual norm 2.103938e-03
 18 (restart 0) KSP residual norm 2.081903e-03
 19 (restart 0) KSP residual norm 2.070252e-03
 20 (restart 0) KSP residual norm 1.988800e-03
 21 (restart 0) KSP residual norm 1.917730e-03
 22 (restart 0) KSP residual norm 1.425070e-03
 23 (restart 0) KSP residual norm 6.427766e-04
 24 (restart 0) KSP residual norm 1.755129e-04
GMRES solver converged in 24 iterations (avg. reduction factor: 6.486e-01)
1 NLEPS (nconv=1, restart=0) residual norm 5.474092e-04
  Residual norms for GMRES solve
  0 (restart 0) KSP residual norm 3.439850e-07
  1 (restart 0) KSP residual norm 2.619623e-07
  2 (restart 0) KSP residual norm 2.531328e-07
  3 (restart 0) KSP residual norm 2.435137e-07
  4 (restart 0) KSP residual norm 1.676680e-07
  5 (restart 0) KSP residual norm 1.270904e-07
  6 (restart 0) KSP residual norm 1.244542e-07
  7 (restart 0) KSP residual norm 1.130288e-07
  8 (restart 0) KSP residual norm 9.735249e-08
  9 (restart 0) KSP residual norm 5.084756e-08
 10 (restart 0) KSP residual norm 2.455375e-08
 11 (restart 0) KSP residual norm 8.065776e-09
 12 (restart 0) KSP residual norm 2.044011e-09
 13 (restart 0) KSP residual norm 1.145857e-09
 14 (restart 0) KSP residual norm 1.114761e-09
 15 (restart 0) KSP residual norm 1.075605e-09
 16 (restart 0) KSP residual norm 9.484480e-10
 17 (restart 0) KSP residual norm 7.675043e-10
 18 (restart 0) KSP residual norm 6.246907e-10
 19 (restart 0) KSP residual norm 5.447830e-10
 20 (restart 0) KSP residual norm 4.658478e-10
 21 (restart 0) KSP residual norm 4.404783e-10
 22 (restart 0) KSP residual norm 3.678218e-10
 23 (restart 0) KSP residual norm 2.234494e-10
 24 (restart 0) KSP residual norm 1.039384e-10
 25 (restart 0) KSP residual norm 2.061277e-11
GMRES solver converged in 25 iterations (avg. reduction factor: 6.778e-01)
2 NLEPS (nconv=1, restart=0) residual norm 1.586056e-07
  Residual norms for GMRES solve
  0 (restart 0) KSP residual norm 5.016119e-10
  1 (restart 0) KSP residual norm 2.855895e-10
  2 (restart 0) KSP residual norm 1.460540e-10
  3 (restart 0) KSP residual norm 7.256844e-11
  4 (restart 0) KSP residual norm 4.971087e-11
  5 (restart 0) KSP residual norm 3.543994e-11
  6 (restart 0) KSP residual norm 2.981089e-11
  7 (restart 0) KSP residual norm 2.918501e-11
  8 (restart 0) KSP residual norm 2.817427e-11
  9 (restart 0) KSP residual norm 2.759440e-11
 10 (restart 0) KSP residual norm 2.686169e-11
 11 (restart 0) KSP residual norm 2.436284e-11
 12 (restart 0) KSP residual norm 2.238474e-11
 13 (restart 0) KSP residual norm 2.174639e-11
 14 (restart 0) KSP residual norm 2.166119e-11
 15 (restart 0) KSP residual norm 2.158297e-11
 16 (restart 0) KSP residual norm 2.149933e-11
 17 (restart 0) KSP residual norm 2.123638e-11
 18 (restart 0) KSP residual norm 1.984858e-11
 19 (restart 0) KSP residual norm 1.589626e-11
 20 (restart 0) KSP residual norm 8.459309e-12
 21 (restart 0) KSP residual norm 2.782108e-12
 22 (restart 0) KSP residual norm 9.426958e-13
GMRES solver converged in 22 iterations (avg. reduction factor: 7.518e-01)
3 NLEPS (nconv=1, restart=0) residual norm 8.014787e-09
Eigenvalue 1, Quasi-Newton converged in 3 iterations (-5.597e-04+9.038e+00i).
  Residual norms for GMRES solve
  0 (restart 0) KSP residual norm 8.673537e+00
  1 (restart 0) KSP residual norm 7.004791e-01
  2 (restart 0) KSP residual norm 6.965523e-01
  3 (restart 0) KSP residual norm 3.433698e-01
  4 (restart 0) KSP residual norm 1.896165e-01
  5 (restart 0) KSP residual norm 5.593705e-02
  6 (restart 0) KSP residual norm 2.743213e-02
  7 (restart 0) KSP residual norm 2.721600e-02
  8 (restart 0) KSP residual norm 2.659567e-02
  9 (restart 0) KSP residual norm 2.134681e-02
 10 (restart 0) KSP residual norm 1.007705e-02
 11 (restart 0) KSP residual norm 5.956225e-03
 12 (restart 0) KSP residual norm 3.544219e-03
 13 (restart 0) KSP residual norm 2.629885e-03
 14 (restart 0) KSP residual norm 1.717100e-03
 15 (restart 0) KSP residual norm 1.483439e-03
 16 (restart 0) KSP residual norm 1.341900e-03
 17 (restart 0) KSP residual norm 1.333856e-03
 18 (restart 0) KSP residual norm 1.332576e-03
 19 (restart 0) KSP residual norm 1.316652e-03
 20 (restart 0) KSP residual norm 1.238200e-03
 21 (restart 0) KSP residual norm 1.181589e-03
 22 (restart 0) KSP residual norm 7.858528e-04
GMRES solver converged in 22 iterations (avg. reduction factor: 6.550e-01)
0 NLEPS (nconv=2, restart=0) residual norm 1.139831e-01
  Residual norms for GMRES solve
  0 (restart 0) KSP residual norm 6.633541e+00
  1 (restart 0) KSP residual norm 1.580152e+00
  2 (restart 0) KSP residual norm 1.064220e+00
  3 (restart 0) KSP residual norm 8.496748e-01
  4 (restart 0) KSP residual norm 2.875283e-01
  5 (restart 0) KSP residual norm 1.016468e-01
  6 (restart 0) KSP residual norm 7.780012e-02
  7 (restart 0) KSP residual norm 7.038738e-02
  8 (restart 0) KSP residual norm 6.791074e-02
  9 (restart 0) KSP residual norm 4.290346e-02
 10 (restart 0) KSP residual norm 1.768698e-02
 11 (restart 0) KSP residual norm 1.314706e-02
 12 (restart 0) KSP residual norm 9.970802e-03
 13 (restart 0) KSP residual norm 7.171659e-03
 14 (restart 0) KSP residual norm 5.576659e-03
 15 (restart 0) KSP residual norm 4.880854e-03
 16 (restart 0) KSP residual norm 4.534686e-03
 17 (restart 0) KSP residual norm 4.442489e-03
 18 (restart 0) KSP residual norm 4.442308e-03
 19 (restart 0) KSP residual norm 4.391470e-03
 20 (restart 0) KSP residual norm 4.222625e-03
 21 (restart 0) KSP residual norm 3.464857e-03
 22 (restart 0) KSP residual norm 2.519476e-03
 23 (restart 0) KSP residual norm 1.018239e-03
 24 (restart 0) KSP residual norm 2.885556e-04
GMRES solver converged in 24 iterations (avg. reduction factor: 6.581e-01)
1 NLEPS (nconv=2, restart=0) residual norm 8.174031e-04
  Residual norms for GMRES solve
  0 (restart 0) KSP residual norm 7.591948e-08
  1 (restart 0) KSP residual norm 5.628500e-08
  2 (restart 0) KSP residual norm 5.623223e-08
  3 (restart 0) KSP residual norm 4.185833e-08
  4 (restart 0) KSP residual norm 2.204200e-08
  5 (restart 0) KSP residual norm 6.457711e-09
  6 (restart 0) KSP residual norm 1.381013e-09
  7 (restart 0) KSP residual norm 6.644185e-10
  8 (restart 0) KSP residual norm 5.044761e-10
  9 (restart 0) KSP residual norm 3.946722e-10
 10 (restart 0) KSP residual norm 3.136026e-10
 11 (restart 0) KSP residual norm 1.506069e-10
 12 (restart 0) KSP residual norm 3.855865e-11
 13 (restart 0) KSP residual norm 1.840811e-11
 14 (restart 0) KSP residual norm 1.295739e-11
 15 (restart 0) KSP residual norm 1.205505e-11
 16 (restart 0) KSP residual norm 1.194230e-11
 17 (restart 0) KSP residual norm 1.179054e-11
 18 (restart 0) KSP residual norm 1.168069e-11
 19 (restart 0) KSP residual norm 1.129781e-11
 20 (restart 0) KSP residual norm 1.094463e-11
 21 (restart 0) KSP residual norm 1.053534e-11
 22 (restart 0) KSP residual norm 1.013199e-11
 23 (restart 0) KSP residual norm 9.506089e-12
 24 (restart 0) KSP residual norm 8.388432e-12
 25 (restart 0) KSP residual norm 5.160995e-12
GMRES solver converged in 25 iterations (avg. reduction factor: 6.812e-01)
2 NLEPS (nconv=2, restart=0) residual norm 2.048549e-07
  Residual norms for GMRES solve
  0 (restart 0) KSP residual norm 1.275792e-10
  1 (restart 0) KSP residual norm 1.182197e-10
  2 (restart 0) KSP residual norm 7.410011e-11
  3 (restart 0) KSP residual norm 6.212619e-11
  4 (restart 0) KSP residual norm 3.776884e-11
  5 (restart 0) KSP residual norm 3.538803e-11
  6 (restart 0) KSP residual norm 2.146052e-11
  7 (restart 0) KSP residual norm 1.924281e-11
  8 (restart 0) KSP residual norm 1.825941e-11
  9 (restart 0) KSP residual norm 1.744531e-11
 10 (restart 0) KSP residual norm 1.695230e-11
 11 (restart 0) KSP residual norm 1.679600e-11
 12 (restart 0) KSP residual norm 1.674560e-11
 13 (restart 0) KSP residual norm 1.673497e-11
 14 (restart 0) KSP residual norm 1.641393e-11
 15 (restart 0) KSP residual norm 1.625198e-11
 16 (restart 0) KSP residual norm 1.586077e-11
 17 (restart 0) KSP residual norm 1.548205e-11
 18 (restart 0) KSP residual norm 1.496099e-11
 19 (restart 0) KSP residual norm 1.035415e-11
 20 (restart 0) KSP residual norm 4.153193e-12
 21 (restart 0) KSP residual norm 1.308226e-12
 22 (restart 0) KSP residual norm 4.002984e-13
GMRES solver converged in 22 iterations (avg. reduction factor: 7.695e-01)
3 NLEPS (nconv=2, restart=0) residual norm 2.843997e-09
Eigenvalue 2, Quasi-Newton converged in 3 iterations (-1.049e-04+9.040e+00i).
  Residual norms for GMRES solve
  0 (restart 0) KSP residual norm 1.491666e+01
  1 (restart 0) KSP residual norm 7.097418e+00
  2 (restart 0) KSP residual norm 1.831029e+00
  3 (restart 0) KSP residual norm 1.884597e-01
  4 (restart 0) KSP residual norm 9.922263e-02
  5 (restart 0) KSP residual norm 9.374851e-02
  6 (restart 0) KSP residual norm 9.012769e-02
  7 (restart 0) KSP residual norm 7.843280e-02
  8 (restart 0) KSP residual norm 5.067346e-02
  9 (restart 0) KSP residual norm 4.213411e-02
 10 (restart 0) KSP residual norm 4.213178e-02
 11 (restart 0) KSP residual norm 3.978487e-02
 12 (restart 0) KSP residual norm 3.900143e-02
 13 (restart 0) KSP residual norm 3.899941e-02
 14 (restart 0) KSP residual norm 3.898672e-02
 15 (restart 0) KSP residual norm 3.859040e-02
 16 (restart 0) KSP residual norm 3.849444e-02
 17 (restart 0) KSP residual norm 3.338375e-02
 18 (restart 0) KSP residual norm 2.000768e-02
 19 (restart 0) KSP residual norm 7.046432e-03
 20 (restart 0) KSP residual norm 1.814070e-03
 21 (restart 0) KSP residual norm 7.079189e-04
GMRES solver converged in 21 iterations (avg. reduction factor: 6.225e-01)
0 NLEPS (nconv=3, restart=0) residual norm 1.403502e-01
  Residual norms for GMRES solve
  0 (restart 0) KSP residual norm 3.664803e+00
  1 (restart 0) KSP residual norm 9.855307e-01
  2 (restart 0) KSP residual norm 6.886388e-01
  3 (restart 0) KSP residual norm 9.673581e-02
  4 (restart 0) KSP residual norm 2.008483e-02
  5 (restart 0) KSP residual norm 5.544576e-03
  6 (restart 0) KSP residual norm 4.751942e-03
  7 (restart 0) KSP residual norm 4.555096e-03
  8 (restart 0) KSP residual norm 4.156040e-03
  9 (restart 0) KSP residual norm 4.138109e-03
 10 (restart 0) KSP residual norm 4.072335e-03
 11 (restart 0) KSP residual norm 3.950031e-03
 12 (restart 0) KSP residual norm 3.942085e-03
 13 (restart 0) KSP residual norm 3.916671e-03
 14 (restart 0) KSP residual norm 3.909741e-03
 15 (restart 0) KSP residual norm 3.895106e-03
 16 (restart 0) KSP residual norm 3.889202e-03
 17 (restart 0) KSP residual norm 3.884802e-03
 18 (restart 0) KSP residual norm 3.854042e-03
 19 (restart 0) KSP residual norm 3.773225e-03
 20 (restart 0) KSP residual norm 2.892207e-03
 21 (restart 0) KSP residual norm 1.575512e-03
 22 (restart 0) KSP residual norm 3.817897e-04
 23 (restart 0) KSP residual norm 1.311729e-04
GMRES solver converged in 23 iterations (avg. reduction factor: 6.407e-01)
1 NLEPS (nconv=3, restart=0) residual norm 1.250453e-03
  Residual norms for GMRES solve
  0 (restart 0) KSP residual norm 7.706996e-07
  1 (restart 0) KSP residual norm 9.397259e-08
  2 (restart 0) KSP residual norm 5.666219e-08
  3 (restart 0) KSP residual norm 1.521514e-08
  4 (restart 0) KSP residual norm 6.087363e-09
  5 (restart 0) KSP residual norm 4.024960e-09
  6 (restart 0) KSP residual norm 2.810965e-09
  7 (restart 0) KSP residual norm 2.623150e-09
  8 (restart 0) KSP residual norm 2.518767e-09
  9 (restart 0) KSP residual norm 2.369590e-09
 10 (restart 0) KSP residual norm 2.136152e-09
 11 (restart 0) KSP residual norm 9.258192e-10
 12 (restart 0) KSP residual norm 4.095708e-10
 13 (restart 0) KSP residual norm 2.738209e-10
 14 (restart 0) KSP residual norm 2.486295e-10
 15 (restart 0) KSP residual norm 2.437850e-10
 16 (restart 0) KSP residual norm 2.368760e-10
 17 (restart 0) KSP residual norm 2.340924e-10
 18 (restart 0) KSP residual norm 2.339095e-10
 19 (restart 0) KSP residual norm 2.334686e-10
 20 (restart 0) KSP residual norm 2.327596e-10
 21 (restart 0) KSP residual norm 2.214191e-10
 22 (restart 0) KSP residual norm 1.451315e-10
 23 (restart 0) KSP residual norm 5.913499e-11
GMRES solver converged in 23 iterations (avg. reduction factor: 6.623e-01)
2 NLEPS (nconv=3, restart=0) residual norm 3.449480e-07
  Residual norms for GMRES solve
  0 (restart 0) KSP residual norm 8.401312e-09
  1 (restart 0) KSP residual norm 1.174491e-09
  2 (restart 0) KSP residual norm 5.718084e-10
  3 (restart 0) KSP residual norm 9.583566e-11
  4 (restart 0) KSP residual norm 6.815541e-11
  5 (restart 0) KSP residual norm 6.652981e-11
  6 (restart 0) KSP residual norm 6.615556e-11
  7 (restart 0) KSP residual norm 6.590013e-11
  8 (restart 0) KSP residual norm 6.393776e-11
  9 (restart 0) KSP residual norm 6.260788e-11
 10 (restart 0) KSP residual norm 6.112571e-11
 11 (restart 0) KSP residual norm 6.079821e-11
 12 (restart 0) KSP residual norm 6.039000e-11
 13 (restart 0) KSP residual norm 5.990278e-11
 14 (restart 0) KSP residual norm 5.916203e-11
 15 (restart 0) KSP residual norm 5.750850e-11
 16 (restart 0) KSP residual norm 5.746138e-11
 17 (restart 0) KSP residual norm 5.693766e-11
 18 (restart 0) KSP residual norm 4.956506e-11
 19 (restart 0) KSP residual norm 2.789155e-11
 20 (restart 0) KSP residual norm 9.465308e-12
 21 (restart 0) KSP residual norm 2.846797e-12
 22 (restart 0) KSP residual norm 7.028758e-13
GMRES solver converged in 22 iterations (avg. reduction factor: 6.526e-01)
3 NLEPS (nconv=3, restart=0) residual norm 5.138874e-10
Eigenvalue 3, Quasi-Newton converged in 3 iterations (-1.986e-04+9.675e+00i).

Computing solution error estimates and performing postprocessing

     m,        Re{f} (GHz),        Im{f} (GHz),                  Q,      Error (Bkwd.),       Error (Abs.)
     1,      +2.450030e+00,      +1.515467e-04,      +8.083419e+03,      +2.523676e-13,      +1.983461e-09
     2,      +2.450148e+00,      +1.517132e-04,      +8.074931e+03,      +1.019758e-12,      +8.014698e-09
     3,      +2.450554e+00,      +2.843321e-05,      +4.309316e+04,      +3.617483e-13,      +2.843131e-09
     4,      +2.622862e+00,      +5.383680e-05,      +2.435937e+04,      +6.536401e-14,      +5.138616e-10

Completed 0 iterations of adaptive mesh refinement (AMR):
 Indicator norm = 2.998e-02, global unknowns = 249902
 Max. iterations = 0, tol. = 1.000e-02

Estimated peak per-rank memory usage is: Min. 160.2M, Max. 181.7M, Avg. 167.3M, Total 5.2G
Estimated peak per-node memory usage is: Min. 5.2G, Max. 5.2G, Avg. 5.2G, Total 5.2G

Elapsed Time Report (s)           Min.        Max.        Avg.
==============================================================
Initialization                   0.109       0.276       0.271
  Mesh Preprocessing             0.221       0.389       0.227
Operator Construction            1.234       1.243       1.236
Linear Solve                     5.557       5.666       5.605
  Setup                          2.734       2.734       2.734
  Preconditioner                65.127      65.353      65.296
  Coarse Solve                   5.920       6.066       5.959
Eigenvalue Solve                 0.915       0.919       0.917
Div.-Free Projection             3.981       3.988       3.987
Estimation                       0.020       0.021       0.020
  Construction                   0.179       0.179       0.179
  Solve                          0.782       0.784       0.783
Postprocessing                   0.336       0.338       0.336
Disk IO                          0.419       0.419       0.419
--------------------------------------------------------------
Total                           89.106      89.121      89.114

Peak Memory                   Per-Node       Total   Total HWM
==============================================================
Initialization                   70.7M       70.7M       70.7M
  Mesh Preprocessing            102.3M      102.3M      173.0M
Operator Construction           682.8M      682.8M      855.8M
Linear Solve                    512.0K      512.0K      856.2M
  Setup                         460.8M      460.8M        1.3G
  Preconditioner                 10.5M       10.5M        1.3G
  Coarse Solve                    1.9G        1.9G        3.2G
Eigenvalue Solve                142.6M      142.6M        3.3G
Div.-Free Projection            206.3M      206.3M        3.5G
Estimation                      130.5M      130.5M        3.6G
  Construction                  196.9M      196.9M        3.8G
  Solve                         135.8M      135.8M        4.0G
Postprocessing                  367.2M      367.2M        4.3G
Disk IO                          46.5M       46.5M        4.4G
--------------------------------------------------------------
Total                             4.8G        4.8G        4.8G

