>> /opt/amip/envs/emsim/bin/mpirun -n 32 /opt/amip/palace/bin/palace-x86_64.bin e0f2_o1.json

_____________     _______
_____   __   \____ __   /____ ____________
____   /_/  /  __ ` /  /  __ ` /  ___/  _ \
___   _____/  /_/  /  /  /_/  /  /__/  ___/
  /__/     \___,__/__/\___,__/\_____\_____/

Git changeset ID: v0.17.0-293-g3c83b9db0
Running with 32 MPI processes, 1 OpenMP thread
Device configuration: omp,cpu
Memory configuration: host-std
libCEED backend: /cpu/self/xsmm/blocked

Added 11830 boundary elements for material interfaces to the mesh

Characteristic length and time scales:
 Lc = 2.074e-01 m, tc = 6.918e-01 ns
Finished partitioning mesh into 32 subdomains

Mesh curvature order: 1
Mesh bounding box:
 (Xmin, Ymin, Zmin) = (-1.037e-01, -1.037e-01, -4.426e-02) m
 (Xmax, Ymax, Zmax) = (+1.037e-01, +1.037e-01, +4.426e-02) m

Parallel Mesh Stats:

                minimum     average     maximum       total
 vertices           346         450         577       14404
 edges             2759        3101        3456       99243
 faces             4965        5255        5522      168162
 elements          2539        2603        2682       83322
 neighbors            7          11          24

            minimum     maximum
 h       0.00398079    0.114125
 kappa      1.00492     17.0333

Estimated current per-rank memory usage is: Min. 32.8M, Max. 87.4M, Avg. 35.1M, Total 1.1G
Estimated current per-node memory usage is: Min. 1.1G, Max. 1.1G, Avg. 1.1G, Total 1.1G

Configuring Dirichlet PEC BC at attributes:
 90

Assembling system matrices, number of global unknowns:
 H1 (p = 2): 113647, ND (p = 2): 534810, RT (p = 2): 754452
 Operator assembly level: Partial
 Mesh geometries:
  Tetrahedron: P = 20, Q = 14 (quadrature order = 4)

Configuring SLEPc eigenvalue solver:
 Scaling γ = 1.080e+05, δ = 1.575e-04
 Configuring divergence-free projection
 Using random starting vector
 Shift-and-invert σ = 1.050e+00 GHz (4.564e+00)

Assembling multigrid hierarchy:
 Level 0 (p = 1): 99243 unknowns
 Level 1 (p = 2): 534810 unknowns
 Level 0 (auxiliary) (p = 1): 14404 unknowns
 Level 1 (auxiliary) (p = 2): 113647 unknowns

#PETSc Option Table entries:
-eps_monitor # (source: code)
#End of PETSc Option Table entries

  Residual norms for GMRES solve
  0 (restart 0) KSP residual norm 1.458592e-02
  1 (restart 0) KSP residual norm 5.446785e-04
  2 (restart 0) KSP residual norm 4.288270e-05
  3 (restart 0) KSP residual norm 6.452935e-06
  4 (restart 0) KSP residual norm 1.067075e-06
  5 (restart 0) KSP residual norm 1.940380e-07
  6 (restart 0) KSP residual norm 3.644072e-08
  7 (restart 0) KSP residual norm 6.789854e-09
  8 (restart 0) KSP residual norm 1.264939e-09
  9 (restart 0) KSP residual norm 2.310959e-10
 10 (restart 0) KSP residual norm 4.098952e-11
GMRES solver converged in 10 iterations (avg. reduction factor: 1.396e-01)
  Residual norms for GMRES solve
  0 (restart 0) KSP residual norm 6.309288e+00
  1 (restart 0) KSP residual norm 4.018305e-02
  2 (restart 0) KSP residual norm 1.758065e-03
  3 (restart 0) KSP residual norm 2.477622e-04
  4 (restart 0) KSP residual norm 3.538209e-05
  5 (restart 0) KSP residual norm 6.286512e-06
  6 (restart 0) KSP residual norm 1.030564e-06
  7 (restart 0) KSP residual norm 1.904078e-07
  8 (restart 0) KSP residual norm 3.793876e-08
GMRES solver converged in 8 iterations (avg. reduction factor: 9.384e-02)
  Residual norms for GMRES solve
  0 (restart 0) KSP residual norm 4.315515e+00
  1 (restart 0) KSP residual norm 2.904939e-02
  2 (restart 0) KSP residual norm 1.277765e-03
  3 (restart 0) KSP residual norm 1.744711e-04
  4 (restart 0) KSP residual norm 2.573924e-05
  5 (restart 0) KSP residual norm 4.740183e-06
  6 (restart 0) KSP residual norm 8.323757e-07
  7 (restart 0) KSP residual norm 1.602581e-07
  8 (restart 0) KSP residual norm 3.187472e-08
GMRES solver converged in 8 iterations (avg. reduction factor: 9.628e-02)
  Residual norms for GMRES solve
  0 (restart 0) KSP residual norm 2.897954e-01
  1 (restart 0) KSP residual norm 6.169016e-03
  2 (restart 0) KSP residual norm 4.835115e-04
  3 (restart 0) KSP residual norm 7.401469e-05
  4 (restart 0) KSP residual norm 1.223076e-05
  5 (restart 0) KSP residual norm 2.464952e-06
  6 (restart 0) KSP residual norm 4.305237e-07
  7 (restart 0) KSP residual norm 7.567270e-08
  8 (restart 0) KSP residual norm 1.505809e-08
  9 (restart 0) KSP residual norm 2.820628e-09
GMRES solver converged in 9 iterations (avg. reduction factor: 1.288e-01)
  Residual norms for GMRES solve
  0 (restart 0) KSP residual norm 5.475185e-01
  1 (restart 0) KSP residual norm 1.802995e-02
  2 (restart 0) KSP residual norm 6.033213e-04
  3 (restart 0) KSP residual norm 8.250518e-05
  4 (restart 0) KSP residual norm 1.355187e-05
  5 (restart 0) KSP residual norm 2.532968e-06
  6 (restart 0) KSP residual norm 4.611498e-07
  7 (restart 0) KSP residual norm 8.770302e-08
  8 (restart 0) KSP residual norm 1.655501e-08
  9 (restart 0) KSP residual norm 2.943021e-09
GMRES solver converged in 9 iterations (avg. reduction factor: 1.205e-01)
  Residual norms for GMRES solve
  0 (restart 0) KSP residual norm 4.201309e-01
  1 (restart 0) KSP residual norm 1.511685e-02
  2 (restart 0) KSP residual norm 5.380777e-04
  3 (restart 0) KSP residual norm 7.854173e-05
  4 (restart 0) KSP residual norm 1.282237e-05
  5 (restart 0) KSP residual norm 2.570829e-06
  6 (restart 0) KSP residual norm 4.869227e-07
  7 (restart 0) KSP residual norm 8.949304e-08
  8 (restart 0) KSP residual norm 1.693677e-08
  9 (restart 0) KSP residual norm 2.806921e-09
GMRES solver converged in 9 iterations (avg. reduction factor: 1.235e-01)
  Residual norms for GMRES solve
  0 (restart 0) KSP residual norm 5.929777e-01
  1 (restart 0) KSP residual norm 1.710781e-02
  2 (restart 0) KSP residual norm 5.937092e-04
  3 (restart 0) KSP residual norm 7.068484e-05
  4 (restart 0) KSP residual norm 1.085785e-05
  5 (restart 0) KSP residual norm 2.148076e-06
  6 (restart 0) KSP residual norm 3.954563e-07
  7 (restart 0) KSP residual norm 7.607712e-08
  8 (restart 0) KSP residual norm 1.404201e-08
  9 (restart 0) KSP residual norm 2.446841e-09
GMRES solver converged in 9 iterations (avg. reduction factor: 1.171e-01)
  Residual norms for GMRES solve
  0 (restart 0) KSP residual norm 7.399819e-01
  1 (restart 0) KSP residual norm 1.757119e-02
  2 (restart 0) KSP residual norm 5.992393e-04
  3 (restart 0) KSP residual norm 7.559054e-05
  4 (restart 0) KSP residual norm 1.247904e-05
  5 (restart 0) KSP residual norm 2.457683e-06
  6 (restart 0) KSP residual norm 4.559276e-07
  7 (restart 0) KSP residual norm 8.596192e-08
  8 (restart 0) KSP residual norm 1.606228e-08
  9 (restart 0) KSP residual norm 2.766900e-09
GMRES solver converged in 9 iterations (avg. reduction factor: 1.158e-01)
  Residual norms for GMRES solve
  0 (restart 0) KSP residual norm 2.287642e-01
  1 (restart 0) KSP residual norm 8.626506e-03
  2 (restart 0) KSP residual norm 5.027264e-04
  3 (restart 0) KSP residual norm 6.544013e-05
  4 (restart 0) KSP residual norm 1.040814e-05
  5 (restart 0) KSP residual norm 1.978330e-06
  6 (restart 0) KSP residual norm 3.636983e-07
  7 (restart 0) KSP residual norm 6.446270e-08
  8 (restart 0) KSP residual norm 1.205309e-08
  9 (restart 0) KSP residual norm 2.264398e-09
GMRES solver converged in 9 iterations (avg. reduction factor: 1.290e-01)
  Residual norms for GMRES solve
  0 (restart 0) KSP residual norm 9.095572e-01
  1 (restart 0) KSP residual norm 1.463169e-02
  2 (restart 0) KSP residual norm 5.935016e-04
  3 (restart 0) KSP residual norm 8.044901e-05
  4 (restart 0) KSP residual norm 1.268087e-05
  5 (restart 0) KSP residual norm 2.607604e-06
  6 (restart 0) KSP residual norm 4.754242e-07
  7 (restart 0) KSP residual norm 8.615460e-08
  8 (restart 0) KSP residual norm 1.663997e-08
  9 (restart 0) KSP residual norm 2.775806e-09
GMRES solver converged in 9 iterations (avg. reduction factor: 1.132e-01)
  Residual norms for GMRES solve
  0 (restart 0) KSP residual norm 3.094703e-01
  1 (restart 0) KSP residual norm 9.071747e-03
  2 (restart 0) KSP residual norm 4.334290e-04
  3 (restart 0) KSP residual norm 6.321151e-05
  4 (restart 0) KSP residual norm 1.020445e-05
  5 (restart 0) KSP residual norm 2.020874e-06
  6 (restart 0) KSP residual norm 3.794327e-07
  7 (restart 0) KSP residual norm 6.837313e-08
  8 (restart 0) KSP residual norm 1.252971e-08
  9 (restart 0) KSP residual norm 2.282568e-09
GMRES solver converged in 9 iterations (avg. reduction factor: 1.249e-01)
  Residual norms for GMRES solve
  0 (restart 0) KSP residual norm 1.120797e+00
  1 (restart 0) KSP residual norm 1.412898e-02
  2 (restart 0) KSP residual norm 5.771604e-04
  3 (restart 0) KSP residual norm 8.190120e-05
  4 (restart 0) KSP residual norm 1.293243e-05
  5 (restart 0) KSP residual norm 2.547010e-06
  6 (restart 0) KSP residual norm 4.716372e-07
  7 (restart 0) KSP residual norm 8.694342e-08
  8 (restart 0) KSP residual norm 1.671121e-08
  9 (restart 0) KSP residual norm 2.943900e-09
GMRES solver converged in 9 iterations (avg. reduction factor: 1.113e-01)
  Residual norms for GMRES solve
  0 (restart 0) KSP residual norm 7.350595e-01
  1 (restart 0) KSP residual norm 1.917144e-02
  2 (restart 0) KSP residual norm 5.993513e-04
  3 (restart 0) KSP residual norm 8.635744e-05
  4 (restart 0) KSP residual norm 1.418282e-05
  5 (restart 0) KSP residual norm 2.917402e-06
  6 (restart 0) KSP residual norm 5.668347e-07
  7 (restart 0) KSP residual norm 1.010245e-07
  8 (restart 0) KSP residual norm 1.816563e-08
  9 (restart 0) KSP residual norm 3.034915e-09
GMRES solver converged in 9 iterations (avg. reduction factor: 1.171e-01)
  Residual norms for GMRES solve
  0 (restart 0) KSP residual norm 9.216428e-01
  1 (restart 0) KSP residual norm 2.164429e-02
  2 (restart 0) KSP residual norm 6.234269e-04
  3 (restart 0) KSP residual norm 9.125581e-05
  4 (restart 0) KSP residual norm 1.395652e-05
  5 (restart 0) KSP residual norm 2.541398e-06
  6 (restart 0) KSP residual norm 4.661000e-07
  7 (restart 0) KSP residual norm 9.028234e-08
  8 (restart 0) KSP residual norm 1.721849e-08
  9 (restart 0) KSP residual norm 2.962619e-09
GMRES solver converged in 9 iterations (avg. reduction factor: 1.139e-01)
  Residual norms for GMRES solve
  0 (restart 0) KSP residual norm 3.060197e-01
  1 (restart 0) KSP residual norm 9.058105e-03
  2 (restart 0) KSP residual norm 4.163217e-04
  3 (restart 0) KSP residual norm 6.812976e-05
  4 (restart 0) KSP residual norm 1.139400e-05
  5 (restart 0) KSP residual norm 2.284259e-06
  6 (restart 0) KSP residual norm 4.529023e-07
  7 (restart 0) KSP residual norm 7.906976e-08
  8 (restart 0) KSP residual norm 1.343984e-08
  9 (restart 0) KSP residual norm 2.279273e-09
GMRES solver converged in 9 iterations (avg. reduction factor: 1.250e-01)
  Residual norms for GMRES solve
  0 (restart 0) KSP residual norm 4.105955e-01
  1 (restart 0) KSP residual norm 1.081404e-02
  2 (restart 0) KSP residual norm 4.242318e-04
  3 (restart 0) KSP residual norm 5.904176e-05
  4 (restart 0) KSP residual norm 8.929054e-06
  5 (restart 0) KSP residual norm 1.552314e-06
  6 (restart 0) KSP residual norm 2.530958e-07
  7 (restart 0) KSP residual norm 4.540207e-08
  8 (restart 0) KSP residual norm 8.795978e-09
  9 (restart 0) KSP residual norm 1.611767e-09
GMRES solver converged in 9 iterations (avg. reduction factor: 1.164e-01)
  Residual norms for GMRES solve
  0 (restart 0) KSP residual norm 4.982433e-01
  1 (restart 0) KSP residual norm 1.487123e-02
  2 (restart 0) KSP residual norm 5.777450e-04
  3 (restart 0) KSP residual norm 7.163448e-05
  4 (restart 0) KSP residual norm 1.106858e-05
  5 (restart 0) KSP residual norm 2.279789e-06
  6 (restart 0) KSP residual norm 4.442190e-07
  7 (restart 0) KSP residual norm 7.932084e-08
  8 (restart 0) KSP residual norm 1.475998e-08
  9 (restart 0) KSP residual norm 2.494494e-09
GMRES solver converged in 9 iterations (avg. reduction factor: 1.196e-01)
  Residual norms for GMRES solve
  0 (restart 0) KSP residual norm 3.202653e-01
  1 (restart 0) KSP residual norm 1.030984e-02
  2 (restart 0) KSP residual norm 6.019509e-04
  3 (restart 0) KSP residual norm 7.118362e-05
  4 (restart 0) KSP residual norm 1.201759e-05
  5 (restart 0) KSP residual norm 2.542573e-06
  6 (restart 0) KSP residual norm 4.738365e-07
  7 (restart 0) KSP residual norm 8.653468e-08
  8 (restart 0) KSP residual norm 1.552339e-08
  9 (restart 0) KSP residual norm 2.537350e-09
GMRES solver converged in 9 iterations (avg. reduction factor: 1.259e-01)
  Residual norms for GMRES solve
  0 (restart 0) KSP residual norm 9.782316e-01
  1 (restart 0) KSP residual norm 1.111862e-02
  2 (restart 0) KSP residual norm 4.960417e-04
  3 (restart 0) KSP residual norm 7.028857e-05
  4 (restart 0) KSP residual norm 1.044340e-05
  5 (restart 0) KSP residual norm 1.886995e-06
  6 (restart 0) KSP residual norm 3.459804e-07
  7 (restart 0) KSP residual norm 6.550220e-08
  8 (restart 0) KSP residual norm 1.273593e-08
  9 (restart 0) KSP residual norm 2.247443e-09
GMRES solver converged in 9 iterations (avg. reduction factor: 1.097e-01)
  Residual norms for GMRES solve
  0 (restart 0) KSP residual norm 1.196520e+00
  1 (restart 0) KSP residual norm 9.647270e-03
  2 (restart 0) KSP residual norm 4.714880e-04
  3 (restart 0) KSP residual norm 7.092909e-05
  4 (restart 0) KSP residual norm 1.078265e-05
  5 (restart 0) KSP residual norm 1.964398e-06
  6 (restart 0) KSP residual norm 3.707102e-07
  7 (restart 0) KSP residual norm 6.799819e-08
  8 (restart 0) KSP residual norm 1.298830e-08
  9 (restart 0) KSP residual norm 2.415203e-09
GMRES solver converged in 9 iterations (avg. reduction factor: 1.081e-01)
  Residual norms for GMRES solve
  0 (restart 0) KSP residual norm 2.334138e+00
  1 (restart 0) KSP residual norm 1.654410e-02
  2 (restart 0) KSP residual norm 7.246166e-04
  3 (restart 0) KSP residual norm 1.086616e-04
  4 (restart 0) KSP residual norm 1.687712e-05
  5 (restart 0) KSP residual norm 3.445068e-06
  6 (restart 0) KSP residual norm 6.582467e-07
  7 (restart 0) KSP residual norm 1.191297e-07
  8 (restart 0) KSP residual norm 2.242804e-08
GMRES solver converged in 8 iterations (avg. reduction factor: 9.950e-02)
  Residual norms for GMRES solve
  0 (restart 0) KSP residual norm 1.885254e+00
  1 (restart 0) KSP residual norm 1.524429e-02
  2 (restart 0) KSP residual norm 6.638804e-04
  3 (restart 0) KSP residual norm 9.639691e-05
  4 (restart 0) KSP residual norm 1.410366e-05
  5 (restart 0) KSP residual norm 2.651260e-06
  6 (restart 0) KSP residual norm 4.862114e-07
  7 (restart 0) KSP residual norm 9.061266e-08
  8 (restart 0) KSP residual norm 1.790660e-08
GMRES solver converged in 8 iterations (avg. reduction factor: 9.936e-02)
  Residual norms for GMRES solve
  0 (restart 0) KSP residual norm 9.329874e-01
  1 (restart 0) KSP residual norm 1.500712e-02
  2 (restart 0) KSP residual norm 6.000162e-04
  3 (restart 0) KSP residual norm 7.415954e-05
  4 (restart 0) KSP residual norm 1.172987e-05
  5 (restart 0) KSP residual norm 2.296060e-06
  6 (restart 0) KSP residual norm 4.237802e-07
  7 (restart 0) KSP residual norm 8.251750e-08
  8 (restart 0) KSP residual norm 1.549356e-08
  9 (restart 0) KSP residual norm 2.566966e-09
GMRES solver converged in 9 iterations (avg. reduction factor: 1.119e-01)
  Residual norms for GMRES solve
  0 (restart 0) KSP residual norm 1.347916e+00
  1 (restart 0) KSP residual norm 1.301945e-02
  2 (restart 0) KSP residual norm 5.704250e-04
  3 (restart 0) KSP residual norm 7.994843e-05
  4 (restart 0) KSP residual norm 1.207145e-05
  5 (restart 0) KSP residual norm 2.361042e-06
  6 (restart 0) KSP residual norm 4.297816e-07
  7 (restart 0) KSP residual norm 7.773367e-08
  8 (restart 0) KSP residual norm 1.531626e-08
  9 (restart 0) KSP residual norm 2.728907e-09
GMRES solver converged in 9 iterations (avg. reduction factor: 1.082e-01)
  Residual norms for GMRES solve
  0 (restart 0) KSP residual norm 5.455824e-01
  1 (restart 0) KSP residual norm 8.404893e-03
  2 (restart 0) KSP residual norm 4.052125e-04
  3 (restart 0) KSP residual norm 6.201963e-05
  4 (restart 0) KSP residual norm 1.053313e-05
  5 (restart 0) KSP residual norm 2.011237e-06
  6 (restart 0) KSP residual norm 3.773764e-07
  7 (restart 0) KSP residual norm 6.961312e-08
  8 (restart 0) KSP residual norm 1.317488e-08
  9 (restart 0) KSP residual norm 2.307075e-09
GMRES solver converged in 9 iterations (avg. reduction factor: 1.174e-01)
  Residual norms for GMRES solve
  0 (restart 0) KSP residual norm 2.904726e-01
  1 (restart 0) KSP residual norm 7.493602e-03
  2 (restart 0) KSP residual norm 3.905124e-04
  3 (restart 0) KSP residual norm 5.835328e-05
  4 (restart 0) KSP residual norm 9.919531e-06
  5 (restart 0) KSP residual norm 1.895195e-06
  6 (restart 0) KSP residual norm 3.630430e-07
  7 (restart 0) KSP residual norm 6.623193e-08
  8 (restart 0) KSP residual norm 1.256704e-08
  9 (restart 0) KSP residual norm 2.224696e-09
GMRES solver converged in 9 iterations (avg. reduction factor: 1.254e-01)
  Residual norms for GMRES solve
  0 (restart 0) KSP residual norm 1.163637e-01
  1 (restart 0) KSP residual norm 4.512729e-03
  2 (restart 0) KSP residual norm 3.509250e-04
  3 (restart 0) KSP residual norm 5.831165e-05
  4 (restart 0) KSP residual norm 9.650531e-06
  5 (restart 0) KSP residual norm 1.982133e-06
  6 (restart 0) KSP residual norm 3.915430e-07
  7 (restart 0) KSP residual norm 7.043061e-08
  8 (restart 0) KSP residual norm 1.237141e-08
  9 (restart 0) KSP residual norm 2.102152e-09
 10 (restart 0) KSP residual norm 3.483317e-10
GMRES solver converged in 10 iterations (avg. reduction factor: 1.405e-01)
  Residual norms for GMRES solve
  0 (restart 0) KSP residual norm 2.250803e-01
  1 (restart 0) KSP residual norm 8.738582e-03
  2 (restart 0) KSP residual norm 4.154356e-04
  3 (restart 0) KSP residual norm 6.813841e-05
  4 (restart 0) KSP residual norm 1.083755e-05
  5 (restart 0) KSP residual norm 1.945589e-06
  6 (restart 0) KSP residual norm 3.465147e-07
  7 (restart 0) KSP residual norm 6.520294e-08
  8 (restart 0) KSP residual norm 1.291428e-08
  9 (restart 0) KSP residual norm 2.280637e-09
 10 (restart 0) KSP residual norm 3.946655e-10
GMRES solver converged in 10 iterations (avg. reduction factor: 1.332e-01)
  Residual norms for GMRES solve
  0 (restart 0) KSP residual norm 1.596357e-01
  1 (restart 0) KSP residual norm 6.534457e-03
  2 (restart 0) KSP residual norm 3.828296e-04
  3 (restart 0) KSP residual norm 5.918896e-05
  4 (restart 0) KSP residual norm 9.380164e-06
  5 (restart 0) KSP residual norm 1.790494e-06
  6 (restart 0) KSP residual norm 3.389344e-07
  7 (restart 0) KSP residual norm 6.259214e-08
  8 (restart 0) KSP residual norm 1.205325e-08
  9 (restart 0) KSP residual norm 2.058820e-09
 10 (restart 0) KSP residual norm 3.341808e-10
GMRES solver converged in 10 iterations (avg. reduction factor: 1.355e-01)
  Residual norms for GMRES solve
  0 (restart 0) KSP residual norm 1.732943e-01
  1 (restart 0) KSP residual norm 6.214809e-03
  2 (restart 0) KSP residual norm 3.566519e-04
  3 (restart 0) KSP residual norm 5.856983e-05
  4 (restart 0) KSP residual norm 1.051436e-05
  5 (restart 0) KSP residual norm 2.017302e-06
  6 (restart 0) KSP residual norm 3.828336e-07
  7 (restart 0) KSP residual norm 6.975290e-08
  8 (restart 0) KSP residual norm 1.316171e-08
  9 (restart 0) KSP residual norm 2.388786e-09
 10 (restart 0) KSP residual norm 4.019842e-10
GMRES solver converged in 10 iterations (avg. reduction factor: 1.369e-01)
  Residual norms for GMRES solve
  0 (restart 0) KSP residual norm 1.365542e-01
  1 (restart 0) KSP residual norm 6.238429e-03
  2 (restart 0) KSP residual norm 3.711207e-04
  3 (restart 0) KSP residual norm 5.807624e-05
  4 (restart 0) KSP residual norm 8.959651e-06
  5 (restart 0) KSP residual norm 1.574207e-06
  6 (restart 0) KSP residual norm 2.790833e-07
  7 (restart 0) KSP residual norm 5.015397e-08
  8 (restart 0) KSP residual norm 9.451377e-09
  9 (restart 0) KSP residual norm 1.769744e-09
 10 (restart 0) KSP residual norm 3.327168e-10
GMRES solver converged in 10 iterations (avg. reduction factor: 1.376e-01)
  Residual norms for GMRES solve
  0 (restart 0) KSP residual norm 2.182888e-01
  1 (restart 0) KSP residual norm 8.387115e-03
  2 (restart 0) KSP residual norm 4.347600e-04
  3 (restart 0) KSP residual norm 6.613556e-05
  4 (restart 0) KSP residual norm 1.144818e-05
  5 (restart 0) KSP residual norm 2.295612e-06
  6 (restart 0) KSP residual norm 4.216580e-07
  7 (restart 0) KSP residual norm 7.638158e-08
  8 (restart 0) KSP residual norm 1.488494e-08
  9 (restart 0) KSP residual norm 2.697919e-09
 10 (restart 0) KSP residual norm 4.278388e-10
GMRES solver converged in 10 iterations (avg. reduction factor: 1.347e-01)
  Residual norms for GMRES solve
  0 (restart 0) KSP residual norm 2.279797e-01
  1 (restart 0) KSP residual norm 7.852600e-03
  2 (restart 0) KSP residual norm 4.058411e-04
  3 (restart 0) KSP residual norm 6.036633e-05
  4 (restart 0) KSP residual norm 9.533140e-06
  5 (restart 0) KSP residual norm 1.759909e-06
  6 (restart 0) KSP residual norm 3.405405e-07
  7 (restart 0) KSP residual norm 6.459451e-08
  8 (restart 0) KSP residual norm 1.221009e-08
  9 (restart 0) KSP residual norm 2.118463e-09
GMRES solver converged in 9 iterations (avg. reduction factor: 1.281e-01)
  Residual norms for GMRES solve
  0 (restart 0) KSP residual norm 1.417505e-01
  1 (restart 0) KSP residual norm 6.286472e-03
  2 (restart 0) KSP residual norm 3.894102e-04
  3 (restart 0) KSP residual norm 6.114561e-05
  4 (restart 0) KSP residual norm 9.758700e-06
  5 (restart 0) KSP residual norm 1.815640e-06
  6 (restart 0) KSP residual norm 3.604222e-07
  7 (restart 0) KSP residual norm 6.762371e-08
  8 (restart 0) KSP residual norm 1.254357e-08
  9 (restart 0) KSP residual norm 2.149504e-09
 10 (restart 0) KSP residual norm 3.679956e-10
GMRES solver converged in 10 iterations (avg. reduction factor: 1.385e-01)
  Residual norms for GMRES solve
  0 (restart 0) KSP residual norm 1.544695e-01
  1 (restart 0) KSP residual norm 6.351866e-03
  2 (restart 0) KSP residual norm 3.787159e-04
  3 (restart 0) KSP residual norm 6.428936e-05
  4 (restart 0) KSP residual norm 1.080395e-05
  5 (restart 0) KSP residual norm 2.121553e-06
  6 (restart 0) KSP residual norm 4.046137e-07
  7 (restart 0) KSP residual norm 7.113624e-08
  8 (restart 0) KSP residual norm 1.370193e-08
  9 (restart 0) KSP residual norm 2.449969e-09
 10 (restart 0) KSP residual norm 4.145537e-10
GMRES solver converged in 10 iterations (avg. reduction factor: 1.390e-01)
  Residual norms for GMRES solve
  0 (restart 0) KSP residual norm 1.456695e-01
  1 (restart 0) KSP residual norm 5.896846e-03
  2 (restart 0) KSP residual norm 4.007427e-04
  3 (restart 0) KSP residual norm 6.478856e-05
  4 (restart 0) KSP residual norm 1.011914e-05
  5 (restart 0) KSP residual norm 1.947828e-06
  6 (restart 0) KSP residual norm 3.632355e-07
  7 (restart 0) KSP residual norm 6.918163e-08
  8 (restart 0) KSP residual norm 1.286652e-08
  9 (restart 0) KSP residual norm 2.125449e-09
 10 (restart 0) KSP residual norm 3.551882e-10
GMRES solver converged in 10 iterations (avg. reduction factor: 1.376e-01)
  Residual norms for GMRES solve
  0 (restart 0) KSP residual norm 1.009267e-01
  1 (restart 0) KSP residual norm 4.131647e-03
  2 (restart 0) KSP residual norm 3.687746e-04
  3 (restart 0) KSP residual norm 5.959235e-05
  4 (restart 0) KSP residual norm 1.036341e-05
  5 (restart 0) KSP residual norm 1.977919e-06
  6 (restart 0) KSP residual norm 3.869294e-07
  7 (restart 0) KSP residual norm 6.971725e-08
  8 (restart 0) KSP residual norm 1.295887e-08
  9 (restart 0) KSP residual norm 2.247116e-09
 10 (restart 0) KSP residual norm 3.777806e-10
GMRES solver converged in 10 iterations (avg. reduction factor: 1.437e-01)
  Residual norms for GMRES solve
  0 (restart 0) KSP residual norm 9.981637e-02
  1 (restart 0) KSP residual norm 5.098601e-03
  2 (restart 0) KSP residual norm 3.355867e-04
  3 (restart 0) KSP residual norm 5.387771e-05
  4 (restart 0) KSP residual norm 9.201547e-06
  5 (restart 0) KSP residual norm 1.678491e-06
  6 (restart 0) KSP residual norm 3.262752e-07
  7 (restart 0) KSP residual norm 6.163990e-08
  8 (restart 0) KSP residual norm 1.120292e-08
  9 (restart 0) KSP residual norm 2.028449e-09
 10 (restart 0) KSP residual norm 3.503753e-10
GMRES solver converged in 10 iterations (avg. reduction factor: 1.427e-01)
  Residual norms for GMRES solve
  0 (restart 0) KSP residual norm 1.196184e-01
  1 (restart 0) KSP residual norm 4.769589e-03
  2 (restart 0) KSP residual norm 3.538535e-04
  3 (restart 0) KSP residual norm 5.557730e-05
  4 (restart 0) KSP residual norm 8.577979e-06
  5 (restart 0) KSP residual norm 1.481233e-06
  6 (restart 0) KSP residual norm 2.639241e-07
  7 (restart 0) KSP residual norm 4.670600e-08
  8 (restart 0) KSP residual norm 8.739149e-09
  9 (restart 0) KSP residual norm 1.672364e-09
 10 (restart 0) KSP residual norm 3.202473e-10
GMRES solver converged in 10 iterations (avg. reduction factor: 1.389e-01)
  Residual norms for GMRES solve
  0 (restart 0) KSP residual norm 1.517131e-01
  1 (restart 0) KSP residual norm 6.528952e-03
  2 (restart 0) KSP residual norm 3.938508e-04
  3 (restart 0) KSP residual norm 5.777305e-05
  4 (restart 0) KSP residual norm 9.392209e-06
  5 (restart 0) KSP residual norm 1.872101e-06
  6 (restart 0) KSP residual norm 3.671278e-07
  7 (restart 0) KSP residual norm 6.777085e-08
  8 (restart 0) KSP residual norm 1.206737e-08
  9 (restart 0) KSP residual norm 2.080776e-09
 10 (restart 0) KSP residual norm 3.487507e-10
GMRES solver converged in 10 iterations (avg. reduction factor: 1.368e-01)
  Residual norms for GMRES solve
  0 (restart 0) KSP residual norm 1.163562e-01
  1 (restart 0) KSP residual norm 4.618577e-03
  2 (restart 0) KSP residual norm 3.862106e-04
  3 (restart 0) KSP residual norm 5.689306e-05
  4 (restart 0) KSP residual norm 9.104822e-06
  5 (restart 0) KSP residual norm 1.604702e-06
  6 (restart 0) KSP residual norm 2.861320e-07
  7 (restart 0) KSP residual norm 5.290439e-08
  8 (restart 0) KSP residual norm 1.025643e-08
  9 (restart 0) KSP residual norm 1.924433e-09
 10 (restart 0) KSP residual norm 3.458143e-10
GMRES solver converged in 10 iterations (avg. reduction factor: 1.404e-01)
  Residual norms for GMRES solve
  0 (restart 0) KSP residual norm 1.972973e-01
  1 (restart 0) KSP residual norm 7.488775e-03
  2 (restart 0) KSP residual norm 4.234756e-04
  3 (restart 0) KSP residual norm 6.463774e-05
  4 (restart 0) KSP residual norm 1.051157e-05
  5 (restart 0) KSP residual norm 2.020989e-06
  6 (restart 0) KSP residual norm 3.752975e-07
  7 (restart 0) KSP residual norm 6.785220e-08
  8 (restart 0) KSP residual norm 1.288125e-08
  9 (restart 0) KSP residual norm 2.259344e-09
 10 (restart 0) KSP residual norm 3.974046e-10
GMRES solver converged in 10 iterations (avg. reduction factor: 1.350e-01)
  Residual norms for GMRES solve
  0 (restart 0) KSP residual norm 2.587793e-01
  1 (restart 0) KSP residual norm 6.975087e-03
  2 (restart 0) KSP residual norm 4.192463e-04
  3 (restart 0) KSP residual norm 5.999594e-05
  4 (restart 0) KSP residual norm 9.194553e-06
  5 (restart 0) KSP residual norm 1.592987e-06
  6 (restart 0) KSP residual norm 2.774805e-07
  7 (restart 0) KSP residual norm 4.993182e-08
  8 (restart 0) KSP residual norm 9.588883e-09
  9 (restart 0) KSP residual norm 1.833376e-09
GMRES solver converged in 9 iterations (avg. reduction factor: 1.243e-01)
  Residual norms for GMRES solve
  0 (restart 0) KSP residual norm 2.097003e-01
  1 (restart 0) KSP residual norm 5.738006e-03
  2 (restart 0) KSP residual norm 3.535651e-04
  3 (restart 0) KSP residual norm 5.838849e-05
  4 (restart 0) KSP residual norm 1.005992e-05
  5 (restart 0) KSP residual norm 1.861069e-06
  6 (restart 0) KSP residual norm 3.559091e-07
  7 (restart 0) KSP residual norm 6.634387e-08
  8 (restart 0) KSP residual norm 1.217764e-08
  9 (restart 0) KSP residual norm 2.158543e-09
 10 (restart 0) KSP residual norm 3.737709e-10
GMRES solver converged in 10 iterations (avg. reduction factor: 1.334e-01)
  1 EPS nconv=8 first unconverged value (error) 0.000979777+1.0697e-13i (1.84408514e-08)
  Residual norms for GMRES solve
  0 (restart 0) KSP residual norm 1.892259e-01
  1 (restart 0) KSP residual norm 5.227307e-03
  2 (restart 0) KSP residual norm 3.309839e-04
  3 (restart 0) KSP residual norm 5.573047e-05
  4 (restart 0) KSP residual norm 9.266815e-06
  5 (restart 0) KSP residual norm 1.660963e-06
  6 (restart 0) KSP residual norm 3.050109e-07
  7 (restart 0) KSP residual norm 5.654984e-08
  8 (restart 0) KSP residual norm 1.104502e-08
  9 (restart 0) KSP residual norm 2.032274e-09
 10 (restart 0) KSP residual norm 3.521184e-10
GMRES solver converged in 10 iterations (avg. reduction factor: 1.340e-01)
  Residual norms for GMRES solve
  0 (restart 0) KSP residual norm 1.628507e-01
  1 (restart 0) KSP residual norm 4.840630e-03
  2 (restart 0) KSP residual norm 2.981206e-04
  3 (restart 0) KSP residual norm 4.840623e-05
  4 (restart 0) KSP residual norm 7.894298e-06
  5 (restart 0) KSP residual norm 1.474361e-06
  6 (restart 0) KSP residual norm 2.854806e-07
  7 (restart 0) KSP residual norm 5.231657e-08
  8 (restart 0) KSP residual norm 9.968850e-09
  9 (restart 0) KSP residual norm 1.760204e-09
 10 (restart 0) KSP residual norm 3.002280e-10
GMRES solver converged in 10 iterations (avg. reduction factor: 1.338e-01)
  Residual norms for GMRES solve
  0 (restart 0) KSP residual norm 1.174323e-01
  1 (restart 0) KSP residual norm 5.138913e-03
  2 (restart 0) KSP residual norm 3.401592e-04
  3 (restart 0) KSP residual norm 5.566603e-05
  4 (restart 0) KSP residual norm 9.166454e-06
  5 (restart 0) KSP residual norm 1.679927e-06
  6 (restart 0) KSP residual norm 3.192485e-07
  7 (restart 0) KSP residual norm 5.771911e-08
  8 (restart 0) KSP residual norm 1.111966e-08
  9 (restart 0) KSP residual norm 2.039844e-09
 10 (restart 0) KSP residual norm 3.544614e-10
GMRES solver converged in 10 iterations (avg. reduction factor: 1.406e-01)
  Residual norms for GMRES solve
  0 (restart 0) KSP residual norm 1.844520e-01
  1 (restart 0) KSP residual norm 6.422472e-03
  2 (restart 0) KSP residual norm 3.638463e-04
  3 (restart 0) KSP residual norm 5.945828e-05
  4 (restart 0) KSP residual norm 1.031248e-05
  5 (restart 0) KSP residual norm 1.887738e-06
  6 (restart 0) KSP residual norm 3.648838e-07
  7 (restart 0) KSP residual norm 6.959045e-08
  8 (restart 0) KSP residual norm 1.289013e-08
  9 (restart 0) KSP residual norm 2.213354e-09
 10 (restart 0) KSP residual norm 3.641940e-10
GMRES solver converged in 10 iterations (avg. reduction factor: 1.348e-01)
  Residual norms for GMRES solve
  0 (restart 0) KSP residual norm 9.301459e-02
  1 (restart 0) KSP residual norm 4.337642e-03
  2 (restart 0) KSP residual norm 3.370833e-04
  3 (restart 0) KSP residual norm 5.512064e-05
  4 (restart 0) KSP residual norm 1.063772e-05
  5 (restart 0) KSP residual norm 2.166774e-06
  6 (restart 0) KSP residual norm 3.954443e-07
  7 (restart 0) KSP residual norm 6.874706e-08
  8 (restart 0) KSP residual norm 1.251842e-08
  9 (restart 0) KSP residual norm 2.204924e-09
 10 (restart 0) KSP residual norm 3.651881e-10
GMRES solver converged in 10 iterations (avg. reduction factor: 1.443e-01)
  Residual norms for GMRES solve
  0 (restart 0) KSP residual norm 9.182041e-02
  1 (restart 0) KSP residual norm 4.379580e-03
  2 (restart 0) KSP residual norm 3.295085e-04
  3 (restart 0) KSP residual norm 5.766258e-05
  4 (restart 0) KSP residual norm 9.913759e-06
  5 (restart 0) KSP residual norm 1.857040e-06
  6 (restart 0) KSP residual norm 3.492870e-07
  7 (restart 0) KSP residual norm 6.415345e-08
  8 (restart 0) KSP residual norm 1.217259e-08
  9 (restart 0) KSP residual norm 2.227320e-09
 10 (restart 0) KSP residual norm 3.749960e-10
GMRES solver converged in 10 iterations (avg. reduction factor: 1.449e-01)
  Residual norms for GMRES solve
  0 (restart 0) KSP residual norm 1.336453e-01
  1 (restart 0) KSP residual norm 5.634624e-03
  2 (restart 0) KSP residual norm 3.536270e-04
  3 (restart 0) KSP residual norm 5.729084e-05
  4 (restart 0) KSP residual norm 9.948678e-06
  5 (restart 0) KSP residual norm 1.891846e-06
  6 (restart 0) KSP residual norm 3.660279e-07
  7 (restart 0) KSP residual norm 6.533432e-08
  8 (restart 0) KSP residual norm 1.210046e-08
  9 (restart 0) KSP residual norm 2.148676e-09
 10 (restart 0) KSP residual norm 3.674597e-10
GMRES solver converged in 10 iterations (avg. reduction factor: 1.393e-01)
  Residual norms for GMRES solve
  0 (restart 0) KSP residual norm 2.778421e-01
  1 (restart 0) KSP residual norm 7.513640e-03
  2 (restart 0) KSP residual norm 3.516809e-04
  3 (restart 0) KSP residual norm 5.695085e-05
  4 (restart 0) KSP residual norm 9.498641e-06
  5 (restart 0) KSP residual norm 1.840956e-06
  6 (restart 0) KSP residual norm 3.518594e-07
  7 (restart 0) KSP residual norm 6.550160e-08
  8 (restart 0) KSP residual norm 1.170388e-08
  9 (restart 0) KSP residual norm 1.952819e-09
GMRES solver converged in 9 iterations (avg. reduction factor: 1.242e-01)
  Residual norms for GMRES solve
  0 (restart 0) KSP residual norm 2.146618e-01
  1 (restart 0) KSP residual norm 6.170730e-03
  2 (restart 0) KSP residual norm 3.506752e-04
  3 (restart 0) KSP residual norm 5.617275e-05
  4 (restart 0) KSP residual norm 9.058322e-06
  5 (restart 0) KSP residual norm 1.658135e-06
  6 (restart 0) KSP residual norm 3.191335e-07
  7 (restart 0) KSP residual norm 5.972004e-08
  8 (restart 0) KSP residual norm 1.135296e-08
  9 (restart 0) KSP residual norm 2.004532e-09
GMRES solver converged in 9 iterations (avg. reduction factor: 1.282e-01)
  Residual norms for GMRES solve
  0 (restart 0) KSP residual norm 1.734755e-01
  1 (restart 0) KSP residual norm 5.162848e-03
  2 (restart 0) KSP residual norm 3.817741e-04
  3 (restart 0) KSP residual norm 5.822866e-05
  4 (restart 0) KSP residual norm 9.826196e-06
  5 (restart 0) KSP residual norm 1.829378e-06
  6 (restart 0) KSP residual norm 3.381085e-07
  7 (restart 0) KSP residual norm 6.192929e-08
  8 (restart 0) KSP residual norm 1.180262e-08
  9 (restart 0) KSP residual norm 2.155777e-09
 10 (restart 0) KSP residual norm 3.694705e-10
GMRES solver converged in 10 iterations (avg. reduction factor: 1.358e-01)
  Residual norms for GMRES solve
  0 (restart 0) KSP residual norm 8.805107e-02
  1 (restart 0) KSP residual norm 3.057435e-03
  2 (restart 0) KSP residual norm 2.975563e-04
  3 (restart 0) KSP residual norm 5.014193e-05
  4 (restart 0) KSP residual norm 8.946743e-06
  5 (restart 0) KSP residual norm 1.801387e-06
  6 (restart 0) KSP residual norm 3.545468e-07
  7 (restart 0) KSP residual norm 6.272062e-08
  8 (restart 0) KSP residual norm 1.114991e-08
  9 (restart 0) KSP residual norm 1.967693e-09
 10 (restart 0) KSP residual norm 3.244592e-10
GMRES solver converged in 10 iterations (avg. reduction factor: 1.434e-01)
  Residual norms for GMRES solve
  0 (restart 0) KSP residual norm 2.012587e-01
  1 (restart 0) KSP residual norm 5.420473e-03
  2 (restart 0) KSP residual norm 3.866853e-04
  3 (restart 0) KSP residual norm 5.684902e-05
  4 (restart 0) KSP residual norm 9.452989e-06
  5 (restart 0) KSP residual norm 1.861546e-06
  6 (restart 0) KSP residual norm 3.730476e-07
  7 (restart 0) KSP residual norm 6.782459e-08
  8 (restart 0) KSP residual norm 1.200503e-08
  9 (restart 0) KSP residual norm 2.028505e-09
 10 (restart 0) KSP residual norm 3.379892e-10
GMRES solver converged in 10 iterations (avg. reduction factor: 1.326e-01)
  Residual norms for GMRES solve
  0 (restart 0) KSP residual norm 9.201123e-02
  1 (restart 0) KSP residual norm 4.328540e-03
  2 (restart 0) KSP residual norm 3.458034e-04
  3 (restart 0) KSP residual norm 5.645797e-05
  4 (restart 0) KSP residual norm 9.459277e-06
  5 (restart 0) KSP residual norm 1.744730e-06
  6 (restart 0) KSP residual norm 3.302178e-07
  7 (restart 0) KSP residual norm 5.916459e-08
  8 (restart 0) KSP residual norm 1.116827e-08
  9 (restart 0) KSP residual norm 2.147104e-09
 10 (restart 0) KSP residual norm 3.773018e-10
GMRES solver converged in 10 iterations (avg. reduction factor: 1.450e-01)
  Residual norms for GMRES solve
  0 (restart 0) KSP residual norm 1.664634e-01
  1 (restart 0) KSP residual norm 6.189719e-03
  2 (restart 0) KSP residual norm 4.136587e-04
  3 (restart 0) KSP residual norm 5.832249e-05
  4 (restart 0) KSP residual norm 9.026669e-06
  5 (restart 0) KSP residual norm 1.683965e-06
  6 (restart 0) KSP residual norm 3.177537e-07
  7 (restart 0) KSP residual norm 5.728735e-08
  8 (restart 0) KSP residual norm 1.071294e-08
  9 (restart 0) KSP residual norm 2.034961e-09
 10 (restart 0) KSP residual norm 3.622285e-10
GMRES solver converged in 10 iterations (avg. reduction factor: 1.361e-01)
  Residual norms for GMRES solve
  0 (restart 0) KSP residual norm 1.932006e-01
  1 (restart 0) KSP residual norm 6.973391e-03
  2 (restart 0) KSP residual norm 3.900052e-04
  3 (restart 0) KSP residual norm 6.067168e-05
  4 (restart 0) KSP residual norm 1.025169e-05
  5 (restart 0) KSP residual norm 1.990164e-06
  6 (restart 0) KSP residual norm 3.653889e-07
  7 (restart 0) KSP residual norm 6.643565e-08
  8 (restart 0) KSP residual norm 1.268588e-08
  9 (restart 0) KSP residual norm 2.287906e-09
 10 (restart 0) KSP residual norm 3.881750e-10
GMRES solver converged in 10 iterations (avg. reduction factor: 1.350e-01)
  Residual norms for GMRES solve
  0 (restart 0) KSP residual norm 2.183746e-01
  1 (restart 0) KSP residual norm 5.284556e-03
  2 (restart 0) KSP residual norm 3.555871e-04
  3 (restart 0) KSP residual norm 5.655539e-05
  4 (restart 0) KSP residual norm 9.109020e-06
  5 (restart 0) KSP residual norm 1.740925e-06
  6 (restart 0) KSP residual norm 3.278026e-07
  7 (restart 0) KSP residual norm 6.108572e-08
  8 (restart 0) KSP residual norm 1.177851e-08
  9 (restart 0) KSP residual norm 2.055263e-09
GMRES solver converged in 9 iterations (avg. reduction factor: 1.283e-01)
  Residual norms for GMRES solve
  0 (restart 0) KSP residual norm 3.239857e-01
  1 (restart 0) KSP residual norm 5.069512e-03
  2 (restart 0) KSP residual norm 3.551545e-04
  3 (restart 0) KSP residual norm 5.882795e-05
  4 (restart 0) KSP residual norm 9.539350e-06
  5 (restart 0) KSP residual norm 1.806623e-06
  6 (restart 0) KSP residual norm 3.456730e-07
  7 (restart 0) KSP residual norm 6.354265e-08
  8 (restart 0) KSP residual norm 1.200241e-08
  9 (restart 0) KSP residual norm 2.128360e-09
GMRES solver converged in 9 iterations (avg. reduction factor: 1.233e-01)
  Residual norms for GMRES solve
  0 (restart 0) KSP residual norm 3.098675e-01
  1 (restart 0) KSP residual norm 5.165911e-03
  2 (restart 0) KSP residual norm 3.454814e-04
  3 (restart 0) KSP residual norm 5.765672e-05
  4 (restart 0) KSP residual norm 9.497637e-06
  5 (restart 0) KSP residual norm 1.782426e-06
  6 (restart 0) KSP residual norm 3.356108e-07
  7 (restart 0) KSP residual norm 6.069827e-08
  8 (restart 0) KSP residual norm 1.154993e-08
  9 (restart 0) KSP residual norm 2.161645e-09
GMRES solver converged in 9 iterations (avg. reduction factor: 1.241e-01)
  2 EPS nconv=16 first unconverged value (error) 0.00148149-2.98659e-10i (1.64747951e-05)
  Residual norms for GMRES solve
  0 (restart 0) KSP residual norm 7.695184e-02
  1 (restart 0) KSP residual norm 3.341318e-03
  2 (restart 0) KSP residual norm 3.161606e-04
  3 (restart 0) KSP residual norm 5.470693e-05
  4 (restart 0) KSP residual norm 9.998854e-06
  5 (restart 0) KSP residual norm 1.913584e-06
  6 (restart 0) KSP residual norm 3.617400e-07
  7 (restart 0) KSP residual norm 6.503554e-08
  8 (restart 0) KSP residual norm 1.231560e-08
  9 (restart 0) KSP residual norm 2.219558e-09
 10 (restart 0) KSP residual norm 3.855018e-10
GMRES solver converged in 10 iterations (avg. reduction factor: 1.479e-01)
  Residual norms for GMRES solve
  0 (restart 0) KSP residual norm 9.125521e-02
  1 (restart 0) KSP residual norm 4.182988e-03
  2 (restart 0) KSP residual norm 3.129289e-04
  3 (restart 0) KSP residual norm 5.327223e-05
  4 (restart 0) KSP residual norm 9.082999e-06
  5 (restart 0) KSP residual norm 1.675254e-06
  6 (restart 0) KSP residual norm 3.093164e-07
  7 (restart 0) KSP residual norm 5.685391e-08
  8 (restart 0) KSP residual norm 1.081537e-08
  9 (restart 0) KSP residual norm 2.011206e-09
 10 (restart 0) KSP residual norm 3.549977e-10
GMRES solver converged in 10 iterations (avg. reduction factor: 1.442e-01)
  Residual norms for GMRES solve
  0 (restart 0) KSP residual norm 1.004468e-01
  1 (restart 0) KSP residual norm 4.564371e-03
  2 (restart 0) KSP residual norm 3.299133e-04
  3 (restart 0) KSP residual norm 5.554471e-05
  4 (restart 0) KSP residual norm 8.964065e-06
  5 (restart 0) KSP residual norm 1.573777e-06
  6 (restart 0) KSP residual norm 2.910884e-07
  7 (restart 0) KSP residual norm 5.506847e-08
  8 (restart 0) KSP residual norm 1.067567e-08
  9 (restart 0) KSP residual norm 1.880297e-09
 10 (restart 0) KSP residual norm 3.247353e-10
GMRES solver converged in 10 iterations (avg. reduction factor: 1.416e-01)
  Residual norms for GMRES solve
  0 (restart 0) KSP residual norm 8.233552e-02
  1 (restart 0) KSP residual norm 4.092276e-03
  2 (restart 0) KSP residual norm 3.178716e-04
  3 (restart 0) KSP residual norm 5.406965e-05
  4 (restart 0) KSP residual norm 9.303130e-06
  5 (restart 0) KSP residual norm 1.810476e-06
  6 (restart 0) KSP residual norm 3.577822e-07
  7 (restart 0) KSP residual norm 6.444408e-08
  8 (restart 0) KSP residual norm 1.189872e-08
  9 (restart 0) KSP residual norm 2.104643e-09
 10 (restart 0) KSP residual norm 3.520449e-10
GMRES solver converged in 10 iterations (avg. reduction factor: 1.456e-01)
  Residual norms for GMRES solve
  0 (restart 0) KSP residual norm 1.228226e-01
  1 (restart 0) KSP residual norm 4.496120e-03
  2 (restart 0) KSP residual norm 3.453982e-04
  3 (restart 0) KSP residual norm 6.039466e-05
  4 (restart 0) KSP residual norm 9.927004e-06
  5 (restart 0) KSP residual norm 1.851960e-06
  6 (restart 0) KSP residual norm 3.583692e-07
  7 (restart 0) KSP residual norm 6.666146e-08
  8 (restart 0) KSP residual norm 1.242822e-08
  9 (restart 0) KSP residual norm 2.137906e-09
 10 (restart 0) KSP residual norm 3.380038e-10
GMRES solver converged in 10 iterations (avg. reduction factor: 1.393e-01)
  Residual norms for GMRES solve
  0 (restart 0) KSP residual norm 2.270035e-01
  1 (restart 0) KSP residual norm 4.989485e-03
  2 (restart 0) KSP residual norm 3.359456e-04
  3 (restart 0) KSP residual norm 5.473229e-05
  4 (restart 0) KSP residual norm 8.577924e-06
  5 (restart 0) KSP residual norm 1.546059e-06
  6 (restart 0) KSP residual norm 2.812861e-07
  7 (restart 0) KSP residual norm 4.915842e-08
  8 (restart 0) KSP residual norm 9.379566e-09
  9 (restart 0) KSP residual norm 1.834841e-09
GMRES solver converged in 9 iterations (avg. reduction factor: 1.261e-01)
  Residual norms for GMRES solve
  0 (restart 0) KSP residual norm 1.719085e-01
  1 (restart 0) KSP residual norm 4.828431e-03
  2 (restart 0) KSP residual norm 3.286406e-04
  3 (restart 0) KSP residual norm 5.258930e-05
  4 (restart 0) KSP residual norm 8.133375e-06
  5 (restart 0) KSP residual norm 1.428437e-06
  6 (restart 0) KSP residual norm 2.616627e-07
  7 (restart 0) KSP residual norm 4.854169e-08
  8 (restart 0) KSP residual norm 9.361429e-09
  9 (restart 0) KSP residual norm 1.750591e-09
 10 (restart 0) KSP residual norm 3.066454e-10
GMRES solver converged in 10 iterations (avg. reduction factor: 1.334e-01)
  Residual norms for GMRES solve
  0 (restart 0) KSP residual norm 1.668268e-01
  1 (restart 0) KSP residual norm 5.333161e-03
  2 (restart 0) KSP residual norm 3.239000e-04
  3 (restart 0) KSP residual norm 5.503160e-05
  4 (restart 0) KSP residual norm 8.830381e-06
  5 (restart 0) KSP residual norm 1.655687e-06
  6 (restart 0) KSP residual norm 3.245906e-07
  7 (restart 0) KSP residual norm 6.102728e-08
  8 (restart 0) KSP residual norm 1.139452e-08
  9 (restart 0) KSP residual norm 1.963517e-09
 10 (restart 0) KSP residual norm 3.315563e-10
GMRES solver converged in 10 iterations (avg. reduction factor: 1.348e-01)
  Residual norms for GMRES solve
  0 (restart 0) KSP residual norm 1.433082e-01
  1 (restart 0) KSP residual norm 4.698980e-03
  2 (restart 0) KSP residual norm 3.154435e-04
  3 (restart 0) KSP residual norm 5.114017e-05
  4 (restart 0) KSP residual norm 8.948718e-06
  5 (restart 0) KSP residual norm 1.705018e-06
  6 (restart 0) KSP residual norm 3.288493e-07
  7 (restart 0) KSP residual norm 5.968564e-08
  8 (restart 0) KSP residual norm 1.114798e-08
  9 (restart 0) KSP residual norm 1.993089e-09
 10 (restart 0) KSP residual norm 3.294692e-10
GMRES solver converged in 10 iterations (avg. reduction factor: 1.368e-01)
  Residual norms for GMRES solve
  0 (restart 0) KSP residual norm 1.521339e-01
  1 (restart 0) KSP residual norm 5.644852e-03
  2 (restart 0) KSP residual norm 3.191556e-04
  3 (restart 0) KSP residual norm 5.454966e-05
  4 (restart 0) KSP residual norm 8.954668e-06
  5 (restart 0) KSP residual norm 1.645955e-06
  6 (restart 0) KSP residual norm 3.125458e-07
  7 (restart 0) KSP residual norm 5.732963e-08
  8 (restart 0) KSP residual norm 1.087671e-08
  9 (restart 0) KSP residual norm 2.006043e-09
 10 (restart 0) KSP residual norm 3.473302e-10
GMRES solver converged in 10 iterations (avg. reduction factor: 1.367e-01)
  Residual norms for GMRES solve
  0 (restart 0) KSP residual norm 7.808822e-02
  1 (restart 0) KSP residual norm 4.180507e-03
  2 (restart 0) KSP residual norm 3.144889e-04
  3 (restart 0) KSP residual norm 5.275045e-05
  4 (restart 0) KSP residual norm 9.114961e-06
  5 (restart 0) KSP residual norm 1.805822e-06
  6 (restart 0) KSP residual norm 3.578899e-07
  7 (restart 0) KSP residual norm 6.147329e-08
  8 (restart 0) KSP residual norm 1.113481e-08
  9 (restart 0) KSP residual norm 1.958534e-09
 10 (restart 0) KSP residual norm 3.412758e-10
GMRES solver converged in 10 iterations (avg. reduction factor: 1.459e-01)
  Residual norms for GMRES solve
  0 (restart 0) KSP residual norm 1.877737e-01
  1 (restart 0) KSP residual norm 5.199513e-03
  2 (restart 0) KSP residual norm 3.375976e-04
  3 (restart 0) KSP residual norm 5.674544e-05
  4 (restart 0) KSP residual norm 1.077383e-05
  5 (restart 0) KSP residual norm 2.177855e-06
  6 (restart 0) KSP residual norm 4.049736e-07
  7 (restart 0) KSP residual norm 6.883452e-08
  8 (restart 0) KSP residual norm 1.185100e-08
  9 (restart 0) KSP residual norm 1.997044e-09
 10 (restart 0) KSP residual norm 3.310564e-10
GMRES solver converged in 10 iterations (avg. reduction factor: 1.332e-01)
  Residual norms for GMRES solve
  0 (restart 0) KSP residual norm 2.243714e-01
  1 (restart 0) KSP residual norm 4.949509e-03
  2 (restart 0) KSP residual norm 3.310636e-04
  3 (restart 0) KSP residual norm 5.542937e-05
  4 (restart 0) KSP residual norm 8.908190e-06
  5 (restart 0) KSP residual norm 1.545396e-06
  6 (restart 0) KSP residual norm 2.882084e-07
  7 (restart 0) KSP residual norm 5.335687e-08
  8 (restart 0) KSP residual norm 1.022443e-08
  9 (restart 0) KSP residual norm 1.942224e-09
GMRES solver converged in 9 iterations (avg. reduction factor: 1.271e-01)
  Residual norms for GMRES solve
  0 (restart 0) KSP residual norm 6.847168e-02
  1 (restart 0) KSP residual norm 4.212766e-03
  2 (restart 0) KSP residual norm 3.132545e-04
  3 (restart 0) KSP residual norm 6.171100e-05
  4 (restart 0) KSP residual norm 1.150642e-05
  5 (restart 0) KSP residual norm 2.235674e-06
  6 (restart 0) KSP residual norm 4.219727e-07
  7 (restart 0) KSP residual norm 7.298156e-08
  8 (restart 0) KSP residual norm 1.322148e-08
  9 (restart 0) KSP residual norm 2.326805e-09
 10 (restart 0) KSP residual norm 3.801764e-10
GMRES solver converged in 10 iterations (avg. reduction factor: 1.494e-01)
  3 EPS nconv=20 first unconverged value (error) 0.00155215-1.90803e-13i (6.51460872e-08)
  Residual norms for GMRES solve
  0 (restart 0) KSP residual norm 1.352793e-01
  1 (restart 0) KSP residual norm 4.827346e-03
  2 (restart 0) KSP residual norm 3.434082e-04
  3 (restart 0) KSP residual norm 5.818503e-05
  4 (restart 0) KSP residual norm 9.644344e-06
  5 (restart 0) KSP residual norm 1.793552e-06
  6 (restart 0) KSP residual norm 3.550563e-07
  7 (restart 0) KSP residual norm 6.447231e-08
  8 (restart 0) KSP residual norm 1.215769e-08
  9 (restart 0) KSP residual norm 2.172213e-09
 10 (restart 0) KSP residual norm 3.557158e-10
GMRES solver converged in 10 iterations (avg. reduction factor: 1.387e-01)
  Residual norms for GMRES solve
  0 (restart 0) KSP residual norm 1.720337e-01
  1 (restart 0) KSP residual norm 5.227816e-03
  2 (restart 0) KSP residual norm 2.955043e-04
  3 (restart 0) KSP residual norm 5.306206e-05
  4 (restart 0) KSP residual norm 9.176914e-06
  5 (restart 0) KSP residual norm 1.806891e-06
  6 (restart 0) KSP residual norm 3.426501e-07
  7 (restart 0) KSP residual norm 5.998709e-08
  8 (restart 0) KSP residual norm 1.100304e-08
  9 (restart 0) KSP residual norm 1.998137e-09
 10 (restart 0) KSP residual norm 3.345060e-10
GMRES solver converged in 10 iterations (avg. reduction factor: 1.345e-01)
  Residual norms for GMRES solve
  0 (restart 0) KSP residual norm 2.185915e-01
  1 (restart 0) KSP residual norm 4.643339e-03
  2 (restart 0) KSP residual norm 3.143495e-04
  3 (restart 0) KSP residual norm 5.313776e-05
  4 (restart 0) KSP residual norm 9.123664e-06
  5 (restart 0) KSP residual norm 1.654336e-06
  6 (restart 0) KSP residual norm 3.206125e-07
  7 (restart 0) KSP residual norm 5.875705e-08
  8 (restart 0) KSP residual norm 1.105126e-08
  9 (restart 0) KSP residual norm 1.967054e-09
GMRES solver converged in 9 iterations (avg. reduction factor: 1.276e-01)
  Residual norms for GMRES solve
  0 (restart 0) KSP residual norm 1.783103e-01
  1 (restart 0) KSP residual norm 5.523769e-03
  2 (restart 0) KSP residual norm 3.361979e-04
  3 (restart 0) KSP residual norm 5.661894e-05
  4 (restart 0) KSP residual norm 9.725366e-06
  5 (restart 0) KSP residual norm 1.894793e-06
  6 (restart 0) KSP residual norm 3.767482e-07
  7 (restart 0) KSP residual norm 6.808583e-08
  8 (restart 0) KSP residual norm 1.168578e-08
  9 (restart 0) KSP residual norm 1.935283e-09
 10 (restart 0) KSP residual norm 3.228832e-10
GMRES solver converged in 10 iterations (avg. reduction factor: 1.336e-01)
  Residual norms for GMRES solve
  0 (restart 0) KSP residual norm 1.198469e-01
  1 (restart 0) KSP residual norm 5.155764e-03
  2 (restart 0) KSP residual norm 3.203541e-04
  3 (restart 0) KSP residual norm 5.287433e-05
  4 (restart 0) KSP residual norm 8.686636e-06
  5 (restart 0) KSP residual norm 1.507511e-06
  6 (restart 0) KSP residual norm 2.824412e-07
  7 (restart 0) KSP residual norm 5.454679e-08
  8 (restart 0) KSP residual norm 1.033933e-08
  9 (restart 0) KSP residual norm 1.847027e-09
 10 (restart 0) KSP residual norm 3.175644e-10
GMRES solver converged in 10 iterations (avg. reduction factor: 1.388e-01)
  Residual norms for GMRES solve
  0 (restart 0) KSP residual norm 2.280436e-01
  1 (restart 0) KSP residual norm 5.686170e-03
  2 (restart 0) KSP residual norm 3.224287e-04
  3 (restart 0) KSP residual norm 5.688628e-05
  4 (restart 0) KSP residual norm 9.783052e-06
  5 (restart 0) KSP residual norm 1.804500e-06
  6 (restart 0) KSP residual norm 3.462216e-07
  7 (restart 0) KSP residual norm 6.585629e-08
  8 (restart 0) KSP residual norm 1.196038e-08
  9 (restart 0) KSP residual norm 2.157895e-09
GMRES solver converged in 9 iterations (avg. reduction factor: 1.284e-01)
  Residual norms for GMRES solve
  0 (restart 0) KSP residual norm 1.676336e-01
  1 (restart 0) KSP residual norm 5.081130e-03
  2 (restart 0) KSP residual norm 3.054463e-04
  3 (restart 0) KSP residual norm 5.369441e-05
  4 (restart 0) KSP residual norm 9.507206e-06
  5 (restart 0) KSP residual norm 1.787064e-06
  6 (restart 0) KSP residual norm 3.450248e-07
  7 (restart 0) KSP residual norm 6.576170e-08
  8 (restart 0) KSP residual norm 1.198583e-08
  9 (restart 0) KSP residual norm 2.092404e-09
 10 (restart 0) KSP residual norm 3.508581e-10
GMRES solver converged in 10 iterations (avg. reduction factor: 1.355e-01)
  Residual norms for GMRES solve
  0 (restart 0) KSP residual norm 1.907168e-01
  1 (restart 0) KSP residual norm 4.965534e-03
  2 (restart 0) KSP residual norm 3.211642e-04
  3 (restart 0) KSP residual norm 5.416156e-05
  4 (restart 0) KSP residual norm 9.287402e-06
  5 (restart 0) KSP residual norm 1.800315e-06
  6 (restart 0) KSP residual norm 3.439136e-07
  7 (restart 0) KSP residual norm 6.385744e-08
  8 (restart 0) KSP residual norm 1.169172e-08
  9 (restart 0) KSP residual norm 2.018932e-09
 10 (restart 0) KSP residual norm 3.444756e-10
GMRES solver converged in 10 iterations (avg. reduction factor: 1.336e-01)
  Residual norms for GMRES solve
  0 (restart 0) KSP residual norm 1.850704e-01
  1 (restart 0) KSP residual norm 5.058831e-03
  2 (restart 0) KSP residual norm 3.234974e-04
  3 (restart 0) KSP residual norm 5.331521e-05
  4 (restart 0) KSP residual norm 8.458658e-06
  5 (restart 0) KSP residual norm 1.572569e-06
  6 (restart 0) KSP residual norm 2.989072e-07
  7 (restart 0) KSP residual norm 5.276062e-08
  8 (restart 0) KSP residual norm 1.001654e-08
  9 (restart 0) KSP residual norm 1.917457e-09
 10 (restart 0) KSP residual norm 3.321060e-10
GMRES solver converged in 10 iterations (avg. reduction factor: 1.335e-01)
  Residual norms for GMRES solve
  0 (restart 0) KSP residual norm 9.551625e-02
  1 (restart 0) KSP residual norm 4.495015e-03
  2 (restart 0) KSP residual norm 3.181654e-04
  3 (restart 0) KSP residual norm 5.443762e-05
  4 (restart 0) KSP residual norm 9.037585e-06
  5 (restart 0) KSP residual norm 1.703626e-06
  6 (restart 0) KSP residual norm 3.171469e-07
  7 (restart 0) KSP residual norm 5.641232e-08
  8 (restart 0) KSP residual norm 1.088836e-08
  9 (restart 0) KSP residual norm 2.069722e-09
 10 (restart 0) KSP residual norm 3.558766e-10
GMRES solver converged in 10 iterations (avg. reduction factor: 1.436e-01)
  Residual norms for GMRES solve
  0 (restart 0) KSP residual norm 7.700066e-02
  1 (restart 0) KSP residual norm 3.879622e-03
  2 (restart 0) KSP residual norm 3.242237e-04
  3 (restart 0) KSP residual norm 5.582033e-05
  4 (restart 0) KSP residual norm 9.454690e-06
  5 (restart 0) KSP residual norm 1.828460e-06
  6 (restart 0) KSP residual norm 3.610675e-07
  7 (restart 0) KSP residual norm 6.579539e-08
  8 (restart 0) KSP residual norm 1.161127e-08
  9 (restart 0) KSP residual norm 2.034951e-09
 10 (restart 0) KSP residual norm 3.422885e-10
GMRES solver converged in 10 iterations (avg. reduction factor: 1.461e-01)
  Residual norms for GMRES solve
  0 (restart 0) KSP residual norm 6.368567e-02
  1 (restart 0) KSP residual norm 3.431873e-03
  2 (restart 0) KSP residual norm 3.026650e-04
  3 (restart 0) KSP residual norm 5.380342e-05
  4 (restart 0) KSP residual norm 9.089291e-06
  5 (restart 0) KSP residual norm 1.656443e-06
  6 (restart 0) KSP residual norm 3.161658e-07
  7 (restart 0) KSP residual norm 5.816050e-08
  8 (restart 0) KSP residual norm 1.123101e-08
  9 (restart 0) KSP residual norm 2.007762e-09
 10 (restart 0) KSP residual norm 3.333824e-10
GMRES solver converged in 10 iterations (avg. reduction factor: 1.486e-01)
  4 EPS nconv=27 first unconverged value (error) 0.00201415+1.51058e-08i (1.43829730e-03)

 Linear eigensolve converged (27 eigenpairs) due to CONVERGED_TOL; iterations 4
 Total number of linear systems solved: 88
 Total number of linear solver iterations: 840
 Found 27 converged eigenvalues (first = 2.319e+01-1.251e-10i)

Computing solution error estimates and performing postprocessing

     m,        Re{f} (GHz),        Im{f} (GHz),                  Q,      Error (Bkwd.),       Error (Abs.)
     1,      +1.107941e+00,      -2.987735e-12,      +1.854148e+11,      +6.587854e-12,      +8.367477e-08
     2,      +1.765317e+00,      +9.904693e-11,      +8.911516e+09,      +1.208428e-11,      +1.535376e-07
     3,      +1.765384e+00,      +8.074070e-11,      +1.093243e+10,      +8.821434e-12,      +1.120813e-07
     4,      +1.893777e+00,      +1.989939e-10,      +4.758378e+09,      +1.130576e-11,      +1.436579e-07
     5,      +1.893804e+00,      -1.380267e-10,      +6.860280e+09,      +1.223019e-11,      +1.554043e-07
     6,      +2.023465e+00,      +8.999716e-10,      +1.124183e+09,      +6.248881e-11,      +7.940917e-07
     7,      +2.201550e+00,      +5.776490e-10,      +1.905612e+09,      +4.288411e-11,      +5.450319e-07
     8,      +2.201621e+00,      +1.294979e-10,      +8.500605e+09,      +3.059515e-11,      +3.888465e-07
     9,      +2.366141e+00,      +2.223379e-10,      +5.321047e+09,      +1.321722e-11,      +1.680052e-07
    10,      +2.366226e+00,      +1.193458e-10,      +9.913324e+09,      +2.638170e-11,      +3.353400e-07
    11,      +2.446048e+00,      -2.491088e-10,      +4.909598e+09,      +1.203613e-11,      +1.530025e-07
    12,      +2.446094e+00,      +1.837009e-10,      +6.657816e+09,      +9.857802e-12,      +1.253118e-07
    13,      +2.446146e+00,      +1.828743e-10,      +6.688056e+09,      +1.950553e-11,      +2.479531e-07
    14,      +2.543416e+00,      +3.495451e-10,      +3.638180e+09,      +1.136167e-10,      +1.444412e-06
    15,      +2.571622e+00,      +1.275352e-09,      +1.008201e+09,      +5.896451e-11,      +7.496358e-07
    16,      +2.571751e+00,      +3.193152e-10,      +4.026979e+09,      +2.574030e-11,      +3.272452e-07
    17,      +2.909553e+00,      +6.166639e-10,      +2.359108e+09,      +2.274566e-11,      +2.892669e-07
    18,      +2.909632e+00,      -2.694111e-10,      +5.399986e+09,      +1.959196e-11,      +2.491600e-07
    19,      +2.939676e+00,      -2.278115e-11,      +6.451992e+10,      +2.232755e-11,      +2.839584e-07
    20,      +2.939853e+00,      +6.505412e-10,      +2.259544e+09,      +2.525173e-11,      +3.211477e-07
    21,      +2.978128e+00,      +3.054760e-10,      +4.874569e+09,      +3.002020e-11,      +3.818075e-07
    22,      +2.978307e+00,      -7.107904e-11,      +2.095067e+10,      +7.076030e-12,      +8.999547e-08
    23,      +2.983563e+00,      -3.617020e-11,      +4.124338e+10,      +1.967297e-11,      +2.502092e-07
    24,      +2.983724e+00,      -2.587482e-10,      +5.765690e+09,      +3.863291e-11,      +4.913498e-07
    25,      +3.055499e+00,      -3.895380e-10,      +3.921952e+09,      +1.845831e-10,      +2.347785e-06
    26,      +3.232836e+00,      +6.052883e-10,      +2.670492e+09,      +4.670345e-11,      +5.941552e-07
    27,      +3.233013e+00,      -3.316509e-10,      +4.874120e+09,      +2.357730e-11,      +2.999473e-07

Completed 0 iterations of adaptive mesh refinement (AMR):
 Indicator norm = 1.762e-02, global unknowns = 534810
 Max. iterations = 0, tol. = 1.000e-02

Estimated peak per-rank memory usage is: Min. 245.4M, Max. 261.3M, Avg. 253.9M, Total 7.9G
Estimated peak per-node memory usage is: Min. 7.9G, Max. 7.9G, Avg. 7.9G, Total 7.9G

Elapsed Time Report (s)           Min.        Max.        Avg.
==============================================================
Initialization                   0.120       0.405       0.396
  Mesh Preprocessing             0.322       0.607       0.331
Operator Construction            0.265       0.279       0.269
Linear Solve                     7.308       7.518       7.364
  Setup                          2.018       2.019       2.019
  Preconditioner               167.747     167.960     167.900
  Coarse Solve                  15.205      15.349      15.232
Eigenvalue Solve                 0.823       0.834       0.828
Div.-Free Projection            17.473      17.491      17.488
Estimation                       0.217       0.229       0.224
  Construction                   0.574       0.575       0.574
  Solve                         10.100      10.111      10.108
Postprocessing                   1.439       1.456       1.444
Disk IO                          0.258       0.258       0.258
--------------------------------------------------------------
Total                          225.572     225.594     225.584

Peak Memory                   Per-Node       Total   Total HWM
==============================================================
Initialization                   72.7M       72.7M       72.7M
  Mesh Preprocessing            127.3M      127.3M      200.0M
Operator Construction           851.6M      851.6M        1.0G
Linear Solve                    812.0K      812.0K        1.0G
  Setup                         922.2M      922.2M        1.9G
  Preconditioner                  2.0M        2.0M        1.9G
  Coarse Solve                    3.9G        3.9G        5.8G
Eigenvalue Solve                375.5M      375.5M        6.2G
Div.-Free Projection            447.0M      447.0M        6.6G
Estimation                        0.0K        0.0K        6.6G
  Construction                  432.2M      432.2M        7.0G
  Solve                           0.0K        0.0K        7.0G
Postprocessing                    0.0K        0.0K        7.0G
Disk IO                          44.2M       44.2M        7.1G
--------------------------------------------------------------
Total                             7.5G        7.5G        7.5G

