>> /opt/amip/envs/emsim/bin/mpirun -n 32 /opt/amip/palace/bin/palace-x86_64.bin h1_1p446.json

_____________     _______
_____   __   \____ __   /____ ____________
____   /_/  /  __ ` /  /  __ ` /  ___/  _ \
___   _____/  /_/  /  /  /_/  /  /__/  ___/
  /__/     \___,__/__/\___,__/\_____\_____/

Git changeset ID: v0.17.0-293-g3c83b9db0
Running with 32 MPI processes, 1 OpenMP thread
Device configuration: omp,cpu
Memory configuration: host-std
libCEED backend: /cpu/self/xsmm/blocked

Added 6626 boundary elements for material interfaces to the mesh

Characteristic length and time scales:
 Lc = 1.735e-01 m, tc = 5.787e-01 ns
Finished partitioning mesh into 32 subdomains

Mesh curvature order: 2
Mesh bounding box:
 (Xmin, Ymin, Zmin) = (-8.675e-02, -8.675e-02, -5.999e-02) m
 (Xmax, Ymax, Zmax) = (+8.675e-02, +8.675e-02, +5.999e-02) m

Parallel Mesh Stats:

                minimum     average     maximum       total
 vertices           115         185         263        5948
 edges             1037        1260        1504       40342
 faces             1962        2129        2324       68149
 elements          1026        1054        1083       33754
 neighbors            7          11          21

            minimum     maximum
 h       0.00639742    0.204046
 kappa      1.07881     25.6665

Estimated current per-rank memory usage is: Min. 32.6M, Max. 58.4M, Avg. 33.9M, Total 1.1G
Estimated current per-node memory usage is: Min. 1.1G, Max. 1.1G, Avg. 1.1G, Total 1.1G

Configuring Robin finite conductivity BC at attributes:
 90: σ = 3.500e+07 S/m, n = (-0.0,+0.0,+1.0)

Assembling system matrices, number of global unknowns:
 H1 (p = 2): 46290, ND (p = 2): 216982, RT (p = 2): 305709
 Operator assembly level: Partial
 Mesh geometries:
  Tetrahedron: P = 20, Q = 14 (quadrature order = 4)

Configuring SLEPc eigenvalue solver:
 Scaling γ = 2.788e+01, δ = 3.759e-06
 Configuring divergence-free projection
 Using random starting vector
 Shift-and-invert σ = 2.400e+00 GHz (8.727e+00)

Assembling multigrid hierarchy:
 Level 0 (p = 1): 40342 unknowns
 Level 1 (p = 2): 216982 unknowns
 Level 0 (auxiliary) (p = 1): 5948 unknowns
 Level 1 (auxiliary) (p = 2): 46290 unknowns

#PETSc Option Table entries:
-eps_monitor # (source: code)
#End of PETSc Option Table entries

  Residual norms for GMRES solve
  0 (restart 0) KSP residual norm 1.081677e+00
  1 (restart 0) KSP residual norm 9.136536e-01
  2 (restart 0) KSP residual norm 5.569195e-01
  3 (restart 0) KSP residual norm 1.078528e-01
  4 (restart 0) KSP residual norm 6.242779e-02
  5 (restart 0) KSP residual norm 1.103804e-02
  6 (restart 0) KSP residual norm 2.318424e-03
  7 (restart 0) KSP residual norm 5.996603e-04
  8 (restart 0) KSP residual norm 1.508930e-04
  9 (restart 0) KSP residual norm 3.677467e-05
 10 (restart 0) KSP residual norm 9.873110e-06
 11 (restart 0) KSP residual norm 2.869068e-06
 12 (restart 0) KSP residual norm 7.604023e-07
 13 (restart 0) KSP residual norm 2.060296e-07
 14 (restart 0) KSP residual norm 5.641517e-08
 15 (restart 0) KSP residual norm 1.524517e-08
 16 (restart 0) KSP residual norm 4.137153e-09
GMRES solver converged in 16 iterations (avg. reduction factor: 2.978e-01)
  Residual norms for GMRES solve
  0 (restart 0) KSP residual norm 5.621326e+01
  1 (restart 0) KSP residual norm 5.574316e+01
  2 (restart 0) KSP residual norm 3.895382e+00
  3 (restart 0) KSP residual norm 1.192297e+00
  4 (restart 0) KSP residual norm 1.812480e-01
  5 (restart 0) KSP residual norm 4.234441e-02
  6 (restart 0) KSP residual norm 9.410428e-03
  7 (restart 0) KSP residual norm 1.900680e-03
  8 (restart 0) KSP residual norm 4.923161e-04
  9 (restart 0) KSP residual norm 1.133980e-04
 10 (restart 0) KSP residual norm 2.839795e-05
 11 (restart 0) KSP residual norm 7.555979e-06
 12 (restart 0) KSP residual norm 1.711947e-06
 13 (restart 0) KSP residual norm 4.366525e-07
GMRES solver converged in 13 iterations (avg. reduction factor: 2.378e-01)
  Residual norms for GMRES solve
  0 (restart 0) KSP residual norm 7.312173e+01
  1 (restart 0) KSP residual norm 7.266881e+01
  2 (restart 0) KSP residual norm 5.025381e+00
  3 (restart 0) KSP residual norm 1.617837e+00
  4 (restart 0) KSP residual norm 2.252158e-01
  5 (restart 0) KSP residual norm 5.307396e-02
  6 (restart 0) KSP residual norm 1.259779e-02
  7 (restart 0) KSP residual norm 2.453554e-03
  8 (restart 0) KSP residual norm 6.438289e-04
  9 (restart 0) KSP residual norm 1.452733e-04
 10 (restart 0) KSP residual norm 3.887946e-05
 11 (restart 0) KSP residual norm 8.963775e-06
 12 (restart 0) KSP residual norm 2.174381e-06
 13 (restart 0) KSP residual norm 5.693090e-07
GMRES solver converged in 13 iterations (avg. reduction factor: 2.378e-01)
  Residual norms for GMRES solve
  0 (restart 0) KSP residual norm 1.893008e+01
  1 (restart 0) KSP residual norm 1.886361e+01
  2 (restart 0) KSP residual norm 4.899562e+00
  3 (restart 0) KSP residual norm 1.677435e+00
  4 (restart 0) KSP residual norm 3.203119e-01
  5 (restart 0) KSP residual norm 9.167008e-02
  6 (restart 0) KSP residual norm 1.624715e-02
  7 (restart 0) KSP residual norm 2.454238e-03
  8 (restart 0) KSP residual norm 5.976633e-04
  9 (restart 0) KSP residual norm 1.220959e-04
 10 (restart 0) KSP residual norm 3.264537e-05
 11 (restart 0) KSP residual norm 7.039017e-06
 12 (restart 0) KSP residual norm 1.822617e-06
 13 (restart 0) KSP residual norm 4.425866e-07
 14 (restart 0) KSP residual norm 1.108959e-07
GMRES solver converged in 14 iterations (avg. reduction factor: 2.582e-01)
  Residual norms for GMRES solve
  0 (restart 0) KSP residual norm 7.668566e+01
  1 (restart 0) KSP residual norm 7.275811e+01
  2 (restart 0) KSP residual norm 8.549434e+00
  3 (restart 0) KSP residual norm 2.652870e+00
  4 (restart 0) KSP residual norm 3.186944e-01
  5 (restart 0) KSP residual norm 7.886896e-02
  6 (restart 0) KSP residual norm 1.454449e-02
  7 (restart 0) KSP residual norm 3.506817e-03
  8 (restart 0) KSP residual norm 7.930041e-04
  9 (restart 0) KSP residual norm 2.053040e-04
 10 (restart 0) KSP residual norm 5.056799e-05
 11 (restart 0) KSP residual norm 1.344933e-05
 12 (restart 0) KSP residual norm 2.967764e-06
 13 (restart 0) KSP residual norm 7.504702e-07
GMRES solver converged in 13 iterations (avg. reduction factor: 2.420e-01)
  Residual norms for GMRES solve
  0 (restart 0) KSP residual norm 5.345602e+01
  1 (restart 0) KSP residual norm 4.828884e+01
  2 (restart 0) KSP residual norm 8.171396e+00
  3 (restart 0) KSP residual norm 3.335726e+00
  4 (restart 0) KSP residual norm 3.772666e-01
  5 (restart 0) KSP residual norm 8.544991e-02
  6 (restart 0) KSP residual norm 1.816742e-02
  7 (restart 0) KSP residual norm 4.011593e-03
  8 (restart 0) KSP residual norm 8.892663e-04
  9 (restart 0) KSP residual norm 1.911780e-04
 10 (restart 0) KSP residual norm 5.536154e-05
 11 (restart 0) KSP residual norm 1.257770e-05
 12 (restart 0) KSP residual norm 2.921546e-06
 13 (restart 0) KSP residual norm 6.404476e-07
 14 (restart 0) KSP residual norm 1.571290e-07
GMRES solver converged in 14 iterations (avg. reduction factor: 2.458e-01)
  Residual norms for GMRES solve
  0 (restart 0) KSP residual norm 1.068989e+01
  1 (restart 0) KSP residual norm 1.067893e+01
  2 (restart 0) KSP residual norm 5.201260e+00
  3 (restart 0) KSP residual norm 2.200272e+00
  4 (restart 0) KSP residual norm 2.609606e-01
  5 (restart 0) KSP residual norm 7.328994e-02
  6 (restart 0) KSP residual norm 1.095003e-02
  7 (restart 0) KSP residual norm 2.149060e-03
  8 (restart 0) KSP residual norm 5.330906e-04
  9 (restart 0) KSP residual norm 1.212051e-04
 10 (restart 0) KSP residual norm 3.415151e-05
 11 (restart 0) KSP residual norm 7.553233e-06
 12 (restart 0) KSP residual norm 1.815621e-06
 13 (restart 0) KSP residual norm 4.646036e-07
 14 (restart 0) KSP residual norm 1.040460e-07
GMRES solver converged in 14 iterations (avg. reduction factor: 2.678e-01)
  Residual norms for GMRES solve
  0 (restart 0) KSP residual norm 1.622918e+01
  1 (restart 0) KSP residual norm 5.058527e+00
  2 (restart 0) KSP residual norm 5.036256e+00
  3 (restart 0) KSP residual norm 2.368127e+00
  4 (restart 0) KSP residual norm 3.206253e-01
  5 (restart 0) KSP residual norm 6.664076e-02
  6 (restart 0) KSP residual norm 1.417572e-02
  7 (restart 0) KSP residual norm 2.165045e-03
  8 (restart 0) KSP residual norm 6.181267e-04
  9 (restart 0) KSP residual norm 1.070473e-04
 10 (restart 0) KSP residual norm 3.416133e-05
 11 (restart 0) KSP residual norm 6.295259e-06
 12 (restart 0) KSP residual norm 1.724293e-06
 13 (restart 0) KSP residual norm 4.148017e-07
 14 (restart 0) KSP residual norm 9.984498e-08
GMRES solver converged in 14 iterations (avg. reduction factor: 2.591e-01)
  Residual norms for GMRES solve
  0 (restart 0) KSP residual norm 1.061499e+02
  1 (restart 0) KSP residual norm 4.536434e+00
  2 (restart 0) KSP residual norm 4.368594e+00
  3 (restart 0) KSP residual norm 2.108290e+00
  4 (restart 0) KSP residual norm 3.130262e-01
  5 (restart 0) KSP residual norm 7.139163e-02
  6 (restart 0) KSP residual norm 1.568993e-02
  7 (restart 0) KSP residual norm 3.365604e-03
  8 (restart 0) KSP residual norm 8.208241e-04
  9 (restart 0) KSP residual norm 2.191125e-04
 10 (restart 0) KSP residual norm 4.706516e-05
 11 (restart 0) KSP residual norm 1.211965e-05
 12 (restart 0) KSP residual norm 2.643660e-06
 13 (restart 0) KSP residual norm 6.475041e-07
GMRES solver converged in 13 iterations (avg. reduction factor: 2.334e-01)
  Residual norms for GMRES solve
  0 (restart 0) KSP residual norm 7.109220e+01
  1 (restart 0) KSP residual norm 6.813404e+00
  2 (restart 0) KSP residual norm 5.543760e+00
  3 (restart 0) KSP residual norm 6.049163e-01
  4 (restart 0) KSP residual norm 2.018320e-01
  5 (restart 0) KSP residual norm 6.774723e-02
  6 (restart 0) KSP residual norm 1.994647e-02
  7 (restart 0) KSP residual norm 3.350931e-03
  8 (restart 0) KSP residual norm 9.171695e-04
  9 (restart 0) KSP residual norm 1.831904e-04
 10 (restart 0) KSP residual norm 4.343488e-05
 11 (restart 0) KSP residual norm 1.026567e-05
 12 (restart 0) KSP residual norm 2.169587e-06
 13 (restart 0) KSP residual norm 5.165322e-07
GMRES solver converged in 13 iterations (avg. reduction factor: 2.366e-01)
  Residual norms for GMRES solve
  0 (restart 0) KSP residual norm 1.308879e+01
  1 (restart 0) KSP residual norm 7.815980e+00
  2 (restart 0) KSP residual norm 6.508610e+00
  3 (restart 0) KSP residual norm 2.203440e+00
  4 (restart 0) KSP residual norm 3.811144e-01
  5 (restart 0) KSP residual norm 6.359370e-02
  6 (restart 0) KSP residual norm 1.464846e-02
  7 (restart 0) KSP residual norm 2.204683e-03
  8 (restart 0) KSP residual norm 6.124845e-04
  9 (restart 0) KSP residual norm 1.468505e-04
 10 (restart 0) KSP residual norm 3.252113e-05
 11 (restart 0) KSP residual norm 8.602638e-06
 12 (restart 0) KSP residual norm 1.825827e-06
 13 (restart 0) KSP residual norm 4.697004e-07
 14 (restart 0) KSP residual norm 1.010323e-07
GMRES solver converged in 14 iterations (avg. reduction factor: 2.634e-01)
  Residual norms for GMRES solve
  0 (restart 0) KSP residual norm 6.193702e+00
  1 (restart 0) KSP residual norm 3.661754e+00
  2 (restart 0) KSP residual norm 3.570730e+00
  3 (restart 0) KSP residual norm 7.189471e-01
  4 (restart 0) KSP residual norm 2.484858e-01
  5 (restart 0) KSP residual norm 4.627424e-02
  6 (restart 0) KSP residual norm 1.136484e-02
  7 (restart 0) KSP residual norm 1.950029e-03
  8 (restart 0) KSP residual norm 5.523774e-04
  9 (restart 0) KSP residual norm 1.019338e-04
 10 (restart 0) KSP residual norm 2.515435e-05
 11 (restart 0) KSP residual norm 7.002696e-06
 12 (restart 0) KSP residual norm 1.721459e-06
 13 (restart 0) KSP residual norm 4.445709e-07
 14 (restart 0) KSP residual norm 1.202698e-07
 15 (restart 0) KSP residual norm 3.328738e-08
GMRES solver converged in 15 iterations (avg. reduction factor: 2.810e-01)
  Residual norms for GMRES solve
  0 (restart 0) KSP residual norm 1.016832e+01
  1 (restart 0) KSP residual norm 4.881314e+00
  2 (restart 0) KSP residual norm 4.780755e+00
  3 (restart 0) KSP residual norm 2.061945e+00
  4 (restart 0) KSP residual norm 2.050784e-01
  5 (restart 0) KSP residual norm 3.875565e-02
  6 (restart 0) KSP residual norm 1.096156e-02
  7 (restart 0) KSP residual norm 1.720577e-03
  8 (restart 0) KSP residual norm 4.746890e-04
  9 (restart 0) KSP residual norm 8.758080e-05
 10 (restart 0) KSP residual norm 2.444760e-05
 11 (restart 0) KSP residual norm 5.212934e-06
 12 (restart 0) KSP residual norm 1.515868e-06
 13 (restart 0) KSP residual norm 3.555652e-07
 14 (restart 0) KSP residual norm 1.000748e-07
GMRES solver converged in 14 iterations (avg. reduction factor: 2.680e-01)
  Residual norms for GMRES solve
  0 (restart 0) KSP residual norm 1.487383e+01
  1 (restart 0) KSP residual norm 5.752450e+00
  2 (restart 0) KSP residual norm 5.475322e+00
  3 (restart 0) KSP residual norm 2.038798e+00
  4 (restart 0) KSP residual norm 1.858876e-01
  5 (restart 0) KSP residual norm 4.176997e-02
  6 (restart 0) KSP residual norm 9.679109e-03
  7 (restart 0) KSP residual norm 1.834916e-03
  8 (restart 0) KSP residual norm 4.548756e-04
  9 (restart 0) KSP residual norm 9.970771e-05
 10 (restart 0) KSP residual norm 2.589529e-05
 11 (restart 0) KSP residual norm 5.841153e-06
 12 (restart 0) KSP residual norm 1.433085e-06
 13 (restart 0) KSP residual norm 3.609364e-07
 14 (restart 0) KSP residual norm 9.134823e-08
GMRES solver converged in 14 iterations (avg. reduction factor: 2.591e-01)
  Residual norms for GMRES solve
  0 (restart 0) KSP residual norm 9.516885e+00
  1 (restart 0) KSP residual norm 3.972223e+00
  2 (restart 0) KSP residual norm 3.680271e+00
  3 (restart 0) KSP residual norm 2.101469e+00
  4 (restart 0) KSP residual norm 2.482430e-01
  5 (restart 0) KSP residual norm 4.887857e-02
  6 (restart 0) KSP residual norm 1.055233e-02
  7 (restart 0) KSP residual norm 1.998239e-03
  8 (restart 0) KSP residual norm 4.894403e-04
  9 (restart 0) KSP residual norm 1.098585e-04
 10 (restart 0) KSP residual norm 2.732151e-05
 11 (restart 0) KSP residual norm 6.776817e-06
 12 (restart 0) KSP residual norm 1.703154e-06
 13 (restart 0) KSP residual norm 3.845174e-07
 14 (restart 0) KSP residual norm 1.019149e-07
 15 (restart 0) KSP residual norm 2.716351e-08
GMRES solver converged in 15 iterations (avg. reduction factor: 2.694e-01)
  Residual norms for GMRES solve
  0 (restart 0) KSP residual norm 1.138139e+01
  1 (restart 0) KSP residual norm 7.153379e+00
  2 (restart 0) KSP residual norm 7.072561e+00
  3 (restart 0) KSP residual norm 1.933152e+00
  4 (restart 0) KSP residual norm 3.053134e-01
  5 (restart 0) KSP residual norm 5.657822e-02
  6 (restart 0) KSP residual norm 1.309344e-02
  7 (restart 0) KSP residual norm 2.940741e-03
  8 (restart 0) KSP residual norm 6.443099e-04
  9 (restart 0) KSP residual norm 1.426276e-04
 10 (restart 0) KSP residual norm 3.308429e-05
 11 (restart 0) KSP residual norm 7.846397e-06
 12 (restart 0) KSP residual norm 1.763627e-06
 13 (restart 0) KSP residual norm 4.015139e-07
 14 (restart 0) KSP residual norm 1.015606e-07
GMRES solver converged in 14 iterations (avg. reduction factor: 2.661e-01)
  Residual norms for GMRES solve
  0 (restart 0) KSP residual norm 1.227632e+01
  1 (restart 0) KSP residual norm 5.396100e+00
  2 (restart 0) KSP residual norm 4.802704e+00
  3 (restart 0) KSP residual norm 2.018759e+00
  4 (restart 0) KSP residual norm 1.894657e-01
  5 (restart 0) KSP residual norm 4.856563e-02
  6 (restart 0) KSP residual norm 9.050700e-03
  7 (restart 0) KSP residual norm 1.783118e-03
  8 (restart 0) KSP residual norm 4.498846e-04
  9 (restart 0) KSP residual norm 1.016648e-04
 10 (restart 0) KSP residual norm 2.596611e-05
 11 (restart 0) KSP residual norm 5.964983e-06
 12 (restart 0) KSP residual norm 1.368901e-06
 13 (restart 0) KSP residual norm 3.397317e-07
 14 (restart 0) KSP residual norm 7.990269e-08
GMRES solver converged in 14 iterations (avg. reduction factor: 2.602e-01)
  Residual norms for GMRES solve
  0 (restart 0) KSP residual norm 7.005350e+00
  1 (restart 0) KSP residual norm 6.246963e+00
  2 (restart 0) KSP residual norm 4.909302e+00
  3 (restart 0) KSP residual norm 1.275676e+00
  4 (restart 0) KSP residual norm 2.460964e-01
  5 (restart 0) KSP residual norm 4.993503e-02
  6 (restart 0) KSP residual norm 9.939683e-03
  7 (restart 0) KSP residual norm 1.705129e-03
  8 (restart 0) KSP residual norm 4.005469e-04
  9 (restart 0) KSP residual norm 8.650555e-05
 10 (restart 0) KSP residual norm 2.103288e-05
 11 (restart 0) KSP residual norm 5.473917e-06
 12 (restart 0) KSP residual norm 1.324693e-06
 13 (restart 0) KSP residual norm 3.662852e-07
 14 (restart 0) KSP residual norm 7.429773e-08
 15 (restart 0) KSP residual norm 2.032012e-08
GMRES solver converged in 15 iterations (avg. reduction factor: 2.697e-01)
  Residual norms for GMRES solve
  0 (restart 0) KSP residual norm 8.911950e+00
  1 (restart 0) KSP residual norm 7.605171e+00
  2 (restart 0) KSP residual norm 5.104443e+00
  3 (restart 0) KSP residual norm 4.758455e-01
  4 (restart 0) KSP residual norm 2.022615e-01
  5 (restart 0) KSP residual norm 4.354351e-02
  6 (restart 0) KSP residual norm 8.522918e-03
  7 (restart 0) KSP residual norm 1.594870e-03
  8 (restart 0) KSP residual norm 4.328380e-04
  9 (restart 0) KSP residual norm 9.436496e-05
 10 (restart 0) KSP residual norm 2.416833e-05
 11 (restart 0) KSP residual norm 6.981166e-06
 12 (restart 0) KSP residual norm 1.431788e-06
 13 (restart 0) KSP residual norm 3.766968e-07
 14 (restart 0) KSP residual norm 7.753262e-08
GMRES solver converged in 14 iterations (avg. reduction factor: 2.656e-01)
  Residual norms for GMRES solve
  0 (restart 0) KSP residual norm 8.183045e+00
  1 (restart 0) KSP residual norm 2.959472e+00
  2 (restart 0) KSP residual norm 2.098730e+00
  3 (restart 0) KSP residual norm 1.733422e+00
  4 (restart 0) KSP residual norm 1.880968e-01
  5 (restart 0) KSP residual norm 3.441470e-02
  6 (restart 0) KSP residual norm 8.238970e-03
  7 (restart 0) KSP residual norm 1.893298e-03
  8 (restart 0) KSP residual norm 4.467372e-04
  9 (restart 0) KSP residual norm 1.058986e-04
 10 (restart 0) KSP residual norm 2.752878e-05
 11 (restart 0) KSP residual norm 6.279456e-06
 12 (restart 0) KSP residual norm 1.448233e-06
 13 (restart 0) KSP residual norm 3.710493e-07
 14 (restart 0) KSP residual norm 8.247051e-08
 15 (restart 0) KSP residual norm 2.040399e-08
GMRES solver converged in 15 iterations (avg. reduction factor: 2.670e-01)
  Residual norms for GMRES solve
  0 (restart 0) KSP residual norm 7.469206e+00
  1 (restart 0) KSP residual norm 4.989737e+00
  2 (restart 0) KSP residual norm 4.243708e+00
  3 (restart 0) KSP residual norm 8.733634e-01
  4 (restart 0) KSP residual norm 3.175698e-01
  5 (restart 0) KSP residual norm 5.179039e-02
  6 (restart 0) KSP residual norm 1.283381e-02
  7 (restart 0) KSP residual norm 2.274360e-03
  8 (restart 0) KSP residual norm 6.338086e-04
  9 (restart 0) KSP residual norm 1.371826e-04
 10 (restart 0) KSP residual norm 3.723867e-05
 11 (restart 0) KSP residual norm 8.148857e-06
 12 (restart 0) KSP residual norm 1.890981e-06
 13 (restart 0) KSP residual norm 4.703157e-07
 14 (restart 0) KSP residual norm 1.109603e-07
 15 (restart 0) KSP residual norm 2.906039e-08
GMRES solver converged in 15 iterations (avg. reduction factor: 2.750e-01)
  Residual norms for GMRES solve
  0 (restart 0) KSP residual norm 9.032452e+00
  1 (restart 0) KSP residual norm 6.222379e+00
  2 (restart 0) KSP residual norm 5.952926e+00
  3 (restart 0) KSP residual norm 1.243442e+00
  4 (restart 0) KSP residual norm 3.051164e-01
  5 (restart 0) KSP residual norm 7.042685e-02
  6 (restart 0) KSP residual norm 1.140173e-02
  7 (restart 0) KSP residual norm 1.988423e-03
  8 (restart 0) KSP residual norm 5.968143e-04
  9 (restart 0) KSP residual norm 1.311805e-04
 10 (restart 0) KSP residual norm 3.306228e-05
 11 (restart 0) KSP residual norm 8.085744e-06
 12 (restart 0) KSP residual norm 1.736171e-06
 13 (restart 0) KSP residual norm 4.577607e-07
 14 (restart 0) KSP residual norm 9.977675e-08
 15 (restart 0) KSP residual norm 2.749434e-08
GMRES solver converged in 15 iterations (avg. reduction factor: 2.705e-01)
  Residual norms for GMRES solve
  0 (restart 0) KSP residual norm 8.566255e+00
  1 (restart 0) KSP residual norm 8.508180e+00
  2 (restart 0) KSP residual norm 4.762724e+00
  3 (restart 0) KSP residual norm 1.460515e+00
  4 (restart 0) KSP residual norm 2.774982e-01
  5 (restart 0) KSP residual norm 4.981032e-02
  6 (restart 0) KSP residual norm 1.171390e-02
  7 (restart 0) KSP residual norm 2.029463e-03
  8 (restart 0) KSP residual norm 5.485106e-04
  9 (restart 0) KSP residual norm 1.186323e-04
 10 (restart 0) KSP residual norm 3.077917e-05
 11 (restart 0) KSP residual norm 7.078819e-06
 12 (restart 0) KSP residual norm 1.837866e-06
 13 (restart 0) KSP residual norm 4.702993e-07
 14 (restart 0) KSP residual norm 9.525716e-08
 15 (restart 0) KSP residual norm 2.209793e-08
GMRES solver converged in 15 iterations (avg. reduction factor: 2.676e-01)
  1 EPS nconv=6 first unconverged value (error) -6.85477e-05+0.352268i (7.61965818e-02)
  Residual norms for GMRES solve
  0 (restart 0) KSP residual norm 8.816693e+00
  1 (restart 0) KSP residual norm 5.892366e+00
  2 (restart 0) KSP residual norm 4.858009e+00
  3 (restart 0) KSP residual norm 1.712851e+00
  4 (restart 0) KSP residual norm 2.137306e-01
  5 (restart 0) KSP residual norm 3.440196e-02
  6 (restart 0) KSP residual norm 9.113732e-03
  7 (restart 0) KSP residual norm 2.299344e-03
  8 (restart 0) KSP residual norm 5.756710e-04
  9 (restart 0) KSP residual norm 1.359682e-04
 10 (restart 0) KSP residual norm 3.301086e-05
 11 (restart 0) KSP residual norm 8.227652e-06
 12 (restart 0) KSP residual norm 1.890149e-06
 13 (restart 0) KSP residual norm 4.850818e-07
 14 (restart 0) KSP residual norm 1.148883e-07
 15 (restart 0) KSP residual norm 2.531050e-08
GMRES solver converged in 15 iterations (avg. reduction factor: 2.695e-01)
  Residual norms for GMRES solve
  0 (restart 0) KSP residual norm 1.093260e+01
  1 (restart 0) KSP residual norm 3.690118e+00
  2 (restart 0) KSP residual norm 3.302251e+00
  3 (restart 0) KSP residual norm 2.304222e+00
  4 (restart 0) KSP residual norm 2.498766e-01
  5 (restart 0) KSP residual norm 5.156035e-02
  6 (restart 0) KSP residual norm 1.285298e-02
  7 (restart 0) KSP residual norm 2.021675e-03
  8 (restart 0) KSP residual norm 5.499805e-04
  9 (restart 0) KSP residual norm 1.071200e-04
 10 (restart 0) KSP residual norm 2.962779e-05
 11 (restart 0) KSP residual norm 7.086655e-06
 12 (restart 0) KSP residual norm 1.762538e-06
 13 (restart 0) KSP residual norm 3.734110e-07
 14 (restart 0) KSP residual norm 8.962130e-08
GMRES solver converged in 14 iterations (avg. reduction factor: 2.645e-01)
  Residual norms for GMRES solve
  0 (restart 0) KSP residual norm 5.639037e+00
  1 (restart 0) KSP residual norm 4.898515e+00
  2 (restart 0) KSP residual norm 3.917325e+00
  3 (restart 0) KSP residual norm 4.748184e-01
  4 (restart 0) KSP residual norm 1.565331e-01
  5 (restart 0) KSP residual norm 4.056475e-02
  6 (restart 0) KSP residual norm 9.672312e-03
  7 (restart 0) KSP residual norm 1.613745e-03
  8 (restart 0) KSP residual norm 4.830707e-04
  9 (restart 0) KSP residual norm 9.465670e-05
 10 (restart 0) KSP residual norm 2.345420e-05
 11 (restart 0) KSP residual norm 6.356062e-06
 12 (restart 0) KSP residual norm 1.455379e-06
 13 (restart 0) KSP residual norm 3.722056e-07
 14 (restart 0) KSP residual norm 8.414228e-08
 15 (restart 0) KSP residual norm 2.215001e-08
GMRES solver converged in 15 iterations (avg. reduction factor: 2.752e-01)
  Residual norms for GMRES solve
  0 (restart 0) KSP residual norm 1.410629e+01
  1 (restart 0) KSP residual norm 7.243834e+00
  2 (restart 0) KSP residual norm 5.571671e+00
  3 (restart 0) KSP residual norm 2.451361e+00
  4 (restart 0) KSP residual norm 2.263032e-01
  5 (restart 0) KSP residual norm 3.852549e-02
  6 (restart 0) KSP residual norm 1.079359e-02
  7 (restart 0) KSP residual norm 1.834597e-03
  8 (restart 0) KSP residual norm 4.428973e-04
  9 (restart 0) KSP residual norm 9.586645e-05
 10 (restart 0) KSP residual norm 2.168912e-05
 11 (restart 0) KSP residual norm 5.395936e-06
 12 (restart 0) KSP residual norm 1.254130e-06
 13 (restart 0) KSP residual norm 3.248677e-07
 14 (restart 0) KSP residual norm 7.527599e-08
GMRES solver converged in 14 iterations (avg. reduction factor: 2.565e-01)
  Residual norms for GMRES solve
  0 (restart 0) KSP residual norm 1.194800e+01
  1 (restart 0) KSP residual norm 5.600861e+00
  2 (restart 0) KSP residual norm 4.588171e+00
  3 (restart 0) KSP residual norm 1.996526e+00
  4 (restart 0) KSP residual norm 1.976045e-01
  5 (restart 0) KSP residual norm 3.788204e-02
  6 (restart 0) KSP residual norm 9.272287e-03
  7 (restart 0) KSP residual norm 1.690102e-03
  8 (restart 0) KSP residual norm 4.851031e-04
  9 (restart 0) KSP residual norm 8.585517e-05
 10 (restart 0) KSP residual norm 2.203569e-05
 11 (restart 0) KSP residual norm 5.321712e-06
 12 (restart 0) KSP residual norm 1.270695e-06
 13 (restart 0) KSP residual norm 3.552533e-07
 14 (restart 0) KSP residual norm 8.095135e-08
GMRES solver converged in 14 iterations (avg. reduction factor: 2.609e-01)
  Residual norms for GMRES solve
  0 (restart 0) KSP residual norm 1.339406e+01
  1 (restart 0) KSP residual norm 5.869744e+00
  2 (restart 0) KSP residual norm 5.422790e+00
  3 (restart 0) KSP residual norm 2.166270e+00
  4 (restart 0) KSP residual norm 1.946644e-01
  5 (restart 0) KSP residual norm 3.950341e-02
  6 (restart 0) KSP residual norm 9.388129e-03
  7 (restart 0) KSP residual norm 1.750185e-03
  8 (restart 0) KSP residual norm 4.826113e-04
  9 (restart 0) KSP residual norm 1.029665e-04
 10 (restart 0) KSP residual norm 2.604909e-05
 11 (restart 0) KSP residual norm 6.551390e-06
 12 (restart 0) KSP residual norm 1.441615e-06
 13 (restart 0) KSP residual norm 3.517949e-07
 14 (restart 0) KSP residual norm 8.347243e-08
GMRES solver converged in 14 iterations (avg. reduction factor: 2.594e-01)
  Residual norms for GMRES solve
  0 (restart 0) KSP residual norm 1.378055e+01
  1 (restart 0) KSP residual norm 5.288027e+00
  2 (restart 0) KSP residual norm 5.081741e+00
  3 (restart 0) KSP residual norm 1.780394e+00
  4 (restart 0) KSP residual norm 2.383481e-01
  5 (restart 0) KSP residual norm 4.524898e-02
  6 (restart 0) KSP residual norm 9.983480e-03
  7 (restart 0) KSP residual norm 1.818464e-03
  8 (restart 0) KSP residual norm 4.738486e-04
  9 (restart 0) KSP residual norm 1.036317e-04
 10 (restart 0) KSP residual norm 2.685857e-05
 11 (restart 0) KSP residual norm 6.215597e-06
 12 (restart 0) KSP residual norm 1.393652e-06
 13 (restart 0) KSP residual norm 3.365482e-07
 14 (restart 0) KSP residual norm 8.670790e-08
GMRES solver converged in 14 iterations (avg. reduction factor: 2.595e-01)
  Residual norms for GMRES solve
  0 (restart 0) KSP residual norm 6.508086e+00
  1 (restart 0) KSP residual norm 6.500231e+00
  2 (restart 0) KSP residual norm 3.594980e+00
  3 (restart 0) KSP residual norm 7.563186e-01
  4 (restart 0) KSP residual norm 2.105468e-01
  5 (restart 0) KSP residual norm 4.075983e-02
  6 (restart 0) KSP residual norm 9.013245e-03
  7 (restart 0) KSP residual norm 1.641809e-03
  8 (restart 0) KSP residual norm 4.333921e-04
  9 (restart 0) KSP residual norm 8.644900e-05
 10 (restart 0) KSP residual norm 2.429835e-05
 11 (restart 0) KSP residual norm 5.771980e-06
 12 (restart 0) KSP residual norm 1.495632e-06
 13 (restart 0) KSP residual norm 3.779602e-07
 14 (restart 0) KSP residual norm 9.123921e-08
 15 (restart 0) KSP residual norm 1.986789e-08
GMRES solver converged in 15 iterations (avg. reduction factor: 2.706e-01)
  Residual norms for GMRES solve
  0 (restart 0) KSP residual norm 2.109454e+01
  1 (restart 0) KSP residual norm 3.447157e+00
  2 (restart 0) KSP residual norm 3.437846e+00
  3 (restart 0) KSP residual norm 1.704514e+00
  4 (restart 0) KSP residual norm 1.721017e-01
  5 (restart 0) KSP residual norm 3.414897e-02
  6 (restart 0) KSP residual norm 7.791068e-03
  7 (restart 0) KSP residual norm 1.462518e-03
  8 (restart 0) KSP residual norm 3.893348e-04
  9 (restart 0) KSP residual norm 7.452302e-05
 10 (restart 0) KSP residual norm 2.089601e-05
 11 (restart 0) KSP residual norm 4.929714e-06
 12 (restart 0) KSP residual norm 1.191611e-06
 13 (restart 0) KSP residual norm 3.025230e-07
 14 (restart 0) KSP residual norm 7.109740e-08
GMRES solver converged in 14 iterations (avg. reduction factor: 2.482e-01)
  2 EPS nconv=8 first unconverged value (error) -8.70195e-06+0.368862i (1.14918260e-03)

 Linear eigensolve converged (8 eigenpairs) due to CONVERGED_TOL; iterations 2
 Total number of linear systems solved: 32
 Total number of linear solver iterations: 455
 Found 8 converged eigenvalues (first = -2.164e-04+8.909e+00i)

 Refining eigenvalues with Quasi-Newton solver
  Residual norms for GMRES solve
  0 (restart 0) KSP residual norm 8.401803e+00
  1 (restart 0) KSP residual norm 7.013506e-01
  2 (restart 0) KSP residual norm 6.860655e-01
  3 (restart 0) KSP residual norm 3.870339e-01
  4 (restart 0) KSP residual norm 1.870862e-01
  5 (restart 0) KSP residual norm 1.705275e-01
  6 (restart 0) KSP residual norm 1.266349e-01
  7 (restart 0) KSP residual norm 1.116388e-01
  8 (restart 0) KSP residual norm 7.791157e-02
  9 (restart 0) KSP residual norm 7.436338e-02
 10 (restart 0) KSP residual norm 4.785708e-02
 11 (restart 0) KSP residual norm 1.260956e-02
 12 (restart 0) KSP residual norm 1.064281e-02
 13 (restart 0) KSP residual norm 1.043737e-02
 14 (restart 0) KSP residual norm 1.022852e-02
 15 (restart 0) KSP residual norm 1.006793e-02
 16 (restart 0) KSP residual norm 1.002677e-02
 17 (restart 0) KSP residual norm 1.000097e-02
 18 (restart 0) KSP residual norm 9.995713e-03
 19 (restart 0) KSP residual norm 9.856532e-03
 20 (restart 0) KSP residual norm 8.752614e-03
 21 (restart 0) KSP residual norm 4.564350e-03
 22 (restart 0) KSP residual norm 1.403328e-03
 23 (restart 0) KSP residual norm 4.181010e-04
GMRES solver converged in 23 iterations (avg. reduction factor: 6.500e-01)
0 NLEPS (nconv=0, restart=0) residual norm 7.342248e-04
  Residual norms for GMRES solve
  0 (restart 0) KSP residual norm 3.187242e-06
  1 (restart 0) KSP residual norm 8.508847e-07
  2 (restart 0) KSP residual norm 6.619113e-07
  3 (restart 0) KSP residual norm 6.563963e-07
  4 (restart 0) KSP residual norm 3.959845e-07
  5 (restart 0) KSP residual norm 3.000567e-07
  6 (restart 0) KSP residual norm 2.972302e-07
  7 (restart 0) KSP residual norm 2.959713e-07
  8 (restart 0) KSP residual norm 2.959612e-07
  9 (restart 0) KSP residual norm 2.917287e-07
 10 (restart 0) KSP residual norm 2.904998e-07
 11 (restart 0) KSP residual norm 2.872879e-07
 12 (restart 0) KSP residual norm 2.859637e-07
 13 (restart 0) KSP residual norm 2.849115e-07
 14 (restart 0) KSP residual norm 2.821303e-07
 15 (restart 0) KSP residual norm 2.816354e-07
 16 (restart 0) KSP residual norm 2.815680e-07
 17 (restart 0) KSP residual norm 2.806324e-07
 18 (restart 0) KSP residual norm 2.607122e-07
 19 (restart 0) KSP residual norm 1.497826e-07
 20 (restart 0) KSP residual norm 5.116805e-08
 21 (restart 0) KSP residual norm 1.504768e-08
 22 (restart 0) KSP residual norm 4.333082e-09
 23 (restart 0) KSP residual norm 1.240471e-09
 24 (restart 0) KSP residual norm 3.235796e-10
 25 (restart 0) KSP residual norm 8.091608e-11
GMRES solver converged in 25 iterations (avg. reduction factor: 6.549e-01)
1 NLEPS (nconv=0, restart=0) residual norm 8.983084e-07
  Residual norms for GMRES solve
  0 (restart 0) KSP residual norm 3.112508e-10
  1 (restart 0) KSP residual norm 2.742736e-10
  2 (restart 0) KSP residual norm 2.648592e-10
  3 (restart 0) KSP residual norm 2.628591e-10
  4 (restart 0) KSP residual norm 2.447622e-10
  5 (restart 0) KSP residual norm 2.379876e-10
  6 (restart 0) KSP residual norm 2.263062e-10
  7 (restart 0) KSP residual norm 2.112092e-10
  8 (restart 0) KSP residual norm 2.012390e-10
  9 (restart 0) KSP residual norm 1.991161e-10
 10 (restart 0) KSP residual norm 1.990107e-10
 11 (restart 0) KSP residual norm 1.905999e-10
 12 (restart 0) KSP residual norm 1.866738e-10
 13 (restart 0) KSP residual norm 1.802043e-10
 14 (restart 0) KSP residual norm 1.664188e-10
 15 (restart 0) KSP residual norm 1.318374e-10
 16 (restart 0) KSP residual norm 1.144576e-10
 17 (restart 0) KSP residual norm 9.770469e-11
 18 (restart 0) KSP residual norm 7.372470e-11
 19 (restart 0) KSP residual norm 5.998360e-11
 20 (restart 0) KSP residual norm 4.736477e-11
 21 (restart 0) KSP residual norm 2.531366e-11
 22 (restart 0) KSP residual norm 7.600993e-12
 23 (restart 0) KSP residual norm 1.881913e-12
 24 (restart 0) KSP residual norm 5.078973e-13
GMRES solver converged in 24 iterations (avg. reduction factor: 7.654e-01)
2 NLEPS (nconv=0, restart=0) residual norm 4.853537e-09
Eigenvalue 0, Quasi-Newton converged in 2 iterations (-2.162e-04+8.909e+00i).
  Residual norms for GMRES solve
  0 (restart 0) KSP residual norm 8.401278e+00
  1 (restart 0) KSP residual norm 6.987993e-01
  2 (restart 0) KSP residual norm 6.822919e-01
  3 (restart 0) KSP residual norm 4.054811e-01
  4 (restart 0) KSP residual norm 1.977693e-01
  5 (restart 0) KSP residual norm 1.834817e-01
  6 (restart 0) KSP residual norm 1.675465e-01
  7 (restart 0) KSP residual norm 1.521615e-01
  8 (restart 0) KSP residual norm 9.403932e-02
  9 (restart 0) KSP residual norm 8.097718e-02
 10 (restart 0) KSP residual norm 8.079764e-02
 11 (restart 0) KSP residual norm 6.874825e-02
 12 (restart 0) KSP residual norm 6.600465e-02
 13 (restart 0) KSP residual norm 6.361596e-02
 14 (restart 0) KSP residual norm 6.206160e-02
 15 (restart 0) KSP residual norm 6.202920e-02
 16 (restart 0) KSP residual norm 6.171474e-02
 17 (restart 0) KSP residual norm 6.169208e-02
 18 (restart 0) KSP residual norm 6.090613e-02
 19 (restart 0) KSP residual norm 5.024085e-02
 20 (restart 0) KSP residual norm 1.891038e-02
 21 (restart 0) KSP residual norm 5.344000e-03
 22 (restart 0) KSP residual norm 1.537127e-03
 23 (restart 0) KSP residual norm 4.533606e-04
GMRES solver converged in 23 iterations (avg. reduction factor: 6.523e-01)
0 NLEPS (nconv=1, restart=0) residual norm 1.070282e-01
  Residual norms for GMRES solve
  0 (restart 0) KSP residual norm 6.446546e+00
  1 (restart 0) KSP residual norm 1.891729e+00
  2 (restart 0) KSP residual norm 1.408759e+00
  3 (restart 0) KSP residual norm 1.403398e+00
  4 (restart 0) KSP residual norm 6.272515e-01
  5 (restart 0) KSP residual norm 2.491830e-01
  6 (restart 0) KSP residual norm 1.238357e-01
  7 (restart 0) KSP residual norm 1.009839e-01
  8 (restart 0) KSP residual norm 1.007263e-01
  9 (restart 0) KSP residual norm 9.481311e-02
 10 (restart 0) KSP residual norm 6.315157e-02
 11 (restart 0) KSP residual norm 2.073521e-02
 12 (restart 0) KSP residual norm 9.227969e-03
 13 (restart 0) KSP residual norm 8.183222e-03
 14 (restart 0) KSP residual norm 7.706887e-03
 15 (restart 0) KSP residual norm 7.701115e-03
 16 (restart 0) KSP residual norm 7.435049e-03
 17 (restart 0) KSP residual norm 7.407340e-03
 18 (restart 0) KSP residual norm 7.358480e-03
 19 (restart 0) KSP residual norm 7.348926e-03
 20 (restart 0) KSP residual norm 7.266886e-03
 21 (restart 0) KSP residual norm 6.775998e-03
 22 (restart 0) KSP residual norm 3.767114e-03
 23 (restart 0) KSP residual norm 8.810111e-04
 24 (restart 0) KSP residual norm 2.240977e-04
GMRES solver converged in 24 iterations (avg. reduction factor: 6.519e-01)
1 NLEPS (nconv=1, restart=0) residual norm 1.290074e-03
  Residual norms for GMRES solve
  0 (restart 0) KSP residual norm 1.200217e-07
  1 (restart 0) KSP residual norm 4.918937e-08
  2 (restart 0) KSP residual norm 3.790275e-08
  3 (restart 0) KSP residual norm 3.776937e-08
  4 (restart 0) KSP residual norm 2.459633e-08
  5 (restart 0) KSP residual norm 1.333254e-08
  6 (restart 0) KSP residual norm 6.402159e-09
  7 (restart 0) KSP residual norm 5.670289e-09
  8 (restart 0) KSP residual norm 5.628236e-09
  9 (restart 0) KSP residual norm 5.291211e-09
 10 (restart 0) KSP residual norm 4.426667e-09
 11 (restart 0) KSP residual norm 2.498870e-09
 12 (restart 0) KSP residual norm 1.037628e-09
 13 (restart 0) KSP residual norm 4.864537e-10
 14 (restart 0) KSP residual norm 3.312245e-10
 15 (restart 0) KSP residual norm 2.911214e-10
 16 (restart 0) KSP residual norm 2.665392e-10
 17 (restart 0) KSP residual norm 2.582763e-10
 18 (restart 0) KSP residual norm 2.348610e-10
 19 (restart 0) KSP residual norm 2.229056e-10
 20 (restart 0) KSP residual norm 2.148375e-10
 21 (restart 0) KSP residual norm 2.086521e-10
 22 (restart 0) KSP residual norm 1.963950e-10
 23 (restart 0) KSP residual norm 1.362965e-10
 24 (restart 0) KSP residual norm 3.739141e-11
 25 (restart 0) KSP residual norm 1.148573e-11
GMRES solver converged in 25 iterations (avg. reduction factor: 6.906e-01)
2 NLEPS (nconv=1, restart=0) residual norm 5.444324e-07
  Residual norms for GMRES solve
  0 (restart 0) KSP residual norm 9.737135e-10
  1 (restart 0) KSP residual norm 2.764363e-10
  2 (restart 0) KSP residual norm 2.199166e-10
  3 (restart 0) KSP residual norm 2.015581e-10
  4 (restart 0) KSP residual norm 1.424140e-10
  5 (restart 0) KSP residual norm 1.285207e-10
  6 (restart 0) KSP residual norm 1.196125e-10
  7 (restart 0) KSP residual norm 1.143633e-10
  8 (restart 0) KSP residual norm 1.128635e-10
  9 (restart 0) KSP residual norm 1.125823e-10
 10 (restart 0) KSP residual norm 1.119226e-10
 11 (restart 0) KSP residual norm 1.116162e-10
 12 (restart 0) KSP residual norm 1.084828e-10
 13 (restart 0) KSP residual norm 1.083119e-10
 14 (restart 0) KSP residual norm 1.081165e-10
 15 (restart 0) KSP residual norm 1.075804e-10
 16 (restart 0) KSP residual norm 1.074757e-10
 17 (restart 0) KSP residual norm 1.060935e-10
 18 (restart 0) KSP residual norm 1.042198e-10
 19 (restart 0) KSP residual norm 8.283039e-11
 20 (restart 0) KSP residual norm 3.157638e-11
 21 (restart 0) KSP residual norm 8.025125e-12
 22 (restart 0) KSP residual norm 1.978961e-12
 23 (restart 0) KSP residual norm 5.371102e-13
GMRES solver converged in 23 iterations (avg. reduction factor: 7.217e-01)
3 NLEPS (nconv=1, restart=0) residual norm 6.413179e-09
Eigenvalue 1, Quasi-Newton converged in 3 iterations (-2.163e-04+8.910e+00i).
  Residual norms for GMRES solve
  0 (restart 0) KSP residual norm 8.396183e+00
  1 (restart 0) KSP residual norm 6.744885e-01
  2 (restart 0) KSP residual norm 6.441263e-01
  3 (restart 0) KSP residual norm 6.336722e-01
  4 (restart 0) KSP residual norm 1.607182e-01
  5 (restart 0) KSP residual norm 1.312339e-01
  6 (restart 0) KSP residual norm 1.224507e-01
  7 (restart 0) KSP residual norm 1.184001e-01
  8 (restart 0) KSP residual norm 8.640268e-02
  9 (restart 0) KSP residual norm 6.917882e-02
 10 (restart 0) KSP residual norm 6.272695e-02
 11 (restart 0) KSP residual norm 5.921024e-02
 12 (restart 0) KSP residual norm 5.903537e-02
 13 (restart 0) KSP residual norm 5.864221e-02
 14 (restart 0) KSP residual norm 5.858572e-02
 15 (restart 0) KSP residual norm 5.857711e-02
 16 (restart 0) KSP residual norm 5.842701e-02
 17 (restart 0) KSP residual norm 5.688230e-02
 18 (restart 0) KSP residual norm 4.006228e-02
 19 (restart 0) KSP residual norm 1.591538e-02
 20 (restart 0) KSP residual norm 3.786456e-03
 21 (restart 0) KSP residual norm 9.897840e-04
 22 (restart 0) KSP residual norm 2.681489e-04
GMRES solver converged in 22 iterations (avg. reduction factor: 6.247e-01)
0 NLEPS (nconv=2, restart=0) residual norm 1.096234e-01
  Residual norms for GMRES solve
  0 (restart 0) KSP residual norm 5.421427e+00
  1 (restart 0) KSP residual norm 1.966124e+00
  2 (restart 0) KSP residual norm 1.775094e+00
  3 (restart 0) KSP residual norm 9.703604e-01
  4 (restart 0) KSP residual norm 5.865135e-01
  5 (restart 0) KSP residual norm 4.311303e-01
  6 (restart 0) KSP residual norm 2.970368e-01
  7 (restart 0) KSP residual norm 2.347728e-01
  8 (restart 0) KSP residual norm 5.020511e-02
  9 (restart 0) KSP residual norm 1.173314e-02
 10 (restart 0) KSP residual norm 5.285644e-03
 11 (restart 0) KSP residual norm 4.912141e-03
 12 (restart 0) KSP residual norm 4.908287e-03
 13 (restart 0) KSP residual norm 4.888794e-03
 14 (restart 0) KSP residual norm 4.815871e-03
 15 (restart 0) KSP residual norm 4.775797e-03
 16 (restart 0) KSP residual norm 4.696676e-03
 17 (restart 0) KSP residual norm 4.471789e-03
 18 (restart 0) KSP residual norm 4.183751e-03
 19 (restart 0) KSP residual norm 4.105481e-03
 20 (restart 0) KSP residual norm 3.905401e-03
 21 (restart 0) KSP residual norm 2.188309e-03
 22 (restart 0) KSP residual norm 6.270809e-04
 23 (restart 0) KSP residual norm 1.596385e-04
GMRES solver converged in 23 iterations (avg. reduction factor: 6.353e-01)
1 NLEPS (nconv=2, restart=0) residual norm 3.608377e-04
  Residual norms for GMRES solve
  0 (restart 0) KSP residual norm 4.757198e-08
  1 (restart 0) KSP residual norm 4.431340e-08
  2 (restart 0) KSP residual norm 4.224266e-08
  3 (restart 0) KSP residual norm 3.338848e-08
  4 (restart 0) KSP residual norm 6.994978e-09
  5 (restart 0) KSP residual norm 3.465231e-09
  6 (restart 0) KSP residual norm 3.131467e-09
  7 (restart 0) KSP residual norm 3.037601e-09
  8 (restart 0) KSP residual norm 2.087102e-09
  9 (restart 0) KSP residual norm 7.246239e-10
 10 (restart 0) KSP residual norm 2.139236e-10
 11 (restart 0) KSP residual norm 5.971970e-11
 12 (restart 0) KSP residual norm 1.817565e-11
 13 (restart 0) KSP residual norm 1.075049e-11
 14 (restart 0) KSP residual norm 1.037672e-11
 15 (restart 0) KSP residual norm 1.027269e-11
 16 (restart 0) KSP residual norm 1.023713e-11
 17 (restart 0) KSP residual norm 1.018142e-11
 18 (restart 0) KSP residual norm 1.006819e-11
 19 (restart 0) KSP residual norm 1.000893e-11
 20 (restart 0) KSP residual norm 9.938898e-12
 21 (restart 0) KSP residual norm 9.933401e-12
 22 (restart 0) KSP residual norm 9.926565e-12
 23 (restart 0) KSP residual norm 9.693811e-12
 24 (restart 0) KSP residual norm 8.529045e-12
 25 (restart 0) KSP residual norm 2.885827e-12
GMRES solver converged in 25 iterations (avg. reduction factor: 6.781e-01)
2 NLEPS (nconv=2, restart=0) residual norm 3.754962e-08
  Residual norms for GMRES solve
  0 (restart 0) KSP residual norm 9.602332e-12
  1 (restart 0) KSP residual norm 9.541580e-12
  2 (restart 0) KSP residual norm 9.538602e-12
  3 (restart 0) KSP residual norm 9.076036e-12
  4 (restart 0) KSP residual norm 8.615121e-12
  5 (restart 0) KSP residual norm 8.139509e-12
  6 (restart 0) KSP residual norm 8.042758e-12
  7 (restart 0) KSP residual norm 7.957913e-12
  8 (restart 0) KSP residual norm 7.908435e-12
  9 (restart 0) KSP residual norm 7.523976e-12
 10 (restart 0) KSP residual norm 7.298418e-12
 11 (restart 0) KSP residual norm 7.125843e-12
 12 (restart 0) KSP residual norm 7.114773e-12
 13 (restart 0) KSP residual norm 7.096930e-12
 14 (restart 0) KSP residual norm 7.079355e-12
 15 (restart 0) KSP residual norm 7.025693e-12
 16 (restart 0) KSP residual norm 7.000806e-12
 17 (restart 0) KSP residual norm 6.414633e-12
 18 (restart 0) KSP residual norm 5.124191e-12
 19 (restart 0) KSP residual norm 2.192688e-12
 20 (restart 0) KSP residual norm 7.085555e-13
GMRES solver converged in 20 iterations (avg. reduction factor: 8.778e-01)
3 NLEPS (nconv=2, restart=0) residual norm 6.454153e-09
Eigenvalue 2, Quasi-Newton converged in 3 iterations (-9.904e-05+8.912e+00i).
  Residual norms for GMRES solve
  0 (restart 0) KSP residual norm 7.310625e+00
  1 (restart 0) KSP residual norm 4.903677e-01
  2 (restart 0) KSP residual norm 2.003716e-01
  3 (restart 0) KSP residual norm 1.635260e-01
  4 (restart 0) KSP residual norm 1.235823e-01
  5 (restart 0) KSP residual norm 1.088272e-01
  6 (restart 0) KSP residual norm 6.967786e-02
  7 (restart 0) KSP residual norm 4.324753e-02
  8 (restart 0) KSP residual norm 3.423543e-02
  9 (restart 0) KSP residual norm 3.035998e-02
 10 (restart 0) KSP residual norm 2.900187e-02
 11 (restart 0) KSP residual norm 2.354891e-02
 12 (restart 0) KSP residual norm 2.168041e-02
 13 (restart 0) KSP residual norm 1.554165e-02
 14 (restart 0) KSP residual norm 1.198645e-02
 15 (restart 0) KSP residual norm 1.188794e-02
 16 (restart 0) KSP residual norm 1.187886e-02
 17 (restart 0) KSP residual norm 1.146911e-02
 18 (restart 0) KSP residual norm 9.400084e-03
 19 (restart 0) KSP residual norm 5.250601e-03
 20 (restart 0) KSP residual norm 1.390872e-03
 21 (restart 0) KSP residual norm 5.042363e-04
GMRES solver converged in 21 iterations (avg. reduction factor: 6.336e-01)
0 NLEPS (nconv=3, restart=0) residual norm 1.525163e-01
  Residual norms for GMRES solve
  0 (restart 0) KSP residual norm 9.621790e-01
  1 (restart 0) KSP residual norm 4.250752e-01
  2 (restart 0) KSP residual norm 1.138743e-01
  3 (restart 0) KSP residual norm 4.209473e-02
  4 (restart 0) KSP residual norm 3.395116e-02
  5 (restart 0) KSP residual norm 3.323971e-02
  6 (restart 0) KSP residual norm 2.900256e-02
  7 (restart 0) KSP residual norm 2.619788e-02
  8 (restart 0) KSP residual norm 2.579757e-02
  9 (restart 0) KSP residual norm 2.214594e-02
 10 (restart 0) KSP residual norm 2.213667e-02
 11 (restart 0) KSP residual norm 1.310719e-02
 12 (restart 0) KSP residual norm 1.147758e-02
 13 (restart 0) KSP residual norm 1.038066e-02
 14 (restart 0) KSP residual norm 9.849881e-03
 15 (restart 0) KSP residual norm 9.411099e-03
 16 (restart 0) KSP residual norm 8.987976e-03
 17 (restart 0) KSP residual norm 8.804918e-03
 18 (restart 0) KSP residual norm 8.578294e-03
 19 (restart 0) KSP residual norm 6.852868e-03
 20 (restart 0) KSP residual norm 3.205357e-03
 21 (restart 0) KSP residual norm 8.970491e-04
 22 (restart 0) KSP residual norm 2.446791e-04
 23 (restart 0) KSP residual norm 6.339733e-05
GMRES solver converged in 23 iterations (avg. reduction factor: 6.580e-01)
1 NLEPS (nconv=3, restart=0) residual norm 2.014532e-03
  Residual norms for GMRES solve
  0 (restart 0) KSP residual norm 7.849472e-08
  1 (restart 0) KSP residual norm 2.646115e-08
  2 (restart 0) KSP residual norm 6.674667e-09
  3 (restart 0) KSP residual norm 2.747735e-09
  4 (restart 0) KSP residual norm 1.988962e-09
  5 (restart 0) KSP residual norm 1.608150e-09
  6 (restart 0) KSP residual norm 1.554889e-09
  7 (restart 0) KSP residual norm 1.457492e-09
  8 (restart 0) KSP residual norm 1.352081e-09
  9 (restart 0) KSP residual norm 1.236875e-09
 10 (restart 0) KSP residual norm 1.199259e-09
 11 (restart 0) KSP residual norm 1.101996e-09
 12 (restart 0) KSP residual norm 1.004796e-09
 13 (restart 0) KSP residual norm 7.354106e-10
 14 (restart 0) KSP residual norm 5.720138e-10
 15 (restart 0) KSP residual norm 5.155841e-10
 16 (restart 0) KSP residual norm 5.072987e-10
 17 (restart 0) KSP residual norm 4.942538e-10
 18 (restart 0) KSP residual norm 4.630542e-10
 19 (restart 0) KSP residual norm 3.766410e-10
 20 (restart 0) KSP residual norm 3.266864e-10
 21 (restart 0) KSP residual norm 2.190702e-10
 22 (restart 0) KSP residual norm 8.581212e-11
 23 (restart 0) KSP residual norm 2.949660e-11
 24 (restart 0) KSP residual norm 6.341721e-12
GMRES solver converged in 24 iterations (avg. reduction factor: 6.753e-01)
2 NLEPS (nconv=3, restart=0) residual norm 9.626373e-07
  Residual norms for GMRES solve
  0 (restart 0) KSP residual norm 6.600249e-09
  1 (restart 0) KSP residual norm 3.577435e-09
  2 (restart 0) KSP residual norm 1.157896e-09
  3 (restart 0) KSP residual norm 1.110671e-09
  4 (restart 0) KSP residual norm 8.716808e-10
  5 (restart 0) KSP residual norm 8.164177e-10
  6 (restart 0) KSP residual norm 7.402912e-10
  7 (restart 0) KSP residual norm 7.389431e-10
  8 (restart 0) KSP residual norm 5.919131e-10
  9 (restart 0) KSP residual norm 4.751064e-10
 10 (restart 0) KSP residual norm 3.867159e-10
 11 (restart 0) KSP residual norm 3.700005e-10
 12 (restart 0) KSP residual norm 3.336192e-10
 13 (restart 0) KSP residual norm 3.157251e-10
 14 (restart 0) KSP residual norm 3.100374e-10
 15 (restart 0) KSP residual norm 3.052573e-10
 16 (restart 0) KSP residual norm 3.050384e-10
 17 (restart 0) KSP residual norm 2.819641e-10
 18 (restart 0) KSP residual norm 1.451273e-10
 19 (restart 0) KSP residual norm 7.057844e-11
 20 (restart 0) KSP residual norm 1.501083e-11
 21 (restart 0) KSP residual norm 4.952268e-12
 22 (restart 0) KSP residual norm 1.157787e-12
 23 (restart 0) KSP residual norm 3.292471e-13
GMRES solver converged in 23 iterations (avg. reduction factor: 6.501e-01)
3 NLEPS (nconv=3, restart=0) residual norm 1.639692e-09
Eigenvalue 3, Quasi-Newton converged in 3 iterations (-1.963e-04+9.555e+00i).
  Residual norms for GMRES solve
  0 (restart 0) KSP residual norm 7.309276e+00
  1 (restart 0) KSP residual norm 4.985266e-01
  2 (restart 0) KSP residual norm 2.047367e-01
  3 (restart 0) KSP residual norm 1.707804e-01
  4 (restart 0) KSP residual norm 1.352292e-01
  5 (restart 0) KSP residual norm 1.338758e-01
  6 (restart 0) KSP residual norm 8.828874e-02
  7 (restart 0) KSP residual norm 8.802375e-02
  8 (restart 0) KSP residual norm 8.753454e-02
  9 (restart 0) KSP residual norm 6.050239e-02
 10 (restart 0) KSP residual norm 3.985639e-02
 11 (restart 0) KSP residual norm 3.577313e-02
 12 (restart 0) KSP residual norm 3.562483e-02
 13 (restart 0) KSP residual norm 3.551597e-02
 14 (restart 0) KSP residual norm 3.506189e-02
 15 (restart 0) KSP residual norm 3.483394e-02
 16 (restart 0) KSP residual norm 3.463700e-02
 17 (restart 0) KSP residual norm 3.059762e-02
 18 (restart 0) KSP residual norm 2.117238e-02
 19 (restart 0) KSP residual norm 5.971550e-03
 20 (restart 0) KSP residual norm 1.852707e-03
 21 (restart 0) KSP residual norm 6.516563e-04
GMRES solver converged in 21 iterations (avg. reduction factor: 6.414e-01)
0 NLEPS (nconv=4, restart=0) residual norm 1.687508e-01
  Residual norms for GMRES solve
  0 (restart 0) KSP residual norm 8.127786e+00
  1 (restart 0) KSP residual norm 1.889714e+00
  2 (restart 0) KSP residual norm 7.416848e-01
  3 (restart 0) KSP residual norm 7.337469e-01
  4 (restart 0) KSP residual norm 6.336440e-01
  5 (restart 0) KSP residual norm 6.248906e-01
  6 (restart 0) KSP residual norm 4.558257e-01
  7 (restart 0) KSP residual norm 1.105913e-01
  8 (restart 0) KSP residual norm 2.818722e-02
  9 (restart 0) KSP residual norm 1.288027e-02
 10 (restart 0) KSP residual norm 6.297493e-03
 11 (restart 0) KSP residual norm 5.325829e-03
 12 (restart 0) KSP residual norm 5.192515e-03
 13 (restart 0) KSP residual norm 5.154532e-03
 14 (restart 0) KSP residual norm 4.943167e-03
 15 (restart 0) KSP residual norm 3.638211e-03
 16 (restart 0) KSP residual norm 2.851401e-03
 17 (restart 0) KSP residual norm 2.343670e-03
 18 (restart 0) KSP residual norm 2.302267e-03
 19 (restart 0) KSP residual norm 2.277661e-03
 20 (restart 0) KSP residual norm 2.118276e-03
 21 (restart 0) KSP residual norm 1.204498e-03
 22 (restart 0) KSP residual norm 4.398951e-04
GMRES solver converged in 22 iterations (avg. reduction factor: 6.398e-01)
1 NLEPS (nconv=4, restart=0) residual norm 5.846826e-04
  Residual norms for GMRES solve
  0 (restart 0) KSP residual norm 8.418472e-07
  1 (restart 0) KSP residual norm 5.198965e-07
  2 (restart 0) KSP residual norm 5.108050e-07
  3 (restart 0) KSP residual norm 4.827730e-07
  4 (restart 0) KSP residual norm 4.411742e-07
  5 (restart 0) KSP residual norm 3.295149e-07
  6 (restart 0) KSP residual norm 2.927001e-07
  7 (restart 0) KSP residual norm 7.755675e-08
  8 (restart 0) KSP residual norm 2.967500e-08
  9 (restart 0) KSP residual norm 1.240813e-08
 10 (restart 0) KSP residual norm 3.754632e-09
 11 (restart 0) KSP residual norm 1.454466e-09
 12 (restart 0) KSP residual norm 8.979001e-10
 13 (restart 0) KSP residual norm 7.268951e-10
 14 (restart 0) KSP residual norm 6.933562e-10
 15 (restart 0) KSP residual norm 6.820455e-10
 16 (restart 0) KSP residual norm 6.771822e-10
 17 (restart 0) KSP residual norm 6.742922e-10
 18 (restart 0) KSP residual norm 6.699748e-10
 19 (restart 0) KSP residual norm 6.656304e-10
 20 (restart 0) KSP residual norm 6.644063e-10
 21 (restart 0) KSP residual norm 6.499967e-10
 22 (restart 0) KSP residual norm 6.075553e-10
 23 (restart 0) KSP residual norm 2.469175e-10
 24 (restart 0) KSP residual norm 7.840059e-11
GMRES solver converged in 24 iterations (avg. reduction factor: 6.793e-01)
2 NLEPS (nconv=4, restart=0) residual norm 1.429807e-07
  Residual norms for GMRES solve
  0 (restart 0) KSP residual norm 4.426478e-10
  1 (restart 0) KSP residual norm 1.773756e-10
  2 (restart 0) KSP residual norm 8.396187e-11
  3 (restart 0) KSP residual norm 7.680934e-11
  4 (restart 0) KSP residual norm 6.721823e-11
  5 (restart 0) KSP residual norm 4.892683e-11
  6 (restart 0) KSP residual norm 4.528865e-11
  7 (restart 0) KSP residual norm 4.336190e-11
  8 (restart 0) KSP residual norm 3.303500e-11
  9 (restart 0) KSP residual norm 2.340777e-11
 10 (restart 0) KSP residual norm 2.289269e-11
 11 (restart 0) KSP residual norm 2.258517e-11
 12 (restart 0) KSP residual norm 2.214305e-11
 13 (restart 0) KSP residual norm 2.141231e-11
 14 (restart 0) KSP residual norm 2.076067e-11
 15 (restart 0) KSP residual norm 2.059987e-11
 16 (restart 0) KSP residual norm 2.053478e-11
 17 (restart 0) KSP residual norm 2.043485e-11
 18 (restart 0) KSP residual norm 2.016979e-11
 19 (restart 0) KSP residual norm 1.512076e-11
 20 (restart 0) KSP residual norm 8.611530e-12
 21 (restart 0) KSP residual norm 2.675692e-12
 22 (restart 0) KSP residual norm 8.856615e-13
GMRES solver converged in 22 iterations (avg. reduction factor: 7.539e-01)
3 NLEPS (nconv=4, restart=0) residual norm 7.701950e-09
Eigenvalue 4, Quasi-Newton converged in 3 iterations (-1.965e-04+9.556e+00i).
  Residual norms for GMRES solve
  0 (restart 0) KSP residual norm 6.941940e+00
  1 (restart 0) KSP residual norm 7.577450e-01
  2 (restart 0) KSP residual norm 6.890291e-01
  3 (restart 0) KSP residual norm 5.715576e-01
  4 (restart 0) KSP residual norm 3.247381e-01
  5 (restart 0) KSP residual norm 2.972469e-01
  6 (restart 0) KSP residual norm 2.889037e-01
  7 (restart 0) KSP residual norm 2.114449e-01
  8 (restart 0) KSP residual norm 1.774544e-01
  9 (restart 0) KSP residual norm 1.078093e-01
 10 (restart 0) KSP residual norm 9.382073e-02
 11 (restart 0) KSP residual norm 7.834460e-02
 12 (restart 0) KSP residual norm 5.361689e-02
 13 (restart 0) KSP residual norm 4.120266e-02
 14 (restart 0) KSP residual norm 3.724848e-02
 15 (restart 0) KSP residual norm 3.345936e-02
 16 (restart 0) KSP residual norm 2.805762e-02
 17 (restart 0) KSP residual norm 1.456875e-02
 18 (restart 0) KSP residual norm 4.021693e-03
 19 (restart 0) KSP residual norm 1.206987e-03
 20 (restart 0) KSP residual norm 3.464577e-04
GMRES solver converged in 20 iterations (avg. reduction factor: 6.094e-01)
0 NLEPS (nconv=5, restart=0) residual norm 2.816279e-01
  Residual norms for GMRES solve
  0 (restart 0) KSP residual norm 2.085167e+00
  1 (restart 0) KSP residual norm 3.340628e-01
  2 (restart 0) KSP residual norm 2.093306e-01
  3 (restart 0) KSP residual norm 1.853638e-01
  4 (restart 0) KSP residual norm 1.838481e-01
  5 (restart 0) KSP residual norm 1.784941e-01
  6 (restart 0) KSP residual norm 1.264490e-01
  7 (restart 0) KSP residual norm 1.021850e-01
  8 (restart 0) KSP residual norm 8.265382e-02
  9 (restart 0) KSP residual norm 6.387668e-02
 10 (restart 0) KSP residual norm 3.847064e-02
 11 (restart 0) KSP residual norm 2.453196e-02
 12 (restart 0) KSP residual norm 2.203106e-02
 13 (restart 0) KSP residual norm 2.162322e-02
 14 (restart 0) KSP residual norm 2.146169e-02
 15 (restart 0) KSP residual norm 1.846239e-02
 16 (restart 0) KSP residual norm 1.184979e-02
 17 (restart 0) KSP residual norm 9.466291e-03
 18 (restart 0) KSP residual norm 5.585174e-03
 19 (restart 0) KSP residual norm 2.319330e-03
 20 (restart 0) KSP residual norm 6.536090e-04
 21 (restart 0) KSP residual norm 1.515527e-04
GMRES solver converged in 21 iterations (avg. reduction factor: 6.352e-01)
1 NLEPS (nconv=5, restart=0) residual norm 3.959278e-03
  Residual norms for GMRES solve
  0 (restart 0) KSP residual norm 8.829917e-04
  1 (restart 0) KSP residual norm 3.158613e-04
  2 (restart 0) KSP residual norm 1.861528e-04
  3 (restart 0) KSP residual norm 1.826944e-04
  4 (restart 0) KSP residual norm 1.583875e-04
  5 (restart 0) KSP residual norm 1.355010e-04
  6 (restart 0) KSP residual norm 1.259747e-04
  7 (restart 0) KSP residual norm 1.197310e-04
  8 (restart 0) KSP residual norm 1.190578e-04
  9 (restart 0) KSP residual norm 8.220029e-05
 10 (restart 0) KSP residual norm 3.631960e-05
 11 (restart 0) KSP residual norm 3.072768e-05
 12 (restart 0) KSP residual norm 2.812499e-05
 13 (restart 0) KSP residual norm 2.671219e-05
 14 (restart 0) KSP residual norm 2.567720e-05
 15 (restart 0) KSP residual norm 2.051318e-05
 16 (restart 0) KSP residual norm 8.909169e-06
 17 (restart 0) KSP residual norm 3.696867e-06
 18 (restart 0) KSP residual norm 1.245863e-06
 19 (restart 0) KSP residual norm 3.311879e-07
 20 (restart 0) KSP residual norm 9.794982e-08
 21 (restart 0) KSP residual norm 2.247399e-08
GMRES solver converged in 21 iterations (avg. reduction factor: 6.043e-01)
2 NLEPS (nconv=5, restart=0) residual norm 7.809143e-06
  Residual norms for GMRES solve
  0 (restart 0) KSP residual norm 2.974408e-04
  1 (restart 0) KSP residual norm 1.044477e-04
  2 (restart 0) KSP residual norm 6.129709e-05
  3 (restart 0) KSP residual norm 6.118107e-05
  4 (restart 0) KSP residual norm 4.866761e-05
  5 (restart 0) KSP residual norm 4.405346e-05
  6 (restart 0) KSP residual norm 4.256388e-05
  7 (restart 0) KSP residual norm 3.945117e-05
  8 (restart 0) KSP residual norm 3.944492e-05
  9 (restart 0) KSP residual norm 2.284993e-05
 10 (restart 0) KSP residual norm 1.324273e-05
 11 (restart 0) KSP residual norm 9.979606e-06
 12 (restart 0) KSP residual norm 9.531760e-06
 13 (restart 0) KSP residual norm 9.041246e-06
 14 (restart 0) KSP residual norm 8.816698e-06
 15 (restart 0) KSP residual norm 7.122270e-06
 16 (restart 0) KSP residual norm 4.105246e-06
 17 (restart 0) KSP residual norm 1.561220e-06
 18 (restart 0) KSP residual norm 3.744184e-07
 19 (restart 0) KSP residual norm 9.880421e-08
 20 (restart 0) KSP residual norm 3.255243e-08
 21 (restart 0) KSP residual norm 5.292651e-09
 22 (restart 0) KSP residual norm 1.810293e-09
GMRES solver converged in 22 iterations (avg. reduction factor: 5.793e-01)
3 NLEPS (nconv=5, restart=0) residual norm 2.008253e-06
  Residual norms for GMRES solve
  0 (restart 0) KSP residual norm 9.916049e-05
  1 (restart 0) KSP residual norm 3.482291e-05
  2 (restart 0) KSP residual norm 2.043472e-05
  3 (restart 0) KSP residual norm 2.039473e-05
  4 (restart 0) KSP residual norm 1.622505e-05
  5 (restart 0) KSP residual norm 1.468428e-05
  6 (restart 0) KSP residual norm 1.418622e-05
  7 (restart 0) KSP residual norm 1.315209e-05
  8 (restart 0) KSP residual norm 1.315016e-05
  9 (restart 0) KSP residual norm 7.623167e-06
 10 (restart 0) KSP residual norm 4.407911e-06
 11 (restart 0) KSP residual norm 3.326254e-06
 12 (restart 0) KSP residual norm 3.177213e-06
 13 (restart 0) KSP residual norm 3.014389e-06
 14 (restart 0) KSP residual norm 2.939790e-06
 15 (restart 0) KSP residual norm 2.376213e-06
 16 (restart 0) KSP residual norm 1.368753e-06
 17 (restart 0) KSP residual norm 5.197700e-07
 18 (restart 0) KSP residual norm 1.247813e-07
 19 (restart 0) KSP residual norm 3.294475e-08
 20 (restart 0) KSP residual norm 1.085617e-08
 21 (restart 0) KSP residual norm 1.762019e-09
 22 (restart 0) KSP residual norm 6.028692e-10
 23 (restart 0) KSP residual norm 1.157123e-10
GMRES solver converged in 23 iterations (avg. reduction factor: 5.521e-01)
4 NLEPS (nconv=5, restart=0) residual norm 6.687289e-07
  Residual norms for GMRES solve
  0 (restart 0) KSP residual norm 3.252547e-05
  1 (restart 0) KSP residual norm 1.142372e-05
  2 (restart 0) KSP residual norm 6.703424e-06
  3 (restart 0) KSP residual norm 6.690225e-06
  4 (restart 0) KSP residual norm 5.322619e-06
  5 (restart 0) KSP residual norm 4.817290e-06
  6 (restart 0) KSP residual norm 4.653744e-06
  7 (restart 0) KSP residual norm 4.313843e-06
  8 (restart 0) KSP residual norm 4.313202e-06
  9 (restart 0) KSP residual norm 2.500695e-06
 10 (restart 0) KSP residual norm 1.445783e-06
 11 (restart 0) KSP residual norm 1.090811e-06
 12 (restart 0) KSP residual norm 1.041894e-06
 13 (restart 0) KSP residual norm 9.885320e-07
 14 (restart 0) KSP residual norm 9.640885e-07
 15 (restart 0) KSP residual norm 7.794197e-07
 16 (restart 0) KSP residual norm 4.490881e-07
 17 (restart 0) KSP residual norm 1.704477e-07
 18 (restart 0) KSP residual norm 4.091781e-08
 19 (restart 0) KSP residual norm 1.080997e-08
 20 (restart 0) KSP residual norm 3.558979e-09
 21 (restart 0) KSP residual norm 5.782388e-10
 22 (restart 0) KSP residual norm 1.977043e-10
 23 (restart 0) KSP residual norm 3.793423e-11
 24 (restart 0) KSP residual norm 1.174377e-11
GMRES solver converged in 24 iterations (avg. reduction factor: 5.390e-01)
5 NLEPS (nconv=5, restart=0) residual norm 2.191858e-07
  Residual norms for GMRES solve
  0 (restart 0) KSP residual norm 1.074648e-05
  1 (restart 0) KSP residual norm 3.774423e-06
  2 (restart 0) KSP residual norm 2.214849e-06
  3 (restart 0) KSP residual norm 2.210488e-06
  4 (restart 0) KSP residual norm 1.758629e-06
  5 (restart 0) KSP residual norm 1.591676e-06
  6 (restart 0) KSP residual norm 1.537625e-06
  7 (restart 0) KSP residual norm 1.425311e-06
  8 (restart 0) KSP residual norm 1.425099e-06
  9 (restart 0) KSP residual norm 8.262586e-07
 10 (restart 0) KSP residual norm 4.776843e-07
 11 (restart 0) KSP residual norm 3.603997e-07
 12 (restart 0) KSP residual norm 3.442323e-07
 13 (restart 0) KSP residual norm 3.266117e-07
 14 (restart 0) KSP residual norm 3.185350e-07
 15 (restart 0) KSP residual norm 2.575283e-07
 16 (restart 0) KSP residual norm 1.483858e-07
 17 (restart 0) KSP residual norm 5.631228e-08
 18 (restart 0) KSP residual norm 1.351946e-08
 19 (restart 0) KSP residual norm 3.571310e-09
 20 (restart 0) KSP residual norm 1.175789e-09
 21 (restart 0) KSP residual norm 1.910503e-10
 22 (restart 0) KSP residual norm 6.531445e-11
 23 (restart 0) KSP residual norm 1.253306e-11
 24 (restart 0) KSP residual norm 3.879773e-12
 25 (restart 0) KSP residual norm 1.217469e-12
GMRES solver converged in 25 iterations (avg. reduction factor: 5.274e-01)
6 NLEPS (nconv=5, restart=0) residual norm 7.242999e-08
  Residual norms for GMRES solve
  0 (restart 0) KSP residual norm 3.538634e-06
  1 (restart 0) KSP residual norm 1.242851e-06
  2 (restart 0) KSP residual norm 7.293093e-07
  3 (restart 0) KSP residual norm 7.278734e-07
  4 (restart 0) KSP residual norm 5.790848e-07
  5 (restart 0) KSP residual norm 5.241078e-07
  6 (restart 0) KSP residual norm 5.063097e-07
  7 (restart 0) KSP residual norm 4.693292e-07
  8 (restart 0) KSP residual norm 4.692594e-07
  9 (restart 0) KSP residual norm 2.720689e-07
 10 (restart 0) KSP residual norm 1.572902e-07
 11 (restart 0) KSP residual norm 1.186727e-07
 12 (restart 0) KSP residual norm 1.133500e-07
 13 (restart 0) KSP residual norm 1.075488e-07
 14 (restart 0) KSP residual norm 1.048893e-07
 15 (restart 0) KSP residual norm 8.479947e-08
 16 (restart 0) KSP residual norm 4.885937e-08
 17 (restart 0) KSP residual norm 1.854196e-08
 18 (restart 0) KSP residual norm 4.451681e-09
 19 (restart 0) KSP residual norm 1.175788e-09
 20 (restart 0) KSP residual norm 3.871465e-10
 21 (restart 0) KSP residual norm 6.290491e-11
 22 (restart 0) KSP residual norm 2.150409e-11
 23 (restart 0) KSP residual norm 4.126559e-12
 24 (restart 0) KSP residual norm 1.277328e-12
 25 (restart 0) KSP residual norm 4.008521e-13
GMRES solver converged in 25 iterations (avg. reduction factor: 5.274e-01)
7 NLEPS (nconv=5, restart=0) residual norm 2.384846e-08
  Residual norms for GMRES solve
  0 (restart 0) KSP residual norm 1.166772e-06
  1 (restart 0) KSP residual norm 4.097976e-07
  2 (restart 0) KSP residual norm 2.404706e-07
  3 (restart 0) KSP residual norm 2.399972e-07
  4 (restart 0) KSP residual norm 1.909381e-07
  5 (restart 0) KSP residual norm 1.728108e-07
  6 (restart 0) KSP residual norm 1.669424e-07
  7 (restart 0) KSP residual norm 1.547490e-07
  8 (restart 0) KSP residual norm 1.547260e-07
  9 (restart 0) KSP residual norm 8.970760e-08
 10 (restart 0) KSP residual norm 5.186233e-08
 11 (restart 0) KSP residual norm 3.912921e-08
 12 (restart 0) KSP residual norm 3.737420e-08
 13 (restart 0) KSP residual norm 3.546139e-08
 14 (restart 0) KSP residual norm 3.458450e-08
 15 (restart 0) KSP residual norm 2.796041e-08
 16 (restart 0) KSP residual norm 1.611010e-08
 17 (restart 0) KSP residual norm 6.113727e-09
 18 (restart 0) KSP residual norm 1.467825e-09
 19 (restart 0) KSP residual norm 3.876853e-10
 20 (restart 0) KSP residual norm 1.276514e-10
 21 (restart 0) KSP residual norm 2.074125e-11
 22 (restart 0) KSP residual norm 7.090412e-12
 23 (restart 0) KSP residual norm 1.360625e-12
 24 (restart 0) KSP residual norm 4.211656e-13
GMRES solver converged in 24 iterations (avg. reduction factor: 5.390e-01)
8 NLEPS (nconv=5, restart=0) residual norm 7.863592e-09
Eigenvalue 5, Quasi-Newton converged in 8 iterations (-1.676e-04+9.807e+00i).
  Residual norms for GMRES solve
  0 (restart 0) KSP residual norm 6.941664e+00
  1 (restart 0) KSP residual norm 7.560844e-01
  2 (restart 0) KSP residual norm 6.858537e-01
  3 (restart 0) KSP residual norm 5.727455e-01
  4 (restart 0) KSP residual norm 3.280696e-01
  5 (restart 0) KSP residual norm 2.997703e-01
  6 (restart 0) KSP residual norm 2.908879e-01
  7 (restart 0) KSP residual norm 2.045300e-01
  8 (restart 0) KSP residual norm 1.654934e-01
  9 (restart 0) KSP residual norm 8.381418e-02
 10 (restart 0) KSP residual norm 6.147408e-02
 11 (restart 0) KSP residual norm 6.142543e-02
 12 (restart 0) KSP residual norm 5.624479e-02
 13 (restart 0) KSP residual norm 4.764751e-02
 14 (restart 0) KSP residual norm 4.498140e-02
 15 (restart 0) KSP residual norm 3.863074e-02
 16 (restart 0) KSP residual norm 3.136030e-02
 17 (restart 0) KSP residual norm 1.324192e-02
 18 (restart 0) KSP residual norm 3.580078e-03
 19 (restart 0) KSP residual norm 1.072512e-03
 20 (restart 0) KSP residual norm 3.063888e-04
GMRES solver converged in 20 iterations (avg. reduction factor: 6.057e-01)
0 NLEPS (nconv=6, restart=0) residual norm 2.748276e-01
  Residual norms for GMRES solve
  0 (restart 0) KSP residual norm 2.830880e+00
  1 (restart 0) KSP residual norm 1.315777e+00
  2 (restart 0) KSP residual norm 1.314926e+00
  3 (restart 0) KSP residual norm 1.195137e+00
  4 (restart 0) KSP residual norm 9.452594e-01
  5 (restart 0) KSP residual norm 8.330761e-01
  6 (restart 0) KSP residual norm 8.252709e-01
  7 (restart 0) KSP residual norm 7.479484e-01
  8 (restart 0) KSP residual norm 4.102235e-01
  9 (restart 0) KSP residual norm 1.637436e-01
 10 (restart 0) KSP residual norm 1.041497e-01
 11 (restart 0) KSP residual norm 7.140803e-02
 12 (restart 0) KSP residual norm 5.482565e-02
 13 (restart 0) KSP residual norm 4.135346e-02
 14 (restart 0) KSP residual norm 3.990422e-02
 15 (restart 0) KSP residual norm 3.931226e-02
 16 (restart 0) KSP residual norm 3.879379e-02
 17 (restart 0) KSP residual norm 2.510113e-02
 18 (restart 0) KSP residual norm 8.377199e-03
 19 (restart 0) KSP residual norm 2.804680e-03
 20 (restart 0) KSP residual norm 6.359641e-04
 21 (restart 0) KSP residual norm 1.816147e-04
GMRES solver converged in 21 iterations (avg. reduction factor: 6.315e-01)
1 NLEPS (nconv=6, restart=0) residual norm 5.017602e-03
  Residual norms for GMRES solve
  0 (restart 0) KSP residual norm 9.284000e-05
  1 (restart 0) KSP residual norm 9.085253e-05
  2 (restart 0) KSP residual norm 7.501916e-05
  3 (restart 0) KSP residual norm 3.544861e-05
  4 (restart 0) KSP residual norm 3.486701e-05
  5 (restart 0) KSP residual norm 2.568848e-05
  6 (restart 0) KSP residual norm 2.159860e-05
  7 (restart 0) KSP residual norm 1.431378e-05
  8 (restart 0) KSP residual norm 1.071735e-05
  9 (restart 0) KSP residual norm 8.235119e-06
 10 (restart 0) KSP residual norm 6.109009e-06
 11 (restart 0) KSP residual norm 2.424569e-06
 12 (restart 0) KSP residual norm 1.760985e-06
 13 (restart 0) KSP residual norm 1.484195e-06
 14 (restart 0) KSP residual norm 1.440691e-06
 15 (restart 0) KSP residual norm 1.440401e-06
 16 (restart 0) KSP residual norm 1.433163e-06
 17 (restart 0) KSP residual norm 7.703588e-07
 18 (restart 0) KSP residual norm 2.856531e-07
 19 (restart 0) KSP residual norm 8.081672e-08
 20 (restart 0) KSP residual norm 1.516922e-08
 21 (restart 0) KSP residual norm 4.730833e-09
GMRES solver converged in 21 iterations (avg. reduction factor: 6.246e-01)
2 NLEPS (nconv=6, restart=0) residual norm 7.371683e-06
  Residual norms for GMRES solve
  0 (restart 0) KSP residual norm 6.369481e-08
  1 (restart 0) KSP residual norm 4.064073e-08
  2 (restart 0) KSP residual norm 3.977151e-08
  3 (restart 0) KSP residual norm 3.172526e-08
  4 (restart 0) KSP residual norm 2.370596e-08
  5 (restart 0) KSP residual norm 1.125458e-08
  6 (restart 0) KSP residual norm 9.370827e-09
  7 (restart 0) KSP residual norm 8.722421e-09
  8 (restart 0) KSP residual norm 6.977481e-09
  9 (restart 0) KSP residual norm 5.306596e-09
 10 (restart 0) KSP residual norm 4.120516e-09
 11 (restart 0) KSP residual norm 3.283809e-09
 12 (restart 0) KSP residual norm 2.991258e-09
 13 (restart 0) KSP residual norm 2.954015e-09
 14 (restart 0) KSP residual norm 2.930977e-09
 15 (restart 0) KSP residual norm 2.739066e-09
 16 (restart 0) KSP residual norm 2.232174e-09
 17 (restart 0) KSP residual norm 1.321739e-09
 18 (restart 0) KSP residual norm 6.061788e-10
 19 (restart 0) KSP residual norm 2.404746e-10
 20 (restart 0) KSP residual norm 6.031449e-11
 21 (restart 0) KSP residual norm 2.220525e-11
 22 (restart 0) KSP residual norm 5.489522e-12
 23 (restart 0) KSP residual norm 1.358029e-12
 24 (restart 0) KSP residual norm 3.206347e-13
GMRES solver converged in 24 iterations (avg. reduction factor: 6.015e-01)
3 NLEPS (nconv=6, restart=0) residual norm 4.051301e-10
Eigenvalue 6, Quasi-Newton converged in 3 iterations (-1.677e-04+9.807e+00i).
  Residual norms for GMRES solve
  0 (restart 0) KSP residual norm 6.418024e+00
  1 (restart 0) KSP residual norm 2.973618e+00
  2 (restart 0) KSP residual norm 4.802449e-01
  3 (restart 0) KSP residual norm 2.962729e-01
  4 (restart 0) KSP residual norm 2.957053e-01
  5 (restart 0) KSP residual norm 2.400982e-01
  6 (restart 0) KSP residual norm 2.218358e-01
  7 (restart 0) KSP residual norm 2.186550e-01
  8 (restart 0) KSP residual norm 1.558212e-01
  9 (restart 0) KSP residual norm 1.558202e-01
 10 (restart 0) KSP residual norm 1.539510e-01
 11 (restart 0) KSP residual norm 1.395019e-01
 12 (restart 0) KSP residual norm 1.183183e-01
 13 (restart 0) KSP residual norm 9.800651e-02
 14 (restart 0) KSP residual norm 9.392765e-02
 15 (restart 0) KSP residual norm 9.155932e-02
 16 (restart 0) KSP residual norm 9.153120e-02
 17 (restart 0) KSP residual norm 8.116091e-02
 18 (restart 0) KSP residual norm 3.066799e-02
 19 (restart 0) KSP residual norm 6.382548e-03
 20 (restart 0) KSP residual norm 2.466430e-03
 21 (restart 0) KSP residual norm 6.663118e-04
 22 (restart 0) KSP residual norm 1.748858e-04
GMRES solver converged in 22 iterations (avg. reduction factor: 6.202e-01)
0 NLEPS (nconv=7, restart=0) residual norm 2.082974e-01
  Residual norms for GMRES solve
  0 (restart 0) KSP residual norm 1.081700e+00
  1 (restart 0) KSP residual norm 6.105024e-01
  2 (restart 0) KSP residual norm 4.343880e-01
  3 (restart 0) KSP residual norm 1.526195e-01
  4 (restart 0) KSP residual norm 1.061021e-01
  5 (restart 0) KSP residual norm 1.055367e-01
  6 (restart 0) KSP residual norm 1.012113e-01
  7 (restart 0) KSP residual norm 9.377650e-02
  8 (restart 0) KSP residual norm 8.661281e-02
  9 (restart 0) KSP residual norm 7.821214e-02
 10 (restart 0) KSP residual norm 7.819005e-02
 11 (restart 0) KSP residual norm 7.387742e-02
 12 (restart 0) KSP residual norm 6.445848e-02
 13 (restart 0) KSP residual norm 5.714484e-02
 14 (restart 0) KSP residual norm 4.813431e-02
 15 (restart 0) KSP residual norm 4.383209e-02
 16 (restart 0) KSP residual norm 3.959003e-02
 17 (restart 0) KSP residual norm 3.375677e-02
 18 (restart 0) KSP residual norm 2.570062e-02
 19 (restart 0) KSP residual norm 1.325258e-02
 20 (restart 0) KSP residual norm 5.083264e-03
 21 (restart 0) KSP residual norm 1.381566e-03
 22 (restart 0) KSP residual norm 4.211576e-04
 23 (restart 0) KSP residual norm 1.344590e-04
 24 (restart 0) KSP residual norm 3.762513e-05
GMRES solver converged in 24 iterations (avg. reduction factor: 6.520e-01)
1 NLEPS (nconv=7, restart=0) residual norm 9.862137e-03
  Residual norms for GMRES solve
  0 (restart 0) KSP residual norm 1.548981e-04
  1 (restart 0) KSP residual norm 1.146692e-04
  2 (restart 0) KSP residual norm 1.106937e-04
  3 (restart 0) KSP residual norm 7.509520e-05
  4 (restart 0) KSP residual norm 5.387612e-05
  5 (restart 0) KSP residual norm 4.809153e-05
  6 (restart 0) KSP residual norm 4.089450e-05
  7 (restart 0) KSP residual norm 3.715736e-05
  8 (restart 0) KSP residual norm 3.571028e-05
  9 (restart 0) KSP residual norm 3.012437e-05
 10 (restart 0) KSP residual norm 2.357582e-05
 11 (restart 0) KSP residual norm 2.121016e-05
 12 (restart 0) KSP residual norm 1.904341e-05
 13 (restart 0) KSP residual norm 1.472485e-05
 14 (restart 0) KSP residual norm 1.072444e-05
 15 (restart 0) KSP residual norm 9.744293e-06
 16 (restart 0) KSP residual norm 9.241242e-06
 17 (restart 0) KSP residual norm 8.922583e-06
 18 (restart 0) KSP residual norm 5.422622e-06
 19 (restart 0) KSP residual norm 1.299690e-06
 20 (restart 0) KSP residual norm 3.441926e-07
 21 (restart 0) KSP residual norm 1.137577e-07
 22 (restart 0) KSP residual norm 3.250997e-08
 23 (restart 0) KSP residual norm 9.645219e-09
GMRES solver converged in 23 iterations (avg. reduction factor: 6.564e-01)
2 NLEPS (nconv=7, restart=0) residual norm 1.786760e-05
  Residual norms for GMRES solve
  0 (restart 0) KSP residual norm 1.706793e-05
  1 (restart 0) KSP residual norm 1.253234e-05
  2 (restart 0) KSP residual norm 1.193385e-05
  3 (restart 0) KSP residual norm 7.548170e-06
  4 (restart 0) KSP residual norm 5.694627e-06
  5 (restart 0) KSP residual norm 4.910131e-06
  6 (restart 0) KSP residual norm 4.372310e-06
  7 (restart 0) KSP residual norm 4.109538e-06
  8 (restart 0) KSP residual norm 4.015581e-06
  9 (restart 0) KSP residual norm 3.091399e-06
 10 (restart 0) KSP residual norm 2.406489e-06
 11 (restart 0) KSP residual norm 2.323594e-06
 12 (restart 0) KSP residual norm 2.037735e-06
 13 (restart 0) KSP residual norm 1.717716e-06
 14 (restart 0) KSP residual norm 1.118878e-06
 15 (restart 0) KSP residual norm 9.954077e-07
 16 (restart 0) KSP residual norm 9.750572e-07
 17 (restart 0) KSP residual norm 8.145618e-07
 18 (restart 0) KSP residual norm 4.287960e-07
 19 (restart 0) KSP residual norm 1.200314e-07
 20 (restart 0) KSP residual norm 3.077932e-08
 21 (restart 0) KSP residual norm 8.621835e-09
 22 (restart 0) KSP residual norm 3.317051e-09
 23 (restart 0) KSP residual norm 9.006452e-10
 24 (restart 0) KSP residual norm 2.748689e-10
GMRES solver converged in 24 iterations (avg. reduction factor: 6.314e-01)
3 NLEPS (nconv=7, restart=0) residual norm 1.649692e-07
  Residual norms for GMRES solve
  0 (restart 0) KSP residual norm 1.871341e-06
  1 (restart 0) KSP residual norm 1.374640e-06
  2 (restart 0) KSP residual norm 1.307761e-06
  3 (restart 0) KSP residual norm 8.256728e-07
  4 (restart 0) KSP residual norm 6.255854e-07
  5 (restart 0) KSP residual norm 5.412431e-07
  6 (restart 0) KSP residual norm 4.821503e-07
  7 (restart 0) KSP residual norm 4.530371e-07
  8 (restart 0) KSP residual norm 4.428687e-07
  9 (restart 0) KSP residual norm 3.403423e-07
 10 (restart 0) KSP residual norm 2.644082e-07
 11 (restart 0) KSP residual norm 2.557573e-07
 12 (restart 0) KSP residual norm 2.235318e-07
 13 (restart 0) KSP residual norm 1.891432e-07
 14 (restart 0) KSP residual norm 1.252230e-07
 15 (restart 0) KSP residual norm 1.100805e-07
 16 (restart 0) KSP residual norm 1.078061e-07
 17 (restart 0) KSP residual norm 8.952928e-08
 18 (restart 0) KSP residual norm 4.669031e-08
 19 (restart 0) KSP residual norm 1.323663e-08
 20 (restart 0) KSP residual norm 3.373089e-09
 21 (restart 0) KSP residual norm 9.329479e-10
 22 (restart 0) KSP residual norm 3.665059e-10
 23 (restart 0) KSP residual norm 9.777564e-11
 24 (restart 0) KSP residual norm 3.016079e-11
 25 (restart 0) KSP residual norm 7.956490e-12
 26 (restart 0) KSP residual norm 2.506355e-12
 27 (restart 0) KSP residual norm 6.207086e-13
GMRES solver converged in 27 iterations (avg. reduction factor: 5.755e-01)
4 NLEPS (nconv=7, restart=0) residual norm 1.813949e-08
  Residual norms for GMRES solve
  0 (restart 0) KSP residual norm 2.052814e-07
  1 (restart 0) KSP residual norm 1.508105e-07
  2 (restart 0) KSP residual norm 1.434874e-07
  3 (restart 0) KSP residual norm 9.060904e-08
  4 (restart 0) KSP residual norm 6.861699e-08
  5 (restart 0) KSP residual norm 5.937125e-08
  6 (restart 0) KSP residual norm 5.295492e-08
  7 (restart 0) KSP residual norm 4.976996e-08
  8 (restart 0) KSP residual norm 4.863200e-08
  9 (restart 0) KSP residual norm 3.729401e-08
 10 (restart 0) KSP residual norm 2.894479e-08
 11 (restart 0) KSP residual norm 2.802073e-08
 12 (restart 0) KSP residual norm 2.449103e-08
 13 (restart 0) KSP residual norm 2.072478e-08
 14 (restart 0) KSP residual norm 1.372211e-08
 15 (restart 0) KSP residual norm 1.207723e-08
 16 (restart 0) KSP residual norm 1.183102e-08
 17 (restart 0) KSP residual norm 9.810203e-09
 18 (restart 0) KSP residual norm 5.110464e-09
 19 (restart 0) KSP residual norm 1.448853e-09
 20 (restart 0) KSP residual norm 3.694999e-10
 21 (restart 0) KSP residual norm 1.021408e-10
 22 (restart 0) KSP residual norm 4.021701e-11
 23 (restart 0) KSP residual norm 1.070905e-11
 24 (restart 0) KSP residual norm 3.312130e-12
 25 (restart 0) KSP residual norm 8.780845e-13
GMRES solver converged in 25 iterations (avg. reduction factor: 6.099e-01)
5 NLEPS (nconv=7, restart=0) residual norm 1.989717e-09
Eigenvalue 7, Quasi-Newton converged in 5 iterations (-1.647e-04+1.027e+01i).

Computing solution error estimates and performing postprocessing

     m,        Re{f} (GHz),        Im{f} (GHz),                  Q,      Error (Bkwd.),       Error (Abs.)
     1,      +2.450186e+00,      +5.945728e-05,      +2.060459e+04,      +3.806989e-13,      +4.853537e-09
     2,      +2.450250e+00,      +5.947595e-05,      +2.059866e+04,      +5.030117e-13,      +6.412906e-09
     3,      +2.450906e+00,      +2.723654e-05,      +4.499299e+04,      +5.062439e-13,      +6.454117e-09
     4,      +2.627748e+00,      +5.398911e-05,      +2.433591e+04,      +1.285555e-13,      +1.639245e-09
     5,      +2.628078e+00,      +5.404953e-05,      +2.431175e+04,      +6.039532e-13,      +7.701169e-09
     6,      +2.696935e+00,      +4.609658e-05,      +2.925309e+04,      +6.163570e-13,      +7.859895e-09
     7,      +2.697027e+00,      +4.611135e-05,      +2.924472e+04,      +3.176237e-14,      +4.050395e-10
     8,      +2.825450e+00,      +4.530208e-05,      +3.118455e+04,      +1.560122e-13,      +1.989771e-09

Completed 0 iterations of adaptive mesh refinement (AMR):
 Indicator norm = 3.758e-02, global unknowns = 216982
 Max. iterations = 0, tol. = 1.000e-02

Estimated peak per-rank memory usage is: Min. 132.1M, Max. 157.1M, Avg. 140.3M, Total 4.4G
Estimated peak per-node memory usage is: Min. 4.4G, Max. 4.4G, Avg. 4.4G, Total 4.4G

Elapsed Time Report (s)           Min.        Max.        Avg.
==============================================================
Initialization                   0.094       0.241       0.236
  Mesh Preprocessing             0.189       0.336       0.193
Operator Construction            0.696       0.704       0.700
Linear Solve                     6.614       6.705       6.658
  Setup                          3.658       3.659       3.658
  Preconditioner               103.711     103.945     103.817
  Coarse Solve                   9.260       9.444       9.362
Eigenvalue Solve                 1.196       1.222       1.213
Div.-Free Projection             2.656       2.663       2.663
Estimation                       0.030       0.033       0.031
  Construction                   0.153       0.153       0.153
  Solve                          1.428       1.431       1.431
Postprocessing                   0.226       0.229       0.227
Disk IO                          0.364       0.364       0.364
--------------------------------------------------------------
Total                          131.848     131.862     131.855

Peak Memory                   Per-Node       Total   Total HWM
==============================================================
Initialization                   68.6M       68.6M       68.6M
  Mesh Preprocessing             99.4M       99.4M      168.0M
Operator Construction           564.3M      564.3M      732.3M
Linear Solve                      0.0K        0.0K      732.3M
  Setup                         404.8M      404.8M        1.1G
  Preconditioner                  3.9M        3.9M        1.1G
  Coarse Solve                    1.8G        1.8G        2.9G
Eigenvalue Solve                166.5M      166.5M        3.1G
Div.-Free Projection            194.9M      194.9M        3.3G
Estimation                        6.8M        6.8M        3.3G
  Construction                  169.1M      169.1M        3.4G
  Solve                           9.2M        9.2M        3.5G
Postprocessing                   20.9M       20.9M        3.5G
Disk IO                          44.3M       44.3M        3.5G
--------------------------------------------------------------
Total                             3.9G        3.9G        3.9G

