>> /opt/amip/envs/emsim/bin/mpirun -n 32 /opt/amip/palace/bin/palace-x86_64.bin h1_2p0.json

_____________     _______
_____   __   \____ __   /____ ____________
____   /_/  /  __ ` /  /  __ ` /  ___/  _ \
___   _____/  /_/  /  /  /_/  /  /__/  ___/
  /__/     \___,__/__/\___,__/\_____\_____/

Git changeset ID: v0.17.0-293-g3c83b9db0
Running with 32 MPI processes, 1 OpenMP thread
Device configuration: omp,cpu
Memory configuration: host-std
libCEED backend: /cpu/self/xsmm/blocked

Added 5358 boundary elements for material interfaces to the mesh

Characteristic length and time scales:
 Lc = 1.930e-01 m, tc = 6.438e-01 ns
Finished partitioning mesh into 32 subdomains

Mesh curvature order: 2
Mesh bounding box:
 (Xmin, Ymin, Zmin) = (-9.650e-02, -9.650e-02, -4.825e-02) m
 (Xmax, Ymax, Zmax) = (+9.650e-02, +9.650e-02, +4.825e-02) m

Parallel Mesh Stats:

                minimum     average     maximum       total
 vertices            86         156         231        5004
 edges              817        1051        1295       33656
 faces             1594        1769        1960       56631
 elements           848         874         900       27978
 neighbors            6          11          22

            minimum     maximum
 h       0.00664637    0.188657
 kappa      1.05739      8.2985

Estimated current per-rank memory usage is: Min. 32.6M, Max. 54.5M, Avg. 33.6M, Total 1.1G
Estimated current per-node memory usage is: Min. 1.1G, Max. 1.1G, Avg. 1.1G, Total 1.1G

Configuring Robin finite conductivity BC at attributes:
 90: σ = 3.500e+07 S/m, n = (-0.0,+0.1,-1.0)

Assembling system matrices, number of global unknowns:
 H1 (p = 2): 38660, ND (p = 2): 180574, RT (p = 2): 253827
 Operator assembly level: Partial
 Mesh geometries:
  Tetrahedron: P = 20, Q = 14 (quadrature order = 4)

Configuring SLEPc eigenvalue solver:
 Scaling γ = 3.102e+01, δ = 3.379e-06
 Configuring divergence-free projection
 Using random starting vector
 Shift-and-invert σ = 2.400e+00 GHz (9.708e+00)

Assembling multigrid hierarchy:
 Level 0 (p = 1): 33656 unknowns
 Level 1 (p = 2): 180574 unknowns
 Level 0 (auxiliary) (p = 1): 5004 unknowns
 Level 1 (auxiliary) (p = 2): 38660 unknowns

#PETSc Option Table entries:
-eps_monitor # (source: code)
#End of PETSc Option Table entries

  Residual norms for GMRES solve
  0 (restart 0) KSP residual norm 1.116379e+00
  1 (restart 0) KSP residual norm 5.900385e-01
  2 (restart 0) KSP residual norm 4.870857e-01
  3 (restart 0) KSP residual norm 1.523675e-01
  4 (restart 0) KSP residual norm 6.458570e-02
  5 (restart 0) KSP residual norm 1.523356e-02
  6 (restart 0) KSP residual norm 4.855242e-03
  7 (restart 0) KSP residual norm 1.025141e-03
  8 (restart 0) KSP residual norm 3.073859e-04
  9 (restart 0) KSP residual norm 9.855695e-05
 10 (restart 0) KSP residual norm 2.902784e-05
 11 (restart 0) KSP residual norm 6.168088e-06
 12 (restart 0) KSP residual norm 1.383018e-06
 13 (restart 0) KSP residual norm 3.398061e-07
 14 (restart 0) KSP residual norm 7.447675e-08
 15 (restart 0) KSP residual norm 1.695279e-08
 16 (restart 0) KSP residual norm 4.377416e-09
GMRES solver converged in 16 iterations (avg. reduction factor: 2.983e-01)
  Residual norms for GMRES solve
  0 (restart 0) KSP residual norm 6.221705e+01
  1 (restart 0) KSP residual norm 2.235069e+01
  2 (restart 0) KSP residual norm 7.042485e+00
  3 (restart 0) KSP residual norm 2.142416e+00
  4 (restart 0) KSP residual norm 5.375529e-01
  5 (restart 0) KSP residual norm 1.100749e-01
  6 (restart 0) KSP residual norm 3.612120e-02
  7 (restart 0) KSP residual norm 1.075385e-02
  8 (restart 0) KSP residual norm 2.918894e-03
  9 (restart 0) KSP residual norm 5.849575e-04
 10 (restart 0) KSP residual norm 1.312507e-04
 11 (restart 0) KSP residual norm 2.983493e-05
 12 (restart 0) KSP residual norm 7.592426e-06
 13 (restart 0) KSP residual norm 1.725062e-06
 14 (restart 0) KSP residual norm 4.144829e-07
GMRES solver converged in 14 iterations (avg. reduction factor: 2.606e-01)
  Residual norms for GMRES solve
  0 (restart 0) KSP residual norm 8.880398e+01
  1 (restart 0) KSP residual norm 3.078832e+01
  2 (restart 0) KSP residual norm 8.695829e+00
  3 (restart 0) KSP residual norm 2.256457e+00
  4 (restart 0) KSP residual norm 5.396297e-01
  5 (restart 0) KSP residual norm 1.233855e-01
  6 (restart 0) KSP residual norm 3.262397e-02
  7 (restart 0) KSP residual norm 9.866000e-03
  8 (restart 0) KSP residual norm 3.500782e-03
  9 (restart 0) KSP residual norm 8.085531e-04
 10 (restart 0) KSP residual norm 1.930822e-04
 11 (restart 0) KSP residual norm 4.171135e-05
 12 (restart 0) KSP residual norm 1.032333e-05
 13 (restart 0) KSP residual norm 2.063427e-06
 14 (restart 0) KSP residual norm 5.737619e-07
GMRES solver converged in 14 iterations (avg. reduction factor: 2.600e-01)
  Residual norms for GMRES solve
  0 (restart 0) KSP residual norm 2.159666e+01
  1 (restart 0) KSP residual norm 8.837838e+00
  2 (restart 0) KSP residual norm 7.516799e+00
  3 (restart 0) KSP residual norm 2.698265e+00
  4 (restart 0) KSP residual norm 8.832128e-01
  5 (restart 0) KSP residual norm 1.671677e-01
  6 (restart 0) KSP residual norm 7.971923e-02
  7 (restart 0) KSP residual norm 2.141699e-02
  8 (restart 0) KSP residual norm 3.634608e-03
  9 (restart 0) KSP residual norm 8.545556e-04
 10 (restart 0) KSP residual norm 2.239685e-04
 11 (restart 0) KSP residual norm 4.283642e-05
 12 (restart 0) KSP residual norm 1.137297e-05
 13 (restart 0) KSP residual norm 2.297534e-06
 14 (restart 0) KSP residual norm 5.186298e-07
 15 (restart 0) KSP residual norm 1.213769e-07
GMRES solver converged in 15 iterations (avg. reduction factor: 2.818e-01)
  Residual norms for GMRES solve
  0 (restart 0) KSP residual norm 1.967571e+01
  1 (restart 0) KSP residual norm 1.806961e+01
  2 (restart 0) KSP residual norm 1.104819e+01
  3 (restart 0) KSP residual norm 2.148564e+00
  4 (restart 0) KSP residual norm 7.671469e-01
  5 (restart 0) KSP residual norm 1.405939e-01
  6 (restart 0) KSP residual norm 8.002638e-02
  7 (restart 0) KSP residual norm 1.611663e-02
  8 (restart 0) KSP residual norm 2.747981e-03
  9 (restart 0) KSP residual norm 6.321578e-04
 10 (restart 0) KSP residual norm 1.427428e-04
 11 (restart 0) KSP residual norm 3.275288e-05
 12 (restart 0) KSP residual norm 6.955786e-06
 13 (restart 0) KSP residual norm 1.557952e-06
 14 (restart 0) KSP residual norm 3.488063e-07
 15 (restart 0) KSP residual norm 9.095325e-08
GMRES solver converged in 15 iterations (avg. reduction factor: 2.782e-01)
  Residual norms for GMRES solve
  0 (restart 0) KSP residual norm 6.066486e+01
  1 (restart 0) KSP residual norm 5.271057e+01
  2 (restart 0) KSP residual norm 8.891013e+00
  3 (restart 0) KSP residual norm 3.373756e+00
  4 (restart 0) KSP residual norm 7.805514e-01
  5 (restart 0) KSP residual norm 1.457012e-01
  6 (restart 0) KSP residual norm 6.459282e-02
  7 (restart 0) KSP residual norm 1.390372e-02
  8 (restart 0) KSP residual norm 3.688576e-03
  9 (restart 0) KSP residual norm 8.031960e-04
 10 (restart 0) KSP residual norm 2.094759e-04
 11 (restart 0) KSP residual norm 4.916252e-05
 12 (restart 0) KSP residual norm 1.210103e-05
 13 (restart 0) KSP residual norm 2.433742e-06
 14 (restart 0) KSP residual norm 5.628554e-07
GMRES solver converged in 14 iterations (avg. reduction factor: 2.668e-01)
  Residual norms for GMRES solve
  0 (restart 0) KSP residual norm 5.563162e+01
  1 (restart 0) KSP residual norm 4.628982e+01
  2 (restart 0) KSP residual norm 7.729640e+00
  3 (restart 0) KSP residual norm 2.713697e+00
  4 (restart 0) KSP residual norm 7.425914e-01
  5 (restart 0) KSP residual norm 1.333351e-01
  6 (restart 0) KSP residual norm 6.629811e-02
  7 (restart 0) KSP residual norm 1.182717e-02
  8 (restart 0) KSP residual norm 3.130496e-03
  9 (restart 0) KSP residual norm 6.455921e-04
 10 (restart 0) KSP residual norm 1.791054e-04
 11 (restart 0) KSP residual norm 3.891472e-05
 12 (restart 0) KSP residual norm 1.019009e-05
 13 (restart 0) KSP residual norm 2.096413e-06
 14 (restart 0) KSP residual norm 5.241169e-07
GMRES solver converged in 14 iterations (avg. reduction factor: 2.671e-01)
  Residual norms for GMRES solve
  0 (restart 0) KSP residual norm 1.891379e+01
  1 (restart 0) KSP residual norm 1.889216e+01
  2 (restart 0) KSP residual norm 8.403238e+00
  3 (restart 0) KSP residual norm 2.118932e+00
  4 (restart 0) KSP residual norm 6.433676e-01
  5 (restart 0) KSP residual norm 1.534477e-01
  6 (restart 0) KSP residual norm 7.595396e-02
  7 (restart 0) KSP residual norm 1.903106e-02
  8 (restart 0) KSP residual norm 3.144878e-03
  9 (restart 0) KSP residual norm 7.216412e-04
 10 (restart 0) KSP residual norm 2.141226e-04
 11 (restart 0) KSP residual norm 4.012648e-05
 12 (restart 0) KSP residual norm 1.083940e-05
 13 (restart 0) KSP residual norm 2.128451e-06
 14 (restart 0) KSP residual norm 5.387818e-07
 15 (restart 0) KSP residual norm 1.227343e-07
GMRES solver converged in 15 iterations (avg. reduction factor: 2.845e-01)
  Residual norms for GMRES solve
  0 (restart 0) KSP residual norm 1.455117e+01
  1 (restart 0) KSP residual norm 4.698350e+00
  2 (restart 0) KSP residual norm 3.434517e+00
  3 (restart 0) KSP residual norm 1.622288e+00
  4 (restart 0) KSP residual norm 4.710389e-01
  5 (restart 0) KSP residual norm 1.032667e-01
  6 (restart 0) KSP residual norm 4.320104e-02
  7 (restart 0) KSP residual norm 1.028144e-02
  8 (restart 0) KSP residual norm 2.069647e-03
  9 (restart 0) KSP residual norm 4.208975e-04
 10 (restart 0) KSP residual norm 1.064382e-04
 11 (restart 0) KSP residual norm 2.403741e-05
 12 (restart 0) KSP residual norm 6.708258e-06
 13 (restart 0) KSP residual norm 1.334903e-06
 14 (restart 0) KSP residual norm 3.211552e-07
 15 (restart 0) KSP residual norm 7.549798e-08
GMRES solver converged in 15 iterations (avg. reduction factor: 2.803e-01)
  Residual norms for GMRES solve
  0 (restart 0) KSP residual norm 7.981870e+01
  1 (restart 0) KSP residual norm 2.242259e+01
  2 (restart 0) KSP residual norm 1.241069e+01
  3 (restart 0) KSP residual norm 2.436204e+00
  4 (restart 0) KSP residual norm 4.091305e-01
  5 (restart 0) KSP residual norm 1.302854e-01
  6 (restart 0) KSP residual norm 3.404393e-02
  7 (restart 0) KSP residual norm 9.729343e-03
  8 (restart 0) KSP residual norm 3.685724e-03
  9 (restart 0) KSP residual norm 8.647106e-04
 10 (restart 0) KSP residual norm 2.091568e-04
 11 (restart 0) KSP residual norm 4.233977e-05
 12 (restart 0) KSP residual norm 1.110929e-05
 13 (restart 0) KSP residual norm 2.559544e-06
 14 (restart 0) KSP residual norm 6.339394e-07
GMRES solver converged in 14 iterations (avg. reduction factor: 2.639e-01)
  Residual norms for GMRES solve
  0 (restart 0) KSP residual norm 6.365454e+01
  1 (restart 0) KSP residual norm 1.637835e+01
  2 (restart 0) KSP residual norm 7.319527e+00
  3 (restart 0) KSP residual norm 2.753235e+00
  4 (restart 0) KSP residual norm 3.683264e-01
  5 (restart 0) KSP residual norm 1.065930e-01
  6 (restart 0) KSP residual norm 2.813644e-02
  7 (restart 0) KSP residual norm 8.715312e-03
  8 (restart 0) KSP residual norm 3.303832e-03
  9 (restart 0) KSP residual norm 7.957592e-04
 10 (restart 0) KSP residual norm 1.969158e-04
 11 (restart 0) KSP residual norm 4.123696e-05
 12 (restart 0) KSP residual norm 9.993423e-06
 13 (restart 0) KSP residual norm 2.414839e-06
 14 (restart 0) KSP residual norm 5.063716e-07
GMRES solver converged in 14 iterations (avg. reduction factor: 2.639e-01)
  Residual norms for GMRES solve
  0 (restart 0) KSP residual norm 1.602340e+01
  1 (restart 0) KSP residual norm 4.696684e+00
  2 (restart 0) KSP residual norm 4.674460e+00
  3 (restart 0) KSP residual norm 2.249368e+00
  4 (restart 0) KSP residual norm 2.558318e-01
  5 (restart 0) KSP residual norm 5.301578e-02
  6 (restart 0) KSP residual norm 2.382965e-02
  7 (restart 0) KSP residual norm 4.455799e-03
  8 (restart 0) KSP residual norm 1.970239e-03
  9 (restart 0) KSP residual norm 4.391447e-04
 10 (restart 0) KSP residual norm 7.647110e-05
 11 (restart 0) KSP residual norm 1.760182e-05
 12 (restart 0) KSP residual norm 4.445302e-06
 13 (restart 0) KSP residual norm 9.842847e-07
 14 (restart 0) KSP residual norm 2.757436e-07
 15 (restart 0) KSP residual norm 5.569664e-08
GMRES solver converged in 15 iterations (avg. reduction factor: 2.729e-01)
  Residual norms for GMRES solve
  0 (restart 0) KSP residual norm 1.492041e+01
  1 (restart 0) KSP residual norm 3.348419e+00
  2 (restart 0) KSP residual norm 3.216171e+00
  3 (restart 0) KSP residual norm 1.961182e+00
  4 (restart 0) KSP residual norm 3.947390e-01
  5 (restart 0) KSP residual norm 6.661955e-02
  6 (restart 0) KSP residual norm 2.359948e-02
  7 (restart 0) KSP residual norm 4.383483e-03
  8 (restart 0) KSP residual norm 1.738392e-03
  9 (restart 0) KSP residual norm 4.330506e-04
 10 (restart 0) KSP residual norm 9.594061e-05
 11 (restart 0) KSP residual norm 2.059825e-05
 12 (restart 0) KSP residual norm 4.993642e-06
 13 (restart 0) KSP residual norm 1.103152e-06
 14 (restart 0) KSP residual norm 2.678154e-07
 15 (restart 0) KSP residual norm 6.108794e-08
GMRES solver converged in 15 iterations (avg. reduction factor: 2.759e-01)
  Residual norms for GMRES solve
  0 (restart 0) KSP residual norm 1.863302e+01
  1 (restart 0) KSP residual norm 4.189608e+00
  2 (restart 0) KSP residual norm 3.964789e+00
  3 (restart 0) KSP residual norm 1.552774e+00
  4 (restart 0) KSP residual norm 5.779356e-01
  5 (restart 0) KSP residual norm 1.264993e-01
  6 (restart 0) KSP residual norm 5.303101e-02
  7 (restart 0) KSP residual norm 1.155102e-02
  8 (restart 0) KSP residual norm 2.961547e-03
  9 (restart 0) KSP residual norm 6.929005e-04
 10 (restart 0) KSP residual norm 1.445707e-04
 11 (restart 0) KSP residual norm 3.521998e-05
 12 (restart 0) KSP residual norm 9.192824e-06
 13 (restart 0) KSP residual norm 1.975746e-06
 14 (restart 0) KSP residual norm 5.025502e-07
 15 (restart 0) KSP residual norm 1.035303e-07
GMRES solver converged in 15 iterations (avg. reduction factor: 2.816e-01)
  Residual norms for GMRES solve
  0 (restart 0) KSP residual norm 1.678790e+01
  1 (restart 0) KSP residual norm 4.037759e+00
  2 (restart 0) KSP residual norm 4.026652e+00
  3 (restart 0) KSP residual norm 1.661246e+00
  4 (restart 0) KSP residual norm 4.156929e-01
  5 (restart 0) KSP residual norm 1.272960e-01
  6 (restart 0) KSP residual norm 6.257796e-02
  7 (restart 0) KSP residual norm 1.527025e-02
  8 (restart 0) KSP residual norm 3.180200e-03
  9 (restart 0) KSP residual norm 7.613584e-04
 10 (restart 0) KSP residual norm 1.819097e-04
 11 (restart 0) KSP residual norm 3.942182e-05
 12 (restart 0) KSP residual norm 9.182146e-06
 13 (restart 0) KSP residual norm 2.225053e-06
 14 (restart 0) KSP residual norm 4.763208e-07
 15 (restart 0) KSP residual norm 1.093298e-07
GMRES solver converged in 15 iterations (avg. reduction factor: 2.846e-01)
  Residual norms for GMRES solve
  0 (restart 0) KSP residual norm 1.147341e+01
  1 (restart 0) KSP residual norm 6.415388e+00
  2 (restart 0) KSP residual norm 6.378137e+00
  3 (restart 0) KSP residual norm 2.181069e+00
  4 (restart 0) KSP residual norm 6.762402e-01
  5 (restart 0) KSP residual norm 1.230158e-01
  6 (restart 0) KSP residual norm 5.643444e-02
  7 (restart 0) KSP residual norm 1.322095e-02
  8 (restart 0) KSP residual norm 2.518049e-03
  9 (restart 0) KSP residual norm 5.200163e-04
 10 (restart 0) KSP residual norm 1.166158e-04
 11 (restart 0) KSP residual norm 2.948418e-05
 12 (restart 0) KSP residual norm 7.702036e-06
 13 (restart 0) KSP residual norm 1.591854e-06
 14 (restart 0) KSP residual norm 3.895130e-07
 15 (restart 0) KSP residual norm 8.967088e-08
GMRES solver converged in 15 iterations (avg. reduction factor: 2.881e-01)
  Residual norms for GMRES solve
  0 (restart 0) KSP residual norm 1.149623e+01
  1 (restart 0) KSP residual norm 5.928129e+00
  2 (restart 0) KSP residual norm 5.898129e+00
  3 (restart 0) KSP residual norm 1.633633e+00
  4 (restart 0) KSP residual norm 5.204912e-01
  5 (restart 0) KSP residual norm 1.498394e-01
  6 (restart 0) KSP residual norm 6.245027e-02
  7 (restart 0) KSP residual norm 1.224050e-02
  8 (restart 0) KSP residual norm 3.661464e-03
  9 (restart 0) KSP residual norm 8.654590e-04
 10 (restart 0) KSP residual norm 2.293441e-04
 11 (restart 0) KSP residual norm 4.612945e-05
 12 (restart 0) KSP residual norm 1.129126e-05
 13 (restart 0) KSP residual norm 2.262891e-06
 14 (restart 0) KSP residual norm 5.960467e-07
 15 (restart 0) KSP residual norm 1.171449e-07
 16 (restart 0) KSP residual norm 2.892547e-08
GMRES solver converged in 16 iterations (avg. reduction factor: 2.901e-01)
  Residual norms for GMRES solve
  0 (restart 0) KSP residual norm 1.029246e+01
  1 (restart 0) KSP residual norm 6.244772e+00
  2 (restart 0) KSP residual norm 6.239609e+00
  3 (restart 0) KSP residual norm 1.386519e+00
  4 (restart 0) KSP residual norm 4.017459e-01
  5 (restart 0) KSP residual norm 1.282331e-01
  6 (restart 0) KSP residual norm 5.120569e-02
  7 (restart 0) KSP residual norm 8.212006e-03
  8 (restart 0) KSP residual norm 2.558675e-03
  9 (restart 0) KSP residual norm 6.675834e-04
 10 (restart 0) KSP residual norm 2.019954e-04
 11 (restart 0) KSP residual norm 4.064713e-05
 12 (restart 0) KSP residual norm 1.077351e-05
 13 (restart 0) KSP residual norm 2.006381e-06
 14 (restart 0) KSP residual norm 4.948670e-07
 15 (restart 0) KSP residual norm 1.077247e-07
 16 (restart 0) KSP residual norm 2.450761e-08
GMRES solver converged in 16 iterations (avg. reduction factor: 2.891e-01)
  Residual norms for GMRES solve
  0 (restart 0) KSP residual norm 7.211792e+00
  1 (restart 0) KSP residual norm 4.802764e+00
  2 (restart 0) KSP residual norm 4.098801e+00
  3 (restart 0) KSP residual norm 1.178882e+00
  4 (restart 0) KSP residual norm 2.407110e-01
  5 (restart 0) KSP residual norm 6.198477e-02
  6 (restart 0) KSP residual norm 2.398880e-02
  7 (restart 0) KSP residual norm 4.426251e-03
  8 (restart 0) KSP residual norm 1.346778e-03
  9 (restart 0) KSP residual norm 4.884480e-04
 10 (restart 0) KSP residual norm 1.033094e-04
 11 (restart 0) KSP residual norm 2.781437e-05
 12 (restart 0) KSP residual norm 5.589121e-06
 13 (restart 0) KSP residual norm 1.433828e-06
 14 (restart 0) KSP residual norm 3.401916e-07
 15 (restart 0) KSP residual norm 7.671458e-08
 16 (restart 0) KSP residual norm 1.862516e-08
GMRES solver converged in 16 iterations (avg. reduction factor: 2.906e-01)
  Residual norms for GMRES solve
  0 (restart 0) KSP residual norm 8.480126e+00
  1 (restart 0) KSP residual norm 7.917646e+00
  2 (restart 0) KSP residual norm 3.909759e+00
  3 (restart 0) KSP residual norm 1.357118e+00
  4 (restart 0) KSP residual norm 2.111080e-01
  5 (restart 0) KSP residual norm 6.304622e-02
  6 (restart 0) KSP residual norm 1.965548e-02
  7 (restart 0) KSP residual norm 4.085641e-03
  8 (restart 0) KSP residual norm 1.020696e-03
  9 (restart 0) KSP residual norm 3.214800e-04
 10 (restart 0) KSP residual norm 9.515975e-05
 11 (restart 0) KSP residual norm 2.491830e-05
 12 (restart 0) KSP residual norm 5.549294e-06
 13 (restart 0) KSP residual norm 1.184596e-06
 14 (restart 0) KSP residual norm 3.179804e-07
 15 (restart 0) KSP residual norm 6.822187e-08
GMRES solver converged in 15 iterations (avg. reduction factor: 2.886e-01)
  Residual norms for GMRES solve
  0 (restart 0) KSP residual norm 1.099181e+01
  1 (restart 0) KSP residual norm 3.848561e+00
  2 (restart 0) KSP residual norm 3.836845e+00
  3 (restart 0) KSP residual norm 1.962752e+00
  4 (restart 0) KSP residual norm 1.960926e-01
  5 (restart 0) KSP residual norm 4.961248e-02
  6 (restart 0) KSP residual norm 1.707484e-02
  7 (restart 0) KSP residual norm 3.344350e-03
  8 (restart 0) KSP residual norm 1.073808e-03
  9 (restart 0) KSP residual norm 3.220567e-04
 10 (restart 0) KSP residual norm 8.036866e-05
 11 (restart 0) KSP residual norm 1.934007e-05
 12 (restart 0) KSP residual norm 4.685185e-06
 13 (restart 0) KSP residual norm 1.096276e-06
 14 (restart 0) KSP residual norm 2.985609e-07
 15 (restart 0) KSP residual norm 5.981352e-08
GMRES solver converged in 15 iterations (avg. reduction factor: 2.812e-01)
  Residual norms for GMRES solve
  0 (restart 0) KSP residual norm 1.730749e+01
  1 (restart 0) KSP residual norm 8.390734e+00
  2 (restart 0) KSP residual norm 4.004630e+00
  3 (restart 0) KSP residual norm 1.886025e+00
  4 (restart 0) KSP residual norm 2.272960e-01
  5 (restart 0) KSP residual norm 7.733340e-02
  6 (restart 0) KSP residual norm 1.797999e-02
  7 (restart 0) KSP residual norm 5.686502e-03
  8 (restart 0) KSP residual norm 2.083132e-03
  9 (restart 0) KSP residual norm 5.037017e-04
 10 (restart 0) KSP residual norm 1.401025e-04
 11 (restart 0) KSP residual norm 3.003624e-05
 12 (restart 0) KSP residual norm 6.556421e-06
 13 (restart 0) KSP residual norm 1.539437e-06
 14 (restart 0) KSP residual norm 3.318122e-07
 15 (restart 0) KSP residual norm 8.504060e-08
GMRES solver converged in 15 iterations (avg. reduction factor: 2.793e-01)
  Residual norms for GMRES solve
  0 (restart 0) KSP residual norm 6.601708e+00
  1 (restart 0) KSP residual norm 4.187804e+00
  2 (restart 0) KSP residual norm 3.021566e+00
  3 (restart 0) KSP residual norm 1.182727e+00
  4 (restart 0) KSP residual norm 1.890427e-01
  5 (restart 0) KSP residual norm 4.384828e-02
  6 (restart 0) KSP residual norm 1.630083e-02
  7 (restart 0) KSP residual norm 3.918769e-03
  8 (restart 0) KSP residual norm 1.324506e-03
  9 (restart 0) KSP residual norm 4.138831e-04
 10 (restart 0) KSP residual norm 1.068212e-04
 11 (restart 0) KSP residual norm 2.216374e-05
 12 (restart 0) KSP residual norm 5.182451e-06
 13 (restart 0) KSP residual norm 1.190122e-06
 14 (restart 0) KSP residual norm 2.961983e-07
 15 (restart 0) KSP residual norm 6.457907e-08
GMRES solver converged in 15 iterations (avg. reduction factor: 2.924e-01)
  1 EPS nconv=8 first unconverged value (error) 3.77398e-05+0.388385i (1.86363726e-02)

 Linear eigensolve converged (8 eigenpairs) due to CONVERGED_TOL; iterations 1
 Total number of linear systems solved: 23
 Total number of linear solver iterations: 343
 Found 8 converged eigenvalues (first = -2.651e-04+9.910e+00i)

 Refining eigenvalues with Quasi-Newton solver
  Residual norms for GMRES solve
  0 (restart 0) KSP residual norm 7.724997e+00
  1 (restart 0) KSP residual norm 5.301290e-01
  2 (restart 0) KSP residual norm 4.876078e-01
  3 (restart 0) KSP residual norm 4.866950e-01
  4 (restart 0) KSP residual norm 4.448335e-01
  5 (restart 0) KSP residual norm 1.712447e-01
  6 (restart 0) KSP residual norm 1.191820e-01
  7 (restart 0) KSP residual norm 1.088780e-01
  8 (restart 0) KSP residual norm 1.085460e-01
  9 (restart 0) KSP residual norm 9.859106e-02
 10 (restart 0) KSP residual norm 7.478022e-02
 11 (restart 0) KSP residual norm 7.445806e-02
 12 (restart 0) KSP residual norm 3.519699e-02
 13 (restart 0) KSP residual norm 2.990854e-02
 14 (restart 0) KSP residual norm 2.972007e-02
 15 (restart 0) KSP residual norm 2.971584e-02
 16 (restart 0) KSP residual norm 2.890043e-02
 17 (restart 0) KSP residual norm 2.864274e-02
 18 (restart 0) KSP residual norm 2.862437e-02
 19 (restart 0) KSP residual norm 2.759683e-02
 20 (restart 0) KSP residual norm 2.747980e-02
 21 (restart 0) KSP residual norm 2.531142e-02
 22 (restart 0) KSP residual norm 1.390804e-02
 23 (restart 0) KSP residual norm 3.283229e-03
 24 (restart 0) KSP residual norm 8.125389e-04
 25 (restart 0) KSP residual norm 1.885081e-04
GMRES solver converged in 25 iterations (avg. reduction factor: 6.539e-01)
0 NLEPS (nconv=0, restart=0) residual norm 8.725099e-04
  Residual norms for GMRES solve
  0 (restart 0) KSP residual norm 3.230503e-06
  1 (restart 0) KSP residual norm 9.477604e-07
  2 (restart 0) KSP residual norm 7.108735e-07
  3 (restart 0) KSP residual norm 4.905310e-07
  4 (restart 0) KSP residual norm 4.385613e-07
  5 (restart 0) KSP residual norm 4.364622e-07
  6 (restart 0) KSP residual norm 3.946002e-07
  7 (restart 0) KSP residual norm 3.867741e-07
  8 (restart 0) KSP residual norm 3.372983e-07
  9 (restart 0) KSP residual norm 3.283329e-07
 10 (restart 0) KSP residual norm 3.257991e-07
 11 (restart 0) KSP residual norm 3.221613e-07
 12 (restart 0) KSP residual norm 3.093094e-07
 13 (restart 0) KSP residual norm 3.090877e-07
 14 (restart 0) KSP residual norm 3.077324e-07
 15 (restart 0) KSP residual norm 3.058786e-07
 16 (restart 0) KSP residual norm 3.045585e-07
 17 (restart 0) KSP residual norm 3.025754e-07
 18 (restart 0) KSP residual norm 3.024317e-07
 19 (restart 0) KSP residual norm 2.979730e-07
 20 (restart 0) KSP residual norm 2.645575e-07
 21 (restart 0) KSP residual norm 1.248033e-07
 22 (restart 0) KSP residual norm 3.136464e-08
 23 (restart 0) KSP residual norm 7.403933e-09
 24 (restart 0) KSP residual norm 1.763493e-09
 25 (restart 0) KSP residual norm 4.302870e-10
 26 (restart 0) KSP residual norm 1.074946e-10
GMRES solver converged in 26 iterations (avg. reduction factor: 6.726e-01)
1 NLEPS (nconv=0, restart=0) residual norm 1.376466e-06
  Residual norms for GMRES solve
  0 (restart 0) KSP residual norm 2.910609e-10
  1 (restart 0) KSP residual norm 2.683610e-10
  2 (restart 0) KSP residual norm 2.596287e-10
  3 (restart 0) KSP residual norm 2.411948e-10
  4 (restart 0) KSP residual norm 2.326627e-10
  5 (restart 0) KSP residual norm 2.040318e-10
  6 (restart 0) KSP residual norm 1.870287e-10
  7 (restart 0) KSP residual norm 1.834932e-10
  8 (restart 0) KSP residual norm 1.793929e-10
  9 (restart 0) KSP residual norm 1.582871e-10
 10 (restart 0) KSP residual norm 1.453315e-10
 11 (restart 0) KSP residual norm 1.227607e-10
 12 (restart 0) KSP residual norm 8.855252e-11
 13 (restart 0) KSP residual norm 6.108831e-11
 14 (restart 0) KSP residual norm 5.543668e-11
 15 (restart 0) KSP residual norm 5.393793e-11
 16 (restart 0) KSP residual norm 4.946149e-11
 17 (restart 0) KSP residual norm 4.455878e-11
 18 (restart 0) KSP residual norm 4.175094e-11
 19 (restart 0) KSP residual norm 3.789622e-11
 20 (restart 0) KSP residual norm 3.682574e-11
 21 (restart 0) KSP residual norm 3.496304e-11
 22 (restart 0) KSP residual norm 3.220667e-11
 23 (restart 0) KSP residual norm 1.627168e-11
 24 (restart 0) KSP residual norm 4.592087e-12
 25 (restart 0) KSP residual norm 1.262908e-12
 26 (restart 0) KSP residual norm 3.193022e-13
GMRES solver converged in 26 iterations (avg. reduction factor: 7.694e-01)
2 NLEPS (nconv=0, restart=0) residual norm 4.005114e-09
Eigenvalue 0, Quasi-Newton converged in 2 iterations (-2.649e-04+9.910e+00i).
  Residual norms for GMRES solve
  0 (restart 0) KSP residual norm 7.724724e+00
  1 (restart 0) KSP residual norm 5.292587e-01
  2 (restart 0) KSP residual norm 4.861739e-01
  3 (restart 0) KSP residual norm 4.854974e-01
  4 (restart 0) KSP residual norm 4.469796e-01
  5 (restart 0) KSP residual norm 1.792203e-01
  6 (restart 0) KSP residual norm 1.307031e-01
  7 (restart 0) KSP residual norm 1.286466e-01
  8 (restart 0) KSP residual norm 1.286112e-01
  9 (restart 0) KSP residual norm 1.122888e-01
 10 (restart 0) KSP residual norm 7.859170e-02
 11 (restart 0) KSP residual norm 7.401404e-02
 12 (restart 0) KSP residual norm 7.204046e-02
 13 (restart 0) KSP residual norm 5.618970e-02
 14 (restart 0) KSP residual norm 5.363557e-02
 15 (restart 0) KSP residual norm 4.810574e-02
 16 (restart 0) KSP residual norm 4.592803e-02
 17 (restart 0) KSP residual norm 4.376394e-02
 18 (restart 0) KSP residual norm 4.286787e-02
 19 (restart 0) KSP residual norm 4.123275e-02
 20 (restart 0) KSP residual norm 4.055651e-02
 21 (restart 0) KSP residual norm 3.613697e-02
 22 (restart 0) KSP residual norm 1.562543e-02
 23 (restart 0) KSP residual norm 3.594515e-03
 24 (restart 0) KSP residual norm 8.817146e-04
 25 (restart 0) KSP residual norm 2.046567e-04
GMRES solver converged in 25 iterations (avg. reduction factor: 6.560e-01)
0 NLEPS (nconv=1, restart=0) residual norm 1.093021e-01
  Residual norms for GMRES solve
  0 (restart 0) KSP residual norm 5.281346e+00
  1 (restart 0) KSP residual norm 1.583893e+00
  2 (restart 0) KSP residual norm 1.170459e+00
  3 (restart 0) KSP residual norm 7.460809e-01
  4 (restart 0) KSP residual norm 6.814643e-01
  5 (restart 0) KSP residual norm 6.811947e-01
  6 (restart 0) KSP residual norm 4.726153e-01
  7 (restart 0) KSP residual norm 4.691720e-01
  8 (restart 0) KSP residual norm 4.279817e-01
  9 (restart 0) KSP residual norm 4.172564e-01
 10 (restart 0) KSP residual norm 4.132664e-01
 11 (restart 0) KSP residual norm 3.176945e-01
 12 (restart 0) KSP residual norm 7.402651e-02
 13 (restart 0) KSP residual norm 2.163179e-02
 14 (restart 0) KSP residual norm 8.644683e-03
 15 (restart 0) KSP residual norm 6.440536e-03
 16 (restart 0) KSP residual norm 5.664282e-03
 17 (restart 0) KSP residual norm 5.280911e-03
 18 (restart 0) KSP residual norm 5.209900e-03
 19 (restart 0) KSP residual norm 4.999561e-03
 20 (restart 0) KSP residual norm 4.998421e-03
 21 (restart 0) KSP residual norm 4.961322e-03
 22 (restart 0) KSP residual norm 4.906576e-03
 23 (restart 0) KSP residual norm 4.368184e-03
 24 (restart 0) KSP residual norm 2.068282e-03
 25 (restart 0) KSP residual norm 5.561653e-04
 26 (restart 0) KSP residual norm 1.370720e-04
GMRES solver converged in 26 iterations (avg. reduction factor: 6.662e-01)
1 NLEPS (nconv=1, restart=0) residual norm 8.165041e-04
  Residual norms for GMRES solve
  0 (restart 0) KSP residual norm 9.579843e-08
  1 (restart 0) KSP residual norm 6.138258e-08
  2 (restart 0) KSP residual norm 5.271639e-08
  3 (restart 0) KSP residual norm 4.319811e-08
  4 (restart 0) KSP residual norm 3.898527e-08
  5 (restart 0) KSP residual norm 3.434169e-08
  6 (restart 0) KSP residual norm 3.092292e-08
  7 (restart 0) KSP residual norm 2.250712e-08
  8 (restart 0) KSP residual norm 1.977076e-08
  9 (restart 0) KSP residual norm 1.925335e-08
 10 (restart 0) KSP residual norm 1.917474e-08
 11 (restart 0) KSP residual norm 1.629774e-08
 12 (restart 0) KSP residual norm 5.351285e-09
 13 (restart 0) KSP residual norm 1.234051e-09
 14 (restart 0) KSP residual norm 4.207275e-10
 15 (restart 0) KSP residual norm 2.092281e-10
 16 (restart 0) KSP residual norm 1.746791e-10
 17 (restart 0) KSP residual norm 1.536349e-10
 18 (restart 0) KSP residual norm 1.388611e-10
 19 (restart 0) KSP residual norm 1.327291e-10
 20 (restart 0) KSP residual norm 1.240237e-10
 21 (restart 0) KSP residual norm 1.187798e-10
 22 (restart 0) KSP residual norm 1.164818e-10
 23 (restart 0) KSP residual norm 1.130773e-10
 24 (restart 0) KSP residual norm 9.515748e-11
 25 (restart 0) KSP residual norm 5.502897e-11
 26 (restart 0) KSP residual norm 1.402871e-11
 27 (restart 0) KSP residual norm 3.582424e-12
GMRES solver converged in 27 iterations (avg. reduction factor: 6.855e-01)
2 NLEPS (nconv=1, restart=0) residual norm 1.961713e-07
  Residual norms for GMRES solve
  0 (restart 0) KSP residual norm 3.488245e-10
  1 (restart 0) KSP residual norm 1.874854e-10
  2 (restart 0) KSP residual norm 1.024688e-10
  3 (restart 0) KSP residual norm 8.184564e-11
  4 (restart 0) KSP residual norm 7.309959e-11
  5 (restart 0) KSP residual norm 7.251383e-11
  6 (restart 0) KSP residual norm 6.116012e-11
  7 (restart 0) KSP residual norm 5.788969e-11
  8 (restart 0) KSP residual norm 4.531441e-11
  9 (restart 0) KSP residual norm 4.307094e-11
 10 (restart 0) KSP residual norm 4.246126e-11
 11 (restart 0) KSP residual norm 4.202139e-11
 12 (restart 0) KSP residual norm 4.109369e-11
 13 (restart 0) KSP residual norm 4.078998e-11
 14 (restart 0) KSP residual norm 4.020670e-11
 15 (restart 0) KSP residual norm 3.951150e-11
 16 (restart 0) KSP residual norm 3.938877e-11
 17 (restart 0) KSP residual norm 3.933152e-11
 18 (restart 0) KSP residual norm 3.901554e-11
 19 (restart 0) KSP residual norm 3.870303e-11
 20 (restart 0) KSP residual norm 3.767024e-11
 21 (restart 0) KSP residual norm 2.869527e-11
 22 (restart 0) KSP residual norm 8.764041e-12
 23 (restart 0) KSP residual norm 2.468918e-12
 24 (restart 0) KSP residual norm 6.167983e-13
GMRES solver converged in 24 iterations (avg. reduction factor: 7.679e-01)
3 NLEPS (nconv=1, restart=0) residual norm 6.147722e-09
Eigenvalue 1, Quasi-Newton converged in 3 iterations (-2.647e-04+9.911e+00i).
  Residual norms for GMRES solve
  0 (restart 0) KSP residual norm 7.721326e+00
  1 (restart 0) KSP residual norm 5.182129e-01
  2 (restart 0) KSP residual norm 4.677483e-01
  3 (restart 0) KSP residual norm 4.669832e-01
  4 (restart 0) KSP residual norm 4.602252e-01
  5 (restart 0) KSP residual norm 4.527757e-01
  6 (restart 0) KSP residual norm 1.211115e-01
  7 (restart 0) KSP residual norm 1.134342e-01
  8 (restart 0) KSP residual norm 1.133742e-01
  9 (restart 0) KSP residual norm 9.694187e-02
 10 (restart 0) KSP residual norm 8.706602e-02
 11 (restart 0) KSP residual norm 8.200892e-02
 12 (restart 0) KSP residual norm 7.288060e-02
 13 (restart 0) KSP residual norm 6.861504e-02
 14 (restart 0) KSP residual norm 6.845105e-02
 15 (restart 0) KSP residual norm 6.836869e-02
 16 (restart 0) KSP residual norm 6.789912e-02
 17 (restart 0) KSP residual norm 6.699955e-02
 18 (restart 0) KSP residual norm 6.637177e-02
 19 (restart 0) KSP residual norm 6.322351e-02
 20 (restart 0) KSP residual norm 3.568802e-02
 21 (restart 0) KSP residual norm 1.111160e-02
 22 (restart 0) KSP residual norm 2.485640e-03
 23 (restart 0) KSP residual norm 5.197200e-04
GMRES solver converged in 23 iterations (avg. reduction factor: 6.586e-01)
0 NLEPS (nconv=2, restart=0) residual norm 1.120123e-01
  Residual norms for GMRES solve
  0 (restart 0) KSP residual norm 4.959315e+00
  1 (restart 0) KSP residual norm 2.798098e+00
  2 (restart 0) KSP residual norm 1.534079e+00
  3 (restart 0) KSP residual norm 1.404532e+00
  4 (restart 0) KSP residual norm 1.402619e+00
  5 (restart 0) KSP residual norm 4.004984e-01
  6 (restart 0) KSP residual norm 1.802513e-01
  7 (restart 0) KSP residual norm 1.466062e-01
  8 (restart 0) KSP residual norm 1.030641e-01
  9 (restart 0) KSP residual norm 9.838104e-02
 10 (restart 0) KSP residual norm 4.010138e-02
 11 (restart 0) KSP residual norm 1.952505e-02
 12 (restart 0) KSP residual norm 1.861941e-02
 13 (restart 0) KSP residual norm 1.861505e-02
 14 (restart 0) KSP residual norm 1.855877e-02
 15 (restart 0) KSP residual norm 1.832628e-02
 16 (restart 0) KSP residual norm 1.801223e-02
 17 (restart 0) KSP residual norm 1.754575e-02
 18 (restart 0) KSP residual norm 1.718027e-02
 19 (restart 0) KSP residual norm 1.675331e-02
 20 (restart 0) KSP residual norm 1.668224e-02
 21 (restart 0) KSP residual norm 1.621217e-02
 22 (restart 0) KSP residual norm 7.492311e-03
 23 (restart 0) KSP residual norm 2.025481e-03
 24 (restart 0) KSP residual norm 4.452149e-04
GMRES solver converged in 24 iterations (avg. reduction factor: 6.782e-01)
1 NLEPS (nconv=2, restart=0) residual norm 1.945081e-03
  Residual norms for GMRES solve
  0 (restart 0) KSP residual norm 3.544208e-08
  1 (restart 0) KSP residual norm 3.295516e-08
  2 (restart 0) KSP residual norm 3.243246e-08
  3 (restart 0) KSP residual norm 3.223679e-08
  4 (restart 0) KSP residual norm 3.026106e-08
  5 (restart 0) KSP residual norm 1.430349e-08
  6 (restart 0) KSP residual norm 3.044577e-09
  7 (restart 0) KSP residual norm 1.400840e-09
  8 (restart 0) KSP residual norm 1.385785e-09
  9 (restart 0) KSP residual norm 1.246062e-09
 10 (restart 0) KSP residual norm 1.223065e-09
 11 (restart 0) KSP residual norm 5.246872e-10
 12 (restart 0) KSP residual norm 1.900150e-10
 13 (restart 0) KSP residual norm 1.599102e-10
 14 (restart 0) KSP residual norm 1.555727e-10
 15 (restart 0) KSP residual norm 1.518391e-10
 16 (restart 0) KSP residual norm 1.396081e-10
 17 (restart 0) KSP residual norm 1.346581e-10
 18 (restart 0) KSP residual norm 1.305023e-10
 19 (restart 0) KSP residual norm 1.299852e-10
 20 (restart 0) KSP residual norm 1.274249e-10
 21 (restart 0) KSP residual norm 1.273379e-10
 22 (restart 0) KSP residual norm 1.255553e-10
 23 (restart 0) KSP residual norm 1.010846e-10
 24 (restart 0) KSP residual norm 3.887747e-11
 25 (restart 0) KSP residual norm 6.638118e-12
 26 (restart 0) KSP residual norm 1.741696e-12
GMRES solver converged in 26 iterations (avg. reduction factor: 6.828e-01)
2 NLEPS (nconv=2, restart=0) residual norm 8.236317e-07
  Residual norms for GMRES solve
  0 (restart 0) KSP residual norm 2.102889e-10
  1 (restart 0) KSP residual norm 1.827253e-10
  2 (restart 0) KSP residual norm 1.081795e-10
  3 (restart 0) KSP residual norm 8.902150e-11
  4 (restart 0) KSP residual norm 7.631487e-11
  5 (restart 0) KSP residual norm 6.916179e-11
  6 (restart 0) KSP residual norm 6.839744e-11
  7 (restart 0) KSP residual norm 6.769896e-11
  8 (restart 0) KSP residual norm 6.352286e-11
  9 (restart 0) KSP residual norm 6.267078e-11
 10 (restart 0) KSP residual norm 6.188187e-11
 11 (restart 0) KSP residual norm 6.131780e-11
 12 (restart 0) KSP residual norm 6.093054e-11
 13 (restart 0) KSP residual norm 6.060373e-11
 14 (restart 0) KSP residual norm 6.014935e-11
 15 (restart 0) KSP residual norm 5.999166e-11
 16 (restart 0) KSP residual norm 5.993721e-11
 17 (restart 0) KSP residual norm 5.978651e-11
 18 (restart 0) KSP residual norm 5.867539e-11
 19 (restart 0) KSP residual norm 4.302723e-11
 20 (restart 0) KSP residual norm 1.597462e-11
 21 (restart 0) KSP residual norm 3.605628e-12
 22 (restart 0) KSP residual norm 9.122124e-13
GMRES solver converged in 22 iterations (avg. reduction factor: 7.809e-01)
3 NLEPS (nconv=2, restart=0) residual norm 6.722941e-09
Eigenvalue 2, Quasi-Newton converged in 3 iterations (-1.247e-04+9.913e+00i).
  Residual norms for GMRES solve
  0 (restart 0) KSP residual norm 7.184115e+00
  1 (restart 0) KSP residual norm 2.289075e-01
  2 (restart 0) KSP residual norm 1.671765e-01
  3 (restart 0) KSP residual norm 1.658645e-01
  4 (restart 0) KSP residual norm 1.609862e-01
  5 (restart 0) KSP residual norm 1.602248e-01
  6 (restart 0) KSP residual norm 1.567985e-01
  7 (restart 0) KSP residual norm 1.520366e-01
  8 (restart 0) KSP residual norm 1.126476e-01
  9 (restart 0) KSP residual norm 1.031362e-01
 10 (restart 0) KSP residual norm 7.832519e-02
 11 (restart 0) KSP residual norm 6.350086e-02
 12 (restart 0) KSP residual norm 5.289740e-02
 13 (restart 0) KSP residual norm 5.024358e-02
 14 (restart 0) KSP residual norm 3.920218e-02
 15 (restart 0) KSP residual norm 3.285137e-02
 16 (restart 0) KSP residual norm 2.800530e-02
 17 (restart 0) KSP residual norm 2.576528e-02
 18 (restart 0) KSP residual norm 2.126966e-02
 19 (restart 0) KSP residual norm 9.464961e-03
 20 (restart 0) KSP residual norm 4.341243e-03
 21 (restart 0) KSP residual norm 6.036876e-04
GMRES solver converged in 21 iterations (avg. reduction factor: 6.396e-01)
0 NLEPS (nconv=3, restart=0) residual norm 1.533025e-01
  Residual norms for GMRES solve
  0 (restart 0) KSP residual norm 1.430521e+00
  1 (restart 0) KSP residual norm 3.475506e-01
  2 (restart 0) KSP residual norm 1.433504e-01
  3 (restart 0) KSP residual norm 9.514271e-02
  4 (restart 0) KSP residual norm 8.991695e-02
  5 (restart 0) KSP residual norm 8.924688e-02
  6 (restart 0) KSP residual norm 8.463652e-02
  7 (restart 0) KSP residual norm 8.398303e-02
  8 (restart 0) KSP residual norm 8.167230e-02
  9 (restart 0) KSP residual norm 7.946774e-02
 10 (restart 0) KSP residual norm 7.848878e-02
 11 (restart 0) KSP residual norm 7.817707e-02
 12 (restart 0) KSP residual norm 7.766256e-02
 13 (restart 0) KSP residual norm 7.234763e-02
 14 (restart 0) KSP residual norm 6.859275e-02
 15 (restart 0) KSP residual norm 6.278795e-02
 16 (restart 0) KSP residual norm 4.185479e-02
 17 (restart 0) KSP residual norm 3.669392e-02
 18 (restart 0) KSP residual norm 2.985990e-02
 19 (restart 0) KSP residual norm 2.874602e-02
 20 (restart 0) KSP residual norm 1.521938e-02
 21 (restart 0) KSP residual norm 3.356664e-03
 22 (restart 0) KSP residual norm 7.587431e-04
 23 (restart 0) KSP residual norm 1.961936e-04
 24 (restart 0) KSP residual norm 4.052097e-05
GMRES solver converged in 24 iterations (avg. reduction factor: 6.464e-01)
1 NLEPS (nconv=3, restart=0) residual norm 4.762250e-03
  Residual norms for GMRES solve
  0 (restart 0) KSP residual norm 7.767149e-08
  1 (restart 0) KSP residual norm 2.350662e-08
  2 (restart 0) KSP residual norm 1.287480e-08
  3 (restart 0) KSP residual norm 1.145496e-08
  4 (restart 0) KSP residual norm 1.144403e-08
  5 (restart 0) KSP residual norm 1.142715e-08
  6 (restart 0) KSP residual norm 1.138347e-08
  7 (restart 0) KSP residual norm 1.128828e-08
  8 (restart 0) KSP residual norm 7.740767e-09
  9 (restart 0) KSP residual norm 6.936015e-09
 10 (restart 0) KSP residual norm 6.700634e-09
 11 (restart 0) KSP residual norm 5.964953e-09
 12 (restart 0) KSP residual norm 4.723516e-09
 13 (restart 0) KSP residual norm 4.189530e-09
 14 (restart 0) KSP residual norm 3.816461e-09
 15 (restart 0) KSP residual norm 3.481013e-09
 16 (restart 0) KSP residual norm 3.348345e-09
 17 (restart 0) KSP residual norm 3.196430e-09
 18 (restart 0) KSP residual norm 2.232076e-09
 19 (restart 0) KSP residual norm 1.092967e-09
 20 (restart 0) KSP residual norm 3.018089e-10
 21 (restart 0) KSP residual norm 9.841084e-11
 22 (restart 0) KSP residual norm 2.756630e-11
 23 (restart 0) KSP residual norm 6.742841e-12
GMRES solver converged in 23 iterations (avg. reduction factor: 6.659e-01)
2 NLEPS (nconv=3, restart=0) residual norm 4.692539e-06
  Residual norms for GMRES solve
  0 (restart 0) KSP residual norm 2.757729e-08
  1 (restart 0) KSP residual norm 7.090721e-09
  2 (restart 0) KSP residual norm 4.857954e-09
  3 (restart 0) KSP residual norm 4.734428e-09
  4 (restart 0) KSP residual norm 4.709396e-09
  5 (restart 0) KSP residual norm 4.687186e-09
  6 (restart 0) KSP residual norm 4.478615e-09
  7 (restart 0) KSP residual norm 4.254461e-09
  8 (restart 0) KSP residual norm 3.032518e-09
  9 (restart 0) KSP residual norm 2.861654e-09
 10 (restart 0) KSP residual norm 2.430438e-09
 11 (restart 0) KSP residual norm 1.959170e-09
 12 (restart 0) KSP residual norm 1.490523e-09
 13 (restart 0) KSP residual norm 1.126843e-09
 14 (restart 0) KSP residual norm 1.009982e-09
 15 (restart 0) KSP residual norm 9.892655e-10
 16 (restart 0) KSP residual norm 9.232491e-10
 17 (restart 0) KSP residual norm 9.033005e-10
 18 (restart 0) KSP residual norm 8.574462e-10
 19 (restart 0) KSP residual norm 5.462460e-10
 20 (restart 0) KSP residual norm 1.535262e-10
 21 (restart 0) KSP residual norm 4.226644e-11
 22 (restart 0) KSP residual norm 1.060527e-11
 23 (restart 0) KSP residual norm 2.290809e-12
 24 (restart 0) KSP residual norm 5.567302e-13
GMRES solver converged in 24 iterations (avg. reduction factor: 6.374e-01)
3 NLEPS (nconv=3, restart=0) residual norm 2.036327e-10
Eigenvalue 3, Quasi-Newton converged in 3 iterations (-1.807e-04+1.027e+01i).
  Residual norms for GMRES solve
  0 (restart 0) KSP residual norm 7.183799e+00
  1 (restart 0) KSP residual norm 2.286282e-01
  2 (restart 0) KSP residual norm 1.665551e-01
  3 (restart 0) KSP residual norm 1.650694e-01
  4 (restart 0) KSP residual norm 1.619246e-01
  5 (restart 0) KSP residual norm 1.617907e-01
  6 (restart 0) KSP residual norm 1.585376e-01
  7 (restart 0) KSP residual norm 7.865012e-02
  8 (restart 0) KSP residual norm 1.546235e-02
  9 (restart 0) KSP residual norm 1.304241e-02
 10 (restart 0) KSP residual norm 1.226903e-02
 11 (restart 0) KSP residual norm 1.224014e-02
 12 (restart 0) KSP residual norm 1.201121e-02
 13 (restart 0) KSP residual norm 1.121265e-02
 14 (restart 0) KSP residual norm 8.760550e-03
 15 (restart 0) KSP residual norm 6.899431e-03
 16 (restart 0) KSP residual norm 6.448016e-03
 17 (restart 0) KSP residual norm 6.389391e-03
 18 (restart 0) KSP residual norm 6.325366e-03
 19 (restart 0) KSP residual norm 5.879369e-03
 20 (restart 0) KSP residual norm 3.881104e-03
 21 (restart 0) KSP residual norm 5.966827e-04
GMRES solver converged in 21 iterations (avg. reduction factor: 6.393e-01)
0 NLEPS (nconv=4, restart=0) residual norm 1.670232e-01
  Residual norms for GMRES solve
  0 (restart 0) KSP residual norm 2.758156e+00
  1 (restart 0) KSP residual norm 2.747228e+00
  2 (restart 0) KSP residual norm 2.729669e+00
  3 (restart 0) KSP residual norm 2.597777e+00
  4 (restart 0) KSP residual norm 1.836050e+00
  5 (restart 0) KSP residual norm 1.752574e+00
  6 (restart 0) KSP residual norm 1.517897e+00
  7 (restart 0) KSP residual norm 6.733509e-01
  8 (restart 0) KSP residual norm 1.507845e-01
  9 (restart 0) KSP residual norm 6.862629e-02
 10 (restart 0) KSP residual norm 6.012032e-02
 11 (restart 0) KSP residual norm 5.765627e-02
 12 (restart 0) KSP residual norm 5.664418e-02
 13 (restart 0) KSP residual norm 5.521995e-02
 14 (restart 0) KSP residual norm 5.481422e-02
 15 (restart 0) KSP residual norm 5.431052e-02
 16 (restart 0) KSP residual norm 5.388397e-02
 17 (restart 0) KSP residual norm 5.291780e-02
 18 (restart 0) KSP residual norm 5.058967e-02
 19 (restart 0) KSP residual norm 4.374634e-02
 20 (restart 0) KSP residual norm 1.574884e-02
 21 (restart 0) KSP residual norm 4.163122e-03
 22 (restart 0) KSP residual norm 9.773470e-04
 23 (restart 0) KSP residual norm 2.300608e-04
GMRES solver converged in 23 iterations (avg. reduction factor: 6.648e-01)
1 NLEPS (nconv=4, restart=0) residual norm 7.771878e-03
  Residual norms for GMRES solve
  0 (restart 0) KSP residual norm 9.242008e-08
  1 (restart 0) KSP residual norm 6.913118e-08
  2 (restart 0) KSP residual norm 6.591166e-08
  3 (restart 0) KSP residual norm 6.531389e-08
  4 (restart 0) KSP residual norm 6.102282e-08
  5 (restart 0) KSP residual norm 5.888993e-08
  6 (restart 0) KSP residual norm 4.808504e-08
  7 (restart 0) KSP residual norm 3.437224e-08
  8 (restart 0) KSP residual norm 1.022827e-08
  9 (restart 0) KSP residual norm 6.119069e-09
 10 (restart 0) KSP residual norm 5.195340e-09
 11 (restart 0) KSP residual norm 4.952186e-09
 12 (restart 0) KSP residual norm 4.824794e-09
 13 (restart 0) KSP residual norm 4.696192e-09
 14 (restart 0) KSP residual norm 4.665110e-09
 15 (restart 0) KSP residual norm 4.640356e-09
 16 (restart 0) KSP residual norm 4.607502e-09
 17 (restart 0) KSP residual norm 4.480402e-09
 18 (restart 0) KSP residual norm 4.336917e-09
 19 (restart 0) KSP residual norm 3.480870e-09
 20 (restart 0) KSP residual norm 9.814424e-10
 21 (restart 0) KSP residual norm 2.675755e-10
 22 (restart 0) KSP residual norm 5.999064e-11
 23 (restart 0) KSP residual norm 1.532389e-11
 24 (restart 0) KSP residual norm 3.564526e-12
GMRES solver converged in 24 iterations (avg. reduction factor: 6.548e-01)
2 NLEPS (nconv=4, restart=0) residual norm 1.260383e-05
  Residual norms for GMRES solve
  0 (restart 0) KSP residual norm 4.417212e-08
  1 (restart 0) KSP residual norm 1.591727e-08
  2 (restart 0) KSP residual norm 1.079161e-08
  3 (restart 0) KSP residual norm 9.577484e-09
  4 (restart 0) KSP residual norm 9.544166e-09
  5 (restart 0) KSP residual norm 9.275312e-09
  6 (restart 0) KSP residual norm 7.724727e-09
  7 (restart 0) KSP residual norm 7.289103e-09
  8 (restart 0) KSP residual norm 6.906234e-09
  9 (restart 0) KSP residual norm 5.812030e-09
 10 (restart 0) KSP residual norm 5.669718e-09
 11 (restart 0) KSP residual norm 5.315517e-09
 12 (restart 0) KSP residual norm 5.296305e-09
 13 (restart 0) KSP residual norm 4.751385e-09
 14 (restart 0) KSP residual norm 4.712091e-09
 15 (restart 0) KSP residual norm 4.642935e-09
 16 (restart 0) KSP residual norm 4.343443e-09
 17 (restart 0) KSP residual norm 4.189676e-09
 18 (restart 0) KSP residual norm 3.247688e-09
 19 (restart 0) KSP residual norm 1.570007e-09
 20 (restart 0) KSP residual norm 3.541161e-10
 21 (restart 0) KSP residual norm 9.437249e-11
 22 (restart 0) KSP residual norm 2.178438e-11
 23 (restart 0) KSP residual norm 4.611962e-12
 24 (restart 0) KSP residual norm 9.779222e-13
GMRES solver converged in 24 iterations (avg. reduction factor: 6.398e-01)
3 NLEPS (nconv=4, restart=0) residual norm 6.078262e-10
Eigenvalue 4, Quasi-Newton converged in 3 iterations (-1.808e-04+1.027e+01i).
  Residual norms for GMRES solve
  0 (restart 0) KSP residual norm 6.980481e+00
  1 (restart 0) KSP residual norm 3.301547e+00
  2 (restart 0) KSP residual norm 1.296853e+00
  3 (restart 0) KSP residual norm 3.524269e-01
  4 (restart 0) KSP residual norm 6.185543e-02
  5 (restart 0) KSP residual norm 4.519510e-02
  6 (restart 0) KSP residual norm 4.440299e-02
  7 (restart 0) KSP residual norm 4.065406e-02
  8 (restart 0) KSP residual norm 2.735237e-02
  9 (restart 0) KSP residual norm 1.958054e-02
 10 (restart 0) KSP residual norm 1.940872e-02
 11 (restart 0) KSP residual norm 1.940486e-02
 12 (restart 0) KSP residual norm 1.919912e-02
 13 (restart 0) KSP residual norm 1.841125e-02
 14 (restart 0) KSP residual norm 1.840969e-02
 15 (restart 0) KSP residual norm 1.818770e-02
 16 (restart 0) KSP residual norm 1.758811e-02
 17 (restart 0) KSP residual norm 1.432120e-02
 18 (restart 0) KSP residual norm 7.084183e-03
 19 (restart 0) KSP residual norm 3.308377e-03
 20 (restart 0) KSP residual norm 8.786299e-04
 21 (restart 0) KSP residual norm 2.150553e-04
GMRES solver converged in 21 iterations (avg. reduction factor: 6.098e-01)
0 NLEPS (nconv=5, restart=0) residual norm 1.720557e-01
  Residual norms for GMRES solve
  0 (restart 0) KSP residual norm 1.451613e+00
  1 (restart 0) KSP residual norm 1.450284e+00
  2 (restart 0) KSP residual norm 7.233620e-01
  3 (restart 0) KSP residual norm 7.232683e-01
  4 (restart 0) KSP residual norm 3.757137e-01
  5 (restart 0) KSP residual norm 1.015950e-01
  6 (restart 0) KSP residual norm 2.153725e-02
  7 (restart 0) KSP residual norm 1.013244e-02
  8 (restart 0) KSP residual norm 5.302354e-03
  9 (restart 0) KSP residual norm 4.059401e-03
 10 (restart 0) KSP residual norm 3.838844e-03
 11 (restart 0) KSP residual norm 3.818170e-03
 12 (restart 0) KSP residual norm 3.728642e-03
 13 (restart 0) KSP residual norm 3.624732e-03
 14 (restart 0) KSP residual norm 3.451490e-03
 15 (restart 0) KSP residual norm 3.339592e-03
 16 (restart 0) KSP residual norm 3.304676e-03
 17 (restart 0) KSP residual norm 3.304188e-03
 18 (restart 0) KSP residual norm 3.283784e-03
 19 (restart 0) KSP residual norm 3.224093e-03
 20 (restart 0) KSP residual norm 2.858294e-03
 21 (restart 0) KSP residual norm 1.126106e-03
 22 (restart 0) KSP residual norm 4.107741e-04
 23 (restart 0) KSP residual norm 9.743565e-05
GMRES solver converged in 23 iterations (avg. reduction factor: 6.585e-01)
1 NLEPS (nconv=5, restart=0) residual norm 1.446935e-03
  Residual norms for GMRES solve
  0 (restart 0) KSP residual norm 1.661954e-07
  1 (restart 0) KSP residual norm 1.426882e-07
  2 (restart 0) KSP residual norm 8.257545e-08
  3 (restart 0) KSP residual norm 7.990982e-08
  4 (restart 0) KSP residual norm 3.416277e-08
  5 (restart 0) KSP residual norm 1.094842e-08
  6 (restart 0) KSP residual norm 3.173507e-09
  7 (restart 0) KSP residual norm 1.160256e-09
  8 (restart 0) KSP residual norm 6.995196e-10
  9 (restart 0) KSP residual norm 5.882277e-10
 10 (restart 0) KSP residual norm 5.597536e-10
 11 (restart 0) KSP residual norm 4.844606e-10
 12 (restart 0) KSP residual norm 2.731761e-10
 13 (restart 0) KSP residual norm 2.082772e-10
 14 (restart 0) KSP residual norm 2.029347e-10
 15 (restart 0) KSP residual norm 1.991140e-10
 16 (restart 0) KSP residual norm 1.983222e-10
 17 (restart 0) KSP residual norm 1.970612e-10
 18 (restart 0) KSP residual norm 1.930898e-10
 19 (restart 0) KSP residual norm 1.862917e-10
 20 (restart 0) KSP residual norm 1.807978e-10
 21 (restart 0) KSP residual norm 1.491821e-10
 22 (restart 0) KSP residual norm 6.078238e-11
 23 (restart 0) KSP residual norm 1.331589e-11
GMRES solver converged in 23 iterations (avg. reduction factor: 6.636e-01)
2 NLEPS (nconv=5, restart=0) residual norm 4.436056e-07
  Residual norms for GMRES solve
  0 (restart 0) KSP residual norm 4.534792e-09
  1 (restart 0) KSP residual norm 1.650929e-09
  2 (restart 0) KSP residual norm 1.568987e-09
  3 (restart 0) KSP residual norm 8.663517e-10
  4 (restart 0) KSP residual norm 2.917449e-10
  5 (restart 0) KSP residual norm 1.217424e-10
  6 (restart 0) KSP residual norm 9.977361e-11
  7 (restart 0) KSP residual norm 9.454156e-11
  8 (restart 0) KSP residual norm 8.012493e-11
  9 (restart 0) KSP residual norm 7.807338e-11
 10 (restart 0) KSP residual norm 7.790854e-11
 11 (restart 0) KSP residual norm 7.716844e-11
 12 (restart 0) KSP residual norm 7.626014e-11
 13 (restart 0) KSP residual norm 7.622131e-11
 14 (restart 0) KSP residual norm 7.408210e-11
 15 (restart 0) KSP residual norm 7.404361e-11
 16 (restart 0) KSP residual norm 7.316508e-11
 17 (restart 0) KSP residual norm 5.838192e-11
 18 (restart 0) KSP residual norm 3.018768e-11
 19 (restart 0) KSP residual norm 1.495962e-11
 20 (restart 0) KSP residual norm 4.411628e-12
 21 (restart 0) KSP residual norm 7.610905e-13
GMRES solver converged in 21 iterations (avg. reduction factor: 6.610e-01)
3 NLEPS (nconv=5, restart=0) residual norm 1.511144e-10
Eigenvalue 5, Quasi-Newton converged in 3 iterations (-2.189e-04+1.050e+01i).
  Residual norms for GMRES solve
  0 (restart 0) KSP residual norm 6.971083e+00
  1 (restart 0) KSP residual norm 3.056251e+00
  2 (restart 0) KSP residual norm 1.184312e+00
  3 (restart 0) KSP residual norm 3.735037e-01
  4 (restart 0) KSP residual norm 6.679932e-02
  5 (restart 0) KSP residual norm 4.947551e-02
  6 (restart 0) KSP residual norm 4.923531e-02
  7 (restart 0) KSP residual norm 4.922950e-02
  8 (restart 0) KSP residual norm 4.754115e-02
  9 (restart 0) KSP residual norm 3.842175e-02
 10 (restart 0) KSP residual norm 3.017767e-02
 11 (restart 0) KSP residual norm 2.907360e-02
 12 (restart 0) KSP residual norm 2.773927e-02
 13 (restart 0) KSP residual norm 2.773590e-02
 14 (restart 0) KSP residual norm 2.763263e-02
 15 (restart 0) KSP residual norm 2.760744e-02
 16 (restart 0) KSP residual norm 2.621200e-02
 17 (restart 0) KSP residual norm 1.741238e-02
 18 (restart 0) KSP residual norm 6.756834e-03
 19 (restart 0) KSP residual norm 3.057688e-03
 20 (restart 0) KSP residual norm 8.037304e-04
 21 (restart 0) KSP residual norm 1.955007e-04
GMRES solver converged in 21 iterations (avg. reduction factor: 6.071e-01)
0 NLEPS (nconv=6, restart=0) residual norm 1.786902e-01
  Residual norms for GMRES solve
  0 (restart 0) KSP residual norm 6.879226e+00
  1 (restart 0) KSP residual norm 1.761402e+00
  2 (restart 0) KSP residual norm 1.647110e+00
  3 (restart 0) KSP residual norm 1.099338e+00
  4 (restart 0) KSP residual norm 4.314971e-01
  5 (restart 0) KSP residual norm 2.583634e-01
  6 (restart 0) KSP residual norm 2.261288e-01
  7 (restart 0) KSP residual norm 2.056522e-01
  8 (restart 0) KSP residual norm 2.055604e-01
  9 (restart 0) KSP residual norm 8.663662e-02
 10 (restart 0) KSP residual norm 2.754086e-02
 11 (restart 0) KSP residual norm 2.118949e-02
 12 (restart 0) KSP residual norm 2.096458e-02
 13 (restart 0) KSP residual norm 2.057903e-02
 14 (restart 0) KSP residual norm 2.050121e-02
 15 (restart 0) KSP residual norm 2.038326e-02
 16 (restart 0) KSP residual norm 2.034630e-02
 17 (restart 0) KSP residual norm 2.020141e-02
 18 (restart 0) KSP residual norm 1.859033e-02
 19 (restart 0) KSP residual norm 1.234764e-02
 20 (restart 0) KSP residual norm 4.056428e-03
 21 (restart 0) KSP residual norm 9.862683e-04
 22 (restart 0) KSP residual norm 3.473173e-04
GMRES solver converged in 22 iterations (avg. reduction factor: 6.378e-01)
1 NLEPS (nconv=6, restart=0) residual norm 6.935003e-03
  Residual norms for GMRES solve
  0 (restart 0) KSP residual norm 4.558538e-07
  1 (restart 0) KSP residual norm 1.573509e-07
  2 (restart 0) KSP residual norm 1.414356e-07
  3 (restart 0) KSP residual norm 1.183238e-07
  4 (restart 0) KSP residual norm 5.044928e-08
  5 (restart 0) KSP residual norm 2.047170e-08
  6 (restart 0) KSP residual norm 1.668294e-08
  7 (restart 0) KSP residual norm 1.401039e-08
  8 (restart 0) KSP residual norm 1.376526e-08
  9 (restart 0) KSP residual norm 8.651828e-09
 10 (restart 0) KSP residual norm 3.740967e-09
 11 (restart 0) KSP residual norm 2.713837e-09
 12 (restart 0) KSP residual norm 2.672437e-09
 13 (restart 0) KSP residual norm 2.580076e-09
 14 (restart 0) KSP residual norm 2.570431e-09
 15 (restart 0) KSP residual norm 2.495401e-09
 16 (restart 0) KSP residual norm 2.490904e-09
 17 (restart 0) KSP residual norm 2.466028e-09
 18 (restart 0) KSP residual norm 2.403004e-09
 19 (restart 0) KSP residual norm 1.672672e-09
 20 (restart 0) KSP residual norm 7.669491e-10
 21 (restart 0) KSP residual norm 1.823306e-10
 22 (restart 0) KSP residual norm 5.659588e-11
 23 (restart 0) KSP residual norm 1.873333e-11
GMRES solver converged in 23 iterations (avg. reduction factor: 6.446e-01)
2 NLEPS (nconv=6, restart=0) residual norm 9.843061e-06
  Residual norms for GMRES solve
  0 (restart 0) KSP residual norm 1.333582e-07
  1 (restart 0) KSP residual norm 1.041515e-07
  2 (restart 0) KSP residual norm 9.457344e-08
  3 (restart 0) KSP residual norm 4.842411e-08
  4 (restart 0) KSP residual norm 1.513376e-08
  5 (restart 0) KSP residual norm 6.077203e-09
  6 (restart 0) KSP residual norm 4.518465e-09
  7 (restart 0) KSP residual norm 4.487039e-09
  8 (restart 0) KSP residual norm 4.380883e-09
  9 (restart 0) KSP residual norm 4.379024e-09
 10 (restart 0) KSP residual norm 4.373997e-09
 11 (restart 0) KSP residual norm 4.326913e-09
 12 (restart 0) KSP residual norm 4.233561e-09
 13 (restart 0) KSP residual norm 4.233227e-09
 14 (restart 0) KSP residual norm 4.217664e-09
 15 (restart 0) KSP residual norm 4.192167e-09
 16 (restart 0) KSP residual norm 4.094569e-09
 17 (restart 0) KSP residual norm 3.752052e-09
 18 (restart 0) KSP residual norm 1.767754e-09
 19 (restart 0) KSP residual norm 9.475488e-10
 20 (restart 0) KSP residual norm 2.586540e-10
 21 (restart 0) KSP residual norm 5.351526e-11
 22 (restart 0) KSP residual norm 2.065240e-11
 23 (restart 0) KSP residual norm 4.773372e-12
 24 (restart 0) KSP residual norm 1.533058e-12
 25 (restart 0) KSP residual norm 3.327833e-13
GMRES solver converged in 25 iterations (avg. reduction factor: 5.969e-01)
3 NLEPS (nconv=6, restart=0) residual norm 7.581200e-10
Eigenvalue 6, Quasi-Newton converged in 3 iterations (-2.191e-04+1.050e+01i).
  Residual norms for GMRES solve
  0 (restart 0) KSP residual norm 6.216048e+00
  1 (restart 0) KSP residual norm 1.449210e-01
  2 (restart 0) KSP residual norm 4.270473e-02
  3 (restart 0) KSP residual norm 3.931760e-02
  4 (restart 0) KSP residual norm 3.590987e-02
  5 (restart 0) KSP residual norm 1.960513e-02
  6 (restart 0) KSP residual norm 1.297202e-02
  7 (restart 0) KSP residual norm 7.492833e-03
  8 (restart 0) KSP residual norm 5.002893e-03
  9 (restart 0) KSP residual norm 3.116041e-03
 10 (restart 0) KSP residual norm 3.015829e-03
 11 (restart 0) KSP residual norm 2.593924e-03
 12 (restart 0) KSP residual norm 2.376462e-03
 13 (restart 0) KSP residual norm 2.299628e-03
 14 (restart 0) KSP residual norm 1.805153e-03
 15 (restart 0) KSP residual norm 8.545040e-04
 16 (restart 0) KSP residual norm 2.713762e-04
GMRES solver converged in 16 iterations (avg. reduction factor: 5.340e-01)
0 NLEPS (nconv=7, restart=0) residual norm 2.026704e-01
  Residual norms for GMRES solve
  0 (restart 0) KSP residual norm 9.661388e-01
  1 (restart 0) KSP residual norm 1.875473e-01
  2 (restart 0) KSP residual norm 1.112128e-01
  3 (restart 0) KSP residual norm 8.573804e-02
  4 (restart 0) KSP residual norm 8.176911e-02
  5 (restart 0) KSP residual norm 5.171828e-02
  6 (restart 0) KSP residual norm 2.600490e-02
  7 (restart 0) KSP residual norm 1.563782e-02
  8 (restart 0) KSP residual norm 9.396057e-03
  9 (restart 0) KSP residual norm 7.097983e-03
 10 (restart 0) KSP residual norm 5.546329e-03
 11 (restart 0) KSP residual norm 5.140500e-03
 12 (restart 0) KSP residual norm 4.939564e-03
 13 (restart 0) KSP residual norm 4.544379e-03
 14 (restart 0) KSP residual norm 4.110836e-03
 15 (restart 0) KSP residual norm 2.602348e-03
 16 (restart 0) KSP residual norm 9.539793e-04
 17 (restart 0) KSP residual norm 3.228176e-04
 18 (restart 0) KSP residual norm 1.074416e-04
 19 (restart 0) KSP residual norm 2.564900e-05
GMRES solver converged in 19 iterations (avg. reduction factor: 5.743e-01)
1 NLEPS (nconv=7, restart=0) residual norm 2.392371e-03
  Residual norms for GMRES solve
  0 (restart 0) KSP residual norm 1.262892e-07
  1 (restart 0) KSP residual norm 4.248576e-08
  2 (restart 0) KSP residual norm 4.015216e-08
  3 (restart 0) KSP residual norm 3.923689e-08
  4 (restart 0) KSP residual norm 3.116408e-08
  5 (restart 0) KSP residual norm 1.562588e-08
  6 (restart 0) KSP residual norm 7.482147e-09
  7 (restart 0) KSP residual norm 5.077149e-09
  8 (restart 0) KSP residual norm 3.964403e-09
  9 (restart 0) KSP residual norm 3.201649e-09
 10 (restart 0) KSP residual norm 2.957837e-09
 11 (restart 0) KSP residual norm 2.646482e-09
 12 (restart 0) KSP residual norm 2.552202e-09
 13 (restart 0) KSP residual norm 2.278428e-09
 14 (restart 0) KSP residual norm 1.498630e-09
 15 (restart 0) KSP residual norm 6.423681e-10
 16 (restart 0) KSP residual norm 1.877222e-10
 17 (restart 0) KSP residual norm 5.588836e-11
 18 (restart 0) KSP residual norm 1.740173e-11
 19 (restart 0) KSP residual norm 5.052675e-12
GMRES solver converged in 19 iterations (avg. reduction factor: 5.869e-01)
2 NLEPS (nconv=7, restart=0) residual norm 1.935087e-06
  Residual norms for GMRES solve
  0 (restart 0) KSP residual norm 1.905085e-08
  1 (restart 0) KSP residual norm 1.245622e-08
  2 (restart 0) KSP residual norm 1.243717e-08
  3 (restart 0) KSP residual norm 1.098026e-08
  4 (restart 0) KSP residual norm 6.814993e-09
  5 (restart 0) KSP residual norm 3.930596e-09
  6 (restart 0) KSP residual norm 1.748263e-09
  7 (restart 0) KSP residual norm 1.192339e-09
  8 (restart 0) KSP residual norm 9.246581e-10
  9 (restart 0) KSP residual norm 7.964772e-10
 10 (restart 0) KSP residual norm 7.952381e-10
 11 (restart 0) KSP residual norm 7.652346e-10
 12 (restart 0) KSP residual norm 7.168289e-10
 13 (restart 0) KSP residual norm 5.165514e-10
 14 (restart 0) KSP residual norm 2.002852e-10
 15 (restart 0) KSP residual norm 5.820253e-11
 16 (restart 0) KSP residual norm 1.454718e-11
 17 (restart 0) KSP residual norm 5.428942e-12
 18 (restart 0) KSP residual norm 1.940902e-12
 19 (restart 0) KSP residual norm 5.583629e-13
GMRES solver converged in 19 iterations (avg. reduction factor: 5.773e-01)
3 NLEPS (nconv=7, restart=0) residual norm 1.803119e-10
Eigenvalue 7, Quasi-Newton converged in 3 iterations (-1.878e-04+1.105e+01i).

Computing solution error estimates and performing postprocessing

     m,        Re{f} (GHz),        Im{f} (GHz),                  Q,      Error (Bkwd.),       Error (Abs.)
     1,      +2.450138e+00,      +6.549510e-05,      +1.870474e+04,      +8.909755e-13,      +4.005114e-09
     2,      +2.450175e+00,      +6.543864e-05,      +1.872116e+04,      +1.367595e-12,      +6.147615e-09
     3,      +2.450679e+00,      +3.083673e-05,      +3.973635e+04,      +1.495355e-12,      +6.721932e-09
     4,      +2.539780e+00,      +4.467545e-05,      +2.842478e+04,      +4.525945e-14,      +2.035025e-10
     5,      +2.539833e+00,      +4.469049e-05,      +2.841581e+04,      +1.351186e-13,      +6.075411e-10
     6,      +2.594828e+00,      +5.412845e-05,      +2.396917e+04,      +3.359908e-14,      +1.510979e-10
     7,      +2.595050e+00,      +5.417618e-05,      +2.395010e+04,      +1.684130e-13,      +7.573677e-10
     8,      +2.730667e+00,      +4.642362e-05,      +2.941032e+04,      +4.007859e-14,      +1.803116e-10

Completed 0 iterations of adaptive mesh refinement (AMR):
 Indicator norm = 3.660e-02, global unknowns = 180574
 Max. iterations = 0, tol. = 1.000e-02

Estimated peak per-rank memory usage is: Min. 118.8M, Max. 133.7M, Avg. 124.4M, Total 3.9G
Estimated peak per-node memory usage is: Min. 3.9G, Max. 3.9G, Avg. 3.9G, Total 3.9G

Elapsed Time Report (s)           Min.        Max.        Avg.
==============================================================
Initialization                   0.081       0.201       0.197
  Mesh Preprocessing             0.161       0.282       0.165
Operator Construction            0.631       0.635       0.634
Linear Solve                     4.397       4.547       4.460
  Setup                          3.396       3.396       3.396
  Preconditioner                67.712      67.998      67.937
  Coarse Solve                   6.422       6.575       6.437
Eigenvalue Solve                 0.805       0.812       0.810
Div.-Free Projection             1.662       1.668       1.667
Estimation                       0.025       0.027       0.026
  Construction                   0.086       0.086       0.086
  Solve                          1.135       1.138       1.137
Postprocessing                   0.229       0.232       0.230
Disk IO                          0.303       0.304       0.303
--------------------------------------------------------------
Total                           88.614      88.632      88.624

Peak Memory                   Per-Node       Total   Total HWM
==============================================================
Initialization                   70.3M       70.3M       70.3M
  Mesh Preprocessing             93.5M       93.5M      163.8M
Operator Construction           514.8M      514.8M      678.6M
Linear Solve                    272.0K      272.0K      678.9M
  Setup                         345.8M      345.8M        1.0G
  Preconditioner                  3.4M        3.4M        1.0G
  Coarse Solve                    1.5G        1.5G        2.5G
Eigenvalue Solve                142.7M      142.7M        2.6G
Div.-Free Projection            173.1M      173.1M        2.8G
Estimation                       30.2M       30.2M        2.8G
  Construction                  135.6M      135.6M        3.0G
  Solve                           3.0M        3.0M        3.0G
Postprocessing                   15.8M       15.8M        3.0G
Disk IO                          38.2M       38.2M        3.0G
--------------------------------------------------------------
Total                             3.5G        3.5G        3.5G

