>> /opt/amip/envs/emsim/bin/mpirun -n 32 /opt/amip/palace/bin/palace-x86_64.bin h1_1p35.json

_____________     _______
_____   __   \____ __   /____ ____________
____   /_/  /  __ ` /  /  __ ` /  ___/  _ \
___   _____/  /_/  /  /  /_/  /  /__/  ___/
  /__/     \___,__/__/\___,__/\_____\_____/


[38;2;255;255;000m--> Warning![0m
Output folder is not empty; program will overwrite content! (postpro/h1_1p35)
Git changeset ID: v0.17.0-293-g3c83b9db0
Running with 32 MPI processes, 1 OpenMP thread
Device configuration: omp,cpu
Memory configuration: host-std
libCEED backend: /cpu/self/xsmm/blocked

Added 6946 boundary elements for material interfaces to the mesh

Characteristic length and time scales:
 Lc = 1.706e-01 m, tc = 5.690e-01 ns
Finished partitioning mesh into 32 subdomains

Mesh curvature order: 2
Mesh bounding box:
 (Xmin, Ymin, Zmin) = (-8.529e-02, -8.529e-02, -6.318e-02) m
 (Xmax, Ymax, Zmax) = (+8.529e-02, +8.529e-02, +6.318e-02) m

Parallel Mesh Stats:

                minimum     average     maximum       total
 vertices           114         193         309        6189
 edges             1039        1316        1651       42137
 faces             2003        2226        2464       71236
 elements          1079        1102        1135       35287
 neighbors            6          11          22

            minimum     maximum
 h       0.00664926    0.215565
 kappa      1.07596     16.1166

Estimated current per-rank memory usage is: Min. 32.4M, Max. 59.2M, Avg. 33.9M, Total 1.1G
Estimated current per-node memory usage is: Min. 1.1G, Max. 1.1G, Avg. 1.1G, Total 1.1G

Configuring Robin finite conductivity BC at attributes:
 90: σ = 3.500e+07 S/m, n = (-0.2,-0.1,+1.0)

Assembling system matrices, number of global unknowns:
 H1 (p = 2): 48326, ND (p = 2): 226746, RT (p = 2): 319569
 Operator assembly level: Partial
 Mesh geometries:
  Tetrahedron: P = 20, Q = 14 (quadrature order = 4)

Configuring SLEPc eigenvalue solver:
 Scaling γ = 2.741e+01, δ = 3.823e-06
 Configuring divergence-free projection
 Using random starting vector
 Shift-and-invert σ = 2.400e+00 GHz (8.580e+00)

Assembling multigrid hierarchy:
 Level 0 (p = 1): 42137 unknowns
 Level 1 (p = 2): 226746 unknowns
 Level 0 (auxiliary) (p = 1): 6189 unknowns
 Level 1 (auxiliary) (p = 2): 48326 unknowns

#PETSc Option Table entries:
-eps_monitor # (source: code)
#End of PETSc Option Table entries

  Residual norms for GMRES solve
  0 (restart 0) KSP residual norm 1.109365e+00
  1 (restart 0) KSP residual norm 1.023640e+00
  2 (restart 0) KSP residual norm 5.847427e-01
  3 (restart 0) KSP residual norm 8.369567e-02
  4 (restart 0) KSP residual norm 2.875342e-02
  5 (restart 0) KSP residual norm 7.353836e-03
  6 (restart 0) KSP residual norm 1.386054e-03
  7 (restart 0) KSP residual norm 3.675312e-04
  8 (restart 0) KSP residual norm 1.026478e-04
  9 (restart 0) KSP residual norm 2.923868e-05
 10 (restart 0) KSP residual norm 8.115594e-06
 11 (restart 0) KSP residual norm 2.182247e-06
 12 (restart 0) KSP residual norm 5.065145e-07
 13 (restart 0) KSP residual norm 1.216876e-07
 14 (restart 0) KSP residual norm 3.631957e-08
 15 (restart 0) KSP residual norm 8.163275e-09
GMRES solver converged in 15 iterations (avg. reduction factor: 2.869e-01)
  Residual norms for GMRES solve
  0 (restart 0) KSP residual norm 5.954611e+01
  1 (restart 0) KSP residual norm 5.897224e+01
  2 (restart 0) KSP residual norm 4.095640e+00
  3 (restart 0) KSP residual norm 8.672880e-01
  4 (restart 0) KSP residual norm 1.613759e-01
  5 (restart 0) KSP residual norm 4.152038e-02
  6 (restart 0) KSP residual norm 1.062425e-02
  7 (restart 0) KSP residual norm 3.050047e-03
  8 (restart 0) KSP residual norm 7.899427e-04
  9 (restart 0) KSP residual norm 2.055997e-04
 10 (restart 0) KSP residual norm 4.781847e-05
 11 (restart 0) KSP residual norm 1.126295e-05
 12 (restart 0) KSP residual norm 2.855054e-06
 13 (restart 0) KSP residual norm 8.020119e-07
 14 (restart 0) KSP residual norm 1.755569e-07
GMRES solver converged in 14 iterations (avg. reduction factor: 2.459e-01)
  Residual norms for GMRES solve
  0 (restart 0) KSP residual norm 8.633960e+01
  1 (restart 0) KSP residual norm 8.565839e+01
  2 (restart 0) KSP residual norm 5.728941e+00
  3 (restart 0) KSP residual norm 1.122818e+00
  4 (restart 0) KSP residual norm 1.652712e-01
  5 (restart 0) KSP residual norm 5.688108e-02
  6 (restart 0) KSP residual norm 1.205002e-02
  7 (restart 0) KSP residual norm 4.271558e-03
  8 (restart 0) KSP residual norm 1.037363e-03
  9 (restart 0) KSP residual norm 2.763797e-04
 10 (restart 0) KSP residual norm 6.426651e-05
 11 (restart 0) KSP residual norm 1.700201e-05
 12 (restart 0) KSP residual norm 4.082101e-06
 13 (restart 0) KSP residual norm 1.138070e-06
 14 (restart 0) KSP residual norm 2.449211e-07
GMRES solver converged in 14 iterations (avg. reduction factor: 2.452e-01)
  Residual norms for GMRES solve
  0 (restart 0) KSP residual norm 1.597573e+01
  1 (restart 0) KSP residual norm 1.408635e+01
  2 (restart 0) KSP residual norm 6.148147e+00
  3 (restart 0) KSP residual norm 9.019519e-01
  4 (restart 0) KSP residual norm 2.431505e-01
  5 (restart 0) KSP residual norm 7.197551e-02
  6 (restart 0) KSP residual norm 2.211703e-02
  7 (restart 0) KSP residual norm 3.054954e-03
  8 (restart 0) KSP residual norm 1.240182e-03
  9 (restart 0) KSP residual norm 2.656080e-04
 10 (restart 0) KSP residual norm 7.437449e-05
 11 (restart 0) KSP residual norm 2.038784e-05
 12 (restart 0) KSP residual norm 4.475196e-06
 13 (restart 0) KSP residual norm 1.160781e-06
 14 (restart 0) KSP residual norm 2.728970e-07
 15 (restart 0) KSP residual norm 6.877814e-08
GMRES solver converged in 15 iterations (avg. reduction factor: 2.769e-01)
  Residual norms for GMRES solve
  0 (restart 0) KSP residual norm 5.786434e+01
  1 (restart 0) KSP residual norm 3.194778e+01
  2 (restart 0) KSP residual norm 6.400431e+00
  3 (restart 0) KSP residual norm 1.610998e+00
  4 (restart 0) KSP residual norm 3.212096e-01
  5 (restart 0) KSP residual norm 6.671114e-02
  6 (restart 0) KSP residual norm 1.845596e-02
  7 (restart 0) KSP residual norm 2.657489e-03
  8 (restart 0) KSP residual norm 9.197962e-04
  9 (restart 0) KSP residual norm 2.074089e-04
 10 (restart 0) KSP residual norm 5.653692e-05
 11 (restart 0) KSP residual norm 1.660668e-05
 12 (restart 0) KSP residual norm 3.388165e-06
 13 (restart 0) KSP residual norm 9.833496e-07
 14 (restart 0) KSP residual norm 2.628539e-07
GMRES solver converged in 14 iterations (avg. reduction factor: 2.536e-01)
  Residual norms for GMRES solve
  0 (restart 0) KSP residual norm 1.266300e+02
  1 (restart 0) KSP residual norm 6.789179e+01
  2 (restart 0) KSP residual norm 5.167845e+00
  3 (restart 0) KSP residual norm 1.244149e+00
  4 (restart 0) KSP residual norm 2.103968e-01
  5 (restart 0) KSP residual norm 6.886018e-02
  6 (restart 0) KSP residual norm 1.123359e-02
  7 (restart 0) KSP residual norm 3.939571e-03
  8 (restart 0) KSP residual norm 7.932913e-04
  9 (restart 0) KSP residual norm 2.665324e-04
 10 (restart 0) KSP residual norm 6.277954e-05
 11 (restart 0) KSP residual norm 1.700166e-05
 12 (restart 0) KSP residual norm 4.133476e-06
 13 (restart 0) KSP residual norm 1.114336e-06
GMRES solver converged in 13 iterations (avg. reduction factor: 2.401e-01)
  Residual norms for GMRES solve
  0 (restart 0) KSP residual norm 3.008767e+01
  1 (restart 0) KSP residual norm 1.769024e+01
  2 (restart 0) KSP residual norm 5.479722e+00
  3 (restart 0) KSP residual norm 6.666245e-01
  4 (restart 0) KSP residual norm 2.280514e-01
  5 (restart 0) KSP residual norm 3.920422e-02
  6 (restart 0) KSP residual norm 1.221039e-02
  7 (restart 0) KSP residual norm 2.240961e-03
  8 (restart 0) KSP residual norm 6.300239e-04
  9 (restart 0) KSP residual norm 1.472895e-04
 10 (restart 0) KSP residual norm 4.747237e-05
 11 (restart 0) KSP residual norm 9.959585e-06
 12 (restart 0) KSP residual norm 2.914983e-06
 13 (restart 0) KSP residual norm 6.527890e-07
 14 (restart 0) KSP residual norm 1.731713e-07
GMRES solver converged in 14 iterations (avg. reduction factor: 2.579e-01)
  Residual norms for GMRES solve
  0 (restart 0) KSP residual norm 1.066480e+01
  1 (restart 0) KSP residual norm 7.913130e+00
  2 (restart 0) KSP residual norm 3.174625e+00
  3 (restart 0) KSP residual norm 7.489560e-01
  4 (restart 0) KSP residual norm 2.861725e-01
  5 (restart 0) KSP residual norm 6.148114e-02
  6 (restart 0) KSP residual norm 1.571125e-02
  7 (restart 0) KSP residual norm 2.755280e-03
  8 (restart 0) KSP residual norm 7.097981e-04
  9 (restart 0) KSP residual norm 1.552512e-04
 10 (restart 0) KSP residual norm 4.729844e-05
 11 (restart 0) KSP residual norm 1.079903e-05
 12 (restart 0) KSP residual norm 3.032853e-06
 13 (restart 0) KSP residual norm 7.424540e-07
 14 (restart 0) KSP residual norm 2.037772e-07
 15 (restart 0) KSP residual norm 4.616169e-08
GMRES solver converged in 15 iterations (avg. reduction factor: 2.770e-01)
  Residual norms for GMRES solve
  0 (restart 0) KSP residual norm 5.278505e+01
  1 (restart 0) KSP residual norm 5.103698e+01
  2 (restart 0) KSP residual norm 7.985179e+00
  3 (restart 0) KSP residual norm 2.197438e+00
  4 (restart 0) KSP residual norm 3.479658e-01
  5 (restart 0) KSP residual norm 9.214387e-02
  6 (restart 0) KSP residual norm 1.928581e-02
  7 (restart 0) KSP residual norm 5.894250e-03
  8 (restart 0) KSP residual norm 1.359689e-03
  9 (restart 0) KSP residual norm 3.560526e-04
 10 (restart 0) KSP residual norm 1.119889e-04
 11 (restart 0) KSP residual norm 2.072771e-05
 12 (restart 0) KSP residual norm 6.588194e-06
 13 (restart 0) KSP residual norm 1.560367e-06
 14 (restart 0) KSP residual norm 4.224317e-07
GMRES solver converged in 14 iterations (avg. reduction factor: 2.640e-01)
  Residual norms for GMRES solve
  0 (restart 0) KSP residual norm 5.307446e+01
  1 (restart 0) KSP residual norm 4.551839e+01
  2 (restart 0) KSP residual norm 8.103120e+00
  3 (restart 0) KSP residual norm 1.611721e+00
  4 (restart 0) KSP residual norm 2.865829e-01
  5 (restart 0) KSP residual norm 7.538226e-02
  6 (restart 0) KSP residual norm 1.856413e-02
  7 (restart 0) KSP residual norm 4.564771e-03
  8 (restart 0) KSP residual norm 1.209804e-03
  9 (restart 0) KSP residual norm 2.819143e-04
 10 (restart 0) KSP residual norm 9.414311e-05
 11 (restart 0) KSP residual norm 2.245079e-05
 12 (restart 0) KSP residual norm 5.981521e-06
 13 (restart 0) KSP residual norm 1.413019e-06
 14 (restart 0) KSP residual norm 3.668032e-07
GMRES solver converged in 14 iterations (avg. reduction factor: 2.613e-01)
  Residual norms for GMRES solve
  0 (restart 0) KSP residual norm 1.407222e+01
  1 (restart 0) KSP residual norm 1.031501e+01
  2 (restart 0) KSP residual norm 4.394242e+00
  3 (restart 0) KSP residual norm 1.563634e+00
  4 (restart 0) KSP residual norm 2.213431e-01
  5 (restart 0) KSP residual norm 5.894133e-02
  6 (restart 0) KSP residual norm 9.979391e-03
  7 (restart 0) KSP residual norm 2.646678e-03
  8 (restart 0) KSP residual norm 7.272169e-04
  9 (restart 0) KSP residual norm 1.584932e-04
 10 (restart 0) KSP residual norm 5.122541e-05
 11 (restart 0) KSP residual norm 1.086861e-05
 12 (restart 0) KSP residual norm 3.409701e-06
 13 (restart 0) KSP residual norm 7.772729e-07
 14 (restart 0) KSP residual norm 2.315689e-07
 15 (restart 0) KSP residual norm 5.476942e-08
GMRES solver converged in 15 iterations (avg. reduction factor: 2.750e-01)
  Residual norms for GMRES solve
  0 (restart 0) KSP residual norm 7.832215e+00
  1 (restart 0) KSP residual norm 7.512704e+00
  2 (restart 0) KSP residual norm 3.812033e+00
  3 (restart 0) KSP residual norm 6.079366e-01
  4 (restart 0) KSP residual norm 1.655073e-01
  5 (restart 0) KSP residual norm 4.417344e-02
  6 (restart 0) KSP residual norm 7.963061e-03
  7 (restart 0) KSP residual norm 2.020651e-03
  8 (restart 0) KSP residual norm 5.630277e-04
  9 (restart 0) KSP residual norm 1.346346e-04
 10 (restart 0) KSP residual norm 3.471099e-05
 11 (restart 0) KSP residual norm 8.382030e-06
 12 (restart 0) KSP residual norm 2.202210e-06
 13 (restart 0) KSP residual norm 5.819966e-07
 14 (restart 0) KSP residual norm 1.662673e-07
 15 (restart 0) KSP residual norm 4.208048e-08
GMRES solver converged in 15 iterations (avg. reduction factor: 2.810e-01)
  Residual norms for GMRES solve
  0 (restart 0) KSP residual norm 6.938684e+00
  1 (restart 0) KSP residual norm 6.542487e+00
  2 (restart 0) KSP residual norm 2.836858e+00
  3 (restart 0) KSP residual norm 2.812520e-01
  4 (restart 0) KSP residual norm 8.413557e-02
  5 (restart 0) KSP residual norm 2.317143e-02
  6 (restart 0) KSP residual norm 6.794788e-03
  7 (restart 0) KSP residual norm 1.692949e-03
  8 (restart 0) KSP residual norm 5.682911e-04
  9 (restart 0) KSP residual norm 1.230201e-04
 10 (restart 0) KSP residual norm 3.058215e-05
 11 (restart 0) KSP residual norm 7.239952e-06
 12 (restart 0) KSP residual norm 1.717409e-06
 13 (restart 0) KSP residual norm 4.585059e-07
 14 (restart 0) KSP residual norm 1.193203e-07
 15 (restart 0) KSP residual norm 3.139406e-08
GMRES solver converged in 15 iterations (avg. reduction factor: 2.778e-01)
  Residual norms for GMRES solve
  0 (restart 0) KSP residual norm 8.866870e+00
  1 (restart 0) KSP residual norm 4.693641e+00
  2 (restart 0) KSP residual norm 3.068223e+00
  3 (restart 0) KSP residual norm 7.230034e-01
  4 (restart 0) KSP residual norm 1.294487e-01
  5 (restart 0) KSP residual norm 2.530470e-02
  6 (restart 0) KSP residual norm 7.120509e-03
  7 (restart 0) KSP residual norm 1.679776e-03
  8 (restart 0) KSP residual norm 4.649273e-04
  9 (restart 0) KSP residual norm 1.312875e-04
 10 (restart 0) KSP residual norm 3.884748e-05
 11 (restart 0) KSP residual norm 9.119615e-06
 12 (restart 0) KSP residual norm 2.295680e-06
 13 (restart 0) KSP residual norm 5.710609e-07
 14 (restart 0) KSP residual norm 1.515298e-07
 15 (restart 0) KSP residual norm 3.623040e-08
GMRES solver converged in 15 iterations (avg. reduction factor: 2.759e-01)
  Residual norms for GMRES solve
  0 (restart 0) KSP residual norm 1.321760e+01
  1 (restart 0) KSP residual norm 1.267607e+01
  2 (restart 0) KSP residual norm 5.266830e+00
  3 (restart 0) KSP residual norm 1.161978e+00
  4 (restart 0) KSP residual norm 2.102817e-01
  5 (restart 0) KSP residual norm 4.484961e-02
  6 (restart 0) KSP residual norm 1.181040e-02
  7 (restart 0) KSP residual norm 1.967453e-03
  8 (restart 0) KSP residual norm 6.617954e-04
  9 (restart 0) KSP residual norm 1.627609e-04
 10 (restart 0) KSP residual norm 4.347238e-05
 11 (restart 0) KSP residual norm 1.080663e-05
 12 (restart 0) KSP residual norm 2.857863e-06
 13 (restart 0) KSP residual norm 7.204065e-07
 14 (restart 0) KSP residual norm 1.734897e-07
 15 (restart 0) KSP residual norm 4.212843e-08
GMRES solver converged in 15 iterations (avg. reduction factor: 2.714e-01)
  Residual norms for GMRES solve
  0 (restart 0) KSP residual norm 1.234062e+01
  1 (restart 0) KSP residual norm 7.426973e+00
  2 (restart 0) KSP residual norm 5.086189e+00
  3 (restart 0) KSP residual norm 1.086218e+00
  4 (restart 0) KSP residual norm 3.017656e-01
  5 (restart 0) KSP residual norm 5.256187e-02
  6 (restart 0) KSP residual norm 1.600124e-02
  7 (restart 0) KSP residual norm 2.800208e-03
  8 (restart 0) KSP residual norm 7.757693e-04
  9 (restart 0) KSP residual norm 1.703837e-04
 10 (restart 0) KSP residual norm 4.940886e-05
 11 (restart 0) KSP residual norm 1.177282e-05
 12 (restart 0) KSP residual norm 3.497888e-06
 13 (restart 0) KSP residual norm 8.793767e-07
 14 (restart 0) KSP residual norm 2.172041e-07
 15 (restart 0) KSP residual norm 5.248276e-08
GMRES solver converged in 15 iterations (avg. reduction factor: 2.766e-01)
  Residual norms for GMRES solve
  0 (restart 0) KSP residual norm 1.030773e+01
  1 (restart 0) KSP residual norm 9.529678e+00
  2 (restart 0) KSP residual norm 4.764884e+00
  3 (restart 0) KSP residual norm 1.088476e+00
  4 (restart 0) KSP residual norm 2.247408e-01
  5 (restart 0) KSP residual norm 4.964209e-02
  6 (restart 0) KSP residual norm 1.174392e-02
  7 (restart 0) KSP residual norm 2.490526e-03
  8 (restart 0) KSP residual norm 6.459475e-04
  9 (restart 0) KSP residual norm 2.031992e-04
 10 (restart 0) KSP residual norm 5.027301e-05
 11 (restart 0) KSP residual norm 1.343292e-05
 12 (restart 0) KSP residual norm 2.758884e-06
 13 (restart 0) KSP residual norm 7.254037e-07
 14 (restart 0) KSP residual norm 1.677480e-07
 15 (restart 0) KSP residual norm 4.718120e-08
GMRES solver converged in 15 iterations (avg. reduction factor: 2.780e-01)
  Residual norms for GMRES solve
  0 (restart 0) KSP residual norm 1.122318e+01
  1 (restart 0) KSP residual norm 8.957652e+00
  2 (restart 0) KSP residual norm 3.797013e+00
  3 (restart 0) KSP residual norm 1.119160e+00
  4 (restart 0) KSP residual norm 1.905327e-01
  5 (restart 0) KSP residual norm 3.180657e-02
  6 (restart 0) KSP residual norm 9.291128e-03
  7 (restart 0) KSP residual norm 1.798438e-03
  8 (restart 0) KSP residual norm 5.163812e-04
  9 (restart 0) KSP residual norm 1.311225e-04
 10 (restart 0) KSP residual norm 3.213632e-05
 11 (restart 0) KSP residual norm 9.710119e-06
 12 (restart 0) KSP residual norm 2.168678e-06
 13 (restart 0) KSP residual norm 5.791120e-07
 14 (restart 0) KSP residual norm 1.517225e-07
 15 (restart 0) KSP residual norm 3.923339e-08
GMRES solver converged in 15 iterations (avg. reduction factor: 2.730e-01)
  Residual norms for GMRES solve
  0 (restart 0) KSP residual norm 9.869147e+00
  1 (restart 0) KSP residual norm 6.509822e+00
  2 (restart 0) KSP residual norm 4.425795e+00
  3 (restart 0) KSP residual norm 5.606090e-01
  4 (restart 0) KSP residual norm 2.130088e-01
  5 (restart 0) KSP residual norm 3.746980e-02
  6 (restart 0) KSP residual norm 8.011465e-03
  7 (restart 0) KSP residual norm 1.957239e-03
  8 (restart 0) KSP residual norm 4.826709e-04
  9 (restart 0) KSP residual norm 1.233337e-04
 10 (restart 0) KSP residual norm 3.569739e-05
 11 (restart 0) KSP residual norm 7.645341e-06
 12 (restart 0) KSP residual norm 1.680089e-06
 13 (restart 0) KSP residual norm 5.122804e-07
 14 (restart 0) KSP residual norm 1.368727e-07
 15 (restart 0) KSP residual norm 4.122106e-08
GMRES solver converged in 15 iterations (avg. reduction factor: 2.763e-01)
  Residual norms for GMRES solve
  0 (restart 0) KSP residual norm 9.237798e+00
  1 (restart 0) KSP residual norm 5.768965e+00
  2 (restart 0) KSP residual norm 4.566021e+00
  3 (restart 0) KSP residual norm 1.235915e+00
  4 (restart 0) KSP residual norm 2.118583e-01
  5 (restart 0) KSP residual norm 4.165074e-02
  6 (restart 0) KSP residual norm 6.710471e-03
  7 (restart 0) KSP residual norm 1.713911e-03
  8 (restart 0) KSP residual norm 4.591889e-04
  9 (restart 0) KSP residual norm 1.386950e-04
 10 (restart 0) KSP residual norm 3.538644e-05
 11 (restart 0) KSP residual norm 9.202541e-06
 12 (restart 0) KSP residual norm 2.274855e-06
 13 (restart 0) KSP residual norm 5.003492e-07
 14 (restart 0) KSP residual norm 1.421479e-07
 15 (restart 0) KSP residual norm 3.559525e-08
GMRES solver converged in 15 iterations (avg. reduction factor: 2.748e-01)
  Residual norms for GMRES solve
  0 (restart 0) KSP residual norm 8.161734e+00
  1 (restart 0) KSP residual norm 6.842295e+00
  2 (restart 0) KSP residual norm 4.275548e+00
  3 (restart 0) KSP residual norm 6.311240e-01
  4 (restart 0) KSP residual norm 2.128779e-01
  5 (restart 0) KSP residual norm 5.247206e-02
  6 (restart 0) KSP residual norm 7.367872e-03
  7 (restart 0) KSP residual norm 1.998687e-03
  8 (restart 0) KSP residual norm 5.228032e-04
  9 (restart 0) KSP residual norm 1.521895e-04
 10 (restart 0) KSP residual norm 4.530348e-05
 11 (restart 0) KSP residual norm 9.511585e-06
 12 (restart 0) KSP residual norm 2.675426e-06
 13 (restart 0) KSP residual norm 4.608701e-07
 14 (restart 0) KSP residual norm 1.350937e-07
 15 (restart 0) KSP residual norm 2.879401e-08
GMRES solver converged in 15 iterations (avg. reduction factor: 2.732e-01)
  Residual norms for GMRES solve
  0 (restart 0) KSP residual norm 6.179194e+00
  1 (restart 0) KSP residual norm 3.126585e+00
  2 (restart 0) KSP residual norm 2.672448e+00
  3 (restart 0) KSP residual norm 6.353196e-01
  4 (restart 0) KSP residual norm 1.498924e-01
  5 (restart 0) KSP residual norm 4.373246e-02
  6 (restart 0) KSP residual norm 6.678404e-03
  7 (restart 0) KSP residual norm 1.922953e-03
  8 (restart 0) KSP residual norm 3.786391e-04
  9 (restart 0) KSP residual norm 8.577307e-05
 10 (restart 0) KSP residual norm 1.982233e-05
 11 (restart 0) KSP residual norm 4.826494e-06
 12 (restart 0) KSP residual norm 1.198783e-06
 13 (restart 0) KSP residual norm 2.584080e-07
 14 (restart 0) KSP residual norm 7.399434e-08
 15 (restart 0) KSP residual norm 1.964669e-08
GMRES solver converged in 15 iterations (avg. reduction factor: 2.713e-01)
  Residual norms for GMRES solve
  0 (restart 0) KSP residual norm 6.105971e+00
  1 (restart 0) KSP residual norm 5.956695e+00
  2 (restart 0) KSP residual norm 2.683595e+00
  3 (restart 0) KSP residual norm 6.470239e-01
  4 (restart 0) KSP residual norm 8.434537e-02
  5 (restart 0) KSP residual norm 1.762352e-02
  6 (restart 0) KSP residual norm 4.365374e-03
  7 (restart 0) KSP residual norm 1.016507e-03
  8 (restart 0) KSP residual norm 2.368926e-04
  9 (restart 0) KSP residual norm 4.496764e-05
 10 (restart 0) KSP residual norm 1.435907e-05
 11 (restart 0) KSP residual norm 3.293301e-06
 12 (restart 0) KSP residual norm 9.094828e-07
 13 (restart 0) KSP residual norm 2.343270e-07
 14 (restart 0) KSP residual norm 6.882054e-08
 15 (restart 0) KSP residual norm 1.639229e-08
GMRES solver converged in 15 iterations (avg. reduction factor: 2.683e-01)
  1 EPS nconv=5 first unconverged value (error) -5.46442e-06+0.343479i (4.71696885e-03)
  Residual norms for GMRES solve
  0 (restart 0) KSP residual norm 9.916492e+00
  1 (restart 0) KSP residual norm 9.541433e+00
  2 (restart 0) KSP residual norm 2.620352e+00
  3 (restart 0) KSP residual norm 4.970076e-01
  4 (restart 0) KSP residual norm 9.794440e-02
  5 (restart 0) KSP residual norm 2.730398e-02
  6 (restart 0) KSP residual norm 5.714574e-03
  7 (restart 0) KSP residual norm 1.121649e-03
  8 (restart 0) KSP residual norm 3.025076e-04
  9 (restart 0) KSP residual norm 8.428067e-05
 10 (restart 0) KSP residual norm 2.416313e-05
 11 (restart 0) KSP residual norm 5.625843e-06
 12 (restart 0) KSP residual norm 1.399729e-06
 13 (restart 0) KSP residual norm 3.323336e-07
 14 (restart 0) KSP residual norm 9.617978e-08
GMRES solver converged in 14 iterations (avg. reduction factor: 2.677e-01)
  Residual norms for GMRES solve
  0 (restart 0) KSP residual norm 7.579362e+00
  1 (restart 0) KSP residual norm 4.740446e+00
  2 (restart 0) KSP residual norm 2.416781e+00
  3 (restart 0) KSP residual norm 7.880750e-01
  4 (restart 0) KSP residual norm 1.397464e-01
  5 (restart 0) KSP residual norm 2.790795e-02
  6 (restart 0) KSP residual norm 7.330839e-03
  7 (restart 0) KSP residual norm 1.687390e-03
  8 (restart 0) KSP residual norm 4.901289e-04
  9 (restart 0) KSP residual norm 1.220734e-04
 10 (restart 0) KSP residual norm 3.352404e-05
 11 (restart 0) KSP residual norm 8.335542e-06
 12 (restart 0) KSP residual norm 2.085422e-06
 13 (restart 0) KSP residual norm 5.024163e-07
 14 (restart 0) KSP residual norm 1.263630e-07
 15 (restart 0) KSP residual norm 3.063104e-08
GMRES solver converged in 15 iterations (avg. reduction factor: 2.757e-01)
  Residual norms for GMRES solve
  0 (restart 0) KSP residual norm 7.657207e+00
  1 (restart 0) KSP residual norm 7.607966e+00
  2 (restart 0) KSP residual norm 3.079345e+00
  3 (restart 0) KSP residual norm 7.618830e-01
  4 (restart 0) KSP residual norm 1.988793e-01
  5 (restart 0) KSP residual norm 3.184899e-02
  6 (restart 0) KSP residual norm 8.677885e-03
  7 (restart 0) KSP residual norm 1.504518e-03
  8 (restart 0) KSP residual norm 4.767006e-04
  9 (restart 0) KSP residual norm 1.453933e-04
 10 (restart 0) KSP residual norm 3.711901e-05
 11 (restart 0) KSP residual norm 1.104557e-05
 12 (restart 0) KSP residual norm 2.262685e-06
 13 (restart 0) KSP residual norm 5.808993e-07
 14 (restart 0) KSP residual norm 1.559056e-07
 15 (restart 0) KSP residual norm 4.459013e-08
GMRES solver converged in 15 iterations (avg. reduction factor: 2.825e-01)
  Residual norms for GMRES solve
  0 (restart 0) KSP residual norm 6.907857e+00
  1 (restart 0) KSP residual norm 5.273654e+00
  2 (restart 0) KSP residual norm 2.865004e+00
  3 (restart 0) KSP residual norm 1.003298e+00
  4 (restart 0) KSP residual norm 1.397103e-01
  5 (restart 0) KSP residual norm 2.148923e-02
  6 (restart 0) KSP residual norm 7.983807e-03
  7 (restart 0) KSP residual norm 1.265121e-03
  8 (restart 0) KSP residual norm 3.617248e-04
  9 (restart 0) KSP residual norm 9.007269e-05
 10 (restart 0) KSP residual norm 2.598856e-05
 11 (restart 0) KSP residual norm 6.262750e-06
 12 (restart 0) KSP residual norm 1.553211e-06
 13 (restart 0) KSP residual norm 4.190273e-07
 14 (restart 0) KSP residual norm 1.058005e-07
 15 (restart 0) KSP residual norm 2.729278e-08
GMRES solver converged in 15 iterations (avg. reduction factor: 2.753e-01)
  Residual norms for GMRES solve
  0 (restart 0) KSP residual norm 1.040521e+01
  1 (restart 0) KSP residual norm 9.230244e+00
  2 (restart 0) KSP residual norm 4.099164e+00
  3 (restart 0) KSP residual norm 1.144459e+00
  4 (restart 0) KSP residual norm 1.874344e-01
  5 (restart 0) KSP residual norm 3.120350e-02
  6 (restart 0) KSP residual norm 9.067160e-03
  7 (restart 0) KSP residual norm 1.933254e-03
  8 (restart 0) KSP residual norm 6.430065e-04
  9 (restart 0) KSP residual norm 1.557239e-04
 10 (restart 0) KSP residual norm 3.954528e-05
 11 (restart 0) KSP residual norm 9.043096e-06
 12 (restart 0) KSP residual norm 2.133038e-06
 13 (restart 0) KSP residual norm 4.871262e-07
 14 (restart 0) KSP residual norm 1.225723e-07
 15 (restart 0) KSP residual norm 3.150706e-08
GMRES solver converged in 15 iterations (avg. reduction factor: 2.704e-01)
  Residual norms for GMRES solve
  0 (restart 0) KSP residual norm 8.851331e+00
  1 (restart 0) KSP residual norm 6.508000e+00
  2 (restart 0) KSP residual norm 3.608276e+00
  3 (restart 0) KSP residual norm 8.494574e-01
  4 (restart 0) KSP residual norm 1.484548e-01
  5 (restart 0) KSP residual norm 2.550484e-02
  6 (restart 0) KSP residual norm 6.337508e-03
  7 (restart 0) KSP residual norm 1.136647e-03
  8 (restart 0) KSP residual norm 3.477108e-04
  9 (restart 0) KSP residual norm 7.913570e-05
 10 (restart 0) KSP residual norm 2.466372e-05
 11 (restart 0) KSP residual norm 5.357346e-06
 12 (restart 0) KSP residual norm 1.214502e-06
 13 (restart 0) KSP residual norm 3.712200e-07
 14 (restart 0) KSP residual norm 1.149551e-07
 15 (restart 0) KSP residual norm 2.874516e-08
GMRES solver converged in 15 iterations (avg. reduction factor: 2.717e-01)
  Residual norms for GMRES solve
  0 (restart 0) KSP residual norm 9.429719e+00
  1 (restart 0) KSP residual norm 8.705135e+00
  2 (restart 0) KSP residual norm 3.165421e+00
  3 (restart 0) KSP residual norm 5.852611e-01
  4 (restart 0) KSP residual norm 1.596066e-01
  5 (restart 0) KSP residual norm 3.254266e-02
  6 (restart 0) KSP residual norm 9.393725e-03
  7 (restart 0) KSP residual norm 1.758903e-03
  8 (restart 0) KSP residual norm 6.040699e-04
  9 (restart 0) KSP residual norm 1.130787e-04
 10 (restart 0) KSP residual norm 3.733427e-05
 11 (restart 0) KSP residual norm 9.498052e-06
 12 (restart 0) KSP residual norm 2.342678e-06
 13 (restart 0) KSP residual norm 6.297190e-07
 14 (restart 0) KSP residual norm 1.577876e-07
 15 (restart 0) KSP residual norm 3.579500e-08
GMRES solver converged in 15 iterations (avg. reduction factor: 2.746e-01)
  Residual norms for GMRES solve
  0 (restart 0) KSP residual norm 9.895334e+00
  1 (restart 0) KSP residual norm 9.364406e+00
  2 (restart 0) KSP residual norm 3.362150e+00
  3 (restart 0) KSP residual norm 1.001016e+00
  4 (restart 0) KSP residual norm 1.173973e-01
  5 (restart 0) KSP residual norm 2.718548e-02
  6 (restart 0) KSP residual norm 6.292933e-03
  7 (restart 0) KSP residual norm 1.596279e-03
  8 (restart 0) KSP residual norm 3.879511e-04
  9 (restart 0) KSP residual norm 9.634180e-05
 10 (restart 0) KSP residual norm 2.698739e-05
 11 (restart 0) KSP residual norm 6.834072e-06
 12 (restart 0) KSP residual norm 2.373077e-06
 13 (restart 0) KSP residual norm 5.431971e-07
 14 (restart 0) KSP residual norm 1.369193e-07
 15 (restart 0) KSP residual norm 3.176123e-08
GMRES solver converged in 15 iterations (avg. reduction factor: 2.715e-01)
  Residual norms for GMRES solve
  0 (restart 0) KSP residual norm 8.637051e+00
  1 (restart 0) KSP residual norm 8.050376e+00
  2 (restart 0) KSP residual norm 2.107176e+00
  3 (restart 0) KSP residual norm 6.670961e-01
  4 (restart 0) KSP residual norm 1.068199e-01
  5 (restart 0) KSP residual norm 2.325424e-02
  6 (restart 0) KSP residual norm 5.130124e-03
  7 (restart 0) KSP residual norm 1.212433e-03
  8 (restart 0) KSP residual norm 3.188098e-04
  9 (restart 0) KSP residual norm 8.837672e-05
 10 (restart 0) KSP residual norm 2.393446e-05
 11 (restart 0) KSP residual norm 6.248171e-06
 12 (restart 0) KSP residual norm 1.658685e-06
 13 (restart 0) KSP residual norm 4.467154e-07
 14 (restart 0) KSP residual norm 1.212102e-07
 15 (restart 0) KSP residual norm 2.985733e-08
GMRES solver converged in 15 iterations (avg. reduction factor: 2.728e-01)
  2 EPS nconv=8 first unconverged value (error) -5.82865e-06+0.374825i (1.63302833e-03)

 Linear eigensolve converged (8 eigenpairs) due to CONVERGED_TOL; iterations 2
 Total number of linear systems solved: 32
 Total number of linear solver iterations: 471
 Found 8 converged eigenvalues (first = -2.079e-04+8.759e+00i)

 Refining eigenvalues with Quasi-Newton solver
  Residual norms for GMRES solve
  0 (restart 0) KSP residual norm 8.661642e+00
  1 (restart 0) KSP residual norm 1.119080e+00
  2 (restart 0) KSP residual norm 9.806128e-01
  3 (restart 0) KSP residual norm 3.120428e-01
  4 (restart 0) KSP residual norm 1.935504e-01
  5 (restart 0) KSP residual norm 1.439235e-01
  6 (restart 0) KSP residual norm 1.375124e-01
  7 (restart 0) KSP residual norm 1.252895e-01
  8 (restart 0) KSP residual norm 1.049709e-01
  9 (restart 0) KSP residual norm 7.061549e-02
 10 (restart 0) KSP residual norm 5.714615e-02
 11 (restart 0) KSP residual norm 5.394044e-02
 12 (restart 0) KSP residual norm 5.347976e-02
 13 (restart 0) KSP residual norm 5.088986e-02
 14 (restart 0) KSP residual norm 4.716084e-02
 15 (restart 0) KSP residual norm 4.659990e-02
 16 (restart 0) KSP residual norm 4.592422e-02
 17 (restart 0) KSP residual norm 4.572729e-02
 18 (restart 0) KSP residual norm 4.553594e-02
 19 (restart 0) KSP residual norm 3.992522e-02
 20 (restart 0) KSP residual norm 1.948817e-02
 21 (restart 0) KSP residual norm 5.100968e-03
 22 (restart 0) KSP residual norm 1.139806e-03
 23 (restart 0) KSP residual norm 3.035404e-04
GMRES solver converged in 23 iterations (avg. reduction factor: 6.402e-01)
0 NLEPS (nconv=0, restart=0) residual norm 7.382991e-04
  Residual norms for GMRES solve
  0 (restart 0) KSP residual norm 4.103010e-06
  1 (restart 0) KSP residual norm 1.069647e-06
  2 (restart 0) KSP residual norm 8.697303e-07
  3 (restart 0) KSP residual norm 7.392421e-07
  4 (restart 0) KSP residual norm 4.903132e-07
  5 (restart 0) KSP residual norm 4.737645e-07
  6 (restart 0) KSP residual norm 3.630884e-07
  7 (restart 0) KSP residual norm 3.240559e-07
  8 (restart 0) KSP residual norm 3.190068e-07
  9 (restart 0) KSP residual norm 3.163703e-07
 10 (restart 0) KSP residual norm 3.160537e-07
 11 (restart 0) KSP residual norm 3.132936e-07
 12 (restart 0) KSP residual norm 3.056067e-07
 13 (restart 0) KSP residual norm 2.958469e-07
 14 (restart 0) KSP residual norm 2.948141e-07
 15 (restart 0) KSP residual norm 2.933445e-07
 16 (restart 0) KSP residual norm 2.923685e-07
 17 (restart 0) KSP residual norm 2.912850e-07
 18 (restart 0) KSP residual norm 2.437677e-07
 19 (restart 0) KSP residual norm 8.630063e-08
 20 (restart 0) KSP residual norm 2.176571e-08
 21 (restart 0) KSP residual norm 5.590903e-09
 22 (restart 0) KSP residual norm 1.281241e-09
 23 (restart 0) KSP residual norm 3.422778e-10
GMRES solver converged in 23 iterations (avg. reduction factor: 6.648e-01)
1 NLEPS (nconv=0, restart=0) residual norm 2.229288e-06
  Residual norms for GMRES solve
  0 (restart 0) KSP residual norm 1.015781e-09
  1 (restart 0) KSP residual norm 8.466853e-10
  2 (restart 0) KSP residual norm 6.167156e-10
  3 (restart 0) KSP residual norm 4.729572e-10
  4 (restart 0) KSP residual norm 4.589373e-10
  5 (restart 0) KSP residual norm 4.549950e-10
  6 (restart 0) KSP residual norm 4.033669e-10
  7 (restart 0) KSP residual norm 3.823345e-10
  8 (restart 0) KSP residual norm 3.588137e-10
  9 (restart 0) KSP residual norm 3.349174e-10
 10 (restart 0) KSP residual norm 2.718736e-10
 11 (restart 0) KSP residual norm 1.536107e-10
 12 (restart 0) KSP residual norm 1.208402e-10
 13 (restart 0) KSP residual norm 1.176203e-10
 14 (restart 0) KSP residual norm 1.155228e-10
 15 (restart 0) KSP residual norm 1.146599e-10
 16 (restart 0) KSP residual norm 1.090206e-10
 17 (restart 0) KSP residual norm 9.756296e-11
 18 (restart 0) KSP residual norm 9.489993e-11
 19 (restart 0) KSP residual norm 9.154830e-11
 20 (restart 0) KSP residual norm 8.611973e-11
 21 (restart 0) KSP residual norm 4.659684e-11
 22 (restart 0) KSP residual norm 1.201674e-11
 23 (restart 0) KSP residual norm 3.327519e-12
 24 (restart 0) KSP residual norm 7.235582e-13
GMRES solver converged in 24 iterations (avg. reduction factor: 7.394e-01)
2 NLEPS (nconv=0, restart=0) residual norm 6.121260e-09
Eigenvalue 0, Quasi-Newton converged in 2 iterations (-2.077e-04+8.759e+00i).
  Residual norms for GMRES solve
  0 (restart 0) KSP residual norm 8.660216e+00
  1 (restart 0) KSP residual norm 1.105085e+00
  2 (restart 0) KSP residual norm 9.884295e-01
  3 (restart 0) KSP residual norm 3.309732e-01
  4 (restart 0) KSP residual norm 1.946431e-01
  5 (restart 0) KSP residual norm 1.703673e-01
  6 (restart 0) KSP residual norm 1.702649e-01
  7 (restart 0) KSP residual norm 1.521586e-01
  8 (restart 0) KSP residual norm 1.220461e-01
  9 (restart 0) KSP residual norm 7.900217e-02
 10 (restart 0) KSP residual norm 6.059338e-02
 11 (restart 0) KSP residual norm 4.892753e-02
 12 (restart 0) KSP residual norm 4.016274e-02
 13 (restart 0) KSP residual norm 3.563366e-02
 14 (restart 0) KSP residual norm 2.897860e-02
 15 (restart 0) KSP residual norm 2.809043e-02
 16 (restart 0) KSP residual norm 2.765267e-02
 17 (restart 0) KSP residual norm 2.712344e-02
 18 (restart 0) KSP residual norm 2.709277e-02
 19 (restart 0) KSP residual norm 2.660782e-02
 20 (restart 0) KSP residual norm 1.860789e-02
 21 (restart 0) KSP residual norm 5.904283e-03
 22 (restart 0) KSP residual norm 1.339394e-03
 23 (restart 0) KSP residual norm 3.561141e-04
GMRES solver converged in 23 iterations (avg. reduction factor: 6.446e-01)
0 NLEPS (nconv=1, restart=0) residual norm 1.065367e-01
  Residual norms for GMRES solve
  0 (restart 0) KSP residual norm 8.415108e+00
  1 (restart 0) KSP residual norm 2.303900e+00
  2 (restart 0) KSP residual norm 1.796003e+00
  3 (restart 0) KSP residual norm 1.535275e+00
  4 (restart 0) KSP residual norm 8.615465e-01
  5 (restart 0) KSP residual norm 7.889279e-01
  6 (restart 0) KSP residual norm 5.619160e-01
  7 (restart 0) KSP residual norm 4.584081e-01
  8 (restart 0) KSP residual norm 4.046765e-01
  9 (restart 0) KSP residual norm 3.541613e-01
 10 (restart 0) KSP residual norm 1.252655e-01
 11 (restart 0) KSP residual norm 3.237200e-02
 12 (restart 0) KSP residual norm 7.962880e-03
 13 (restart 0) KSP residual norm 3.758023e-03
 14 (restart 0) KSP residual norm 3.202353e-03
 15 (restart 0) KSP residual norm 3.173534e-03
 16 (restart 0) KSP residual norm 3.170195e-03
 17 (restart 0) KSP residual norm 3.170151e-03
 18 (restart 0) KSP residual norm 3.127094e-03
 19 (restart 0) KSP residual norm 3.126878e-03
 20 (restart 0) KSP residual norm 3.093241e-03
 21 (restart 0) KSP residual norm 2.909232e-03
 22 (restart 0) KSP residual norm 1.771506e-03
 23 (restart 0) KSP residual norm 4.656737e-04
GMRES solver converged in 23 iterations (avg. reduction factor: 6.530e-01)
1 NLEPS (nconv=1, restart=0) residual norm 6.498797e-04
  Residual norms for GMRES solve
  0 (restart 0) KSP residual norm 1.431548e-07
  1 (restart 0) KSP residual norm 1.060971e-07
  2 (restart 0) KSP residual norm 9.312337e-08
  3 (restart 0) KSP residual norm 8.936303e-08
  4 (restart 0) KSP residual norm 8.745234e-08
  5 (restart 0) KSP residual norm 6.661180e-08
  6 (restart 0) KSP residual norm 4.871089e-08
  7 (restart 0) KSP residual norm 4.572207e-08
  8 (restart 0) KSP residual norm 4.470268e-08
  9 (restart 0) KSP residual norm 3.559088e-08
 10 (restart 0) KSP residual norm 1.159775e-08
 11 (restart 0) KSP residual norm 3.259631e-09
 12 (restart 0) KSP residual norm 8.420065e-10
 13 (restart 0) KSP residual norm 2.605931e-10
 14 (restart 0) KSP residual norm 9.033734e-11
 15 (restart 0) KSP residual norm 6.440623e-11
 16 (restart 0) KSP residual norm 5.729279e-11
 17 (restart 0) KSP residual norm 5.385101e-11
 18 (restart 0) KSP residual norm 5.188160e-11
 19 (restart 0) KSP residual norm 5.063528e-11
 20 (restart 0) KSP residual norm 5.056288e-11
 21 (restart 0) KSP residual norm 5.018875e-11
 22 (restart 0) KSP residual norm 4.957863e-11
 23 (restart 0) KSP residual norm 4.739314e-11
 24 (restart 0) KSP residual norm 3.063298e-11
 25 (restart 0) KSP residual norm 9.250182e-12
GMRES solver converged in 25 iterations (avg. reduction factor: 6.799e-01)
2 NLEPS (nconv=1, restart=0) residual norm 1.472173e-07
  Residual norms for GMRES solve
  0 (restart 0) KSP residual norm 3.052554e-10
  1 (restart 0) KSP residual norm 9.531841e-11
  2 (restart 0) KSP residual norm 8.254492e-11
  3 (restart 0) KSP residual norm 6.513401e-11
  4 (restart 0) KSP residual norm 5.234917e-11
  5 (restart 0) KSP residual norm 5.031748e-11
  6 (restart 0) KSP residual norm 4.287119e-11
  7 (restart 0) KSP residual norm 3.850316e-11
  8 (restart 0) KSP residual norm 3.758095e-11
  9 (restart 0) KSP residual norm 3.552956e-11
 10 (restart 0) KSP residual norm 3.422192e-11
 11 (restart 0) KSP residual norm 3.307808e-11
 12 (restart 0) KSP residual norm 3.131872e-11
 13 (restart 0) KSP residual norm 3.036057e-11
 14 (restart 0) KSP residual norm 2.965614e-11
 15 (restart 0) KSP residual norm 2.878687e-11
 16 (restart 0) KSP residual norm 2.812033e-11
 17 (restart 0) KSP residual norm 2.749169e-11
 18 (restart 0) KSP residual norm 2.740052e-11
 19 (restart 0) KSP residual norm 2.171393e-11
 20 (restart 0) KSP residual norm 8.309874e-12
 21 (restart 0) KSP residual norm 1.872777e-12
 22 (restart 0) KSP residual norm 4.523661e-13
GMRES solver converged in 22 iterations (avg. reduction factor: 7.437e-01)
3 NLEPS (nconv=1, restart=0) residual norm 2.160178e-09
Eigenvalue 1, Quasi-Newton converged in 3 iterations (-2.078e-04+8.760e+00i).
  Residual norms for GMRES solve
  0 (restart 0) KSP residual norm 8.650849e+00
  1 (restart 0) KSP residual norm 1.017703e+00
  2 (restart 0) KSP residual norm 1.001236e+00
  3 (restart 0) KSP residual norm 8.849507e-01
  4 (restart 0) KSP residual norm 4.563396e-01
  5 (restart 0) KSP residual norm 2.994791e-01
  6 (restart 0) KSP residual norm 2.920749e-01
  7 (restart 0) KSP residual norm 2.627151e-01
  8 (restart 0) KSP residual norm 2.185693e-01
  9 (restart 0) KSP residual norm 2.052447e-01
 10 (restart 0) KSP residual norm 1.891294e-01
 11 (restart 0) KSP residual norm 1.833556e-01
 12 (restart 0) KSP residual norm 1.826785e-01
 13 (restart 0) KSP residual norm 1.766253e-01
 14 (restart 0) KSP residual norm 1.714106e-01
 15 (restart 0) KSP residual norm 1.705158e-01
 16 (restart 0) KSP residual norm 1.662528e-01
 17 (restart 0) KSP residual norm 1.611332e-01
 18 (restart 0) KSP residual norm 9.879996e-02
 19 (restart 0) KSP residual norm 2.799644e-02
 20 (restart 0) KSP residual norm 6.507660e-03
 21 (restart 0) KSP residual norm 1.585821e-03
 22 (restart 0) KSP residual norm 3.540980e-04
GMRES solver converged in 22 iterations (avg. reduction factor: 6.318e-01)
0 NLEPS (nconv=2, restart=0) residual norm 1.144951e-01
  Residual norms for GMRES solve
  0 (restart 0) KSP residual norm 6.986784e+00
  1 (restart 0) KSP residual norm 2.304263e+00
  2 (restart 0) KSP residual norm 2.130435e+00
  3 (restart 0) KSP residual norm 1.086410e+00
  4 (restart 0) KSP residual norm 7.342015e-01
  5 (restart 0) KSP residual norm 4.828127e-01
  6 (restart 0) KSP residual norm 3.878989e-01
  7 (restart 0) KSP residual norm 3.121676e-01
  8 (restart 0) KSP residual norm 6.922998e-02
  9 (restart 0) KSP residual norm 1.621627e-02
 10 (restart 0) KSP residual norm 7.357976e-03
 11 (restart 0) KSP residual norm 6.223159e-03
 12 (restart 0) KSP residual norm 6.030606e-03
 13 (restart 0) KSP residual norm 5.991472e-03
 14 (restart 0) KSP residual norm 5.898254e-03
 15 (restart 0) KSP residual norm 5.703475e-03
 16 (restart 0) KSP residual norm 5.609787e-03
 17 (restart 0) KSP residual norm 5.593518e-03
 18 (restart 0) KSP residual norm 5.363745e-03
 19 (restart 0) KSP residual norm 4.843527e-03
 20 (restart 0) KSP residual norm 4.259832e-03
 21 (restart 0) KSP residual norm 2.703812e-03
 22 (restart 0) KSP residual norm 8.518527e-04
 23 (restart 0) KSP residual norm 1.990316e-04
GMRES solver converged in 23 iterations (avg. reduction factor: 6.344e-01)
1 NLEPS (nconv=2, restart=0) residual norm 5.070216e-04
  Residual norms for GMRES solve
  0 (restart 0) KSP residual norm 5.642481e-08
  1 (restart 0) KSP residual norm 3.775750e-08
  2 (restart 0) KSP residual norm 3.435640e-08
  3 (restart 0) KSP residual norm 2.394204e-08
  4 (restart 0) KSP residual norm 7.933082e-09
  5 (restart 0) KSP residual norm 6.078726e-09
  6 (restart 0) KSP residual norm 4.933738e-09
  7 (restart 0) KSP residual norm 4.155474e-09
  8 (restart 0) KSP residual norm 2.420025e-09
  9 (restart 0) KSP residual norm 6.237019e-10
 10 (restart 0) KSP residual norm 1.801171e-10
 11 (restart 0) KSP residual norm 4.656248e-11
 12 (restart 0) KSP residual norm 2.921436e-11
 13 (restart 0) KSP residual norm 2.849660e-11
 14 (restart 0) KSP residual norm 2.840802e-11
 15 (restart 0) KSP residual norm 2.804628e-11
 16 (restart 0) KSP residual norm 2.718025e-11
 17 (restart 0) KSP residual norm 2.689291e-11
 18 (restart 0) KSP residual norm 2.685725e-11
 19 (restart 0) KSP residual norm 2.679478e-11
 20 (restart 0) KSP residual norm 2.657909e-11
 21 (restart 0) KSP residual norm 2.603663e-11
 22 (restart 0) KSP residual norm 2.442210e-11
 23 (restart 0) KSP residual norm 1.406766e-11
 24 (restart 0) KSP residual norm 3.367824e-12
GMRES solver converged in 24 iterations (avg. reduction factor: 6.668e-01)
2 NLEPS (nconv=2, restart=0) residual norm 6.878319e-08
  Residual norms for GMRES solve
  0 (restart 0) KSP residual norm 2.760215e-11
  1 (restart 0) KSP residual norm 1.865878e-11
  2 (restart 0) KSP residual norm 1.859450e-11
  3 (restart 0) KSP residual norm 1.810818e-11
  4 (restart 0) KSP residual norm 1.805846e-11
  5 (restart 0) KSP residual norm 1.667292e-11
  6 (restart 0) KSP residual norm 1.482556e-11
  7 (restart 0) KSP residual norm 1.370903e-11
  8 (restart 0) KSP residual norm 1.370228e-11
  9 (restart 0) KSP residual norm 1.298914e-11
 10 (restart 0) KSP residual norm 1.283531e-11
 11 (restart 0) KSP residual norm 1.260608e-11
 12 (restart 0) KSP residual norm 1.255591e-11
 13 (restart 0) KSP residual norm 1.253566e-11
 14 (restart 0) KSP residual norm 1.249024e-11
 15 (restart 0) KSP residual norm 1.236149e-11
 16 (restart 0) KSP residual norm 1.222141e-11
 17 (restart 0) KSP residual norm 1.098920e-11
 18 (restart 0) KSP residual norm 7.296028e-12
 19 (restart 0) KSP residual norm 2.233225e-12
 20 (restart 0) KSP residual norm 5.438266e-13
GMRES solver converged in 20 iterations (avg. reduction factor: 8.217e-01)
3 NLEPS (nconv=2, restart=0) residual norm 3.076726e-09
Eigenvalue 2, Quasi-Newton converged in 3 iterations (-9.620e-05+8.763e+00i).
  Residual norms for GMRES solve
  0 (restart 0) KSP residual norm 7.777615e+00
  1 (restart 0) KSP residual norm 1.099423e+00
  2 (restart 0) KSP residual norm 7.828254e-01
  3 (restart 0) KSP residual norm 2.402817e-01
  4 (restart 0) KSP residual norm 1.555895e-01
  5 (restart 0) KSP residual norm 1.151074e-01
  6 (restart 0) KSP residual norm 5.744566e-02
  7 (restart 0) KSP residual norm 4.756161e-02
  8 (restart 0) KSP residual norm 4.741477e-02
  9 (restart 0) KSP residual norm 4.717096e-02
 10 (restart 0) KSP residual norm 4.644195e-02
 11 (restart 0) KSP residual norm 4.622314e-02
 12 (restart 0) KSP residual norm 4.556277e-02
 13 (restart 0) KSP residual norm 4.434279e-02
 14 (restart 0) KSP residual norm 4.287565e-02
 15 (restart 0) KSP residual norm 4.021192e-02
 16 (restart 0) KSP residual norm 3.515662e-02
 17 (restart 0) KSP residual norm 1.265043e-02
 18 (restart 0) KSP residual norm 5.722126e-03
 19 (restart 0) KSP residual norm 1.177337e-03
 20 (restart 0) KSP residual norm 4.377801e-04
GMRES solver converged in 20 iterations (avg. reduction factor: 6.131e-01)
0 NLEPS (nconv=3, restart=0) residual norm 2.028800e-01
  Residual norms for GMRES solve
  0 (restart 0) KSP residual norm 1.299203e+00
  1 (restart 0) KSP residual norm 4.828572e-01
  2 (restart 0) KSP residual norm 4.586686e-01
  3 (restart 0) KSP residual norm 4.020344e-01
  4 (restart 0) KSP residual norm 1.899471e-01
  5 (restart 0) KSP residual norm 1.353181e-01
  6 (restart 0) KSP residual norm 1.285153e-01
  7 (restart 0) KSP residual norm 9.170358e-02
  8 (restart 0) KSP residual norm 6.953109e-02
  9 (restart 0) KSP residual norm 3.625159e-02
 10 (restart 0) KSP residual norm 2.382787e-02
 11 (restart 0) KSP residual norm 2.162532e-02
 12 (restart 0) KSP residual norm 2.140238e-02
 13 (restart 0) KSP residual norm 2.100335e-02
 14 (restart 0) KSP residual norm 2.100232e-02
 15 (restart 0) KSP residual norm 1.954208e-02
 16 (restart 0) KSP residual norm 1.737778e-02
 17 (restart 0) KSP residual norm 1.450032e-02
 18 (restart 0) KSP residual norm 6.153245e-03
 19 (restart 0) KSP residual norm 2.439999e-03
 20 (restart 0) KSP residual norm 5.303934e-04
 21 (restart 0) KSP residual norm 1.509028e-04
 22 (restart 0) KSP residual norm 4.871460e-05
GMRES solver converged in 22 iterations (avg. reduction factor: 6.292e-01)
1 NLEPS (nconv=3, restart=0) residual norm 3.849599e-03
  Residual norms for GMRES solve
  0 (restart 0) KSP residual norm 2.490531e-07
  1 (restart 0) KSP residual norm 2.313440e-07
  2 (restart 0) KSP residual norm 1.857119e-07
  3 (restart 0) KSP residual norm 1.270504e-07
  4 (restart 0) KSP residual norm 1.140531e-07
  5 (restart 0) KSP residual norm 6.719581e-08
  6 (restart 0) KSP residual norm 5.261504e-08
  7 (restart 0) KSP residual norm 3.259596e-08
  8 (restart 0) KSP residual norm 1.013039e-08
  9 (restart 0) KSP residual norm 4.192176e-09
 10 (restart 0) KSP residual norm 3.493778e-09
 11 (restart 0) KSP residual norm 3.400461e-09
 12 (restart 0) KSP residual norm 3.319464e-09
 13 (restart 0) KSP residual norm 3.117513e-09
 14 (restart 0) KSP residual norm 3.058012e-09
 15 (restart 0) KSP residual norm 2.936913e-09
 16 (restart 0) KSP residual norm 2.895722e-09
 17 (restart 0) KSP residual norm 2.653206e-09
 18 (restart 0) KSP residual norm 1.335315e-09
 19 (restart 0) KSP residual norm 4.634250e-10
 20 (restart 0) KSP residual norm 9.441542e-11
 21 (restart 0) KSP residual norm 2.680652e-11
 22 (restart 0) KSP residual norm 7.125802e-12
GMRES solver converged in 22 iterations (avg. reduction factor: 6.216e-01)
2 NLEPS (nconv=3, restart=0) residual norm 5.015863e-06
  Residual norms for GMRES solve
  0 (restart 0) KSP residual norm 4.536915e-08
  1 (restart 0) KSP residual norm 3.127271e-08
  2 (restart 0) KSP residual norm 2.996837e-08
  3 (restart 0) KSP residual norm 1.637949e-08
  4 (restart 0) KSP residual norm 9.010367e-09
  5 (restart 0) KSP residual norm 8.839652e-09
  6 (restart 0) KSP residual norm 5.576439e-09
  7 (restart 0) KSP residual norm 3.303544e-09
  8 (restart 0) KSP residual norm 2.461318e-09
  9 (restart 0) KSP residual norm 2.307413e-09
 10 (restart 0) KSP residual norm 2.130501e-09
 11 (restart 0) KSP residual norm 2.084862e-09
 12 (restart 0) KSP residual norm 2.083183e-09
 13 (restart 0) KSP residual norm 1.936919e-09
 14 (restart 0) KSP residual norm 1.920929e-09
 15 (restart 0) KSP residual norm 1.799137e-09
 16 (restart 0) KSP residual norm 1.189044e-09
 17 (restart 0) KSP residual norm 4.712014e-10
 18 (restart 0) KSP residual norm 1.210394e-10
 19 (restart 0) KSP residual norm 4.108500e-11
 20 (restart 0) KSP residual norm 1.406276e-11
 21 (restart 0) KSP residual norm 3.359111e-12
 22 (restart 0) KSP residual norm 1.250610e-12
 23 (restart 0) KSP residual norm 2.201792e-13
GMRES solver converged in 23 iterations (avg. reduction factor: 5.874e-01)
3 NLEPS (nconv=3, restart=0) residual norm 2.238369e-10
Eigenvalue 3, Quasi-Newton converged in 3 iterations (-1.560e-04+9.250e+00i).
  Residual norms for GMRES solve
  0 (restart 0) KSP residual norm 7.776086e+00
  1 (restart 0) KSP residual norm 1.081067e+00
  2 (restart 0) KSP residual norm 7.984237e-01
  3 (restart 0) KSP residual norm 2.570911e-01
  4 (restart 0) KSP residual norm 1.662292e-01
  5 (restart 0) KSP residual norm 1.161583e-01
  6 (restart 0) KSP residual norm 9.344059e-02
  7 (restart 0) KSP residual norm 9.265310e-02
  8 (restart 0) KSP residual norm 8.809566e-02
  9 (restart 0) KSP residual norm 8.792963e-02
 10 (restart 0) KSP residual norm 8.757939e-02
 11 (restart 0) KSP residual norm 8.544958e-02
 12 (restart 0) KSP residual norm 7.792816e-02
 13 (restart 0) KSP residual norm 7.576964e-02
 14 (restart 0) KSP residual norm 5.489116e-02
 15 (restart 0) KSP residual norm 2.611098e-02
 16 (restart 0) KSP residual norm 1.384689e-02
 17 (restart 0) KSP residual norm 3.121522e-03
 18 (restart 0) KSP residual norm 1.445619e-03
 19 (restart 0) KSP residual norm 2.927484e-04
GMRES solver converged in 19 iterations (avg. reduction factor: 5.850e-01)
0 NLEPS (nconv=4, restart=0) residual norm 1.865329e-01
  Residual norms for GMRES solve
  0 (restart 0) KSP residual norm 6.613678e+00
  1 (restart 0) KSP residual norm 2.848937e+00
  2 (restart 0) KSP residual norm 2.186355e+00
  3 (restart 0) KSP residual norm 2.159874e+00
  4 (restart 0) KSP residual norm 1.342924e+00
  5 (restart 0) KSP residual norm 8.004332e-01
  6 (restart 0) KSP residual norm 3.340647e-01
  7 (restart 0) KSP residual norm 1.201174e-01
  8 (restart 0) KSP residual norm 4.884905e-02
  9 (restart 0) KSP residual norm 1.296087e-02
 10 (restart 0) KSP residual norm 1.112379e-02
 11 (restart 0) KSP residual norm 1.109381e-02
 12 (restart 0) KSP residual norm 1.103702e-02
 13 (restart 0) KSP residual norm 1.098149e-02
 14 (restart 0) KSP residual norm 1.094582e-02
 15 (restart 0) KSP residual norm 1.083416e-02
 16 (restart 0) KSP residual norm 1.045514e-02
 17 (restart 0) KSP residual norm 9.043426e-03
 18 (restart 0) KSP residual norm 3.882209e-03
 19 (restart 0) KSP residual norm 1.123841e-03
 20 (restart 0) KSP residual norm 3.027805e-04
GMRES solver converged in 20 iterations (avg. reduction factor: 6.068e-01)
1 NLEPS (nconv=4, restart=0) residual norm 3.300040e-03
  Residual norms for GMRES solve
  0 (restart 0) KSP residual norm 3.125208e-06
  1 (restart 0) KSP residual norm 2.038493e-06
  2 (restart 0) KSP residual norm 1.616013e-06
  3 (restart 0) KSP residual norm 1.214867e-06
  4 (restart 0) KSP residual norm 1.165894e-06
  5 (restart 0) KSP residual norm 7.752952e-07
  6 (restart 0) KSP residual norm 2.831775e-07
  7 (restart 0) KSP residual norm 8.884092e-08
  8 (restart 0) KSP residual norm 3.696270e-08
  9 (restart 0) KSP residual norm 2.143059e-08
 10 (restart 0) KSP residual norm 2.058811e-08
 11 (restart 0) KSP residual norm 1.985861e-08
 12 (restart 0) KSP residual norm 1.767882e-08
 13 (restart 0) KSP residual norm 1.756174e-08
 14 (restart 0) KSP residual norm 1.565223e-08
 15 (restart 0) KSP residual norm 1.271977e-08
 16 (restart 0) KSP residual norm 1.076099e-08
 17 (restart 0) KSP residual norm 8.075514e-09
 18 (restart 0) KSP residual norm 2.593769e-09
 19 (restart 0) KSP residual norm 9.417237e-10
 20 (restart 0) KSP residual norm 2.436017e-10
GMRES solver converged in 20 iterations (avg. reduction factor: 6.231e-01)
2 NLEPS (nconv=4, restart=0) residual norm 3.655118e-06
  Residual norms for GMRES solve
  0 (restart 0) KSP residual norm 2.579232e-08
  1 (restart 0) KSP residual norm 1.301920e-08
  2 (restart 0) KSP residual norm 1.269149e-08
  3 (restart 0) KSP residual norm 8.010518e-09
  4 (restart 0) KSP residual norm 5.347246e-09
  5 (restart 0) KSP residual norm 5.030508e-09
  6 (restart 0) KSP residual norm 5.013457e-09
  7 (restart 0) KSP residual norm 4.179753e-09
  8 (restart 0) KSP residual norm 1.643165e-09
  9 (restart 0) KSP residual norm 1.107134e-09
 10 (restart 0) KSP residual norm 1.072994e-09
 11 (restart 0) KSP residual norm 9.977813e-10
 12 (restart 0) KSP residual norm 9.722981e-10
 13 (restart 0) KSP residual norm 9.360183e-10
 14 (restart 0) KSP residual norm 9.006922e-10
 15 (restart 0) KSP residual norm 7.374005e-10
 16 (restart 0) KSP residual norm 3.554263e-10
 17 (restart 0) KSP residual norm 1.494391e-10
 18 (restart 0) KSP residual norm 2.910488e-11
 19 (restart 0) KSP residual norm 1.135275e-11
 20 (restart 0) KSP residual norm 2.340312e-12
 21 (restart 0) KSP residual norm 7.621472e-13
GMRES solver converged in 21 iterations (avg. reduction factor: 6.086e-01)
3 NLEPS (nconv=4, restart=0) residual norm 2.343933e-10
Eigenvalue 4, Quasi-Newton converged in 3 iterations (-1.560e-04+9.250e+00i).
  Residual norms for GMRES solve
  0 (restart 0) KSP residual norm 7.520918e+00
  1 (restart 0) KSP residual norm 4.896544e-01
  2 (restart 0) KSP residual norm 4.890738e-01
  3 (restart 0) KSP residual norm 4.189345e-01
  4 (restart 0) KSP residual norm 3.199975e-01
  5 (restart 0) KSP residual norm 3.047168e-01
  6 (restart 0) KSP residual norm 1.613345e-01
  7 (restart 0) KSP residual norm 1.520300e-01
  8 (restart 0) KSP residual norm 1.517979e-01
  9 (restart 0) KSP residual norm 1.427895e-01
 10 (restart 0) KSP residual norm 1.385902e-01
 11 (restart 0) KSP residual norm 1.360207e-01
 12 (restart 0) KSP residual norm 1.359036e-01
 13 (restart 0) KSP residual norm 1.337901e-01
 14 (restart 0) KSP residual norm 1.324630e-01
 15 (restart 0) KSP residual norm 1.320296e-01
 16 (restart 0) KSP residual norm 1.268464e-01
 17 (restart 0) KSP residual norm 1.229001e-01
 18 (restart 0) KSP residual norm 4.751354e-02
 19 (restart 0) KSP residual norm 1.903378e-02
 20 (restart 0) KSP residual norm 5.527545e-03
 21 (restart 0) KSP residual norm 9.966311e-04
 22 (restart 0) KSP residual norm 2.621028e-04
GMRES solver converged in 22 iterations (avg. reduction factor: 6.272e-01)
0 NLEPS (nconv=5, restart=0) residual norm 1.570770e-01
  Residual norms for GMRES solve
  0 (restart 0) KSP residual norm 1.678612e+00
  1 (restart 0) KSP residual norm 5.128154e-01
  2 (restart 0) KSP residual norm 1.430045e-01
  3 (restart 0) KSP residual norm 2.582287e-02
  4 (restart 0) KSP residual norm 2.215638e-02
  5 (restart 0) KSP residual norm 1.874408e-02
  6 (restart 0) KSP residual norm 1.497663e-02
  7 (restart 0) KSP residual norm 1.430906e-02
  8 (restart 0) KSP residual norm 1.427448e-02
  9 (restart 0) KSP residual norm 1.200404e-02
 10 (restart 0) KSP residual norm 1.156752e-02
 11 (restart 0) KSP residual norm 1.104358e-02
 12 (restart 0) KSP residual norm 1.085658e-02
 13 (restart 0) KSP residual norm 1.007238e-02
 14 (restart 0) KSP residual norm 9.769536e-03
 15 (restart 0) KSP residual norm 9.121340e-03
 16 (restart 0) KSP residual norm 8.270717e-03
 17 (restart 0) KSP residual norm 8.070298e-03
 18 (restart 0) KSP residual norm 7.632420e-03
 19 (restart 0) KSP residual norm 7.589939e-03
 20 (restart 0) KSP residual norm 7.022384e-03
 21 (restart 0) KSP residual norm 3.477687e-03
 22 (restart 0) KSP residual norm 1.280180e-03
 23 (restart 0) KSP residual norm 2.905499e-04
 24 (restart 0) KSP residual norm 8.441598e-05
GMRES solver converged in 24 iterations (avg. reduction factor: 6.621e-01)
1 NLEPS (nconv=5, restart=0) residual norm 1.995948e-03
  Residual norms for GMRES solve
  0 (restart 0) KSP residual norm 1.451940e-07
  1 (restart 0) KSP residual norm 4.284668e-08
  2 (restart 0) KSP residual norm 1.218055e-08
  3 (restart 0) KSP residual norm 7.274970e-09
  4 (restart 0) KSP residual norm 6.784384e-09
  5 (restart 0) KSP residual norm 6.731612e-09
  6 (restart 0) KSP residual norm 5.153852e-09
  7 (restart 0) KSP residual norm 4.351868e-09
  8 (restart 0) KSP residual norm 2.327123e-09
  9 (restart 0) KSP residual norm 2.081411e-09
 10 (restart 0) KSP residual norm 9.641856e-10
 11 (restart 0) KSP residual norm 7.159189e-10
 12 (restart 0) KSP residual norm 6.830893e-10
 13 (restart 0) KSP residual norm 5.318704e-10
 14 (restart 0) KSP residual norm 5.268229e-10
 15 (restart 0) KSP residual norm 4.985675e-10
 16 (restart 0) KSP residual norm 4.842571e-10
 17 (restart 0) KSP residual norm 4.732813e-10
 18 (restart 0) KSP residual norm 4.024002e-10
 19 (restart 0) KSP residual norm 3.807403e-10
 20 (restart 0) KSP residual norm 3.663134e-10
 21 (restart 0) KSP residual norm 3.344458e-10
 22 (restart 0) KSP residual norm 1.980165e-10
 23 (restart 0) KSP residual norm 4.265446e-11
 24 (restart 0) KSP residual norm 1.263589e-11
GMRES solver converged in 24 iterations (avg. reduction factor: 6.774e-01)
2 NLEPS (nconv=5, restart=0) residual norm 1.005982e-06
  Residual norms for GMRES solve
  0 (restart 0) KSP residual norm 4.648438e-09
  1 (restart 0) KSP residual norm 1.236277e-09
  2 (restart 0) KSP residual norm 1.057214e-09
  3 (restart 0) KSP residual norm 7.458936e-10
  4 (restart 0) KSP residual norm 7.009947e-10
  5 (restart 0) KSP residual norm 5.987439e-10
  6 (restart 0) KSP residual norm 5.596760e-10
  7 (restart 0) KSP residual norm 5.322094e-10
  8 (restart 0) KSP residual norm 5.204495e-10
  9 (restart 0) KSP residual norm 5.066428e-10
 10 (restart 0) KSP residual norm 4.622984e-10
 11 (restart 0) KSP residual norm 4.035379e-10
 12 (restart 0) KSP residual norm 3.853270e-10
 13 (restart 0) KSP residual norm 3.559268e-10
 14 (restart 0) KSP residual norm 3.489542e-10
 15 (restart 0) KSP residual norm 3.343325e-10
 16 (restart 0) KSP residual norm 3.018434e-10
 17 (restart 0) KSP residual norm 2.838970e-10
 18 (restart 0) KSP residual norm 2.517229e-10
 19 (restart 0) KSP residual norm 1.468116e-10
 20 (restart 0) KSP residual norm 4.653826e-11
 21 (restart 0) KSP residual norm 1.114098e-11
 22 (restart 0) KSP residual norm 2.861975e-12
 23 (restart 0) KSP residual norm 7.693266e-13
GMRES solver converged in 23 iterations (avg. reduction factor: 6.849e-01)
3 NLEPS (nconv=5, restart=0) residual norm 1.624553e-10
Eigenvalue 5, Quasi-Newton converged in 3 iterations (-1.938e-04+9.415e+00i).
  Residual norms for GMRES solve
  0 (restart 0) KSP residual norm 7.520801e+00
  1 (restart 0) KSP residual norm 4.967973e-01
  2 (restart 0) KSP residual norm 4.955121e-01
  3 (restart 0) KSP residual norm 4.355693e-01
  4 (restart 0) KSP residual norm 3.707135e-01
  5 (restart 0) KSP residual norm 2.586914e-01
  6 (restart 0) KSP residual norm 1.954971e-01
  7 (restart 0) KSP residual norm 8.717647e-02
  8 (restart 0) KSP residual norm 6.849120e-02
  9 (restart 0) KSP residual norm 6.773487e-02
 10 (restart 0) KSP residual norm 6.344787e-02
 11 (restart 0) KSP residual norm 6.335124e-02
 12 (restart 0) KSP residual norm 6.321209e-02
 13 (restart 0) KSP residual norm 6.108590e-02
 14 (restart 0) KSP residual norm 5.974507e-02
 15 (restart 0) KSP residual norm 5.954727e-02
 16 (restart 0) KSP residual norm 5.865770e-02
 17 (restart 0) KSP residual norm 5.775487e-02
 18 (restart 0) KSP residual norm 3.818546e-02
 19 (restart 0) KSP residual norm 1.855096e-02
 20 (restart 0) KSP residual norm 5.450266e-03
 21 (restart 0) KSP residual norm 9.894060e-04
 22 (restart 0) KSP residual norm 2.619378e-04
GMRES solver converged in 22 iterations (avg. reduction factor: 6.271e-01)
0 NLEPS (nconv=6, restart=0) residual norm 1.560565e-01
  Residual norms for GMRES solve
  0 (restart 0) KSP residual norm 3.035964e+00
  1 (restart 0) KSP residual norm 5.884549e-01
  2 (restart 0) KSP residual norm 4.144662e-01
  3 (restart 0) KSP residual norm 2.940436e-01
  4 (restart 0) KSP residual norm 2.450931e-01
  5 (restart 0) KSP residual norm 2.378986e-01
  6 (restart 0) KSP residual norm 2.213537e-01
  7 (restart 0) KSP residual norm 1.813216e-01
  8 (restart 0) KSP residual norm 9.675568e-02
  9 (restart 0) KSP residual norm 5.066170e-02
 10 (restart 0) KSP residual norm 2.450435e-02
 11 (restart 0) KSP residual norm 2.365954e-02
 12 (restart 0) KSP residual norm 2.244138e-02
 13 (restart 0) KSP residual norm 2.148957e-02
 14 (restart 0) KSP residual norm 2.069848e-02
 15 (restart 0) KSP residual norm 1.983018e-02
 16 (restart 0) KSP residual norm 1.966364e-02
 17 (restart 0) KSP residual norm 1.962239e-02
 18 (restart 0) KSP residual norm 1.942400e-02
 19 (restart 0) KSP residual norm 1.750483e-02
 20 (restart 0) KSP residual norm 1.197744e-02
 21 (restart 0) KSP residual norm 3.388936e-03
 22 (restart 0) KSP residual norm 1.017936e-03
 23 (restart 0) KSP residual norm 2.627836e-04
GMRES solver converged in 23 iterations (avg. reduction factor: 6.658e-01)
1 NLEPS (nconv=6, restart=0) residual norm 4.253795e-03
  Residual norms for GMRES solve
  0 (restart 0) KSP residual norm 2.056146e-07
  1 (restart 0) KSP residual norm 5.293279e-08
  2 (restart 0) KSP residual norm 3.717992e-08
  3 (restart 0) KSP residual norm 1.740730e-08
  4 (restart 0) KSP residual norm 1.690128e-08
  5 (restart 0) KSP residual norm 1.590119e-08
  6 (restart 0) KSP residual norm 1.521896e-08
  7 (restart 0) KSP residual norm 1.350545e-08
  8 (restart 0) KSP residual norm 1.170622e-08
  9 (restart 0) KSP residual norm 4.510100e-09
 10 (restart 0) KSP residual norm 2.295976e-09
 11 (restart 0) KSP residual norm 1.828037e-09
 12 (restart 0) KSP residual norm 1.655427e-09
 13 (restart 0) KSP residual norm 1.632137e-09
 14 (restart 0) KSP residual norm 1.588481e-09
 15 (restart 0) KSP residual norm 1.525623e-09
 16 (restart 0) KSP residual norm 1.478822e-09
 17 (restart 0) KSP residual norm 1.453883e-09
 18 (restart 0) KSP residual norm 1.452573e-09
 19 (restart 0) KSP residual norm 1.451949e-09
 20 (restart 0) KSP residual norm 1.286101e-09
 21 (restart 0) KSP residual norm 6.874867e-10
 22 (restart 0) KSP residual norm 2.814670e-10
 23 (restart 0) KSP residual norm 5.716281e-11
 24 (restart 0) KSP residual norm 1.340800e-11
GMRES solver converged in 24 iterations (avg. reduction factor: 6.693e-01)
2 NLEPS (nconv=6, restart=0) residual norm 4.510959e-06
  Residual norms for GMRES solve
  0 (restart 0) KSP residual norm 3.225029e-08
  1 (restart 0) KSP residual norm 6.024689e-09
  2 (restart 0) KSP residual norm 5.137944e-09
  3 (restart 0) KSP residual norm 3.034180e-09
  4 (restart 0) KSP residual norm 3.023129e-09
  5 (restart 0) KSP residual norm 2.840625e-09
  6 (restart 0) KSP residual norm 2.652234e-09
  7 (restart 0) KSP residual norm 2.625008e-09
  8 (restart 0) KSP residual norm 2.493188e-09
  9 (restart 0) KSP residual norm 2.366899e-09
 10 (restart 0) KSP residual norm 2.364106e-09
 11 (restart 0) KSP residual norm 2.081822e-09
 12 (restart 0) KSP residual norm 1.943362e-09
 13 (restart 0) KSP residual norm 1.885537e-09
 14 (restart 0) KSP residual norm 1.858232e-09
 15 (restart 0) KSP residual norm 1.853478e-09
 16 (restart 0) KSP residual norm 1.852003e-09
 17 (restart 0) KSP residual norm 1.824502e-09
 18 (restart 0) KSP residual norm 1.693861e-09
 19 (restart 0) KSP residual norm 7.355654e-10
 20 (restart 0) KSP residual norm 1.933867e-10
 21 (restart 0) KSP residual norm 5.234060e-11
 22 (restart 0) KSP residual norm 1.495500e-11
 23 (restart 0) KSP residual norm 4.825176e-12
 24 (restart 0) KSP residual norm 1.204439e-12
 25 (restart 0) KSP residual norm 2.547744e-13
GMRES solver converged in 25 iterations (avg. reduction factor: 6.250e-01)
3 NLEPS (nconv=6, restart=0) residual norm 2.115219e-10
Eigenvalue 6, Quasi-Newton converged in 3 iterations (-1.939e-04+9.415e+00i).
  Residual norms for GMRES solve
  0 (restart 0) KSP residual norm 2.334487e+01
  1 (restart 0) KSP residual norm 7.373824e+00
  2 (restart 0) KSP residual norm 1.986507e-01
  3 (restart 0) KSP residual norm 9.623038e-02
  4 (restart 0) KSP residual norm 9.423799e-02
  5 (restart 0) KSP residual norm 9.375699e-02
  6 (restart 0) KSP residual norm 9.254062e-02
  7 (restart 0) KSP residual norm 8.520335e-02
  8 (restart 0) KSP residual norm 8.262294e-02
  9 (restart 0) KSP residual norm 7.837661e-02
 10 (restart 0) KSP residual norm 7.788396e-02
 11 (restart 0) KSP residual norm 7.152253e-02
 12 (restart 0) KSP residual norm 5.973818e-02
 13 (restart 0) KSP residual norm 3.148482e-02
 14 (restart 0) KSP residual norm 7.843421e-03
 15 (restart 0) KSP residual norm 3.824366e-03
 16 (restart 0) KSP residual norm 9.931488e-04
GMRES solver converged in 16 iterations (avg. reduction factor: 5.331e-01)
0 NLEPS (nconv=7, restart=0) residual norm 1.773920e-01
  Residual norms for GMRES solve
  0 (restart 0) KSP residual norm 4.470589e+00
  1 (restart 0) KSP residual norm 1.887376e+00
  2 (restart 0) KSP residual norm 3.019500e-01
  3 (restart 0) KSP residual norm 9.862703e-02
  4 (restart 0) KSP residual norm 3.549860e-02
  5 (restart 0) KSP residual norm 2.786061e-02
  6 (restart 0) KSP residual norm 2.742338e-02
  7 (restart 0) KSP residual norm 2.523812e-02
  8 (restart 0) KSP residual norm 2.487552e-02
  9 (restart 0) KSP residual norm 2.348687e-02
 10 (restart 0) KSP residual norm 2.299393e-02
 11 (restart 0) KSP residual norm 2.272032e-02
 12 (restart 0) KSP residual norm 2.232756e-02
 13 (restart 0) KSP residual norm 2.206278e-02
 14 (restart 0) KSP residual norm 2.099782e-02
 15 (restart 0) KSP residual norm 1.292297e-02
 16 (restart 0) KSP residual norm 3.552639e-03
 17 (restart 0) KSP residual norm 1.218214e-03
 18 (restart 0) KSP residual norm 3.730446e-04
GMRES solver converged in 18 iterations (avg. reduction factor: 5.935e-01)
1 NLEPS (nconv=7, restart=0) residual norm 6.634758e-03
  Residual norms for GMRES solve
  0 (restart 0) KSP residual norm 2.383830e-06
  1 (restart 0) KSP residual norm 2.933948e-07
  2 (restart 0) KSP residual norm 5.022331e-08
  3 (restart 0) KSP residual norm 2.261862e-08
  4 (restart 0) KSP residual norm 6.999872e-09
  5 (restart 0) KSP residual norm 4.796626e-09
  6 (restart 0) KSP residual norm 4.675510e-09
  7 (restart 0) KSP residual norm 3.802965e-09
  8 (restart 0) KSP residual norm 3.794856e-09
  9 (restart 0) KSP residual norm 3.622269e-09
 10 (restart 0) KSP residual norm 3.571299e-09
 11 (restart 0) KSP residual norm 3.497125e-09
 12 (restart 0) KSP residual norm 3.477169e-09
 13 (restart 0) KSP residual norm 3.422762e-09
 14 (restart 0) KSP residual norm 3.400196e-09
 15 (restart 0) KSP residual norm 3.023423e-09
 16 (restart 0) KSP residual norm 1.477421e-09
 17 (restart 0) KSP residual norm 4.989520e-10
 18 (restart 0) KSP residual norm 9.101347e-11
GMRES solver converged in 18 iterations (avg. reduction factor: 5.683e-01)
2 NLEPS (nconv=7, restart=0) residual norm 1.223779e-05
  Residual norms for GMRES solve
  0 (restart 0) KSP residual norm 1.462439e-06
  1 (restart 0) KSP residual norm 1.662527e-07
  2 (restart 0) KSP residual norm 2.131879e-08
  3 (restart 0) KSP residual norm 1.175102e-08
  4 (restart 0) KSP residual norm 7.022924e-09
  5 (restart 0) KSP residual norm 6.097644e-09
  6 (restart 0) KSP residual norm 5.847846e-09
  7 (restart 0) KSP residual norm 5.437653e-09
  8 (restart 0) KSP residual norm 5.428150e-09
  9 (restart 0) KSP residual norm 5.267770e-09
 10 (restart 0) KSP residual norm 5.118151e-09
 11 (restart 0) KSP residual norm 5.106567e-09
 12 (restart 0) KSP residual norm 5.083096e-09
 13 (restart 0) KSP residual norm 3.906472e-09
 14 (restart 0) KSP residual norm 2.643659e-09
 15 (restart 0) KSP residual norm 9.995574e-10
 16 (restart 0) KSP residual norm 3.446200e-10
 17 (restart 0) KSP residual norm 7.563414e-11
 18 (restart 0) KSP residual norm 2.561844e-11
 19 (restart 0) KSP residual norm 6.224380e-12
GMRES solver converged in 19 iterations (avg. reduction factor: 5.216e-01)
3 NLEPS (nconv=7, restart=0) residual norm 1.499860e-09
Eigenvalue 7, Quasi-Newton converged in 3 iterations (-2.196e-04+9.755e+00i).

Computing solution error estimates and performing postprocessing

     m,        Re{f} (GHz),        Im{f} (GHz),                  Q,      Error (Bkwd.),       Error (Abs.)
     1,      +2.450187e+00,      +5.810370e-05,      +2.108460e+04,      +9.581674e-13,      +6.121260e-09
     2,      +2.450317e+00,      +5.812885e-05,      +2.107660e+04,      +3.381312e-13,      +2.160154e-09
     3,      +2.451217e+00,      +2.690866e-05,      +4.554701e+04,      +4.815938e-13,      +3.076671e-09
     4,      +2.587284e+00,      +4.363861e-05,      +2.964444e+04,      +3.501620e-14,      +2.237503e-10
     5,      +2.587438e+00,      +4.364523e-05,      +2.964170e+04,      +3.667159e-14,      +2.343282e-10
     6,      +2.633456e+00,      +5.420634e-05,      +2.429103e+04,      +2.541724e-14,      +1.624263e-10
     7,      +2.633637e+00,      +5.422713e-05,      +2.428339e+04,      +3.308913e-14,      +2.114527e-10
     8,      +2.728565e+00,      +6.142541e-05,      +2.221039e+04,      +2.345342e-13,      +1.499009e-09

Completed 0 iterations of adaptive mesh refinement (AMR):
 Indicator norm = 3.539e-02, global unknowns = 226746
 Max. iterations = 0, tol. = 1.000e-02

Estimated peak per-rank memory usage is: Min. 137.0M, Max. 158.0M, Avg. 144.6M, Total 4.5G
Estimated peak per-node memory usage is: Min. 4.5G, Max. 4.5G, Avg. 4.5G, Total 4.5G

Elapsed Time Report (s)           Min.        Max.        Avg.
==============================================================
Initialization                   0.099       0.255       0.250
  Mesh Preprocessing             0.195       0.351       0.200
Operator Construction            1.101       1.105       1.104
Linear Solve                     5.843       6.030       5.896
  Setup                          6.736       6.739       6.737
  Preconditioner                93.332      93.930      93.791
  Coarse Solve                   8.164       8.658       8.267
Eigenvalue Solve                 1.005       1.076       1.072
Div.-Free Projection             2.793       2.801       2.800
Estimation                       0.031       0.035       0.033
  Construction                   0.177       0.177       0.177
  Solve                          1.426       1.429       1.428
Postprocessing                   0.249       0.252       0.250
Disk IO                          0.382       0.383       0.382
--------------------------------------------------------------
Total                          123.518     123.533     123.526

Peak Memory                   Per-Node       Total   Total HWM
==============================================================
Initialization                   70.7M       70.7M       70.7M
  Mesh Preprocessing            101.6M      101.6M      172.3M
Operator Construction           584.6M      584.6M      756.9M
Linear Solve                    256.0K      256.0K      757.2M
  Setup                         416.4M      416.4M        1.1G
  Preconditioner                  1.5M        1.5M        1.1G
  Coarse Solve                    1.9G        1.9G        3.0G
Eigenvalue Solve                174.6M      174.6M        3.2G
Div.-Free Projection            201.2M      201.2M        3.4G
Estimation                       41.5M       41.5M        3.4G
  Construction                  181.4M      181.4M        3.6G
  Solve                           9.0M        9.0M        3.6G
Postprocessing                   20.5M       20.5M        3.6G
Disk IO                          45.5M       45.5M        3.7G
--------------------------------------------------------------
Total                             4.1G        4.1G        4.1G

