>> /opt/amip/envs/emsim/bin/mpirun -n 32 /opt/amip/palace/bin/palace-x86_64.bin h2b_control_1p525.json

_____________     _______
_____   __   \____ __   /____ ____________
____   /_/  /  __ ` /  /  __ ` /  ___/  _ \
___   _____/  /_/  /  /  /_/  /  /__/  ___/
  /__/     \___,__/__/\___,__/\_____\_____/

Git changeset ID: v0.17.0-293-g3c83b9db0
Running with 32 MPI processes, 1 OpenMP thread
Device configuration: omp,cpu
Memory configuration: host-std
libCEED backend: /cpu/self/xsmm/blocked

Added 6344 boundary elements for material interfaces to the mesh

Characteristic length and time scales:
 Lc = 1.760e-01 m, tc = 5.871e-01 ns
Finished partitioning mesh into 32 subdomains

Mesh curvature order: 2
Mesh bounding box:
 (Xmin, Ymin, Zmin) = (-8.800e-02, -8.800e-02, -5.771e-02) m
 (Xmax, Ymax, Zmax) = (+8.800e-02, +8.800e-02, +5.771e-02) m

Parallel Mesh Stats:

                minimum     average     maximum       total
 vertices            98         179         290        5759
 edges              957        1217        1553       38954
 faces             1865        2053        2292       65727
 elements           987        1016        1047       32531
 neighbors            5          11          23

            minimum     maximum
 h       0.00608888    0.210211
 kappa      1.07872     17.1021

Estimated current per-rank memory usage is: Min. 32.4M, Max. 57.1M, Avg. 33.8M, Total 1.1G
Estimated current per-node memory usage is: Min. 1.1G, Max. 1.1G, Avg. 1.1G, Total 1.1G

Configuring Robin finite conductivity BC at attributes:
 90: σ = 3.500e+07 S/m, n = (-0.1,-0.0,+1.0)

Assembling system matrices, number of global unknowns:
 H1 (p = 2): 44713, ND (p = 2): 209362, RT (p = 2): 294774
 Operator assembly level: Partial
 Mesh geometries:
  Tetrahedron: P = 20, Q = 14 (quadrature order = 4)

Configuring SLEPc eigenvalue solver:
 Scaling γ = 2.829e+01, δ = 3.705e-06
 Configuring divergence-free projection
 Using random starting vector
 Shift-and-invert σ = 2.400e+00 GHz (8.853e+00)

Assembling multigrid hierarchy:
 Level 0 (p = 1): 38954 unknowns
 Level 1 (p = 2): 209362 unknowns
 Level 0 (auxiliary) (p = 1): 5759 unknowns
 Level 1 (auxiliary) (p = 2): 44713 unknowns

#PETSc Option Table entries:
-eps_monitor # (source: code)
#End of PETSc Option Table entries

  Residual norms for GMRES solve
  0 (restart 0) KSP residual norm 1.136134e+00
  1 (restart 0) KSP residual norm 1.030011e+00
  2 (restart 0) KSP residual norm 6.403925e-01
  3 (restart 0) KSP residual norm 1.010390e-01
  4 (restart 0) KSP residual norm 3.188792e-02
  5 (restart 0) KSP residual norm 7.767382e-03
  6 (restart 0) KSP residual norm 1.318525e-03
  7 (restart 0) KSP residual norm 3.128417e-04
  8 (restart 0) KSP residual norm 7.617217e-05
  9 (restart 0) KSP residual norm 1.773052e-05
 10 (restart 0) KSP residual norm 4.444844e-06
 11 (restart 0) KSP residual norm 1.235731e-06
 12 (restart 0) KSP residual norm 3.371796e-07
 13 (restart 0) KSP residual norm 8.869768e-08
 14 (restart 0) KSP residual norm 2.416120e-08
 15 (restart 0) KSP residual norm 6.347174e-09
GMRES solver converged in 15 iterations (avg. reduction factor: 2.817e-01)
  Residual norms for GMRES solve
  0 (restart 0) KSP residual norm 5.953396e+01
  1 (restart 0) KSP residual norm 5.915105e+01
  2 (restart 0) KSP residual norm 5.831068e+00
  3 (restart 0) KSP residual norm 1.039369e+00
  4 (restart 0) KSP residual norm 1.234438e-01
  5 (restart 0) KSP residual norm 3.058131e-02
  6 (restart 0) KSP residual norm 7.283509e-03
  7 (restart 0) KSP residual norm 1.726240e-03
  8 (restart 0) KSP residual norm 3.782213e-04
  9 (restart 0) KSP residual norm 8.973762e-05
 10 (restart 0) KSP residual norm 2.317698e-05
 11 (restart 0) KSP residual norm 6.868257e-06
 12 (restart 0) KSP residual norm 1.508150e-06
 13 (restart 0) KSP residual norm 4.105869e-07
GMRES solver converged in 13 iterations (avg. reduction factor: 2.356e-01)
  Residual norms for GMRES solve
  0 (restart 0) KSP residual norm 7.835303e+01
  1 (restart 0) KSP residual norm 7.759550e+01
  2 (restart 0) KSP residual norm 7.481925e+00
  3 (restart 0) KSP residual norm 1.096456e+00
  4 (restart 0) KSP residual norm 1.506000e-01
  5 (restart 0) KSP residual norm 3.428891e-02
  6 (restart 0) KSP residual norm 8.551827e-03
  7 (restart 0) KSP residual norm 1.978753e-03
  8 (restart 0) KSP residual norm 4.432568e-04
  9 (restart 0) KSP residual norm 1.081669e-04
 10 (restart 0) KSP residual norm 2.728204e-05
 11 (restart 0) KSP residual norm 7.499053e-06
 12 (restart 0) KSP residual norm 1.804912e-06
 13 (restart 0) KSP residual norm 4.475919e-07
GMRES solver converged in 13 iterations (avg. reduction factor: 2.322e-01)
  Residual norms for GMRES solve
  0 (restart 0) KSP residual norm 1.812392e+01
  1 (restart 0) KSP residual norm 1.661446e+01
  2 (restart 0) KSP residual norm 5.515854e+00
  3 (restart 0) KSP residual norm 9.991503e-01
  4 (restart 0) KSP residual norm 1.846919e-01
  5 (restart 0) KSP residual norm 5.106109e-02
  6 (restart 0) KSP residual norm 7.227562e-03
  7 (restart 0) KSP residual norm 1.555908e-03
  8 (restart 0) KSP residual norm 4.100896e-04
  9 (restart 0) KSP residual norm 9.676141e-05
 10 (restart 0) KSP residual norm 2.763626e-05
 11 (restart 0) KSP residual norm 6.560246e-06
 12 (restart 0) KSP residual norm 1.652287e-06
 13 (restart 0) KSP residual norm 3.861559e-07
 14 (restart 0) KSP residual norm 9.114239e-08
GMRES solver converged in 14 iterations (avg. reduction factor: 2.554e-01)
  Residual norms for GMRES solve
  0 (restart 0) KSP residual norm 7.294848e+01
  1 (restart 0) KSP residual norm 6.927977e+01
  2 (restart 0) KSP residual norm 6.466278e+00
  3 (restart 0) KSP residual norm 1.823852e+00
  4 (restart 0) KSP residual norm 2.073767e-01
  5 (restart 0) KSP residual norm 5.030345e-02
  6 (restart 0) KSP residual norm 1.064264e-02
  7 (restart 0) KSP residual norm 2.945970e-03
  8 (restart 0) KSP residual norm 7.542078e-04
  9 (restart 0) KSP residual norm 2.003368e-04
 10 (restart 0) KSP residual norm 4.547140e-05
 11 (restart 0) KSP residual norm 1.153477e-05
 12 (restart 0) KSP residual norm 2.462104e-06
 13 (restart 0) KSP residual norm 6.232963e-07
GMRES solver converged in 13 iterations (avg. reduction factor: 2.395e-01)
  Residual norms for GMRES solve
  0 (restart 0) KSP residual norm 6.724826e+01
  1 (restart 0) KSP residual norm 5.765104e+01
  2 (restart 0) KSP residual norm 6.700022e+00
  3 (restart 0) KSP residual norm 1.819653e+00
  4 (restart 0) KSP residual norm 2.425071e-01
  5 (restart 0) KSP residual norm 5.028455e-02
  6 (restart 0) KSP residual norm 1.063042e-02
  7 (restart 0) KSP residual norm 2.624824e-03
  8 (restart 0) KSP residual norm 5.720402e-04
  9 (restart 0) KSP residual norm 1.372489e-04
 10 (restart 0) KSP residual norm 3.518705e-05
 11 (restart 0) KSP residual norm 9.975078e-06
 12 (restart 0) KSP residual norm 2.102523e-06
 13 (restart 0) KSP residual norm 5.328360e-07
GMRES solver converged in 13 iterations (avg. reduction factor: 2.381e-01)
  Residual norms for GMRES solve
  0 (restart 0) KSP residual norm 1.263313e+01
  1 (restart 0) KSP residual norm 1.174102e+01
  2 (restart 0) KSP residual norm 4.790050e+00
  3 (restart 0) KSP residual norm 3.883676e-01
  4 (restart 0) KSP residual norm 1.600224e-01
  5 (restart 0) KSP residual norm 4.702195e-02
  6 (restart 0) KSP residual norm 7.192160e-03
  7 (restart 0) KSP residual norm 1.604101e-03
  8 (restart 0) KSP residual norm 4.110576e-04
  9 (restart 0) KSP residual norm 9.809286e-05
 10 (restart 0) KSP residual norm 2.722272e-05
 11 (restart 0) KSP residual norm 6.947548e-06
 12 (restart 0) KSP residual norm 1.603776e-06
 13 (restart 0) KSP residual norm 3.791640e-07
 14 (restart 0) KSP residual norm 8.915482e-08
GMRES solver converged in 14 iterations (avg. reduction factor: 2.617e-01)
  Residual norms for GMRES solve
  0 (restart 0) KSP residual norm 8.297848e+00
  1 (restart 0) KSP residual norm 4.143390e+00
  2 (restart 0) KSP residual norm 4.049373e+00
  3 (restart 0) KSP residual norm 8.054805e-01
  4 (restart 0) KSP residual norm 1.658661e-01
  5 (restart 0) KSP residual norm 3.778799e-02
  6 (restart 0) KSP residual norm 5.996421e-03
  7 (restart 0) KSP residual norm 1.173861e-03
  8 (restart 0) KSP residual norm 3.092006e-04
  9 (restart 0) KSP residual norm 8.142777e-05
 10 (restart 0) KSP residual norm 2.228337e-05
 11 (restart 0) KSP residual norm 5.936702e-06
 12 (restart 0) KSP residual norm 1.358234e-06
 13 (restart 0) KSP residual norm 3.319532e-07
 14 (restart 0) KSP residual norm 7.085589e-08
GMRES solver converged in 14 iterations (avg. reduction factor: 2.653e-01)
  Residual norms for GMRES solve
  0 (restart 0) KSP residual norm 4.897518e+01
  1 (restart 0) KSP residual norm 9.276096e+00
  2 (restart 0) KSP residual norm 9.032328e+00
  3 (restart 0) KSP residual norm 1.838638e+00
  4 (restart 0) KSP residual norm 2.653412e-01
  5 (restart 0) KSP residual norm 7.043118e-02
  6 (restart 0) KSP residual norm 1.520823e-02
  7 (restart 0) KSP residual norm 2.803964e-03
  8 (restart 0) KSP residual norm 6.346874e-04
  9 (restart 0) KSP residual norm 1.694141e-04
 10 (restart 0) KSP residual norm 4.106222e-05
 11 (restart 0) KSP residual norm 1.286977e-05
 12 (restart 0) KSP residual norm 2.773073e-06
 13 (restart 0) KSP residual norm 6.543933e-07
 14 (restart 0) KSP residual norm 1.481695e-07
GMRES solver converged in 14 iterations (avg. reduction factor: 2.463e-01)
  Residual norms for GMRES solve
  0 (restart 0) KSP residual norm 5.755778e+01
  1 (restart 0) KSP residual norm 7.488500e+00
  2 (restart 0) KSP residual norm 4.350266e+00
  3 (restart 0) KSP residual norm 1.751802e+00
  4 (restart 0) KSP residual norm 2.468025e-01
  5 (restart 0) KSP residual norm 6.749300e-02
  6 (restart 0) KSP residual norm 1.413947e-02
  7 (restart 0) KSP residual norm 2.949617e-03
  8 (restart 0) KSP residual norm 6.245356e-04
  9 (restart 0) KSP residual norm 1.692938e-04
 10 (restart 0) KSP residual norm 4.074907e-05
 11 (restart 0) KSP residual norm 1.232360e-05
 12 (restart 0) KSP residual norm 2.853867e-06
 13 (restart 0) KSP residual norm 6.466883e-07
 14 (restart 0) KSP residual norm 1.536339e-07
GMRES solver converged in 14 iterations (avg. reduction factor: 2.441e-01)
  Residual norms for GMRES solve
  0 (restart 0) KSP residual norm 1.462089e+01
  1 (restart 0) KSP residual norm 3.804593e+00
  2 (restart 0) KSP residual norm 2.860311e+00
  3 (restart 0) KSP residual norm 1.779670e+00
  4 (restart 0) KSP residual norm 2.009857e-01
  5 (restart 0) KSP residual norm 3.659367e-02
  6 (restart 0) KSP residual norm 1.004379e-02
  7 (restart 0) KSP residual norm 1.728971e-03
  8 (restart 0) KSP residual norm 3.816744e-04
  9 (restart 0) KSP residual norm 8.074626e-05
 10 (restart 0) KSP residual norm 2.111378e-05
 11 (restart 0) KSP residual norm 6.159549e-06
 12 (restart 0) KSP residual norm 1.542026e-06
 13 (restart 0) KSP residual norm 3.884971e-07
 14 (restart 0) KSP residual norm 8.708261e-08
GMRES solver converged in 14 iterations (avg. reduction factor: 2.585e-01)
  Residual norms for GMRES solve
  0 (restart 0) KSP residual norm 5.318223e+00
  1 (restart 0) KSP residual norm 4.142274e+00
  2 (restart 0) KSP residual norm 2.516946e+00
  3 (restart 0) KSP residual norm 6.367741e-01
  4 (restart 0) KSP residual norm 1.522925e-01
  5 (restart 0) KSP residual norm 2.847320e-02
  6 (restart 0) KSP residual norm 7.151107e-03
  7 (restart 0) KSP residual norm 1.006012e-03
  8 (restart 0) KSP residual norm 2.991192e-04
  9 (restart 0) KSP residual norm 6.708418e-05
 10 (restart 0) KSP residual norm 1.968101e-05
 11 (restart 0) KSP residual norm 5.471666e-06
 12 (restart 0) KSP residual norm 1.333218e-06
 13 (restart 0) KSP residual norm 3.161271e-07
 14 (restart 0) KSP residual norm 8.240826e-08
 15 (restart 0) KSP residual norm 2.084567e-08
GMRES solver converged in 15 iterations (avg. reduction factor: 2.751e-01)
  Residual norms for GMRES solve
  0 (restart 0) KSP residual norm 8.429399e+00
  1 (restart 0) KSP residual norm 3.699308e+00
  2 (restart 0) KSP residual norm 3.407765e+00
  3 (restart 0) KSP residual norm 9.951790e-01
  4 (restart 0) KSP residual norm 1.364475e-01
  5 (restart 0) KSP residual norm 2.344410e-02
  6 (restart 0) KSP residual norm 5.549490e-03
  7 (restart 0) KSP residual norm 1.061914e-03
  8 (restart 0) KSP residual norm 2.923727e-04
  9 (restart 0) KSP residual norm 6.758296e-05
 10 (restart 0) KSP residual norm 2.059697e-05
 11 (restart 0) KSP residual norm 5.021818e-06
 12 (restart 0) KSP residual norm 1.309076e-06
 13 (restart 0) KSP residual norm 2.755412e-07
 14 (restart 0) KSP residual norm 6.669691e-08
GMRES solver converged in 14 iterations (avg. reduction factor: 2.638e-01)
  Residual norms for GMRES solve
  0 (restart 0) KSP residual norm 1.653009e+01
  1 (restart 0) KSP residual norm 6.667322e+00
  2 (restart 0) KSP residual norm 4.336561e+00
  3 (restart 0) KSP residual norm 1.204243e+00
  4 (restart 0) KSP residual norm 1.450862e-01
  5 (restart 0) KSP residual norm 3.077332e-02
  6 (restart 0) KSP residual norm 5.556653e-03
  7 (restart 0) KSP residual norm 1.366770e-03
  8 (restart 0) KSP residual norm 3.148665e-04
  9 (restart 0) KSP residual norm 7.892353e-05
 10 (restart 0) KSP residual norm 2.183959e-05
 11 (restart 0) KSP residual norm 5.307079e-06
 12 (restart 0) KSP residual norm 1.246310e-06
 13 (restart 0) KSP residual norm 2.680026e-07
 14 (restart 0) KSP residual norm 7.390636e-08
GMRES solver converged in 14 iterations (avg. reduction factor: 2.533e-01)
  Residual norms for GMRES solve
  0 (restart 0) KSP residual norm 1.339131e+01
  1 (restart 0) KSP residual norm 6.714942e+00
  2 (restart 0) KSP residual norm 6.466641e+00
  3 (restart 0) KSP residual norm 5.662043e-01
  4 (restart 0) KSP residual norm 1.951920e-01
  5 (restart 0) KSP residual norm 2.964687e-02
  6 (restart 0) KSP residual norm 7.056646e-03
  7 (restart 0) KSP residual norm 1.774150e-03
  8 (restart 0) KSP residual norm 4.608129e-04
  9 (restart 0) KSP residual norm 1.227163e-04
 10 (restart 0) KSP residual norm 3.148565e-05
 11 (restart 0) KSP residual norm 7.628446e-06
 12 (restart 0) KSP residual norm 1.660184e-06
 13 (restart 0) KSP residual norm 4.231615e-07
 14 (restart 0) KSP residual norm 9.342422e-08
GMRES solver converged in 14 iterations (avg. reduction factor: 2.615e-01)
  Residual norms for GMRES solve
  0 (restart 0) KSP residual norm 1.127566e+01
  1 (restart 0) KSP residual norm 4.228914e+00
  2 (restart 0) KSP residual norm 4.157954e+00
  3 (restart 0) KSP residual norm 1.349688e+00
  4 (restart 0) KSP residual norm 1.546503e-01
  5 (restart 0) KSP residual norm 2.476513e-02
  6 (restart 0) KSP residual norm 5.625765e-03
  7 (restart 0) KSP residual norm 1.390888e-03
  8 (restart 0) KSP residual norm 3.553327e-04
  9 (restart 0) KSP residual norm 9.488049e-05
 10 (restart 0) KSP residual norm 2.470162e-05
 11 (restart 0) KSP residual norm 6.161162e-06
 12 (restart 0) KSP residual norm 1.316292e-06
 13 (restart 0) KSP residual norm 2.849107e-07
 14 (restart 0) KSP residual norm 6.970339e-08
GMRES solver converged in 14 iterations (avg. reduction factor: 2.592e-01)
  Residual norms for GMRES solve
  0 (restart 0) KSP residual norm 8.095649e+00
  1 (restart 0) KSP residual norm 3.080675e+00
  2 (restart 0) KSP residual norm 2.817094e+00
  3 (restart 0) KSP residual norm 6.656549e-01
  4 (restart 0) KSP residual norm 1.138249e-01
  5 (restart 0) KSP residual norm 2.181548e-02
  6 (restart 0) KSP residual norm 3.887595e-03
  7 (restart 0) KSP residual norm 8.383687e-04
  8 (restart 0) KSP residual norm 2.023895e-04
  9 (restart 0) KSP residual norm 4.265360e-05
 10 (restart 0) KSP residual norm 1.199598e-05
 11 (restart 0) KSP residual norm 3.141206e-06
 12 (restart 0) KSP residual norm 7.574626e-07
 13 (restart 0) KSP residual norm 2.236140e-07
 14 (restart 0) KSP residual norm 4.447949e-08
GMRES solver converged in 14 iterations (avg. reduction factor: 2.570e-01)
  Residual norms for GMRES solve
  0 (restart 0) KSP residual norm 7.746381e+00
  1 (restart 0) KSP residual norm 4.835100e+00
  2 (restart 0) KSP residual norm 3.740490e+00
  3 (restart 0) KSP residual norm 8.290187e-01
  4 (restart 0) KSP residual norm 1.468456e-01
  5 (restart 0) KSP residual norm 2.986960e-02
  6 (restart 0) KSP residual norm 5.446982e-03
  7 (restart 0) KSP residual norm 9.447556e-04
  8 (restart 0) KSP residual norm 2.599200e-04
  9 (restart 0) KSP residual norm 6.155543e-05
 10 (restart 0) KSP residual norm 1.715554e-05
 11 (restart 0) KSP residual norm 4.762488e-06
 12 (restart 0) KSP residual norm 1.098748e-06
 13 (restart 0) KSP residual norm 2.639856e-07
 14 (restart 0) KSP residual norm 6.504133e-08
GMRES solver converged in 14 iterations (avg. reduction factor: 2.649e-01)
  Residual norms for GMRES solve
  0 (restart 0) KSP residual norm 7.415376e+00
  1 (restart 0) KSP residual norm 3.016649e+00
  2 (restart 0) KSP residual norm 2.365311e+00
  3 (restart 0) KSP residual norm 6.737777e-01
  4 (restart 0) KSP residual norm 1.865835e-01
  5 (restart 0) KSP residual norm 3.727253e-02
  6 (restart 0) KSP residual norm 7.327372e-03
  7 (restart 0) KSP residual norm 1.263573e-03
  8 (restart 0) KSP residual norm 3.686472e-04
  9 (restart 0) KSP residual norm 8.951931e-05
 10 (restart 0) KSP residual norm 2.355830e-05
 11 (restart 0) KSP residual norm 6.367975e-06
 12 (restart 0) KSP residual norm 1.444701e-06
 13 (restart 0) KSP residual norm 3.488923e-07
 14 (restart 0) KSP residual norm 8.282062e-08
 15 (restart 0) KSP residual norm 2.162379e-08
GMRES solver converged in 15 iterations (avg. reduction factor: 2.698e-01)
  Residual norms for GMRES solve
  0 (restart 0) KSP residual norm 7.144387e+00
  1 (restart 0) KSP residual norm 6.838260e+00
  2 (restart 0) KSP residual norm 3.414933e+00
  3 (restart 0) KSP residual norm 6.908951e-01
  4 (restart 0) KSP residual norm 1.573965e-01
  5 (restart 0) KSP residual norm 3.502066e-02
  6 (restart 0) KSP residual norm 7.695145e-03
  7 (restart 0) KSP residual norm 1.319013e-03
  8 (restart 0) KSP residual norm 3.721668e-04
  9 (restart 0) KSP residual norm 7.974010e-05
 10 (restart 0) KSP residual norm 2.375491e-05
 11 (restart 0) KSP residual norm 5.856791e-06
 12 (restart 0) KSP residual norm 1.539077e-06
 13 (restart 0) KSP residual norm 3.242508e-07
 14 (restart 0) KSP residual norm 8.421144e-08
 15 (restart 0) KSP residual norm 1.704551e-08
GMRES solver converged in 15 iterations (avg. reduction factor: 2.662e-01)
  Residual norms for GMRES solve
  0 (restart 0) KSP residual norm 7.080760e+00
  1 (restart 0) KSP residual norm 3.855182e+00
  2 (restart 0) KSP residual norm 3.747237e+00
  3 (restart 0) KSP residual norm 4.360049e-01
  4 (restart 0) KSP residual norm 1.112955e-01
  5 (restart 0) KSP residual norm 4.318823e-02
  6 (restart 0) KSP residual norm 7.522258e-03
  7 (restart 0) KSP residual norm 1.531984e-03
  8 (restart 0) KSP residual norm 3.750692e-04
  9 (restart 0) KSP residual norm 9.078246e-05
 10 (restart 0) KSP residual norm 2.607798e-05
 11 (restart 0) KSP residual norm 6.758582e-06
 12 (restart 0) KSP residual norm 1.641047e-06
 13 (restart 0) KSP residual norm 3.840080e-07
 14 (restart 0) KSP residual norm 9.208544e-08
 15 (restart 0) KSP residual norm 1.987882e-08
GMRES solver converged in 15 iterations (avg. reduction factor: 2.691e-01)
  Residual norms for GMRES solve
  0 (restart 0) KSP residual norm 7.565270e+00
  1 (restart 0) KSP residual norm 3.623133e+00
  2 (restart 0) KSP residual norm 3.478247e+00
  3 (restart 0) KSP residual norm 9.326078e-01
  4 (restart 0) KSP residual norm 2.204057e-01
  5 (restart 0) KSP residual norm 3.939003e-02
  6 (restart 0) KSP residual norm 7.722487e-03
  7 (restart 0) KSP residual norm 1.347602e-03
  8 (restart 0) KSP residual norm 3.417110e-04
  9 (restart 0) KSP residual norm 8.641487e-05
 10 (restart 0) KSP residual norm 2.319325e-05
 11 (restart 0) KSP residual norm 6.071607e-06
 12 (restart 0) KSP residual norm 1.213697e-06
 13 (restart 0) KSP residual norm 2.958395e-07
 14 (restart 0) KSP residual norm 6.807190e-08
GMRES solver converged in 14 iterations (avg. reduction factor: 2.663e-01)
  Residual norms for GMRES solve
  0 (restart 0) KSP residual norm 7.159172e+00
  1 (restart 0) KSP residual norm 5.959288e+00
  2 (restart 0) KSP residual norm 2.770068e+00
  3 (restart 0) KSP residual norm 8.177893e-01
  4 (restart 0) KSP residual norm 1.236721e-01
  5 (restart 0) KSP residual norm 2.743403e-02
  6 (restart 0) KSP residual norm 5.116640e-03
  7 (restart 0) KSP residual norm 1.145014e-03
  8 (restart 0) KSP residual norm 2.966776e-04
  9 (restart 0) KSP residual norm 6.680297e-05
 10 (restart 0) KSP residual norm 1.842677e-05
 11 (restart 0) KSP residual norm 4.689641e-06
 12 (restart 0) KSP residual norm 1.101171e-06
 13 (restart 0) KSP residual norm 2.649865e-07
 14 (restart 0) KSP residual norm 6.495659e-08
GMRES solver converged in 14 iterations (avg. reduction factor: 2.664e-01)
  1 EPS nconv=5 first unconverged value (error) 2.3189e-05+0.363154i (1.55770371e-02)
  Residual norms for GMRES solve
  0 (restart 0) KSP residual norm 5.530119e+00
  1 (restart 0) KSP residual norm 4.562665e+00
  2 (restart 0) KSP residual norm 2.230029e+00
  3 (restart 0) KSP residual norm 7.368617e-01
  4 (restart 0) KSP residual norm 1.017997e-01
  5 (restart 0) KSP residual norm 1.876064e-02
  6 (restart 0) KSP residual norm 4.075128e-03
  7 (restart 0) KSP residual norm 1.049960e-03
  8 (restart 0) KSP residual norm 2.443345e-04
  9 (restart 0) KSP residual norm 5.966717e-05
 10 (restart 0) KSP residual norm 1.694328e-05
 11 (restart 0) KSP residual norm 4.387172e-06
 12 (restart 0) KSP residual norm 9.130193e-07
 13 (restart 0) KSP residual norm 2.202861e-07
 14 (restart 0) KSP residual norm 5.589859e-08
 15 (restart 0) KSP residual norm 1.614765e-08
GMRES solver converged in 15 iterations (avg. reduction factor: 2.698e-01)
  Residual norms for GMRES solve
  0 (restart 0) KSP residual norm 8.158872e+00
  1 (restart 0) KSP residual norm 5.194316e+00
  2 (restart 0) KSP residual norm 3.739650e+00
  3 (restart 0) KSP residual norm 1.006597e+00
  4 (restart 0) KSP residual norm 1.342568e-01
  5 (restart 0) KSP residual norm 2.217901e-02
  6 (restart 0) KSP residual norm 5.552106e-03
  7 (restart 0) KSP residual norm 9.566963e-04
  8 (restart 0) KSP residual norm 2.336367e-04
  9 (restart 0) KSP residual norm 5.017334e-05
 10 (restart 0) KSP residual norm 1.435761e-05
 11 (restart 0) KSP residual norm 3.908065e-06
 12 (restart 0) KSP residual norm 9.454222e-07
 13 (restart 0) KSP residual norm 2.286614e-07
 14 (restart 0) KSP residual norm 6.437785e-08
GMRES solver converged in 14 iterations (avg. reduction factor: 2.638e-01)
  Residual norms for GMRES solve
  0 (restart 0) KSP residual norm 1.323539e+01
  1 (restart 0) KSP residual norm 3.786817e+00
  2 (restart 0) KSP residual norm 3.634283e+00
  3 (restart 0) KSP residual norm 1.281874e+00
  4 (restart 0) KSP residual norm 1.675288e-01
  5 (restart 0) KSP residual norm 2.766783e-02
  6 (restart 0) KSP residual norm 7.136045e-03
  7 (restart 0) KSP residual norm 1.286553e-03
  8 (restart 0) KSP residual norm 3.100611e-04
  9 (restart 0) KSP residual norm 6.664120e-05
 10 (restart 0) KSP residual norm 1.848014e-05
 11 (restart 0) KSP residual norm 5.610113e-06
 12 (restart 0) KSP residual norm 1.322476e-06
 13 (restart 0) KSP residual norm 3.613437e-07
 14 (restart 0) KSP residual norm 8.941838e-08
GMRES solver converged in 14 iterations (avg. reduction factor: 2.609e-01)
  Residual norms for GMRES solve
  0 (restart 0) KSP residual norm 1.001745e+01
  1 (restart 0) KSP residual norm 3.832236e+00
  2 (restart 0) KSP residual norm 3.749298e+00
  3 (restart 0) KSP residual norm 1.236844e+00
  4 (restart 0) KSP residual norm 1.694908e-01
  5 (restart 0) KSP residual norm 2.597410e-02
  6 (restart 0) KSP residual norm 6.303840e-03
  7 (restart 0) KSP residual norm 1.153630e-03
  8 (restart 0) KSP residual norm 2.915056e-04
  9 (restart 0) KSP residual norm 6.578921e-05
 10 (restart 0) KSP residual norm 1.920466e-05
 11 (restart 0) KSP residual norm 4.935974e-06
 12 (restart 0) KSP residual norm 1.279519e-06
 13 (restart 0) KSP residual norm 2.968098e-07
 14 (restart 0) KSP residual norm 6.760544e-08
GMRES solver converged in 14 iterations (avg. reduction factor: 2.608e-01)
  Residual norms for GMRES solve
  0 (restart 0) KSP residual norm 1.110104e+01
  1 (restart 0) KSP residual norm 1.011257e+01
  2 (restart 0) KSP residual norm 3.954403e+00
  3 (restart 0) KSP residual norm 1.052162e+00
  4 (restart 0) KSP residual norm 1.374037e-01
  5 (restart 0) KSP residual norm 3.318903e-02
  6 (restart 0) KSP residual norm 6.320025e-03
  7 (restart 0) KSP residual norm 1.422540e-03
  8 (restart 0) KSP residual norm 2.817136e-04
  9 (restart 0) KSP residual norm 7.151825e-05
 10 (restart 0) KSP residual norm 2.057801e-05
 11 (restart 0) KSP residual norm 5.158164e-06
 12 (restart 0) KSP residual norm 1.347596e-06
 13 (restart 0) KSP residual norm 3.103917e-07
 14 (restart 0) KSP residual norm 7.354584e-08
GMRES solver converged in 14 iterations (avg. reduction factor: 2.605e-01)
  Residual norms for GMRES solve
  0 (restart 0) KSP residual norm 1.078726e+01
  1 (restart 0) KSP residual norm 3.794566e+00
  2 (restart 0) KSP residual norm 2.976766e+00
  3 (restart 0) KSP residual norm 6.857784e-01
  4 (restart 0) KSP residual norm 1.932212e-01
  5 (restart 0) KSP residual norm 4.356647e-02
  6 (restart 0) KSP residual norm 8.338725e-03
  7 (restart 0) KSP residual norm 1.363132e-03
  8 (restart 0) KSP residual norm 3.271811e-04
  9 (restart 0) KSP residual norm 7.323040e-05
 10 (restart 0) KSP residual norm 2.134346e-05
 11 (restart 0) KSP residual norm 5.501039e-06
 12 (restart 0) KSP residual norm 1.390259e-06
 13 (restart 0) KSP residual norm 3.635680e-07
 14 (restart 0) KSP residual norm 8.452366e-08
GMRES solver converged in 14 iterations (avg. reduction factor: 2.636e-01)
  Residual norms for GMRES solve
  0 (restart 0) KSP residual norm 7.972977e+00
  1 (restart 0) KSP residual norm 7.556808e+00
  2 (restart 0) KSP residual norm 2.687873e+00
  3 (restart 0) KSP residual norm 6.318203e-01
  4 (restart 0) KSP residual norm 2.250167e-01
  5 (restart 0) KSP residual norm 4.283345e-02
  6 (restart 0) KSP residual norm 8.287528e-03
  7 (restart 0) KSP residual norm 1.256821e-03
  8 (restart 0) KSP residual norm 3.753722e-04
  9 (restart 0) KSP residual norm 8.511703e-05
 10 (restart 0) KSP residual norm 2.459381e-05
 11 (restart 0) KSP residual norm 6.574543e-06
 12 (restart 0) KSP residual norm 1.512116e-06
 13 (restart 0) KSP residual norm 3.568452e-07
 14 (restart 0) KSP residual norm 8.069869e-08
 15 (restart 0) KSP residual norm 1.840748e-08
GMRES solver converged in 15 iterations (avg. reduction factor: 2.656e-01)
  Residual norms for GMRES solve
  0 (restart 0) KSP residual norm 1.286486e+01
  1 (restart 0) KSP residual norm 3.013599e+00
  2 (restart 0) KSP residual norm 2.987546e+00
  3 (restart 0) KSP residual norm 1.141880e+00
  4 (restart 0) KSP residual norm 1.643026e-01
  5 (restart 0) KSP residual norm 3.007637e-02
  6 (restart 0) KSP residual norm 8.294411e-03
  7 (restart 0) KSP residual norm 1.510600e-03
  8 (restart 0) KSP residual norm 4.067075e-04
  9 (restart 0) KSP residual norm 9.779942e-05
 10 (restart 0) KSP residual norm 2.716940e-05
 11 (restart 0) KSP residual norm 6.616971e-06
 12 (restart 0) KSP residual norm 1.449917e-06
 13 (restart 0) KSP residual norm 3.499243e-07
 14 (restart 0) KSP residual norm 8.254999e-08
GMRES solver converged in 14 iterations (avg. reduction factor: 2.599e-01)
  Residual norms for GMRES solve
  0 (restart 0) KSP residual norm 1.169532e+01
  1 (restart 0) KSP residual norm 5.668212e+00
  2 (restart 0) KSP residual norm 3.407908e+00
  3 (restart 0) KSP residual norm 7.578282e-01
  4 (restart 0) KSP residual norm 1.034012e-01
  5 (restart 0) KSP residual norm 2.226213e-02
  6 (restart 0) KSP residual norm 5.274409e-03
  7 (restart 0) KSP residual norm 1.107690e-03
  8 (restart 0) KSP residual norm 2.426960e-04
  9 (restart 0) KSP residual norm 6.028717e-05
 10 (restart 0) KSP residual norm 1.625367e-05
 11 (restart 0) KSP residual norm 4.358633e-06
 12 (restart 0) KSP residual norm 9.912830e-07
 13 (restart 0) KSP residual norm 2.541132e-07
 14 (restart 0) KSP residual norm 6.160168e-08
GMRES solver converged in 14 iterations (avg. reduction factor: 2.563e-01)
  2 EPS nconv=5 first unconverged value (error) -5.26836e-06+0.363062i (2.04317467e-03)
  Residual norms for GMRES solve
  0 (restart 0) KSP residual norm 8.203920e+00
  1 (restart 0) KSP residual norm 5.832446e+00
  2 (restart 0) KSP residual norm 2.626090e+00
  3 (restart 0) KSP residual norm 8.772803e-01
  4 (restart 0) KSP residual norm 9.749417e-02
  5 (restart 0) KSP residual norm 1.978476e-02
  6 (restart 0) KSP residual norm 4.413056e-03
  7 (restart 0) KSP residual norm 1.017292e-03
  8 (restart 0) KSP residual norm 2.142788e-04
  9 (restart 0) KSP residual norm 4.990883e-05
 10 (restart 0) KSP residual norm 1.407896e-05
 11 (restart 0) KSP residual norm 4.113290e-06
 12 (restart 0) KSP residual norm 1.020651e-06
 13 (restart 0) KSP residual norm 2.547270e-07
 14 (restart 0) KSP residual norm 6.620157e-08
GMRES solver converged in 14 iterations (avg. reduction factor: 2.642e-01)
  Residual norms for GMRES solve
  0 (restart 0) KSP residual norm 1.244601e+01
  1 (restart 0) KSP residual norm 8.929488e+00
  2 (restart 0) KSP residual norm 3.905529e+00
  3 (restart 0) KSP residual norm 1.023921e+00
  4 (restart 0) KSP residual norm 1.460266e-01
  5 (restart 0) KSP residual norm 2.544954e-02
  6 (restart 0) KSP residual norm 5.713691e-03
  7 (restart 0) KSP residual norm 1.148728e-03
  8 (restart 0) KSP residual norm 3.348098e-04
  9 (restart 0) KSP residual norm 9.036333e-05
 10 (restart 0) KSP residual norm 2.582396e-05
 11 (restart 0) KSP residual norm 5.804371e-06
 12 (restart 0) KSP residual norm 1.271061e-06
 13 (restart 0) KSP residual norm 2.678130e-07
 14 (restart 0) KSP residual norm 6.964952e-08
GMRES solver converged in 14 iterations (avg. reduction factor: 2.574e-01)
  Residual norms for GMRES solve
  0 (restart 0) KSP residual norm 6.434445e+00
  1 (restart 0) KSP residual norm 5.743296e+00
  2 (restart 0) KSP residual norm 3.622669e+00
  3 (restart 0) KSP residual norm 5.597493e-01
  4 (restart 0) KSP residual norm 1.445515e-01
  5 (restart 0) KSP residual norm 2.806743e-02
  6 (restart 0) KSP residual norm 5.705738e-03
  7 (restart 0) KSP residual norm 1.144589e-03
  8 (restart 0) KSP residual norm 3.407797e-04
  9 (restart 0) KSP residual norm 8.121384e-05
 10 (restart 0) KSP residual norm 2.493044e-05
 11 (restart 0) KSP residual norm 4.773597e-06
 12 (restart 0) KSP residual norm 1.187397e-06
 13 (restart 0) KSP residual norm 2.601573e-07
 14 (restart 0) KSP residual norm 5.989504e-08
GMRES solver converged in 14 iterations (avg. reduction factor: 2.669e-01)
  Residual norms for GMRES solve
  0 (restart 0) KSP residual norm 9.460804e+00
  1 (restart 0) KSP residual norm 4.257888e+00
  2 (restart 0) KSP residual norm 3.943792e+00
  3 (restart 0) KSP residual norm 9.994528e-01
  4 (restart 0) KSP residual norm 1.696076e-01
  5 (restart 0) KSP residual norm 3.554220e-02
  6 (restart 0) KSP residual norm 7.314797e-03
  7 (restart 0) KSP residual norm 1.307863e-03
  8 (restart 0) KSP residual norm 2.859493e-04
  9 (restart 0) KSP residual norm 6.317963e-05
 10 (restart 0) KSP residual norm 1.657743e-05
 11 (restart 0) KSP residual norm 4.539673e-06
 12 (restart 0) KSP residual norm 1.183649e-06
 13 (restart 0) KSP residual norm 2.851632e-07
 14 (restart 0) KSP residual norm 7.174164e-08
GMRES solver converged in 14 iterations (avg. reduction factor: 2.630e-01)
  Residual norms for GMRES solve
  0 (restart 0) KSP residual norm 8.696905e+00
  1 (restart 0) KSP residual norm 7.971269e+00
  2 (restart 0) KSP residual norm 3.856649e+00
  3 (restart 0) KSP residual norm 7.202067e-01
  4 (restart 0) KSP residual norm 1.436310e-01
  5 (restart 0) KSP residual norm 3.543421e-02
  6 (restart 0) KSP residual norm 5.242103e-03
  7 (restart 0) KSP residual norm 1.238189e-03
  8 (restart 0) KSP residual norm 2.707980e-04
  9 (restart 0) KSP residual norm 5.996148e-05
 10 (restart 0) KSP residual norm 1.639803e-05
 11 (restart 0) KSP residual norm 4.335812e-06
 12 (restart 0) KSP residual norm 1.103536e-06
 13 (restart 0) KSP residual norm 2.508411e-07
 14 (restart 0) KSP residual norm 6.319313e-08
GMRES solver converged in 14 iterations (avg. reduction factor: 2.622e-01)
  Residual norms for GMRES solve
  0 (restart 0) KSP residual norm 6.401818e+00
  1 (restart 0) KSP residual norm 3.675630e+00
  2 (restart 0) KSP residual norm 2.965749e+00
  3 (restart 0) KSP residual norm 5.490898e-01
  4 (restart 0) KSP residual norm 1.261363e-01
  5 (restart 0) KSP residual norm 3.364382e-02
  6 (restart 0) KSP residual norm 6.963426e-03
  7 (restart 0) KSP residual norm 1.200488e-03
  8 (restart 0) KSP residual norm 3.553340e-04
  9 (restart 0) KSP residual norm 7.270383e-05
 10 (restart 0) KSP residual norm 2.235740e-05
 11 (restart 0) KSP residual norm 5.474843e-06
 12 (restart 0) KSP residual norm 1.221463e-06
 13 (restart 0) KSP residual norm 2.976047e-07
 14 (restart 0) KSP residual norm 6.928001e-08
 15 (restart 0) KSP residual norm 1.744976e-08
GMRES solver converged in 15 iterations (avg. reduction factor: 2.686e-01)
  Residual norms for GMRES solve
  0 (restart 0) KSP residual norm 8.558446e+00
  1 (restart 0) KSP residual norm 7.676472e+00
  2 (restart 0) KSP residual norm 4.041055e+00
  3 (restart 0) KSP residual norm 1.086983e+00
  4 (restart 0) KSP residual norm 2.371302e-01
  5 (restart 0) KSP residual norm 3.194878e-02
  6 (restart 0) KSP residual norm 6.976241e-03
  7 (restart 0) KSP residual norm 1.274424e-03
  8 (restart 0) KSP residual norm 3.461434e-04
  9 (restart 0) KSP residual norm 7.868231e-05
 10 (restart 0) KSP residual norm 2.071944e-05
 11 (restart 0) KSP residual norm 5.649462e-06
 12 (restart 0) KSP residual norm 1.354339e-06
 13 (restart 0) KSP residual norm 3.788741e-07
 14 (restart 0) KSP residual norm 7.319464e-08
GMRES solver converged in 14 iterations (avg. reduction factor: 2.653e-01)
  Residual norms for GMRES solve
  0 (restart 0) KSP residual norm 5.281194e+00
  1 (restart 0) KSP residual norm 3.347837e+00
  2 (restart 0) KSP residual norm 2.924380e+00
  3 (restart 0) KSP residual norm 4.363331e-01
  4 (restart 0) KSP residual norm 1.386353e-01
  5 (restart 0) KSP residual norm 2.272563e-02
  6 (restart 0) KSP residual norm 4.741448e-03
  7 (restart 0) KSP residual norm 8.525860e-04
  8 (restart 0) KSP residual norm 2.231951e-04
  9 (restart 0) KSP residual norm 5.419145e-05
 10 (restart 0) KSP residual norm 1.589371e-05
 11 (restart 0) KSP residual norm 4.642701e-06
 12 (restart 0) KSP residual norm 1.060453e-06
 13 (restart 0) KSP residual norm 2.315136e-07
 14 (restart 0) KSP residual norm 5.452662e-08
 15 (restart 0) KSP residual norm 1.522989e-08
GMRES solver converged in 15 iterations (avg. reduction factor: 2.696e-01)
  Residual norms for GMRES solve
  0 (restart 0) KSP residual norm 1.007770e+01
  1 (restart 0) KSP residual norm 6.559510e+00
  2 (restart 0) KSP residual norm 3.690504e+00
  3 (restart 0) KSP residual norm 9.825261e-01
  4 (restart 0) KSP residual norm 1.153374e-01
  5 (restart 0) KSP residual norm 2.472701e-02
  6 (restart 0) KSP residual norm 5.425658e-03
  7 (restart 0) KSP residual norm 1.212061e-03
  8 (restart 0) KSP residual norm 2.797167e-04
  9 (restart 0) KSP residual norm 7.303954e-05
 10 (restart 0) KSP residual norm 2.077216e-05
 11 (restart 0) KSP residual norm 4.984559e-06
 12 (restart 0) KSP residual norm 1.141508e-06
 13 (restart 0) KSP residual norm 2.566087e-07
 14 (restart 0) KSP residual norm 6.027678e-08
GMRES solver converged in 14 iterations (avg. reduction factor: 2.586e-01)
  3 EPS nconv=5 first unconverged value (error) -1.99865e-06+0.363054i (1.50406887e-03)
  Residual norms for GMRES solve
  0 (restart 0) KSP residual norm 1.181066e+01
  1 (restart 0) KSP residual norm 3.914136e+00
  2 (restart 0) KSP residual norm 3.669408e+00
  3 (restart 0) KSP residual norm 1.140858e+00
  4 (restart 0) KSP residual norm 8.059834e-02
  5 (restart 0) KSP residual norm 1.749682e-02
  6 (restart 0) KSP residual norm 3.901516e-03
  7 (restart 0) KSP residual norm 8.394360e-04
  8 (restart 0) KSP residual norm 1.714642e-04
  9 (restart 0) KSP residual norm 4.122328e-05
 10 (restart 0) KSP residual norm 1.065218e-05
 11 (restart 0) KSP residual norm 3.029822e-06
 12 (restart 0) KSP residual norm 7.033614e-07
 13 (restart 0) KSP residual norm 1.702615e-07
 14 (restart 0) KSP residual norm 3.960947e-08
GMRES solver converged in 14 iterations (avg. reduction factor: 2.481e-01)
  Residual norms for GMRES solve
  0 (restart 0) KSP residual norm 7.170300e+00
  1 (restart 0) KSP residual norm 3.771113e+00
  2 (restart 0) KSP residual norm 2.337594e+00
  3 (restart 0) KSP residual norm 5.815171e-01
  4 (restart 0) KSP residual norm 7.630320e-02
  5 (restart 0) KSP residual norm 1.866407e-02
  6 (restart 0) KSP residual norm 3.272032e-03
  7 (restart 0) KSP residual norm 8.077299e-04
  8 (restart 0) KSP residual norm 1.874918e-04
  9 (restart 0) KSP residual norm 4.621603e-05
 10 (restart 0) KSP residual norm 1.311396e-05
 11 (restart 0) KSP residual norm 3.022447e-06
 12 (restart 0) KSP residual norm 7.375489e-07
 13 (restart 0) KSP residual norm 1.664829e-07
 14 (restart 0) KSP residual norm 3.875271e-08
GMRES solver converged in 14 iterations (avg. reduction factor: 2.567e-01)
  Residual norms for GMRES solve
  0 (restart 0) KSP residual norm 7.822356e+00
  1 (restart 0) KSP residual norm 2.718863e+00
  2 (restart 0) KSP residual norm 1.623506e+00
  3 (restart 0) KSP residual norm 3.042566e-01
  4 (restart 0) KSP residual norm 9.545182e-02
  5 (restart 0) KSP residual norm 2.478015e-02
  6 (restart 0) KSP residual norm 3.410718e-03
  7 (restart 0) KSP residual norm 8.348589e-04
  8 (restart 0) KSP residual norm 2.010538e-04
  9 (restart 0) KSP residual norm 3.857323e-05
 10 (restart 0) KSP residual norm 1.047341e-05
 11 (restart 0) KSP residual norm 2.776107e-06
 12 (restart 0) KSP residual norm 8.090612e-07
 13 (restart 0) KSP residual norm 1.950448e-07
 14 (restart 0) KSP residual norm 5.427522e-08
GMRES solver converged in 14 iterations (avg. reduction factor: 2.614e-01)
  Residual norms for GMRES solve
  0 (restart 0) KSP residual norm 7.099788e+00
  1 (restart 0) KSP residual norm 2.863070e+00
  2 (restart 0) KSP residual norm 2.860891e+00
  3 (restart 0) KSP residual norm 6.543554e-01
  4 (restart 0) KSP residual norm 1.107072e-01
  5 (restart 0) KSP residual norm 2.235098e-02
  6 (restart 0) KSP residual norm 4.270613e-03
  7 (restart 0) KSP residual norm 9.299375e-04
  8 (restart 0) KSP residual norm 2.693647e-04
  9 (restart 0) KSP residual norm 6.120819e-05
 10 (restart 0) KSP residual norm 2.027540e-05
 11 (restart 0) KSP residual norm 4.337012e-06
 12 (restart 0) KSP residual norm 1.105559e-06
 13 (restart 0) KSP residual norm 2.288669e-07
 14 (restart 0) KSP residual norm 4.934526e-08
GMRES solver converged in 14 iterations (avg. reduction factor: 2.614e-01)
  Residual norms for GMRES solve
  0 (restart 0) KSP residual norm 7.630075e+00
  1 (restart 0) KSP residual norm 7.523467e+00
  2 (restart 0) KSP residual norm 3.486006e+00
  3 (restart 0) KSP residual norm 6.829551e-01
  4 (restart 0) KSP residual norm 1.123203e-01
  5 (restart 0) KSP residual norm 2.190627e-02
  6 (restart 0) KSP residual norm 3.527027e-03
  7 (restart 0) KSP residual norm 8.383775e-04
  8 (restart 0) KSP residual norm 1.936750e-04
  9 (restart 0) KSP residual norm 4.900763e-05
 10 (restart 0) KSP residual norm 1.404468e-05
 11 (restart 0) KSP residual norm 3.602862e-06
 12 (restart 0) KSP residual norm 8.888806e-07
 13 (restart 0) KSP residual norm 1.973695e-07
 14 (restart 0) KSP residual norm 5.516458e-08
GMRES solver converged in 14 iterations (avg. reduction factor: 2.621e-01)
  Residual norms for GMRES solve
  0 (restart 0) KSP residual norm 1.652776e+01
  1 (restart 0) KSP residual norm 9.809044e+00
  2 (restart 0) KSP residual norm 4.144845e+00
  3 (restart 0) KSP residual norm 1.042760e+00
  4 (restart 0) KSP residual norm 1.014572e-01
  5 (restart 0) KSP residual norm 2.388905e-02
  6 (restart 0) KSP residual norm 4.933319e-03
  7 (restart 0) KSP residual norm 1.188357e-03
  8 (restart 0) KSP residual norm 3.122252e-04
  9 (restart 0) KSP residual norm 7.636099e-05
 10 (restart 0) KSP residual norm 2.107201e-05
 11 (restart 0) KSP residual norm 5.429744e-06
 12 (restart 0) KSP residual norm 1.032679e-06
 13 (restart 0) KSP residual norm 2.608799e-07
 14 (restart 0) KSP residual norm 5.596192e-08
GMRES solver converged in 14 iterations (avg. reduction factor: 2.483e-01)
  Residual norms for GMRES solve
  0 (restart 0) KSP residual norm 7.890090e+00
  1 (restart 0) KSP residual norm 4.180950e+00
  2 (restart 0) KSP residual norm 3.246753e+00
  3 (restart 0) KSP residual norm 1.089211e+00
  4 (restart 0) KSP residual norm 1.296552e-01
  5 (restart 0) KSP residual norm 2.174562e-02
  6 (restart 0) KSP residual norm 4.597468e-03
  7 (restart 0) KSP residual norm 8.667933e-04
  8 (restart 0) KSP residual norm 2.240426e-04
  9 (restart 0) KSP residual norm 6.063082e-05
 10 (restart 0) KSP residual norm 1.711342e-05
 11 (restart 0) KSP residual norm 4.386247e-06
 12 (restart 0) KSP residual norm 9.779982e-07
 13 (restart 0) KSP residual norm 2.244765e-07
 14 (restart 0) KSP residual norm 5.181943e-08
GMRES solver converged in 14 iterations (avg. reduction factor: 2.603e-01)
  Residual norms for GMRES solve
  0 (restart 0) KSP residual norm 5.736231e+00
  1 (restart 0) KSP residual norm 5.331514e+00
  2 (restart 0) KSP residual norm 3.620160e+00
  3 (restart 0) KSP residual norm 7.034634e-01
  4 (restart 0) KSP residual norm 1.622836e-01
  5 (restart 0) KSP residual norm 2.398801e-02
  6 (restart 0) KSP residual norm 5.447971e-03
  7 (restart 0) KSP residual norm 9.113980e-04
  8 (restart 0) KSP residual norm 2.513636e-04
  9 (restart 0) KSP residual norm 7.090221e-05
 10 (restart 0) KSP residual norm 1.786127e-05
 11 (restart 0) KSP residual norm 4.821989e-06
 12 (restart 0) KSP residual norm 1.021748e-06
 13 (restart 0) KSP residual norm 2.061805e-07
 14 (restart 0) KSP residual norm 5.147527e-08
GMRES solver converged in 14 iterations (avg. reduction factor: 2.662e-01)
  Residual norms for GMRES solve
  0 (restart 0) KSP residual norm 7.330156e+00
  1 (restart 0) KSP residual norm 7.165652e+00
  2 (restart 0) KSP residual norm 3.258789e+00
  3 (restart 0) KSP residual norm 4.442859e-01
  4 (restart 0) KSP residual norm 1.032568e-01
  5 (restart 0) KSP residual norm 2.397311e-02
  6 (restart 0) KSP residual norm 4.707474e-03
  7 (restart 0) KSP residual norm 9.140267e-04
  8 (restart 0) KSP residual norm 2.364172e-04
  9 (restart 0) KSP residual norm 5.863105e-05
 10 (restart 0) KSP residual norm 1.519277e-05
 11 (restart 0) KSP residual norm 3.992112e-06
 12 (restart 0) KSP residual norm 9.895606e-07
 13 (restart 0) KSP residual norm 2.406734e-07
 14 (restart 0) KSP residual norm 6.260614e-08
GMRES solver converged in 14 iterations (avg. reduction factor: 2.653e-01)
  4 EPS nconv=11 first unconverged value (error) -8.2358e-06+0.400761i (1.20731870e-03)

 Linear eigensolve converged (11 eigenpairs) due to CONVERGED_TOL; iterations 4
 Total number of linear systems solved: 50
 Total number of linear solver iterations: 705
 Found 11 converged eigenvalues (first = -2.232e-04+9.038e+00i)

 Refining eigenvalues with Quasi-Newton solver
  Residual norms for GMRES solve
  0 (restart 0) KSP residual norm 8.432075e+00
  1 (restart 0) KSP residual norm 6.533328e-01
  2 (restart 0) KSP residual norm 6.521310e-01
  3 (restart 0) KSP residual norm 3.472358e-01
  4 (restart 0) KSP residual norm 2.833286e-01
  5 (restart 0) KSP residual norm 2.831255e-01
  6 (restart 0) KSP residual norm 2.763904e-01
  7 (restart 0) KSP residual norm 1.840821e-01
  8 (restart 0) KSP residual norm 1.193030e-01
  9 (restart 0) KSP residual norm 8.698970e-02
 10 (restart 0) KSP residual norm 6.863811e-02
 11 (restart 0) KSP residual norm 6.848915e-02
 12 (restart 0) KSP residual norm 5.630973e-02
 13 (restart 0) KSP residual norm 4.964032e-02
 14 (restart 0) KSP residual norm 4.912159e-02
 15 (restart 0) KSP residual norm 4.884042e-02
 16 (restart 0) KSP residual norm 4.883411e-02
 17 (restart 0) KSP residual norm 4.879950e-02
 18 (restart 0) KSP residual norm 4.856344e-02
 19 (restart 0) KSP residual norm 4.566349e-02
 20 (restart 0) KSP residual norm 2.386558e-02
 21 (restart 0) KSP residual norm 6.410222e-03
 22 (restart 0) KSP residual norm 1.541619e-03
 23 (restart 0) KSP residual norm 3.752043e-04
GMRES solver converged in 23 iterations (avg. reduction factor: 6.468e-01)
0 NLEPS (nconv=0, restart=0) residual norm 7.600988e-04
  Residual norms for GMRES solve
  0 (restart 0) KSP residual norm 3.359819e-06
  1 (restart 0) KSP residual norm 1.004960e-06
  2 (restart 0) KSP residual norm 7.769469e-07
  3 (restart 0) KSP residual norm 6.290991e-07
  4 (restart 0) KSP residual norm 3.998289e-07
  5 (restart 0) KSP residual norm 3.194524e-07
  6 (restart 0) KSP residual norm 3.172164e-07
  7 (restart 0) KSP residual norm 3.154474e-07
  8 (restart 0) KSP residual norm 3.143216e-07
  9 (restart 0) KSP residual norm 3.061665e-07
 10 (restart 0) KSP residual norm 3.005347e-07
 11 (restart 0) KSP residual norm 2.998110e-07
 12 (restart 0) KSP residual norm 2.995940e-07
 13 (restart 0) KSP residual norm 2.983989e-07
 14 (restart 0) KSP residual norm 2.975760e-07
 15 (restart 0) KSP residual norm 2.967890e-07
 16 (restart 0) KSP residual norm 2.957685e-07
 17 (restart 0) KSP residual norm 2.954601e-07
 18 (restart 0) KSP residual norm 2.784517e-07
 19 (restart 0) KSP residual norm 1.794913e-07
 20 (restart 0) KSP residual norm 6.086422e-08
 21 (restart 0) KSP residual norm 1.653769e-08
 22 (restart 0) KSP residual norm 3.894297e-09
 23 (restart 0) KSP residual norm 1.050486e-09
 24 (restart 0) KSP residual norm 2.786038e-10
GMRES solver converged in 24 iterations (avg. reduction factor: 6.760e-01)
1 NLEPS (nconv=0, restart=0) residual norm 1.753335e-06
  Residual norms for GMRES solve
  0 (restart 0) KSP residual norm 1.135553e-09
  1 (restart 0) KSP residual norm 1.134188e-09
  2 (restart 0) KSP residual norm 1.116362e-09
  3 (restart 0) KSP residual norm 1.070194e-09
  4 (restart 0) KSP residual norm 8.493262e-10
  5 (restart 0) KSP residual norm 6.921090e-10
  6 (restart 0) KSP residual norm 6.383602e-10
  7 (restart 0) KSP residual norm 5.622265e-10
  8 (restart 0) KSP residual norm 5.465403e-10
  9 (restart 0) KSP residual norm 4.968908e-10
 10 (restart 0) KSP residual norm 4.590186e-10
 11 (restart 0) KSP residual norm 4.162056e-10
 12 (restart 0) KSP residual norm 3.674584e-10
 13 (restart 0) KSP residual norm 3.310211e-10
 14 (restart 0) KSP residual norm 3.186848e-10
 15 (restart 0) KSP residual norm 3.094966e-10
 16 (restart 0) KSP residual norm 3.051762e-10
 17 (restart 0) KSP residual norm 3.020992e-10
 18 (restart 0) KSP residual norm 2.977296e-10
 19 (restart 0) KSP residual norm 2.880713e-10
 20 (restart 0) KSP residual norm 2.636597e-10
 21 (restart 0) KSP residual norm 8.533770e-11
 22 (restart 0) KSP residual norm 2.070056e-11
 23 (restart 0) KSP residual norm 5.315750e-12
 24 (restart 0) KSP residual norm 1.529289e-12
 25 (restart 0) KSP residual norm 4.087332e-13
GMRES solver converged in 25 iterations (avg. reduction factor: 7.282e-01)
2 NLEPS (nconv=0, restart=0) residual norm 4.261641e-09
Eigenvalue 0, Quasi-Newton converged in 2 iterations (-2.231e-04+9.038e+00i).
  Residual norms for GMRES solve
  0 (restart 0) KSP residual norm 8.431775e+00
  1 (restart 0) KSP residual norm 6.519060e-01
  2 (restart 0) KSP residual norm 6.504514e-01
  3 (restart 0) KSP residual norm 3.568778e-01
  4 (restart 0) KSP residual norm 2.978241e-01
  5 (restart 0) KSP residual norm 2.944643e-01
  6 (restart 0) KSP residual norm 2.801812e-01
  7 (restart 0) KSP residual norm 1.897727e-01
  8 (restart 0) KSP residual norm 1.238924e-01
  9 (restart 0) KSP residual norm 8.539976e-02
 10 (restart 0) KSP residual norm 5.468789e-02
 11 (restart 0) KSP residual norm 4.344965e-02
 12 (restart 0) KSP residual norm 3.702319e-02
 13 (restart 0) KSP residual norm 3.513595e-02
 14 (restart 0) KSP residual norm 3.433511e-02
 15 (restart 0) KSP residual norm 3.425403e-02
 16 (restart 0) KSP residual norm 3.419420e-02
 17 (restart 0) KSP residual norm 3.385710e-02
 18 (restart 0) KSP residual norm 3.381460e-02
 19 (restart 0) KSP residual norm 3.291619e-02
 20 (restart 0) KSP residual norm 2.134855e-02
 21 (restart 0) KSP residual norm 6.738533e-03
 22 (restart 0) KSP residual norm 1.634498e-03
 23 (restart 0) KSP residual norm 3.985187e-04
GMRES solver converged in 23 iterations (avg. reduction factor: 6.485e-01)
0 NLEPS (nconv=1, restart=0) residual norm 1.041836e-01
  Residual norms for GMRES solve
  0 (restart 0) KSP residual norm 6.442465e+00
  1 (restart 0) KSP residual norm 1.954246e+00
  2 (restart 0) KSP residual norm 1.483719e+00
  3 (restart 0) KSP residual norm 1.233892e+00
  4 (restart 0) KSP residual norm 6.959761e-01
  5 (restart 0) KSP residual norm 4.019393e-01
  6 (restart 0) KSP residual norm 2.503995e-01
  7 (restart 0) KSP residual norm 1.869084e-01
  8 (restart 0) KSP residual norm 1.653726e-01
  9 (restart 0) KSP residual norm 1.648360e-01
 10 (restart 0) KSP residual norm 1.260677e-01
 11 (restart 0) KSP residual norm 4.322998e-02
 12 (restart 0) KSP residual norm 1.186281e-02
 13 (restart 0) KSP residual norm 7.728741e-03
 14 (restart 0) KSP residual norm 7.548530e-03
 15 (restart 0) KSP residual norm 7.533104e-03
 16 (restart 0) KSP residual norm 7.426544e-03
 17 (restart 0) KSP residual norm 7.410849e-03
 18 (restart 0) KSP residual norm 7.395282e-03
 19 (restart 0) KSP residual norm 7.390831e-03
 20 (restart 0) KSP residual norm 7.373771e-03
 21 (restart 0) KSP residual norm 7.234965e-03
 22 (restart 0) KSP residual norm 4.815238e-03
 23 (restart 0) KSP residual norm 1.614583e-03
 24 (restart 0) KSP residual norm 4.636820e-04
GMRES solver converged in 24 iterations (avg. reduction factor: 6.720e-01)
1 NLEPS (nconv=1, restart=0) residual norm 1.448975e-03
  Residual norms for GMRES solve
  0 (restart 0) KSP residual norm 1.134480e-07
  1 (restart 0) KSP residual norm 8.462017e-08
  2 (restart 0) KSP residual norm 7.623369e-08
  3 (restart 0) KSP residual norm 7.336965e-08
  4 (restart 0) KSP residual norm 6.535959e-08
  5 (restart 0) KSP residual norm 4.013130e-08
  6 (restart 0) KSP residual norm 1.388166e-08
  7 (restart 0) KSP residual norm 4.502943e-09
  8 (restart 0) KSP residual norm 2.101977e-09
  9 (restart 0) KSP residual norm 1.758644e-09
 10 (restart 0) KSP residual norm 1.497031e-09
 11 (restart 0) KSP residual norm 1.333291e-09
 12 (restart 0) KSP residual norm 1.161197e-09
 13 (restart 0) KSP residual norm 9.050540e-10
 14 (restart 0) KSP residual norm 7.643500e-10
 15 (restart 0) KSP residual norm 6.378831e-10
 16 (restart 0) KSP residual norm 5.274696e-10
 17 (restart 0) KSP residual norm 3.948109e-10
 18 (restart 0) KSP residual norm 2.987754e-10
 19 (restart 0) KSP residual norm 2.500352e-10
 20 (restart 0) KSP residual norm 2.200326e-10
 21 (restart 0) KSP residual norm 2.001378e-10
 22 (restart 0) KSP residual norm 1.915559e-10
 23 (restart 0) KSP residual norm 1.293331e-10
 24 (restart 0) KSP residual norm 6.188158e-11
 25 (restart 0) KSP residual norm 1.072079e-11
GMRES solver converged in 25 iterations (avg. reduction factor: 6.903e-01)
2 NLEPS (nconv=1, restart=0) residual norm 6.378311e-07
  Residual norms for GMRES solve
  0 (restart 0) KSP residual norm 1.725661e-09
  1 (restart 0) KSP residual norm 4.123554e-10
  2 (restart 0) KSP residual norm 2.892153e-10
  3 (restart 0) KSP residual norm 2.788480e-10
  4 (restart 0) KSP residual norm 2.188215e-10
  5 (restart 0) KSP residual norm 2.166189e-10
  6 (restart 0) KSP residual norm 1.586634e-10
  7 (restart 0) KSP residual norm 1.414102e-10
  8 (restart 0) KSP residual norm 1.410426e-10
  9 (restart 0) KSP residual norm 1.397687e-10
 10 (restart 0) KSP residual norm 1.365270e-10
 11 (restart 0) KSP residual norm 1.345295e-10
 12 (restart 0) KSP residual norm 1.322191e-10
 13 (restart 0) KSP residual norm 1.309240e-10
 14 (restart 0) KSP residual norm 1.308433e-10
 15 (restart 0) KSP residual norm 1.305523e-10
 16 (restart 0) KSP residual norm 1.303615e-10
 17 (restart 0) KSP residual norm 1.280325e-10
 18 (restart 0) KSP residual norm 1.262542e-10
 19 (restart 0) KSP residual norm 1.003310e-10
 20 (restart 0) KSP residual norm 4.178716e-11
 21 (restart 0) KSP residual norm 1.036338e-11
 22 (restart 0) KSP residual norm 2.501123e-12
 23 (restart 0) KSP residual norm 6.475526e-13
GMRES solver converged in 23 iterations (avg. reduction factor: 7.097e-01)
3 NLEPS (nconv=1, restart=0) residual norm 3.700686e-09
Eigenvalue 1, Quasi-Newton converged in 3 iterations (-2.231e-04+9.038e+00i).
  Residual norms for GMRES solve
  0 (restart 0) KSP residual norm 8.426327e+00
  1 (restart 0) KSP residual norm 6.256154e-01
  2 (restart 0) KSP residual norm 6.152648e-01
  3 (restart 0) KSP residual norm 6.132095e-01
  4 (restart 0) KSP residual norm 1.866501e-01
  5 (restart 0) KSP residual norm 1.656581e-01
  6 (restart 0) KSP residual norm 1.644169e-01
  7 (restart 0) KSP residual norm 1.562497e-01
  8 (restart 0) KSP residual norm 1.473742e-01
  9 (restart 0) KSP residual norm 1.468127e-01
 10 (restart 0) KSP residual norm 1.425413e-01
 11 (restart 0) KSP residual norm 1.397992e-01
 12 (restart 0) KSP residual norm 1.385904e-01
 13 (restart 0) KSP residual norm 1.362466e-01
 14 (restart 0) KSP residual norm 1.361669e-01
 15 (restart 0) KSP residual norm 1.353957e-01
 16 (restart 0) KSP residual norm 1.343192e-01
 17 (restart 0) KSP residual norm 1.202951e-01
 18 (restart 0) KSP residual norm 5.006159e-02
 19 (restart 0) KSP residual norm 1.526132e-02
 20 (restart 0) KSP residual norm 3.275198e-03
 21 (restart 0) KSP residual norm 8.072242e-04
GMRES solver converged in 21 iterations (avg. reduction factor: 6.436e-01)
0 NLEPS (nconv=2, restart=0) residual norm 1.146387e-01
  Residual norms for GMRES solve
  0 (restart 0) KSP residual norm 7.567140e+00
  1 (restart 0) KSP residual norm 2.187535e+00
  2 (restart 0) KSP residual norm 1.807217e+00
  3 (restart 0) KSP residual norm 9.149194e-01
  4 (restart 0) KSP residual norm 7.728279e-01
  5 (restart 0) KSP residual norm 5.350921e-01
  6 (restart 0) KSP residual norm 3.883546e-01
  7 (restart 0) KSP residual norm 2.096216e-01
  8 (restart 0) KSP residual norm 3.806011e-02
  9 (restart 0) KSP residual norm 1.330024e-02
 10 (restart 0) KSP residual norm 9.049140e-03
 11 (restart 0) KSP residual norm 8.593869e-03
 12 (restart 0) KSP residual norm 8.526787e-03
 13 (restart 0) KSP residual norm 8.443853e-03
 14 (restart 0) KSP residual norm 8.387308e-03
 15 (restart 0) KSP residual norm 8.385719e-03
 16 (restart 0) KSP residual norm 8.369242e-03
 17 (restart 0) KSP residual norm 8.290334e-03
 18 (restart 0) KSP residual norm 8.284341e-03
 19 (restart 0) KSP residual norm 8.216118e-03
 20 (restart 0) KSP residual norm 7.327804e-03
 21 (restart 0) KSP residual norm 3.213093e-03
 22 (restart 0) KSP residual norm 8.110114e-04
 23 (restart 0) KSP residual norm 1.840875e-04
GMRES solver converged in 23 iterations (avg. reduction factor: 6.301e-01)
1 NLEPS (nconv=2, restart=0) residual norm 6.912571e-04
  Residual norms for GMRES solve
  0 (restart 0) KSP residual norm 6.408897e-08
  1 (restart 0) KSP residual norm 3.444588e-08
  2 (restart 0) KSP residual norm 3.021048e-08
  3 (restart 0) KSP residual norm 1.651535e-08
  4 (restart 0) KSP residual norm 8.104448e-09
  5 (restart 0) KSP residual norm 7.501989e-09
  6 (restart 0) KSP residual norm 7.320658e-09
  7 (restart 0) KSP residual norm 5.160934e-09
  8 (restart 0) KSP residual norm 1.319596e-09
  9 (restart 0) KSP residual norm 3.353022e-10
 10 (restart 0) KSP residual norm 8.224329e-11
 11 (restart 0) KSP residual norm 5.097819e-11
 12 (restart 0) KSP residual norm 4.563088e-11
 13 (restart 0) KSP residual norm 4.542278e-11
 14 (restart 0) KSP residual norm 4.496499e-11
 15 (restart 0) KSP residual norm 4.420075e-11
 16 (restart 0) KSP residual norm 4.419124e-11
 17 (restart 0) KSP residual norm 4.396033e-11
 18 (restart 0) KSP residual norm 4.374109e-11
 19 (restart 0) KSP residual norm 4.372740e-11
 20 (restart 0) KSP residual norm 4.340689e-11
 21 (restart 0) KSP residual norm 4.141502e-11
 22 (restart 0) KSP residual norm 3.252352e-11
 23 (restart 0) KSP residual norm 1.378116e-11
 24 (restart 0) KSP residual norm 2.755617e-12
GMRES solver converged in 24 iterations (avg. reduction factor: 6.577e-01)
2 NLEPS (nconv=2, restart=0) residual norm 1.162244e-07
  Residual norms for GMRES solve
  0 (restart 0) KSP residual norm 3.242923e-11
  1 (restart 0) KSP residual norm 2.527714e-11
  2 (restart 0) KSP residual norm 2.523784e-11
  3 (restart 0) KSP residual norm 2.317467e-11
  4 (restart 0) KSP residual norm 2.261247e-11
  5 (restart 0) KSP residual norm 1.671069e-11
  6 (restart 0) KSP residual norm 1.583467e-11
  7 (restart 0) KSP residual norm 1.573505e-11
  8 (restart 0) KSP residual norm 1.512959e-11
  9 (restart 0) KSP residual norm 1.511907e-11
 10 (restart 0) KSP residual norm 1.504800e-11
 11 (restart 0) KSP residual norm 1.488373e-11
 12 (restart 0) KSP residual norm 1.479357e-11
 13 (restart 0) KSP residual norm 1.473439e-11
 14 (restart 0) KSP residual norm 1.473304e-11
 15 (restart 0) KSP residual norm 1.450752e-11
 16 (restart 0) KSP residual norm 1.442796e-11
 17 (restart 0) KSP residual norm 1.112029e-11
 18 (restart 0) KSP residual norm 4.801827e-12
 19 (restart 0) KSP residual norm 1.374586e-12
 20 (restart 0) KSP residual norm 3.436607e-13
GMRES solver converged in 20 iterations (avg. reduction factor: 7.966e-01)
3 NLEPS (nconv=2, restart=0) residual norm 1.989040e-09
Eigenvalue 2, Quasi-Newton converged in 3 iterations (-1.018e-04+9.041e+00i).
  Residual norms for GMRES solve
  0 (restart 0) KSP residual norm 7.494816e+00
  1 (restart 0) KSP residual norm 7.092301e-01
  2 (restart 0) KSP residual norm 3.939988e-01
  3 (restart 0) KSP residual norm 2.797432e-01
  4 (restart 0) KSP residual norm 1.797815e-01
  5 (restart 0) KSP residual norm 1.521475e-01
  6 (restart 0) KSP residual norm 1.515634e-01
  7 (restart 0) KSP residual norm 1.503899e-01
  8 (restart 0) KSP residual norm 1.367218e-01
  9 (restart 0) KSP residual norm 1.313650e-01
 10 (restart 0) KSP residual norm 1.287485e-01
 11 (restart 0) KSP residual norm 1.277843e-01
 12 (restart 0) KSP residual norm 1.178710e-01
 13 (restart 0) KSP residual norm 1.178308e-01
 14 (restart 0) KSP residual norm 1.166744e-01
 15 (restart 0) KSP residual norm 1.089178e-01
 16 (restart 0) KSP residual norm 8.319781e-02
 17 (restart 0) KSP residual norm 4.078616e-02
 18 (restart 0) KSP residual norm 1.386874e-02
 19 (restart 0) KSP residual norm 3.343313e-03
 20 (restart 0) KSP residual norm 9.502517e-04
 21 (restart 0) KSP residual norm 3.086160e-04
GMRES solver converged in 21 iterations (avg. reduction factor: 6.183e-01)
0 NLEPS (nconv=3, restart=0) residual norm 1.558511e-01
  Residual norms for GMRES solve
  0 (restart 0) KSP residual norm 1.301530e+00
  1 (restart 0) KSP residual norm 5.695121e-01
  2 (restart 0) KSP residual norm 1.169397e-01
  3 (restart 0) KSP residual norm 1.037281e-01
  4 (restart 0) KSP residual norm 8.347791e-02
  5 (restart 0) KSP residual norm 7.450093e-02
  6 (restart 0) KSP residual norm 7.109789e-02
  7 (restart 0) KSP residual norm 5.555717e-02
  8 (restart 0) KSP residual norm 4.638607e-02
  9 (restart 0) KSP residual norm 4.345865e-02
 10 (restart 0) KSP residual norm 4.271222e-02
 11 (restart 0) KSP residual norm 4.222349e-02
 12 (restart 0) KSP residual norm 4.141528e-02
 13 (restart 0) KSP residual norm 4.045282e-02
 14 (restart 0) KSP residual norm 4.040897e-02
 15 (restart 0) KSP residual norm 3.997907e-02
 16 (restart 0) KSP residual norm 3.855208e-02
 17 (restart 0) KSP residual norm 3.828674e-02
 18 (restart 0) KSP residual norm 2.578435e-02
 19 (restart 0) KSP residual norm 7.747143e-03
 20 (restart 0) KSP residual norm 2.489095e-03
 21 (restart 0) KSP residual norm 7.937609e-04
 22 (restart 0) KSP residual norm 2.398811e-04
 23 (restart 0) KSP residual norm 6.012911e-05
GMRES solver converged in 23 iterations (avg. reduction factor: 6.479e-01)
1 NLEPS (nconv=3, restart=0) residual norm 6.795370e-03
  Residual norms for GMRES solve
  0 (restart 0) KSP residual norm 1.147658e-07
  1 (restart 0) KSP residual norm 5.616722e-08
  2 (restart 0) KSP residual norm 1.570813e-08
  3 (restart 0) KSP residual norm 5.793505e-09
  4 (restart 0) KSP residual norm 3.479453e-09
  5 (restart 0) KSP residual norm 3.207483e-09
  6 (restart 0) KSP residual norm 3.204759e-09
  7 (restart 0) KSP residual norm 2.816301e-09
  8 (restart 0) KSP residual norm 2.542410e-09
  9 (restart 0) KSP residual norm 2.397219e-09
 10 (restart 0) KSP residual norm 2.261046e-09
 11 (restart 0) KSP residual norm 2.253869e-09
 12 (restart 0) KSP residual norm 2.203728e-09
 13 (restart 0) KSP residual norm 2.189005e-09
 14 (restart 0) KSP residual norm 2.184119e-09
 15 (restart 0) KSP residual norm 2.158888e-09
 16 (restart 0) KSP residual norm 2.138310e-09
 17 (restart 0) KSP residual norm 2.120034e-09
 18 (restart 0) KSP residual norm 1.578411e-09
 19 (restart 0) KSP residual norm 1.092041e-09
 20 (restart 0) KSP residual norm 4.378494e-10
 21 (restart 0) KSP residual norm 1.066208e-10
 22 (restart 0) KSP residual norm 3.035804e-11
 23 (restart 0) KSP residual norm 5.606559e-12
GMRES solver converged in 23 iterations (avg. reduction factor: 6.495e-01)
2 NLEPS (nconv=3, restart=0) residual norm 1.018229e-05
  Residual norms for GMRES solve
  0 (restart 0) KSP residual norm 9.869825e-08
  1 (restart 0) KSP residual norm 4.749038e-08
  2 (restart 0) KSP residual norm 1.109103e-08
  3 (restart 0) KSP residual norm 8.008798e-09
  4 (restart 0) KSP residual norm 6.771249e-09
  5 (restart 0) KSP residual norm 6.321925e-09
  6 (restart 0) KSP residual norm 6.084739e-09
  7 (restart 0) KSP residual norm 4.928443e-09
  8 (restart 0) KSP residual norm 4.234284e-09
  9 (restart 0) KSP residual norm 4.097834e-09
 10 (restart 0) KSP residual norm 4.061040e-09
 11 (restart 0) KSP residual norm 4.028347e-09
 12 (restart 0) KSP residual norm 3.993608e-09
 13 (restart 0) KSP residual norm 3.982704e-09
 14 (restart 0) KSP residual norm 3.968456e-09
 15 (restart 0) KSP residual norm 3.906287e-09
 16 (restart 0) KSP residual norm 3.806147e-09
 17 (restart 0) KSP residual norm 3.479206e-09
 18 (restart 0) KSP residual norm 1.803153e-09
 19 (restart 0) KSP residual norm 4.386131e-10
 20 (restart 0) KSP residual norm 1.745340e-10
 21 (restart 0) KSP residual norm 4.880871e-11
 22 (restart 0) KSP residual norm 1.690871e-11
 23 (restart 0) KSP residual norm 3.296432e-12
 24 (restart 0) KSP residual norm 8.167024e-13
GMRES solver converged in 24 iterations (avg. reduction factor: 6.141e-01)
3 NLEPS (nconv=3, restart=0) residual norm 4.412625e-10
Eigenvalue 3, Quasi-Newton converged in 3 iterations (-1.989e-04+9.675e+00i).
  Residual norms for GMRES solve
  0 (restart 0) KSP residual norm 7.499302e+00
  1 (restart 0) KSP residual norm 7.507594e-01
  2 (restart 0) KSP residual norm 4.024394e-01
  3 (restart 0) KSP residual norm 2.791428e-01
  4 (restart 0) KSP residual norm 1.874551e-01
  5 (restart 0) KSP residual norm 1.657229e-01
  6 (restart 0) KSP residual norm 1.255273e-01
  7 (restart 0) KSP residual norm 4.190522e-02
  8 (restart 0) KSP residual norm 3.409907e-02
  9 (restart 0) KSP residual norm 3.024803e-02
 10 (restart 0) KSP residual norm 3.004247e-02
 11 (restart 0) KSP residual norm 2.994233e-02
 12 (restart 0) KSP residual norm 2.598789e-02
 13 (restart 0) KSP residual norm 2.593485e-02
 14 (restart 0) KSP residual norm 2.463448e-02
 15 (restart 0) KSP residual norm 2.447252e-02
 16 (restart 0) KSP residual norm 2.346537e-02
 17 (restart 0) KSP residual norm 2.189826e-02
 18 (restart 0) KSP residual norm 1.277470e-02
 19 (restart 0) KSP residual norm 3.356828e-03
 20 (restart 0) KSP residual norm 9.775594e-04
 21 (restart 0) KSP residual norm 3.184109e-04
GMRES solver converged in 21 iterations (avg. reduction factor: 6.192e-01)
0 NLEPS (nconv=4, restart=0) residual norm 1.738577e-01
  Residual norms for GMRES solve
  0 (restart 0) KSP residual norm 1.462522e+01
  1 (restart 0) KSP residual norm 4.332313e+00
  2 (restart 0) KSP residual norm 1.339040e+00
  3 (restart 0) KSP residual norm 1.207186e+00
  4 (restart 0) KSP residual norm 1.011621e+00
  5 (restart 0) KSP residual norm 9.843819e-01
  6 (restart 0) KSP residual norm 9.170430e-01
  7 (restart 0) KSP residual norm 3.794096e-01
  8 (restart 0) KSP residual norm 8.287697e-02
  9 (restart 0) KSP residual norm 4.057652e-02
 10 (restart 0) KSP residual norm 3.681066e-02
 11 (restart 0) KSP residual norm 3.543951e-02
 12 (restart 0) KSP residual norm 3.337855e-02
 13 (restart 0) KSP residual norm 3.295395e-02
 14 (restart 0) KSP residual norm 3.179321e-02
 15 (restart 0) KSP residual norm 3.152622e-02
 16 (restart 0) KSP residual norm 3.138721e-02
 17 (restart 0) KSP residual norm 3.078531e-02
 18 (restart 0) KSP residual norm 2.397431e-02
 19 (restart 0) KSP residual norm 1.020521e-02
 20 (restart 0) KSP residual norm 3.307936e-03
 21 (restart 0) KSP residual norm 1.079937e-03
GMRES solver converged in 21 iterations (avg. reduction factor: 6.357e-01)
1 NLEPS (nconv=4, restart=0) residual norm 7.251819e-03
  Residual norms for GMRES solve
  0 (restart 0) KSP residual norm 1.491414e-06
  1 (restart 0) KSP residual norm 4.881330e-07
  2 (restart 0) KSP residual norm 1.338499e-07
  3 (restart 0) KSP residual norm 1.190928e-07
  4 (restart 0) KSP residual norm 1.057789e-07
  5 (restart 0) KSP residual norm 1.031243e-07
  6 (restart 0) KSP residual norm 1.020322e-07
  7 (restart 0) KSP residual norm 8.192268e-08
  8 (restart 0) KSP residual norm 3.543789e-08
  9 (restart 0) KSP residual norm 1.037445e-08
 10 (restart 0) KSP residual norm 8.001078e-09
 11 (restart 0) KSP residual norm 7.017488e-09
 12 (restart 0) KSP residual norm 6.980439e-09
 13 (restart 0) KSP residual norm 6.801632e-09
 14 (restart 0) KSP residual norm 6.659101e-09
 15 (restart 0) KSP residual norm 6.553886e-09
 16 (restart 0) KSP residual norm 6.541438e-09
 17 (restart 0) KSP residual norm 6.295661e-09
 18 (restart 0) KSP residual norm 6.103878e-09
 19 (restart 0) KSP residual norm 4.054479e-09
 20 (restart 0) KSP residual norm 1.160369e-09
 21 (restart 0) KSP residual norm 2.934177e-10
 22 (restart 0) KSP residual norm 8.368474e-11
GMRES solver converged in 22 iterations (avg. reduction factor: 6.409e-01)
2 NLEPS (nconv=4, restart=0) residual norm 1.162164e-05
  Residual norms for GMRES solve
  0 (restart 0) KSP residual norm 1.215352e-07
  1 (restart 0) KSP residual norm 1.547672e-08
  2 (restart 0) KSP residual norm 7.146828e-09
  3 (restart 0) KSP residual norm 4.058215e-09
  4 (restart 0) KSP residual norm 4.024529e-09
  5 (restart 0) KSP residual norm 3.649460e-09
  6 (restart 0) KSP residual norm 3.640841e-09
  7 (restart 0) KSP residual norm 3.625518e-09
  8 (restart 0) KSP residual norm 3.432591e-09
  9 (restart 0) KSP residual norm 3.279742e-09
 10 (restart 0) KSP residual norm 3.200218e-09
 11 (restart 0) KSP residual norm 3.189220e-09
 12 (restart 0) KSP residual norm 3.130185e-09
 13 (restart 0) KSP residual norm 2.964971e-09
 14 (restart 0) KSP residual norm 2.937230e-09
 15 (restart 0) KSP residual norm 2.876658e-09
 16 (restart 0) KSP residual norm 2.672347e-09
 17 (restart 0) KSP residual norm 1.667317e-09
 18 (restart 0) KSP residual norm 5.417890e-10
 19 (restart 0) KSP residual norm 1.259282e-10
 20 (restart 0) KSP residual norm 4.404113e-11
 21 (restart 0) KSP residual norm 1.199632e-11
 22 (restart 0) KSP residual norm 4.436485e-12
 23 (restart 0) KSP residual norm 8.867057e-13
GMRES solver converged in 23 iterations (avg. reduction factor: 5.979e-01)
3 NLEPS (nconv=4, restart=0) residual norm 4.558389e-10
Eigenvalue 4, Quasi-Newton converged in 3 iterations (-1.989e-04+9.676e+00i).
  Residual norms for GMRES solve
  0 (restart 0) KSP residual norm 6.537541e+00
  1 (restart 0) KSP residual norm 4.690975e-01
  2 (restart 0) KSP residual norm 4.690956e-01
  3 (restart 0) KSP residual norm 3.902755e-01
  4 (restart 0) KSP residual norm 1.808930e-01
  5 (restart 0) KSP residual norm 1.531386e-01
  6 (restart 0) KSP residual norm 1.519721e-01
  7 (restart 0) KSP residual norm 1.503220e-01
  8 (restart 0) KSP residual norm 9.459922e-02
  9 (restart 0) KSP residual norm 6.675987e-02
 10 (restart 0) KSP residual norm 6.625560e-02
 11 (restart 0) KSP residual norm 5.886697e-02
 12 (restart 0) KSP residual norm 5.886159e-02
 13 (restart 0) KSP residual norm 5.711628e-02
 14 (restart 0) KSP residual norm 5.701535e-02
 15 (restart 0) KSP residual norm 5.641805e-02
 16 (restart 0) KSP residual norm 2.630576e-02
 17 (restart 0) KSP residual norm 1.747617e-02
 18 (restart 0) KSP residual norm 1.396558e-02
 19 (restart 0) KSP residual norm 1.360113e-02
 20 (restart 0) KSP residual norm 1.359500e-02
 21 (restart 0) KSP residual norm 1.358770e-02
 22 (restart 0) KSP residual norm 1.358336e-02
 23 (restart 0) KSP residual norm 1.357845e-02
 24 (restart 0) KSP residual norm 1.351538e-02
 25 (restart 0) KSP residual norm 1.302212e-02
 26 (restart 0) KSP residual norm 1.056527e-02
 27 (restart 0) KSP residual norm 3.606329e-03
 28 (restart 0) KSP residual norm 1.038188e-03
 29 (restart 0) KSP residual norm 3.054822e-04
GMRES solver converged in 29 iterations (avg. reduction factor: 7.090e-01)
0 NLEPS (nconv=5, restart=0) residual norm 1.764529e-01
  Residual norms for GMRES solve
  0 (restart 0) KSP residual norm 8.725561e-01
  1 (restart 0) KSP residual norm 1.371066e-01
  2 (restart 0) KSP residual norm 1.041079e-01
  3 (restart 0) KSP residual norm 1.031412e-01
  4 (restart 0) KSP residual norm 9.017456e-02
  5 (restart 0) KSP residual norm 7.759611e-02
  6 (restart 0) KSP residual norm 7.576600e-02
  7 (restart 0) KSP residual norm 6.397707e-02
  8 (restart 0) KSP residual norm 5.348912e-02
  9 (restart 0) KSP residual norm 5.059842e-02
 10 (restart 0) KSP residual norm 4.152674e-02
 11 (restart 0) KSP residual norm 3.363626e-02
 12 (restart 0) KSP residual norm 2.134742e-02
 13 (restart 0) KSP residual norm 1.486747e-02
 14 (restart 0) KSP residual norm 1.427175e-02
 15 (restart 0) KSP residual norm 1.356290e-02
 16 (restart 0) KSP residual norm 1.292901e-02
 17 (restart 0) KSP residual norm 1.213980e-02
 18 (restart 0) KSP residual norm 1.191845e-02
 19 (restart 0) KSP residual norm 1.190848e-02
 20 (restart 0) KSP residual norm 1.187808e-02
 21 (restart 0) KSP residual norm 1.169437e-02
 22 (restart 0) KSP residual norm 1.153009e-02
 23 (restart 0) KSP residual norm 1.135962e-02
 24 (restart 0) KSP residual norm 1.129696e-02
 25 (restart 0) KSP residual norm 1.115816e-02
 26 (restart 0) KSP residual norm 9.617047e-03
 27 (restart 0) KSP residual norm 5.750440e-03
 28 (restart 0) KSP residual norm 1.407066e-03
 29 (restart 0) KSP residual norm 3.570356e-04
 30 (restart 0) KSP residual norm 9.001080e-05
 31 (restart 0) KSP residual norm 2.723890e-05
GMRES solver converged in 31 iterations (avg. reduction factor: 7.156e-01)
1 NLEPS (nconv=5, restart=0) residual norm 4.784747e-03
  Residual norms for GMRES solve
  0 (restart 0) KSP residual norm 9.630903e-08
  1 (restart 0) KSP residual norm 1.367647e-08
  2 (restart 0) KSP residual norm 7.481236e-09
  3 (restart 0) KSP residual norm 7.044231e-09
  4 (restart 0) KSP residual norm 6.672259e-09
  5 (restart 0) KSP residual norm 5.765738e-09
  6 (restart 0) KSP residual norm 5.261697e-09
  7 (restart 0) KSP residual norm 5.005836e-09
  8 (restart 0) KSP residual norm 4.618390e-09
  9 (restart 0) KSP residual norm 3.951396e-09
 10 (restart 0) KSP residual norm 2.830693e-09
 11 (restart 0) KSP residual norm 2.384538e-09
 12 (restart 0) KSP residual norm 2.212904e-09
 13 (restart 0) KSP residual norm 2.180257e-09
 14 (restart 0) KSP residual norm 2.072312e-09
 15 (restart 0) KSP residual norm 2.045321e-09
 16 (restart 0) KSP residual norm 2.026808e-09
 17 (restart 0) KSP residual norm 1.945141e-09
 18 (restart 0) KSP residual norm 1.838772e-09
 19 (restart 0) KSP residual norm 1.640188e-09
 20 (restart 0) KSP residual norm 1.573495e-09
 21 (restart 0) KSP residual norm 1.345762e-09
 22 (restart 0) KSP residual norm 1.163334e-09
 23 (restart 0) KSP residual norm 1.023676e-09
 24 (restart 0) KSP residual norm 9.531458e-10
 25 (restart 0) KSP residual norm 9.296070e-10
 26 (restart 0) KSP residual norm 8.375323e-10
 27 (restart 0) KSP residual norm 6.574281e-10
 28 (restart 0) KSP residual norm 2.923426e-10
 29 (restart 0) KSP residual norm 9.068916e-11
 30 (restart 0) KSP residual norm 2.419983e-11
 31 (restart 0) KSP residual norm 6.862991e-12
GMRES solver converged in 31 iterations (avg. reduction factor: 7.349e-01)
2 NLEPS (nconv=5, restart=0) residual norm 6.053576e-06
  Residual norms for GMRES solve
  0 (restart 0) KSP residual norm 3.739933e-08
  1 (restart 0) KSP residual norm 9.845602e-09
  2 (restart 0) KSP residual norm 9.810254e-09
  3 (restart 0) KSP residual norm 7.727660e-09
  4 (restart 0) KSP residual norm 6.044458e-09
  5 (restart 0) KSP residual norm 5.762179e-09
  6 (restart 0) KSP residual norm 5.308104e-09
  7 (restart 0) KSP residual norm 3.552527e-09
  8 (restart 0) KSP residual norm 3.447378e-09
  9 (restart 0) KSP residual norm 2.915842e-09
 10 (restart 0) KSP residual norm 2.085851e-09
 11 (restart 0) KSP residual norm 1.711769e-09
 12 (restart 0) KSP residual norm 1.518097e-09
 13 (restart 0) KSP residual norm 1.513290e-09
 14 (restart 0) KSP residual norm 1.297969e-09
 15 (restart 0) KSP residual norm 1.167668e-09
 16 (restart 0) KSP residual norm 1.138709e-09
 17 (restart 0) KSP residual norm 1.087440e-09
 18 (restart 0) KSP residual norm 1.081366e-09
 19 (restart 0) KSP residual norm 1.080145e-09
 20 (restart 0) KSP residual norm 1.072610e-09
 21 (restart 0) KSP residual norm 1.064384e-09
 22 (restart 0) KSP residual norm 1.051562e-09
 23 (restart 0) KSP residual norm 1.044477e-09
 24 (restart 0) KSP residual norm 1.017203e-09
 25 (restart 0) KSP residual norm 9.863146e-10
 26 (restart 0) KSP residual norm 6.966249e-10
 27 (restart 0) KSP residual norm 2.167099e-10
 28 (restart 0) KSP residual norm 5.198995e-11
 29 (restart 0) KSP residual norm 1.440613e-11
 30 (restart 0) KSP residual norm 3.408311e-12
 31 (restart 0) KSP residual norm 1.056129e-12
 32 (restart 0) KSP residual norm 3.059096e-13
GMRES solver converged in 32 iterations (avg. reduction factor: 6.935e-01)
3 NLEPS (nconv=5, restart=0) residual norm 4.605430e-10
Eigenvalue 5, Quasi-Newton converged in 3 iterations (-1.773e-04+1.027e+01i).
  Residual norms for GMRES solve
  0 (restart 0) KSP residual norm 6.537211e+00
  1 (restart 0) KSP residual norm 4.676319e-01
  2 (restart 0) KSP residual norm 4.676058e-01
  3 (restart 0) KSP residual norm 3.927519e-01
  4 (restart 0) KSP residual norm 1.841105e-01
  5 (restart 0) KSP residual norm 1.553109e-01
  6 (restart 0) KSP residual norm 1.549750e-01
  7 (restart 0) KSP residual norm 1.540153e-01
  8 (restart 0) KSP residual norm 9.593347e-02
  9 (restart 0) KSP residual norm 6.658303e-02
 10 (restart 0) KSP residual norm 6.461162e-02
 11 (restart 0) KSP residual norm 4.819515e-02
 12 (restart 0) KSP residual norm 4.627815e-02
 13 (restart 0) KSP residual norm 4.520611e-02
 14 (restart 0) KSP residual norm 4.358466e-02
 15 (restart 0) KSP residual norm 4.068017e-02
 16 (restart 0) KSP residual norm 4.023598e-02
 17 (restart 0) KSP residual norm 3.890337e-02
 18 (restart 0) KSP residual norm 3.869333e-02
 19 (restart 0) KSP residual norm 3.849209e-02
 20 (restart 0) KSP residual norm 3.844388e-02
 21 (restart 0) KSP residual norm 3.844163e-02
 22 (restart 0) KSP residual norm 3.825886e-02
 23 (restart 0) KSP residual norm 3.816588e-02
 24 (restart 0) KSP residual norm 3.737060e-02
 25 (restart 0) KSP residual norm 3.076752e-02
 26 (restart 0) KSP residual norm 1.697476e-02
 27 (restart 0) KSP residual norm 4.126423e-03
 28 (restart 0) KSP residual norm 1.153236e-03
 29 (restart 0) KSP residual norm 3.336600e-04
GMRES solver converged in 29 iterations (avg. reduction factor: 7.112e-01)
0 NLEPS (nconv=6, restart=0) residual norm 1.846239e-01
  Residual norms for GMRES solve
  0 (restart 0) KSP residual norm 1.315091e+00
  1 (restart 0) KSP residual norm 1.042713e+00
  2 (restart 0) KSP residual norm 9.476933e-01
  3 (restart 0) KSP residual norm 5.384339e-01
  4 (restart 0) KSP residual norm 4.336260e-01
  5 (restart 0) KSP residual norm 4.283549e-01
  6 (restart 0) KSP residual norm 3.391893e-01
  7 (restart 0) KSP residual norm 1.960516e-01
  8 (restart 0) KSP residual norm 1.930315e-01
  9 (restart 0) KSP residual norm 1.644969e-01
 10 (restart 0) KSP residual norm 1.365082e-01
 11 (restart 0) KSP residual norm 1.087591e-01
 12 (restart 0) KSP residual norm 7.783885e-02
 13 (restart 0) KSP residual norm 6.787821e-02
 14 (restart 0) KSP residual norm 6.211990e-02
 15 (restart 0) KSP residual norm 6.118830e-02
 16 (restart 0) KSP residual norm 5.207327e-02
 17 (restart 0) KSP residual norm 2.309415e-02
 18 (restart 0) KSP residual norm 8.186053e-03
 19 (restart 0) KSP residual norm 4.404124e-03
 20 (restart 0) KSP residual norm 4.004679e-03
 21 (restart 0) KSP residual norm 3.872150e-03
 22 (restart 0) KSP residual norm 3.870841e-03
 23 (restart 0) KSP residual norm 3.861181e-03
 24 (restart 0) KSP residual norm 3.851680e-03
 25 (restart 0) KSP residual norm 3.828432e-03
 26 (restart 0) KSP residual norm 3.828307e-03
 27 (restart 0) KSP residual norm 3.531580e-03
 28 (restart 0) KSP residual norm 2.124817e-03
 29 (restart 0) KSP residual norm 7.496139e-04
 30 (restart 0) KSP residual norm 2.393344e-04
 31 (restart 0) KSP residual norm 7.216409e-05
GMRES solver converged in 31 iterations (avg. reduction factor: 7.287e-01)
1 NLEPS (nconv=6, restart=0) residual norm 1.361909e-03
  Residual norms for GMRES solve
  0 (restart 0) KSP residual norm 1.299036e-07
  1 (restart 0) KSP residual norm 1.115819e-07
  2 (restart 0) KSP residual norm 1.072176e-07
  3 (restart 0) KSP residual norm 7.852602e-08
  4 (restart 0) KSP residual norm 7.223739e-08
  5 (restart 0) KSP residual norm 6.527902e-08
  6 (restart 0) KSP residual norm 5.025574e-08
  7 (restart 0) KSP residual norm 4.383629e-08
  8 (restart 0) KSP residual norm 4.174434e-08
  9 (restart 0) KSP residual norm 3.857155e-08
 10 (restart 0) KSP residual norm 3.658848e-08
 11 (restart 0) KSP residual norm 3.554393e-08
 12 (restart 0) KSP residual norm 2.985116e-08
 13 (restart 0) KSP residual norm 2.129457e-08
 14 (restart 0) KSP residual norm 1.958734e-08
 15 (restart 0) KSP residual norm 1.815887e-08
 16 (restart 0) KSP residual norm 1.227060e-08
 17 (restart 0) KSP residual norm 4.924645e-09
 18 (restart 0) KSP residual norm 1.638113e-09
 19 (restart 0) KSP residual norm 6.552875e-10
 20 (restart 0) KSP residual norm 4.224588e-10
 21 (restart 0) KSP residual norm 3.861415e-10
 22 (restart 0) KSP residual norm 3.822325e-10
 23 (restart 0) KSP residual norm 3.817547e-10
 24 (restart 0) KSP residual norm 3.793397e-10
 25 (restart 0) KSP residual norm 3.778627e-10
 26 (restart 0) KSP residual norm 3.751023e-10
 27 (restart 0) KSP residual norm 3.690558e-10
 28 (restart 0) KSP residual norm 3.347592e-10
 29 (restart 0) KSP residual norm 2.484417e-10
 30 (restart 0) KSP residual norm 9.558047e-11
 31 (restart 0) KSP residual norm 2.051431e-11
 32 (restart 0) KSP residual norm 5.694768e-12
GMRES solver converged in 32 iterations (avg. reduction factor: 7.308e-01)
2 NLEPS (nconv=6, restart=0) residual norm 4.850041e-07
  Residual norms for GMRES solve
  0 (restart 0) KSP residual norm 1.977744e-09
  1 (restart 0) KSP residual norm 9.656773e-10
  2 (restart 0) KSP residual norm 9.323496e-10
  3 (restart 0) KSP residual norm 7.336393e-10
  4 (restart 0) KSP residual norm 4.268305e-10
  5 (restart 0) KSP residual norm 3.225931e-10
  6 (restart 0) KSP residual norm 3.160076e-10
  7 (restart 0) KSP residual norm 3.028047e-10
  8 (restart 0) KSP residual norm 2.834787e-10
  9 (restart 0) KSP residual norm 2.448856e-10
 10 (restart 0) KSP residual norm 1.637508e-10
 11 (restart 0) KSP residual norm 1.254542e-10
 12 (restart 0) KSP residual norm 1.140918e-10
 13 (restart 0) KSP residual norm 1.096528e-10
 14 (restart 0) KSP residual norm 9.422223e-11
 15 (restart 0) KSP residual norm 8.604371e-11
 16 (restart 0) KSP residual norm 8.452412e-11
 17 (restart 0) KSP residual norm 8.365853e-11
 18 (restart 0) KSP residual norm 8.316033e-11
 19 (restart 0) KSP residual norm 7.869752e-11
 20 (restart 0) KSP residual norm 7.820703e-11
 21 (restart 0) KSP residual norm 7.806251e-11
 22 (restart 0) KSP residual norm 7.798871e-11
 23 (restart 0) KSP residual norm 7.793873e-11
 24 (restart 0) KSP residual norm 7.669168e-11
 25 (restart 0) KSP residual norm 7.405607e-11
 26 (restart 0) KSP residual norm 5.120258e-11
 27 (restart 0) KSP residual norm 1.898323e-11
 28 (restart 0) KSP residual norm 4.268502e-12
 29 (restart 0) KSP residual norm 1.287252e-12
 30 (restart 0) KSP residual norm 3.199352e-13
GMRES solver converged in 30 iterations (avg. reduction factor: 7.475e-01)
3 NLEPS (nconv=6, restart=0) residual norm 2.162910e-09
Eigenvalue 6, Quasi-Newton converged in 3 iterations (-1.773e-04+1.027e+01i).
  Residual norms for GMRES solve
  0 (restart 0) KSP residual norm 6.531751e+00
  1 (restart 0) KSP residual norm 4.421220e-01
  2 (restart 0) KSP residual norm 4.374824e-01
  3 (restart 0) KSP residual norm 4.217091e-01
  4 (restart 0) KSP residual norm 4.202373e-01
  5 (restart 0) KSP residual norm 2.213943e-01
  6 (restart 0) KSP residual norm 1.850735e-01
  7 (restart 0) KSP residual norm 1.850382e-01
  8 (restart 0) KSP residual norm 1.394466e-01
  9 (restart 0) KSP residual norm 9.670144e-02
 10 (restart 0) KSP residual norm 9.613975e-02
 11 (restart 0) KSP residual norm 9.402830e-02
 12 (restart 0) KSP residual norm 8.366792e-02
 13 (restart 0) KSP residual norm 7.613136e-02
 14 (restart 0) KSP residual norm 7.098407e-02
 15 (restart 0) KSP residual norm 7.087256e-02
 16 (restart 0) KSP residual norm 6.653280e-02
 17 (restart 0) KSP residual norm 5.817802e-02
 18 (restart 0) KSP residual norm 5.280584e-02
 19 (restart 0) KSP residual norm 4.693825e-02
 20 (restart 0) KSP residual norm 3.986804e-02
 21 (restart 0) KSP residual norm 3.692217e-02
 22 (restart 0) KSP residual norm 3.684010e-02
 23 (restart 0) KSP residual norm 3.544061e-02
 24 (restart 0) KSP residual norm 3.364367e-02
 25 (restart 0) KSP residual norm 1.778617e-02
 26 (restart 0) KSP residual norm 6.236418e-03
 27 (restart 0) KSP residual norm 1.320680e-03
 28 (restart 0) KSP residual norm 3.740575e-04
GMRES solver converged in 28 iterations (avg. reduction factor: 7.055e-01)
0 NLEPS (nconv=7, restart=0) residual norm 1.923684e-01
  Residual norms for GMRES solve
  0 (restart 0) KSP residual norm 3.106752e+00
  1 (restart 0) KSP residual norm 2.841064e+00
  2 (restart 0) KSP residual norm 1.929766e+00
  3 (restart 0) KSP residual norm 1.631072e+00
  4 (restart 0) KSP residual norm 1.149874e+00
  5 (restart 0) KSP residual norm 4.735326e-01
  6 (restart 0) KSP residual norm 4.683558e-01
  7 (restart 0) KSP residual norm 3.889552e-01
  8 (restart 0) KSP residual norm 3.719990e-01
  9 (restart 0) KSP residual norm 2.376758e-01
 10 (restart 0) KSP residual norm 6.523936e-02
 11 (restart 0) KSP residual norm 5.036974e-02
 12 (restart 0) KSP residual norm 4.967999e-02
 13 (restart 0) KSP residual norm 4.898243e-02
 14 (restart 0) KSP residual norm 4.841260e-02
 15 (restart 0) KSP residual norm 4.447818e-02
 16 (restart 0) KSP residual norm 3.941589e-02
 17 (restart 0) KSP residual norm 3.631623e-02
 18 (restart 0) KSP residual norm 3.532505e-02
 19 (restart 0) KSP residual norm 3.499839e-02
 20 (restart 0) KSP residual norm 3.499048e-02
 21 (restart 0) KSP residual norm 3.447670e-02
 22 (restart 0) KSP residual norm 3.200082e-02
 23 (restart 0) KSP residual norm 2.879953e-02
 24 (restart 0) KSP residual norm 2.807003e-02
 25 (restart 0) KSP residual norm 2.805156e-02
 26 (restart 0) KSP residual norm 1.808822e-02
 27 (restart 0) KSP residual norm 4.878876e-03
 28 (restart 0) KSP residual norm 1.431718e-03
 29 (restart 0) KSP residual norm 3.946857e-04
 30 (restart 0) KSP residual norm 1.220416e-04
GMRES solver converged in 30 iterations (avg. reduction factor: 7.131e-01)
1 NLEPS (nconv=7, restart=0) residual norm 5.203855e-03
  Residual norms for GMRES solve
  0 (restart 0) KSP residual norm 3.104739e-07
  1 (restart 0) KSP residual norm 2.954726e-07
  2 (restart 0) KSP residual norm 2.212832e-07
  3 (restart 0) KSP residual norm 1.858822e-07
  4 (restart 0) KSP residual norm 1.339027e-07
  5 (restart 0) KSP residual norm 4.708961e-08
  6 (restart 0) KSP residual norm 4.705597e-08
  7 (restart 0) KSP residual norm 4.145916e-08
  8 (restart 0) KSP residual norm 3.890304e-08
  9 (restart 0) KSP residual norm 3.143001e-08
 10 (restart 0) KSP residual norm 1.246764e-08
 11 (restart 0) KSP residual norm 1.073579e-08
 12 (restart 0) KSP residual norm 1.059671e-08
 13 (restart 0) KSP residual norm 1.037577e-08
 14 (restart 0) KSP residual norm 9.662283e-09
 15 (restart 0) KSP residual norm 7.586484e-09
 16 (restart 0) KSP residual norm 6.526224e-09
 17 (restart 0) KSP residual norm 4.883514e-09
 18 (restart 0) KSP residual norm 4.061391e-09
 19 (restart 0) KSP residual norm 3.637326e-09
 20 (restart 0) KSP residual norm 3.421235e-09
 21 (restart 0) KSP residual norm 3.329269e-09
 22 (restart 0) KSP residual norm 3.271707e-09
 23 (restart 0) KSP residual norm 3.146423e-09
 24 (restart 0) KSP residual norm 2.760602e-09
 25 (restart 0) KSP residual norm 2.403736e-09
 26 (restart 0) KSP residual norm 1.959061e-09
 27 (restart 0) KSP residual norm 8.014612e-10
 28 (restart 0) KSP residual norm 2.843690e-10
 29 (restart 0) KSP residual norm 7.907976e-11
 30 (restart 0) KSP residual norm 2.234009e-11
GMRES solver converged in 30 iterations (avg. reduction factor: 7.276e-01)
2 NLEPS (nconv=7, restart=0) residual norm 5.303069e-06
  Residual norms for GMRES solve
  0 (restart 0) KSP residual norm 2.962195e-08
  1 (restart 0) KSP residual norm 6.011343e-09
  2 (restart 0) KSP residual norm 4.206331e-09
  3 (restart 0) KSP residual norm 4.060559e-09
  4 (restart 0) KSP residual norm 4.055628e-09
  5 (restart 0) KSP residual norm 4.028541e-09
  6 (restart 0) KSP residual norm 3.959521e-09
  7 (restart 0) KSP residual norm 3.850746e-09
  8 (restart 0) KSP residual norm 3.751982e-09
  9 (restart 0) KSP residual norm 3.550749e-09
 10 (restart 0) KSP residual norm 3.224722e-09
 11 (restart 0) KSP residual norm 3.117064e-09
 12 (restart 0) KSP residual norm 3.109101e-09
 13 (restart 0) KSP residual norm 3.027157e-09
 14 (restart 0) KSP residual norm 2.865577e-09
 15 (restart 0) KSP residual norm 2.754499e-09
 16 (restart 0) KSP residual norm 2.570787e-09
 17 (restart 0) KSP residual norm 2.212116e-09
 18 (restart 0) KSP residual norm 2.059046e-09
 19 (restart 0) KSP residual norm 1.912912e-09
 20 (restart 0) KSP residual norm 1.901680e-09
 21 (restart 0) KSP residual norm 1.861580e-09
 22 (restart 0) KSP residual norm 1.836066e-09
 23 (restart 0) KSP residual norm 1.754073e-09
 24 (restart 0) KSP residual norm 1.514570e-09
 25 (restart 0) KSP residual norm 7.915338e-10
 26 (restart 0) KSP residual norm 2.239956e-10
 27 (restart 0) KSP residual norm 6.540431e-11
 28 (restart 0) KSP residual norm 1.612846e-11
 29 (restart 0) KSP residual norm 4.276069e-12
 30 (restart 0) KSP residual norm 9.993909e-13
GMRES solver converged in 30 iterations (avg. reduction factor: 7.095e-01)
3 NLEPS (nconv=7, restart=0) residual norm 8.371877e-10
Eigenvalue 7, Quasi-Newton converged in 3 iterations (-1.671e-04+1.027e+01i).

Computing solution error estimates and performing postprocessing

     m,        Re{f} (GHz),        Im{f} (GHz),                  Q,      Error (Bkwd.),       Error (Abs.)
     1,      +2.450115e+00,      +6.046935e-05,      +2.025914e+04,      +5.222611e-13,      +4.261641e-09
     2,      +2.450150e+00,      +6.048646e-05,      +2.025371e+04,      +4.534907e-13,      +3.700476e-09
     3,      +2.450856e+00,      +2.760993e-05,      +4.438360e+04,      +2.437330e-13,      +1.988859e-09
     4,      +2.622865e+00,      +5.390907e-05,      +2.432675e+04,      +5.404569e-14,      +4.411277e-10
     5,      +2.622986e+00,      +5.391020e-05,      +2.432736e+04,      +5.582435e-14,      +4.556454e-10
     6,      +2.783740e+00,      +4.806531e-05,      +2.895790e+04,      +5.640220e-14,      +4.604818e-10
     7,      +2.783797e+00,      +4.806740e-05,      +2.895723e+04,      +2.649240e-13,      +2.162907e-09
     8,      +2.784849e+00,      +4.530934e-05,      +3.073151e+04,      +1.025417e-13,      +8.371782e-10

Completed 0 iterations of adaptive mesh refinement (AMR):
 Indicator norm = 3.732e-02, global unknowns = 209362
 Max. iterations = 0, tol. = 1.000e-02

Estimated peak per-rank memory usage is: Min. 128.7M, Max. 144.8M, Avg. 135.3M, Total 4.2G
Estimated peak per-node memory usage is: Min. 4.2G, Max. 4.2G, Avg. 4.2G, Total 4.2G

Elapsed Time Report (s)           Min.        Max.        Avg.
==============================================================
Initialization                   0.091       0.232       0.228
  Mesh Preprocessing             0.182       0.324       0.187
Operator Construction            0.844       0.848       0.845
Linear Solve                     6.949       7.125       7.019
  Setup                          5.029       5.030       5.030
  Preconditioner               111.228     111.520     111.423
  Coarse Solve                   9.976      10.136      10.015
Eigenvalue Solve                 1.154       1.185       1.180
Div.-Free Projection             3.968       3.978       3.976
Estimation                       0.029       0.032       0.030
  Construction                   0.156       0.156       0.156
  Solve                          1.284       1.287       1.286
Postprocessing                   0.237       0.240       0.238
Disk IO                          0.352       0.353       0.352
--------------------------------------------------------------
Total                          143.098     143.113     143.106

Peak Memory                   Per-Node       Total   Total HWM
==============================================================
Initialization                   69.6M       69.6M       69.6M
  Mesh Preprocessing             96.1M       96.1M      165.8M
Operator Construction           562.5M      562.5M      728.3M
Linear Solve                    260.0K      260.0K      728.5M
  Setup                         391.4M      391.4M        1.1G
  Preconditioner                  2.3M        2.3M        1.1G
  Coarse Solve                    1.7G        1.7G        2.8G
Eigenvalue Solve                163.1M      163.1M        2.9G
Div.-Free Projection            181.8M      181.8M        3.1G
Estimation                       29.0M       29.0M        3.1G
  Construction                  161.6M      161.6M        3.3G
  Solve                           2.0M        2.0M        3.3G
Postprocessing                   19.5M       19.5M        3.3G
Disk IO                          43.4M       43.4M        3.4G
--------------------------------------------------------------
Total                             3.8G        3.8G        3.8G

