>> /opt/amip/envs/emsim/bin/mpirun -n 32 /opt/amip/palace/bin/palace-x86_64.bin h3_annular_i3_o6.json

_____________     _______
_____   __   \____ __   /____ ____________
____   /_/  /  __ ` /  /  __ ` /  ___/  _ \
___   _____/  /_/  /  /  /_/  /  /__/  ___/
  /__/     \___,__/__/\___,__/\_____\_____/

Git changeset ID: v0.17.0-293-g3c83b9db0
Running with 32 MPI processes, 1 OpenMP thread
Device configuration: omp,cpu
Memory configuration: host-std
libCEED backend: /cpu/self/xsmm/blocked

Added 15863 boundary elements for material interfaces to the mesh

Characteristic length and time scales:
 Lc = 1.760e-01 m, tc = 5.871e-01 ns
Finished partitioning mesh into 32 subdomains

Mesh curvature order: 2
Mesh bounding box:
 (Xmin, Ymin, Zmin) = (-8.800e-02, -8.800e-02, -5.771e-02) m
 (Xmax, Ymax, Zmax) = (+8.800e-02, +8.800e-02, +5.771e-02) m

Parallel Mesh Stats:

                minimum     average     maximum       total
 vertices           669         873        1146       27945
 edges             5425        6119        6993      195808
 faces             9862       10452       11174      334487
 elements          5100        5206        5334      166623
 neighbors            4           9          20

            minimum     maximum
 h       0.00304155    0.212289
 kappa      1.00909     23.2292

Estimated current per-rank memory usage is: Min. 34.2M, Max. 138.4M, Avg. 38.0M, Total 1.2G
Estimated current per-node memory usage is: Min. 1.2G, Max. 1.2G, Avg. 1.2G, Total 1.2G

Configuring Robin finite conductivity BC at attributes:
 90: σ = 3.500e+07 S/m, n = (-0.1,-0.0,-1.0)

Assembling system matrices, number of global unknowns:
 H1 (p = 2): 223753, ND (p = 2): 1060590, RT (p = 2): 1503330
 Operator assembly level: Partial
 Mesh geometries:
  Tetrahedron: P = 20, Q = 14 (quadrature order = 4)

Configuring SLEPc eigenvalue solver:
 Scaling γ = 2.827e+01, δ = 3.699e-06
 Configuring divergence-free projection
 Using random starting vector
 Shift-and-invert σ = 2.400e+00 GHz (8.853e+00)

Assembling multigrid hierarchy:
 Level 0 (p = 1): 195808 unknowns
 Level 1 (p = 2): 1060590 unknowns
 Level 0 (auxiliary) (p = 1): 27945 unknowns
 Level 1 (auxiliary) (p = 2): 223753 unknowns

#PETSc Option Table entries:
-eps_monitor # (source: code)
#End of PETSc Option Table entries

  Residual norms for GMRES solve
  0 (restart 0) KSP residual norm 9.325251e-01
  1 (restart 0) KSP residual norm 3.161839e-01
  2 (restart 0) KSP residual norm 1.049685e-01
  3 (restart 0) KSP residual norm 5.779182e-02
  4 (restart 0) KSP residual norm 3.168061e-02
  5 (restart 0) KSP residual norm 1.717807e-02
  6 (restart 0) KSP residual norm 1.080579e-02
  7 (restart 0) KSP residual norm 6.121314e-03
  8 (restart 0) KSP residual norm 3.077342e-03
  9 (restart 0) KSP residual norm 1.630579e-03
 10 (restart 0) KSP residual norm 9.201703e-04
 11 (restart 0) KSP residual norm 4.737003e-04
 12 (restart 0) KSP residual norm 2.757011e-04
 13 (restart 0) KSP residual norm 1.587095e-04
 14 (restart 0) KSP residual norm 8.971629e-05
 15 (restart 0) KSP residual norm 4.959583e-05
 16 (restart 0) KSP residual norm 2.908204e-05
 17 (restart 0) KSP residual norm 1.754426e-05
 18 (restart 0) KSP residual norm 1.053753e-05
 19 (restart 0) KSP residual norm 6.413205e-06
 20 (restart 0) KSP residual norm 3.973991e-06
 21 (restart 0) KSP residual norm 2.470772e-06
 22 (restart 0) KSP residual norm 1.560288e-06
 23 (restart 0) KSP residual norm 9.437007e-07
 24 (restart 0) KSP residual norm 5.734497e-07
 25 (restart 0) KSP residual norm 3.400553e-07
 26 (restart 0) KSP residual norm 2.057629e-07
 27 (restart 0) KSP residual norm 1.254785e-07
 28 (restart 0) KSP residual norm 7.461167e-08
 29 (restart 0) KSP residual norm 4.474862e-08
 30 (restart 0) KSP residual norm 2.657665e-08
 31 (restart 0) KSP residual norm 1.588063e-08
 32 (restart 0) KSP residual norm 9.357417e-09
 33 (restart 0) KSP residual norm 5.590450e-09
GMRES solver converged in 33 iterations (avg. reduction factor: 5.634e-01)
  Residual norms for GMRES solve
  0 (restart 0) KSP residual norm 1.298798e+01
  1 (restart 0) KSP residual norm 1.873926e+00
  2 (restart 0) KSP residual norm 3.823605e-01
  3 (restart 0) KSP residual norm 1.500640e-01
  4 (restart 0) KSP residual norm 9.323368e-02
  5 (restart 0) KSP residual norm 3.404492e-02
  6 (restart 0) KSP residual norm 1.799195e-02
  7 (restart 0) KSP residual norm 1.090523e-02
  8 (restart 0) KSP residual norm 4.230900e-03
  9 (restart 0) KSP residual norm 2.252031e-03
 10 (restart 0) KSP residual norm 1.060904e-03
 11 (restart 0) KSP residual norm 5.794360e-04
 12 (restart 0) KSP residual norm 3.048986e-04
 13 (restart 0) KSP residual norm 1.350390e-04
 14 (restart 0) KSP residual norm 6.761981e-05
 15 (restart 0) KSP residual norm 3.173649e-05
 16 (restart 0) KSP residual norm 1.524990e-05
 17 (restart 0) KSP residual norm 8.365729e-06
 18 (restart 0) KSP residual norm 4.865953e-06
 19 (restart 0) KSP residual norm 2.616236e-06
 20 (restart 0) KSP residual norm 1.416585e-06
 21 (restart 0) KSP residual norm 8.328748e-07
 22 (restart 0) KSP residual norm 5.140988e-07
 23 (restart 0) KSP residual norm 3.257710e-07
 24 (restart 0) KSP residual norm 2.130858e-07
 25 (restart 0) KSP residual norm 1.281219e-07
GMRES solver converged in 25 iterations (avg. reduction factor: 4.784e-01)
  Residual norms for GMRES solve
  0 (restart 0) KSP residual norm 1.011549e+02
  1 (restart 0) KSP residual norm 1.631842e+01
  2 (restart 0) KSP residual norm 1.760419e+00
  3 (restart 0) KSP residual norm 8.748963e-01
  4 (restart 0) KSP residual norm 4.523816e-01
  5 (restart 0) KSP residual norm 1.599749e-01
  6 (restart 0) KSP residual norm 9.726131e-02
  7 (restart 0) KSP residual norm 5.316460e-02
  8 (restart 0) KSP residual norm 1.743576e-02
  9 (restart 0) KSP residual norm 8.341593e-03
 10 (restart 0) KSP residual norm 4.784370e-03
 11 (restart 0) KSP residual norm 2.587889e-03
 12 (restart 0) KSP residual norm 1.391052e-03
 13 (restart 0) KSP residual norm 6.281729e-04
 14 (restart 0) KSP residual norm 3.834324e-04
 15 (restart 0) KSP residual norm 1.698061e-04
 16 (restart 0) KSP residual norm 9.229058e-05
 17 (restart 0) KSP residual norm 4.920808e-05
 18 (restart 0) KSP residual norm 2.734513e-05
 19 (restart 0) KSP residual norm 1.274823e-05
 20 (restart 0) KSP residual norm 6.513680e-06
 21 (restart 0) KSP residual norm 3.253667e-06
 22 (restart 0) KSP residual norm 1.572853e-06
 23 (restart 0) KSP residual norm 8.622030e-07
GMRES solver converged in 23 iterations (avg. reduction factor: 4.458e-01)
  Residual norms for GMRES solve
  0 (restart 0) KSP residual norm 5.550797e+01
  1 (restart 0) KSP residual norm 8.668055e+00
  2 (restart 0) KSP residual norm 1.836872e+00
  3 (restart 0) KSP residual norm 7.442484e-01
  4 (restart 0) KSP residual norm 3.886834e-01
  5 (restart 0) KSP residual norm 1.495194e-01
  6 (restart 0) KSP residual norm 7.580490e-02
  7 (restart 0) KSP residual norm 4.363607e-02
  8 (restart 0) KSP residual norm 1.593197e-02
  9 (restart 0) KSP residual norm 7.633658e-03
 10 (restart 0) KSP residual norm 3.945228e-03
 11 (restart 0) KSP residual norm 2.323540e-03
 12 (restart 0) KSP residual norm 1.250955e-03
 13 (restart 0) KSP residual norm 5.647345e-04
 14 (restart 0) KSP residual norm 2.937800e-04
 15 (restart 0) KSP residual norm 1.271647e-04
 16 (restart 0) KSP residual norm 7.026153e-05
 17 (restart 0) KSP residual norm 3.915105e-05
 18 (restart 0) KSP residual norm 2.219098e-05
 19 (restart 0) KSP residual norm 1.000459e-05
 20 (restart 0) KSP residual norm 4.774742e-06
 21 (restart 0) KSP residual norm 2.511058e-06
 22 (restart 0) KSP residual norm 1.422898e-06
 23 (restart 0) KSP residual norm 7.797205e-07
 24 (restart 0) KSP residual norm 4.050297e-07
GMRES solver converged in 24 iterations (avg. reduction factor: 4.581e-01)
  Residual norms for GMRES solve
  0 (restart 0) KSP residual norm 8.868522e+01
  1 (restart 0) KSP residual norm 2.063167e+01
  2 (restart 0) KSP residual norm 2.431547e+00
  3 (restart 0) KSP residual norm 9.056601e-01
  4 (restart 0) KSP residual norm 5.172565e-01
  5 (restart 0) KSP residual norm 1.876567e-01
  6 (restart 0) KSP residual norm 1.039300e-01
  7 (restart 0) KSP residual norm 5.803238e-02
  8 (restart 0) KSP residual norm 1.810530e-02
  9 (restart 0) KSP residual norm 9.315435e-03
 10 (restart 0) KSP residual norm 5.576394e-03
 11 (restart 0) KSP residual norm 3.166206e-03
 12 (restart 0) KSP residual norm 1.559274e-03
 13 (restart 0) KSP residual norm 6.885522e-04
 14 (restart 0) KSP residual norm 3.819691e-04
 15 (restart 0) KSP residual norm 1.809461e-04
 16 (restart 0) KSP residual norm 1.016921e-04
 17 (restart 0) KSP residual norm 5.307939e-05
 18 (restart 0) KSP residual norm 2.858251e-05
 19 (restart 0) KSP residual norm 1.408686e-05
 20 (restart 0) KSP residual norm 7.674744e-06
 21 (restart 0) KSP residual norm 3.984547e-06
 22 (restart 0) KSP residual norm 1.967790e-06
 23 (restart 0) KSP residual norm 1.059220e-06
 24 (restart 0) KSP residual norm 5.692995e-07
GMRES solver converged in 24 iterations (avg. reduction factor: 4.557e-01)
  Residual norms for GMRES solve
  0 (restart 0) KSP residual norm 3.159539e+01
  1 (restart 0) KSP residual norm 7.616171e+00
  2 (restart 0) KSP residual norm 1.896853e+00
  3 (restart 0) KSP residual norm 6.969759e-01
  4 (restart 0) KSP residual norm 4.154324e-01
  5 (restart 0) KSP residual norm 1.352304e-01
  6 (restart 0) KSP residual norm 6.998812e-02
  7 (restart 0) KSP residual norm 4.006306e-02
  8 (restart 0) KSP residual norm 1.558865e-02
  9 (restart 0) KSP residual norm 7.433352e-03
 10 (restart 0) KSP residual norm 3.493103e-03
 11 (restart 0) KSP residual norm 1.856060e-03
 12 (restart 0) KSP residual norm 1.108127e-03
 13 (restart 0) KSP residual norm 4.653648e-04
 14 (restart 0) KSP residual norm 2.246579e-04
 15 (restart 0) KSP residual norm 1.038621e-04
 16 (restart 0) KSP residual norm 4.901809e-05
 17 (restart 0) KSP residual norm 2.643803e-05
 18 (restart 0) KSP residual norm 1.488052e-05
 19 (restart 0) KSP residual norm 7.896783e-06
 20 (restart 0) KSP residual norm 3.959970e-06
 21 (restart 0) KSP residual norm 1.944488e-06
 22 (restart 0) KSP residual norm 1.121986e-06
 23 (restart 0) KSP residual norm 6.062478e-07
 24 (restart 0) KSP residual norm 3.460547e-07
 25 (restart 0) KSP residual norm 1.876586e-07
GMRES solver converged in 25 iterations (avg. reduction factor: 4.688e-01)
  Residual norms for GMRES solve
  0 (restart 0) KSP residual norm 8.125074e+00
  1 (restart 0) KSP residual norm 4.099295e+00
  2 (restart 0) KSP residual norm 1.271810e+00
  3 (restart 0) KSP residual norm 2.881460e-01
  4 (restart 0) KSP residual norm 2.208269e-01
  5 (restart 0) KSP residual norm 1.335654e-01
  6 (restart 0) KSP residual norm 8.066886e-02
  7 (restart 0) KSP residual norm 3.680510e-02
  8 (restart 0) KSP residual norm 1.257832e-02
  9 (restart 0) KSP residual norm 3.802199e-03
 10 (restart 0) KSP residual norm 2.199958e-03
 11 (restart 0) KSP residual norm 9.877404e-04
 12 (restart 0) KSP residual norm 6.038715e-04
 13 (restart 0) KSP residual norm 2.721076e-04
 14 (restart 0) KSP residual norm 1.125336e-04
 15 (restart 0) KSP residual norm 5.836587e-05
 16 (restart 0) KSP residual norm 2.705530e-05
 17 (restart 0) KSP residual norm 1.464735e-05
 18 (restart 0) KSP residual norm 8.037385e-06
 19 (restart 0) KSP residual norm 4.213455e-06
 20 (restart 0) KSP residual norm 2.248098e-06
 21 (restart 0) KSP residual norm 1.211937e-06
 22 (restart 0) KSP residual norm 7.183428e-07
 23 (restart 0) KSP residual norm 4.335045e-07
 24 (restart 0) KSP residual norm 2.415357e-07
 25 (restart 0) KSP residual norm 1.470077e-07
 26 (restart 0) KSP residual norm 9.178839e-08
 27 (restart 0) KSP residual norm 5.927690e-08
GMRES solver converged in 27 iterations (avg. reduction factor: 4.996e-01)
  Residual norms for GMRES solve
  0 (restart 0) KSP residual norm 1.775144e+01
  1 (restart 0) KSP residual norm 5.534805e+00
  2 (restart 0) KSP residual norm 2.489128e+00
  3 (restart 0) KSP residual norm 4.659143e-01
  4 (restart 0) KSP residual norm 2.957536e-01
  5 (restart 0) KSP residual norm 1.892376e-01
  6 (restart 0) KSP residual norm 1.013156e-01
  7 (restart 0) KSP residual norm 3.968846e-02
  8 (restart 0) KSP residual norm 1.486149e-02
  9 (restart 0) KSP residual norm 6.593472e-03
 10 (restart 0) KSP residual norm 4.014350e-03
 11 (restart 0) KSP residual norm 1.789188e-03
 12 (restart 0) KSP residual norm 1.090384e-03
 13 (restart 0) KSP residual norm 4.022904e-04
 14 (restart 0) KSP residual norm 1.980946e-04
 15 (restart 0) KSP residual norm 9.805529e-05
 16 (restart 0) KSP residual norm 4.218005e-05
 17 (restart 0) KSP residual norm 2.415191e-05
 18 (restart 0) KSP residual norm 1.325007e-05
 19 (restart 0) KSP residual norm 6.707534e-06
 20 (restart 0) KSP residual norm 3.260293e-06
 21 (restart 0) KSP residual norm 1.612981e-06
 22 (restart 0) KSP residual norm 9.344122e-07
 23 (restart 0) KSP residual norm 5.255205e-07
 24 (restart 0) KSP residual norm 2.682799e-07
 25 (restart 0) KSP residual norm 1.439957e-07
GMRES solver converged in 25 iterations (avg. reduction factor: 4.746e-01)
  Residual norms for GMRES solve
  0 (restart 0) KSP residual norm 8.300959e+01
  1 (restart 0) KSP residual norm 1.659154e+01
  2 (restart 0) KSP residual norm 2.835141e+00
  3 (restart 0) KSP residual norm 1.203503e+00
  4 (restart 0) KSP residual norm 6.641333e-01
  5 (restart 0) KSP residual norm 2.441151e-01
  6 (restart 0) KSP residual norm 1.247048e-01
  7 (restart 0) KSP residual norm 7.096888e-02
  8 (restart 0) KSP residual norm 2.851916e-02
  9 (restart 0) KSP residual norm 1.738815e-02
 10 (restart 0) KSP residual norm 6.668811e-03
 11 (restart 0) KSP residual norm 3.993674e-03
 12 (restart 0) KSP residual norm 1.903903e-03
 13 (restart 0) KSP residual norm 8.778851e-04
 14 (restart 0) KSP residual norm 4.327782e-04
 15 (restart 0) KSP residual norm 2.040859e-04
 16 (restart 0) KSP residual norm 1.166114e-04
 17 (restart 0) KSP residual norm 6.988579e-05
 18 (restart 0) KSP residual norm 3.781395e-05
 19 (restart 0) KSP residual norm 1.771371e-05
 20 (restart 0) KSP residual norm 8.775713e-06
 21 (restart 0) KSP residual norm 4.439257e-06
 22 (restart 0) KSP residual norm 2.444148e-06
 23 (restart 0) KSP residual norm 1.328551e-06
 24 (restart 0) KSP residual norm 6.536769e-07
GMRES solver converged in 24 iterations (avg. reduction factor: 4.596e-01)
  Residual norms for GMRES solve
  0 (restart 0) KSP residual norm 5.148276e+01
  1 (restart 0) KSP residual norm 1.129453e+01
  2 (restart 0) KSP residual norm 2.743863e+00
  3 (restart 0) KSP residual norm 1.175570e+00
  4 (restart 0) KSP residual norm 6.392275e-01
  5 (restart 0) KSP residual norm 2.328075e-01
  6 (restart 0) KSP residual norm 1.072560e-01
  7 (restart 0) KSP residual norm 6.488438e-02
  8 (restart 0) KSP residual norm 2.557701e-02
  9 (restart 0) KSP residual norm 1.434336e-02
 10 (restart 0) KSP residual norm 6.044788e-03
 11 (restart 0) KSP residual norm 3.385773e-03
 12 (restart 0) KSP residual norm 1.865325e-03
 13 (restart 0) KSP residual norm 7.528840e-04
 14 (restart 0) KSP residual norm 3.670500e-04
 15 (restart 0) KSP residual norm 1.699608e-04
 16 (restart 0) KSP residual norm 8.879501e-05
 17 (restart 0) KSP residual norm 5.089588e-05
 18 (restart 0) KSP residual norm 2.847505e-05
 19 (restart 0) KSP residual norm 1.465512e-05
 20 (restart 0) KSP residual norm 6.980568e-06
 21 (restart 0) KSP residual norm 3.534534e-06
 22 (restart 0) KSP residual norm 2.066758e-06
 23 (restart 0) KSP residual norm 1.069907e-06
 24 (restart 0) KSP residual norm 5.696774e-07
 25 (restart 0) KSP residual norm 2.972552e-07
GMRES solver converged in 25 iterations (avg. reduction factor: 4.682e-01)
  Residual norms for GMRES solve
  0 (restart 0) KSP residual norm 8.904805e+00
  1 (restart 0) KSP residual norm 3.261677e+00
  2 (restart 0) KSP residual norm 1.414586e+00
  3 (restart 0) KSP residual norm 6.683669e-01
  4 (restart 0) KSP residual norm 5.563675e-01
  5 (restart 0) KSP residual norm 1.806319e-01
  6 (restart 0) KSP residual norm 6.237832e-02
  7 (restart 0) KSP residual norm 4.199150e-02
  8 (restart 0) KSP residual norm 1.365108e-02
  9 (restart 0) KSP residual norm 5.007916e-03
 10 (restart 0) KSP residual norm 2.771399e-03
 11 (restart 0) KSP residual norm 1.366328e-03
 12 (restart 0) KSP residual norm 7.585112e-04
 13 (restart 0) KSP residual norm 3.182500e-04
 14 (restart 0) KSP residual norm 1.468847e-04
 15 (restart 0) KSP residual norm 7.389969e-05
 16 (restart 0) KSP residual norm 3.897130e-05
 17 (restart 0) KSP residual norm 2.088989e-05
 18 (restart 0) KSP residual norm 1.043939e-05
 19 (restart 0) KSP residual norm 5.474785e-06
 20 (restart 0) KSP residual norm 3.009308e-06
 21 (restart 0) KSP residual norm 1.564121e-06
 22 (restart 0) KSP residual norm 8.419221e-07
 23 (restart 0) KSP residual norm 4.236885e-07
 24 (restart 0) KSP residual norm 2.559868e-07
 25 (restart 0) KSP residual norm 1.490214e-07
 26 (restart 0) KSP residual norm 8.729294e-08
GMRES solver converged in 26 iterations (avg. reduction factor: 4.920e-01)
  Residual norms for GMRES solve
  0 (restart 0) KSP residual norm 1.392523e+01
  1 (restart 0) KSP residual norm 4.603632e+00
  2 (restart 0) KSP residual norm 1.842318e+00
  3 (restart 0) KSP residual norm 4.242519e-01
  4 (restart 0) KSP residual norm 2.541254e-01
  5 (restart 0) KSP residual norm 1.425563e-01
  6 (restart 0) KSP residual norm 5.976324e-02
  7 (restart 0) KSP residual norm 3.151023e-02
  8 (restart 0) KSP residual norm 1.223860e-02
  9 (restart 0) KSP residual norm 5.810860e-03
 10 (restart 0) KSP residual norm 2.559710e-03
 11 (restart 0) KSP residual norm 1.209232e-03
 12 (restart 0) KSP residual norm 8.212403e-04
 13 (restart 0) KSP residual norm 3.156240e-04
 14 (restart 0) KSP residual norm 1.476151e-04
 15 (restart 0) KSP residual norm 6.938523e-05
 16 (restart 0) KSP residual norm 3.256326e-05
 17 (restart 0) KSP residual norm 1.847492e-05
 18 (restart 0) KSP residual norm 1.048717e-05
 19 (restart 0) KSP residual norm 5.653522e-06
 20 (restart 0) KSP residual norm 2.864431e-06
 21 (restart 0) KSP residual norm 1.477908e-06
 22 (restart 0) KSP residual norm 8.087701e-07
 23 (restart 0) KSP residual norm 4.437229e-07
 24 (restart 0) KSP residual norm 2.392158e-07
 25 (restart 0) KSP residual norm 1.275366e-07
GMRES solver converged in 25 iterations (avg. reduction factor: 4.770e-01)
  Residual norms for GMRES solve
  0 (restart 0) KSP residual norm 7.463881e+00
  1 (restart 0) KSP residual norm 3.400784e+00
  2 (restart 0) KSP residual norm 1.166257e+00
  3 (restart 0) KSP residual norm 3.697421e-01
  4 (restart 0) KSP residual norm 2.781745e-01
  5 (restart 0) KSP residual norm 1.361099e-01
  6 (restart 0) KSP residual norm 5.639951e-02
  7 (restart 0) KSP residual norm 3.215973e-02
  8 (restart 0) KSP residual norm 1.002961e-02
  9 (restart 0) KSP residual norm 4.649188e-03
 10 (restart 0) KSP residual norm 2.010754e-03
 11 (restart 0) KSP residual norm 9.854760e-04
 12 (restart 0) KSP residual norm 5.851587e-04
 13 (restart 0) KSP residual norm 2.635323e-04
 14 (restart 0) KSP residual norm 1.226825e-04
 15 (restart 0) KSP residual norm 5.836694e-05
 16 (restart 0) KSP residual norm 2.697372e-05
 17 (restart 0) KSP residual norm 1.479698e-05
 18 (restart 0) KSP residual norm 7.880874e-06
 19 (restart 0) KSP residual norm 4.160445e-06
 20 (restart 0) KSP residual norm 2.194549e-06
 21 (restart 0) KSP residual norm 1.141230e-06
 22 (restart 0) KSP residual norm 6.476923e-07
 23 (restart 0) KSP residual norm 3.351620e-07
 24 (restart 0) KSP residual norm 1.837488e-07
 25 (restart 0) KSP residual norm 1.020074e-07
 26 (restart 0) KSP residual norm 5.909219e-08
GMRES solver converged in 26 iterations (avg. reduction factor: 4.880e-01)
  Residual norms for GMRES solve
  0 (restart 0) KSP residual norm 6.206522e+00
  1 (restart 0) KSP residual norm 2.271700e+00
  2 (restart 0) KSP residual norm 9.660228e-01
  3 (restart 0) KSP residual norm 4.224286e-01
  4 (restart 0) KSP residual norm 3.144398e-01
  5 (restart 0) KSP residual norm 1.070181e-01
  6 (restart 0) KSP residual norm 5.187108e-02
  7 (restart 0) KSP residual norm 2.258109e-02
  8 (restart 0) KSP residual norm 7.390642e-03
  9 (restart 0) KSP residual norm 3.386201e-03
 10 (restart 0) KSP residual norm 1.743328e-03
 11 (restart 0) KSP residual norm 8.720754e-04
 12 (restart 0) KSP residual norm 5.194820e-04
 13 (restart 0) KSP residual norm 2.347244e-04
 14 (restart 0) KSP residual norm 1.043422e-04
 15 (restart 0) KSP residual norm 5.105661e-05
 16 (restart 0) KSP residual norm 2.525985e-05
 17 (restart 0) KSP residual norm 1.411517e-05
 18 (restart 0) KSP residual norm 7.666205e-06
 19 (restart 0) KSP residual norm 4.218635e-06
 20 (restart 0) KSP residual norm 2.184521e-06
 21 (restart 0) KSP residual norm 1.183985e-06
 22 (restart 0) KSP residual norm 6.948746e-07
 23 (restart 0) KSP residual norm 3.752813e-07
 24 (restart 0) KSP residual norm 2.230177e-07
 25 (restart 0) KSP residual norm 1.332964e-07
 26 (restart 0) KSP residual norm 8.228526e-08
 27 (restart 0) KSP residual norm 5.083957e-08
GMRES solver converged in 27 iterations (avg. reduction factor: 5.018e-01)
  Residual norms for GMRES solve
  0 (restart 0) KSP residual norm 6.399569e+00
  1 (restart 0) KSP residual norm 2.144192e+00
  2 (restart 0) KSP residual norm 5.789639e-01
  3 (restart 0) KSP residual norm 2.640469e-01
  4 (restart 0) KSP residual norm 1.630274e-01
  5 (restart 0) KSP residual norm 8.084170e-02
  6 (restart 0) KSP residual norm 3.403544e-02
  7 (restart 0) KSP residual norm 1.519885e-02
  8 (restart 0) KSP residual norm 6.917736e-03
  9 (restart 0) KSP residual norm 3.141512e-03
 10 (restart 0) KSP residual norm 1.862611e-03
 11 (restart 0) KSP residual norm 7.933750e-04
 12 (restart 0) KSP residual norm 5.057830e-04
 13 (restart 0) KSP residual norm 2.400406e-04
 14 (restart 0) KSP residual norm 1.085981e-04
 15 (restart 0) KSP residual norm 5.454623e-05
 16 (restart 0) KSP residual norm 2.833798e-05
 17 (restart 0) KSP residual norm 1.524787e-05
 18 (restart 0) KSP residual norm 8.320404e-06
 19 (restart 0) KSP residual norm 4.078052e-06
 20 (restart 0) KSP residual norm 1.979682e-06
 21 (restart 0) KSP residual norm 9.859121e-07
 22 (restart 0) KSP residual norm 5.953268e-07
 23 (restart 0) KSP residual norm 3.105493e-07
 24 (restart 0) KSP residual norm 1.718728e-07
 25 (restart 0) KSP residual norm 9.530097e-08
 26 (restart 0) KSP residual norm 5.565800e-08
GMRES solver converged in 26 iterations (avg. reduction factor: 4.898e-01)
  Residual norms for GMRES solve
  0 (restart 0) KSP residual norm 1.744694e+01
  1 (restart 0) KSP residual norm 3.992225e+00
  2 (restart 0) KSP residual norm 1.946089e+00
  3 (restart 0) KSP residual norm 4.374923e-01
  4 (restart 0) KSP residual norm 2.231124e-01
  5 (restart 0) KSP residual norm 1.380534e-01
  6 (restart 0) KSP residual norm 5.082547e-02
  7 (restart 0) KSP residual norm 3.095410e-02
  8 (restart 0) KSP residual norm 1.281473e-02
  9 (restart 0) KSP residual norm 6.092016e-03
 10 (restart 0) KSP residual norm 3.228442e-03
 11 (restart 0) KSP residual norm 1.459134e-03
 12 (restart 0) KSP residual norm 9.905643e-04
 13 (restart 0) KSP residual norm 3.605160e-04
 14 (restart 0) KSP residual norm 1.977399e-04
 15 (restart 0) KSP residual norm 9.073529e-05
 16 (restart 0) KSP residual norm 5.122714e-05
 17 (restart 0) KSP residual norm 2.731728e-05
 18 (restart 0) KSP residual norm 1.376843e-05
 19 (restart 0) KSP residual norm 6.368527e-06
 20 (restart 0) KSP residual norm 3.133171e-06
 21 (restart 0) KSP residual norm 1.746999e-06
 22 (restart 0) KSP residual norm 9.602115e-07
 23 (restart 0) KSP residual norm 5.072139e-07
 24 (restart 0) KSP residual norm 2.789077e-07
 25 (restart 0) KSP residual norm 1.538820e-07
GMRES solver converged in 25 iterations (avg. reduction factor: 4.762e-01)
  Residual norms for GMRES solve
  0 (restart 0) KSP residual norm 1.122022e+01
  1 (restart 0) KSP residual norm 4.605528e+00
  2 (restart 0) KSP residual norm 1.678938e+00
  3 (restart 0) KSP residual norm 3.651915e-01
  4 (restart 0) KSP residual norm 2.319942e-01
  5 (restart 0) KSP residual norm 1.394932e-01
  6 (restart 0) KSP residual norm 4.532650e-02
  7 (restart 0) KSP residual norm 2.768462e-02
  8 (restart 0) KSP residual norm 1.350750e-02
  9 (restart 0) KSP residual norm 5.057621e-03
 10 (restart 0) KSP residual norm 2.825446e-03
 11 (restart 0) KSP residual norm 1.469546e-03
 12 (restart 0) KSP residual norm 8.293737e-04
 13 (restart 0) KSP residual norm 3.884123e-04
 14 (restart 0) KSP residual norm 1.986695e-04
 15 (restart 0) KSP residual norm 9.237157e-05
 16 (restart 0) KSP residual norm 3.999818e-05
 17 (restart 0) KSP residual norm 2.328252e-05
 18 (restart 0) KSP residual norm 1.340511e-05
 19 (restart 0) KSP residual norm 6.961448e-06
 20 (restart 0) KSP residual norm 3.573184e-06
 21 (restart 0) KSP residual norm 1.837224e-06
 22 (restart 0) KSP residual norm 1.010467e-06
 23 (restart 0) KSP residual norm 5.518311e-07
 24 (restart 0) KSP residual norm 3.012942e-07
 25 (restart 0) KSP residual norm 1.673676e-07
 26 (restart 0) KSP residual norm 9.933850e-08
GMRES solver converged in 26 iterations (avg. reduction factor: 4.901e-01)
  Residual norms for GMRES solve
  0 (restart 0) KSP residual norm 7.592471e+00
  1 (restart 0) KSP residual norm 3.729564e+00
  2 (restart 0) KSP residual norm 1.162055e+00
  3 (restart 0) KSP residual norm 3.461619e-01
  4 (restart 0) KSP residual norm 2.293318e-01
  5 (restart 0) KSP residual norm 8.364616e-02
  6 (restart 0) KSP residual norm 4.212467e-02
  7 (restart 0) KSP residual norm 2.285187e-02
  8 (restart 0) KSP residual norm 1.194676e-02
  9 (restart 0) KSP residual norm 4.353792e-03
 10 (restart 0) KSP residual norm 2.188862e-03
 11 (restart 0) KSP residual norm 1.150796e-03
 12 (restart 0) KSP residual norm 6.957428e-04
 13 (restart 0) KSP residual norm 3.127111e-04
 14 (restart 0) KSP residual norm 1.684815e-04
 15 (restart 0) KSP residual norm 7.514247e-05
 16 (restart 0) KSP residual norm 3.791697e-05
 17 (restart 0) KSP residual norm 2.245941e-05
 18 (restart 0) KSP residual norm 1.177736e-05
 19 (restart 0) KSP residual norm 5.933470e-06
 20 (restart 0) KSP residual norm 3.069091e-06
 21 (restart 0) KSP residual norm 1.590753e-06
 22 (restart 0) KSP residual norm 8.788298e-07
 23 (restart 0) KSP residual norm 4.675341e-07
 24 (restart 0) KSP residual norm 2.562535e-07
 25 (restart 0) KSP residual norm 1.433395e-07
 26 (restart 0) KSP residual norm 8.746075e-08
 27 (restart 0) KSP residual norm 5.402932e-08
GMRES solver converged in 27 iterations (avg. reduction factor: 4.992e-01)
  Residual norms for GMRES solve
  0 (restart 0) KSP residual norm 6.724839e+00
  1 (restart 0) KSP residual norm 2.856613e+00
  2 (restart 0) KSP residual norm 7.994043e-01
  3 (restart 0) KSP residual norm 2.380786e-01
  4 (restart 0) KSP residual norm 1.653544e-01
  5 (restart 0) KSP residual norm 9.298167e-02
  6 (restart 0) KSP residual norm 5.386401e-02
  7 (restart 0) KSP residual norm 2.723455e-02
  8 (restart 0) KSP residual norm 1.087144e-02
  9 (restart 0) KSP residual norm 4.385367e-03
 10 (restart 0) KSP residual norm 2.385345e-03
 11 (restart 0) KSP residual norm 1.200331e-03
 12 (restart 0) KSP residual norm 6.839258e-04
 13 (restart 0) KSP residual norm 2.937988e-04
 14 (restart 0) KSP residual norm 1.483760e-04
 15 (restart 0) KSP residual norm 6.690994e-05
 16 (restart 0) KSP residual norm 3.352095e-05
 17 (restart 0) KSP residual norm 1.832270e-05
 18 (restart 0) KSP residual norm 1.007561e-05
 19 (restart 0) KSP residual norm 5.116712e-06
 20 (restart 0) KSP residual norm 2.412089e-06
 21 (restart 0) KSP residual norm 1.287314e-06
 22 (restart 0) KSP residual norm 7.477625e-07
 23 (restart 0) KSP residual norm 3.861886e-07
 24 (restart 0) KSP residual norm 2.117062e-07
 25 (restart 0) KSP residual norm 1.212914e-07
 26 (restart 0) KSP residual norm 7.746176e-08
 27 (restart 0) KSP residual norm 5.136096e-08
GMRES solver converged in 27 iterations (avg. reduction factor: 5.005e-01)
  1 EPS nconv=4 first unconverged value (error) -1.0086e-05+0.342303i (3.43966290e-03)

 Linear eigensolve converged (4 eigenpairs) due to CONVERGED_TOL; iterations 1
 Total number of linear systems solved: 19
 Total number of linear solver iterations: 490
 Found 4 converged eigenvalues (first = -1.162e-02+9.028e+00i)

 Refining eigenvalues with Quasi-Newton solver
  Residual norms for GMRES solve
  0 (restart 0) KSP residual norm 2.147247e+01
  1 (restart 0) KSP residual norm 6.498686e-01
  2 (restart 0) KSP residual norm 4.647768e-01
  3 (restart 0) KSP residual norm 3.126192e-01
  4 (restart 0) KSP residual norm 3.030155e-01
  5 (restart 0) KSP residual norm 2.399846e-01
  6 (restart 0) KSP residual norm 1.688058e-01
  7 (restart 0) KSP residual norm 7.723350e-02
  8 (restart 0) KSP residual norm 4.983211e-02
  9 (restart 0) KSP residual norm 4.246427e-02
 10 (restart 0) KSP residual norm 3.874504e-02
 11 (restart 0) KSP residual norm 3.598477e-02
 12 (restart 0) KSP residual norm 2.617079e-02
 13 (restart 0) KSP residual norm 1.643461e-02
 14 (restart 0) KSP residual norm 1.172196e-02
 15 (restart 0) KSP residual norm 8.711685e-03
 16 (restart 0) KSP residual norm 7.303716e-03
 17 (restart 0) KSP residual norm 6.385039e-03
 18 (restart 0) KSP residual norm 4.808316e-03
 19 (restart 0) KSP residual norm 3.695370e-03
 20 (restart 0) KSP residual norm 2.967048e-03
 21 (restart 0) KSP residual norm 2.525617e-03
 22 (restart 0) KSP residual norm 2.241229e-03
 23 (restart 0) KSP residual norm 2.002430e-03
GMRES solver converged in 23 iterations (avg. reduction factor: 6.680e-01)
0 NLEPS (nconv=0, restart=0) residual norm 2.218191e-01
  Residual norms for GMRES solve
  0 (restart 0) KSP residual norm 7.593158e-02
  1 (restart 0) KSP residual norm 6.157734e-02
  2 (restart 0) KSP residual norm 5.237537e-02
  3 (restart 0) KSP residual norm 4.445066e-02
  4 (restart 0) KSP residual norm 2.963788e-02
  5 (restart 0) KSP residual norm 2.052962e-02
  6 (restart 0) KSP residual norm 1.387999e-02
  7 (restart 0) KSP residual norm 1.359328e-02
  8 (restart 0) KSP residual norm 1.358159e-02
  9 (restart 0) KSP residual norm 1.110338e-02
 10 (restart 0) KSP residual norm 9.889590e-03
 11 (restart 0) KSP residual norm 7.663315e-03
 12 (restart 0) KSP residual norm 5.967715e-03
 13 (restart 0) KSP residual norm 5.416407e-03
 14 (restart 0) KSP residual norm 4.139266e-03
 15 (restart 0) KSP residual norm 2.818396e-03
 16 (restart 0) KSP residual norm 1.747743e-03
 17 (restart 0) KSP residual norm 1.122427e-03
 18 (restart 0) KSP residual norm 9.934250e-04
 19 (restart 0) KSP residual norm 9.724910e-04
 20 (restart 0) KSP residual norm 9.483603e-04
 21 (restart 0) KSP residual norm 9.179188e-04
 22 (restart 0) KSP residual norm 8.881795e-04
 23 (restart 0) KSP residual norm 8.639019e-04
 24 (restart 0) KSP residual norm 8.379737e-04
 25 (restart 0) KSP residual norm 7.885090e-04
 26 (restart 0) KSP residual norm 6.822212e-04
 27 (restart 0) KSP residual norm 5.021406e-04
 28 (restart 0) KSP residual norm 3.204154e-04
 29 (restart 0) KSP residual norm 1.786022e-04
 30 (restart 0) KSP residual norm 1.024142e-04
 31 (restart 0) KSP residual norm 5.513464e-05
 32 (restart 0) KSP residual norm 3.106441e-05
 33 (restart 0) KSP residual norm 1.798783e-05
 34 (restart 0) KSP residual norm 9.409384e-06
 35 (restart 0) KSP residual norm 5.092956e-06
GMRES solver converged in 35 iterations (avg. reduction factor: 7.599e-01)
1 NLEPS (nconv=0, restart=0) residual norm 1.761565e-03
  Residual norms for GMRES solve
  0 (restart 0) KSP residual norm 1.093214e-06
  1 (restart 0) KSP residual norm 8.971000e-07
  2 (restart 0) KSP residual norm 7.517919e-07
  3 (restart 0) KSP residual norm 6.199128e-07
  4 (restart 0) KSP residual norm 5.016209e-07
  5 (restart 0) KSP residual norm 3.099317e-07
  6 (restart 0) KSP residual norm 2.229173e-07
  7 (restart 0) KSP residual norm 2.198132e-07
  8 (restart 0) KSP residual norm 2.194963e-07
  9 (restart 0) KSP residual norm 1.807695e-07
 10 (restart 0) KSP residual norm 1.670625e-07
 11 (restart 0) KSP residual norm 1.333401e-07
 12 (restart 0) KSP residual norm 1.148625e-07
 13 (restart 0) KSP residual norm 1.037100e-07
 14 (restart 0) KSP residual norm 9.015700e-08
 15 (restart 0) KSP residual norm 8.029868e-08
 16 (restart 0) KSP residual norm 6.172640e-08
 17 (restart 0) KSP residual norm 5.130258e-08
 18 (restart 0) KSP residual norm 4.125364e-08
 19 (restart 0) KSP residual norm 3.170621e-08
 20 (restart 0) KSP residual norm 2.460498e-08
 21 (restart 0) KSP residual norm 1.855989e-08
 22 (restart 0) KSP residual norm 1.385308e-08
 23 (restart 0) KSP residual norm 1.108239e-08
 24 (restart 0) KSP residual norm 9.616729e-09
 25 (restart 0) KSP residual norm 9.010890e-09
 26 (restart 0) KSP residual norm 8.456675e-09
 27 (restart 0) KSP residual norm 8.294373e-09
 28 (restart 0) KSP residual norm 7.749469e-09
 29 (restart 0) KSP residual norm 7.089835e-09
 30 (restart 0) KSP residual norm 5.496333e-09
 31 (restart 0) KSP residual norm 3.774334e-09
 32 (restart 0) KSP residual norm 2.400714e-09
 33 (restart 0) KSP residual norm 1.592273e-09
 34 (restart 0) KSP residual norm 1.078375e-09
 35 (restart 0) KSP residual norm 6.578694e-10
 36 (restart 0) KSP residual norm 3.829707e-10
 37 (restart 0) KSP residual norm 2.116175e-10
 38 (restart 0) KSP residual norm 1.213987e-10
 39 (restart 0) KSP residual norm 6.825056e-11
GMRES solver converged in 39 iterations (avg. reduction factor: 7.802e-01)
2 NLEPS (nconv=0, restart=0) residual norm 1.012383e-06
  Residual norms for GMRES solve
  0 (restart 0) KSP residual norm 1.281776e-07
  1 (restart 0) KSP residual norm 3.148063e-08
  2 (restart 0) KSP residual norm 2.908717e-08
  3 (restart 0) KSP residual norm 2.806710e-08
  4 (restart 0) KSP residual norm 1.645297e-08
  5 (restart 0) KSP residual norm 1.524101e-08
  6 (restart 0) KSP residual norm 1.321472e-08
  7 (restart 0) KSP residual norm 1.250942e-08
  8 (restart 0) KSP residual norm 1.102303e-08
  9 (restart 0) KSP residual norm 8.834280e-09
 10 (restart 0) KSP residual norm 8.178164e-09
 11 (restart 0) KSP residual norm 7.604262e-09
 12 (restart 0) KSP residual norm 6.513754e-09
 13 (restart 0) KSP residual norm 5.434885e-09
 14 (restart 0) KSP residual norm 4.129821e-09
 15 (restart 0) KSP residual norm 2.901653e-09
 16 (restart 0) KSP residual norm 2.165136e-09
 17 (restart 0) KSP residual norm 1.797063e-09
 18 (restart 0) KSP residual norm 1.619530e-09
 19 (restart 0) KSP residual norm 1.493029e-09
 20 (restart 0) KSP residual norm 1.433948e-09
 21 (restart 0) KSP residual norm 1.414929e-09
 22 (restart 0) KSP residual norm 1.411710e-09
 23 (restart 0) KSP residual norm 1.399893e-09
 24 (restart 0) KSP residual norm 1.340332e-09
 25 (restart 0) KSP residual norm 1.138823e-09
 26 (restart 0) KSP residual norm 7.561265e-10
 27 (restart 0) KSP residual norm 4.606437e-10
 28 (restart 0) KSP residual norm 2.829103e-10
 29 (restart 0) KSP residual norm 1.709849e-10
 30 (restart 0) KSP residual norm 9.689826e-11
 31 (restart 0) KSP residual norm 5.682221e-11
 32 (restart 0) KSP residual norm 3.652627e-11
 33 (restart 0) KSP residual norm 2.198365e-11
 34 (restart 0) KSP residual norm 1.292799e-11
 35 (restart 0) KSP residual norm 7.976644e-12
 36 (restart 0) KSP residual norm 4.532796e-12
 37 (restart 0) KSP residual norm 2.439350e-12
 38 (restart 0) KSP residual norm 1.443224e-12
 39 (restart 0) KSP residual norm 8.728261e-13
GMRES solver converged in 39 iterations (avg. reduction factor: 7.371e-01)
3 NLEPS (nconv=0, restart=0) residual norm 2.726297e-09
Eigenvalue 0, Quasi-Newton converged in 3 iterations (-1.165e-02+9.028e+00i).
  Residual norms for GMRES solve
  0 (restart 0) KSP residual norm 2.147195e+01
  1 (restart 0) KSP residual norm 6.495003e-01
  2 (restart 0) KSP residual norm 4.635920e-01
  3 (restart 0) KSP residual norm 3.121496e-01
  4 (restart 0) KSP residual norm 3.020440e-01
  5 (restart 0) KSP residual norm 2.397465e-01
  6 (restart 0) KSP residual norm 1.707581e-01
  7 (restart 0) KSP residual norm 7.771179e-02
  8 (restart 0) KSP residual norm 5.053164e-02
  9 (restart 0) KSP residual norm 4.265424e-02
 10 (restart 0) KSP residual norm 3.919833e-02
 11 (restart 0) KSP residual norm 3.645746e-02
 12 (restart 0) KSP residual norm 2.818292e-02
 13 (restart 0) KSP residual norm 1.885707e-02
 14 (restart 0) KSP residual norm 1.429381e-02
 15 (restart 0) KSP residual norm 1.111590e-02
 16 (restart 0) KSP residual norm 9.854469e-03
 17 (restart 0) KSP residual norm 9.095515e-03
 18 (restart 0) KSP residual norm 7.561824e-03
 19 (restart 0) KSP residual norm 6.419601e-03
 20 (restart 0) KSP residual norm 5.460607e-03
 21 (restart 0) KSP residual norm 4.836832e-03
 22 (restart 0) KSP residual norm 4.391044e-03
 23 (restart 0) KSP residual norm 3.982454e-03
 24 (restart 0) KSP residual norm 3.833754e-03
 25 (restart 0) KSP residual norm 3.703198e-03
 26 (restart 0) KSP residual norm 3.653842e-03
 27 (restart 0) KSP residual norm 3.643876e-03
 28 (restart 0) KSP residual norm 3.612910e-03
 29 (restart 0) KSP residual norm 3.302291e-03
 30 (restart 0) KSP residual norm 2.632755e-03
 31 (restart 0) KSP residual norm 1.672496e-03
GMRES solver converged in 31 iterations (avg. reduction factor: 7.370e-01)
0 NLEPS (nconv=1, restart=0) residual norm 2.022375e-01
  Residual norms for GMRES solve
  0 (restart 0) KSP residual norm 5.311187e+00
  1 (restart 0) KSP residual norm 1.379666e+00
  2 (restart 0) KSP residual norm 1.297759e+00
  3 (restart 0) KSP residual norm 1.282040e+00
  4 (restart 0) KSP residual norm 5.745707e-01
  5 (restart 0) KSP residual norm 5.100349e-01
  6 (restart 0) KSP residual norm 4.514732e-01
  7 (restart 0) KSP residual norm 3.584707e-01
  8 (restart 0) KSP residual norm 3.073851e-01
  9 (restart 0) KSP residual norm 2.950486e-01
 10 (restart 0) KSP residual norm 2.877926e-01
 11 (restart 0) KSP residual norm 2.846840e-01
 12 (restart 0) KSP residual norm 2.805282e-01
 13 (restart 0) KSP residual norm 2.741487e-01
 14 (restart 0) KSP residual norm 2.581469e-01
 15 (restart 0) KSP residual norm 1.960322e-01
 16 (restart 0) KSP residual norm 1.295781e-01
 17 (restart 0) KSP residual norm 9.810673e-02
 18 (restart 0) KSP residual norm 9.179923e-02
 19 (restart 0) KSP residual norm 9.107563e-02
 20 (restart 0) KSP residual norm 8.973758e-02
 21 (restart 0) KSP residual norm 8.912769e-02
 22 (restart 0) KSP residual norm 8.860272e-02
 23 (restart 0) KSP residual norm 8.700614e-02
 24 (restart 0) KSP residual norm 8.548330e-02
 25 (restart 0) KSP residual norm 8.035784e-02
 26 (restart 0) KSP residual norm 7.083233e-02
 27 (restart 0) KSP residual norm 5.463901e-02
 28 (restart 0) KSP residual norm 3.520883e-02
 29 (restart 0) KSP residual norm 2.222110e-02
 30 (restart 0) KSP residual norm 1.164397e-02
 31 (restart 0) KSP residual norm 6.001643e-03
 32 (restart 0) KSP residual norm 3.396432e-03
 33 (restart 0) KSP residual norm 1.869603e-03
 34 (restart 0) KSP residual norm 9.563659e-04
 35 (restart 0) KSP residual norm 5.024767e-04
GMRES solver converged in 35 iterations (avg. reduction factor: 7.674e-01)
1 NLEPS (nconv=1, restart=0) residual norm 1.256540e-03
  Residual norms for GMRES solve
  0 (restart 0) KSP residual norm 5.711834e-03
  1 (restart 0) KSP residual norm 1.458248e-03
  2 (restart 0) KSP residual norm 1.386635e-03
  3 (restart 0) KSP residual norm 1.342496e-03
  4 (restart 0) KSP residual norm 6.171566e-04
  5 (restart 0) KSP residual norm 6.003757e-04
  6 (restart 0) KSP residual norm 5.012293e-04
  7 (restart 0) KSP residual norm 3.941684e-04
  8 (restart 0) KSP residual norm 3.311523e-04
  9 (restart 0) KSP residual norm 3.192674e-04
 10 (restart 0) KSP residual norm 3.110553e-04
 11 (restart 0) KSP residual norm 3.066513e-04
 12 (restart 0) KSP residual norm 3.013895e-04
 13 (restart 0) KSP residual norm 2.947231e-04
 14 (restart 0) KSP residual norm 2.810751e-04
 15 (restart 0) KSP residual norm 2.144675e-04
 16 (restart 0) KSP residual norm 1.393371e-04
 17 (restart 0) KSP residual norm 9.755681e-05
 18 (restart 0) KSP residual norm 8.818987e-05
 19 (restart 0) KSP residual norm 8.680724e-05
 20 (restart 0) KSP residual norm 8.601213e-05
 21 (restart 0) KSP residual norm 8.557170e-05
 22 (restart 0) KSP residual norm 8.505656e-05
 23 (restart 0) KSP residual norm 8.388925e-05
 24 (restart 0) KSP residual norm 8.316513e-05
 25 (restart 0) KSP residual norm 7.996463e-05
 26 (restart 0) KSP residual norm 7.459243e-05
 27 (restart 0) KSP residual norm 6.519336e-05
 28 (restart 0) KSP residual norm 4.958152e-05
 29 (restart 0) KSP residual norm 3.702181e-05
 30 (restart 0) KSP residual norm 2.441811e-05
 31 (restart 0) KSP residual norm 1.529154e-05
 32 (restart 0) KSP residual norm 9.487347e-06
 33 (restart 0) KSP residual norm 5.877124e-06
 34 (restart 0) KSP residual norm 3.322475e-06
 35 (restart 0) KSP residual norm 1.816101e-06
 36 (restart 0) KSP residual norm 1.083479e-06
 37 (restart 0) KSP residual norm 5.506412e-07
GMRES solver converged in 37 iterations (avg. reduction factor: 7.789e-01)
2 NLEPS (nconv=1, restart=0) residual norm 1.598452e-04
  Residual norms for GMRES solve
  0 (restart 0) KSP residual norm 2.836629e-06
  1 (restart 0) KSP residual norm 2.500302e-06
  2 (restart 0) KSP residual norm 1.939276e-06
  3 (restart 0) KSP residual norm 1.704536e-06
  4 (restart 0) KSP residual norm 1.434238e-06
  5 (restart 0) KSP residual norm 1.342390e-06
  6 (restart 0) KSP residual norm 8.755554e-07
  7 (restart 0) KSP residual norm 8.638758e-07
  8 (restart 0) KSP residual norm 6.841655e-07
  9 (restart 0) KSP residual norm 6.736505e-07
 10 (restart 0) KSP residual norm 5.774095e-07
 11 (restart 0) KSP residual norm 5.638832e-07
 12 (restart 0) KSP residual norm 5.134624e-07
 13 (restart 0) KSP residual norm 4.884675e-07
 14 (restart 0) KSP residual norm 4.682800e-07
 15 (restart 0) KSP residual norm 4.670488e-07
 16 (restart 0) KSP residual norm 4.485314e-07
 17 (restart 0) KSP residual norm 4.464644e-07
 18 (restart 0) KSP residual norm 4.392426e-07
 19 (restart 0) KSP residual norm 4.276513e-07
 20 (restart 0) KSP residual norm 3.624308e-07
 21 (restart 0) KSP residual norm 2.936962e-07
 22 (restart 0) KSP residual norm 2.503785e-07
 23 (restart 0) KSP residual norm 2.243366e-07
 24 (restart 0) KSP residual norm 2.137534e-07
 25 (restart 0) KSP residual norm 2.033841e-07
 26 (restart 0) KSP residual norm 1.942352e-07
 27 (restart 0) KSP residual norm 1.757621e-07
 28 (restart 0) KSP residual norm 1.593502e-07
 29 (restart 0) KSP residual norm 1.435954e-07
 30 (restart 0) KSP residual norm 1.264828e-07
 31 (restart 0) KSP residual norm 1.213963e-07
 32 (restart 0) KSP residual norm 1.130731e-07
 33 (restart 0) KSP residual norm 9.084027e-08
 34 (restart 0) KSP residual norm 6.472190e-08
 35 (restart 0) KSP residual norm 3.588636e-08
 36 (restart 0) KSP residual norm 1.860228e-08
 37 (restart 0) KSP residual norm 1.083142e-08
 38 (restart 0) KSP residual norm 5.799311e-09
 39 (restart 0) KSP residual norm 3.616586e-09
 40 (restart 0) KSP residual norm 2.251263e-09
 41 (restart 0) KSP residual norm 1.347997e-09
 42 (restart 0) KSP residual norm 8.039619e-10
 43 (restart 0) KSP residual norm 4.500431e-10
 44 (restart 0) KSP residual norm 2.483733e-10
GMRES solver converged in 44 iterations (avg. reduction factor: 8.087e-01)
3 NLEPS (nconv=1, restart=0) residual norm 7.766442e-08
  Residual norms for GMRES solve
  0 (restart 0) KSP residual norm 1.348400e-09
  1 (restart 0) KSP residual norm 7.055041e-10
  2 (restart 0) KSP residual norm 6.848351e-10
  3 (restart 0) KSP residual norm 6.777145e-10
  4 (restart 0) KSP residual norm 6.652575e-10
  5 (restart 0) KSP residual norm 6.309035e-10
  6 (restart 0) KSP residual norm 6.058402e-10
  7 (restart 0) KSP residual norm 4.795377e-10
  8 (restart 0) KSP residual norm 4.541130e-10
  9 (restart 0) KSP residual norm 3.578811e-10
 10 (restart 0) KSP residual norm 3.413495e-10
 11 (restart 0) KSP residual norm 3.196016e-10
 12 (restart 0) KSP residual norm 3.092307e-10
 13 (restart 0) KSP residual norm 3.062041e-10
 14 (restart 0) KSP residual norm 2.991518e-10
 15 (restart 0) KSP residual norm 2.933979e-10
 16 (restart 0) KSP residual norm 2.862681e-10
 17 (restart 0) KSP residual norm 2.817745e-10
 18 (restart 0) KSP residual norm 2.708853e-10
 19 (restart 0) KSP residual norm 2.211957e-10
 20 (restart 0) KSP residual norm 1.861752e-10
 21 (restart 0) KSP residual norm 1.525499e-10
 22 (restart 0) KSP residual norm 1.269648e-10
 23 (restart 0) KSP residual norm 1.131272e-10
 24 (restart 0) KSP residual norm 9.805339e-11
 25 (restart 0) KSP residual norm 8.871217e-11
 26 (restart 0) KSP residual norm 8.580906e-11
 27 (restart 0) KSP residual norm 8.369570e-11
 28 (restart 0) KSP residual norm 8.070547e-11
 29 (restart 0) KSP residual norm 7.439592e-11
 30 (restart 0) KSP residual norm 6.274540e-11
 31 (restart 0) KSP residual norm 4.925187e-11
 32 (restart 0) KSP residual norm 3.754183e-11
 33 (restart 0) KSP residual norm 2.636930e-11
 34 (restart 0) KSP residual norm 1.824044e-11
 35 (restart 0) KSP residual norm 1.194317e-11
 36 (restart 0) KSP residual norm 7.491972e-12
 37 (restart 0) KSP residual norm 4.638523e-12
 38 (restart 0) KSP residual norm 2.778888e-12
 39 (restart 0) KSP residual norm 1.759948e-12
 40 (restart 0) KSP residual norm 1.093059e-12
 41 (restart 0) KSP residual norm 6.883473e-13
GMRES solver converged in 41 iterations (avg. reduction factor: 8.312e-01)
4 NLEPS (nconv=1, restart=0) residual norm 3.091327e-10
Eigenvalue 1, Quasi-Newton converged in 4 iterations (-1.164e-02+9.028e+00i).
  Residual norms for GMRES solve
  0 (restart 0) KSP residual norm 2.117897e+01
  1 (restart 0) KSP residual norm 5.586513e-01
  2 (restart 0) KSP residual norm 1.242890e-01
  3 (restart 0) KSP residual norm 1.113504e-01
  4 (restart 0) KSP residual norm 1.112614e-01
  5 (restart 0) KSP residual norm 1.086933e-01
  6 (restart 0) KSP residual norm 8.662288e-02
  7 (restart 0) KSP residual norm 8.498923e-02
  8 (restart 0) KSP residual norm 6.243668e-02
  9 (restart 0) KSP residual norm 5.163259e-02
 10 (restart 0) KSP residual norm 4.907914e-02
 11 (restart 0) KSP residual norm 3.477491e-02
 12 (restart 0) KSP residual norm 3.391813e-02
 13 (restart 0) KSP residual norm 2.353906e-02
 14 (restart 0) KSP residual norm 2.097947e-02
 15 (restart 0) KSP residual norm 2.010535e-02
 16 (restart 0) KSP residual norm 1.698523e-02
 17 (restart 0) KSP residual norm 1.585071e-02
 18 (restart 0) KSP residual norm 1.428193e-02
 19 (restart 0) KSP residual norm 1.175197e-02
 20 (restart 0) KSP residual norm 1.108416e-02
 21 (restart 0) KSP residual norm 9.988673e-03
 22 (restart 0) KSP residual norm 9.954388e-03
 23 (restart 0) KSP residual norm 9.841347e-03
 24 (restart 0) KSP residual norm 9.514199e-03
 25 (restart 0) KSP residual norm 9.172000e-03
 26 (restart 0) KSP residual norm 8.869815e-03
 27 (restart 0) KSP residual norm 7.639190e-03
 28 (restart 0) KSP residual norm 5.783735e-03
 29 (restart 0) KSP residual norm 3.473095e-03
 30 (restart 0) KSP residual norm 1.998655e-03
GMRES solver converged in 30 iterations (avg. reduction factor: 7.342e-01)
0 NLEPS (nconv=2, restart=0) residual norm 1.104076e-01
  Residual norms for GMRES solve
  0 (restart 0) KSP residual norm 3.799353e+00
  1 (restart 0) KSP residual norm 9.511524e-01
  2 (restart 0) KSP residual norm 2.255838e-01
  3 (restart 0) KSP residual norm 1.343275e-01
  4 (restart 0) KSP residual norm 8.716215e-02
  5 (restart 0) KSP residual norm 5.710105e-02
  6 (restart 0) KSP residual norm 2.835178e-02
  7 (restart 0) KSP residual norm 1.288627e-02
  8 (restart 0) KSP residual norm 1.007965e-02
  9 (restart 0) KSP residual norm 6.956752e-03
 10 (restart 0) KSP residual norm 6.881249e-03
 11 (restart 0) KSP residual norm 6.232919e-03
 12 (restart 0) KSP residual norm 4.768580e-03
 13 (restart 0) KSP residual norm 4.211192e-03
 14 (restart 0) KSP residual norm 3.906935e-03
 15 (restart 0) KSP residual norm 3.625654e-03
 16 (restart 0) KSP residual norm 3.505559e-03
 17 (restart 0) KSP residual norm 2.914962e-03
 18 (restart 0) KSP residual norm 2.682312e-03
 19 (restart 0) KSP residual norm 2.567915e-03
 20 (restart 0) KSP residual norm 2.226893e-03
 21 (restart 0) KSP residual norm 2.211484e-03
 22 (restart 0) KSP residual norm 2.003906e-03
 23 (restart 0) KSP residual norm 1.908558e-03
 24 (restart 0) KSP residual norm 1.860200e-03
 25 (restart 0) KSP residual norm 1.775526e-03
 26 (restart 0) KSP residual norm 1.752268e-03
 27 (restart 0) KSP residual norm 1.698479e-03
 28 (restart 0) KSP residual norm 1.684578e-03
 29 (restart 0) KSP residual norm 1.653377e-03
 30 (restart 0) KSP residual norm 1.584414e-03
 31 (restart 0) KSP residual norm 1.506691e-03
 32 (restart 0) KSP residual norm 1.290642e-03
 33 (restart 0) KSP residual norm 9.194801e-04
 34 (restart 0) KSP residual norm 5.458878e-04
 35 (restart 0) KSP residual norm 3.112236e-04
GMRES solver converged in 35 iterations (avg. reduction factor: 7.643e-01)
1 NLEPS (nconv=2, restart=0) residual norm 3.977870e-04
  Residual norms for GMRES solve
  0 (restart 0) KSP residual norm 5.436066e-08
  1 (restart 0) KSP residual norm 5.063551e-08
  2 (restart 0) KSP residual norm 4.539572e-08
  3 (restart 0) KSP residual norm 3.580787e-08
  4 (restart 0) KSP residual norm 3.419975e-08
  5 (restart 0) KSP residual norm 2.577618e-08
  6 (restart 0) KSP residual norm 2.555795e-08
  7 (restart 0) KSP residual norm 2.276681e-08
  8 (restart 0) KSP residual norm 2.212808e-08
  9 (restart 0) KSP residual norm 2.075937e-08
 10 (restart 0) KSP residual norm 2.007982e-08
 11 (restart 0) KSP residual norm 1.706966e-08
 12 (restart 0) KSP residual norm 1.637362e-08
 13 (restart 0) KSP residual norm 1.453335e-08
 14 (restart 0) KSP residual norm 1.391749e-08
 15 (restart 0) KSP residual norm 1.286486e-08
 16 (restart 0) KSP residual norm 1.265179e-08
 17 (restart 0) KSP residual norm 1.160554e-08
 18 (restart 0) KSP residual norm 1.112046e-08
 19 (restart 0) KSP residual norm 1.088819e-08
 20 (restart 0) KSP residual norm 1.015544e-08
 21 (restart 0) KSP residual norm 9.961424e-09
 22 (restart 0) KSP residual norm 9.656946e-09
 23 (restart 0) KSP residual norm 9.634645e-09
 24 (restart 0) KSP residual norm 9.153131e-09
 25 (restart 0) KSP residual norm 9.072270e-09
 26 (restart 0) KSP residual norm 8.554116e-09
 27 (restart 0) KSP residual norm 8.174517e-09
 28 (restart 0) KSP residual norm 7.835003e-09
 29 (restart 0) KSP residual norm 7.491094e-09
 30 (restart 0) KSP residual norm 7.224587e-09
 31 (restart 0) KSP residual norm 6.776822e-09
 32 (restart 0) KSP residual norm 5.599551e-09
 33 (restart 0) KSP residual norm 4.057773e-09
 34 (restart 0) KSP residual norm 2.663368e-09
 35 (restart 0) KSP residual norm 1.697932e-09
 36 (restart 0) KSP residual norm 1.014129e-09
 37 (restart 0) KSP residual norm 6.062542e-10
 38 (restart 0) KSP residual norm 3.430363e-10
 39 (restart 0) KSP residual norm 1.935675e-10
 40 (restart 0) KSP residual norm 1.167633e-10
 41 (restart 0) KSP residual norm 7.014443e-11
 42 (restart 0) KSP residual norm 3.885447e-11
 43 (restart 0) KSP residual norm 2.142477e-11
 44 (restart 0) KSP residual norm 1.277046e-11
 45 (restart 0) KSP residual norm 7.225973e-12
 46 (restart 0) KSP residual norm 4.294032e-12
GMRES solver converged in 46 iterations (avg. reduction factor: 8.144e-01)
2 NLEPS (nconv=2, restart=0) residual norm 4.575060e-08
  Residual norms for GMRES solve
  0 (restart 0) KSP residual norm 2.270541e-09
  1 (restart 0) KSP residual norm 8.312105e-10
  2 (restart 0) KSP residual norm 7.755561e-10
  3 (restart 0) KSP residual norm 7.568522e-10
  4 (restart 0) KSP residual norm 7.334177e-10
  5 (restart 0) KSP residual norm 6.087373e-10
  6 (restart 0) KSP residual norm 5.527295e-10
  7 (restart 0) KSP residual norm 4.553057e-10
  8 (restart 0) KSP residual norm 3.852604e-10
  9 (restart 0) KSP residual norm 3.590109e-10
 10 (restart 0) KSP residual norm 3.509709e-10
 11 (restart 0) KSP residual norm 3.508826e-10
 12 (restart 0) KSP residual norm 3.479622e-10
 13 (restart 0) KSP residual norm 3.454131e-10
 14 (restart 0) KSP residual norm 3.449779e-10
 15 (restart 0) KSP residual norm 3.427131e-10
 16 (restart 0) KSP residual norm 3.355407e-10
 17 (restart 0) KSP residual norm 3.321114e-10
 18 (restart 0) KSP residual norm 3.292710e-10
 19 (restart 0) KSP residual norm 3.260322e-10
 20 (restart 0) KSP residual norm 3.228339e-10
 21 (restart 0) KSP residual norm 3.184029e-10
 22 (restart 0) KSP residual norm 3.060030e-10
 23 (restart 0) KSP residual norm 2.859606e-10
 24 (restart 0) KSP residual norm 2.568601e-10
 25 (restart 0) KSP residual norm 2.129965e-10
 26 (restart 0) KSP residual norm 1.530235e-10
 27 (restart 0) KSP residual norm 1.005978e-10
 28 (restart 0) KSP residual norm 6.277786e-11
 29 (restart 0) KSP residual norm 3.474234e-11
 30 (restart 0) KSP residual norm 1.960880e-11
 31 (restart 0) KSP residual norm 1.100659e-11
 32 (restart 0) KSP residual norm 6.766263e-12
 33 (restart 0) KSP residual norm 4.108106e-12
 34 (restart 0) KSP residual norm 2.591458e-12
 35 (restart 0) KSP residual norm 1.539605e-12
 36 (restart 0) KSP residual norm 9.994835e-13
GMRES solver converged in 36 iterations (avg. reduction factor: 8.068e-01)
3 NLEPS (nconv=2, restart=0) residual norm 4.386782e-10
Eigenvalue 2, Quasi-Newton converged in 3 iterations (-1.915e-02+9.090e+00i).
  Residual norms for GMRES solve
  0 (restart 0) KSP residual norm 1.884758e+01
  1 (restart 0) KSP residual norm 4.669456e-01
  2 (restart 0) KSP residual norm 7.007674e-02
  3 (restart 0) KSP residual norm 5.414586e-02
  4 (restart 0) KSP residual norm 2.035861e-02
  5 (restart 0) KSP residual norm 1.099206e-02
  6 (restart 0) KSP residual norm 7.528004e-03
  7 (restart 0) KSP residual norm 1.785250e-03
GMRES solver converged in 7 iterations (avg. reduction factor: 2.662e-01)
0 NLEPS (nconv=3, restart=0) residual norm 1.508240e+00
  Residual norms for GMRES solve
  0 (restart 0) KSP residual norm 1.208433e+00
  1 (restart 0) KSP residual norm 2.084003e-01
  2 (restart 0) KSP residual norm 1.860112e-01
  3 (restart 0) KSP residual norm 5.379240e-02
  4 (restart 0) KSP residual norm 1.294095e-02
  5 (restart 0) KSP residual norm 6.926566e-03
  6 (restart 0) KSP residual norm 4.503006e-03
  7 (restart 0) KSP residual norm 2.295992e-03
  8 (restart 0) KSP residual norm 1.368206e-03
  9 (restart 0) KSP residual norm 5.747006e-04
 10 (restart 0) KSP residual norm 3.217637e-04
 11 (restart 0) KSP residual norm 1.836235e-04
 12 (restart 0) KSP residual norm 8.875566e-05
GMRES solver converged in 12 iterations (avg. reduction factor: 4.524e-01)
1 NLEPS (nconv=3, restart=0) residual norm 3.858095e-01
  Residual norms for GMRES solve
  0 (restart 0) KSP residual norm 6.624232e-01
  1 (restart 0) KSP residual norm 2.914399e-01
  2 (restart 0) KSP residual norm 1.455615e-01
  3 (restart 0) KSP residual norm 4.904607e-02
  4 (restart 0) KSP residual norm 1.278929e-02
  5 (restart 0) KSP residual norm 9.336289e-03
  6 (restart 0) KSP residual norm 5.206854e-03
  7 (restart 0) KSP residual norm 2.309756e-03
  8 (restart 0) KSP residual norm 1.205954e-03
  9 (restart 0) KSP residual norm 6.323772e-04
 10 (restart 0) KSP residual norm 3.102209e-04
 11 (restart 0) KSP residual norm 1.623230e-04
 12 (restart 0) KSP residual norm 8.303239e-05
 13 (restart 0) KSP residual norm 4.682136e-05
GMRES solver converged in 13 iterations (avg. reduction factor: 4.794e-01)
2 NLEPS (nconv=3, restart=0) residual norm 2.769536e-01
  Residual norms for GMRES solve
  0 (restart 0) KSP residual norm 8.952967e-01
  1 (restart 0) KSP residual norm 2.198174e-01
  2 (restart 0) KSP residual norm 1.576171e-01
  3 (restart 0) KSP residual norm 6.927342e-02
  4 (restart 0) KSP residual norm 1.715766e-02
  5 (restart 0) KSP residual norm 1.426340e-02
  6 (restart 0) KSP residual norm 8.517549e-03
  7 (restart 0) KSP residual norm 3.535928e-03
  8 (restart 0) KSP residual norm 2.253703e-03
  9 (restart 0) KSP residual norm 1.188321e-03
 10 (restart 0) KSP residual norm 4.282284e-04
 11 (restart 0) KSP residual norm 1.956576e-04
 12 (restart 0) KSP residual norm 1.188783e-04
 13 (restart 0) KSP residual norm 5.952107e-05
GMRES solver converged in 13 iterations (avg. reduction factor: 4.772e-01)
   NLEPS Armijo backtracks=1, alpha=5.000e-01, res_new=2.142693e-01
3 NLEPS (nconv=3, restart=0) residual norm 2.142693e-01
  Residual norms for GMRES solve
  0 (restart 0) KSP residual norm 4.935884e-01
  1 (restart 0) KSP residual norm 2.046721e-01
  2 (restart 0) KSP residual norm 1.126121e-01
  3 (restart 0) KSP residual norm 4.877667e-02
  4 (restart 0) KSP residual norm 1.577905e-02
  5 (restart 0) KSP residual norm 1.358743e-02
  6 (restart 0) KSP residual norm 5.513972e-03
  7 (restart 0) KSP residual norm 1.989664e-03
  8 (restart 0) KSP residual norm 1.307793e-03
  9 (restart 0) KSP residual norm 7.029256e-04
 10 (restart 0) KSP residual norm 2.403604e-04
 11 (restart 0) KSP residual norm 1.078017e-04
 12 (restart 0) KSP residual norm 6.194843e-05
 13 (restart 0) KSP residual norm 3.058746e-05
GMRES solver converged in 13 iterations (avg. reduction factor: 4.746e-01)
4 NLEPS (nconv=3, restart=0) residual norm 1.879707e-01
  Residual norms for GMRES solve
  0 (restart 0) KSP residual norm 1.675603e+00
  1 (restart 0) KSP residual norm 1.118704e+00
  2 (restart 0) KSP residual norm 2.294402e-01
  3 (restart 0) KSP residual norm 9.490648e-02
  4 (restart 0) KSP residual norm 3.108935e-02
  5 (restart 0) KSP residual norm 2.464815e-02
  6 (restart 0) KSP residual norm 1.149910e-02
  7 (restart 0) KSP residual norm 6.019183e-03
  8 (restart 0) KSP residual norm 3.078998e-03
  9 (restart 0) KSP residual norm 1.270890e-03
 10 (restart 0) KSP residual norm 5.942198e-04
 11 (restart 0) KSP residual norm 3.419929e-04
 12 (restart 0) KSP residual norm 1.908305e-04
 13 (restart 0) KSP residual norm 9.377488e-05
GMRES solver converged in 13 iterations (avg. reduction factor: 4.709e-01)
   NLEPS Armijo backtracks=9, alpha=1.953e-03, res_new=1.884724e-01
5 NLEPS (nconv=3, restart=0) residual norm 1.884724e-01
  Residual norms for GMRES solve
  0 (restart 0) KSP residual norm 1.706856e+00
  1 (restart 0) KSP residual norm 1.139929e+00
  2 (restart 0) KSP residual norm 2.312513e-01
  3 (restart 0) KSP residual norm 9.569794e-02
  4 (restart 0) KSP residual norm 3.139065e-02
  5 (restart 0) KSP residual norm 2.494161e-02
  6 (restart 0) KSP residual norm 1.164635e-02
  7 (restart 0) KSP residual norm 6.094716e-03
  8 (restart 0) KSP residual norm 3.113037e-03
  9 (restart 0) KSP residual norm 1.280256e-03
 10 (restart 0) KSP residual norm 6.022092e-04
 11 (restart 0) KSP residual norm 3.475648e-04
 12 (restart 0) KSP residual norm 1.936491e-04
 13 (restart 0) KSP residual norm 9.528886e-05
GMRES solver converged in 13 iterations (avg. reduction factor: 4.708e-01)
   NLEPS Armijo backtracks=9, alpha=1.953e-03, res_new=1.890124e-01
6 NLEPS (nconv=3, restart=0) residual norm 1.890124e-01
  Residual norms for GMRES solve
  0 (restart 0) KSP residual norm 1.739512e+00
  1 (restart 0) KSP residual norm 1.161934e+00
  2 (restart 0) KSP residual norm 2.331432e-01
  3 (restart 0) KSP residual norm 9.652459e-02
  4 (restart 0) KSP residual norm 3.170639e-02
  5 (restart 0) KSP residual norm 2.524775e-02
  6 (restart 0) KSP residual norm 1.180018e-02
  7 (restart 0) KSP residual norm 6.173431e-03
  8 (restart 0) KSP residual norm 3.148697e-03
  9 (restart 0) KSP residual norm 1.290084e-03
 10 (restart 0) KSP residual norm 6.105134e-04
 11 (restart 0) KSP residual norm 3.533677e-04
 12 (restart 0) KSP residual norm 1.965947e-04
 13 (restart 0) KSP residual norm 9.687065e-05
GMRES solver converged in 13 iterations (avg. reduction factor: 4.707e-01)
   NLEPS Armijo backtracks=9, alpha=1.953e-03, res_new=1.895927e-01
7 NLEPS (nconv=3, restart=0) residual norm 1.895927e-01
  Residual norms for GMRES solve
  0 (restart 0) KSP residual norm 1.773658e+00
  1 (restart 0) KSP residual norm 1.184767e+00
  2 (restart 0) KSP residual norm 2.351210e-01
  3 (restart 0) KSP residual norm 9.738872e-02
  4 (restart 0) KSP residual norm 3.203752e-02
  5 (restart 0) KSP residual norm 2.556736e-02
  6 (restart 0) KSP residual norm 1.196099e-02
  7 (restart 0) KSP residual norm 6.255525e-03
  8 (restart 0) KSP residual norm 3.186086e-03
  9 (restart 0) KSP residual norm 1.300415e-03
 10 (restart 0) KSP residual norm 6.191503e-04
 11 (restart 0) KSP residual norm 3.594154e-04
 12 (restart 0) KSP residual norm 1.996754e-04
 13 (restart 0) KSP residual norm 9.852454e-05
GMRES solver converged in 13 iterations (avg. reduction factor: 4.706e-01)
   NLEPS Armijo backtracks=9, alpha=1.953e-03, res_new=1.902149e-01
8 NLEPS (nconv=3, restart=0) residual norm 1.902149e-01
  Residual norms for GMRES solve
  0 (restart 0) KSP residual norm 1.809394e+00
  1 (restart 0) KSP residual norm 1.208479e+00
  2 (restart 0) KSP residual norm 2.371904e-01
  3 (restart 0) KSP residual norm 9.829278e-02
  4 (restart 0) KSP residual norm 3.238503e-02
  5 (restart 0) KSP residual norm 2.590131e-02
  6 (restart 0) KSP residual norm 1.212925e-02
  7 (restart 0) KSP residual norm 6.341208e-03
  8 (restart 0) KSP residual norm 3.225322e-03
  9 (restart 0) KSP residual norm 1.311294e-03
 10 (restart 0) KSP residual norm 6.281389e-04
 11 (restart 0) KSP residual norm 3.657232e-04
 12 (restart 0) KSP residual norm 2.029003e-04
 13 (restart 0) KSP residual norm 1.002552e-04
GMRES solver converged in 13 iterations (avg. reduction factor: 4.705e-01)
   NLEPS Armijo backtracks=9, alpha=1.953e-03, res_new=1.908813e-01
9 NLEPS (nconv=3, restart=0) residual norm 1.908813e-01
  Residual norms for GMRES solve
  0 (restart 0) KSP residual norm 1.846824e+00
  1 (restart 0) KSP residual norm 1.233126e+00
  2 (restart 0) KSP residual norm 2.393575e-01
  3 (restart 0) KSP residual norm 9.923946e-02
  4 (restart 0) KSP residual norm 3.275002e-02
  5 (restart 0) KSP residual norm 2.625053e-02
  6 (restart 0) KSP residual norm 1.230543e-02
  7 (restart 0) KSP residual norm 6.430708e-03
  8 (restart 0) KSP residual norm 3.266535e-03
  9 (restart 0) KSP residual norm 1.322770e-03
 10 (restart 0) KSP residual norm 6.375004e-04
 11 (restart 0) KSP residual norm 3.723076e-04
 12 (restart 0) KSP residual norm 2.062790e-04
 13 (restart 0) KSP residual norm 1.020676e-04
GMRES solver converged in 13 iterations (avg. reduction factor: 4.704e-01)
   NLEPS Armijo backtracks=9, alpha=1.953e-03, res_new=1.915939e-01
10 NLEPS (nconv=3, restart=0) residual norm 1.915939e-01
  Residual norms for GMRES solve
  0 (restart 0) KSP residual norm 1.886064e+00
  1 (restart 0) KSP residual norm 1.258767e+00
  2 (restart 0) KSP residual norm 2.416291e-01
  3 (restart 0) KSP residual norm 1.002317e-01
  4 (restart 0) KSP residual norm 3.313369e-02
  5 (restart 0) KSP residual norm 2.661604e-02
  6 (restart 0) KSP residual norm 1.249007e-02
  7 (restart 0) KSP residual norm 6.524275e-03
  8 (restart 0) KSP residual norm 3.309865e-03
  9 (restart 0) KSP residual norm 1.334899e-03
 10 (restart 0) KSP residual norm 6.472578e-04
 11 (restart 0) KSP residual norm 3.791864e-04
 12 (restart 0) KSP residual norm 2.098223e-04
 13 (restart 0) KSP residual norm 1.039673e-04
GMRES solver converged in 13 iterations (avg. reduction factor: 4.703e-01)
   NLEPS Armijo backtracks=9, alpha=1.953e-03, res_new=1.923550e-01
  Residual norms for GMRES solve
  0 (restart 0) KSP residual norm 4.305685e+01
  1 (restart 0) KSP residual norm 6.296840e+00
  2 (restart 0) KSP residual norm 8.883922e-01
  3 (restart 0) KSP residual norm 6.917632e-01
  4 (restart 0) KSP residual norm 5.531955e-01
  5 (restart 0) KSP residual norm 2.137095e-01
  6 (restart 0) KSP residual norm 1.607774e-01
  7 (restart 0) KSP residual norm 4.454119e-02
  8 (restart 0) KSP residual norm 2.571085e-02
  9 (restart 0) KSP residual norm 9.924562e-03
 10 (restart 0) KSP residual norm 3.767770e-03
GMRES solver converged in 10 iterations (avg. reduction factor: 3.928e-01)
11 NLEPS (nconv=3, restart=0) residual norm 1.923550e-01
  Residual norms for GMRES solve
  0 (restart 0) KSP residual norm 9.997587e-01
  1 (restart 0) KSP residual norm 4.735664e-01
  2 (restart 0) KSP residual norm 2.233932e-01
  3 (restart 0) KSP residual norm 8.106478e-02
  4 (restart 0) KSP residual norm 4.000129e-02
  5 (restart 0) KSP residual norm 1.766761e-02
  6 (restart 0) KSP residual norm 1.200078e-02
  7 (restart 0) KSP residual norm 7.987312e-03
  8 (restart 0) KSP residual norm 3.067418e-03
  9 (restart 0) KSP residual norm 1.179135e-03
 10 (restart 0) KSP residual norm 8.499826e-04
 11 (restart 0) KSP residual norm 3.855929e-04
 12 (restart 0) KSP residual norm 2.349308e-04
 13 (restart 0) KSP residual norm 1.715278e-04
 14 (restart 0) KSP residual norm 7.096655e-05
GMRES solver converged in 14 iterations (avg. reduction factor: 5.054e-01)
12 NLEPS (nconv=3, restart=0) residual norm 1.868702e-01
  Residual norms for GMRES solve
  0 (restart 0) KSP residual norm 6.338187e-01
  1 (restart 0) KSP residual norm 6.109726e-01
  2 (restart 0) KSP residual norm 1.317627e-01
  3 (restart 0) KSP residual norm 6.836169e-02
  4 (restart 0) KSP residual norm 3.311999e-02
  5 (restart 0) KSP residual norm 1.546454e-02
  6 (restart 0) KSP residual norm 9.931781e-03
  7 (restart 0) KSP residual norm 6.856006e-03
  8 (restart 0) KSP residual norm 2.835311e-03
  9 (restart 0) KSP residual norm 1.103970e-03
 10 (restart 0) KSP residual norm 7.585595e-04
 11 (restart 0) KSP residual norm 2.860369e-04
 12 (restart 0) KSP residual norm 1.421874e-04
 13 (restart 0) KSP residual norm 1.146228e-04
 14 (restart 0) KSP residual norm 5.427529e-05
GMRES solver converged in 14 iterations (avg. reduction factor: 5.122e-01)
13 NLEPS (nconv=3, restart=0) residual norm 1.208992e-01
  Residual norms for GMRES solve
  0 (restart 0) KSP residual norm 5.658169e-01
  1 (restart 0) KSP residual norm 2.957350e-01
  2 (restart 0) KSP residual norm 8.449424e-02
  3 (restart 0) KSP residual norm 4.663782e-02
  4 (restart 0) KSP residual norm 2.262891e-02
  5 (restart 0) KSP residual norm 1.188282e-02
  6 (restart 0) KSP residual norm 7.128800e-03
  7 (restart 0) KSP residual norm 4.840385e-03
  8 (restart 0) KSP residual norm 1.887075e-03
  9 (restart 0) KSP residual norm 8.610851e-04
 10 (restart 0) KSP residual norm 5.612498e-04
 11 (restart 0) KSP residual norm 1.990756e-04
 12 (restart 0) KSP residual norm 9.527935e-05
 13 (restart 0) KSP residual norm 7.853072e-05
 14 (restart 0) KSP residual norm 3.986301e-05
GMRES solver converged in 14 iterations (avg. reduction factor: 5.052e-01)
14 NLEPS (nconv=3, restart=0) residual norm 9.598770e-02
  Residual norms for GMRES solve
  0 (restart 0) KSP residual norm 7.383387e-01
  1 (restart 0) KSP residual norm 3.422775e-01
  2 (restart 0) KSP residual norm 7.751662e-02
  3 (restart 0) KSP residual norm 2.924410e-02
  4 (restart 0) KSP residual norm 1.616210e-02
  5 (restart 0) KSP residual norm 8.175378e-03
  6 (restart 0) KSP residual norm 5.209767e-03
  7 (restart 0) KSP residual norm 2.836079e-03
  8 (restart 0) KSP residual norm 1.093992e-03
  9 (restart 0) KSP residual norm 6.385482e-04
 10 (restart 0) KSP residual norm 3.666171e-04
 11 (restart 0) KSP residual norm 1.341665e-04
 12 (restart 0) KSP residual norm 6.681210e-05
GMRES solver converged in 12 iterations (avg. reduction factor: 4.603e-01)
15 NLEPS (nconv=3, restart=0) residual norm 7.556753e-02
  Residual norms for GMRES solve
  0 (restart 0) KSP residual norm 4.801045e-01
  1 (restart 0) KSP residual norm 3.689586e-01
  2 (restart 0) KSP residual norm 6.557677e-02
  3 (restart 0) KSP residual norm 3.648969e-02
  4 (restart 0) KSP residual norm 1.523406e-02
  5 (restart 0) KSP residual norm 8.596026e-03
  6 (restart 0) KSP residual norm 5.068954e-03
  7 (restart 0) KSP residual norm 3.107853e-03
  8 (restart 0) KSP residual norm 9.908202e-04
  9 (restart 0) KSP residual norm 5.998638e-04
 10 (restart 0) KSP residual norm 3.358301e-04
 11 (restart 0) KSP residual norm 1.325079e-04
 12 (restart 0) KSP residual norm 6.392959e-05
 13 (restart 0) KSP residual norm 5.305491e-05
 14 (restart 0) KSP residual norm 2.772102e-05
GMRES solver converged in 14 iterations (avg. reduction factor: 4.980e-01)
16 NLEPS (nconv=3, restart=0) residual norm 4.425430e-02
  Residual norms for GMRES solve
  0 (restart 0) KSP residual norm 1.849175e-01
  1 (restart 0) KSP residual norm 1.628991e-01
  2 (restart 0) KSP residual norm 3.636992e-02
  3 (restart 0) KSP residual norm 2.361581e-02
  4 (restart 0) KSP residual norm 9.991768e-03
  5 (restart 0) KSP residual norm 5.529005e-03
  6 (restart 0) KSP residual norm 3.053667e-03
  7 (restart 0) KSP residual norm 2.012520e-03
  8 (restart 0) KSP residual norm 6.254639e-04
  9 (restart 0) KSP residual norm 3.828566e-04
 10 (restart 0) KSP residual norm 2.092085e-04
 11 (restart 0) KSP residual norm 8.300690e-05
 12 (restart 0) KSP residual norm 4.358143e-05
 13 (restart 0) KSP residual norm 3.435547e-05
 14 (restart 0) KSP residual norm 1.715028e-05
GMRES solver converged in 14 iterations (avg. reduction factor: 5.152e-01)
17 NLEPS (nconv=3, restart=0) residual norm 2.650174e-02
  Residual norms for GMRES solve
  0 (restart 0) KSP residual norm 1.898578e-01
  1 (restart 0) KSP residual norm 7.933246e-02
  2 (restart 0) KSP residual norm 2.142237e-02
  3 (restart 0) KSP residual norm 9.703924e-03
  4 (restart 0) KSP residual norm 4.998394e-03
  5 (restart 0) KSP residual norm 2.531899e-03
  6 (restart 0) KSP residual norm 1.204977e-03
  7 (restart 0) KSP residual norm 8.456258e-04
  8 (restart 0) KSP residual norm 3.124925e-04
  9 (restart 0) KSP residual norm 2.012101e-04
 10 (restart 0) KSP residual norm 1.068724e-04
 11 (restart 0) KSP residual norm 4.344572e-05
 12 (restart 0) KSP residual norm 2.855697e-05
 13 (restart 0) KSP residual norm 1.871522e-05
GMRES solver converged in 13 iterations (avg. reduction factor: 4.918e-01)
18 NLEPS (nconv=3, restart=0) residual norm 1.582942e-02
  Residual norms for GMRES solve
  0 (restart 0) KSP residual norm 1.237044e-01
  1 (restart 0) KSP residual norm 7.316734e-02
  2 (restart 0) KSP residual norm 1.414032e-02
  3 (restart 0) KSP residual norm 6.125887e-03
  4 (restart 0) KSP residual norm 3.016093e-03
  5 (restart 0) KSP residual norm 1.618522e-03
  6 (restart 0) KSP residual norm 1.068396e-03
  7 (restart 0) KSP residual norm 5.509700e-04
  8 (restart 0) KSP residual norm 1.890081e-04
  9 (restart 0) KSP residual norm 1.207855e-04
 10 (restart 0) KSP residual norm 6.467037e-05
 11 (restart 0) KSP residual norm 2.998141e-05
 12 (restart 0) KSP residual norm 2.406777e-05
 13 (restart 0) KSP residual norm 1.178779e-05
GMRES solver converged in 13 iterations (avg. reduction factor: 4.906e-01)
19 NLEPS (nconv=3, restart=0) residual norm 9.061088e-03
  Residual norms for GMRES solve
  0 (restart 0) KSP residual norm 4.715907e-02
  1 (restart 0) KSP residual norm 4.569975e-02
  2 (restart 0) KSP residual norm 8.275270e-03
  3 (restart 0) KSP residual norm 4.904958e-03
  4 (restart 0) KSP residual norm 2.053411e-03
  5 (restart 0) KSP residual norm 1.299789e-03
  6 (restart 0) KSP residual norm 9.676857e-04
  7 (restart 0) KSP residual norm 4.351947e-04
  8 (restart 0) KSP residual norm 1.291830e-04
  9 (restart 0) KSP residual norm 7.994176e-05
 10 (restart 0) KSP residual norm 4.402123e-05
 11 (restart 0) KSP residual norm 2.402776e-05
 12 (restart 0) KSP residual norm 1.824504e-05
 13 (restart 0) KSP residual norm 7.893503e-06
 14 (restart 0) KSP residual norm 3.593762e-06
GMRES solver converged in 14 iterations (avg. reduction factor: 5.080e-01)
20 NLEPS (nconv=3, restart=0) residual norm 5.626900e-03
  Residual norms for GMRES solve
  0 (restart 0) KSP residual norm 2.990007e-02
  1 (restart 0) KSP residual norm 1.622826e-02
  2 (restart 0) KSP residual norm 4.727317e-03
  3 (restart 0) KSP residual norm 2.688664e-03
  4 (restart 0) KSP residual norm 1.258690e-03
  5 (restart 0) KSP residual norm 8.724962e-04
  6 (restart 0) KSP residual norm 6.462575e-04
  7 (restart 0) KSP residual norm 2.493473e-04
  8 (restart 0) KSP residual norm 7.675360e-05
  9 (restart 0) KSP residual norm 4.894497e-05
 10 (restart 0) KSP residual norm 2.721646e-05
 11 (restart 0) KSP residual norm 1.814526e-05
 12 (restart 0) KSP residual norm 1.164343e-05
 13 (restart 0) KSP residual norm 4.705199e-06
 14 (restart 0) KSP residual norm 2.152777e-06
GMRES solver converged in 14 iterations (avg. reduction factor: 5.059e-01)
  Residual norms for GMRES solve
  0 (restart 0) KSP residual norm 4.062712e+01
  1 (restart 0) KSP residual norm 1.457828e+00
  2 (restart 0) KSP residual norm 1.184169e+00
  3 (restart 0) KSP residual norm 6.504902e-01
  4 (restart 0) KSP residual norm 5.034563e-01
  5 (restart 0) KSP residual norm 4.606059e-01
  6 (restart 0) KSP residual norm 8.538025e-02
  7 (restart 0) KSP residual norm 3.856406e-02
  8 (restart 0) KSP residual norm 1.996634e-02
  9 (restart 0) KSP residual norm 9.043333e-03
 10 (restart 0) KSP residual norm 4.007801e-03
GMRES solver converged in 10 iterations (avg. reduction factor: 3.976e-01)
21 NLEPS (nconv=3, restart=0) residual norm 3.653804e-03
  Residual norms for GMRES solve
  0 (restart 0) KSP residual norm 6.208547e-02
  1 (restart 0) KSP residual norm 5.275222e-02
  2 (restart 0) KSP residual norm 3.471754e-02
  3 (restart 0) KSP residual norm 2.620959e-02
  4 (restart 0) KSP residual norm 6.805982e-03
  5 (restart 0) KSP residual norm 5.794238e-03
  6 (restart 0) KSP residual norm 7.526733e-04
  7 (restart 0) KSP residual norm 3.755440e-04
  8 (restart 0) KSP residual norm 1.862026e-04
  9 (restart 0) KSP residual norm 7.644170e-05
 10 (restart 0) KSP residual norm 4.373979e-05
 11 (restart 0) KSP residual norm 2.016912e-05
 12 (restart 0) KSP residual norm 1.071909e-05
 13 (restart 0) KSP residual norm 5.624343e-06
GMRES solver converged in 13 iterations (avg. reduction factor: 4.887e-01)
22 NLEPS (nconv=3, restart=0) residual norm 6.667081e-04
  Residual norms for GMRES solve
  0 (restart 0) KSP residual norm 3.603458e-04
  1 (restart 0) KSP residual norm 3.004645e-04
  2 (restart 0) KSP residual norm 1.959570e-04
  3 (restart 0) KSP residual norm 1.572886e-04
  4 (restart 0) KSP residual norm 4.265611e-05
  5 (restart 0) KSP residual norm 3.785116e-05
  6 (restart 0) KSP residual norm 9.100321e-06
  7 (restart 0) KSP residual norm 5.691738e-06
  8 (restart 0) KSP residual norm 2.842919e-06
  9 (restart 0) KSP residual norm 1.790075e-06
 10 (restart 0) KSP residual norm 9.548068e-07
 11 (restart 0) KSP residual norm 4.762529e-07
 12 (restart 0) KSP residual norm 2.780630e-07
 13 (restart 0) KSP residual norm 1.089916e-07
 14 (restart 0) KSP residual norm 6.391989e-08
 15 (restart 0) KSP residual norm 3.378909e-08
GMRES solver converged in 15 iterations (avg. reduction factor: 5.389e-01)
23 NLEPS (nconv=3, restart=0) residual norm 7.152339e-06
  Residual norms for GMRES solve
  0 (restart 0) KSP residual norm 2.469236e-06
  1 (restart 0) KSP residual norm 2.203386e-06
  2 (restart 0) KSP residual norm 9.153679e-07
  3 (restart 0) KSP residual norm 7.221133e-07
  4 (restart 0) KSP residual norm 2.737357e-07
  5 (restart 0) KSP residual norm 2.612384e-07
  6 (restart 0) KSP residual norm 5.971098e-08
  7 (restart 0) KSP residual norm 3.766207e-08
  8 (restart 0) KSP residual norm 1.823710e-08
  9 (restart 0) KSP residual norm 1.092817e-08
 10 (restart 0) KSP residual norm 7.174179e-09
 11 (restart 0) KSP residual norm 4.198840e-09
 12 (restart 0) KSP residual norm 2.691152e-09
 13 (restart 0) KSP residual norm 1.547631e-09
 14 (restart 0) KSP residual norm 9.182890e-10
 15 (restart 0) KSP residual norm 6.117044e-10
 16 (restart 0) KSP residual norm 3.745045e-10
 17 (restart 0) KSP residual norm 2.185484e-10
 18 (restart 0) KSP residual norm 1.113223e-10
 19 (restart 0) KSP residual norm 7.154467e-11
 20 (restart 0) KSP residual norm 4.163856e-11
 21 (restart 0) KSP residual norm 2.410636e-11
 22 (restart 0) KSP residual norm 1.630646e-11
GMRES solver converged in 22 iterations (avg. reduction factor: 5.815e-01)
24 NLEPS (nconv=3, restart=0) residual norm 2.816052e-08
  Residual norms for GMRES solve
  0 (restart 0) KSP residual norm 1.387248e-08
  1 (restart 0) KSP residual norm 1.178237e-08
  2 (restart 0) KSP residual norm 8.008107e-09
  3 (restart 0) KSP residual norm 5.806874e-09
  4 (restart 0) KSP residual norm 1.602263e-09
  5 (restart 0) KSP residual norm 1.428252e-09
  6 (restart 0) KSP residual norm 2.025759e-10
  7 (restart 0) KSP residual norm 1.043201e-10
  8 (restart 0) KSP residual norm 4.651701e-11
  9 (restart 0) KSP residual norm 2.195841e-11
 10 (restart 0) KSP residual norm 1.360336e-11
 11 (restart 0) KSP residual norm 7.683448e-12
 12 (restart 0) KSP residual norm 4.925781e-12
 13 (restart 0) KSP residual norm 3.338411e-12
 14 (restart 0) KSP residual norm 2.100172e-12
 15 (restart 0) KSP residual norm 1.345399e-12
 16 (restart 0) KSP residual norm 7.007124e-13
GMRES solver converged in 16 iterations (avg. reduction factor: 5.388e-01)
25 NLEPS (nconv=3, restart=0) residual norm 2.984452e-10
Eigenvalue 3, Quasi-Newton converged in 25 iterations (-4.382e-02+6.564e+00i).
  Residual norms for GMRES solve
  0 (restart 0) KSP residual norm 1.884757e+01
  1 (restart 0) KSP residual norm 4.669454e-01
  2 (restart 0) KSP residual norm 7.007672e-02
  3 (restart 0) KSP residual norm 5.414584e-02
  4 (restart 0) KSP residual norm 2.035860e-02
  5 (restart 0) KSP residual norm 1.099206e-02
  6 (restart 0) KSP residual norm 7.528001e-03
  7 (restart 0) KSP residual norm 1.785249e-03
GMRES solver converged in 7 iterations (avg. reduction factor: 2.662e-01)
0 NLEPS (nconv=4, restart=0) residual norm 1.340457e+00
  Residual norms for GMRES solve
  0 (restart 0) KSP residual norm 1.629469e+01
  1 (restart 0) KSP residual norm 4.134448e+00
  2 (restart 0) KSP residual norm 2.060233e+00
  3 (restart 0) KSP residual norm 7.264820e-01
  4 (restart 0) KSP residual norm 3.050676e-01
  5 (restart 0) KSP residual norm 1.554714e-01
  6 (restart 0) KSP residual norm 9.213823e-02
  7 (restart 0) KSP residual norm 4.188080e-02
  8 (restart 0) KSP residual norm 2.401811e-02
  9 (restart 0) KSP residual norm 1.220192e-02
 10 (restart 0) KSP residual norm 5.103173e-03
 11 (restart 0) KSP residual norm 3.188418e-03
 12 (restart 0) KSP residual norm 1.666887e-03
 13 (restart 0) KSP residual norm 9.493196e-04
GMRES solver converged in 13 iterations (avg. reduction factor: 4.723e-01)
   NLEPS Armijo backtracks=3, alpha=1.250e-01, res_new=1.046887e+00
1 NLEPS (nconv=4, restart=0) residual norm 1.046887e+00
  Residual norms for GMRES solve
  0 (restart 0) KSP residual norm 5.655484e+00
  1 (restart 0) KSP residual norm 8.877703e-01
  2 (restart 0) KSP residual norm 7.142273e-01
  3 (restart 0) KSP residual norm 2.340031e-01
  4 (restart 0) KSP residual norm 6.568710e-02
  5 (restart 0) KSP residual norm 4.172919e-02
  6 (restart 0) KSP residual norm 2.703863e-02
  7 (restart 0) KSP residual norm 9.836327e-03
  8 (restart 0) KSP residual norm 6.428266e-03
  9 (restart 0) KSP residual norm 4.172415e-03
 10 (restart 0) KSP residual norm 1.712223e-03
 11 (restart 0) KSP residual norm 1.027623e-03
 12 (restart 0) KSP residual norm 5.976884e-04
 13 (restart 0) KSP residual norm 3.041768e-04
GMRES solver converged in 13 iterations (avg. reduction factor: 4.694e-01)
   NLEPS Armijo backtracks=1, alpha=5.000e-01, res_new=8.566388e-01
2 NLEPS (nconv=4, restart=0) residual norm 8.566388e-01
  Residual norms for GMRES solve
  0 (restart 0) KSP residual norm 1.266752e+00
  1 (restart 0) KSP residual norm 2.651524e-01
  2 (restart 0) KSP residual norm 1.935448e-01
  3 (restart 0) KSP residual norm 9.128187e-02
  4 (restart 0) KSP residual norm 2.048648e-02
  5 (restart 0) KSP residual norm 1.414461e-02
  6 (restart 0) KSP residual norm 8.856041e-03
  7 (restart 0) KSP residual norm 3.441658e-03
  8 (restart 0) KSP residual norm 2.334347e-03
  9 (restart 0) KSP residual norm 1.379162e-03
 10 (restart 0) KSP residual norm 5.696827e-04
 11 (restart 0) KSP residual norm 2.952324e-04
 12 (restart 0) KSP residual norm 1.678782e-04
 13 (restart 0) KSP residual norm 7.643132e-05
GMRES solver converged in 13 iterations (avg. reduction factor: 4.736e-01)
3 NLEPS (nconv=4, restart=0) residual norm 4.136803e-01
  Residual norms for GMRES solve
  0 (restart 0) KSP residual norm 4.598832e-01
  1 (restart 0) KSP residual norm 2.773085e-01
  2 (restart 0) KSP residual norm 1.233005e-01
  3 (restart 0) KSP residual norm 5.410101e-02
  4 (restart 0) KSP residual norm 2.750786e-02
  5 (restart 0) KSP residual norm 1.714113e-02
  6 (restart 0) KSP residual norm 8.204855e-03
  7 (restart 0) KSP residual norm 4.210378e-03
  8 (restart 0) KSP residual norm 1.802498e-03
  9 (restart 0) KSP residual norm 7.028144e-04
 10 (restart 0) KSP residual norm 3.402306e-04
 11 (restart 0) KSP residual norm 1.872000e-04
 12 (restart 0) KSP residual norm 9.753928e-05
 13 (restart 0) KSP residual norm 4.546879e-05
GMRES solver converged in 13 iterations (avg. reduction factor: 4.920e-01)
   NLEPS Armijo backtracks=2, alpha=2.500e-01, res_new=4.054926e-01
4 NLEPS (nconv=4, restart=0) residual norm 4.054926e-01
  Residual norms for GMRES solve
  0 (restart 0) KSP residual norm 1.356091e+00
  1 (restart 0) KSP residual norm 1.009429e+00
  2 (restart 0) KSP residual norm 1.881593e-01
  3 (restart 0) KSP residual norm 1.001540e-01
  4 (restart 0) KSP residual norm 6.984946e-02
  5 (restart 0) KSP residual norm 2.998441e-02
  6 (restart 0) KSP residual norm 1.364667e-02
  7 (restart 0) KSP residual norm 8.783570e-03
  8 (restart 0) KSP residual norm 3.299798e-03
  9 (restart 0) KSP residual norm 1.443698e-03
 10 (restart 0) KSP residual norm 8.463203e-04
 11 (restart 0) KSP residual norm 4.853707e-04
 12 (restart 0) KSP residual norm 2.342966e-04
 13 (restart 0) KSP residual norm 1.228516e-04
GMRES solver converged in 13 iterations (avg. reduction factor: 4.887e-01)
   NLEPS Armijo backtracks=9, alpha=1.953e-03, res_new=4.097717e-01
5 NLEPS (nconv=4, restart=0) residual norm 4.097717e-01
  Residual norms for GMRES solve
  0 (restart 0) KSP residual norm 1.274358e+00
  1 (restart 0) KSP residual norm 9.524001e-01
  2 (restart 0) KSP residual norm 1.774042e-01
  3 (restart 0) KSP residual norm 9.466518e-02
  4 (restart 0) KSP residual norm 6.653121e-02
  5 (restart 0) KSP residual norm 2.849348e-02
  6 (restart 0) KSP residual norm 1.294538e-02
  7 (restart 0) KSP residual norm 8.327903e-03
  8 (restart 0) KSP residual norm 3.129784e-03
  9 (restart 0) KSP residual norm 1.367871e-03
 10 (restart 0) KSP residual norm 7.990619e-04
 11 (restart 0) KSP residual norm 4.580049e-04
 12 (restart 0) KSP residual norm 2.209657e-04
 13 (restart 0) KSP residual norm 1.158419e-04
GMRES solver converged in 13 iterations (avg. reduction factor: 4.888e-01)
   NLEPS Armijo backtracks=9, alpha=1.953e-03, res_new=4.135606e-01
6 NLEPS (nconv=4, restart=0) residual norm 4.135606e-01
  Residual norms for GMRES solve
  0 (restart 0) KSP residual norm 1.208012e+00
  1 (restart 0) KSP residual norm 9.059108e-01
  2 (restart 0) KSP residual norm 1.686822e-01
  3 (restart 0) KSP residual norm 9.018322e-02
  4 (restart 0) KSP residual norm 6.380549e-02
  5 (restart 0) KSP residual norm 2.727078e-02
  6 (restart 0) KSP residual norm 1.237379e-02
  7 (restart 0) KSP residual norm 7.957298e-03
  8 (restart 0) KSP residual norm 2.989928e-03
  9 (restart 0) KSP residual norm 1.305340e-03
 10 (restart 0) KSP residual norm 7.604065e-04
 11 (restart 0) KSP residual norm 4.357215e-04
 12 (restart 0) KSP residual norm 2.101096e-04
 13 (restart 0) KSP residual norm 1.101475e-04
GMRES solver converged in 13 iterations (avg. reduction factor: 4.889e-01)
   NLEPS Armijo backtracks=9, alpha=1.953e-03, res_new=4.169232e-01
7 NLEPS (nconv=4, restart=0) residual norm 4.169232e-01
  Residual norms for GMRES solve
  0 (restart 0) KSP residual norm 1.152690e+00
  1 (restart 0) KSP residual norm 8.669926e-01
  2 (restart 0) KSP residual norm 1.614130e-01
  3 (restart 0) KSP residual norm 8.642386e-02
  4 (restart 0) KSP residual norm 6.150599e-02
  5 (restart 0) KSP residual norm 2.624124e-02
  6 (restart 0) KSP residual norm 1.189527e-02
  7 (restart 0) KSP residual norm 7.647480e-03
  8 (restart 0) KSP residual norm 2.871820e-03
  9 (restart 0) KSP residual norm 1.252455e-03
 10 (restart 0) KSP residual norm 7.279631e-04
 11 (restart 0) KSP residual norm 4.170928e-04
 12 (restart 0) KSP residual norm 2.010316e-04
 13 (restart 0) KSP residual norm 1.053964e-04
GMRES solver converged in 13 iterations (avg. reduction factor: 4.890e-01)
   NLEPS Armijo backtracks=9, alpha=1.953e-03, res_new=4.199179e-01
8 NLEPS (nconv=4, restart=0) residual norm 4.199179e-01
  Residual norms for GMRES solve
  0 (restart 0) KSP residual norm 1.105594e+00
  1 (restart 0) KSP residual norm 8.337382e-01
  2 (restart 0) KSP residual norm 1.552251e-01
  3 (restart 0) KSP residual norm 8.320459e-02
  4 (restart 0) KSP residual norm 5.952595e-02
  5 (restart 0) KSP residual norm 2.535662e-02
  6 (restart 0) KSP residual norm 1.148634e-02
  7 (restart 0) KSP residual norm 7.382940e-03
  8 (restart 0) KSP residual norm 2.770045e-03
  9 (restart 0) KSP residual norm 1.206848e-03
 10 (restart 0) KSP residual norm 7.001866e-04
 11 (restart 0) KSP residual norm 4.012004e-04
 12 (restart 0) KSP residual norm 1.932840e-04
 13 (restart 0) KSP residual norm 1.013500e-04
GMRES solver converged in 13 iterations (avg. reduction factor: 4.891e-01)
   NLEPS Armijo backtracks=9, alpha=1.953e-03, res_new=4.225970e-01
9 NLEPS (nconv=4, restart=0) residual norm 4.225970e-01
  Residual norms for GMRES solve
  0 (restart 0) KSP residual norm 1.064832e+00
  1 (restart 0) KSP residual norm 8.048572e-01
  2 (restart 0) KSP residual norm 1.498682e-01
  3 (restart 0) KSP residual norm 8.040195e-02
  4 (restart 0) KSP residual norm 5.779315e-02
  5 (restart 0) KSP residual norm 2.458426e-02
  6 (restart 0) KSP residual norm 1.113109e-02
  7 (restart 0) KSP residual norm 7.153239e-03
  8 (restart 0) KSP residual norm 2.680933e-03
  9 (restart 0) KSP residual norm 1.166902e-03
 10 (restart 0) KSP residual norm 6.760263e-04
 11 (restart 0) KSP residual norm 3.874220e-04
 12 (restart 0) KSP residual norm 1.865636e-04
 13 (restart 0) KSP residual norm 9.784684e-05
GMRES solver converged in 13 iterations (avg. reduction factor: 4.892e-01)
   NLEPS Armijo backtracks=9, alpha=1.953e-03, res_new=4.250057e-01
10 NLEPS (nconv=4, restart=0) residual norm 4.250057e-01
  Residual norms for GMRES solve
  0 (restart 0) KSP residual norm 1.029074e+00
  1 (restart 0) KSP residual norm 7.794400e-01
  2 (restart 0) KSP residual norm 1.451663e-01
  3 (restart 0) KSP residual norm 7.792898e-02
  4 (restart 0) KSP residual norm 5.625665e-02
  5 (restart 0) KSP residual norm 2.390106e-02
  6 (restart 0) KSP residual norm 1.081837e-02
  7 (restart 0) KSP residual norm 6.951048e-03
  8 (restart 0) KSP residual norm 2.601888e-03
  9 (restart 0) KSP residual norm 1.131470e-03
 10 (restart 0) KSP residual norm 6.547384e-04
 11 (restart 0) KSP residual norm 3.753185e-04
 12 (restart 0) KSP residual norm 1.806570e-04
 13 (restart 0) KSP residual norm 9.477330e-05
GMRES solver converged in 13 iterations (avg. reduction factor: 4.893e-01)
   NLEPS Armijo backtracks=9, alpha=1.953e-03, res_new=4.271824e-01
  Residual norms for GMRES solve
  0 (restart 0) KSP residual norm 4.309916e+03
  1 (restart 0) KSP residual norm 1.002256e+03
  2 (restart 0) KSP residual norm 3.714187e+02
  3 (restart 0) KSP residual norm 1.699975e+02
  4 (restart 0) KSP residual norm 8.427082e+01
  5 (restart 0) KSP residual norm 3.667714e+01
  6 (restart 0) KSP residual norm 1.522206e+01
  7 (restart 0) KSP residual norm 7.483842e+00
  8 (restart 0) KSP residual norm 3.649241e+00
  9 (restart 0) KSP residual norm 1.641241e+00
 10 (restart 0) KSP residual norm 7.586034e-01
 11 (restart 0) KSP residual norm 3.470855e-01
GMRES solver converged in 11 iterations (avg. reduction factor: 4.244e-01)
11 NLEPS (nconv=4, restart=0) residual norm 4.271824e-01
  Residual norms for GMRES solve
  0 (restart 0) KSP residual norm 6.508373e+00
  1 (restart 0) KSP residual norm 4.701994e-01
  2 (restart 0) KSP residual norm 3.073397e-01
  3 (restart 0) KSP residual norm 9.879158e-02
  4 (restart 0) KSP residual norm 4.863369e-02
  5 (restart 0) KSP residual norm 2.377012e-02
  6 (restart 0) KSP residual norm 1.252761e-02
  7 (restart 0) KSP residual norm 6.563020e-03
  8 (restart 0) KSP residual norm 3.506706e-03
  9 (restart 0) KSP residual norm 1.834911e-03
 10 (restart 0) KSP residual norm 8.792771e-04
 11 (restart 0) KSP residual norm 4.442886e-04
GMRES solver converged in 11 iterations (avg. reduction factor: 4.181e-01)
   NLEPS Armijo backtracks=3, alpha=1.250e-01, res_new=2.302387e-01
12 NLEPS (nconv=4, restart=0) residual norm 2.302387e-01
  Residual norms for GMRES solve
  0 (restart 0) KSP residual norm 1.908702e+00
  1 (restart 0) KSP residual norm 1.605683e-01
  2 (restart 0) KSP residual norm 9.430356e-02
  3 (restart 0) KSP residual norm 3.021488e-02
  4 (restart 0) KSP residual norm 1.552297e-02
  5 (restart 0) KSP residual norm 7.860101e-03
  6 (restart 0) KSP residual norm 3.981411e-03
  7 (restart 0) KSP residual norm 1.804276e-03
  8 (restart 0) KSP residual norm 8.924559e-04
  9 (restart 0) KSP residual norm 5.040528e-04
 10 (restart 0) KSP residual norm 2.641140e-04
 11 (restart 0) KSP residual norm 1.358647e-04
GMRES solver converged in 11 iterations (avg. reduction factor: 4.197e-01)
   NLEPS Armijo backtracks=4, alpha=6.250e-02, res_new=2.232092e-01
13 NLEPS (nconv=4, restart=0) residual norm 2.232092e-01
  Residual norms for GMRES solve
  0 (restart 0) KSP residual norm 1.963874e+00
  1 (restart 0) KSP residual norm 1.893710e-01
  2 (restart 0) KSP residual norm 1.019179e-01
  3 (restart 0) KSP residual norm 3.236282e-02
  4 (restart 0) KSP residual norm 1.684088e-02
  5 (restart 0) KSP residual norm 8.573460e-03
  6 (restart 0) KSP residual norm 4.314210e-03
  7 (restart 0) KSP residual norm 1.948969e-03
  8 (restart 0) KSP residual norm 9.602890e-04
  9 (restart 0) KSP residual norm 5.386568e-04
 10 (restart 0) KSP residual norm 2.860844e-04
 11 (restart 0) KSP residual norm 1.471486e-04
GMRES solver converged in 11 iterations (avg. reduction factor: 4.217e-01)
   NLEPS Armijo backtracks=9, alpha=1.953e-03, res_new=2.236374e-01
14 NLEPS (nconv=4, restart=0) residual norm 2.236374e-01
  Residual norms for GMRES solve
  0 (restart 0) KSP residual norm 1.957748e+00
  1 (restart 0) KSP residual norm 1.893042e-01
  2 (restart 0) KSP residual norm 1.016869e-01
  3 (restart 0) KSP residual norm 3.222798e-02
  4 (restart 0) KSP residual norm 1.682289e-02
  5 (restart 0) KSP residual norm 8.538197e-03
  6 (restart 0) KSP residual norm 4.296974e-03
  7 (restart 0) KSP residual norm 1.940666e-03
  8 (restart 0) KSP residual norm 9.549012e-04
  9 (restart 0) KSP residual norm 5.353365e-04
 10 (restart 0) KSP residual norm 2.831335e-04
 11 (restart 0) KSP residual norm 1.450646e-04
GMRES solver converged in 11 iterations (avg. reduction factor: 4.212e-01)
   NLEPS Armijo backtracks=9, alpha=1.953e-03, res_new=2.240835e-01
15 NLEPS (nconv=4, restart=0) residual norm 2.240835e-01
  Residual norms for GMRES solve
  0 (restart 0) KSP residual norm 1.951199e+00
  1 (restart 0) KSP residual norm 1.891742e-01
  2 (restart 0) KSP residual norm 1.014361e-01
  3 (restart 0) KSP residual norm 3.207128e-02
  4 (restart 0) KSP residual norm 1.679871e-02
  5 (restart 0) KSP residual norm 8.495716e-03
  6 (restart 0) KSP residual norm 4.276511e-03
  7 (restart 0) KSP residual norm 1.930850e-03
  8 (restart 0) KSP residual norm 9.490747e-04
  9 (restart 0) KSP residual norm 5.318699e-04
 10 (restart 0) KSP residual norm 2.799552e-04
 11 (restart 0) KSP residual norm 1.427227e-04
GMRES solver converged in 11 iterations (avg. reduction factor: 4.207e-01)
   NLEPS Armijo backtracks=9, alpha=1.953e-03, res_new=2.245468e-01
16 NLEPS (nconv=4, restart=0) residual norm 2.245468e-01
  Residual norms for GMRES solve
  0 (restart 0) KSP residual norm 1.944258e+00
  1 (restart 0) KSP residual norm 1.890058e-01
  2 (restart 0) KSP residual norm 1.011739e-01
  3 (restart 0) KSP residual norm 3.189656e-02
  4 (restart 0) KSP residual norm 1.676971e-02
  5 (restart 0) KSP residual norm 8.447050e-03
  6 (restart 0) KSP residual norm 4.253829e-03
  7 (restart 0) KSP residual norm 1.920166e-03
  8 (restart 0) KSP residual norm 9.434252e-04
  9 (restart 0) KSP residual norm 5.287707e-04
 10 (restart 0) KSP residual norm 2.770303e-04
 11 (restart 0) KSP residual norm 1.404950e-04
GMRES solver converged in 11 iterations (avg. reduction factor: 4.203e-01)
   NLEPS Armijo backtracks=9, alpha=1.953e-03, res_new=2.250268e-01
17 NLEPS (nconv=4, restart=0) residual norm 2.250268e-01
  Residual norms for GMRES solve
  0 (restart 0) KSP residual norm 1.936964e+00
  1 (restart 0) KSP residual norm 1.888274e-01
  2 (restart 0) KSP residual norm 1.009098e-01
  3 (restart 0) KSP residual norm 3.170858e-02
  4 (restart 0) KSP residual norm 1.673684e-02
  5 (restart 0) KSP residual norm 8.393459e-03
  6 (restart 0) KSP residual norm 4.230064e-03
  7 (restart 0) KSP residual norm 1.909374e-03
  8 (restart 0) KSP residual norm 9.386828e-04
  9 (restart 0) KSP residual norm 5.266881e-04
 10 (restart 0) KSP residual norm 2.750444e-04
 11 (restart 0) KSP residual norm 1.390189e-04
GMRES solver converged in 11 iterations (avg. reduction factor: 4.200e-01)
   NLEPS Armijo backtracks=9, alpha=1.953e-03, res_new=2.255230e-01
18 NLEPS (nconv=4, restart=0) residual norm 2.255230e-01
  Residual norms for GMRES solve
  0 (restart 0) KSP residual norm 1.929367e+00
  1 (restart 0) KSP residual norm 1.886700e-01
  2 (restart 0) KSP residual norm 1.006538e-01
  3 (restart 0) KSP residual norm 3.151280e-02
  4 (restart 0) KSP residual norm 1.670039e-02
  5 (restart 0) KSP residual norm 8.336381e-03
  6 (restart 0) KSP residual norm 4.206322e-03
  7 (restart 0) KSP residual norm 1.899244e-03
  8 (restart 0) KSP residual norm 9.355555e-04
  9 (restart 0) KSP residual norm 5.262607e-04
 10 (restart 0) KSP residual norm 2.746850e-04
 11 (restart 0) KSP residual norm 1.389629e-04
GMRES solver converged in 11 iterations (avg. reduction factor: 4.202e-01)
   NLEPS Armijo backtracks=9, alpha=1.953e-03, res_new=2.260351e-01
19 NLEPS (nconv=4, restart=0) residual norm 2.260351e-01
  Residual norms for GMRES solve
  0 (restart 0) KSP residual norm 1.921522e+00
  1 (restart 0) KSP residual norm 1.885662e-01
  2 (restart 0) KSP residual norm 1.004165e-01
  3 (restart 0) KSP residual norm 3.131520e-02
  4 (restart 0) KSP residual norm 1.665984e-02
  5 (restart 0) KSP residual norm 8.277417e-03
  6 (restart 0) KSP residual norm 4.183513e-03
  7 (restart 0) KSP residual norm 1.890402e-03
  8 (restart 0) KSP residual norm 9.345411e-04
  9 (restart 0) KSP residual norm 5.278821e-04
 10 (restart 0) KSP residual norm 2.762657e-04
 11 (restart 0) KSP residual norm 1.405026e-04
GMRES solver converged in 11 iterations (avg. reduction factor: 4.207e-01)
   NLEPS Armijo backtracks=9, alpha=1.953e-03, res_new=2.265627e-01
20 NLEPS (nconv=4, restart=0) residual norm 2.265627e-01
  Residual norms for GMRES solve
  0 (restart 0) KSP residual norm 1.913493e+00
  1 (restart 0) KSP residual norm 1.885481e-01
  2 (restart 0) KSP residual norm 1.002077e-01
  3 (restart 0) KSP residual norm 3.112202e-02
  4 (restart 0) KSP residual norm 1.661389e-02
  5 (restart 0) KSP residual norm 8.218311e-03
  6 (restart 0) KSP residual norm 4.162172e-03
  7 (restart 0) KSP residual norm 1.883185e-03
  8 (restart 0) KSP residual norm 9.357523e-04
  9 (restart 0) KSP residual norm 5.314942e-04
 10 (restart 0) KSP residual norm 2.794531e-04
 11 (restart 0) KSP residual norm 1.430755e-04
GMRES solver converged in 11 iterations (avg. reduction factor: 4.216e-01)
   NLEPS Armijo backtracks=9, alpha=1.953e-03, res_new=2.271059e-01
  Residual norms for GMRES solve
  0 (restart 0) KSP residual norm 1.265149e+02
  1 (restart 0) KSP residual norm 1.255397e+01
  2 (restart 0) KSP residual norm 4.032313e+00
  3 (restart 0) KSP residual norm 3.783456e+00
  4 (restart 0) KSP residual norm 3.168725e+00
  5 (restart 0) KSP residual norm 2.571706e+00
  6 (restart 0) KSP residual norm 2.222533e+00
  7 (restart 0) KSP residual norm 1.660727e+00
  8 (restart 0) KSP residual norm 5.331572e-01
  9 (restart 0) KSP residual norm 4.893901e-01
 10 (restart 0) KSP residual norm 3.889888e-01
 11 (restart 0) KSP residual norm 3.318662e-01
 12 (restart 0) KSP residual norm 2.962771e-01
 13 (restart 0) KSP residual norm 2.344275e-01
 14 (restart 0) KSP residual norm 2.207283e-01
 15 (restart 0) KSP residual norm 1.968263e-01
 16 (restart 0) KSP residual norm 1.779047e-01
 17 (restart 0) KSP residual norm 1.580052e-01
 18 (restart 0) KSP residual norm 4.681573e-02
 19 (restart 0) KSP residual norm 3.489002e-02
 20 (restart 0) KSP residual norm 2.753014e-02
 21 (restart 0) KSP residual norm 2.367562e-02
 22 (restart 0) KSP residual norm 1.671124e-02
 23 (restart 0) KSP residual norm 1.542205e-02
 24 (restart 0) KSP residual norm 1.180383e-02
GMRES solver converged in 24 iterations (avg. reduction factor: 6.793e-01)
21 NLEPS (nconv=4, restart=0) residual norm 2.271059e-01
  Residual norms for GMRES solve
  0 (restart 0) KSP residual norm 1.276724e+00
  1 (restart 0) KSP residual norm 1.520710e-01
  2 (restart 0) KSP residual norm 1.319065e-01
  3 (restart 0) KSP residual norm 1.282734e-01
  4 (restart 0) KSP residual norm 1.254685e-01
  5 (restart 0) KSP residual norm 1.042691e-01
  6 (restart 0) KSP residual norm 9.917874e-02
  7 (restart 0) KSP residual norm 9.871193e-02
  8 (restart 0) KSP residual norm 6.188495e-02
  9 (restart 0) KSP residual norm 6.160863e-02
 10 (restart 0) KSP residual norm 5.345879e-02
 11 (restart 0) KSP residual norm 4.371566e-02
 12 (restart 0) KSP residual norm 2.230625e-02
 13 (restart 0) KSP residual norm 2.194952e-02
 14 (restart 0) KSP residual norm 1.675163e-02
 15 (restart 0) KSP residual norm 1.272853e-02
 16 (restart 0) KSP residual norm 1.225449e-02
 17 (restart 0) KSP residual norm 1.091458e-02
 18 (restart 0) KSP residual norm 9.310470e-03
 19 (restart 0) KSP residual norm 8.337923e-03
 20 (restart 0) KSP residual norm 6.940712e-03
 21 (restart 0) KSP residual norm 6.394866e-03
 22 (restart 0) KSP residual norm 4.989659e-03
 23 (restart 0) KSP residual norm 3.193585e-03
 24 (restart 0) KSP residual norm 3.008035e-03
 25 (restart 0) KSP residual norm 2.395307e-03
 26 (restart 0) KSP residual norm 2.010003e-03
 27 (restart 0) KSP residual norm 1.796795e-03
 28 (restart 0) KSP residual norm 1.203238e-03
 29 (restart 0) KSP residual norm 1.162530e-03
 30 (restart 0) KSP residual norm 8.953329e-04
 31 (restart 0) KSP residual norm 8.013602e-04
 32 (restart 0) KSP residual norm 6.302075e-04
 33 (restart 0) KSP residual norm 5.292352e-04
