>> /opt/amip/envs/emsim/bin/mpirun -n 32 /opt/amip/palace/bin/palace-x86_64.bin h3-azim-01.8eff466f_azim_h3_L12.24_wire_lumped.json

_____________     _______
_____   __   \____ __   /____ ____________
____   /_/  /  __ ` /  /  __ ` /  ___/  _ \
___   _____/  /_/  /  /  /_/  /  /__/  ___/
  /__/     \___,__/__/\___,__/\_____\_____/

Git changeset ID: v0.17.0-293-g3c83b9db0
Running with 32 MPI processes, 1 OpenMP thread
Device configuration: omp,cpu
Memory configuration: host-std
libCEED backend: /cpu/self/xsmm/blocked

Added 17251 boundary elements for material interfaces to the mesh

Characteristic length and time scales:
 Lc = 1.974e-01 m, tc = 6.585e-01 ns
Finished partitioning mesh into 32 subdomains

Mesh curvature order: 2
Mesh bounding box:
 (Xmin, Ymin, Zmin) = (-8.800e-02, -8.800e-02, -9.871e-02) m
 (Xmax, Ymax, Zmax) = (+8.800e-02, +8.800e-02, +9.871e-02) m

Parallel Mesh Stats:

                minimum     average     maximum       total
 vertices           297         454         610       14551
 edges             2471        2975        3406       95214
 faces             4457        4936        5288      157981
 elements          2192        2416        2488       77317
 neighbors            3           7          19

            minimum     maximum
 h      0.000720051    0.170946
 kappa      1.01936     68.2271

Estimated current per-rank memory usage is: Min. 33.0M, Max. 91.4M, Avg. 35.2M, Total 1.1G
Estimated current per-node memory usage is: Min. 1.1G, Max. 1.1G, Avg. 1.1G, Total 1.1G

Configuring Robin finite conductivity BC at attributes:
 90: σ = 3.500e+07 S/m, n = (+0.4,+0.9,-0.1)
 92: σ = 5.800e+07 S/m, n = (+0.1,-0.2,-1.0)






Verification failed: (proj_l < rel_tol * l || std::abs(l - proj_l) < rel_tol * l) is false:
 --> Bounding box discovered length (1.5518135158109809e-03) should match projected length (1.5357241207825936e-03!
 ... in function: palace::UniformElementData::UniformElementData(const std::array<double, 3>&, const mfem::Array<int>&, const mfem::ParMesh&)
 ... in file: /opt/amip/src/palace/palace/fem/lumpedelement.cpp:107



Verification failed: (proj_l < rel_tol * l || std::abs(l - proj_l) < rel_tol * l) is false:
 --> Bounding box discovered length (1.5518135158109809e-03) should match projected length (1.5357241207825936e-03!
 ... in function: palace::UniformElementData::UniformElementData(const std::array<double, 3>&, const mfem::Array<int>&, const mfem::ParMesh&)
 ... in file: /opt/amip/src/palace/palace/fem/lumpedelement.cpp:107

Verification failed: (proj_l < rel_tol * l || std::abs(l - proj_l) < rel_tol * l) is false:
 --> Bounding box discovered length (1.5518135158109809e-03) should match projected length (1.5357241207825936e-03!
 ... in function: palace::UniformElementData::UniformElementData(const std::array<double, 3>&, const mfem::Array<int>&, const mfem::ParMesh&)
 ... in file: /opt/amip/src/palace/palace/fem/lumpedelement.cpp:107



Verification failed: (proj_l < rel_tol * l || std::abs(l - proj_l) < rel_tol * l) is false:
 --> Bounding box discovered length (1.5518135158109809e-03) should match projected length (1.5357241207825936e-03!
 ... in function: palace::UniformElementData::UniformElementData(const std::array<double, 3>&, const mfem::Array<int>&, const mfem::ParMesh&)
 ... in file: /opt/amip/src/palace/palace/fem/lumpedelement.cpp:107



Verification failed: (proj_l < rel_tol * l || std::abs(l - proj_l) < rel_tol * l) is false:
 --> Bounding box discovered length (1.5518135158109809e-03) should match projected length (1.5357241207825936e-03!
 ... in function: palace::UniformElementData::UniformElementData(const std::array<double, 3>&, const mfem::Array<int>&, const mfem::ParMesh&)
 ... in file: /opt/amip/src/palace/palace/fem/lumpedelement.cpp:107



Verification failed: (proj_l < rel_tol * l || std::abs(l - proj_l) < rel_tol * l) is false:
 --> Bounding box discovered length (1.5518135158109809e-03) should match projected length (1.5357241207825936e-03!
 ... in function: palace::UniformElementData::UniformElementData(const std::array<double, 3>&, const mfem::Array<int>&, const mfem::ParMesh&)
 ... in file: /opt/amip/src/palace/palace/fem/lumpedelement.cpp:107



Verification failed: (proj_l < rel_tol * l || std::abs(l - proj_l) < rel_tol * l) is false:
 --> Bounding box discovered length (1.5518135158109809e-03) should match projected length (1.5357241207825936e-03!
 ... in function: palace::UniformElementData::UniformElementData(const std::array<double, 3>&, const mfem::Array<int>&, const mfem::ParMesh&)
 ... in file: /opt/amip/src/palace/palace/fem/lumpedelement.cpp:107



Verification failed: (proj_l < rel_tol * l || std::abs(l - proj_l) < rel_tol * l) is false:
 --> Bounding box discovered length (1.5518135158109809e-03) should match projected length (1.5357241207825936e-03!
 ... in function: palace::UniformElementData::UniformElementData(const std::array<double, 3>&, const mfem::Array<int>&, const mfem::ParMesh&)
 ... in file: /opt/amip/src/palace/palace/fem/lumpedelement.cpp:107



Verification failed: (proj_l < rel_tol * l || std::abs(l - proj_l) < rel_tol * l) is false:
 --> Bounding box discovered length (1.5518135158109809e-03) should match projected length (1.5357241207825936e-03!
 ... in function: palace::UniformElementData::UniformElementData(const std::array<double, 3>&, const mfem::Array<int>&, const mfem::ParMesh&)
 ... in file: /opt/amip/src/palace/palace/fem/lumpedelement.cpp:107



Verification failed: (proj_l < rel_tol * l || std::abs(l - proj_l) < rel_tol * l) is false:
 --> Bounding box discovered length (1.5518135158109809e-03) should match projected length (1.5357241207825936e-03!
 ... in function: palace::UniformElementData::UniformElementData(const std::array<double, 3>&, const mfem::Array<int>&, const mfem::ParMesh&)
 ... in file: /opt/amip/src/palace/palace/fem/lumpedelement.cpp:107



Verification failed: (proj_l < rel_tol * l || std::abs(l - proj_l) < rel_tol * l) is false:
 --> Bounding box discovered length (1.5518135158109809e-03) should match projected length (1.5357241207825936e-03!
 ... in function: palace::UniformElementData::UniformElementData(const std::array<double, 3>&, const mfem::Array<int>&, const mfem::ParMesh&)
 ... in file: /opt/amip/src/palace/palace/fem/lumpedelement.cpp:107



Verification failed: (proj_l < rel_tol * l || std::abs(l - proj_l) < rel_tol * l) is false:
 --> Bounding box discovered length (1.5518135158109809e-03) should match projected length (1.5357241207825936e-03!
 ... in function: palace::UniformElementData::UniformElementData(const std::array<double, 3>&, const mfem::Array<int>&, const mfem::ParMesh&)
 ... in file: /opt/amip/src/palace/palace/fem/lumpedelement.cpp:107



Verification failed: (proj_l < rel_tol * l || std::abs(l - proj_l) < rel_tol * l) is false:
 --> Bounding box discovered length (1.5518135158109809e-03) should match projected length (1.5357241207825936e-03!
 ... in function: palace::UniformElementData::UniformElementData(const std::array<double, 3>&, const mfem::Array<int>&, const mfem::ParMesh&)
 ... in file: /opt/amip/src/palace/palace/fem/lumpedelement.cpp:107



Verification failed: (proj_l < rel_tol * l || std::abs(l - proj_l) < rel_tol * l) is false:
 --> Bounding box discovered length (1.5518135158109809e-03) should match projected length (1.5357241207825936e-03!
 ... in function: palace::UniformElementData::UniformElementData(const std::array<double, 3>&, const mfem::Array<int>&, const mfem::ParMesh&)
 ... in file: /opt/amip/src/palace/palace/fem/lumpedelement.cpp:107



Verification failed: (proj_l < rel_tol * l || std::abs(l - proj_l) < rel_tol * l) is false:
 --> Bounding box discovered length (1.5518135158109809e-03) should match projected length (1.5357241207825936e-03!
 ... in function: palace::UniformElementData::UniformElementData(const std::array<double, 3>&, const mfem::Array<int>&, const mfem::ParMesh&)
 ... in file: /opt/amip/src/palace/palace/fem/lumpedelement.cpp:107



Verification failed: (proj_l < rel_tol * l || std::abs(l - proj_l) < rel_tol * l) is false:
 --> Bounding box discovered length (1.5518135158109809e-03) should match projected length (1.5357241207825936e-03!
 ... in function: palace::UniformElementData::UniformElementData(const std::array<double, 3>&, const mfem::Array<int>&, const mfem::ParMesh&)
 ... in file: /opt/amip/src/palace/palace/fem/lumpedelement.cpp:107



Verification failed: (proj_l < rel_tol * l || std::abs(l - proj_l) < rel_tol * l) is false:
 --> Bounding box discovered length (1.5518135158109809e-03) should match projected length (1.5357241207825936e-03!
 ... in function: palace::UniformElementData::UniformElementData(const std::array<double, 3>&, const mfem::Array<int>&, const mfem::ParMesh&)
 ... in file: /opt/amip/src/palace/palace/fem/lumpedelement.cpp:107



Verification failed: (proj_l < rel_tol * l || std::abs(l - proj_l) < rel_tol * l) is false:
 --> Bounding box discovered length (1.5518135158109809e-03) should match projected length (1.5357241207825936e-03!
 ... in function: palace::UniformElementData::UniformElementData(const std::array<double, 3>&, const mfem::Array<int>&, const mfem::ParMesh&)
 ... in file: /opt/amip/src/palace/palace/fem/lumpedelement.cpp:107



Verification failed: (proj_l < rel_tol * l || std::abs(l - proj_l) < rel_tol * l) is false:
 --> Bounding box discovered length (1.5518135158109809e-03) should match projected length (1.5357241207825936e-03!
 ... in function: palace::UniformElementData::UniformElementData(const std::array<double, 3>&, const mfem::Array<int>&, const mfem::ParMesh&)
 ... in file: /opt/amip/src/palace/palace/fem/lumpedelement.cpp:107



Verification failed: (proj_l < rel_tol * l || std::abs(l - proj_l) < rel_tol * l) is false:
 --> Bounding box discovered length (1.5518135158109809e-03) should match projected length (1.5357241207825936e-03!
 ... in function: palace::UniformElementData::UniformElementData(const std::array<double, 3>&, const mfem::Array<int>&, const mfem::ParMesh&)
 ... in file: /opt/amip/src/palace/palace/fem/lumpedelement.cpp:107



Verification failed: (proj_l < rel_tol * l || std::abs(l - proj_l) < rel_tol * l) is false:
 --> Bounding box discovered length (1.5518135158109809e-03) should match projected length (1.5357241207825936e-03!
 ... in function: palace::UniformElementData::UniformElementData(const std::array<double, 3>&, const mfem::Array<int>&, const mfem::ParMesh&)
 ... in file: /opt/amip/src/palace/palace/fem/lumpedelement.cpp:107



Verification failed: (proj_l < rel_tol * l || std::abs(l - proj_l) < rel_tol * l) is false:
 --> Bounding box discovered length (1.5518135158109809e-03) should match projected length (1.5357241207825936e-03!
 ... in function: palace::UniformElementData::UniformElementData(const std::array<double, 3>&, const mfem::Array<int>&, const mfem::ParMesh&)
 ... in file: /opt/amip/src/palace/palace/fem/lumpedelement.cpp:107



Verification failed: (proj_l < rel_tol * l || std::abs(l - proj_l) < rel_tol * l) is false:
 --> Bounding box discovered length (1.5518135158109809e-03) should match projected length (1.5357241207825936e-03!
 ... in function: palace::UniformElementData::UniformElementData(const std::array<double, 3>&, const mfem::Array<int>&, const mfem::ParMesh&)
 ... in file: /opt/amip/src/palace/palace/fem/lumpedelement.cpp:107



Verification failed: (proj_l < rel_tol * l || std::abs(l - proj_l) < rel_tol * l) is false:
 --> Bounding box discovered length (1.5518135158109809e-03) should match projected length (1.5357241207825936e-03!
 ... in function: palace::UniformElementData::UniformElementData(const std::array<double, 3>&, const mfem::Array<int>&, const mfem::ParMesh&)
 ... in file: /opt/amip/src/palace/palace/fem/lumpedelement.cpp:107



Verification failed: (proj_l < rel_tol * l || std::abs(l - proj_l) < rel_tol * l) is false:
 --> Bounding box discovered length (1.5518135158109809e-03) should match projected length (1.5357241207825936e-03!
 ... in function: palace::UniformElementData::UniformElementData(const std::array<double, 3>&, const mfem::Array<int>&, const mfem::ParMesh&)
 ... in file: /opt/amip/src/palace/palace/fem/lumpedelement.cpp:107



Verification failed: (proj_l < rel_tol * l || std::abs(l - proj_l) < rel_tol * l) is false:
 --> Bounding box discovered length (1.5518135158109809e-03) should match projected length (1.5357241207825936e-03!
 ... in function: palace::UniformElementData::UniformElementData(const std::array<double, 3>&, const mfem::Array<int>&, const mfem::ParMesh&)
 ... in file: /opt/amip/src/palace/palace/fem/lumpedelement.cpp:107



Verification failed: (proj_l < rel_tol * l || std::abs(l - proj_l) < rel_tol * l) is false:
 --> Bounding box discovered length (1.5518135158109809e-03) should match projected length (1.5357241207825936e-03!
 ... in function: palace::UniformElementData::UniformElementData(const std::array<double, 3>&, const mfem::Array<int>&, const mfem::ParMesh&)
 ... in file: /opt/amip/src/palace/palace/fem/lumpedelement.cpp:107



Verification failed: (proj_l < rel_tol * l || std::abs(l - proj_l) < rel_tol * l) is false:
 --> Bounding box discovered length (1.5518135158109809e-03) should match projected length (1.5357241207825936e-03!
 ... in function: palace::UniformElementData::UniformElementData(const std::array<double, 3>&, const mfem::Array<int>&, const mfem::ParMesh&)
 ... in file: /opt/amip/src/palace/palace/fem/lumpedelement.cpp:107



Verification failed: (proj_l < rel_tol * l || std::abs(l - proj_l) < rel_tol * l) is false:
 --> Bounding box discovered length (1.5518135158109809e-03) should match projected length (1.5357241207825936e-03!
 ... in function: palace::UniformElementData::UniformElementData(const std::array<double, 3>&, const mfem::Array<int>&, const mfem::ParMesh&)
 ... in file: /opt/amip/src/palace/palace/fem/lumpedelement.cpp:107



Verification failed: (proj_l < rel_tol * l || std::abs(l - proj_l) < rel_tol * l) is false:
 --> Bounding box discovered length (1.5518135158109809e-03) should match projected length (1.5357241207825936e-03!
 ... in function: palace::UniformElementData::UniformElementData(const std::array<double, 3>&, const mfem::Array<int>&, const mfem::ParMesh&)
 ... in file: /opt/amip/src/palace/palace/fem/lumpedelement.cpp:107



Verification failed: (proj_l < rel_tol * l || std::abs(l - proj_l) < rel_tol * l) is false:
 --> Bounding box discovered length (1.5518135158109809e-03) should match projected length (1.5357241207825936e-03!
 ... in function: palace::UniformElementData::UniformElementData(const std::array<double, 3>&, const mfem::Array<int>&, const mfem::ParMesh&)
 ... in file: /opt/amip/src/palace/palace/fem/lumpedelement.cpp:107

Verification failed: (proj_l < rel_tol * l || std::abs(l - proj_l) < rel_tol * l) is false:
 --> Bounding box discovered length (1.5518135158109809e-03) should match projected length (1.5357241207825936e-03!
 ... in function: palace::UniformElementData::UniformElementData(const std::array<double, 3>&, const mfem::Array<int>&, const mfem::ParMesh&)
 ... in file: /opt/amip/src/palace/palace/fem/lumpedelement.cpp:107

--------------------------------------------------------------------------
MPI_ABORT was invoked on rank 2 in communicator MPI_COMM_WORLD
  Proc: [[12575,1],2]
  Errorcode: 1

NOTE: invoking MPI_ABORT causes Open MPI to kill all MPI processes.
You may or may not see output from other processes, depending on
exactly when Open MPI kills them.
--------------------------------------------------------------------------
--------------------------------------------------------------------------
prterun has exited due to process rank 7 with PID 0 on node i-08b7d8e8be0af6710 calling
"abort". This may have caused other processes in the application to be
terminated by signals sent by prterun (as reported here).
--------------------------------------------------------------------------
 