>> /opt/amip/envs/emsim/bin/mpirun -n 32 /opt/amip/palace/bin/palace-x86_64.bin h3_annular_i1p5_o5.json

_____________     _______
_____   __   \____ __   /____ ____________
____   /_/  /  __ ` /  /  __ ` /  ___/  _ \
___   _____/  /_/  /  /  /_/  /  /__/  ___/
  /__/     \___,__/__/\___,__/\_____\_____/

Git changeset ID: v0.17.0-293-g3c83b9db0
Running with 32 MPI processes, 1 OpenMP thread
Device configuration: omp,cpu
Memory configuration: host-std
libCEED backend: /cpu/self/xsmm/blocked

Added 12003 boundary elements for material interfaces to the mesh

Characteristic length and time scales:
 Lc = 1.760e-01 m, tc = 5.871e-01 ns
Finished partitioning mesh into 32 subdomains

Mesh curvature order: 2
Mesh bounding box:
 (Xmin, Ymin, Zmin) = (-8.800e-02, -8.800e-02, -5.771e-02) m
 (Xmax, Ymax, Zmax) = (+8.800e-02, +8.800e-02, +5.771e-02) m

Parallel Mesh Stats:

                minimum     average     maximum       total
 vertices           326         484         686       15512
 edges             2826        3354        3848      107339
 faces             5276        5706        6077      182603
 elements          2753        2836        2921       90775
 neighbors            5           9          22

            minimum     maximum
 h       0.00330363    0.200231
 kappa      1.01949     41.3012

Estimated current per-rank memory usage is: Min. 33.1M, Max. 99.7M, Avg. 35.7M, Total 1.1G
Estimated current per-node memory usage is: Min. 1.1G, Max. 1.1G, Avg. 1.1G, Total 1.1G

Configuring Robin finite conductivity BC at attributes:
 90: σ = 3.500e+07 S/m, n = (+0.1,-0.1,-1.0)

Assembling system matrices, number of global unknowns:
 H1 (p = 2): 122851, ND (p = 2): 579884, RT (p = 2): 820134
 Operator assembly level: Partial
 Mesh geometries:
  Tetrahedron: P = 20, Q = 14 (quadrature order = 4)

Configuring SLEPc eigenvalue solver:
 Scaling γ = 2.824e+01, δ = 3.705e-06
 Configuring divergence-free projection
 Using random starting vector
 Shift-and-invert σ = 2.400e+00 GHz (8.853e+00)

Assembling multigrid hierarchy:
 Level 0 (p = 1): 107339 unknowns
 Level 1 (p = 2): 579884 unknowns
 Level 0 (auxiliary) (p = 1): 15512 unknowns
 Level 1 (auxiliary) (p = 2): 122851 unknowns

#PETSc Option Table entries:
-eps_monitor # (source: code)
#End of PETSc Option Table entries

  Residual norms for GMRES solve
  0 (restart 0) KSP residual norm 1.037278e+00
  1 (restart 0) KSP residual norm 6.002234e-01
  2 (restart 0) KSP residual norm 1.490584e-01
  3 (restart 0) KSP residual norm 7.202292e-02
  4 (restart 0) KSP residual norm 3.440094e-02
  5 (restart 0) KSP residual norm 2.460913e-02
  6 (restart 0) KSP residual norm 1.237513e-02
  7 (restart 0) KSP residual norm 6.820542e-03
  8 (restart 0) KSP residual norm 3.168231e-03
  9 (restart 0) KSP residual norm 1.734959e-03
 10 (restart 0) KSP residual norm 9.194949e-04
 11 (restart 0) KSP residual norm 4.814028e-04
 12 (restart 0) KSP residual norm 2.851570e-04
 13 (restart 0) KSP residual norm 1.617429e-04
 14 (restart 0) KSP residual norm 9.299155e-05
 15 (restart 0) KSP residual norm 5.621666e-05
 16 (restart 0) KSP residual norm 3.530942e-05
 17 (restart 0) KSP residual norm 2.127217e-05
 18 (restart 0) KSP residual norm 1.242518e-05
 19 (restart 0) KSP residual norm 7.065345e-06
 20 (restart 0) KSP residual norm 4.218146e-06
 21 (restart 0) KSP residual norm 2.499180e-06
 22 (restart 0) KSP residual norm 1.502670e-06
 23 (restart 0) KSP residual norm 8.728838e-07
 24 (restart 0) KSP residual norm 5.067824e-07
 25 (restart 0) KSP residual norm 2.970151e-07
 26 (restart 0) KSP residual norm 1.678215e-07
 27 (restart 0) KSP residual norm 9.595392e-08
 28 (restart 0) KSP residual norm 5.487010e-08
 29 (restart 0) KSP residual norm 3.114478e-08
 30 (restart 0) KSP residual norm 1.745925e-08
 31 (restart 0) KSP residual norm 9.828299e-09
GMRES solver converged in 31 iterations (avg. reduction factor: 5.510e-01)
  Residual norms for GMRES solve
  0 (restart 0) KSP residual norm 4.838505e+01
  1 (restart 0) KSP residual norm 7.165475e+00
  2 (restart 0) KSP residual norm 7.995694e-01
  3 (restart 0) KSP residual norm 3.007678e-01
  4 (restart 0) KSP residual norm 1.728743e-01
  5 (restart 0) KSP residual norm 7.684619e-02
  6 (restart 0) KSP residual norm 3.644795e-02
  7 (restart 0) KSP residual norm 2.302325e-02
  8 (restart 0) KSP residual norm 8.787676e-03
  9 (restart 0) KSP residual norm 4.935162e-03
 10 (restart 0) KSP residual norm 1.899927e-03
 11 (restart 0) KSP residual norm 1.138343e-03
 12 (restart 0) KSP residual norm 5.157021e-04
 13 (restart 0) KSP residual norm 2.197726e-04
 14 (restart 0) KSP residual norm 1.085599e-04
 15 (restart 0) KSP residual norm 4.751617e-05
 16 (restart 0) KSP residual norm 2.573334e-05
 17 (restart 0) KSP residual norm 1.453397e-05
 18 (restart 0) KSP residual norm 7.877916e-06
 19 (restart 0) KSP residual norm 3.862400e-06
 20 (restart 0) KSP residual norm 2.029378e-06
 21 (restart 0) KSP residual norm 1.238132e-06
 22 (restart 0) KSP residual norm 7.819979e-07
 23 (restart 0) KSP residual norm 4.794822e-07
GMRES solver converged in 23 iterations (avg. reduction factor: 4.487e-01)
  Residual norms for GMRES solve
  0 (restart 0) KSP residual norm 1.192544e+02
  1 (restart 0) KSP residual norm 1.946889e+01
  2 (restart 0) KSP residual norm 1.761738e+00
  3 (restart 0) KSP residual norm 7.726454e-01
  4 (restart 0) KSP residual norm 3.602425e-01
  5 (restart 0) KSP residual norm 1.452075e-01
  6 (restart 0) KSP residual norm 7.439831e-02
  7 (restart 0) KSP residual norm 4.130557e-02
  8 (restart 0) KSP residual norm 1.479721e-02
  9 (restart 0) KSP residual norm 9.723658e-03
 10 (restart 0) KSP residual norm 4.415601e-03
 11 (restart 0) KSP residual norm 2.214988e-03
 12 (restart 0) KSP residual norm 9.519705e-04
 13 (restart 0) KSP residual norm 4.240170e-04
 14 (restart 0) KSP residual norm 2.640392e-04
 15 (restart 0) KSP residual norm 1.097066e-04
 16 (restart 0) KSP residual norm 5.688826e-05
 17 (restart 0) KSP residual norm 2.942786e-05
 18 (restart 0) KSP residual norm 1.625787e-05
 19 (restart 0) KSP residual norm 7.945913e-06
 20 (restart 0) KSP residual norm 3.894368e-06
 21 (restart 0) KSP residual norm 2.167528e-06
 22 (restart 0) KSP residual norm 1.233266e-06
 23 (restart 0) KSP residual norm 6.804313e-07
GMRES solver converged in 23 iterations (avg. reduction factor: 4.381e-01)
  Residual norms for GMRES solve
  0 (restart 0) KSP residual norm 6.397058e+01
  1 (restart 0) KSP residual norm 1.549375e+01
  2 (restart 0) KSP residual norm 1.880627e+00
  3 (restart 0) KSP residual norm 7.881793e-01
  4 (restart 0) KSP residual norm 2.763429e-01
  5 (restart 0) KSP residual norm 1.232251e-01
  6 (restart 0) KSP residual norm 5.410856e-02
  7 (restart 0) KSP residual norm 3.563995e-02
  8 (restart 0) KSP residual norm 1.470765e-02
  9 (restart 0) KSP residual norm 7.452761e-03
 10 (restart 0) KSP residual norm 3.845146e-03
 11 (restart 0) KSP residual norm 1.672889e-03
 12 (restart 0) KSP residual norm 1.095957e-03
 13 (restart 0) KSP residual norm 4.111084e-04
 14 (restart 0) KSP residual norm 2.237221e-04
 15 (restart 0) KSP residual norm 9.212921e-05
 16 (restart 0) KSP residual norm 4.141604e-05
 17 (restart 0) KSP residual norm 2.207167e-05
 18 (restart 0) KSP residual norm 1.225654e-05
 19 (restart 0) KSP residual norm 6.601888e-06
 20 (restart 0) KSP residual norm 2.990205e-06
 21 (restart 0) KSP residual norm 1.610512e-06
 22 (restart 0) KSP residual norm 9.088543e-07
 23 (restart 0) KSP residual norm 5.157803e-07
GMRES solver converged in 23 iterations (avg. reduction factor: 4.447e-01)
  Residual norms for GMRES solve
  0 (restart 0) KSP residual norm 9.184849e+01
  1 (restart 0) KSP residual norm 1.918971e+01
  2 (restart 0) KSP residual norm 1.881065e+00
  3 (restart 0) KSP residual norm 8.490196e-01
  4 (restart 0) KSP residual norm 3.303839e-01
  5 (restart 0) KSP residual norm 1.349711e-01
  6 (restart 0) KSP residual norm 5.185111e-02
  7 (restart 0) KSP residual norm 3.373548e-02
  8 (restart 0) KSP residual norm 1.266943e-02
  9 (restart 0) KSP residual norm 6.431035e-03
 10 (restart 0) KSP residual norm 3.820995e-03
 11 (restart 0) KSP residual norm 1.826574e-03
 12 (restart 0) KSP residual norm 9.787665e-04
 13 (restart 0) KSP residual norm 3.796887e-04
 14 (restart 0) KSP residual norm 2.182616e-04
 15 (restart 0) KSP residual norm 1.066858e-04
 16 (restart 0) KSP residual norm 4.708768e-05
 17 (restart 0) KSP residual norm 2.913995e-05
 18 (restart 0) KSP residual norm 1.481746e-05
 19 (restart 0) KSP residual norm 7.087600e-06
 20 (restart 0) KSP residual norm 3.357798e-06
 21 (restart 0) KSP residual norm 1.715446e-06
 22 (restart 0) KSP residual norm 9.955736e-07
 23 (restart 0) KSP residual norm 5.395559e-07
GMRES solver converged in 23 iterations (avg. reduction factor: 4.387e-01)
  Residual norms for GMRES solve
  0 (restart 0) KSP residual norm 1.961775e+01
  1 (restart 0) KSP residual norm 6.604639e+00
  2 (restart 0) KSP residual norm 2.670148e+00
  3 (restart 0) KSP residual norm 4.595173e-01
  4 (restart 0) KSP residual norm 3.015663e-01
  5 (restart 0) KSP residual norm 1.655328e-01
  6 (restart 0) KSP residual norm 7.844831e-02
  7 (restart 0) KSP residual norm 3.962733e-02
  8 (restart 0) KSP residual norm 1.366888e-02
  9 (restart 0) KSP residual norm 5.025745e-03
 10 (restart 0) KSP residual norm 2.543488e-03
 11 (restart 0) KSP residual norm 9.405583e-04
 12 (restart 0) KSP residual norm 5.135166e-04
 13 (restart 0) KSP residual norm 2.707603e-04
 14 (restart 0) KSP residual norm 1.123110e-04
 15 (restart 0) KSP residual norm 5.851362e-05
 16 (restart 0) KSP residual norm 3.061247e-05
 17 (restart 0) KSP residual norm 1.630013e-05
 18 (restart 0) KSP residual norm 8.332797e-06
 19 (restart 0) KSP residual norm 4.044059e-06
 20 (restart 0) KSP residual norm 1.982272e-06
 21 (restart 0) KSP residual norm 1.125427e-06
 22 (restart 0) KSP residual norm 6.368265e-07
 23 (restart 0) KSP residual norm 3.629094e-07
 24 (restart 0) KSP residual norm 1.958382e-07
GMRES solver converged in 24 iterations (avg. reduction factor: 4.641e-01)
  Residual norms for GMRES solve
  0 (restart 0) KSP residual norm 1.249875e+01
  1 (restart 0) KSP residual norm 5.473213e+00
  2 (restart 0) KSP residual norm 2.061219e+00
  3 (restart 0) KSP residual norm 3.955628e-01
  4 (restart 0) KSP residual norm 2.448555e-01
  5 (restart 0) KSP residual norm 1.644154e-01
  6 (restart 0) KSP residual norm 8.003485e-02
  7 (restart 0) KSP residual norm 3.503219e-02
  8 (restart 0) KSP residual norm 1.316869e-02
  9 (restart 0) KSP residual norm 4.446251e-03
 10 (restart 0) KSP residual norm 2.467103e-03
 11 (restart 0) KSP residual norm 1.043936e-03
 12 (restart 0) KSP residual norm 6.029538e-04
 13 (restart 0) KSP residual norm 2.875486e-04
 14 (restart 0) KSP residual norm 1.056978e-04
 15 (restart 0) KSP residual norm 5.056366e-05
 16 (restart 0) KSP residual norm 2.268391e-05
 17 (restart 0) KSP residual norm 1.318644e-05
 18 (restart 0) KSP residual norm 6.867804e-06
 19 (restart 0) KSP residual norm 3.297430e-06
 20 (restart 0) KSP residual norm 1.590729e-06
 21 (restart 0) KSP residual norm 8.977390e-07
 22 (restart 0) KSP residual norm 5.158577e-07
 23 (restart 0) KSP residual norm 3.082165e-07
 24 (restart 0) KSP residual norm 1.866251e-07
 25 (restart 0) KSP residual norm 1.180595e-07
GMRES solver converged in 25 iterations (avg. reduction factor: 4.775e-01)
  Residual norms for GMRES solve
  0 (restart 0) KSP residual norm 5.073976e+01
  1 (restart 0) KSP residual norm 9.747474e+00
  2 (restart 0) KSP residual norm 2.283708e+00
  3 (restart 0) KSP residual norm 9.466240e-01
  4 (restart 0) KSP residual norm 3.465950e-01
  5 (restart 0) KSP residual norm 1.790823e-01
  6 (restart 0) KSP residual norm 8.526315e-02
  7 (restart 0) KSP residual norm 4.590848e-02
  8 (restart 0) KSP residual norm 1.812926e-02
  9 (restart 0) KSP residual norm 1.043008e-02
 10 (restart 0) KSP residual norm 4.619753e-03
 11 (restart 0) KSP residual norm 2.157719e-03
 12 (restart 0) KSP residual norm 1.477153e-03
 13 (restart 0) KSP residual norm 5.052332e-04
 14 (restart 0) KSP residual norm 2.393363e-04
 15 (restart 0) KSP residual norm 1.020653e-04
 16 (restart 0) KSP residual norm 5.068605e-05
 17 (restart 0) KSP residual norm 2.959163e-05
 18 (restart 0) KSP residual norm 1.513983e-05
 19 (restart 0) KSP residual norm 7.519233e-06
 20 (restart 0) KSP residual norm 3.769678e-06
 21 (restart 0) KSP residual norm 2.137819e-06
 22 (restart 0) KSP residual norm 1.184196e-06
 23 (restart 0) KSP residual norm 6.175535e-07
 24 (restart 0) KSP residual norm 3.460417e-07
GMRES solver converged in 24 iterations (avg. reduction factor: 4.568e-01)
  Residual norms for GMRES solve
  0 (restart 0) KSP residual norm 7.607266e+01
  1 (restart 0) KSP residual norm 1.287879e+01
  2 (restart 0) KSP residual norm 2.330722e+00
  3 (restart 0) KSP residual norm 1.129185e+00
  4 (restart 0) KSP residual norm 4.306467e-01
  5 (restart 0) KSP residual norm 1.852888e-01
  6 (restart 0) KSP residual norm 9.205085e-02
  7 (restart 0) KSP residual norm 5.758190e-02
  8 (restart 0) KSP residual norm 2.470095e-02
  9 (restart 0) KSP residual norm 1.338144e-02
 10 (restart 0) KSP residual norm 5.377677e-03
 11 (restart 0) KSP residual norm 2.732247e-03
 12 (restart 0) KSP residual norm 1.630160e-03
 13 (restart 0) KSP residual norm 6.177438e-04
 14 (restart 0) KSP residual norm 3.058332e-04
 15 (restart 0) KSP residual norm 1.306995e-04
 16 (restart 0) KSP residual norm 7.092126e-05
 17 (restart 0) KSP residual norm 4.005089e-05
 18 (restart 0) KSP residual norm 2.039883e-05
 19 (restart 0) KSP residual norm 9.446667e-06
 20 (restart 0) KSP residual norm 4.886098e-06
 21 (restart 0) KSP residual norm 2.754667e-06
 22 (restart 0) KSP residual norm 1.429856e-06
 23 (restart 0) KSP residual norm 7.202928e-07
GMRES solver converged in 23 iterations (avg. reduction factor: 4.479e-01)
  Residual norms for GMRES solve
  0 (restart 0) KSP residual norm 1.449174e+01
  1 (restart 0) KSP residual norm 4.223276e+00
  2 (restart 0) KSP residual norm 2.024169e+00
  3 (restart 0) KSP residual norm 5.553971e-01
  4 (restart 0) KSP residual norm 4.329553e-01
  5 (restart 0) KSP residual norm 1.582603e-01
  6 (restart 0) KSP residual norm 6.855942e-02
  7 (restart 0) KSP residual norm 3.975419e-02
  8 (restart 0) KSP residual norm 1.052411e-02
  9 (restart 0) KSP residual norm 4.299464e-03
 10 (restart 0) KSP residual norm 2.418118e-03
 11 (restart 0) KSP residual norm 1.036438e-03
 12 (restart 0) KSP residual norm 6.899030e-04
 13 (restart 0) KSP residual norm 2.923320e-04
 14 (restart 0) KSP residual norm 1.238863e-04
 15 (restart 0) KSP residual norm 6.425119e-05
 16 (restart 0) KSP residual norm 3.677399e-05
 17 (restart 0) KSP residual norm 1.708306e-05
 18 (restart 0) KSP residual norm 8.793448e-06
 19 (restart 0) KSP residual norm 4.349957e-06
 20 (restart 0) KSP residual norm 2.545872e-06
 21 (restart 0) KSP residual norm 1.518868e-06
 22 (restart 0) KSP residual norm 9.256263e-07
 23 (restart 0) KSP residual norm 5.924200e-07
 24 (restart 0) KSP residual norm 3.677504e-07
 25 (restart 0) KSP residual norm 2.212884e-07
 26 (restart 0) KSP residual norm 1.260865e-07
GMRES solver converged in 26 iterations (avg. reduction factor: 4.898e-01)
  Residual norms for GMRES solve
  0 (restart 0) KSP residual norm 8.352905e+00
  1 (restart 0) KSP residual norm 3.696702e+00
  2 (restart 0) KSP residual norm 1.598747e+00
  3 (restart 0) KSP residual norm 5.751949e-01
  4 (restart 0) KSP residual norm 4.193014e-01
  5 (restart 0) KSP residual norm 1.636208e-01
  6 (restart 0) KSP residual norm 7.572175e-02
  7 (restart 0) KSP residual norm 3.837476e-02
  8 (restart 0) KSP residual norm 8.739706e-03
  9 (restart 0) KSP residual norm 3.920542e-03
 10 (restart 0) KSP residual norm 1.884112e-03
 11 (restart 0) KSP residual norm 8.116689e-04
 12 (restart 0) KSP residual norm 4.995852e-04
 13 (restart 0) KSP residual norm 2.138533e-04
 14 (restart 0) KSP residual norm 9.453652e-05
 15 (restart 0) KSP residual norm 5.285309e-05
 16 (restart 0) KSP residual norm 3.062127e-05
 17 (restart 0) KSP residual norm 1.469101e-05
 18 (restart 0) KSP residual norm 7.592847e-06
 19 (restart 0) KSP residual norm 3.678758e-06
 20 (restart 0) KSP residual norm 2.286524e-06
 21 (restart 0) KSP residual norm 1.374089e-06
 22 (restart 0) KSP residual norm 8.377507e-07
 23 (restart 0) KSP residual norm 5.184554e-07
 24 (restart 0) KSP residual norm 3.102018e-07
 25 (restart 0) KSP residual norm 1.875706e-07
 26 (restart 0) KSP residual norm 1.021468e-07
 27 (restart 0) KSP residual norm 5.880172e-08
GMRES solver converged in 27 iterations (avg. reduction factor: 4.990e-01)
  Residual norms for GMRES solve
  0 (restart 0) KSP residual norm 7.060221e+00
  1 (restart 0) KSP residual norm 3.943621e+00
  2 (restart 0) KSP residual norm 8.109597e-01
  3 (restart 0) KSP residual norm 3.533214e-01
  4 (restart 0) KSP residual norm 2.287884e-01
  5 (restart 0) KSP residual norm 1.178443e-01
  6 (restart 0) KSP residual norm 5.018593e-02
  7 (restart 0) KSP residual norm 3.242651e-02
  8 (restart 0) KSP residual norm 1.178532e-02
  9 (restart 0) KSP residual norm 3.973691e-03
 10 (restart 0) KSP residual norm 1.807532e-03
 11 (restart 0) KSP residual norm 8.082245e-04
 12 (restart 0) KSP residual norm 4.889864e-04
 13 (restart 0) KSP residual norm 2.212602e-04
 14 (restart 0) KSP residual norm 1.038881e-04
 15 (restart 0) KSP residual norm 5.105502e-05
 16 (restart 0) KSP residual norm 3.012520e-05
 17 (restart 0) KSP residual norm 1.568679e-05
 18 (restart 0) KSP residual norm 7.594664e-06
 19 (restart 0) KSP residual norm 3.746907e-06
 20 (restart 0) KSP residual norm 2.202686e-06
 21 (restart 0) KSP residual norm 1.390937e-06
 22 (restart 0) KSP residual norm 8.480249e-07
 23 (restart 0) KSP residual norm 5.221948e-07
 24 (restart 0) KSP residual norm 3.217677e-07
 25 (restart 0) KSP residual norm 1.942901e-07
 26 (restart 0) KSP residual norm 1.001878e-07
 27 (restart 0) KSP residual norm 5.632304e-08
GMRES solver converged in 27 iterations (avg. reduction factor: 5.013e-01)
  Residual norms for GMRES solve
  0 (restart 0) KSP residual norm 1.240424e+01
  1 (restart 0) KSP residual norm 4.215865e+00
  2 (restart 0) KSP residual norm 1.936107e+00
  3 (restart 0) KSP residual norm 5.266827e-01
  4 (restart 0) KSP residual norm 4.076866e-01
  5 (restart 0) KSP residual norm 2.057744e-01
  6 (restart 0) KSP residual norm 5.127064e-02
  7 (restart 0) KSP residual norm 3.245587e-02
  8 (restart 0) KSP residual norm 1.224041e-02
  9 (restart 0) KSP residual norm 5.038230e-03
 10 (restart 0) KSP residual norm 2.371310e-03
 11 (restart 0) KSP residual norm 9.999922e-04
 12 (restart 0) KSP residual norm 6.744286e-04
 13 (restart 0) KSP residual norm 2.586992e-04
 14 (restart 0) KSP residual norm 1.146833e-04
 15 (restart 0) KSP residual norm 6.463454e-05
 16 (restart 0) KSP residual norm 3.652000e-05
 17 (restart 0) KSP residual norm 1.616705e-05
 18 (restart 0) KSP residual norm 7.396006e-06
 19 (restart 0) KSP residual norm 3.471445e-06
 20 (restart 0) KSP residual norm 1.917302e-06
 21 (restart 0) KSP residual norm 9.985645e-07
 22 (restart 0) KSP residual norm 5.259469e-07
 23 (restart 0) KSP residual norm 2.943217e-07
 24 (restart 0) KSP residual norm 1.752634e-07
 25 (restart 0) KSP residual norm 1.072848e-07
GMRES solver converged in 25 iterations (avg. reduction factor: 4.759e-01)
  Residual norms for GMRES solve
  0 (restart 0) KSP residual norm 1.286084e+01
  1 (restart 0) KSP residual norm 3.590776e+00
  2 (restart 0) KSP residual norm 1.602487e+00
  3 (restart 0) KSP residual norm 4.839673e-01
  4 (restart 0) KSP residual norm 3.570276e-01
  5 (restart 0) KSP residual norm 1.240681e-01
  6 (restart 0) KSP residual norm 5.126513e-02
  7 (restart 0) KSP residual norm 2.669111e-02
  8 (restart 0) KSP residual norm 9.817989e-03
  9 (restart 0) KSP residual norm 4.082232e-03
 10 (restart 0) KSP residual norm 2.174668e-03
 11 (restart 0) KSP residual norm 9.378390e-04
 12 (restart 0) KSP residual norm 6.325064e-04
 13 (restart 0) KSP residual norm 2.532756e-04
 14 (restart 0) KSP residual norm 1.090540e-04
 15 (restart 0) KSP residual norm 5.756997e-05
 16 (restart 0) KSP residual norm 3.343742e-05
 17 (restart 0) KSP residual norm 1.697025e-05
 18 (restart 0) KSP residual norm 8.615972e-06
 19 (restart 0) KSP residual norm 4.388497e-06
 20 (restart 0) KSP residual norm 2.643338e-06
 21 (restart 0) KSP residual norm 1.617285e-06
 22 (restart 0) KSP residual norm 1.011823e-06
 23 (restart 0) KSP residual norm 6.198435e-07
 24 (restart 0) KSP residual norm 3.791867e-07
 25 (restart 0) KSP residual norm 2.242110e-07
 26 (restart 0) KSP residual norm 1.247893e-07
GMRES solver converged in 26 iterations (avg. reduction factor: 4.918e-01)
  Residual norms for GMRES solve
  0 (restart 0) KSP residual norm 7.735366e+00
  1 (restart 0) KSP residual norm 3.474512e+00
  2 (restart 0) KSP residual norm 1.320968e+00
  3 (restart 0) KSP residual norm 3.409175e-01
  4 (restart 0) KSP residual norm 2.557764e-01
  5 (restart 0) KSP residual norm 1.353904e-01
  6 (restart 0) KSP residual norm 5.086595e-02
  7 (restart 0) KSP residual norm 2.427227e-02
  8 (restart 0) KSP residual norm 9.964255e-03
  9 (restart 0) KSP residual norm 3.287466e-03
 10 (restart 0) KSP residual norm 1.948626e-03
 11 (restart 0) KSP residual norm 9.138769e-04
 12 (restart 0) KSP residual norm 5.610239e-04
 13 (restart 0) KSP residual norm 2.647895e-04
 14 (restart 0) KSP residual norm 1.166675e-04
 15 (restart 0) KSP residual norm 6.331660e-05
 16 (restart 0) KSP residual norm 3.503505e-05
 17 (restart 0) KSP residual norm 1.583181e-05
 18 (restart 0) KSP residual norm 7.468019e-06
 19 (restart 0) KSP residual norm 3.415407e-06
 20 (restart 0) KSP residual norm 1.878734e-06
 21 (restart 0) KSP residual norm 1.038144e-06
 22 (restart 0) KSP residual norm 5.936321e-07
 23 (restart 0) KSP residual norm 3.554768e-07
 24 (restart 0) KSP residual norm 2.212356e-07
 25 (restart 0) KSP residual norm 1.412718e-07
 26 (restart 0) KSP residual norm 8.195535e-08
 27 (restart 0) KSP residual norm 4.609766e-08
GMRES solver converged in 27 iterations (avg. reduction factor: 4.959e-01)
  Residual norms for GMRES solve
  0 (restart 0) KSP residual norm 1.075176e+01
  1 (restart 0) KSP residual norm 4.543799e+00
  2 (restart 0) KSP residual norm 1.050434e+00
  3 (restart 0) KSP residual norm 3.548229e-01
  4 (restart 0) KSP residual norm 1.559061e-01
  5 (restart 0) KSP residual norm 9.747860e-02
  6 (restart 0) KSP residual norm 4.375885e-02
  7 (restart 0) KSP residual norm 1.425611e-02
  8 (restart 0) KSP residual norm 8.704280e-03
  9 (restart 0) KSP residual norm 3.900197e-03
 10 (restart 0) KSP residual norm 1.979982e-03
 11 (restart 0) KSP residual norm 1.017526e-03
 12 (restart 0) KSP residual norm 4.861058e-04
 13 (restart 0) KSP residual norm 2.406653e-04
 14 (restart 0) KSP residual norm 1.128858e-04
 15 (restart 0) KSP residual norm 5.766732e-05
 16 (restart 0) KSP residual norm 3.000721e-05
 17 (restart 0) KSP residual norm 1.557362e-05
 18 (restart 0) KSP residual norm 7.390507e-06
 19 (restart 0) KSP residual norm 3.417580e-06
 20 (restart 0) KSP residual norm 1.681515e-06
 21 (restart 0) KSP residual norm 1.012026e-06
 22 (restart 0) KSP residual norm 5.854083e-07
 23 (restart 0) KSP residual norm 3.253390e-07
 24 (restart 0) KSP residual norm 1.796189e-07
 25 (restart 0) KSP residual norm 1.111327e-07
 26 (restart 0) KSP residual norm 7.142795e-08
GMRES solver converged in 26 iterations (avg. reduction factor: 4.847e-01)
  Residual norms for GMRES solve
  0 (restart 0) KSP residual norm 1.432729e+01
  1 (restart 0) KSP residual norm 4.495243e+00
  2 (restart 0) KSP residual norm 2.005359e+00
  3 (restart 0) KSP residual norm 5.525751e-01
  4 (restart 0) KSP residual norm 3.705138e-01
  5 (restart 0) KSP residual norm 1.548993e-01
  6 (restart 0) KSP residual norm 6.073953e-02
  7 (restart 0) KSP residual norm 3.231354e-02
  8 (restart 0) KSP residual norm 9.706640e-03
  9 (restart 0) KSP residual norm 4.428022e-03
 10 (restart 0) KSP residual norm 2.465677e-03
 11 (restart 0) KSP residual norm 1.205664e-03
 12 (restart 0) KSP residual norm 7.098307e-04
 13 (restart 0) KSP residual norm 3.034638e-04
 14 (restart 0) KSP residual norm 1.464546e-04
 15 (restart 0) KSP residual norm 7.983703e-05
 16 (restart 0) KSP residual norm 4.350309e-05
 17 (restart 0) KSP residual norm 2.049519e-05
 18 (restart 0) KSP residual norm 9.957035e-06
 19 (restart 0) KSP residual norm 5.123430e-06
 20 (restart 0) KSP residual norm 3.063322e-06
 21 (restart 0) KSP residual norm 1.904093e-06
 22 (restart 0) KSP residual norm 1.185371e-06
 23 (restart 0) KSP residual norm 7.280734e-07
 24 (restart 0) KSP residual norm 4.267479e-07
 25 (restart 0) KSP residual norm 2.395448e-07
 26 (restart 0) KSP residual norm 1.310018e-07
GMRES solver converged in 26 iterations (avg. reduction factor: 4.907e-01)
  Residual norms for GMRES solve
  0 (restart 0) KSP residual norm 1.138222e+01
  1 (restart 0) KSP residual norm 3.692262e+00
  2 (restart 0) KSP residual norm 1.532222e+00
  3 (restart 0) KSP residual norm 4.133602e-01
  4 (restart 0) KSP residual norm 3.379777e-01
  5 (restart 0) KSP residual norm 1.460196e-01
  6 (restart 0) KSP residual norm 4.322575e-02
  7 (restart 0) KSP residual norm 3.005325e-02
  8 (restart 0) KSP residual norm 1.024507e-02
  9 (restart 0) KSP residual norm 4.127630e-03
 10 (restart 0) KSP residual norm 2.146476e-03
 11 (restart 0) KSP residual norm 1.063216e-03
 12 (restart 0) KSP residual norm 6.589297e-04
 13 (restart 0) KSP residual norm 3.015999e-04
 14 (restart 0) KSP residual norm 1.406732e-04
 15 (restart 0) KSP residual norm 7.849421e-05
 16 (restart 0) KSP residual norm 4.338897e-05
 17 (restart 0) KSP residual norm 1.953280e-05
 18 (restart 0) KSP residual norm 9.474488e-06
 19 (restart 0) KSP residual norm 4.870696e-06
 20 (restart 0) KSP residual norm 2.809882e-06
 21 (restart 0) KSP residual norm 1.744222e-06
 22 (restart 0) KSP residual norm 1.103955e-06
 23 (restart 0) KSP residual norm 6.668572e-07
 24 (restart 0) KSP residual norm 3.905971e-07
 25 (restart 0) KSP residual norm 2.268295e-07
 26 (restart 0) KSP residual norm 1.223709e-07
 27 (restart 0) KSP residual norm 6.722835e-08
GMRES solver converged in 27 iterations (avg. reduction factor: 4.957e-01)
  Residual norms for GMRES solve
  0 (restart 0) KSP residual norm 8.589296e+00
  1 (restart 0) KSP residual norm 3.542621e+00
  2 (restart 0) KSP residual norm 1.379031e+00
  3 (restart 0) KSP residual norm 2.386932e-01
  4 (restart 0) KSP residual norm 1.287375e-01
  5 (restart 0) KSP residual norm 8.194664e-02
  6 (restart 0) KSP residual norm 4.019439e-02
  7 (restart 0) KSP residual norm 1.146636e-02
  8 (restart 0) KSP residual norm 7.456060e-03
  9 (restart 0) KSP residual norm 2.978730e-03
 10 (restart 0) KSP residual norm 1.594768e-03
 11 (restart 0) KSP residual norm 7.139799e-04
 12 (restart 0) KSP residual norm 4.148007e-04
 13 (restart 0) KSP residual norm 2.095289e-04
 14 (restart 0) KSP residual norm 9.560228e-05
 15 (restart 0) KSP residual norm 4.798097e-05
 16 (restart 0) KSP residual norm 2.828235e-05
 17 (restart 0) KSP residual norm 1.421487e-05
 18 (restart 0) KSP residual norm 6.634194e-06
 19 (restart 0) KSP residual norm 3.261065e-06
 20 (restart 0) KSP residual norm 1.726400e-06
 21 (restart 0) KSP residual norm 1.059270e-06
 22 (restart 0) KSP residual norm 6.845613e-07
 23 (restart 0) KSP residual norm 4.239808e-07
 24 (restart 0) KSP residual norm 2.390873e-07
 25 (restart 0) KSP residual norm 1.311603e-07
 26 (restart 0) KSP residual norm 7.385153e-08
GMRES solver converged in 26 iterations (avg. reduction factor: 4.895e-01)
  1 EPS nconv=3 first unconverged value (error) -3.45369e-06+0.342626i (5.07279956e-03)
  Residual norms for GMRES solve
  0 (restart 0) KSP residual norm 1.073886e+01
  1 (restart 0) KSP residual norm 3.788867e+00
  2 (restart 0) KSP residual norm 1.732823e+00
  3 (restart 0) KSP residual norm 3.578397e-01
  4 (restart 0) KSP residual norm 1.513501e-01
  5 (restart 0) KSP residual norm 8.807588e-02
  6 (restart 0) KSP residual norm 4.446511e-02
  7 (restart 0) KSP residual norm 2.078084e-02
  8 (restart 0) KSP residual norm 9.217828e-03
  9 (restart 0) KSP residual norm 3.613779e-03
 10 (restart 0) KSP residual norm 2.053697e-03
 11 (restart 0) KSP residual norm 8.329892e-04
 12 (restart 0) KSP residual norm 5.404038e-04
 13 (restart 0) KSP residual norm 2.452706e-04
 14 (restart 0) KSP residual norm 1.110024e-04
 15 (restart 0) KSP residual norm 4.417586e-05
 16 (restart 0) KSP residual norm 2.123983e-05
 17 (restart 0) KSP residual norm 1.206655e-05
 18 (restart 0) KSP residual norm 6.313407e-06
 19 (restart 0) KSP residual norm 2.809412e-06
 20 (restart 0) KSP residual norm 1.437763e-06
 21 (restart 0) KSP residual norm 8.812762e-07
 22 (restart 0) KSP residual norm 5.385900e-07
 23 (restart 0) KSP residual norm 3.294397e-07
 24 (restart 0) KSP residual norm 2.007885e-07
 25 (restart 0) KSP residual norm 1.254999e-07
 26 (restart 0) KSP residual norm 7.447832e-08
GMRES solver converged in 26 iterations (avg. reduction factor: 4.855e-01)
  Residual norms for GMRES solve
  0 (restart 0) KSP residual norm 1.228486e+01
  1 (restart 0) KSP residual norm 4.629251e+00
  2 (restart 0) KSP residual norm 1.983894e+00
  3 (restart 0) KSP residual norm 3.257060e-01
  4 (restart 0) KSP residual norm 1.160694e-01
  5 (restart 0) KSP residual norm 6.487939e-02
  6 (restart 0) KSP residual norm 3.578972e-02
  7 (restart 0) KSP residual norm 1.287502e-02
  8 (restart 0) KSP residual norm 7.487608e-03
  9 (restart 0) KSP residual norm 3.001177e-03
 10 (restart 0) KSP residual norm 1.766766e-03
 11 (restart 0) KSP residual norm 8.074671e-04
 12 (restart 0) KSP residual norm 3.662936e-04
 13 (restart 0) KSP residual norm 2.190776e-04
 14 (restart 0) KSP residual norm 9.440343e-05
 15 (restart 0) KSP residual norm 4.597170e-05
 16 (restart 0) KSP residual norm 2.375123e-05
 17 (restart 0) KSP residual norm 1.433922e-05
 18 (restart 0) KSP residual norm 6.988464e-06
 19 (restart 0) KSP residual norm 3.520932e-06
 20 (restart 0) KSP residual norm 1.826362e-06
 21 (restart 0) KSP residual norm 1.132134e-06
 22 (restart 0) KSP residual norm 7.145609e-07
 23 (restart 0) KSP residual norm 4.216867e-07
 24 (restart 0) KSP residual norm 2.552213e-07
 25 (restart 0) KSP residual norm 1.464881e-07
 26 (restart 0) KSP residual norm 8.707446e-08
GMRES solver converged in 26 iterations (avg. reduction factor: 4.859e-01)
  Residual norms for GMRES solve
  0 (restart 0) KSP residual norm 1.129694e+01
  1 (restart 0) KSP residual norm 3.022415e+00
  2 (restart 0) KSP residual norm 1.376444e+00
  3 (restart 0) KSP residual norm 3.390283e-01
  4 (restart 0) KSP residual norm 1.646983e-01
  5 (restart 0) KSP residual norm 1.051116e-01
  6 (restart 0) KSP residual norm 4.443154e-02
  7 (restart 0) KSP residual norm 2.029479e-02
  8 (restart 0) KSP residual norm 8.852088e-03
  9 (restart 0) KSP residual norm 3.761327e-03
 10 (restart 0) KSP residual norm 2.062765e-03
 11 (restart 0) KSP residual norm 9.132203e-04
 12 (restart 0) KSP residual norm 5.656597e-04
 13 (restart 0) KSP residual norm 2.578063e-04
 14 (restart 0) KSP residual norm 1.166056e-04
 15 (restart 0) KSP residual norm 5.861756e-05
 16 (restart 0) KSP residual norm 3.485020e-05
 17 (restart 0) KSP residual norm 1.560659e-05
 18 (restart 0) KSP residual norm 7.183244e-06
 19 (restart 0) KSP residual norm 3.119096e-06
 20 (restart 0) KSP residual norm 1.546805e-06
 21 (restart 0) KSP residual norm 9.079078e-07
 22 (restart 0) KSP residual norm 5.240606e-07
 23 (restart 0) KSP residual norm 3.032898e-07
 24 (restart 0) KSP residual norm 1.722339e-07
 25 (restart 0) KSP residual norm 1.041354e-07
GMRES solver converged in 25 iterations (avg. reduction factor: 4.771e-01)
  Residual norms for GMRES solve
  0 (restart 0) KSP residual norm 2.999697e+01
  1 (restart 0) KSP residual norm 6.352388e+00
  2 (restart 0) KSP residual norm 1.695091e+00
  3 (restart 0) KSP residual norm 6.130442e-01
  4 (restart 0) KSP residual norm 1.846668e-01
  5 (restart 0) KSP residual norm 9.608998e-02
  6 (restart 0) KSP residual norm 4.801710e-02
  7 (restart 0) KSP residual norm 2.633319e-02
  8 (restart 0) KSP residual norm 1.021713e-02
  9 (restart 0) KSP residual norm 5.380258e-03
 10 (restart 0) KSP residual norm 2.540551e-03
 11 (restart 0) KSP residual norm 1.180218e-03
 12 (restart 0) KSP residual norm 6.516655e-04
 13 (restart 0) KSP residual norm 2.734154e-04
 14 (restart 0) KSP residual norm 1.357830e-04
 15 (restart 0) KSP residual norm 7.130226e-05
 16 (restart 0) KSP residual norm 4.260406e-05
 17 (restart 0) KSP residual norm 1.954526e-05
 18 (restart 0) KSP residual norm 9.333874e-06
 19 (restart 0) KSP residual norm 4.668156e-06
 20 (restart 0) KSP residual norm 2.615813e-06
 21 (restart 0) KSP residual norm 1.679683e-06
 22 (restart 0) KSP residual norm 1.030821e-06
 23 (restart 0) KSP residual norm 6.205139e-07
 24 (restart 0) KSP residual norm 3.580596e-07
 25 (restart 0) KSP residual norm 2.190707e-07
GMRES solver converged in 25 iterations (avg. reduction factor: 4.727e-01)
  Residual norms for GMRES solve
  0 (restart 0) KSP residual norm 9.491470e+00
  1 (restart 0) KSP residual norm 3.273871e+00
  2 (restart 0) KSP residual norm 1.288640e+00
  3 (restart 0) KSP residual norm 4.151051e-01
  4 (restart 0) KSP residual norm 3.101366e-01
  5 (restart 0) KSP residual norm 1.056253e-01
  6 (restart 0) KSP residual norm 4.651234e-02
  7 (restart 0) KSP residual norm 2.407842e-02
  8 (restart 0) KSP residual norm 9.001496e-03
  9 (restart 0) KSP residual norm 4.406629e-03
 10 (restart 0) KSP residual norm 1.966696e-03
 11 (restart 0) KSP residual norm 9.976070e-04
 12 (restart 0) KSP residual norm 5.928344e-04
 13 (restart 0) KSP residual norm 2.655805e-04
 14 (restart 0) KSP residual norm 1.154004e-04
 15 (restart 0) KSP residual norm 5.901701e-05
 16 (restart 0) KSP residual norm 3.427214e-05
 17 (restart 0) KSP residual norm 1.799079e-05
 18 (restart 0) KSP residual norm 8.748691e-06
 19 (restart 0) KSP residual norm 4.163494e-06
 20 (restart 0) KSP residual norm 2.358027e-06
 21 (restart 0) KSP residual norm 1.395632e-06
 22 (restart 0) KSP residual norm 8.579954e-07
 23 (restart 0) KSP residual norm 5.059985e-07
 24 (restart 0) KSP residual norm 3.156872e-07
 25 (restart 0) KSP residual norm 1.882693e-07
 26 (restart 0) KSP residual norm 1.082485e-07
 27 (restart 0) KSP residual norm 6.207043e-08
GMRES solver converged in 27 iterations (avg. reduction factor: 4.976e-01)
  Residual norms for GMRES solve
  0 (restart 0) KSP residual norm 6.640452e+00
  1 (restart 0) KSP residual norm 3.675006e+00
  2 (restart 0) KSP residual norm 1.302241e+00
  3 (restart 0) KSP residual norm 3.434352e-01
  4 (restart 0) KSP residual norm 2.526208e-01
  5 (restart 0) KSP residual norm 1.191651e-01
  6 (restart 0) KSP residual norm 4.823197e-02
  7 (restart 0) KSP residual norm 2.622890e-02
  8 (restart 0) KSP residual norm 8.045565e-03
  9 (restart 0) KSP residual norm 3.842169e-03
 10 (restart 0) KSP residual norm 1.721408e-03
 11 (restart 0) KSP residual norm 6.780191e-04
 12 (restart 0) KSP residual norm 4.040795e-04
 13 (restart 0) KSP residual norm 1.994414e-04
 14 (restart 0) KSP residual norm 8.971286e-05
 15 (restart 0) KSP residual norm 4.234448e-05
 16 (restart 0) KSP residual norm 2.428459e-05
 17 (restart 0) KSP residual norm 1.273105e-05
 18 (restart 0) KSP residual norm 6.695879e-06
 19 (restart 0) KSP residual norm 3.200833e-06
 20 (restart 0) KSP residual norm 1.949601e-06
 21 (restart 0) KSP residual norm 1.250827e-06
 22 (restart 0) KSP residual norm 7.830569e-07
 23 (restart 0) KSP residual norm 4.749942e-07
 24 (restart 0) KSP residual norm 2.836673e-07
 25 (restart 0) KSP residual norm 1.686767e-07
 26 (restart 0) KSP residual norm 8.666867e-08
 27 (restart 0) KSP residual norm 4.853052e-08
GMRES solver converged in 27 iterations (avg. reduction factor: 4.996e-01)
  Residual norms for GMRES solve
  0 (restart 0) KSP residual norm 1.286016e+01
  1 (restart 0) KSP residual norm 3.802974e+00
  2 (restart 0) KSP residual norm 1.731799e+00
  3 (restart 0) KSP residual norm 4.259287e-01
  4 (restart 0) KSP residual norm 2.288858e-01
  5 (restart 0) KSP residual norm 1.077585e-01
  6 (restart 0) KSP residual norm 3.233143e-02
  7 (restart 0) KSP residual norm 1.841005e-02
  8 (restart 0) KSP residual norm 7.973819e-03
  9 (restart 0) KSP residual norm 4.194636e-03
 10 (restart 0) KSP residual norm 1.762490e-03
 11 (restart 0) KSP residual norm 8.550484e-04
 12 (restart 0) KSP residual norm 5.201654e-04
 13 (restart 0) KSP residual norm 2.367297e-04
 14 (restart 0) KSP residual norm 1.092753e-04
 15 (restart 0) KSP residual norm 5.159506e-05
 16 (restart 0) KSP residual norm 2.996823e-05
 17 (restart 0) KSP residual norm 1.687944e-05
 18 (restart 0) KSP residual norm 8.643741e-06
 19 (restart 0) KSP residual norm 4.276358e-06
 20 (restart 0) KSP residual norm 2.441095e-06
 21 (restart 0) KSP residual norm 1.534793e-06
 22 (restart 0) KSP residual norm 9.683634e-07
 23 (restart 0) KSP residual norm 5.840728e-07
 24 (restart 0) KSP residual norm 3.370845e-07
 25 (restart 0) KSP residual norm 1.994438e-07
 26 (restart 0) KSP residual norm 1.135797e-07
GMRES solver converged in 26 iterations (avg. reduction factor: 4.900e-01)
  Residual norms for GMRES solve
  0 (restart 0) KSP residual norm 1.030911e+01
  1 (restart 0) KSP residual norm 3.946703e+00
  2 (restart 0) KSP residual norm 1.692363e+00
  3 (restart 0) KSP residual norm 5.746285e-01
  4 (restart 0) KSP residual norm 4.419576e-01
  5 (restart 0) KSP residual norm 1.386015e-01
  6 (restart 0) KSP residual norm 6.933693e-02
  7 (restart 0) KSP residual norm 3.022450e-02
  8 (restart 0) KSP residual norm 8.380600e-03
  9 (restart 0) KSP residual norm 3.816074e-03
 10 (restart 0) KSP residual norm 1.935510e-03
 11 (restart 0) KSP residual norm 9.077468e-04
 12 (restart 0) KSP residual norm 5.384055e-04
 13 (restart 0) KSP residual norm 2.664671e-04
 14 (restart 0) KSP residual norm 1.129515e-04
 15 (restart 0) KSP residual norm 5.653027e-05
 16 (restart 0) KSP residual norm 3.383787e-05
 17 (restart 0) KSP residual norm 1.783626e-05
 18 (restart 0) KSP residual norm 8.651859e-06
 19 (restart 0) KSP residual norm 4.150875e-06
 20 (restart 0) KSP residual norm 2.462054e-06
 21 (restart 0) KSP residual norm 1.408020e-06
 22 (restart 0) KSP residual norm 8.177557e-07
 23 (restart 0) KSP residual norm 4.884701e-07
 24 (restart 0) KSP residual norm 3.083611e-07
 25 (restart 0) KSP residual norm 1.869033e-07
 26 (restart 0) KSP residual norm 1.092991e-07
 27 (restart 0) KSP residual norm 6.389637e-08
GMRES solver converged in 27 iterations (avg. reduction factor: 4.966e-01)
  2 EPS nconv=7 first unconverged value (error) -1.46315e-05+0.36379i (1.61451151e-03)

 Linear eigensolve converged (7 eigenpairs) due to CONVERGED_TOL; iterations 2
 Total number of linear systems solved: 27
 Total number of linear solver iterations: 691
 Found 7 converged eigenvalues (first = -8.705e-03+9.031e+00i)

 Refining eigenvalues with Quasi-Newton solver
  Residual norms for GMRES solve
  0 (restart 0) KSP residual norm 1.490607e+01
  1 (restart 0) KSP residual norm 6.008184e-01
  2 (restart 0) KSP residual norm 3.165734e-01
  3 (restart 0) KSP residual norm 3.129142e-01
  4 (restart 0) KSP residual norm 2.891303e-01
  5 (restart 0) KSP residual norm 2.796765e-01
  6 (restart 0) KSP residual norm 2.782521e-01
  7 (restart 0) KSP residual norm 2.228622e-01
  8 (restart 0) KSP residual norm 1.528648e-01
  9 (restart 0) KSP residual norm 8.134410e-02
 10 (restart 0) KSP residual norm 4.066737e-02
 11 (restart 0) KSP residual norm 3.789923e-02
 12 (restart 0) KSP residual norm 3.574106e-02
 13 (restart 0) KSP residual norm 2.606929e-02
 14 (restart 0) KSP residual norm 2.327207e-02
 15 (restart 0) KSP residual norm 1.946410e-02
 16 (restart 0) KSP residual norm 1.844740e-02
 17 (restart 0) KSP residual norm 1.750227e-02
 18 (restart 0) KSP residual norm 1.676126e-02
 19 (restart 0) KSP residual norm 1.636092e-02
 20 (restart 0) KSP residual norm 1.596428e-02
 21 (restart 0) KSP residual norm 1.549984e-02
 22 (restart 0) KSP residual norm 1.512887e-02
 23 (restart 0) KSP residual norm 1.494572e-02
 24 (restart 0) KSP residual norm 1.416801e-02
 25 (restart 0) KSP residual norm 1.177732e-02
 26 (restart 0) KSP residual norm 7.961763e-03
 27 (restart 0) KSP residual norm 4.797091e-03
 28 (restart 0) KSP residual norm 2.741578e-03
 29 (restart 0) KSP residual norm 1.537815e-03
 30 (restart 0) KSP residual norm 8.535452e-04
GMRES solver converged in 30 iterations (avg. reduction factor: 7.221e-01)
0 NLEPS (nconv=0, restart=0) residual norm 1.575663e-01
  Residual norms for GMRES solve
  0 (restart 0) KSP residual norm 3.427512e-02
  1 (restart 0) KSP residual norm 2.890951e-02
  2 (restart 0) KSP residual norm 2.660966e-02
  3 (restart 0) KSP residual norm 1.901011e-02
  4 (restart 0) KSP residual norm 1.689544e-02
  5 (restart 0) KSP residual norm 1.409496e-02
  6 (restart 0) KSP residual norm 9.897523e-03
  7 (restart 0) KSP residual norm 9.337966e-03
  8 (restart 0) KSP residual norm 9.216132e-03
  9 (restart 0) KSP residual norm 8.914285e-03
 10 (restart 0) KSP residual norm 8.539973e-03
 11 (restart 0) KSP residual norm 6.996635e-03
 12 (restart 0) KSP residual norm 5.785643e-03
 13 (restart 0) KSP residual norm 4.683408e-03
 14 (restart 0) KSP residual norm 4.063084e-03
 15 (restart 0) KSP residual norm 4.011424e-03
 16 (restart 0) KSP residual norm 3.935499e-03
 17 (restart 0) KSP residual norm 3.146644e-03
 18 (restart 0) KSP residual norm 2.886049e-03
 19 (restart 0) KSP residual norm 2.660011e-03
 20 (restart 0) KSP residual norm 2.437823e-03
 21 (restart 0) KSP residual norm 2.272184e-03
 22 (restart 0) KSP residual norm 2.124554e-03
 23 (restart 0) KSP residual norm 1.980543e-03
 24 (restart 0) KSP residual norm 1.753712e-03
 25 (restart 0) KSP residual norm 1.428418e-03
 26 (restart 0) KSP residual norm 9.931773e-04
 27 (restart 0) KSP residual norm 5.168495e-04
 28 (restart 0) KSP residual norm 2.787829e-04
 29 (restart 0) KSP residual norm 1.389904e-04
 30 (restart 0) KSP residual norm 7.302150e-05
 31 (restart 0) KSP residual norm 3.807840e-05
 32 (restart 0) KSP residual norm 2.059382e-05
 33 (restart 0) KSP residual norm 1.161451e-05
 34 (restart 0) KSP residual norm 6.868111e-06
 35 (restart 0) KSP residual norm 4.144382e-06
 36 (restart 0) KSP residual norm 2.566710e-06
GMRES solver converged in 36 iterations (avg. reduction factor: 7.681e-01)
1 NLEPS (nconv=0, restart=0) residual norm 7.486742e-04
  Residual norms for GMRES solve
  0 (restart 0) KSP residual norm 1.745698e-07
  1 (restart 0) KSP residual norm 1.574870e-07
  2 (restart 0) KSP residual norm 1.421880e-07
  3 (restart 0) KSP residual norm 1.206690e-07
  4 (restart 0) KSP residual norm 1.068936e-07
  5 (restart 0) KSP residual norm 8.865802e-08
  6 (restart 0) KSP residual norm 7.447183e-08
  7 (restart 0) KSP residual norm 7.325009e-08
  8 (restart 0) KSP residual norm 7.130033e-08
  9 (restart 0) KSP residual norm 6.991161e-08
 10 (restart 0) KSP residual norm 6.960329e-08
 11 (restart 0) KSP residual norm 6.639981e-08
 12 (restart 0) KSP residual norm 6.533574e-08
 13 (restart 0) KSP residual norm 6.165171e-08
 14 (restart 0) KSP residual norm 4.565315e-08
 15 (restart 0) KSP residual norm 3.540772e-08
 16 (restart 0) KSP residual norm 2.685626e-08
 17 (restart 0) KSP residual norm 2.293838e-08
 18 (restart 0) KSP residual norm 2.085473e-08
 19 (restart 0) KSP residual norm 1.904370e-08
 20 (restart 0) KSP residual norm 1.701238e-08
 21 (restart 0) KSP residual norm 1.530220e-08
 22 (restart 0) KSP residual norm 1.409358e-08
 23 (restart 0) KSP residual norm 1.328676e-08
 24 (restart 0) KSP residual norm 1.282726e-08
 25 (restart 0) KSP residual norm 1.242409e-08
 26 (restart 0) KSP residual norm 1.197580e-08
 27 (restart 0) KSP residual norm 1.136616e-08
 28 (restart 0) KSP residual norm 1.101147e-08
 29 (restart 0) KSP residual norm 9.578248e-09
 30 (restart 0) KSP residual norm 7.009672e-09
 31 (restart 0) KSP residual norm 4.059666e-09
 32 (restart 0) KSP residual norm 2.290627e-09
 33 (restart 0) KSP residual norm 1.265390e-09
 34 (restart 0) KSP residual norm 7.295397e-10
 35 (restart 0) KSP residual norm 4.431781e-10
 36 (restart 0) KSP residual norm 2.483736e-10
 37 (restart 0) KSP residual norm 1.450839e-10
 38 (restart 0) KSP residual norm 8.204864e-11
 39 (restart 0) KSP residual norm 4.966152e-11
 40 (restart 0) KSP residual norm 2.854023e-11
 41 (restart 0) KSP residual norm 1.588786e-11
GMRES solver converged in 41 iterations (avg. reduction factor: 7.970e-01)
2 NLEPS (nconv=0, restart=0) residual norm 1.872153e-07
  Residual norms for GMRES solve
  0 (restart 0) KSP residual norm 8.774492e-09
  1 (restart 0) KSP residual norm 3.340708e-09
  2 (restart 0) KSP residual norm 2.879611e-09
  3 (restart 0) KSP residual norm 2.878731e-09
  4 (restart 0) KSP residual norm 2.268204e-09
  5 (restart 0) KSP residual norm 1.946643e-09
  6 (restart 0) KSP residual norm 1.786290e-09
  7 (restart 0) KSP residual norm 1.754531e-09
  8 (restart 0) KSP residual norm 1.479468e-09
  9 (restart 0) KSP residual norm 1.417907e-09
 10 (restart 0) KSP residual norm 1.255268e-09
 11 (restart 0) KSP residual norm 1.222829e-09
 12 (restart 0) KSP residual norm 1.171452e-09
 13 (restart 0) KSP residual norm 1.057062e-09
 14 (restart 0) KSP residual norm 9.404272e-10
 15 (restart 0) KSP residual norm 8.739682e-10
 16 (restart 0) KSP residual norm 8.578704e-10
 17 (restart 0) KSP residual norm 8.179296e-10
 18 (restart 0) KSP residual norm 8.037442e-10
 19 (restart 0) KSP residual norm 7.497971e-10
 20 (restart 0) KSP residual norm 7.406545e-10
 21 (restart 0) KSP residual norm 7.166637e-10
 22 (restart 0) KSP residual norm 7.035890e-10
 23 (restart 0) KSP residual norm 6.494267e-10
 24 (restart 0) KSP residual norm 5.318079e-10
 25 (restart 0) KSP residual norm 3.881677e-10
 26 (restart 0) KSP residual norm 2.679851e-10
 27 (restart 0) KSP residual norm 1.763886e-10
 28 (restart 0) KSP residual norm 1.039497e-10
 29 (restart 0) KSP residual norm 5.931704e-11
 30 (restart 0) KSP residual norm 3.268314e-11
 31 (restart 0) KSP residual norm 1.758635e-11
 32 (restart 0) KSP residual norm 9.162974e-12
 33 (restart 0) KSP residual norm 4.803286e-12
 34 (restart 0) KSP residual norm 2.653211e-12
 35 (restart 0) KSP residual norm 1.505622e-12
 36 (restart 0) KSP residual norm 8.836772e-13
GMRES solver converged in 36 iterations (avg. reduction factor: 7.744e-01)
3 NLEPS (nconv=0, restart=0) residual norm 3.251864e-10
Eigenvalue 0, Quasi-Newton converged in 3 iterations (-8.718e-03+9.031e+00i).
  Residual norms for GMRES solve
  0 (restart 0) KSP residual norm 1.490538e+01
  1 (restart 0) KSP residual norm 6.002842e-01
  2 (restart 0) KSP residual norm 3.147581e-01
  3 (restart 0) KSP residual norm 3.111043e-01
  4 (restart 0) KSP residual norm 2.890166e-01
  5 (restart 0) KSP residual norm 2.807874e-01
  6 (restart 0) KSP residual norm 2.796836e-01
  7 (restart 0) KSP residual norm 2.242876e-01
  8 (restart 0) KSP residual norm 1.576621e-01
  9 (restart 0) KSP residual norm 8.136988e-02
 10 (restart 0) KSP residual norm 4.074161e-02
 11 (restart 0) KSP residual norm 3.626726e-02
 12 (restart 0) KSP residual norm 3.403109e-02
 13 (restart 0) KSP residual norm 2.615064e-02
 14 (restart 0) KSP residual norm 2.408357e-02
 15 (restart 0) KSP residual norm 2.096225e-02
 16 (restart 0) KSP residual norm 1.998152e-02
 17 (restart 0) KSP residual norm 1.937477e-02
 18 (restart 0) KSP residual norm 1.899037e-02
 19 (restart 0) KSP residual norm 1.874499e-02
 20 (restart 0) KSP residual norm 1.871413e-02
 21 (restart 0) KSP residual norm 1.864252e-02
 22 (restart 0) KSP residual norm 1.856223e-02
 23 (restart 0) KSP residual norm 1.820126e-02
 24 (restart 0) KSP residual norm 1.711747e-02
 25 (restart 0) KSP residual norm 1.480831e-02
 26 (restart 0) KSP residual norm 1.093883e-02
 27 (restart 0) KSP residual norm 7.135478e-03
 28 (restart 0) KSP residual norm 4.171301e-03
 29 (restart 0) KSP residual norm 2.361175e-03
 30 (restart 0) KSP residual norm 1.323069e-03
GMRES solver converged in 30 iterations (avg. reduction factor: 7.327e-01)
0 NLEPS (nconv=1, restart=0) residual norm 1.593514e-01
  Residual norms for GMRES solve
  0 (restart 0) KSP residual norm 5.611808e+00
  1 (restart 0) KSP residual norm 1.602660e+00
  2 (restart 0) KSP residual norm 1.572787e+00
  3 (restart 0) KSP residual norm 1.398397e+00
  4 (restart 0) KSP residual norm 9.027702e-01
  5 (restart 0) KSP residual norm 8.949700e-01
  6 (restart 0) KSP residual norm 6.489538e-01
  7 (restart 0) KSP residual norm 5.892497e-01
  8 (restart 0) KSP residual norm 4.477044e-01
  9 (restart 0) KSP residual norm 4.279733e-01
 10 (restart 0) KSP residual norm 3.956421e-01
 11 (restart 0) KSP residual norm 3.920476e-01
 12 (restart 0) KSP residual norm 3.302145e-01
 13 (restart 0) KSP residual norm 1.698936e-01
 14 (restart 0) KSP residual norm 9.583495e-02
 15 (restart 0) KSP residual norm 3.891793e-02
 16 (restart 0) KSP residual norm 2.055225e-02
 17 (restart 0) KSP residual norm 1.292638e-02
 18 (restart 0) KSP residual norm 1.078379e-02
 19 (restart 0) KSP residual norm 1.053646e-02
 20 (restart 0) KSP residual norm 1.047005e-02
 21 (restart 0) KSP residual norm 1.034078e-02
 22 (restart 0) KSP residual norm 1.016490e-02
 23 (restart 0) KSP residual norm 9.926084e-03
 24 (restart 0) KSP residual norm 9.858625e-03
 25 (restart 0) KSP residual norm 9.651950e-03
 26 (restart 0) KSP residual norm 9.386616e-03
 27 (restart 0) KSP residual norm 8.965629e-03
 28 (restart 0) KSP residual norm 7.639837e-03
 29 (restart 0) KSP residual norm 5.486145e-03
 30 (restart 0) KSP residual norm 3.545715e-03
 31 (restart 0) KSP residual norm 2.019477e-03
 32 (restart 0) KSP residual norm 1.109706e-03
 33 (restart 0) KSP residual norm 6.537198e-04
 34 (restart 0) KSP residual norm 3.829633e-04
GMRES solver converged in 34 iterations (avg. reduction factor: 7.542e-01)
1 NLEPS (nconv=1, restart=0) residual norm 1.779322e-03
  Residual norms for GMRES solve
  0 (restart 0) KSP residual norm 1.827224e-05
  1 (restart 0) KSP residual norm 1.107140e-05
  2 (restart 0) KSP residual norm 9.724313e-06
  3 (restart 0) KSP residual norm 9.266296e-06
  4 (restart 0) KSP residual norm 8.624235e-06
  5 (restart 0) KSP residual norm 7.980123e-06
  6 (restart 0) KSP residual norm 7.603659e-06
  7 (restart 0) KSP residual norm 6.745947e-06
  8 (restart 0) KSP residual norm 6.718384e-06
  9 (restart 0) KSP residual norm 5.856726e-06
 10 (restart 0) KSP residual norm 5.798630e-06
 11 (restart 0) KSP residual norm 5.634390e-06
 12 (restart 0) KSP residual norm 5.469969e-06
 13 (restart 0) KSP residual norm 4.206873e-06
 14 (restart 0) KSP residual norm 2.988559e-06
 15 (restart 0) KSP residual norm 1.818572e-06
 16 (restart 0) KSP residual norm 1.181349e-06
 17 (restart 0) KSP residual norm 8.442076e-07
 18 (restart 0) KSP residual norm 5.906144e-07
 19 (restart 0) KSP residual norm 4.218787e-07
 20 (restart 0) KSP residual norm 2.993234e-07
 21 (restart 0) KSP residual norm 2.328939e-07
 22 (restart 0) KSP residual norm 1.790602e-07
 23 (restart 0) KSP residual norm 1.580092e-07
 24 (restart 0) KSP residual norm 1.434413e-07
 25 (restart 0) KSP residual norm 1.339246e-07
 26 (restart 0) KSP residual norm 1.270904e-07
 27 (restart 0) KSP residual norm 1.227353e-07
 28 (restart 0) KSP residual norm 1.166793e-07
 29 (restart 0) KSP residual norm 1.141032e-07
 30 (restart 0) KSP residual norm 1.119140e-07
 31 (restart 0) KSP residual norm 1.108996e-07
 32 (restart 0) KSP residual norm 1.097383e-07
 33 (restart 0) KSP residual norm 1.036632e-07
 34 (restart 0) KSP residual norm 7.659474e-08
 35 (restart 0) KSP residual norm 4.613327e-08
 36 (restart 0) KSP residual norm 2.780653e-08
 37 (restart 0) KSP residual norm 1.672387e-08
 38 (restart 0) KSP residual norm 9.774938e-09
 39 (restart 0) KSP residual norm 5.823024e-09
 40 (restart 0) KSP residual norm 3.476140e-09
 41 (restart 0) KSP residual norm 1.949745e-09
 42 (restart 0) KSP residual norm 1.098266e-09
GMRES solver converged in 42 iterations (avg. reduction factor: 7.934e-01)
2 NLEPS (nconv=1, restart=0) residual norm 9.860779e-07
  Residual norms for GMRES solve
  0 (restart 0) KSP residual norm 4.988522e-08
  1 (restart 0) KSP residual norm 1.479901e-08
  2 (restart 0) KSP residual norm 1.398555e-08
  3 (restart 0) KSP residual norm 1.362952e-08
  4 (restart 0) KSP residual norm 1.191315e-08
  5 (restart 0) KSP residual norm 9.982841e-09
  6 (restart 0) KSP residual norm 8.789595e-09
  7 (restart 0) KSP residual norm 8.564069e-09
  8 (restart 0) KSP residual norm 7.274398e-09
  9 (restart 0) KSP residual norm 6.838492e-09
 10 (restart 0) KSP residual norm 6.252836e-09
 11 (restart 0) KSP residual norm 5.795143e-09
 12 (restart 0) KSP residual norm 5.201393e-09
 13 (restart 0) KSP residual norm 4.925351e-09
 14 (restart 0) KSP residual norm 4.450389e-09
 15 (restart 0) KSP residual norm 3.984738e-09
 16 (restart 0) KSP residual norm 3.270016e-09
 17 (restart 0) KSP residual norm 2.925396e-09
 18 (restart 0) KSP residual norm 2.562181e-09
 19 (restart 0) KSP residual norm 2.500225e-09
 20 (restart 0) KSP residual norm 2.436121e-09
 21 (restart 0) KSP residual norm 2.373965e-09
 22 (restart 0) KSP residual norm 2.278464e-09
 23 (restart 0) KSP residual norm 2.189119e-09
 24 (restart 0) KSP residual norm 2.129543e-09
 25 (restart 0) KSP residual norm 2.065621e-09
 26 (restart 0) KSP residual norm 1.892380e-09
 27 (restart 0) KSP residual norm 1.612485e-09
 28 (restart 0) KSP residual norm 1.279346e-09
 29 (restart 0) KSP residual norm 9.351665e-10
 30 (restart 0) KSP residual norm 6.372135e-10
 31 (restart 0) KSP residual norm 3.799114e-10
 32 (restart 0) KSP residual norm 2.327106e-10
 33 (restart 0) KSP residual norm 1.257909e-10
 34 (restart 0) KSP residual norm 6.957847e-11
 35 (restart 0) KSP residual norm 3.873190e-11
 36 (restart 0) KSP residual norm 2.284113e-11
 37 (restart 0) KSP residual norm 1.384379e-11
 38 (restart 0) KSP residual norm 8.385026e-12
 39 (restart 0) KSP residual norm 5.018234e-12
 40 (restart 0) KSP residual norm 3.019167e-12
 41 (restart 0) KSP residual norm 1.752279e-12
 42 (restart 0) KSP residual norm 9.548771e-13
GMRES solver converged in 42 iterations (avg. reduction factor: 7.721e-01)
3 NLEPS (nconv=1, restart=0) residual norm 1.397863e-09
Eigenvalue 1, Quasi-Newton converged in 3 iterations (-8.720e-03+9.031e+00i).
  Residual norms for GMRES solve
  0 (restart 0) KSP residual norm 1.477232e+01
  1 (restart 0) KSP residual norm 5.442964e-01
  2 (restart 0) KSP residual norm 1.231801e-01
  3 (restart 0) KSP residual norm 6.925317e-02
  4 (restart 0) KSP residual norm 5.147730e-02
  5 (restart 0) KSP residual norm 1.958784e-02
  6 (restart 0) KSP residual norm 1.595499e-02
  7 (restart 0) KSP residual norm 1.378065e-02
  8 (restart 0) KSP residual norm 1.362384e-02
  9 (restart 0) KSP residual norm 1.348405e-02
 10 (restart 0) KSP residual norm 1.323162e-02
 11 (restart 0) KSP residual norm 1.301358e-02
 12 (restart 0) KSP residual norm 1.188050e-02
 13 (restart 0) KSP residual norm 1.157857e-02
 14 (restart 0) KSP residual norm 1.072142e-02
 15 (restart 0) KSP residual norm 1.048641e-02
 16 (restart 0) KSP residual norm 1.033675e-02
 17 (restart 0) KSP residual norm 9.732899e-03
 18 (restart 0) KSP residual norm 9.413183e-03
 19 (restart 0) KSP residual norm 8.996486e-03
 20 (restart 0) KSP residual norm 8.389787e-03
 21 (restart 0) KSP residual norm 7.718343e-03
 22 (restart 0) KSP residual norm 6.187403e-03
 23 (restart 0) KSP residual norm 5.849731e-03
 24 (restart 0) KSP residual norm 4.396362e-03
 25 (restart 0) KSP residual norm 4.103037e-03
 26 (restart 0) KSP residual norm 3.418036e-03
 27 (restart 0) KSP residual norm 3.037339e-03
 28 (restart 0) KSP residual norm 2.566972e-03
 29 (restart 0) KSP residual norm 2.017131e-03
 30 (restart 0) KSP residual norm 1.749942e-03
 31 (restart 0) KSP residual norm 1.207610e-03
GMRES solver converged in 31 iterations (avg. reduction factor: 7.381e-01)
0 NLEPS (nconv=2, restart=0) residual norm 1.086492e-01
  Residual norms for GMRES solve
  0 (restart 0) KSP residual norm 4.448928e+00
  1 (restart 0) KSP residual norm 1.763263e+00
  2 (restart 0) KSP residual norm 2.725489e-01
  3 (restart 0) KSP residual norm 1.531481e-01
  4 (restart 0) KSP residual norm 8.734613e-02
  5 (restart 0) KSP residual norm 7.945695e-02
  6 (restart 0) KSP residual norm 6.873690e-02
  7 (restart 0) KSP residual norm 5.587695e-02
  8 (restart 0) KSP residual norm 4.087635e-02
  9 (restart 0) KSP residual norm 3.568748e-02
 10 (restart 0) KSP residual norm 3.238382e-02
 11 (restart 0) KSP residual norm 2.646792e-02
 12 (restart 0) KSP residual norm 2.011854e-02
 13 (restart 0) KSP residual norm 1.968376e-02
 14 (restart 0) KSP residual norm 1.798339e-02
 15 (restart 0) KSP residual norm 1.771213e-02
 16 (restart 0) KSP residual norm 1.471414e-02
 17 (restart 0) KSP residual norm 1.427788e-02
 18 (restart 0) KSP residual norm 1.234267e-02
 19 (restart 0) KSP residual norm 1.233219e-02
 20 (restart 0) KSP residual norm 1.099897e-02
 21 (restart 0) KSP residual norm 1.021942e-02
 22 (restart 0) KSP residual norm 1.004161e-02
 23 (restart 0) KSP residual norm 9.424875e-03
 24 (restart 0) KSP residual norm 9.123977e-03
 25 (restart 0) KSP residual norm 8.932924e-03
 26 (restart 0) KSP residual norm 8.521523e-03
 27 (restart 0) KSP residual norm 8.290654e-03
 28 (restart 0) KSP residual norm 7.665015e-03
 29 (restart 0) KSP residual norm 7.238404e-03
 30 (restart 0) KSP residual norm 5.229843e-03
 31 (restart 0) KSP residual norm 3.557109e-03
 32 (restart 0) KSP residual norm 2.075399e-03
 33 (restart 0) KSP residual norm 1.173919e-03
 34 (restart 0) KSP residual norm 7.022353e-04
 35 (restart 0) KSP residual norm 4.079046e-04
GMRES solver converged in 35 iterations (avg. reduction factor: 7.667e-01)
1 NLEPS (nconv=2, restart=0) residual norm 1.400299e-03
  Residual norms for GMRES solve
  0 (restart 0) KSP residual norm 3.597023e-08
  1 (restart 0) KSP residual norm 3.554200e-08
  2 (restart 0) KSP residual norm 3.039003e-08
  3 (restart 0) KSP residual norm 2.337247e-08
  4 (restart 0) KSP residual norm 1.925702e-08
  5 (restart 0) KSP residual norm 1.551374e-08
  6 (restart 0) KSP residual norm 1.365898e-08
  7 (restart 0) KSP residual norm 1.327047e-08
  8 (restart 0) KSP residual norm 1.085084e-08
  9 (restart 0) KSP residual norm 1.066745e-08
 10 (restart 0) KSP residual norm 9.854250e-09
 11 (restart 0) KSP residual norm 9.451467e-09
 12 (restart 0) KSP residual norm 9.381208e-09
 13 (restart 0) KSP residual norm 9.113822e-09
 14 (restart 0) KSP residual norm 9.100525e-09
 15 (restart 0) KSP residual norm 9.084365e-09
 16 (restart 0) KSP residual norm 8.817950e-09
 17 (restart 0) KSP residual norm 8.327864e-09
 18 (restart 0) KSP residual norm 8.109310e-09
 19 (restart 0) KSP residual norm 7.811394e-09
 20 (restart 0) KSP residual norm 7.670846e-09
 21 (restart 0) KSP residual norm 7.596410e-09
 22 (restart 0) KSP residual norm 7.418871e-09
 23 (restart 0) KSP residual norm 7.208130e-09
 24 (restart 0) KSP residual norm 6.826489e-09
 25 (restart 0) KSP residual norm 6.190432e-09
 26 (restart 0) KSP residual norm 5.491414e-09
 27 (restart 0) KSP residual norm 5.088475e-09
 28 (restart 0) KSP residual norm 4.650329e-09
 29 (restart 0) KSP residual norm 4.286912e-09
 30 (restart 0) KSP residual norm 3.788102e-09
 31 (restart 0) KSP residual norm 2.874031e-09
 32 (restart 0) KSP residual norm 1.955140e-09
 33 (restart 0) KSP residual norm 1.202204e-09
 34 (restart 0) KSP residual norm 7.616756e-10
 35 (restart 0) KSP residual norm 4.505546e-10
 36 (restart 0) KSP residual norm 2.559548e-10
 37 (restart 0) KSP residual norm 1.540249e-10
 38 (restart 0) KSP residual norm 8.885601e-11
 39 (restart 0) KSP residual norm 5.014381e-11
 40 (restart 0) KSP residual norm 2.953734e-11
 41 (restart 0) KSP residual norm 1.836375e-11
 42 (restart 0) KSP residual norm 1.043436e-11
 43 (restart 0) KSP residual norm 6.071293e-12
 44 (restart 0) KSP residual norm 3.569332e-12
GMRES solver converged in 44 iterations (avg. reduction factor: 8.110e-01)
2 NLEPS (nconv=2, restart=0) residual norm 5.582958e-07
  Residual norms for GMRES solve
  0 (restart 0) KSP residual norm 2.482831e-08
  1 (restart 0) KSP residual norm 9.061793e-09
  2 (restart 0) KSP residual norm 8.017390e-09
  3 (restart 0) KSP residual norm 7.765053e-09
  4 (restart 0) KSP residual norm 7.321802e-09
  5 (restart 0) KSP residual norm 6.923385e-09
  6 (restart 0) KSP residual norm 6.561276e-09
  7 (restart 0) KSP residual norm 6.267923e-09
  8 (restart 0) KSP residual norm 6.248806e-09
  9 (restart 0) KSP residual norm 5.231450e-09
 10 (restart 0) KSP residual norm 4.781641e-09
 11 (restart 0) KSP residual norm 4.547295e-09
 12 (restart 0) KSP residual norm 4.308924e-09
 13 (restart 0) KSP residual norm 4.249009e-09
 14 (restart 0) KSP residual norm 4.218326e-09
 15 (restart 0) KSP residual norm 4.123351e-09
 16 (restart 0) KSP residual norm 4.049891e-09
 17 (restart 0) KSP residual norm 3.958229e-09
 18 (restart 0) KSP residual norm 3.903422e-09
 19 (restart 0) KSP residual norm 3.880281e-09
 20 (restart 0) KSP residual norm 3.851473e-09
 21 (restart 0) KSP residual norm 3.765953e-09
 22 (restart 0) KSP residual norm 3.548773e-09
 23 (restart 0) KSP residual norm 3.073860e-09
 24 (restart 0) KSP residual norm 2.091609e-09
 25 (restart 0) KSP residual norm 1.270029e-09
 26 (restart 0) KSP residual norm 7.678276e-10
 27 (restart 0) KSP residual norm 4.453998e-10
 28 (restart 0) KSP residual norm 2.538394e-10
 29 (restart 0) KSP residual norm 1.526651e-10
 30 (restart 0) KSP residual norm 8.950377e-11
 31 (restart 0) KSP residual norm 5.130361e-11
 32 (restart 0) KSP residual norm 3.068860e-11
 33 (restart 0) KSP residual norm 1.915877e-11
 34 (restart 0) KSP residual norm 1.150078e-11
 35 (restart 0) KSP residual norm 7.104839e-12
 36 (restart 0) KSP residual norm 4.211638e-12
 37 (restart 0) KSP residual norm 2.321607e-12
 38 (restart 0) KSP residual norm 1.308806e-12
 39 (restart 0) KSP residual norm 7.150299e-13
GMRES solver converged in 39 iterations (avg. reduction factor: 7.648e-01)
3 NLEPS (nconv=2, restart=0) residual norm 1.461404e-09
Eigenvalue 2, Quasi-Newton converged in 3 iterations (-1.503e-02+9.071e+00i).
  Residual norms for GMRES solve
  0 (restart 0) KSP residual norm 1.303411e+01
  1 (restart 0) KSP residual norm 7.582682e+00
  2 (restart 0) KSP residual norm 1.698736e+00
  3 (restart 0) KSP residual norm 4.166107e-01
  4 (restart 0) KSP residual norm 4.939425e-02
  5 (restart 0) KSP residual norm 3.215384e-02
  6 (restart 0) KSP residual norm 1.675065e-02
  7 (restart 0) KSP residual norm 1.101347e-02
  8 (restart 0) KSP residual norm 1.028585e-02
  9 (restart 0) KSP residual norm 1.015405e-02
 10 (restart 0) KSP residual norm 1.013086e-02
 11 (restart 0) KSP residual norm 1.009794e-02
 12 (restart 0) KSP residual norm 9.919069e-03
 13 (restart 0) KSP residual norm 9.912970e-03
 14 (restart 0) KSP residual norm 9.904790e-03
 15 (restart 0) KSP residual norm 9.869267e-03
 16 (restart 0) KSP residual norm 9.650047e-03
 17 (restart 0) KSP residual norm 9.625489e-03
 18 (restart 0) KSP residual norm 9.402065e-03
 19 (restart 0) KSP residual norm 9.353630e-03
 20 (restart 0) KSP residual norm 9.129881e-03
 21 (restart 0) KSP residual norm 9.053657e-03
 22 (restart 0) KSP residual norm 8.954347e-03
 23 (restart 0) KSP residual norm 8.831287e-03
 24 (restart 0) KSP residual norm 8.657310e-03
 25 (restart 0) KSP residual norm 8.337895e-03
 26 (restart 0) KSP residual norm 8.160908e-03
 27 (restart 0) KSP residual norm 8.101741e-03
 28 (restart 0) KSP residual norm 7.831690e-03
 29 (restart 0) KSP residual norm 7.621187e-03
 30 (restart 0) KSP residual norm 7.310737e-03
 31 (restart 0) KSP residual norm 6.502484e-03
 32 (restart 0) KSP residual norm 6.161090e-03
 33 (restart 0) KSP residual norm 4.545594e-03
 34 (restart 0) KSP residual norm 3.057876e-03
 35 (restart 0) KSP residual norm 1.828117e-03
 36 (restart 0) KSP residual norm 1.118250e-03
GMRES solver converged in 36 iterations (avg. reduction factor: 7.710e-01)
0 NLEPS (nconv=3, restart=0) residual norm 1.385722e-01
  Residual norms for GMRES solve
  0 (restart 0) KSP residual norm 1.869942e+00
  1 (restart 0) KSP residual norm 1.182287e+00
  2 (restart 0) KSP residual norm 8.309750e-01
  3 (restart 0) KSP residual norm 8.397673e-02
  4 (restart 0) KSP residual norm 2.634020e-02
  5 (restart 0) KSP residual norm 1.987582e-02
  6 (restart 0) KSP residual norm 1.503037e-02
  7 (restart 0) KSP residual norm 1.275070e-02
  8 (restart 0) KSP residual norm 1.273218e-02
  9 (restart 0) KSP residual norm 1.253198e-02
 10 (restart 0) KSP residual norm 1.245110e-02
 11 (restart 0) KSP residual norm 1.235086e-02
 12 (restart 0) KSP residual norm 1.224580e-02
 13 (restart 0) KSP residual norm 1.214371e-02
 14 (restart 0) KSP residual norm 1.174648e-02
 15 (restart 0) KSP residual norm 1.170700e-02
 16 (restart 0) KSP residual norm 1.170508e-02
 17 (restart 0) KSP residual norm 1.170413e-02
 18 (restart 0) KSP residual norm 1.158023e-02
 19 (restart 0) KSP residual norm 1.149917e-02
 20 (restart 0) KSP residual norm 1.146126e-02
 21 (restart 0) KSP residual norm 1.137572e-02
 22 (restart 0) KSP residual norm 1.118317e-02
 23 (restart 0) KSP residual norm 1.102755e-02
 24 (restart 0) KSP residual norm 1.069781e-02
 25 (restart 0) KSP residual norm 1.044403e-02
 26 (restart 0) KSP residual norm 1.022837e-02
 27 (restart 0) KSP residual norm 9.881357e-03
 28 (restart 0) KSP residual norm 9.799841e-03
 29 (restart 0) KSP residual norm 9.290868e-03
 30 (restart 0) KSP residual norm 8.137391e-03
 31 (restart 0) KSP residual norm 6.792732e-03
 32 (restart 0) KSP residual norm 4.314147e-03
 33 (restart 0) KSP residual norm 2.543867e-03
 34 (restart 0) KSP residual norm 1.392278e-03
 35 (restart 0) KSP residual norm 7.408028e-04
 36 (restart 0) KSP residual norm 4.061457e-04
 37 (restart 0) KSP residual norm 2.430659e-04
 38 (restart 0) KSP residual norm 1.455756e-04
GMRES solver converged in 38 iterations (avg. reduction factor: 7.796e-01)
1 NLEPS (nconv=3, restart=0) residual norm 3.209897e-03
  Residual norms for GMRES solve
  0 (restart 0) KSP residual norm 7.175805e-08
  1 (restart 0) KSP residual norm 7.033025e-08
  2 (restart 0) KSP residual norm 5.634573e-08
  3 (restart 0) KSP residual norm 1.198186e-08
  4 (restart 0) KSP residual norm 8.223261e-09
  5 (restart 0) KSP residual norm 5.559753e-09
  6 (restart 0) KSP residual norm 3.978577e-09
  7 (restart 0) KSP residual norm 2.890470e-09
  8 (restart 0) KSP residual norm 1.761793e-09
  9 (restart 0) KSP residual norm 1.082199e-09
 10 (restart 0) KSP residual norm 7.963915e-10
 11 (restart 0) KSP residual norm 5.452195e-10
 12 (restart 0) KSP residual norm 4.585011e-10
 13 (restart 0) KSP residual norm 4.353351e-10
 14 (restart 0) KSP residual norm 4.135880e-10
 15 (restart 0) KSP residual norm 3.729705e-10
 16 (restart 0) KSP residual norm 3.695300e-10
 17 (restart 0) KSP residual norm 3.649543e-10
 18 (restart 0) KSP residual norm 3.610359e-10
 19 (restart 0) KSP residual norm 3.585447e-10
 20 (restart 0) KSP residual norm 3.571860e-10
 21 (restart 0) KSP residual norm 3.407337e-10
 22 (restart 0) KSP residual norm 3.334868e-10
 23 (restart 0) KSP residual norm 3.219590e-10
 24 (restart 0) KSP residual norm 3.073340e-10
 25 (restart 0) KSP residual norm 3.052438e-10
 26 (restart 0) KSP residual norm 2.924544e-10
 27 (restart 0) KSP residual norm 2.847415e-10
 28 (restart 0) KSP residual norm 2.781282e-10
 29 (restart 0) KSP residual norm 2.718997e-10
 30 (restart 0) KSP residual norm 2.687767e-10
 31 (restart 0) KSP residual norm 2.656936e-10
 32 (restart 0) KSP residual norm 2.623858e-10
 33 (restart 0) KSP residual norm 2.583607e-10
 34 (restart 0) KSP residual norm 2.569318e-10
 35 (restart 0) KSP residual norm 2.558050e-10
 36 (restart 0) KSP residual norm 2.532407e-10
 37 (restart 0) KSP residual norm 2.529019e-10
 38 (restart 0) KSP residual norm 2.514283e-10
 39 (restart 0) KSP residual norm 2.423190e-10
 40 (restart 0) KSP residual norm 2.268943e-10
 41 (restart 0) KSP residual norm 1.949110e-10
 42 (restart 0) KSP residual norm 1.435475e-10
 43 (restart 0) KSP residual norm 9.553061e-11
 44 (restart 0) KSP residual norm 5.925385e-11
 45 (restart 0) KSP residual norm 3.356656e-11
 46 (restart 0) KSP residual norm 1.930160e-11
 47 (restart 0) KSP residual norm 1.061142e-11
 48 (restart 0) KSP residual norm 5.745173e-12
GMRES solver converged in 48 iterations (avg. reduction factor: 8.216e-01)
2 NLEPS (nconv=3, restart=0) residual norm 2.260551e-06
  Residual norms for GMRES solve
  0 (restart 0) KSP residual norm 3.821527e-08
  1 (restart 0) KSP residual norm 2.116536e-08
  2 (restart 0) KSP residual norm 7.394985e-09
  3 (restart 0) KSP residual norm 9.382959e-10
  4 (restart 0) KSP residual norm 5.990135e-10
  5 (restart 0) KSP residual norm 5.242117e-10
  6 (restart 0) KSP residual norm 5.113325e-10
  7 (restart 0) KSP residual norm 4.761738e-10
  8 (restart 0) KSP residual norm 4.631697e-10
  9 (restart 0) KSP residual norm 4.536127e-10
 10 (restart 0) KSP residual norm 4.513359e-10
 11 (restart 0) KSP residual norm 4.423376e-10
 12 (restart 0) KSP residual norm 4.416473e-10
 13 (restart 0) KSP residual norm 4.401946e-10
 14 (restart 0) KSP residual norm 4.396275e-10
 15 (restart 0) KSP residual norm 4.393079e-10
 16 (restart 0) KSP residual norm 4.323638e-10
 17 (restart 0) KSP residual norm 4.188343e-10
 18 (restart 0) KSP residual norm 4.093430e-10
 19 (restart 0) KSP residual norm 3.900873e-10
 20 (restart 0) KSP residual norm 3.826716e-10
 21 (restart 0) KSP residual norm 3.737401e-10
 22 (restart 0) KSP residual norm 3.674580e-10
 23 (restart 0) KSP residual norm 3.630133e-10
 24 (restart 0) KSP residual norm 3.570871e-10
 25 (restart 0) KSP residual norm 3.548033e-10
 26 (restart 0) KSP residual norm 3.542355e-10
 27 (restart 0) KSP residual norm 3.537479e-10
 28 (restart 0) KSP residual norm 3.451796e-10
 29 (restart 0) KSP residual norm 3.223569e-10
 30 (restart 0) KSP residual norm 2.738226e-10
 31 (restart 0) KSP residual norm 2.029381e-10
 32 (restart 0) KSP residual norm 1.366876e-10
 33 (restart 0) KSP residual norm 8.697728e-11
 34 (restart 0) KSP residual norm 5.211510e-11
 35 (restart 0) KSP residual norm 3.100386e-11
 36 (restart 0) KSP residual norm 1.764613e-11
 37 (restart 0) KSP residual norm 9.613683e-12
 38 (restart 0) KSP residual norm 5.241018e-12
 39 (restart 0) KSP residual norm 2.939621e-12
 40 (restart 0) KSP residual norm 1.670194e-12
 41 (restart 0) KSP residual norm 9.690520e-13
GMRES solver converged in 41 iterations (avg. reduction factor: 7.725e-01)
3 NLEPS (nconv=3, restart=0) residual norm 2.144273e-10
Eigenvalue 3, Quasi-Newton converged in 3 iterations (-1.987e-04+9.675e+00i).

Computing solution error estimates and performing postprocessing

     m,        Re{f} (GHz),        Im{f} (GHz),                  Q,      Error (Bkwd.),       Error (Abs.)
     1,      +2.448054e+00,      +2.363375e-03,      +5.179150e+02,      +1.806925e-14,      +3.251864e-10
     2,      +2.448109e+00,      +2.363847e-03,      +5.178231e+02,      +7.767125e-14,      +1.397826e-09
     3,      +2.458892e+00,      +4.073640e-03,      +3.018056e+02,      +8.117809e-14,      +1.461216e-09
     4,      +2.622856e+00,      +5.386224e-05,      +2.434782e+04,      +1.187647e-14,      +2.144034e-10

Completed 0 iterations of adaptive mesh refinement (AMR):
 Indicator norm = nan, global unknowns = 579884
 Max. iterations = 0, tol. = 1.000e-02

Estimated peak per-rank memory usage is: Min. 341.5M, Max. 391.1M, Avg. 360.1M, Total 11.3G
Estimated peak per-node memory usage is: Min. 11.3G, Max. 11.3G, Avg. 11.3G, Total 11.3G

Elapsed Time Report (s)           Min.        Max.        Avg.
==============================================================
Initialization                   0.280       0.720       0.706
  Mesh Preprocessing             0.529       0.969       0.542
Operator Construction            1.688       1.718       1.711
Linear Solve                    25.808      26.221      26.016
  Setup                          5.072       5.072       5.072
  Preconditioner               290.139     290.761     290.509
  Coarse Solve                  25.662      26.030      25.732
Eigenvalue Solve                 2.250       2.263       2.254
Div.-Free Projection            13.184      13.196      13.192
Estimation                       0.053       0.056       0.055
  Construction                   0.598       0.598       0.598
  Solve                          3.401       3.404       3.403
Postprocessing                   0.866       0.870       0.867
Disk IO                          1.009       1.012       1.011
--------------------------------------------------------------
Total                          372.811     372.830     372.822

Peak Memory                   Per-Node       Total   Total HWM
==============================================================
Initialization                   50.1M       50.1M       50.1M
  Mesh Preprocessing            142.6M      142.6M      192.8M
Operator Construction             1.9G        1.9G        2.1G
Linear Solve                    776.0K      776.0K        2.1G
  Setup                           1.0G        1.0G        3.1G
  Preconditioner                 20.8M       20.8M        3.1G
  Coarse Solve                    4.8G        4.8G        7.9G
Eigenvalue Solve                317.3M      317.3M        8.2G
Div.-Free Projection            306.8M      306.8M        8.5G
Estimation                      299.5M      299.5M        8.8G
  Construction                  469.9M      469.9M        9.2G
  Solve                         312.3M      312.3M        9.5G
Postprocessing                  772.8M      772.8M       10.3G
Disk IO                          84.7M       84.7M       10.4G
--------------------------------------------------------------
Total                            10.8G       10.8G       10.8G

