>> /opt/amip/envs/emsim/bin/mpirun -n 32 /opt/amip/palace/bin/palace-x86_64.bin h3_annular_i1p5_o6.json

_____________     _______
_____   __   \____ __   /____ ____________
____   /_/  /  __ ` /  /  __ ` /  ___/  _ \
___   _____/  /_/  /  /  /_/  /  /__/  ___/
  /__/     \___,__/__/\___,__/\_____\_____/

Git changeset ID: v0.17.0-293-g3c83b9db0
Running with 32 MPI processes, 1 OpenMP thread
Device configuration: omp,cpu
Memory configuration: host-std
libCEED backend: /cpu/self/xsmm/blocked

Added 11339 boundary elements for material interfaces to the mesh

Characteristic length and time scales:
 Lc = 1.760e-01 m, tc = 5.871e-01 ns
Finished partitioning mesh into 32 subdomains

Mesh curvature order: 2
Mesh bounding box:
 (Xmin, Ymin, Zmin) = (-8.800e-02, -8.800e-02, -5.771e-02) m
 (Xmax, Ymax, Zmax) = (+8.800e-02, +8.800e-02, +5.771e-02) m

Parallel Mesh Stats:

                minimum     average     maximum       total
 vertices           255         388         617       12418
 edges             2266        2675        3323       85627
 faces             4286        4544        4947      145416
 elements          2197        2256        2324       72206
 neighbors            6           9          22

            minimum     maximum
 h        0.0040285    0.193819
 kappa      1.00759     36.8853

Estimated current per-rank memory usage is: Min. 32.9M, Max. 85.9M, Avg. 35.1M, Total 1.1G
Estimated current per-node memory usage is: Min. 1.1G, Max. 1.1G, Avg. 1.1G, Total 1.1G

Configuring Robin finite conductivity BC at attributes:
 90: σ = 3.500e+07 S/m, n = (+0.1,+0.0,-1.0)

Assembling system matrices, number of global unknowns:
 H1 (p = 2): 98045, ND (p = 2): 462086, RT (p = 2): 652866
 Operator assembly level: Partial
 Mesh geometries:
  Tetrahedron: P = 20, Q = 14 (quadrature order = 4)

Configuring SLEPc eigenvalue solver:
 Scaling γ = 2.824e+01, δ = 3.704e-06
 Configuring divergence-free projection
 Using random starting vector
 Shift-and-invert σ = 2.400e+00 GHz (8.853e+00)

Assembling multigrid hierarchy:
 Level 0 (p = 1): 85627 unknowns
 Level 1 (p = 2): 462086 unknowns
 Level 0 (auxiliary) (p = 1): 12418 unknowns
 Level 1 (auxiliary) (p = 2): 98045 unknowns

#PETSc Option Table entries:
-eps_monitor # (source: code)
#End of PETSc Option Table entries

  Residual norms for GMRES solve
  0 (restart 0) KSP residual norm 9.585646e-01
  1 (restart 0) KSP residual norm 7.016743e-01
  2 (restart 0) KSP residual norm 1.186620e-01
  3 (restart 0) KSP residual norm 6.536513e-02
  4 (restart 0) KSP residual norm 3.704413e-02
  5 (restart 0) KSP residual norm 1.647882e-02
  6 (restart 0) KSP residual norm 8.551310e-03
  7 (restart 0) KSP residual norm 4.621344e-03
  8 (restart 0) KSP residual norm 1.868983e-03
  9 (restart 0) KSP residual norm 8.821584e-04
 10 (restart 0) KSP residual norm 3.894910e-04
 11 (restart 0) KSP residual norm 1.771140e-04
 12 (restart 0) KSP residual norm 8.645373e-05
 13 (restart 0) KSP residual norm 4.274823e-05
 14 (restart 0) KSP residual norm 1.979792e-05
 15 (restart 0) KSP residual norm 9.892473e-06
 16 (restart 0) KSP residual norm 4.855104e-06
 17 (restart 0) KSP residual norm 2.375428e-06
 18 (restart 0) KSP residual norm 1.139632e-06
 19 (restart 0) KSP residual norm 5.856513e-07
 20 (restart 0) KSP residual norm 2.859709e-07
 21 (restart 0) KSP residual norm 1.458493e-07
 22 (restart 0) KSP residual norm 7.206208e-08
 23 (restart 0) KSP residual norm 3.608185e-08
 24 (restart 0) KSP residual norm 1.718281e-08
 25 (restart 0) KSP residual norm 8.377411e-09
GMRES solver converged in 25 iterations (avg. reduction factor: 4.761e-01)
  Residual norms for GMRES solve
  0 (restart 0) KSP residual norm 4.197485e+01
  1 (restart 0) KSP residual norm 1.311506e+01
  2 (restart 0) KSP residual norm 1.568837e+00
  3 (restart 0) KSP residual norm 4.020836e-01
  4 (restart 0) KSP residual norm 1.680134e-01
  5 (restart 0) KSP residual norm 5.072540e-02
  6 (restart 0) KSP residual norm 2.195760e-02
  7 (restart 0) KSP residual norm 1.120003e-02
  8 (restart 0) KSP residual norm 4.432964e-03
  9 (restart 0) KSP residual norm 2.340674e-03
 10 (restart 0) KSP residual norm 1.040892e-03
 11 (restart 0) KSP residual norm 4.190961e-04
 12 (restart 0) KSP residual norm 1.944545e-04
 13 (restart 0) KSP residual norm 8.675441e-05
 14 (restart 0) KSP residual norm 3.868176e-05
 15 (restart 0) KSP residual norm 1.646919e-05
 16 (restart 0) KSP residual norm 7.020859e-06
 17 (restart 0) KSP residual norm 3.777944e-06
 18 (restart 0) KSP residual norm 1.806170e-06
 19 (restart 0) KSP residual norm 8.374025e-07
 20 (restart 0) KSP residual norm 3.595068e-07
GMRES solver converged in 20 iterations (avg. reduction factor: 3.950e-01)
  Residual norms for GMRES solve
  0 (restart 0) KSP residual norm 1.561828e+02
  1 (restart 0) KSP residual norm 4.807327e+01
  2 (restart 0) KSP residual norm 5.465468e+00
  3 (restart 0) KSP residual norm 1.121626e+00
  4 (restart 0) KSP residual norm 4.607104e-01
  5 (restart 0) KSP residual norm 1.423579e-01
  6 (restart 0) KSP residual norm 6.316502e-02
  7 (restart 0) KSP residual norm 3.456158e-02
  8 (restart 0) KSP residual norm 9.768680e-03
  9 (restart 0) KSP residual norm 4.626383e-03
 10 (restart 0) KSP residual norm 2.252237e-03
 11 (restart 0) KSP residual norm 1.219329e-03
 12 (restart 0) KSP residual norm 4.773981e-04
 13 (restart 0) KSP residual norm 2.250608e-04
 14 (restart 0) KSP residual norm 9.455475e-05
 15 (restart 0) KSP residual norm 4.409478e-05
 16 (restart 0) KSP residual norm 2.001638e-05
 17 (restart 0) KSP residual norm 9.926927e-06
 18 (restart 0) KSP residual norm 4.783204e-06
 19 (restart 0) KSP residual norm 2.196990e-06
 20 (restart 0) KSP residual norm 1.002321e-06
GMRES solver converged in 20 iterations (avg. reduction factor: 3.894e-01)
  Residual norms for GMRES solve
  0 (restart 0) KSP residual norm 5.789753e+01
  1 (restart 0) KSP residual norm 1.782911e+01
  2 (restart 0) KSP residual norm 2.401084e+00
  3 (restart 0) KSP residual norm 7.165124e-01
  4 (restart 0) KSP residual norm 4.175806e-01
  5 (restart 0) KSP residual norm 8.162992e-02
  6 (restart 0) KSP residual norm 3.030306e-02
  7 (restart 0) KSP residual norm 1.761522e-02
  8 (restart 0) KSP residual norm 6.534812e-03
  9 (restart 0) KSP residual norm 3.738559e-03
 10 (restart 0) KSP residual norm 1.475767e-03
 11 (restart 0) KSP residual norm 6.875402e-04
 12 (restart 0) KSP residual norm 3.546573e-04
 13 (restart 0) KSP residual norm 1.468096e-04
 14 (restart 0) KSP residual norm 5.795851e-05
 15 (restart 0) KSP residual norm 2.582613e-05
 16 (restart 0) KSP residual norm 1.043438e-05
 17 (restart 0) KSP residual norm 5.698115e-06
 18 (restart 0) KSP residual norm 2.554791e-06
 19 (restart 0) KSP residual norm 1.233613e-06
 20 (restart 0) KSP residual norm 5.198458e-07
GMRES solver converged in 20 iterations (avg. reduction factor: 3.960e-01)
  Residual norms for GMRES solve
  0 (restart 0) KSP residual norm 1.321941e+02
  1 (restart 0) KSP residual norm 2.217584e+01
  2 (restart 0) KSP residual norm 2.483094e+00
  3 (restart 0) KSP residual norm 4.642187e-01
  4 (restart 0) KSP residual norm 2.961631e-01
  5 (restart 0) KSP residual norm 1.319473e-01
  6 (restart 0) KSP residual norm 4.882429e-02
  7 (restart 0) KSP residual norm 3.254106e-02
  8 (restart 0) KSP residual norm 1.005132e-02
  9 (restart 0) KSP residual norm 4.567962e-03
 10 (restart 0) KSP residual norm 2.768244e-03
 11 (restart 0) KSP residual norm 9.335884e-04
 12 (restart 0) KSP residual norm 3.803031e-04
 13 (restart 0) KSP residual norm 1.656753e-04
 14 (restart 0) KSP residual norm 7.583527e-05
 15 (restart 0) KSP residual norm 3.812731e-05
 16 (restart 0) KSP residual norm 1.709001e-05
 17 (restart 0) KSP residual norm 7.305271e-06
 18 (restart 0) KSP residual norm 3.466543e-06
 19 (restart 0) KSP residual norm 1.663678e-06
 20 (restart 0) KSP residual norm 7.973250e-07
GMRES solver converged in 20 iterations (avg. reduction factor: 3.882e-01)
  Residual norms for GMRES solve
  0 (restart 0) KSP residual norm 1.658915e+02
  1 (restart 0) KSP residual norm 2.947744e+01
  2 (restart 0) KSP residual norm 1.850206e+00
  3 (restart 0) KSP residual norm 6.002609e-01
  4 (restart 0) KSP residual norm 3.488448e-01
  5 (restart 0) KSP residual norm 1.060659e-01
  6 (restart 0) KSP residual norm 4.313165e-02
  7 (restart 0) KSP residual norm 2.467247e-02
  8 (restart 0) KSP residual norm 8.741136e-03
  9 (restart 0) KSP residual norm 4.256598e-03
 10 (restart 0) KSP residual norm 2.494798e-03
 11 (restart 0) KSP residual norm 8.963366e-04
 12 (restart 0) KSP residual norm 3.819795e-04
 13 (restart 0) KSP residual norm 1.691468e-04
 14 (restart 0) KSP residual norm 7.934410e-05
 15 (restart 0) KSP residual norm 4.018422e-05
 16 (restart 0) KSP residual norm 1.573895e-05
 17 (restart 0) KSP residual norm 7.267802e-06
 18 (restart 0) KSP residual norm 3.461180e-06
 19 (restart 0) KSP residual norm 1.718116e-06
 20 (restart 0) KSP residual norm 7.719321e-07
GMRES solver converged in 20 iterations (avg. reduction factor: 3.832e-01)
  Residual norms for GMRES solve
  0 (restart 0) KSP residual norm 3.784129e+01
  1 (restart 0) KSP residual norm 1.395283e+01
  2 (restart 0) KSP residual norm 4.218224e+00
  3 (restart 0) KSP residual norm 9.321079e-01
  4 (restart 0) KSP residual norm 3.385075e-01
  5 (restart 0) KSP residual norm 1.607818e-01
  6 (restart 0) KSP residual norm 5.656592e-02
  7 (restart 0) KSP residual norm 3.349592e-02
  8 (restart 0) KSP residual norm 1.012893e-02
  9 (restart 0) KSP residual norm 4.051501e-03
 10 (restart 0) KSP residual norm 2.180440e-03
 11 (restart 0) KSP residual norm 8.061924e-04
 12 (restart 0) KSP residual norm 4.121019e-04
 13 (restart 0) KSP residual norm 2.034710e-04
 14 (restart 0) KSP residual norm 9.087233e-05
 15 (restart 0) KSP residual norm 3.919694e-05
 16 (restart 0) KSP residual norm 1.872566e-05
 17 (restart 0) KSP residual norm 7.746172e-06
 18 (restart 0) KSP residual norm 3.962179e-06
 19 (restart 0) KSP residual norm 1.757379e-06
 20 (restart 0) KSP residual norm 8.743391e-07
 21 (restart 0) KSP residual norm 3.257806e-07
GMRES solver converged in 21 iterations (avg. reduction factor: 4.130e-01)
  Residual norms for GMRES solve
  0 (restart 0) KSP residual norm 9.219023e+01
  1 (restart 0) KSP residual norm 4.444715e+01
  2 (restart 0) KSP residual norm 5.017989e+00
  3 (restart 0) KSP residual norm 1.442245e+00
  4 (restart 0) KSP residual norm 4.245699e-01
  5 (restart 0) KSP residual norm 1.769730e-01
  6 (restart 0) KSP residual norm 7.773893e-02
  7 (restart 0) KSP residual norm 4.412843e-02
  8 (restart 0) KSP residual norm 1.440900e-02
  9 (restart 0) KSP residual norm 8.523315e-03
 10 (restart 0) KSP residual norm 3.265552e-03
 11 (restart 0) KSP residual norm 1.556227e-03
 12 (restart 0) KSP residual norm 5.608101e-04
 13 (restart 0) KSP residual norm 2.299657e-04
 14 (restart 0) KSP residual norm 9.435681e-05
 15 (restart 0) KSP residual norm 4.731604e-05
 16 (restart 0) KSP residual norm 2.239395e-05
 17 (restart 0) KSP residual norm 1.002252e-05
 18 (restart 0) KSP residual norm 4.637826e-06
 19 (restart 0) KSP residual norm 2.512485e-06
 20 (restart 0) KSP residual norm 1.170290e-06
 21 (restart 0) KSP residual norm 5.187715e-07
GMRES solver converged in 21 iterations (avg. reduction factor: 4.047e-01)
  Residual norms for GMRES solve
  0 (restart 0) KSP residual norm 7.134053e+01
  1 (restart 0) KSP residual norm 3.350074e+01
  2 (restart 0) KSP residual norm 4.406264e+00
  3 (restart 0) KSP residual norm 1.308948e+00
  4 (restart 0) KSP residual norm 4.038130e-01
  5 (restart 0) KSP residual norm 1.673346e-01
  6 (restart 0) KSP residual norm 6.648627e-02
  7 (restart 0) KSP residual norm 4.052867e-02
  8 (restart 0) KSP residual norm 1.308245e-02
  9 (restart 0) KSP residual norm 7.216923e-03
 10 (restart 0) KSP residual norm 2.739768e-03
 11 (restart 0) KSP residual norm 1.247383e-03
 12 (restart 0) KSP residual norm 5.540268e-04
 13 (restart 0) KSP residual norm 2.494557e-04
 14 (restart 0) KSP residual norm 9.231378e-05
 15 (restart 0) KSP residual norm 4.093797e-05
 16 (restart 0) KSP residual norm 1.809568e-05
 17 (restart 0) KSP residual norm 8.365890e-06
 18 (restart 0) KSP residual norm 4.055375e-06
 19 (restart 0) KSP residual norm 2.116219e-06
 20 (restart 0) KSP residual norm 9.264653e-07
 21 (restart 0) KSP residual norm 4.334636e-07
GMRES solver converged in 21 iterations (avg. reduction factor: 4.062e-01)
  Residual norms for GMRES solve
  0 (restart 0) KSP residual norm 9.021380e+00
  1 (restart 0) KSP residual norm 5.877969e+00
  2 (restart 0) KSP residual norm 2.038022e+00
  3 (restart 0) KSP residual norm 5.637250e-01
  4 (restart 0) KSP residual norm 3.555173e-01
  5 (restart 0) KSP residual norm 1.321172e-01
  6 (restart 0) KSP residual norm 5.273591e-02
  7 (restart 0) KSP residual norm 2.554076e-02
  8 (restart 0) KSP residual norm 7.297340e-03
  9 (restart 0) KSP residual norm 2.759441e-03
 10 (restart 0) KSP residual norm 1.201488e-03
 11 (restart 0) KSP residual norm 5.722972e-04
 12 (restart 0) KSP residual norm 2.246056e-04
 13 (restart 0) KSP residual norm 1.318126e-04
 14 (restart 0) KSP residual norm 4.579860e-05
 15 (restart 0) KSP residual norm 1.922141e-05
 16 (restart 0) KSP residual norm 1.035246e-05
 17 (restart 0) KSP residual norm 4.873686e-06
 18 (restart 0) KSP residual norm 2.251075e-06
 19 (restart 0) KSP residual norm 1.002710e-06
 20 (restart 0) KSP residual norm 4.504892e-07
 21 (restart 0) KSP residual norm 2.195635e-07
 22 (restart 0) KSP residual norm 1.035379e-07
 23 (restart 0) KSP residual norm 4.679189e-08
GMRES solver converged in 23 iterations (avg. reduction factor: 4.363e-01)
  Residual norms for GMRES solve
  0 (restart 0) KSP residual norm 8.874494e+00
  1 (restart 0) KSP residual norm 4.739636e+00
  2 (restart 0) KSP residual norm 1.943337e+00
  3 (restart 0) KSP residual norm 2.928677e-01
  4 (restart 0) KSP residual norm 1.907184e-01
  5 (restart 0) KSP residual norm 8.667779e-02
  6 (restart 0) KSP residual norm 2.859983e-02
  7 (restart 0) KSP residual norm 1.477485e-02
  8 (restart 0) KSP residual norm 5.077053e-03
  9 (restart 0) KSP residual norm 2.157560e-03
 10 (restart 0) KSP residual norm 9.222961e-04
 11 (restart 0) KSP residual norm 4.316410e-04
 12 (restart 0) KSP residual norm 1.679469e-04
 13 (restart 0) KSP residual norm 9.102713e-05
 14 (restart 0) KSP residual norm 3.589037e-05
 15 (restart 0) KSP residual norm 1.665566e-05
 16 (restart 0) KSP residual norm 7.712087e-06
 17 (restart 0) KSP residual norm 3.396922e-06
 18 (restart 0) KSP residual norm 1.640117e-06
 19 (restart 0) KSP residual norm 7.989071e-07
 20 (restart 0) KSP residual norm 3.507878e-07
 21 (restart 0) KSP residual norm 1.619208e-07
 22 (restart 0) KSP residual norm 7.528047e-08
GMRES solver converged in 22 iterations (avg. reduction factor: 4.297e-01)
  Residual norms for GMRES solve
  0 (restart 0) KSP residual norm 1.076447e+01
  1 (restart 0) KSP residual norm 5.756147e+00
  2 (restart 0) KSP residual norm 1.706606e+00
  3 (restart 0) KSP residual norm 4.439717e-01
  4 (restart 0) KSP residual norm 3.303799e-01
  5 (restart 0) KSP residual norm 1.290815e-01
  6 (restart 0) KSP residual norm 3.389423e-02
  7 (restart 0) KSP residual norm 1.803216e-02
  8 (restart 0) KSP residual norm 6.354458e-03
  9 (restart 0) KSP residual norm 2.407899e-03
 10 (restart 0) KSP residual norm 1.103537e-03
 11 (restart 0) KSP residual norm 5.099099e-04
 12 (restart 0) KSP residual norm 2.115658e-04
 13 (restart 0) KSP residual norm 1.148144e-04
 14 (restart 0) KSP residual norm 4.964092e-05
 15 (restart 0) KSP residual norm 2.028136e-05
 16 (restart 0) KSP residual norm 9.965097e-06
 17 (restart 0) KSP residual norm 4.126446e-06
 18 (restart 0) KSP residual norm 2.168512e-06
 19 (restart 0) KSP residual norm 1.010615e-06
 20 (restart 0) KSP residual norm 4.913959e-07
 21 (restart 0) KSP residual norm 2.087645e-07
 22 (restart 0) KSP residual norm 1.071268e-07
GMRES solver converged in 22 iterations (avg. reduction factor: 4.328e-01)
  Residual norms for GMRES solve
  0 (restart 0) KSP residual norm 7.105525e+00
  1 (restart 0) KSP residual norm 4.093745e+00
  2 (restart 0) KSP residual norm 1.481473e+00
  3 (restart 0) KSP residual norm 3.478216e-01
  4 (restart 0) KSP residual norm 1.789807e-01
  5 (restart 0) KSP residual norm 1.143158e-01
  6 (restart 0) KSP residual norm 3.095119e-02
  7 (restart 0) KSP residual norm 1.522005e-02
  8 (restart 0) KSP residual norm 5.440895e-03
  9 (restart 0) KSP residual norm 2.514800e-03
 10 (restart 0) KSP residual norm 1.162816e-03
 11 (restart 0) KSP residual norm 4.279722e-04
 12 (restart 0) KSP residual norm 1.680159e-04
 13 (restart 0) KSP residual norm 9.152519e-05
 14 (restart 0) KSP residual norm 4.400782e-05
 15 (restart 0) KSP residual norm 1.770814e-05
 16 (restart 0) KSP residual norm 8.575146e-06
 17 (restart 0) KSP residual norm 3.602461e-06
 18 (restart 0) KSP residual norm 1.831121e-06
 19 (restart 0) KSP residual norm 8.298673e-07
 20 (restart 0) KSP residual norm 3.971404e-07
 21 (restart 0) KSP residual norm 1.600424e-07
 22 (restart 0) KSP residual norm 7.690513e-08
 23 (restart 0) KSP residual norm 3.428539e-08
GMRES solver converged in 23 iterations (avg. reduction factor: 4.349e-01)
  Residual norms for GMRES solve
  0 (restart 0) KSP residual norm 8.138932e+00
  1 (restart 0) KSP residual norm 4.912272e+00
  2 (restart 0) KSP residual norm 2.109818e+00
  3 (restart 0) KSP residual norm 4.672813e-01
  4 (restart 0) KSP residual norm 2.638529e-01
  5 (restart 0) KSP residual norm 1.171857e-01
  6 (restart 0) KSP residual norm 3.915909e-02
  7 (restart 0) KSP residual norm 2.190765e-02
  8 (restart 0) KSP residual norm 5.242613e-03
  9 (restart 0) KSP residual norm 2.075452e-03
 10 (restart 0) KSP residual norm 9.141824e-04
 11 (restart 0) KSP residual norm 4.010089e-04
 12 (restart 0) KSP residual norm 1.812092e-04
 13 (restart 0) KSP residual norm 9.585659e-05
 14 (restart 0) KSP residual norm 3.903177e-05
 15 (restart 0) KSP residual norm 1.651450e-05
 16 (restart 0) KSP residual norm 8.258247e-06
 17 (restart 0) KSP residual norm 3.924974e-06
 18 (restart 0) KSP residual norm 1.939517e-06
 19 (restart 0) KSP residual norm 8.721510e-07
 20 (restart 0) KSP residual norm 3.902137e-07
 21 (restart 0) KSP residual norm 1.716474e-07
 22 (restart 0) KSP residual norm 8.149799e-08
 23 (restart 0) KSP residual norm 3.742704e-08
GMRES solver converged in 23 iterations (avg. reduction factor: 4.340e-01)
  Residual norms for GMRES solve
  0 (restart 0) KSP residual norm 1.727146e+01
  1 (restart 0) KSP residual norm 7.343862e+00
  2 (restart 0) KSP residual norm 1.902004e+00
  3 (restart 0) KSP residual norm 6.330851e-01
  4 (restart 0) KSP residual norm 2.524297e-01
  5 (restart 0) KSP residual norm 1.028683e-01
  6 (restart 0) KSP residual norm 3.172944e-02
  7 (restart 0) KSP residual norm 1.652244e-02
  8 (restart 0) KSP residual norm 5.945799e-03
  9 (restart 0) KSP residual norm 2.605604e-03
 10 (restart 0) KSP residual norm 1.475493e-03
 11 (restart 0) KSP residual norm 5.871247e-04
 12 (restart 0) KSP residual norm 2.378527e-04
 13 (restart 0) KSP residual norm 1.375925e-04
 14 (restart 0) KSP residual norm 5.097275e-05
 15 (restart 0) KSP residual norm 2.404820e-05
 16 (restart 0) KSP residual norm 1.102297e-05
 17 (restart 0) KSP residual norm 5.628871e-06
 18 (restart 0) KSP residual norm 2.550594e-06
 19 (restart 0) KSP residual norm 1.127763e-06
 20 (restart 0) KSP residual norm 4.891931e-07
 21 (restart 0) KSP residual norm 2.166218e-07
 22 (restart 0) KSP residual norm 1.021318e-07
GMRES solver converged in 22 iterations (avg. reduction factor: 4.227e-01)
  Residual norms for GMRES solve
  0 (restart 0) KSP residual norm 1.823730e+01
  1 (restart 0) KSP residual norm 9.305977e+00
  2 (restart 0) KSP residual norm 3.996653e+00
  3 (restart 0) KSP residual norm 6.297128e-01
  4 (restart 0) KSP residual norm 4.069920e-01
  5 (restart 0) KSP residual norm 1.706894e-01
  6 (restart 0) KSP residual norm 3.694821e-02
  7 (restart 0) KSP residual norm 1.689914e-02
  8 (restart 0) KSP residual norm 8.300097e-03
  9 (restart 0) KSP residual norm 3.305806e-03
 10 (restart 0) KSP residual norm 1.712757e-03
 11 (restart 0) KSP residual norm 8.317757e-04
 12 (restart 0) KSP residual norm 3.455010e-04
 13 (restart 0) KSP residual norm 1.959547e-04
 14 (restart 0) KSP residual norm 8.064695e-05
 15 (restart 0) KSP residual norm 3.453834e-05
 16 (restart 0) KSP residual norm 1.890376e-05
 17 (restart 0) KSP residual norm 7.535012e-06
 18 (restart 0) KSP residual norm 3.698160e-06
 19 (restart 0) KSP residual norm 1.357355e-06
 20 (restart 0) KSP residual norm 6.684437e-07
 21 (restart 0) KSP residual norm 2.805941e-07
 22 (restart 0) KSP residual norm 1.475905e-07
GMRES solver converged in 22 iterations (avg. reduction factor: 4.287e-01)
  Residual norms for GMRES solve
  0 (restart 0) KSP residual norm 1.249983e+01
  1 (restart 0) KSP residual norm 6.965649e+00
  2 (restart 0) KSP residual norm 2.997466e+00
  3 (restart 0) KSP residual norm 8.128930e-01
  4 (restart 0) KSP residual norm 5.009408e-01
  5 (restart 0) KSP residual norm 1.643187e-01
  6 (restart 0) KSP residual norm 3.660371e-02
  7 (restart 0) KSP residual norm 1.814697e-02
  8 (restart 0) KSP residual norm 7.404415e-03
  9 (restart 0) KSP residual norm 3.385673e-03
 10 (restart 0) KSP residual norm 1.738685e-03
 11 (restart 0) KSP residual norm 8.659026e-04
 12 (restart 0) KSP residual norm 3.894544e-04
 13 (restart 0) KSP residual norm 2.113922e-04
 14 (restart 0) KSP residual norm 8.526294e-05
 15 (restart 0) KSP residual norm 3.718738e-05
 16 (restart 0) KSP residual norm 1.926101e-05
 17 (restart 0) KSP residual norm 8.146941e-06
 18 (restart 0) KSP residual norm 3.763570e-06
 19 (restart 0) KSP residual norm 1.481720e-06
 20 (restart 0) KSP residual norm 7.096130e-07
 21 (restart 0) KSP residual norm 3.061724e-07
 22 (restart 0) KSP residual norm 1.578712e-07
 23 (restart 0) KSP residual norm 6.741259e-08
GMRES solver converged in 23 iterations (avg. reduction factor: 4.370e-01)
  Residual norms for GMRES solve
  0 (restart 0) KSP residual norm 6.697326e+00
  1 (restart 0) KSP residual norm 3.939723e+00
  2 (restart 0) KSP residual norm 1.487771e+00
  3 (restart 0) KSP residual norm 3.672067e-01
  4 (restart 0) KSP residual norm 1.404420e-01
  5 (restart 0) KSP residual norm 8.809609e-02
  6 (restart 0) KSP residual norm 2.385907e-02
  7 (restart 0) KSP residual norm 1.006393e-02
  8 (restart 0) KSP residual norm 5.490301e-03
  9 (restart 0) KSP residual norm 2.396232e-03
 10 (restart 0) KSP residual norm 9.560579e-04
 11 (restart 0) KSP residual norm 4.526802e-04
 12 (restart 0) KSP residual norm 1.976714e-04
 13 (restart 0) KSP residual norm 1.038295e-04
 14 (restart 0) KSP residual norm 4.830158e-05
 15 (restart 0) KSP residual norm 2.095793e-05
 16 (restart 0) KSP residual norm 1.019131e-05
 17 (restart 0) KSP residual norm 5.268905e-06
 18 (restart 0) KSP residual norm 2.426438e-06
 19 (restart 0) KSP residual norm 1.054732e-06
 20 (restart 0) KSP residual norm 4.268526e-07
 21 (restart 0) KSP residual norm 1.994344e-07
 22 (restart 0) KSP residual norm 9.083208e-08
 23 (restart 0) KSP residual norm 4.386019e-08
GMRES solver converged in 23 iterations (avg. reduction factor: 4.407e-01)
  Residual norms for GMRES solve
  0 (restart 0) KSP residual norm 2.256553e+01
  1 (restart 0) KSP residual norm 8.045735e+00
  2 (restart 0) KSP residual norm 2.320915e+00
  3 (restart 0) KSP residual norm 6.493383e-01
  4 (restart 0) KSP residual norm 1.917071e-01
  5 (restart 0) KSP residual norm 1.121691e-01
  6 (restart 0) KSP residual norm 3.313473e-02
  7 (restart 0) KSP residual norm 1.812463e-02
  8 (restart 0) KSP residual norm 8.438654e-03
  9 (restart 0) KSP residual norm 3.122161e-03
 10 (restart 0) KSP residual norm 1.318516e-03
 11 (restart 0) KSP residual norm 6.254779e-04
 12 (restart 0) KSP residual norm 2.426326e-04
 13 (restart 0) KSP residual norm 1.258208e-04
 14 (restart 0) KSP residual norm 5.939646e-05
 15 (restart 0) KSP residual norm 2.565519e-05
 16 (restart 0) KSP residual norm 1.066302e-05
 17 (restart 0) KSP residual norm 5.604538e-06
 18 (restart 0) KSP residual norm 2.734648e-06
 19 (restart 0) KSP residual norm 1.253382e-06
 20 (restart 0) KSP residual norm 5.104922e-07
 21 (restart 0) KSP residual norm 2.455553e-07
 22 (restart 0) KSP residual norm 1.124934e-07
GMRES solver converged in 22 iterations (avg. reduction factor: 4.194e-01)
  1 EPS nconv=3 first unconverged value (error) -7.60249e-06+0.342607i (3.31379649e-03)
  Residual norms for GMRES solve
  0 (restart 0) KSP residual norm 3.481778e+01
  1 (restart 0) KSP residual norm 1.008757e+01
  2 (restart 0) KSP residual norm 2.227035e+00
  3 (restart 0) KSP residual norm 5.139158e-01
  4 (restart 0) KSP residual norm 1.964057e-01
  5 (restart 0) KSP residual norm 8.915738e-02
  6 (restart 0) KSP residual norm 2.452630e-02
  7 (restart 0) KSP residual norm 1.254335e-02
  8 (restart 0) KSP residual norm 5.073687e-03
  9 (restart 0) KSP residual norm 2.101350e-03
 10 (restart 0) KSP residual norm 1.142643e-03
 11 (restart 0) KSP residual norm 5.882326e-04
 12 (restart 0) KSP residual norm 2.565205e-04
 13 (restart 0) KSP residual norm 1.282520e-04
 14 (restart 0) KSP residual norm 4.971622e-05
 15 (restart 0) KSP residual norm 2.540254e-05
 16 (restart 0) KSP residual norm 1.171784e-05
 17 (restart 0) KSP residual norm 5.914310e-06
 18 (restart 0) KSP residual norm 2.661137e-06
 19 (restart 0) KSP residual norm 1.227320e-06
 20 (restart 0) KSP residual norm 5.101340e-07
 21 (restart 0) KSP residual norm 2.408102e-07
GMRES solver converged in 21 iterations (avg. reduction factor: 4.087e-01)
  Residual norms for GMRES solve
  0 (restart 0) KSP residual norm 1.423026e+01
  1 (restart 0) KSP residual norm 5.701083e+00
  2 (restart 0) KSP residual norm 1.589463e+00
  3 (restart 0) KSP residual norm 3.718370e-01
  4 (restart 0) KSP residual norm 2.656837e-01
  5 (restart 0) KSP residual norm 7.994099e-02
  6 (restart 0) KSP residual norm 2.982463e-02
  7 (restart 0) KSP residual norm 1.586255e-02
  8 (restart 0) KSP residual norm 3.916628e-03
  9 (restart 0) KSP residual norm 1.944314e-03
 10 (restart 0) KSP residual norm 9.608946e-04
 11 (restart 0) KSP residual norm 4.321729e-04
 12 (restart 0) KSP residual norm 1.933522e-04
 13 (restart 0) KSP residual norm 1.059370e-04
 14 (restart 0) KSP residual norm 3.700178e-05
 15 (restart 0) KSP residual norm 1.853211e-05
 16 (restart 0) KSP residual norm 8.546309e-06
 17 (restart 0) KSP residual norm 4.253704e-06
 18 (restart 0) KSP residual norm 1.827773e-06
 19 (restart 0) KSP residual norm 7.489365e-07
 20 (restart 0) KSP residual norm 3.477431e-07
 21 (restart 0) KSP residual norm 1.465043e-07
 22 (restart 0) KSP residual norm 7.615437e-08
GMRES solver converged in 22 iterations (avg. reduction factor: 4.207e-01)
  Residual norms for GMRES solve
  0 (restart 0) KSP residual norm 2.357517e+01
  1 (restart 0) KSP residual norm 9.845824e+00
  2 (restart 0) KSP residual norm 2.152948e+00
  3 (restart 0) KSP residual norm 8.004136e-01
  4 (restart 0) KSP residual norm 2.560981e-01
  5 (restart 0) KSP residual norm 9.602373e-02
  6 (restart 0) KSP residual norm 2.422886e-02
  7 (restart 0) KSP residual norm 1.109478e-02
  8 (restart 0) KSP residual norm 4.395895e-03
  9 (restart 0) KSP residual norm 1.910560e-03
 10 (restart 0) KSP residual norm 1.179541e-03
 11 (restart 0) KSP residual norm 5.231893e-04
 12 (restart 0) KSP residual norm 2.538497e-04
 13 (restart 0) KSP residual norm 1.388847e-04
 14 (restart 0) KSP residual norm 5.464501e-05
 15 (restart 0) KSP residual norm 2.708179e-05
 16 (restart 0) KSP residual norm 1.310015e-05
 17 (restart 0) KSP residual norm 6.401054e-06
 18 (restart 0) KSP residual norm 2.573551e-06
 19 (restart 0) KSP residual norm 1.084732e-06
 20 (restart 0) KSP residual norm 5.127560e-07
 21 (restart 0) KSP residual norm 1.951347e-07
GMRES solver converged in 21 iterations (avg. reduction factor: 4.122e-01)
  Residual norms for GMRES solve
  0 (restart 0) KSP residual norm 1.505910e+01
  1 (restart 0) KSP residual norm 7.503273e+00
  2 (restart 0) KSP residual norm 2.437302e+00
  3 (restart 0) KSP residual norm 5.365008e-01
  4 (restart 0) KSP residual norm 1.966529e-01
  5 (restart 0) KSP residual norm 9.741068e-02
  6 (restart 0) KSP residual norm 2.483284e-02
  7 (restart 0) KSP residual norm 9.552140e-03
  8 (restart 0) KSP residual norm 5.196463e-03
  9 (restart 0) KSP residual norm 2.469779e-03
 10 (restart 0) KSP residual norm 1.165109e-03
 11 (restart 0) KSP residual norm 5.606353e-04
 12 (restart 0) KSP residual norm 2.332931e-04
 13 (restart 0) KSP residual norm 1.298306e-04
 14 (restart 0) KSP residual norm 5.225075e-05
 15 (restart 0) KSP residual norm 2.315112e-05
 16 (restart 0) KSP residual norm 9.844900e-06
 17 (restart 0) KSP residual norm 4.471348e-06
 18 (restart 0) KSP residual norm 2.282505e-06
 19 (restart 0) KSP residual norm 1.151941e-06
 20 (restart 0) KSP residual norm 5.022215e-07
 21 (restart 0) KSP residual norm 2.142544e-07
 22 (restart 0) KSP residual norm 1.011805e-07
GMRES solver converged in 22 iterations (avg. reduction factor: 4.251e-01)
  Residual norms for GMRES solve
  0 (restart 0) KSP residual norm 3.934339e+01
  1 (restart 0) KSP residual norm 1.220618e+01
  2 (restart 0) KSP residual norm 2.160082e+00
  3 (restart 0) KSP residual norm 6.554790e-01
  4 (restart 0) KSP residual norm 2.757498e-01
  5 (restart 0) KSP residual norm 9.293065e-02
  6 (restart 0) KSP residual norm 2.688545e-02
  7 (restart 0) KSP residual norm 1.536331e-02
  8 (restart 0) KSP residual norm 6.040959e-03
  9 (restart 0) KSP residual norm 3.111185e-03
 10 (restart 0) KSP residual norm 1.565584e-03
 11 (restart 0) KSP residual norm 6.274234e-04
 12 (restart 0) KSP residual norm 3.033831e-04
 13 (restart 0) KSP residual norm 1.473315e-04
 14 (restart 0) KSP residual norm 5.777530e-05
 15 (restart 0) KSP residual norm 2.575921e-05
 16 (restart 0) KSP residual norm 9.830476e-06
 17 (restart 0) KSP residual norm 4.661698e-06
 18 (restart 0) KSP residual norm 2.234784e-06
 19 (restart 0) KSP residual norm 1.154245e-06
 20 (restart 0) KSP residual norm 5.107402e-07
 21 (restart 0) KSP residual norm 2.408366e-07
GMRES solver converged in 21 iterations (avg. reduction factor: 4.063e-01)
  Residual norms for GMRES solve
  0 (restart 0) KSP residual norm 1.166662e+01
  1 (restart 0) KSP residual norm 3.438552e+00
  2 (restart 0) KSP residual norm 1.390550e+00
  3 (restart 0) KSP residual norm 4.261034e-01
  4 (restart 0) KSP residual norm 2.742892e-01
  5 (restart 0) KSP residual norm 8.846280e-02
  6 (restart 0) KSP residual norm 2.725492e-02
  7 (restart 0) KSP residual norm 1.517147e-02
  8 (restart 0) KSP residual norm 6.873824e-03
  9 (restart 0) KSP residual norm 2.893238e-03
 10 (restart 0) KSP residual norm 1.366345e-03
 11 (restart 0) KSP residual norm 5.976222e-04
 12 (restart 0) KSP residual norm 2.324418e-04
 13 (restart 0) KSP residual norm 1.210268e-04
 14 (restart 0) KSP residual norm 5.461158e-05
 15 (restart 0) KSP residual norm 2.466548e-05
 16 (restart 0) KSP residual norm 1.085415e-05
 17 (restart 0) KSP residual norm 5.314520e-06
 18 (restart 0) KSP residual norm 2.705518e-06
 19 (restart 0) KSP residual norm 1.209543e-06
 20 (restart 0) KSP residual norm 5.197225e-07
 21 (restart 0) KSP residual norm 2.513477e-07
 22 (restart 0) KSP residual norm 1.128914e-07
GMRES solver converged in 22 iterations (avg. reduction factor: 4.322e-01)
  Residual norms for GMRES solve
  0 (restart 0) KSP residual norm 1.191931e+01
  1 (restart 0) KSP residual norm 5.136119e+00
  2 (restart 0) KSP residual norm 1.775961e+00
  3 (restart 0) KSP residual norm 4.811253e-01
  4 (restart 0) KSP residual norm 3.478304e-01
  5 (restart 0) KSP residual norm 9.975834e-02
  6 (restart 0) KSP residual norm 3.742365e-02
  7 (restart 0) KSP residual norm 1.744272e-02
  8 (restart 0) KSP residual norm 5.483641e-03
  9 (restart 0) KSP residual norm 2.851045e-03
 10 (restart 0) KSP residual norm 1.221182e-03
 11 (restart 0) KSP residual norm 5.089808e-04
 12 (restart 0) KSP residual norm 2.149474e-04
 13 (restart 0) KSP residual norm 1.230490e-04
 14 (restart 0) KSP residual norm 4.697850e-05
 15 (restart 0) KSP residual norm 2.261084e-05
 16 (restart 0) KSP residual norm 1.021322e-05
 17 (restart 0) KSP residual norm 5.501453e-06
 18 (restart 0) KSP residual norm 2.415959e-06
 19 (restart 0) KSP residual norm 1.114715e-06
 20 (restart 0) KSP residual norm 4.519811e-07
 21 (restart 0) KSP residual norm 2.152345e-07
 22 (restart 0) KSP residual norm 1.010416e-07
GMRES solver converged in 22 iterations (avg. reduction factor: 4.296e-01)
  Residual norms for GMRES solve
  0 (restart 0) KSP residual norm 9.666594e+00
  1 (restart 0) KSP residual norm 4.407294e+00
  2 (restart 0) KSP residual norm 1.508330e+00
  3 (restart 0) KSP residual norm 3.868589e-01
  4 (restart 0) KSP residual norm 2.494606e-01
  5 (restart 0) KSP residual norm 9.623796e-02
  6 (restart 0) KSP residual norm 3.538809e-02
  7 (restart 0) KSP residual norm 1.739119e-02
  8 (restart 0) KSP residual norm 5.832093e-03
  9 (restart 0) KSP residual norm 3.089570e-03
 10 (restart 0) KSP residual norm 1.430778e-03
 11 (restart 0) KSP residual norm 6.303225e-04
 12 (restart 0) KSP residual norm 2.232959e-04
 13 (restart 0) KSP residual norm 1.192984e-04
 14 (restart 0) KSP residual norm 5.298280e-05
 15 (restart 0) KSP residual norm 2.498059e-05
 16 (restart 0) KSP residual norm 1.022431e-05
 17 (restart 0) KSP residual norm 5.404868e-06
 18 (restart 0) KSP residual norm 2.706557e-06
 19 (restart 0) KSP residual norm 1.331011e-06
 20 (restart 0) KSP residual norm 5.348397e-07
 21 (restart 0) KSP residual norm 2.470944e-07
 22 (restart 0) KSP residual norm 1.068795e-07
 23 (restart 0) KSP residual norm 5.171026e-08
GMRES solver converged in 23 iterations (avg. reduction factor: 4.369e-01)
  2 EPS nconv=8 first unconverged value (error) -0.00180227+0.398392i (2.26836858e-02)

 Linear eigensolve converged (8 eigenpairs) due to CONVERGED_TOL; iterations 2
 Total number of linear systems solved: 27
 Total number of linear solver iterations: 587
 Found 8 converged eigenvalues (first = -1.110e-02+9.029e+00i)

 Refining eigenvalues with Quasi-Newton solver
  Residual norms for GMRES solve
  0 (restart 0) KSP residual norm 1.129279e+01
  1 (restart 0) KSP residual norm 4.128688e-01
  2 (restart 0) KSP residual norm 1.046715e-01
  3 (restart 0) KSP residual norm 9.775962e-02
  4 (restart 0) KSP residual norm 9.173624e-02
  5 (restart 0) KSP residual norm 8.859389e-02
  6 (restart 0) KSP residual norm 8.668738e-02
  7 (restart 0) KSP residual norm 8.496172e-02
  8 (restart 0) KSP residual norm 7.609610e-02
  9 (restart 0) KSP residual norm 5.590343e-02
 10 (restart 0) KSP residual norm 5.402838e-02
 11 (restart 0) KSP residual norm 4.872766e-02
 12 (restart 0) KSP residual norm 4.590218e-02
 13 (restart 0) KSP residual norm 4.217300e-02
 14 (restart 0) KSP residual norm 3.891353e-02
 15 (restart 0) KSP residual norm 3.589961e-02
 16 (restart 0) KSP residual norm 3.421145e-02
 17 (restart 0) KSP residual norm 3.053587e-02
 18 (restart 0) KSP residual norm 3.039912e-02
 19 (restart 0) KSP residual norm 2.479615e-02
 20 (restart 0) KSP residual norm 2.461974e-02
 21 (restart 0) KSP residual norm 2.273590e-02
 22 (restart 0) KSP residual norm 2.174979e-02
 23 (restart 0) KSP residual norm 1.998045e-02
 24 (restart 0) KSP residual norm 1.309725e-02
 25 (restart 0) KSP residual norm 6.332448e-03
 26 (restart 0) KSP residual norm 3.098838e-03
 27 (restart 0) KSP residual norm 1.452699e-03
 28 (restart 0) KSP residual norm 6.921438e-04
GMRES solver converged in 28 iterations (avg. reduction factor: 7.072e-01)
0 NLEPS (nconv=0, restart=0) residual norm 8.299436e-04
  Residual norms for GMRES solve
  0 (restart 0) KSP residual norm 1.179144e-04
  1 (restart 0) KSP residual norm 3.923216e-05
  2 (restart 0) KSP residual norm 1.099018e-05
  3 (restart 0) KSP residual norm 5.984692e-06
  4 (restart 0) KSP residual norm 4.588653e-06
  5 (restart 0) KSP residual norm 2.193217e-06
  6 (restart 0) KSP residual norm 1.340365e-06
  7 (restart 0) KSP residual norm 1.162514e-06
  8 (restart 0) KSP residual norm 1.027617e-06
  9 (restart 0) KSP residual norm 1.008160e-06
 10 (restart 0) KSP residual norm 9.356099e-07
 11 (restart 0) KSP residual norm 8.843506e-07
 12 (restart 0) KSP residual norm 8.292536e-07
 13 (restart 0) KSP residual norm 7.895651e-07
 14 (restart 0) KSP residual norm 7.619833e-07
 15 (restart 0) KSP residual norm 6.815439e-07
 16 (restart 0) KSP residual norm 6.294893e-07
 17 (restart 0) KSP residual norm 5.887476e-07
 18 (restart 0) KSP residual norm 5.566756e-07
 19 (restart 0) KSP residual norm 5.192998e-07
 20 (restart 0) KSP residual norm 4.274310e-07
 21 (restart 0) KSP residual norm 4.202685e-07
 22 (restart 0) KSP residual norm 3.504937e-07
 23 (restart 0) KSP residual norm 3.479823e-07
 24 (restart 0) KSP residual norm 3.218336e-07
 25 (restart 0) KSP residual norm 3.141018e-07
 26 (restart 0) KSP residual norm 2.769800e-07
 27 (restart 0) KSP residual norm 2.656726e-07
 28 (restart 0) KSP residual norm 1.624779e-07
 29 (restart 0) KSP residual norm 8.348453e-08
 30 (restart 0) KSP residual norm 4.387049e-08
 31 (restart 0) KSP residual norm 2.086737e-08
 32 (restart 0) KSP residual norm 1.042585e-08
GMRES solver converged in 32 iterations (avg. reduction factor: 7.470e-01)
1 NLEPS (nconv=0, restart=0) residual norm 4.235703e-07
  Residual norms for GMRES solve
  0 (restart 0) KSP residual norm 1.321185e-08
  1 (restart 0) KSP residual norm 9.974364e-09
  2 (restart 0) KSP residual norm 9.165637e-09
  3 (restart 0) KSP residual norm 7.468106e-09
  4 (restart 0) KSP residual norm 7.080463e-09
  5 (restart 0) KSP residual norm 6.403797e-09
  6 (restart 0) KSP residual norm 6.292515e-09
  7 (restart 0) KSP residual norm 5.981875e-09
  8 (restart 0) KSP residual norm 5.726290e-09
  9 (restart 0) KSP residual norm 5.470963e-09
 10 (restart 0) KSP residual norm 4.896887e-09
 11 (restart 0) KSP residual norm 4.739791e-09
 12 (restart 0) KSP residual norm 4.256304e-09
 13 (restart 0) KSP residual norm 4.166142e-09
 14 (restart 0) KSP residual norm 4.060023e-09
 15 (restart 0) KSP residual norm 3.782619e-09
 16 (restart 0) KSP residual norm 3.772667e-09
 17 (restart 0) KSP residual norm 3.533251e-09
 18 (restart 0) KSP residual norm 3.529884e-09
 19 (restart 0) KSP residual norm 3.485425e-09
 20 (restart 0) KSP residual norm 3.460364e-09
 21 (restart 0) KSP residual norm 3.437400e-09
 22 (restart 0) KSP residual norm 3.426256e-09
 23 (restart 0) KSP residual norm 3.246408e-09
 24 (restart 0) KSP residual norm 2.900281e-09
 25 (restart 0) KSP residual norm 2.217010e-09
 26 (restart 0) KSP residual norm 1.466093e-09
 27 (restart 0) KSP residual norm 9.029237e-10
 28 (restart 0) KSP residual norm 5.283549e-10
 29 (restart 0) KSP residual norm 2.707575e-10
 30 (restart 0) KSP residual norm 1.302347e-10
 31 (restart 0) KSP residual norm 6.113930e-11
 32 (restart 0) KSP residual norm 2.869183e-11
 33 (restart 0) KSP residual norm 1.412915e-11
 34 (restart 0) KSP residual norm 6.501700e-12
 35 (restart 0) KSP residual norm 3.097111e-12
 36 (restart 0) KSP residual norm 1.366391e-12
 37 (restart 0) KSP residual norm 6.413768e-13
GMRES solver converged in 37 iterations (avg. reduction factor: 7.646e-01)
2 NLEPS (nconv=0, restart=0) residual norm 5.911620e-10
Eigenvalue 0, Quasi-Newton converged in 2 iterations (-1.876e-02+9.090e+00i).
  Residual norms for GMRES solve
  0 (restart 0) KSP residual norm 1.001973e+01
  1 (restart 0) KSP residual norm 2.746664e+00
  2 (restart 0) KSP residual norm 5.726157e-01
  3 (restart 0) KSP residual norm 3.074656e-01
  4 (restart 0) KSP residual norm 9.630320e-02
  5 (restart 0) KSP residual norm 7.871547e-02
  6 (restart 0) KSP residual norm 7.363465e-02
  7 (restart 0) KSP residual norm 7.329096e-02
  8 (restart 0) KSP residual norm 7.097969e-02
  9 (restart 0) KSP residual norm 6.686425e-02
 10 (restart 0) KSP residual norm 6.334045e-02
 11 (restart 0) KSP residual norm 6.227490e-02
 12 (restart 0) KSP residual norm 5.605557e-02
 13 (restart 0) KSP residual norm 5.558746e-02
 14 (restart 0) KSP residual norm 5.468162e-02
 15 (restart 0) KSP residual norm 5.397974e-02
 16 (restart 0) KSP residual norm 5.325163e-02
 17 (restart 0) KSP residual norm 5.325106e-02
 18 (restart 0) KSP residual norm 5.270095e-02
 19 (restart 0) KSP residual norm 5.232505e-02
 20 (restart 0) KSP residual norm 5.231763e-02
 21 (restart 0) KSP residual norm 5.099695e-02
 22 (restart 0) KSP residual norm 5.058140e-02
 23 (restart 0) KSP residual norm 4.966040e-02
 24 (restart 0) KSP residual norm 4.801608e-02
 25 (restart 0) KSP residual norm 4.045650e-02
 26 (restart 0) KSP residual norm 2.647978e-02
 27 (restart 0) KSP residual norm 1.413599e-02
 28 (restart 0) KSP residual norm 7.032519e-03
 29 (restart 0) KSP residual norm 3.626119e-03
 30 (restart 0) KSP residual norm 1.680575e-03
 31 (restart 0) KSP residual norm 7.499149e-04
GMRES solver converged in 31 iterations (avg. reduction factor: 7.361e-01)
0 NLEPS (nconv=1, restart=0) residual norm 1.228746e-01
  Residual norms for GMRES solve
  0 (restart 0) KSP residual norm 8.641189e-01
  1 (restart 0) KSP residual norm 8.513401e-01
  2 (restart 0) KSP residual norm 1.538203e-01
  3 (restart 0) KSP residual norm 4.269763e-02
  4 (restart 0) KSP residual norm 2.843368e-02
  5 (restart 0) KSP residual norm 2.738940e-02
  6 (restart 0) KSP residual norm 1.204292e-02
  7 (restart 0) KSP residual norm 7.307597e-03
  8 (restart 0) KSP residual norm 5.862856e-03
  9 (restart 0) KSP residual norm 5.768830e-03
 10 (restart 0) KSP residual norm 5.630645e-03
 11 (restart 0) KSP residual norm 5.593632e-03
 12 (restart 0) KSP residual norm 5.581635e-03
 13 (restart 0) KSP residual norm 5.406918e-03
 14 (restart 0) KSP residual norm 5.237627e-03
 15 (restart 0) KSP residual norm 5.185535e-03
 16 (restart 0) KSP residual norm 5.070865e-03
 17 (restart 0) KSP residual norm 5.042039e-03
 18 (restart 0) KSP residual norm 4.990131e-03
 19 (restart 0) KSP residual norm 4.989464e-03
 20 (restart 0) KSP residual norm 4.805767e-03
 21 (restart 0) KSP residual norm 4.735912e-03
 22 (restart 0) KSP residual norm 4.733675e-03
 23 (restart 0) KSP residual norm 4.701903e-03
 24 (restart 0) KSP residual norm 4.587069e-03
 25 (restart 0) KSP residual norm 4.542813e-03
 26 (restart 0) KSP residual norm 4.428167e-03
 27 (restart 0) KSP residual norm 4.066665e-03
 28 (restart 0) KSP residual norm 3.047955e-03
 29 (restart 0) KSP residual norm 1.559760e-03
 30 (restart 0) KSP residual norm 8.323166e-04
 31 (restart 0) KSP residual norm 3.621868e-04
 32 (restart 0) KSP residual norm 1.909650e-04
 33 (restart 0) KSP residual norm 8.499234e-05
GMRES solver converged in 33 iterations (avg. reduction factor: 7.561e-01)
1 NLEPS (nconv=1, restart=0) residual norm 7.122646e-04
  Residual norms for GMRES solve
  0 (restart 0) KSP residual norm 7.485952e-08
  1 (restart 0) KSP residual norm 6.736963e-08
  2 (restart 0) KSP residual norm 3.705455e-08
  3 (restart 0) KSP residual norm 2.091576e-08
  4 (restart 0) KSP residual norm 1.022327e-08
  5 (restart 0) KSP residual norm 6.112253e-09
  6 (restart 0) KSP residual norm 3.822149e-09
  7 (restart 0) KSP residual norm 2.978565e-09
  8 (restart 0) KSP residual norm 2.854715e-09
  9 (restart 0) KSP residual norm 2.808145e-09
 10 (restart 0) KSP residual norm 2.619251e-09
 11 (restart 0) KSP residual norm 2.608110e-09
 12 (restart 0) KSP residual norm 2.274676e-09
 13 (restart 0) KSP residual norm 1.699643e-09
 14 (restart 0) KSP residual norm 1.284109e-09
 15 (restart 0) KSP residual norm 6.621390e-10
 16 (restart 0) KSP residual norm 4.144416e-10
 17 (restart 0) KSP residual norm 3.346664e-10
 18 (restart 0) KSP residual norm 2.923021e-10
 19 (restart 0) KSP residual norm 2.880921e-10
 20 (restart 0) KSP residual norm 2.868093e-10
 21 (restart 0) KSP residual norm 2.863522e-10
 22 (restart 0) KSP residual norm 2.854195e-10
 23 (restart 0) KSP residual norm 2.852981e-10
 24 (restart 0) KSP residual norm 2.844270e-10
 25 (restart 0) KSP residual norm 2.843642e-10
 26 (restart 0) KSP residual norm 2.833653e-10
 27 (restart 0) KSP residual norm 2.785932e-10
 28 (restart 0) KSP residual norm 2.730579e-10
 29 (restart 0) KSP residual norm 2.716177e-10
 30 (restart 0) KSP residual norm 2.680846e-10
 31 (restart 0) KSP residual norm 2.673240e-10
 32 (restart 0) KSP residual norm 2.418452e-10
 33 (restart 0) KSP residual norm 1.948478e-10
 34 (restart 0) KSP residual norm 1.399299e-10
 35 (restart 0) KSP residual norm 6.812642e-11
 36 (restart 0) KSP residual norm 3.219425e-11
 37 (restart 0) KSP residual norm 1.533461e-11
 38 (restart 0) KSP residual norm 7.197925e-12
GMRES solver converged in 38 iterations (avg. reduction factor: 7.840e-01)
2 NLEPS (nconv=1, restart=0) residual norm 1.118125e-07
  Residual norms for GMRES solve
  0 (restart 0) KSP residual norm 6.844651e-10
  1 (restart 0) KSP residual norm 5.924272e-10
  2 (restart 0) KSP residual norm 7.249855e-11
  3 (restart 0) KSP residual norm 3.768389e-11
  4 (restart 0) KSP residual norm 3.740841e-11
  5 (restart 0) KSP residual norm 3.608885e-11
  6 (restart 0) KSP residual norm 3.557447e-11
  7 (restart 0) KSP residual norm 3.475525e-11
  8 (restart 0) KSP residual norm 3.474266e-11
  9 (restart 0) KSP residual norm 3.392025e-11
 10 (restart 0) KSP residual norm 3.289128e-11
 11 (restart 0) KSP residual norm 3.135433e-11
 12 (restart 0) KSP residual norm 3.121100e-11
 13 (restart 0) KSP residual norm 3.042838e-11
 14 (restart 0) KSP residual norm 2.936103e-11
 15 (restart 0) KSP residual norm 2.876377e-11
 16 (restart 0) KSP residual norm 2.870981e-11
 17 (restart 0) KSP residual norm 2.870271e-11
 18 (restart 0) KSP residual norm 2.867903e-11
 19 (restart 0) KSP residual norm 2.840904e-11
 20 (restart 0) KSP residual norm 2.826269e-11
 21 (restart 0) KSP residual norm 2.809556e-11
 22 (restart 0) KSP residual norm 2.779300e-11
 23 (restart 0) KSP residual norm 2.731473e-11
 24 (restart 0) KSP residual norm 2.655085e-11
 25 (restart 0) KSP residual norm 2.310398e-11
 26 (restart 0) KSP residual norm 1.592140e-11
 27 (restart 0) KSP residual norm 1.027175e-11
 28 (restart 0) KSP residual norm 5.187652e-12
 29 (restart 0) KSP residual norm 2.661200e-12
 30 (restart 0) KSP residual norm 1.272323e-12
 31 (restart 0) KSP residual norm 6.452560e-13
GMRES solver converged in 31 iterations (avg. reduction factor: 7.987e-01)
3 NLEPS (nconv=1, restart=0) residual norm 1.708364e-10
Eigenvalue 1, Quasi-Newton converged in 3 iterations (-1.989e-04+9.675e+00i).
  Residual norms for GMRES solve
  0 (restart 0) KSP residual norm 1.001773e+01
  1 (restart 0) KSP residual norm 2.191938e+00
  2 (restart 0) KSP residual norm 6.090734e-01
  3 (restart 0) KSP residual norm 3.115095e-01
  4 (restart 0) KSP residual norm 9.845608e-02
  5 (restart 0) KSP residual norm 8.117430e-02
  6 (restart 0) KSP residual norm 7.660408e-02
  7 (restart 0) KSP residual norm 7.527588e-02
  8 (restart 0) KSP residual norm 7.450006e-02
  9 (restart 0) KSP residual norm 6.788588e-02
 10 (restart 0) KSP residual norm 4.687051e-02
 11 (restart 0) KSP residual norm 2.340764e-02
 12 (restart 0) KSP residual norm 1.748274e-02
 13 (restart 0) KSP residual norm 1.542757e-02
 14 (restart 0) KSP residual norm 1.459260e-02
 15 (restart 0) KSP residual norm 1.370966e-02
 16 (restart 0) KSP residual norm 1.336988e-02
 17 (restart 0) KSP residual norm 1.307435e-02
 18 (restart 0) KSP residual norm 1.295986e-02
 19 (restart 0) KSP residual norm 1.284074e-02
 20 (restart 0) KSP residual norm 1.283085e-02
 21 (restart 0) KSP residual norm 1.280604e-02
 22 (restart 0) KSP residual norm 1.278862e-02
 23 (restart 0) KSP residual norm 1.277887e-02
 24 (restart 0) KSP residual norm 1.269456e-02
 25 (restart 0) KSP residual norm 1.237411e-02
 26 (restart 0) KSP residual norm 1.172776e-02
 27 (restart 0) KSP residual norm 9.386319e-03
 28 (restart 0) KSP residual norm 6.046238e-03
 29 (restart 0) KSP residual norm 3.466961e-03
 30 (restart 0) KSP residual norm 1.620360e-03
 31 (restart 0) KSP residual norm 7.325268e-04
GMRES solver converged in 31 iterations (avg. reduction factor: 7.355e-01)
0 NLEPS (nconv=2, restart=0) residual norm 1.470573e-01
  Residual norms for GMRES solve
  0 (restart 0) KSP residual norm 2.719373e+01
  1 (restart 0) KSP residual norm 2.372341e+01
  2 (restart 0) KSP residual norm 1.714374e+00
  3 (restart 0) KSP residual norm 9.696016e-01
  4 (restart 0) KSP residual norm 9.644054e-01
  5 (restart 0) KSP residual norm 8.574450e-01
  6 (restart 0) KSP residual norm 8.189010e-01
  7 (restart 0) KSP residual norm 6.464328e-01
  8 (restart 0) KSP residual norm 4.282013e-01
  9 (restart 0) KSP residual norm 1.813706e-01
 10 (restart 0) KSP residual norm 8.413369e-02
 11 (restart 0) KSP residual norm 5.031316e-02
 12 (restart 0) KSP residual norm 2.798907e-02
 13 (restart 0) KSP residual norm 1.198625e-02
 14 (restart 0) KSP residual norm 1.099908e-02
 15 (restart 0) KSP residual norm 9.658976e-03
 16 (restart 0) KSP residual norm 9.306971e-03
 17 (restart 0) KSP residual norm 9.278723e-03
 18 (restart 0) KSP residual norm 9.218473e-03
 19 (restart 0) KSP residual norm 9.199566e-03
 20 (restart 0) KSP residual norm 9.190404e-03
 21 (restart 0) KSP residual norm 9.168311e-03
 22 (restart 0) KSP residual norm 9.075224e-03
 23 (restart 0) KSP residual norm 9.026441e-03
 24 (restart 0) KSP residual norm 8.874836e-03
 25 (restart 0) KSP residual norm 8.773568e-03
 26 (restart 0) KSP residual norm 8.605092e-03
 27 (restart 0) KSP residual norm 7.411715e-03
 28 (restart 0) KSP residual norm 5.855678e-03
 29 (restart 0) KSP residual norm 3.281855e-03
 30 (restart 0) KSP residual norm 1.707347e-03
GMRES solver converged in 30 iterations (avg. reduction factor: 7.243e-01)
1 NLEPS (nconv=2, restart=0) residual norm 1.603069e-03
  Residual norms for GMRES solve
  0 (restart 0) KSP residual norm 6.550437e-06
  1 (restart 0) KSP residual norm 1.515016e-06
  2 (restart 0) KSP residual norm 3.162803e-07
  3 (restart 0) KSP residual norm 2.498085e-07
  4 (restart 0) KSP residual norm 1.864808e-07
  5 (restart 0) KSP residual norm 1.630617e-07
  6 (restart 0) KSP residual norm 1.481609e-07
  7 (restart 0) KSP residual norm 1.428051e-07
  8 (restart 0) KSP residual norm 1.421438e-07
  9 (restart 0) KSP residual norm 1.374096e-07
 10 (restart 0) KSP residual norm 1.307735e-07
 11 (restart 0) KSP residual norm 9.654014e-08
 12 (restart 0) KSP residual norm 7.152092e-08
 13 (restart 0) KSP residual norm 4.356583e-08
 14 (restart 0) KSP residual norm 2.380990e-08
 15 (restart 0) KSP residual norm 1.236414e-08
 16 (restart 0) KSP residual norm 6.576933e-09
 17 (restart 0) KSP residual norm 3.040973e-09
 18 (restart 0) KSP residual norm 1.604523e-09
 19 (restart 0) KSP residual norm 9.875478e-10
 20 (restart 0) KSP residual norm 7.852642e-10
 21 (restart 0) KSP residual norm 7.370105e-10
 22 (restart 0) KSP residual norm 7.259280e-10
 23 (restart 0) KSP residual norm 7.237422e-10
 24 (restart 0) KSP residual norm 7.203659e-10
 25 (restart 0) KSP residual norm 7.150672e-10
 26 (restart 0) KSP residual norm 7.131467e-10
 27 (restart 0) KSP residual norm 7.126094e-10
 28 (restart 0) KSP residual norm 7.122965e-10
 29 (restart 0) KSP residual norm 7.093782e-10
 30 (restart 0) KSP residual norm 7.072808e-10
 31 (restart 0) KSP residual norm 7.066645e-10
 32 (restart 0) KSP residual norm 6.983193e-10
 33 (restart 0) KSP residual norm 6.454404e-10
GMRES solver converged in 33 iterations (avg. reduction factor: 7.561e-01)
2 NLEPS (nconv=2, restart=0) residual norm 5.562398e-07
  Residual norms for GMRES solve
  0 (restart 0) KSP residual norm 5.672981e-08
  1 (restart 0) KSP residual norm 3.832154e-09
  2 (restart 0) KSP residual norm 5.034735e-10
  3 (restart 0) KSP residual norm 4.619333e-10
  4 (restart 0) KSP residual norm 3.492884e-10
  5 (restart 0) KSP residual norm 3.036660e-10
  6 (restart 0) KSP residual norm 2.871718e-10
  7 (restart 0) KSP residual norm 2.815197e-10
  8 (restart 0) KSP residual norm 2.808639e-10
  9 (restart 0) KSP residual norm 2.774280e-10
 10 (restart 0) KSP residual norm 2.605095e-10
 11 (restart 0) KSP residual norm 2.237366e-10
 12 (restart 0) KSP residual norm 1.813311e-10
 13 (restart 0) KSP residual norm 1.309540e-10
 14 (restart 0) KSP residual norm 1.083254e-10
 15 (restart 0) KSP residual norm 1.017424e-10
 16 (restart 0) KSP residual norm 1.007235e-10
 17 (restart 0) KSP residual norm 9.954908e-11
 18 (restart 0) KSP residual norm 9.932359e-11
 19 (restart 0) KSP residual norm 9.911305e-11
 20 (restart 0) KSP residual norm 9.895360e-11
 21 (restart 0) KSP residual norm 9.880031e-11
 22 (restart 0) KSP residual norm 9.857893e-11
 23 (restart 0) KSP residual norm 9.654724e-11
 24 (restart 0) KSP residual norm 9.472950e-11
 25 (restart 0) KSP residual norm 9.134063e-11
 26 (restart 0) KSP residual norm 9.015248e-11
 27 (restart 0) KSP residual norm 8.821822e-11
 28 (restart 0) KSP residual norm 7.690811e-11
 29 (restart 0) KSP residual norm 5.109269e-11
 30 (restart 0) KSP residual norm 2.808870e-11
 31 (restart 0) KSP residual norm 1.455190e-11
 32 (restart 0) KSP residual norm 7.228844e-12
 33 (restart 0) KSP residual norm 3.480790e-12
 34 (restart 0) KSP residual norm 1.649401e-12
 35 (restart 0) KSP residual norm 8.089744e-13
GMRES solver converged in 35 iterations (avg. reduction factor: 7.270e-01)
3 NLEPS (nconv=2, restart=0) residual norm 1.134358e-10
Eigenvalue 2, Quasi-Newton converged in 3 iterations (-1.990e-04+9.676e+00i).
  Residual norms for GMRES solve
  0 (restart 0) KSP residual norm 1.144822e+01
  1 (restart 0) KSP residual norm 4.873363e-01
  2 (restart 0) KSP residual norm 3.651335e-01
  3 (restart 0) KSP residual norm 1.868568e-01
  4 (restart 0) KSP residual norm 1.559139e-01
  5 (restart 0) KSP residual norm 1.524999e-01
  6 (restart 0) KSP residual norm 1.358165e-01
  7 (restart 0) KSP residual norm 1.116145e-01
  8 (restart 0) KSP residual norm 9.373436e-02
  9 (restart 0) KSP residual norm 4.337171e-02
 10 (restart 0) KSP residual norm 3.656513e-02
 11 (restart 0) KSP residual norm 3.613007e-02
 12 (restart 0) KSP residual norm 2.617000e-02
 13 (restart 0) KSP residual norm 2.288600e-02
 14 (restart 0) KSP residual norm 1.729700e-02
 15 (restart 0) KSP residual norm 1.386759e-02
 16 (restart 0) KSP residual norm 1.315709e-02
 17 (restart 0) KSP residual norm 1.250571e-02
 18 (restart 0) KSP residual norm 1.223376e-02
 19 (restart 0) KSP residual norm 1.140399e-02
 20 (restart 0) KSP residual norm 1.083879e-02
 21 (restart 0) KSP residual norm 9.711385e-03
 22 (restart 0) KSP residual norm 6.939956e-03
 23 (restart 0) KSP residual norm 4.260182e-03
 24 (restart 0) KSP residual norm 2.297675e-03
 25 (restart 0) KSP residual norm 1.200271e-03
 26 (restart 0) KSP residual norm 5.479626e-04
GMRES solver converged in 26 iterations (avg. reduction factor: 6.821e-01)
0 NLEPS (nconv=3, restart=0) residual norm 2.106143e-01
  Residual norms for GMRES solve
  0 (restart 0) KSP residual norm 3.859149e+00
  1 (restart 0) KSP residual norm 2.571466e+00
  2 (restart 0) KSP residual norm 3.020364e-01
  3 (restart 0) KSP residual norm 1.223522e-01
  4 (restart 0) KSP residual norm 6.681499e-02
  5 (restart 0) KSP residual norm 4.565970e-02
  6 (restart 0) KSP residual norm 3.938476e-02
  7 (restart 0) KSP residual norm 3.579814e-02
  8 (restart 0) KSP residual norm 3.372240e-02
  9 (restart 0) KSP residual norm 2.700404e-02
 10 (restart 0) KSP residual norm 2.697467e-02
 11 (restart 0) KSP residual norm 2.201882e-02
 12 (restart 0) KSP residual norm 1.919896e-02
 13 (restart 0) KSP residual norm 1.870445e-02
 14 (restart 0) KSP residual norm 1.794443e-02
 15 (restart 0) KSP residual norm 1.772910e-02
 16 (restart 0) KSP residual norm 1.727910e-02
 17 (restart 0) KSP residual norm 1.655278e-02
 18 (restart 0) KSP residual norm 1.608201e-02
 19 (restart 0) KSP residual norm 1.537387e-02
 20 (restart 0) KSP residual norm 1.533427e-02
 21 (restart 0) KSP residual norm 1.381199e-02
 22 (restart 0) KSP residual norm 1.202889e-02
 23 (restart 0) KSP residual norm 8.162460e-03
 24 (restart 0) KSP residual norm 4.192214e-03
 25 (restart 0) KSP residual norm 1.908034e-03
 26 (restart 0) KSP residual norm 8.299503e-04
 27 (restart 0) KSP residual norm 3.999090e-04
 28 (restart 0) KSP residual norm 1.861532e-04
GMRES solver converged in 28 iterations (avg. reduction factor: 7.012e-01)
1 NLEPS (nconv=3, restart=0) residual norm 2.438349e-03
  Residual norms for GMRES solve
  0 (restart 0) KSP residual norm 2.202788e-05
  1 (restart 0) KSP residual norm 1.736084e-05
  2 (restart 0) KSP residual norm 4.165049e-06
  3 (restart 0) KSP residual norm 2.370081e-06
  4 (restart 0) KSP residual norm 1.889931e-06
  5 (restart 0) KSP residual norm 1.623467e-06
  6 (restart 0) KSP residual norm 1.541169e-06
  7 (restart 0) KSP residual norm 1.408935e-06
  8 (restart 0) KSP residual norm 1.394359e-06
  9 (restart 0) KSP residual norm 1.377725e-06
 10 (restart 0) KSP residual norm 1.228656e-06
 11 (restart 0) KSP residual norm 9.708957e-07
 12 (restart 0) KSP residual norm 6.016518e-07
 13 (restart 0) KSP residual norm 3.956174e-07
 14 (restart 0) KSP residual norm 3.250770e-07
 15 (restart 0) KSP residual norm 3.092539e-07
 16 (restart 0) KSP residual norm 3.074534e-07
 17 (restart 0) KSP residual norm 2.674725e-07
 18 (restart 0) KSP residual norm 2.659343e-07
 19 (restart 0) KSP residual norm 2.529579e-07
 20 (restart 0) KSP residual norm 2.505108e-07
 21 (restart 0) KSP residual norm 2.484876e-07
 22 (restart 0) KSP residual norm 2.436622e-07
 23 (restart 0) KSP residual norm 2.158194e-07
 24 (restart 0) KSP residual norm 1.468680e-07
 25 (restart 0) KSP residual norm 8.413183e-08
 26 (restart 0) KSP residual norm 3.994535e-08
 27 (restart 0) KSP residual norm 2.172627e-08
 28 (restart 0) KSP residual norm 1.097332e-08
 29 (restart 0) KSP residual norm 5.851407e-09
 30 (restart 0) KSP residual norm 2.795892e-09
 31 (restart 0) KSP residual norm 1.425964e-09
GMRES solver converged in 31 iterations (avg. reduction factor: 7.326e-01)
2 NLEPS (nconv=3, restart=0) residual norm 1.854141e-06
  Residual norms for GMRES solve
  0 (restart 0) KSP residual norm 3.317268e-07
  1 (restart 0) KSP residual norm 2.583162e-07
  2 (restart 0) KSP residual norm 1.281884e-07
  3 (restart 0) KSP residual norm 1.243890e-07
  4 (restart 0) KSP residual norm 5.991096e-08
  5 (restart 0) KSP residual norm 4.970918e-08
  6 (restart 0) KSP residual norm 3.430549e-08
  7 (restart 0) KSP residual norm 3.111446e-08
  8 (restart 0) KSP residual norm 3.007793e-08
  9 (restart 0) KSP residual norm 2.629133e-08
 10 (restart 0) KSP residual norm 2.182554e-08
 11 (restart 0) KSP residual norm 1.987449e-08
 12 (restart 0) KSP residual norm 1.763972e-08
 13 (restart 0) KSP residual norm 1.741072e-08
 14 (restart 0) KSP residual norm 1.685537e-08
 15 (restart 0) KSP residual norm 1.673229e-08
 16 (restart 0) KSP residual norm 1.662730e-08
 17 (restart 0) KSP residual norm 1.628741e-08
 18 (restart 0) KSP residual norm 1.578724e-08
 19 (restart 0) KSP residual norm 1.384717e-08
 20 (restart 0) KSP residual norm 1.174943e-08
 21 (restart 0) KSP residual norm 7.853129e-09
 22 (restart 0) KSP residual norm 4.246734e-09
 23 (restart 0) KSP residual norm 2.322566e-09
 24 (restart 0) KSP residual norm 1.154801e-09
 25 (restart 0) KSP residual norm 5.691979e-10
 26 (restart 0) KSP residual norm 2.558939e-10
 27 (restart 0) KSP residual norm 1.311561e-10
 28 (restart 0) KSP residual norm 6.136161e-11
 29 (restart 0) KSP residual norm 2.951403e-11
 30 (restart 0) KSP residual norm 1.330536e-11
 31 (restart 0) KSP residual norm 6.208235e-12
 32 (restart 0) KSP residual norm 2.969529e-12
 33 (restart 0) KSP residual norm 1.311414e-12
 34 (restart 0) KSP residual norm 5.917240e-13
GMRES solver converged in 34 iterations (avg. reduction factor: 6.775e-01)
3 NLEPS (nconv=3, restart=0) residual norm 2.667814e-09
Eigenvalue 3, Quasi-Newton converged in 3 iterations (-1.112e-02+9.029e+00i).

Computing solution error estimates and performing postprocessing

     m,        Re{f} (GHz),        Im{f} (GHz),                  Q,      Error (Bkwd.),       Error (Abs.)
     1,      +2.447562e+00,      +3.014480e-03,      +4.059679e+02,      +1.714280e-13,      +2.667690e-09
     2,      +2.464038e+00,      +5.084655e-03,      +2.423019e+02,      +3.797362e-14,      +5.911620e-10
     3,      +2.622864e+00,      +5.390839e-05,      +2.432705e+04,      +1.093189e-14,      +1.708350e-10
     4,      +2.623017e+00,      +5.393540e-05,      +2.431629e+04,      +7.258555e-15,      +1.134314e-10

Completed 0 iterations of adaptive mesh refinement (AMR):
 Indicator norm = nan, global unknowns = 462086
 Max. iterations = 0, tol. = 1.000e-02

Estimated peak per-rank memory usage is: Min. 276.5M, Max. 336.9M, Avg. 292.9M, Total 9.2G
Estimated peak per-node memory usage is: Min. 9.2G, Max. 9.2G, Avg. 9.2G, Total 9.2G

Elapsed Time Report (s)           Min.        Max.        Avg.
==============================================================
Initialization                   0.198       0.519       0.509
  Mesh Preprocessing             0.382       0.702       0.392
Operator Construction            2.620       2.666       2.659
Linear Solve                    16.466      16.824      16.708
  Setup                          5.939       5.939       5.939
  Preconditioner               189.987     190.588     190.235
  Coarse Solve                  16.675      17.142      16.850
Eigenvalue Solve                 1.808       1.877       1.863
Div.-Free Projection             9.398       9.409       9.406
Estimation                       0.041       0.044       0.042
  Construction                   0.421       0.421       0.421
  Solve                          1.845       1.848       1.847
Postprocessing                   0.588       0.591       0.589
Disk IO                          0.833       0.834       0.833
--------------------------------------------------------------
Total                          249.429     249.444     249.437

Peak Memory                   Per-Node       Total   Total HWM
==============================================================
Initialization                   53.6M       53.6M       53.6M
  Mesh Preprocessing            126.5M      126.5M      180.0M
Operator Construction             1.6G        1.6G        1.8G
Linear Solve                      1.0M        1.0M        1.8G
  Setup                         825.8M      825.8M        2.6G
  Preconditioner                 17.0M       17.0M        2.6G
  Coarse Solve                    4.5G        4.5G        7.0G
Eigenvalue Solve                254.5M      254.5M        7.3G
Div.-Free Projection            266.6M      266.6M        7.5G
Estimation                      187.6M      187.6M        7.7G
  Construction                  373.9M      373.9M        8.1G
  Solve                         126.6M      126.6M        8.2G
Postprocessing                    2.1M        2.1M        8.2G
Disk IO                          73.4M       73.4M        8.3G
--------------------------------------------------------------
Total                             8.7G        8.7G        8.7G

