=== watch armed 2026-09-06T16:11:50Z on /opt/amip/repo/experiments/resonance/h3-azimmap-01.log ===
       branch here: Q_L exceeds Q_ext — Q0 not derivable  beta=nan  (error amplification 0.0x)
    f0=2.438700 GHz  lw=0.19 MHz  Q_L=12,667  beta=0.4373  Q0=—  eta=— (reference case)
  --- ne=—  eps=+0.999  sigma=0.0014 S/m
    f0=2.438700 GHz  lw=0.22 MHz  Q_L=10,926  beta=0.3939  Q0=—  eta=— (reference case)
  --- ne=—  eps=+0.997  sigma=0.0028 S/m
    f0=2.438700 GHz  lw=0.26 MHz  Q_L=9,447  beta=0.3609  Q0=—  eta=— (reference case)
  --- ne=—  eps=+0.991  sigma=0.0083 S/m
    f0=2.438675 GHz  lw=0.51 MHz  Q_L=4,796  beta=0.2868  Q0=—  eta=— (reference case)
  --- ne=—  eps=+0.977  sigma=0.0204 S/m
    🔴 wide: 3 dB width not measurable (low: reached the band edge; high: turned at 2.4393 GHz before reaching 3 dB)
  --- ne=—  eps=+0.953  sigma=0.0413 S/m
    🔴 wide: 3 dB width not measurable (low: reached the band edge; high: turned at 2.4397 GHz before reaching 3 dB)
  --- ne=—  eps=+0.907  sigma=0.0826 S/m
    🔴 wide: 3 dB width not measurable (low: reached the band edge; high: turned at 2.4405 GHz before reaching 3 dB)
  🔴 SWEEP KEY COLLIDES — two points share a key, so the summary below is reporting only one of them.
  🔴 COLD LOCATOR PRODUCED NO FIT — no anchor and no seed. Nothing here is quotable.
  🔴 ne=7.9e+18 missing — THE OPERATING POINT WAS NOT MEASURED. (Do not substitute 1e20: different regime — the plasma shields there, delta/shell 0.30, vs 1.06 here.)
  🔴 ne=1e19 missing — the gap is NOT bridged (F2).
EXIT=0
✅ run finished
