=== watch armed 2026-08-30T16:47:34Z on /opt/amip/repo/experiments/resonance/h3-azimwidth-01.log ===
⚠️  the log ALREADY contains EXIT= — this run finished BEFORE the watch
    armed. Nothing to stream; read the log directly.
EXIT=1
=== watch armed 2026-08-30T17:11:53Z on /opt/amip/repo/experiments/resonance/h3-azimwidth-01.log ===
       pec: TE011 2.439217  Q=   43,755  P>=1.0000  spread=0.0000   (continuation -11.344 MHz)
⏸  case boundary — RE-ARM to continue watching
=== watch armed 2026-08-30T17:20:09Z on /opt/amip/repo/experiments/resonance/h3-azimwidth-01.log ===
    lumped: TE011 2.439219  Q=   34,622  P>=1.0000  spread=0.0000   (continuation -11.342 MHz)
    -> Q0=   43,755  Q_L=  34,622  Q_ext=  165,882  beta=  0.264  undercoupled
  --- loop AZIM standoff=2 arc=12.24 = 31 mm^2  (strip 5x1)  unwound=16.94 mm  centreline=2.500 mm  grooved
⏸  case boundary — RE-ARM to continue watching
=== watch armed 2026-08-30T17:29:48Z on /opt/amip/repo/experiments/resonance/h3-azimwidth-01.log ===
       pec: TE011 2.439176  Q=   43,568  P>=1.0000  spread=0.0000   (continuation -11.385 MHz)
⏸  case boundary — RE-ARM to continue watching
=== watch armed 2026-08-30T17:39:25Z on /opt/amip/repo/experiments/resonance/h3-azimwidth-01.log ===
    lumped: TE011 2.439180  Q=   29,465  P>=1.0000  spread=0.0000   (continuation -11.381 MHz)
    -> Q0=   43,568  Q_L=  29,465  Q_ext=   91,027  beta=  0.479  undercoupled
  --- loop AZIM standoff=2 arc=14.2 = 36 mm^2  (strip 5x1)  unwound=18.90 mm  centreline=2.500 mm  grooved
⏸  case boundary — RE-ARM to continue watching
=== watch armed 2026-08-30T17:49:02Z on /opt/amip/repo/experiments/resonance/h3-azimwidth-01.log ===
       pec: TE011 2.439079  Q=   43,354  P>=1.0000  spread=0.0000   (continuation -11.482 MHz)
⏸  case boundary — RE-ARM to continue watching
=== watch armed 2026-08-30T17:57:55Z on /opt/amip/repo/experiments/resonance/h3-azimwidth-01.log ===
    lumped: TE011 2.439086  Q=   24,013  P>=1.0000  spread=0.0000   (continuation -11.475 MHz)
    -> Q0=   43,354  Q_L=  24,013  Q_ext=   53,828  beta=  0.805  undercoupled
  --- loop AZIM standoff=2 arc=10.2 = 26 mm^2  (strip 2x1)  unwound=14.90 mm  centreline=2.500 mm  grooved
⏸  case boundary — RE-ARM to continue watching
=== watch armed 2026-08-30T18:07:30Z on /opt/amip/repo/experiments/resonance/h3-azimwidth-01.log ===
       pec: TE011 2.439160  Q=   43,921  P>=1.0000  spread=0.0000   (continuation -11.401 MHz)
⏸  case boundary — RE-ARM to continue watching
=== watch armed 2026-08-30T18:18:09Z on /opt/amip/repo/experiments/resonance/h3-azimwidth-01.log ===
    lumped: TE011 2.439161  Q=   35,872  P>=1.0000  spread=0.0000   (continuation -11.400 MHz)
    -> Q0=   43,921  Q_L=  35,872  Q_ext=  195,735  beta=  0.224  undercoupled
  --- loop AZIM standoff=2 arc=12.24 = 31 mm^2  (strip 2x1)  unwound=16.94 mm  centreline=2.500 mm  grooved
⏸  case boundary — RE-ARM to continue watching
