>> /opt/amip/envs/emsim/bin/mpirun -n 32 /opt/amip/palace/bin/palace-x86_64.bin h3_eigenprobe_ne20.json

_____________     _______
_____   __   \____ __   /____ ____________
____   /_/  /  __ ` /  /  __ ` /  ___/  _ \
___   _____/  /_/  /  /  /_/  /  /__/  ___/
  /__/     \___,__/__/\___,__/\_____\_____/

Git changeset ID: v0.17.0-293-g3c83b9db0
Running with 32 MPI processes, 1 OpenMP thread
Device configuration: omp,cpu
Memory configuration: host-std
libCEED backend: /cpu/self/xsmm/blocked

Added 9170 boundary elements for material interfaces to the mesh

Characteristic length and time scales:
 Lc = 1.760e-01 m, tc = 5.871e-01 ns
Finished partitioning mesh into 32 subdomains

Mesh curvature order: 2
Mesh bounding box:
 (Xmin, Ymin, Zmin) = (-8.800e-02, -8.800e-02, -5.771e-02) m
 (Xmax, Ymax, Zmax) = (+8.800e-02, +8.800e-02, +5.771e-02) m

Parallel Mesh Stats:

                minimum     average     maximum       total
 vertices           129         216         353        6923
 edges             1165        1454        1836       46541
 faces             2241        2450        2690       78410
 elements          1182        1212        1239       38791
 neighbors            6          11          22

            minimum     maximum
 h       0.00572697    0.192636
 kappa      1.03944     15.2766

Estimated current per-rank memory usage is: Min. 33.0M, Max. 62.9M, Avg. 34.3M, Total 1.1G
Estimated current per-node memory usage is: Min. 1.1G, Max. 1.1G, Avg. 1.1G, Total 1.1G

Configuring Robin finite conductivity BC at attributes:
 90: σ = 3.500e+07 S/m, n = (-0.0,-0.0,+1.0)

Assembling system matrices, number of global unknowns:
 H1 (p = 2): 53464, ND (p = 2): 249902, RT (p = 2): 351603
 Operator assembly level: Partial
 Mesh geometries:
  Tetrahedron: P = 20, Q = 14 (quadrature order = 4)

Configuring SLEPc eigenvalue solver:
 Scaling γ = 2.824e+01, δ = 3.943e-06
 Configuring divergence-free projection
 Using random starting vector
 Shift-and-invert σ = 2.400e+00 GHz (8.853e+00)

Assembling multigrid hierarchy:
 Level 0 (p = 1): 46541 unknowns
 Level 1 (p = 2): 249902 unknowns
 Level 0 (auxiliary) (p = 1): 6923 unknowns
 Level 1 (auxiliary) (p = 2): 53464 unknowns

#PETSc Option Table entries:
-eps_monitor # (source: code)
#End of PETSc Option Table entries

  Residual norms for GMRES solve
  0 (restart 0) KSP residual norm 2.792340e+00
  1 (restart 0) KSP residual norm 9.688427e-01
  2 (restart 0) KSP residual norm 2.807171e-01
  3 (restart 0) KSP residual norm 9.133219e-02
  4 (restart 0) KSP residual norm 5.007264e-02
  5 (restart 0) KSP residual norm 3.523510e-02
  6 (restart 0) KSP residual norm 1.509615e-02
  7 (restart 0) KSP residual norm 8.562486e-03
  8 (restart 0) KSP residual norm 4.157818e-03
  9 (restart 0) KSP residual norm 1.838782e-03
 10 (restart 0) KSP residual norm 8.332933e-04
 11 (restart 0) KSP residual norm 4.514288e-04
 12 (restart 0) KSP residual norm 1.684491e-04
 13 (restart 0) KSP residual norm 9.342473e-05
 14 (restart 0) KSP residual norm 3.956699e-05
 15 (restart 0) KSP residual norm 1.805664e-05
 16 (restart 0) KSP residual norm 9.876350e-06
 17 (restart 0) KSP residual norm 4.739767e-06
 18 (restart 0) KSP residual norm 2.360103e-06
 19 (restart 0) KSP residual norm 1.237237e-06
 20 (restart 0) KSP residual norm 5.842444e-07
 21 (restart 0) KSP residual norm 2.907989e-07
 22 (restart 0) KSP residual norm 1.351780e-07
 23 (restart 0) KSP residual norm 6.155390e-08
 24 (restart 0) KSP residual norm 3.084667e-08
 25 (restart 0) KSP residual norm 1.289397e-08
GMRES solver converged in 25 iterations (avg. reduction factor: 4.641e-01)
  Residual norms for GMRES solve
  0 (restart 0) KSP residual norm 5.854258e+02
  1 (restart 0) KSP residual norm 2.286201e+01
  2 (restart 0) KSP residual norm 1.916622e+00
  3 (restart 0) KSP residual norm 5.610443e-01
  4 (restart 0) KSP residual norm 2.227418e-01
  5 (restart 0) KSP residual norm 9.639965e-02
  6 (restart 0) KSP residual norm 2.840743e-02
  7 (restart 0) KSP residual norm 1.099000e-02
  8 (restart 0) KSP residual norm 5.387766e-03
  9 (restart 0) KSP residual norm 3.393629e-03
 10 (restart 0) KSP residual norm 1.167221e-03
 11 (restart 0) KSP residual norm 4.814762e-04
 12 (restart 0) KSP residual norm 3.224271e-04
 13 (restart 0) KSP residual norm 1.080495e-04
 14 (restart 0) KSP residual norm 5.404954e-05
 15 (restart 0) KSP residual norm 2.577022e-05
 16 (restart 0) KSP residual norm 1.008288e-05
 17 (restart 0) KSP residual norm 5.848074e-06
GMRES solver converged in 17 iterations (avg. reduction factor: 3.384e-01)
  Residual norms for GMRES solve
  0 (restart 0) KSP residual norm 1.793723e+03
  1 (restart 0) KSP residual norm 7.133619e+01
  2 (restart 0) KSP residual norm 5.484682e+00
  3 (restart 0) KSP residual norm 1.080186e+00
  4 (restart 0) KSP residual norm 2.432372e-01
  5 (restart 0) KSP residual norm 1.763509e-01
  6 (restart 0) KSP residual norm 5.159122e-02
  7 (restart 0) KSP residual norm 2.253525e-02
  8 (restart 0) KSP residual norm 8.591468e-03
  9 (restart 0) KSP residual norm 3.125157e-03
 10 (restart 0) KSP residual norm 2.188638e-03
 11 (restart 0) KSP residual norm 7.568589e-04
 12 (restart 0) KSP residual norm 2.748870e-04
 13 (restart 0) KSP residual norm 1.714120e-04
 14 (restart 0) KSP residual norm 6.830318e-05
 15 (restart 0) KSP residual norm 3.879608e-05
 16 (restart 0) KSP residual norm 1.923549e-05
 17 (restart 0) KSP residual norm 9.043540e-06
GMRES solver converged in 17 iterations (avg. reduction factor: 3.250e-01)
  Residual norms for GMRES solve
  0 (restart 0) KSP residual norm 1.609803e+02
  1 (restart 0) KSP residual norm 1.718930e+01
  2 (restart 0) KSP residual norm 2.177417e+00
  3 (restart 0) KSP residual norm 8.226822e-01
  4 (restart 0) KSP residual norm 3.284925e-01
  5 (restart 0) KSP residual norm 1.426606e-01
  6 (restart 0) KSP residual norm 6.660340e-02
  7 (restart 0) KSP residual norm 2.219351e-02
  8 (restart 0) KSP residual norm 5.529601e-03
  9 (restart 0) KSP residual norm 3.546633e-03
 10 (restart 0) KSP residual norm 1.163713e-03
 11 (restart 0) KSP residual norm 3.608499e-04
 12 (restart 0) KSP residual norm 2.258123e-04
 13 (restart 0) KSP residual norm 9.034090e-05
 14 (restart 0) KSP residual norm 3.969264e-05
 15 (restart 0) KSP residual norm 2.384638e-05
 16 (restart 0) KSP residual norm 9.691202e-06
 17 (restart 0) KSP residual norm 5.258217e-06
 18 (restart 0) KSP residual norm 2.478563e-06
 19 (restart 0) KSP residual norm 1.259066e-06
GMRES solver converged in 19 iterations (avg. reduction factor: 3.744e-01)
  Residual norms for GMRES solve
  0 (restart 0) KSP residual norm 1.672025e+03
  1 (restart 0) KSP residual norm 4.789974e+01
  2 (restart 0) KSP residual norm 5.021981e+00
  3 (restart 0) KSP residual norm 1.815051e+00
  4 (restart 0) KSP residual norm 2.417633e-01
  5 (restart 0) KSP residual norm 1.396270e-01
  6 (restart 0) KSP residual norm 7.552530e-02
  7 (restart 0) KSP residual norm 2.707893e-02
  8 (restart 0) KSP residual norm 1.205845e-02
  9 (restart 0) KSP residual norm 6.837409e-03
 10 (restart 0) KSP residual norm 3.313967e-03
 11 (restart 0) KSP residual norm 8.602428e-04
 12 (restart 0) KSP residual norm 3.394408e-04
 13 (restart 0) KSP residual norm 2.086484e-04
 14 (restart 0) KSP residual norm 7.558095e-05
 15 (restart 0) KSP residual norm 3.594189e-05
 16 (restart 0) KSP residual norm 1.912194e-05
 17 (restart 0) KSP residual norm 8.861553e-06
GMRES solver converged in 17 iterations (avg. reduction factor: 3.260e-01)
  Residual norms for GMRES solve
  0 (restart 0) KSP residual norm 1.337522e+03
  1 (restart 0) KSP residual norm 3.874121e+01
  2 (restart 0) KSP residual norm 4.521007e+00
  3 (restart 0) KSP residual norm 1.775718e+00
  4 (restart 0) KSP residual norm 2.527165e-01
  5 (restart 0) KSP residual norm 1.402122e-01
  6 (restart 0) KSP residual norm 8.130301e-02
  7 (restart 0) KSP residual norm 2.860437e-02
  8 (restart 0) KSP residual norm 1.094471e-02
  9 (restart 0) KSP residual norm 4.772045e-03
 10 (restart 0) KSP residual norm 2.998188e-03
 11 (restart 0) KSP residual norm 7.897817e-04
 12 (restart 0) KSP residual norm 3.642342e-04
 13 (restart 0) KSP residual norm 2.069740e-04
 14 (restart 0) KSP residual norm 7.077099e-05
 15 (restart 0) KSP residual norm 3.812812e-05
 16 (restart 0) KSP residual norm 1.919660e-05
 17 (restart 0) KSP residual norm 8.841941e-06
GMRES solver converged in 17 iterations (avg. reduction factor: 3.302e-01)
  Residual norms for GMRES solve
  0 (restart 0) KSP residual norm 2.288844e+02
  1 (restart 0) KSP residual norm 1.005733e+01
  2 (restart 0) KSP residual norm 4.021190e+00
  3 (restart 0) KSP residual norm 7.608171e-01
  4 (restart 0) KSP residual norm 3.172779e-01
  5 (restart 0) KSP residual norm 2.259269e-01
  6 (restart 0) KSP residual norm 1.168677e-01
  7 (restart 0) KSP residual norm 4.209353e-02
  8 (restart 0) KSP residual norm 9.656434e-03
  9 (restart 0) KSP residual norm 3.044149e-03
 10 (restart 0) KSP residual norm 1.736464e-03
 11 (restart 0) KSP residual norm 5.716635e-04
 12 (restart 0) KSP residual norm 2.819786e-04
 13 (restart 0) KSP residual norm 1.307892e-04
 14 (restart 0) KSP residual norm 5.358239e-05
 15 (restart 0) KSP residual norm 3.260182e-05
 16 (restart 0) KSP residual norm 1.154425e-05
 17 (restart 0) KSP residual norm 6.266574e-06
 18 (restart 0) KSP residual norm 2.878810e-06
 19 (restart 0) KSP residual norm 1.323076e-06
GMRES solver converged in 19 iterations (avg. reduction factor: 3.685e-01)
  Residual norms for GMRES solve
  0 (restart 0) KSP residual norm 9.328189e+01
  1 (restart 0) KSP residual norm 1.416970e+01
  2 (restart 0) KSP residual norm 4.141328e+00
  3 (restart 0) KSP residual norm 5.159324e-01
  4 (restart 0) KSP residual norm 2.565869e-01
  5 (restart 0) KSP residual norm 1.843162e-01
  6 (restart 0) KSP residual norm 9.059429e-02
  7 (restart 0) KSP residual norm 3.213086e-02
  8 (restart 0) KSP residual norm 1.026711e-02
  9 (restart 0) KSP residual norm 6.149715e-03
 10 (restart 0) KSP residual norm 2.210266e-03
 11 (restart 0) KSP residual norm 6.819810e-04
 12 (restart 0) KSP residual norm 4.154488e-04
 13 (restart 0) KSP residual norm 1.560993e-04
 14 (restart 0) KSP residual norm 5.841452e-05
 15 (restart 0) KSP residual norm 3.612616e-05
 16 (restart 0) KSP residual norm 1.208145e-05
 17 (restart 0) KSP residual norm 6.169300e-06
 18 (restart 0) KSP residual norm 3.027406e-06
 19 (restart 0) KSP residual norm 1.192840e-06
 20 (restart 0) KSP residual norm 6.042749e-07
GMRES solver converged in 20 iterations (avg. reduction factor: 3.896e-01)
  Residual norms for GMRES solve
  0 (restart 0) KSP residual norm 1.977665e+02
  1 (restart 0) KSP residual norm 8.145962e+01
  2 (restart 0) KSP residual norm 6.155224e+00
  3 (restart 0) KSP residual norm 1.449188e+00
  4 (restart 0) KSP residual norm 3.748559e-01
  5 (restart 0) KSP residual norm 2.639281e-01
  6 (restart 0) KSP residual norm 1.212980e-01
  7 (restart 0) KSP residual norm 4.419356e-02
  8 (restart 0) KSP residual norm 1.287469e-02
  9 (restart 0) KSP residual norm 7.517415e-03
 10 (restart 0) KSP residual norm 2.766094e-03
 11 (restart 0) KSP residual norm 8.285650e-04
 12 (restart 0) KSP residual norm 5.275651e-04
 13 (restart 0) KSP residual norm 2.120027e-04
 14 (restart 0) KSP residual norm 9.168682e-05
 15 (restart 0) KSP residual norm 4.760561e-05
 16 (restart 0) KSP residual norm 2.191561e-05
 17 (restart 0) KSP residual norm 1.012519e-05
 18 (restart 0) KSP residual norm 4.933032e-06
 19 (restart 0) KSP residual norm 2.290595e-06
 20 (restart 0) KSP residual norm 1.031733e-06
GMRES solver converged in 20 iterations (avg. reduction factor: 3.854e-01)
  Residual norms for GMRES solve
  0 (restart 0) KSP residual norm 1.476260e+02
  1 (restart 0) KSP residual norm 5.424199e+01
  2 (restart 0) KSP residual norm 4.462549e+00
  3 (restart 0) KSP residual norm 1.506835e+00
  4 (restart 0) KSP residual norm 5.570465e-01
  5 (restart 0) KSP residual norm 3.198279e-01
  6 (restart 0) KSP residual norm 1.632035e-01
  7 (restart 0) KSP residual norm 4.857245e-02
  8 (restart 0) KSP residual norm 1.336449e-02
  9 (restart 0) KSP residual norm 9.090893e-03
 10 (restart 0) KSP residual norm 3.236412e-03
 11 (restart 0) KSP residual norm 1.007873e-03
 12 (restart 0) KSP residual norm 6.398120e-04
 13 (restart 0) KSP residual norm 2.284058e-04
 14 (restart 0) KSP residual norm 1.122128e-04
 15 (restart 0) KSP residual norm 5.166160e-05
 16 (restart 0) KSP residual norm 2.116410e-05
 17 (restart 0) KSP residual norm 1.108994e-05
 18 (restart 0) KSP residual norm 4.582824e-06
 19 (restart 0) KSP residual norm 2.254208e-06
 20 (restart 0) KSP residual norm 1.044473e-06
GMRES solver converged in 20 iterations (avg. reduction factor: 3.913e-01)
  Residual norms for GMRES solve
  0 (restart 0) KSP residual norm 6.145846e+01
  1 (restart 0) KSP residual norm 1.330753e+01
  2 (restart 0) KSP residual norm 3.426126e+00
  3 (restart 0) KSP residual norm 9.508882e-01
  4 (restart 0) KSP residual norm 7.264560e-01
  5 (restart 0) KSP residual norm 3.496503e-01
  6 (restart 0) KSP residual norm 1.733088e-01
  7 (restart 0) KSP residual norm 3.745291e-02
  8 (restart 0) KSP residual norm 1.021564e-02
  9 (restart 0) KSP residual norm 6.532793e-03
 10 (restart 0) KSP residual norm 1.947049e-03
 11 (restart 0) KSP residual norm 9.626572e-04
 12 (restart 0) KSP residual norm 5.356942e-04
 13 (restart 0) KSP residual norm 1.606279e-04
 14 (restart 0) KSP residual norm 9.543137e-05
 15 (restart 0) KSP residual norm 4.302915e-05
 16 (restart 0) KSP residual norm 2.092129e-05
 17 (restart 0) KSP residual norm 9.302131e-06
 18 (restart 0) KSP residual norm 3.957235e-06
 19 (restart 0) KSP residual norm 1.939757e-06
 20 (restart 0) KSP residual norm 8.816933e-07
 21 (restart 0) KSP residual norm 4.452666e-07
GMRES solver converged in 21 iterations (avg. reduction factor: 4.096e-01)
  Residual norms for GMRES solve
  0 (restart 0) KSP residual norm 1.059112e+02
  1 (restart 0) KSP residual norm 8.136925e+00
  2 (restart 0) KSP residual norm 3.048189e+00
  3 (restart 0) KSP residual norm 7.582463e-01
  4 (restart 0) KSP residual norm 5.570214e-01
  5 (restart 0) KSP residual norm 2.512555e-01
  6 (restart 0) KSP residual norm 1.287903e-01
  7 (restart 0) KSP residual norm 3.223901e-02
  8 (restart 0) KSP residual norm 1.375433e-02
  9 (restart 0) KSP residual norm 6.904029e-03
 10 (restart 0) KSP residual norm 1.488187e-03
 11 (restart 0) KSP residual norm 8.818563e-04
 12 (restart 0) KSP residual norm 4.584431e-04
 13 (restart 0) KSP residual norm 1.343007e-04
 14 (restart 0) KSP residual norm 8.222668e-05
 15 (restart 0) KSP residual norm 3.459090e-05
 16 (restart 0) KSP residual norm 1.654269e-05
 17 (restart 0) KSP residual norm 8.539938e-06
 18 (restart 0) KSP residual norm 3.179314e-06
 19 (restart 0) KSP residual norm 1.650436e-06
 20 (restart 0) KSP residual norm 7.248366e-07
GMRES solver converged in 20 iterations (avg. reduction factor: 3.906e-01)
  Residual norms for GMRES solve
  0 (restart 0) KSP residual norm 1.997536e+01
  1 (restart 0) KSP residual norm 4.699040e+00
  2 (restart 0) KSP residual norm 1.856674e+00
  3 (restart 0) KSP residual norm 8.843328e-01
  4 (restart 0) KSP residual norm 5.167851e-01
  5 (restart 0) KSP residual norm 3.758148e-01
  6 (restart 0) KSP residual norm 1.810509e-01
  7 (restart 0) KSP residual norm 3.700180e-02
  8 (restart 0) KSP residual norm 2.116133e-02
  9 (restart 0) KSP residual norm 5.310844e-03
 10 (restart 0) KSP residual norm 1.384598e-03
 11 (restart 0) KSP residual norm 8.656090e-04
 12 (restart 0) KSP residual norm 3.509661e-04
 13 (restart 0) KSP residual norm 1.459999e-04
 14 (restart 0) KSP residual norm 7.534473e-05
 15 (restart 0) KSP residual norm 3.178828e-05
 16 (restart 0) KSP residual norm 1.821988e-05
 17 (restart 0) KSP residual norm 7.774925e-06
 18 (restart 0) KSP residual norm 4.017247e-06
 19 (restart 0) KSP residual norm 1.660190e-06
 20 (restart 0) KSP residual norm 8.613852e-07
 21 (restart 0) KSP residual norm 4.235357e-07
 22 (restart 0) KSP residual norm 2.106597e-07
 23 (restart 0) KSP residual norm 9.615710e-08
GMRES solver converged in 23 iterations (avg. reduction factor: 4.349e-01)
  Residual norms for GMRES solve
  0 (restart 0) KSP residual norm 2.935381e+01
  1 (restart 0) KSP residual norm 6.411464e+00
  2 (restart 0) KSP residual norm 2.929074e+00
  3 (restart 0) KSP residual norm 1.094823e+00
  4 (restart 0) KSP residual norm 6.377159e-01
  5 (restart 0) KSP residual norm 3.892792e-01
  6 (restart 0) KSP residual norm 1.950674e-01
  7 (restart 0) KSP residual norm 4.138643e-02
  8 (restart 0) KSP residual norm 2.303499e-02
  9 (restart 0) KSP residual norm 7.565424e-03
 10 (restart 0) KSP residual norm 2.309124e-03
 11 (restart 0) KSP residual norm 1.437004e-03
 12 (restart 0) KSP residual norm 4.946651e-04
 13 (restart 0) KSP residual norm 2.011777e-04
 14 (restart 0) KSP residual norm 1.121662e-04
 15 (restart 0) KSP residual norm 4.345623e-05
 16 (restart 0) KSP residual norm 2.448669e-05
 17 (restart 0) KSP residual norm 9.403277e-06
 18 (restart 0) KSP residual norm 4.688610e-06
 19 (restart 0) KSP residual norm 2.059866e-06
 20 (restart 0) KSP residual norm 1.010314e-06
 21 (restart 0) KSP residual norm 4.740228e-07
 22 (restart 0) KSP residual norm 2.189644e-07
GMRES solver converged in 22 iterations (avg. reduction factor: 4.271e-01)
  Residual norms for GMRES solve
  0 (restart 0) KSP residual norm 1.832341e+01
  1 (restart 0) KSP residual norm 9.859936e+00
  2 (restart 0) KSP residual norm 4.171242e+00
  3 (restart 0) KSP residual norm 6.432835e-01
  4 (restart 0) KSP residual norm 4.375447e-01
  5 (restart 0) KSP residual norm 2.775421e-01
  6 (restart 0) KSP residual norm 1.479446e-01
  7 (restart 0) KSP residual norm 3.682647e-02
  8 (restart 0) KSP residual norm 1.208409e-02
  9 (restart 0) KSP residual norm 7.736008e-03
 10 (restart 0) KSP residual norm 2.536635e-03
 11 (restart 0) KSP residual norm 7.562252e-04
 12 (restart 0) KSP residual norm 4.671348e-04
 13 (restart 0) KSP residual norm 1.774720e-04
 14 (restart 0) KSP residual norm 8.517341e-05
 15 (restart 0) KSP residual norm 4.330073e-05
 16 (restart 0) KSP residual norm 1.534765e-05
 17 (restart 0) KSP residual norm 8.309100e-06
 18 (restart 0) KSP residual norm 3.656003e-06
 19 (restart 0) KSP residual norm 2.000166e-06
 20 (restart 0) KSP residual norm 8.546143e-07
 21 (restart 0) KSP residual norm 4.532288e-07
 22 (restart 0) KSP residual norm 2.049842e-07
 23 (restart 0) KSP residual norm 1.041344e-07
GMRES solver converged in 23 iterations (avg. reduction factor: 4.380e-01)
  Residual norms for GMRES solve
  0 (restart 0) KSP residual norm 3.040894e+01
  1 (restart 0) KSP residual norm 9.797957e+00
  2 (restart 0) KSP residual norm 3.974100e+00
  3 (restart 0) KSP residual norm 7.156307e-01
  4 (restart 0) KSP residual norm 2.635450e-01
  5 (restart 0) KSP residual norm 1.247458e-01
  6 (restart 0) KSP residual norm 6.457731e-02
  7 (restart 0) KSP residual norm 3.122659e-02
  8 (restart 0) KSP residual norm 1.124387e-02
  9 (restart 0) KSP residual norm 7.509850e-03
 10 (restart 0) KSP residual norm 2.219892e-03
 11 (restart 0) KSP residual norm 8.938971e-04
 12 (restart 0) KSP residual norm 5.357946e-04
 13 (restart 0) KSP residual norm 1.636980e-04
 14 (restart 0) KSP residual norm 8.019367e-05
 15 (restart 0) KSP residual norm 4.358980e-05
 16 (restart 0) KSP residual norm 1.431479e-05
 17 (restart 0) KSP residual norm 7.813423e-06
 18 (restart 0) KSP residual norm 3.056342e-06
 19 (restart 0) KSP residual norm 1.583558e-06
 20 (restart 0) KSP residual norm 6.974025e-07
 21 (restart 0) KSP residual norm 3.507738e-07
 22 (restart 0) KSP residual norm 1.610692e-07
GMRES solver converged in 22 iterations (avg. reduction factor: 4.206e-01)
  Residual norms for GMRES solve
  0 (restart 0) KSP residual norm 7.648654e+01
  1 (restart 0) KSP residual norm 7.333819e+00
  2 (restart 0) KSP residual norm 2.774075e+00
  3 (restart 0) KSP residual norm 8.444890e-01
  4 (restart 0) KSP residual norm 4.273295e-01
  5 (restart 0) KSP residual norm 2.687005e-01
  6 (restart 0) KSP residual norm 1.222687e-01
  7 (restart 0) KSP residual norm 2.770240e-02
  8 (restart 0) KSP residual norm 1.510390e-02
  9 (restart 0) KSP residual norm 5.868394e-03
 10 (restart 0) KSP residual norm 1.531548e-03
 11 (restart 0) KSP residual norm 8.310143e-04
 12 (restart 0) KSP residual norm 3.766352e-04
 13 (restart 0) KSP residual norm 1.377083e-04
 14 (restart 0) KSP residual norm 8.266227e-05
 15 (restart 0) KSP residual norm 3.443081e-05
 16 (restart 0) KSP residual norm 1.789130e-05
 17 (restart 0) KSP residual norm 7.360145e-06
 18 (restart 0) KSP residual norm 3.367212e-06
 19 (restart 0) KSP residual norm 1.639441e-06
 20 (restart 0) KSP residual norm 7.892304e-07
 21 (restart 0) KSP residual norm 4.000080e-07
GMRES solver converged in 21 iterations (avg. reduction factor: 4.033e-01)
  Residual norms for GMRES solve
  0 (restart 0) KSP residual norm 4.228482e+01
  1 (restart 0) KSP residual norm 1.451536e+01
  2 (restart 0) KSP residual norm 2.551092e+00
  3 (restart 0) KSP residual norm 9.483520e-01
  4 (restart 0) KSP residual norm 4.680501e-01
  5 (restart 0) KSP residual norm 2.637046e-01
  6 (restart 0) KSP residual norm 1.494377e-01
  7 (restart 0) KSP residual norm 3.130433e-02
  8 (restart 0) KSP residual norm 6.634346e-03
  9 (restart 0) KSP residual norm 4.478164e-03
 10 (restart 0) KSP residual norm 1.573641e-03
 11 (restart 0) KSP residual norm 6.197147e-04
 12 (restart 0) KSP residual norm 3.551310e-04
 13 (restart 0) KSP residual norm 1.120954e-04
 14 (restart 0) KSP residual norm 6.528251e-05
 15 (restart 0) KSP residual norm 2.794194e-05
 16 (restart 0) KSP residual norm 1.363985e-05
 17 (restart 0) KSP residual norm 6.533643e-06
 18 (restart 0) KSP residual norm 2.961588e-06
 19 (restart 0) KSP residual norm 1.462030e-06
 20 (restart 0) KSP residual norm 6.961676e-07
 21 (restart 0) KSP residual norm 3.623471e-07
GMRES solver converged in 21 iterations (avg. reduction factor: 4.129e-01)
  Residual norms for GMRES solve
  0 (restart 0) KSP residual norm 4.720198e+01
  1 (restart 0) KSP residual norm 1.215172e+01
  2 (restart 0) KSP residual norm 3.435346e+00
  3 (restart 0) KSP residual norm 8.762823e-01
  4 (restart 0) KSP residual norm 5.591363e-01
  5 (restart 0) KSP residual norm 2.017421e-01
  6 (restart 0) KSP residual norm 1.067942e-01
  7 (restart 0) KSP residual norm 3.774399e-02
  8 (restart 0) KSP residual norm 1.182368e-02
  9 (restart 0) KSP residual norm 6.764719e-03
 10 (restart 0) KSP residual norm 2.163054e-03
 11 (restart 0) KSP residual norm 6.956736e-04
 12 (restart 0) KSP residual norm 4.413322e-04
 13 (restart 0) KSP residual norm 1.251451e-04
 14 (restart 0) KSP residual norm 6.718975e-05
 15 (restart 0) KSP residual norm 3.233798e-05
 16 (restart 0) KSP residual norm 1.278234e-05
 17 (restart 0) KSP residual norm 6.995615e-06
 18 (restart 0) KSP residual norm 2.692795e-06
 19 (restart 0) KSP residual norm 1.359817e-06
 20 (restart 0) KSP residual norm 6.324099e-07
 21 (restart 0) KSP residual norm 3.202470e-07
GMRES solver converged in 21 iterations (avg. reduction factor: 4.083e-01)
  1 EPS nconv=3 first unconverged value (error) -1.1559e-05+0.34263i (5.33829650e-03)
  Residual norms for GMRES solve
  0 (restart 0) KSP residual norm 3.037253e+01
  1 (restart 0) KSP residual norm 6.840469e+00
  2 (restart 0) KSP residual norm 2.728746e+00
  3 (restart 0) KSP residual norm 4.639360e-01
  4 (restart 0) KSP residual norm 2.955760e-01
  5 (restart 0) KSP residual norm 1.879020e-01
  6 (restart 0) KSP residual norm 1.263855e-01
  7 (restart 0) KSP residual norm 3.730257e-02
  8 (restart 0) KSP residual norm 8.174189e-03
  9 (restart 0) KSP residual norm 5.291440e-03
 10 (restart 0) KSP residual norm 1.539504e-03
 11 (restart 0) KSP residual norm 5.085193e-04
 12 (restart 0) KSP residual norm 3.074494e-04
 13 (restart 0) KSP residual norm 1.052265e-04
 14 (restart 0) KSP residual norm 5.167811e-05
 15 (restart 0) KSP residual norm 2.514048e-05
 16 (restart 0) KSP residual norm 1.010567e-05
 17 (restart 0) KSP residual norm 5.763030e-06
 18 (restart 0) KSP residual norm 2.362651e-06
 19 (restart 0) KSP residual norm 1.317474e-06
 20 (restart 0) KSP residual norm 6.204129e-07
 21 (restart 0) KSP residual norm 3.255627e-07
 22 (restart 0) KSP residual norm 1.480661e-07
GMRES solver converged in 22 iterations (avg. reduction factor: 4.190e-01)
  Residual norms for GMRES solve
  0 (restart 0) KSP residual norm 2.210731e+01
  1 (restart 0) KSP residual norm 6.985199e+00
  2 (restart 0) KSP residual norm 2.964329e+00
  3 (restart 0) KSP residual norm 4.573154e-01
  4 (restart 0) KSP residual norm 2.666338e-01
  5 (restart 0) KSP residual norm 1.133063e-01
  6 (restart 0) KSP residual norm 4.992285e-02
  7 (restart 0) KSP residual norm 3.034361e-02
  8 (restart 0) KSP residual norm 9.089549e-03
  9 (restart 0) KSP residual norm 5.541551e-03
 10 (restart 0) KSP residual norm 1.681772e-03
 11 (restart 0) KSP residual norm 6.832951e-04
 12 (restart 0) KSP residual norm 4.111053e-04
 13 (restart 0) KSP residual norm 1.187484e-04
 14 (restart 0) KSP residual norm 6.736708e-05
 15 (restart 0) KSP residual norm 3.284278e-05
 16 (restart 0) KSP residual norm 1.415796e-05
 17 (restart 0) KSP residual norm 7.458043e-06
 18 (restart 0) KSP residual norm 2.945843e-06
 19 (restart 0) KSP residual norm 1.532598e-06
 20 (restart 0) KSP residual norm 6.580509e-07
 21 (restart 0) KSP residual norm 3.421709e-07
 22 (restart 0) KSP residual norm 1.552115e-07
GMRES solver converged in 22 iterations (avg. reduction factor: 4.260e-01)
  Residual norms for GMRES solve
  0 (restart 0) KSP residual norm 4.977171e+01
  1 (restart 0) KSP residual norm 5.925572e+00
  2 (restart 0) KSP residual norm 2.089722e+00
  3 (restart 0) KSP residual norm 6.818844e-01
  4 (restart 0) KSP residual norm 5.069003e-01
  5 (restart 0) KSP residual norm 2.228814e-01
  6 (restart 0) KSP residual norm 1.230728e-01
  7 (restart 0) KSP residual norm 2.948299e-02
  8 (restart 0) KSP residual norm 1.725031e-02
  9 (restart 0) KSP residual norm 5.020675e-03
 10 (restart 0) KSP residual norm 1.544481e-03
 11 (restart 0) KSP residual norm 8.030514e-04
 12 (restart 0) KSP residual norm 3.531764e-04
 13 (restart 0) KSP residual norm 1.155577e-04
 14 (restart 0) KSP residual norm 6.711255e-05
 15 (restart 0) KSP residual norm 2.925247e-05
 16 (restart 0) KSP residual norm 1.430099e-05
 17 (restart 0) KSP residual norm 6.238249e-06
 18 (restart 0) KSP residual norm 2.878877e-06
 19 (restart 0) KSP residual norm 1.458637e-06
 20 (restart 0) KSP residual norm 6.465968e-07
 21 (restart 0) KSP residual norm 3.136218e-07
GMRES solver converged in 21 iterations (avg. reduction factor: 4.069e-01)
  Residual norms for GMRES solve
  0 (restart 0) KSP residual norm 1.372862e+01
  1 (restart 0) KSP residual norm 5.358249e+00
  2 (restart 0) KSP residual norm 1.990927e+00
  3 (restart 0) KSP residual norm 3.908030e-01
  4 (restart 0) KSP residual norm 2.732839e-01
  5 (restart 0) KSP residual norm 1.584083e-01
  6 (restart 0) KSP residual norm 7.481002e-02
  7 (restart 0) KSP residual norm 1.765638e-02
  8 (restart 0) KSP residual norm 9.212547e-03
  9 (restart 0) KSP residual norm 3.851736e-03
 10 (restart 0) KSP residual norm 1.165611e-03
 11 (restart 0) KSP residual norm 6.552217e-04
 12 (restart 0) KSP residual norm 2.971102e-04
 13 (restart 0) KSP residual norm 9.320909e-05
 14 (restart 0) KSP residual norm 5.646518e-05
 15 (restart 0) KSP residual norm 2.101955e-05
 16 (restart 0) KSP residual norm 1.071017e-05
 17 (restart 0) KSP residual norm 5.176517e-06
 18 (restart 0) KSP residual norm 1.975323e-06
 19 (restart 0) KSP residual norm 1.011475e-06
 20 (restart 0) KSP residual norm 4.304147e-07
 21 (restart 0) KSP residual norm 2.214399e-07
 22 (restart 0) KSP residual norm 9.831975e-08
GMRES solver converged in 22 iterations (avg. reduction factor: 4.264e-01)
  Residual norms for GMRES solve
  0 (restart 0) KSP residual norm 4.075030e+01
  1 (restart 0) KSP residual norm 9.609961e+00
  2 (restart 0) KSP residual norm 3.006119e+00
  3 (restart 0) KSP residual norm 1.125612e+00
  4 (restart 0) KSP residual norm 6.240853e-01
  5 (restart 0) KSP residual norm 3.350782e-01
  6 (restart 0) KSP residual norm 1.465976e-01
  7 (restart 0) KSP residual norm 3.027876e-02
  8 (restart 0) KSP residual norm 1.499093e-02
  9 (restart 0) KSP residual norm 4.886358e-03
 10 (restart 0) KSP residual norm 1.560885e-03
 11 (restart 0) KSP residual norm 1.042117e-03
 12 (restart 0) KSP residual norm 3.945315e-04
 13 (restart 0) KSP residual norm 1.697795e-04
 14 (restart 0) KSP residual norm 8.080658e-05
 15 (restart 0) KSP residual norm 3.332663e-05
 16 (restart 0) KSP residual norm 1.954358e-05
 17 (restart 0) KSP residual norm 8.562544e-06
 18 (restart 0) KSP residual norm 4.201972e-06
 19 (restart 0) KSP residual norm 1.750991e-06
 20 (restart 0) KSP residual norm 8.777553e-07
 21 (restart 0) KSP residual norm 4.199326e-07
 22 (restart 0) KSP residual norm 2.096659e-07
GMRES solver converged in 22 iterations (avg. reduction factor: 4.200e-01)
  Residual norms for GMRES solve
  0 (restart 0) KSP residual norm 8.331515e+01
  1 (restart 0) KSP residual norm 7.880551e+00
  2 (restart 0) KSP residual norm 2.326993e+00
  3 (restart 0) KSP residual norm 9.056500e-01
  4 (restart 0) KSP residual norm 6.739687e-01
  5 (restart 0) KSP residual norm 2.921784e-01
  6 (restart 0) KSP residual norm 1.218831e-01
  7 (restart 0) KSP residual norm 2.398761e-02
  8 (restart 0) KSP residual norm 1.139431e-02
  9 (restart 0) KSP residual norm 4.936098e-03
 10 (restart 0) KSP residual norm 1.553861e-03
 11 (restart 0) KSP residual norm 9.684971e-04
 12 (restart 0) KSP residual norm 3.602102e-04
 13 (restart 0) KSP residual norm 1.476229e-04
 14 (restart 0) KSP residual norm 8.496904e-05
 15 (restart 0) KSP residual norm 3.401340e-05
 16 (restart 0) KSP residual norm 1.872818e-05
 17 (restart 0) KSP residual norm 8.221938e-06
 18 (restart 0) KSP residual norm 3.996947e-06
 19 (restart 0) KSP residual norm 1.921159e-06
 20 (restart 0) KSP residual norm 9.282994e-07
 21 (restart 0) KSP residual norm 4.882409e-07
GMRES solver converged in 21 iterations (avg. reduction factor: 4.055e-01)
  Residual norms for GMRES solve
  0 (restart 0) KSP residual norm 8.852761e+01
  1 (restart 0) KSP residual norm 7.260952e+00
  2 (restart 0) KSP residual norm 3.043696e+00
  3 (restart 0) KSP residual norm 9.376182e-01
  4 (restart 0) KSP residual norm 6.696908e-01
  5 (restart 0) KSP residual norm 3.765117e-01
  6 (restart 0) KSP residual norm 1.676187e-01
  7 (restart 0) KSP residual norm 3.257245e-02
  8 (restart 0) KSP residual norm 1.355869e-02
  9 (restart 0) KSP residual norm 4.996030e-03
 10 (restart 0) KSP residual norm 1.466479e-03
 11 (restart 0) KSP residual norm 8.799281e-04
 12 (restart 0) KSP residual norm 3.837254e-04
 13 (restart 0) KSP residual norm 1.516111e-04
 14 (restart 0) KSP residual norm 7.727759e-05
 15 (restart 0) KSP residual norm 3.346426e-05
 16 (restart 0) KSP residual norm 1.912761e-05
 17 (restart 0) KSP residual norm 8.011730e-06
 18 (restart 0) KSP residual norm 4.090378e-06
 19 (restart 0) KSP residual norm 1.779720e-06
 20 (restart 0) KSP residual norm 9.058129e-07
 21 (restart 0) KSP residual norm 4.369094e-07
GMRES solver converged in 21 iterations (avg. reduction factor: 4.022e-01)
  Residual norms for GMRES solve
  0 (restart 0) KSP residual norm 1.397959e+02
  1 (restart 0) KSP residual norm 8.668948e+00
  2 (restart 0) KSP residual norm 2.553286e+00
  3 (restart 0) KSP residual norm 7.984253e-01
  4 (restart 0) KSP residual norm 5.639575e-01
  5 (restart 0) KSP residual norm 3.511201e-01
  6 (restart 0) KSP residual norm 1.835606e-01
  7 (restart 0) KSP residual norm 3.659189e-02
  8 (restart 0) KSP residual norm 1.499792e-02
  9 (restart 0) KSP residual norm 6.662584e-03
 10 (restart 0) KSP residual norm 1.791705e-03
 11 (restart 0) KSP residual norm 8.128865e-04
 12 (restart 0) KSP residual norm 4.409190e-04
 13 (restart 0) KSP residual norm 1.468619e-04
 14 (restart 0) KSP residual norm 8.611020e-05
 15 (restart 0) KSP residual norm 3.699965e-05
 16 (restart 0) KSP residual norm 1.876759e-05
 17 (restart 0) KSP residual norm 8.540618e-06
 18 (restart 0) KSP residual norm 3.945340e-06
 19 (restart 0) KSP residual norm 1.757598e-06
 20 (restart 0) KSP residual norm 8.345291e-07
GMRES solver converged in 20 iterations (avg. reduction factor: 3.880e-01)
  2 EPS nconv=7 first unconverged value (error) -0.000130205+0.380231i (2.15825160e-03)

 Linear eigensolve converged (7 eigenpairs) due to CONVERGED_TOL; iterations 2
 Total number of linear systems solved: 27
 Total number of linear solver iterations: 556
 Found 7 converged eigenvalues (first = -1.263e-03+9.035e+00i)

 Refining eigenvalues with Quasi-Newton solver
  Residual norms for GMRES solve
  0 (restart 0) KSP residual norm 8.171612e+00
  1 (restart 0) KSP residual norm 7.143653e-01
  2 (restart 0) KSP residual norm 7.033149e-01
  3 (restart 0) KSP residual norm 5.371434e-01
  4 (restart 0) KSP residual norm 3.736112e-01
  5 (restart 0) KSP residual norm 2.615016e-01
  6 (restart 0) KSP residual norm 1.487376e-01
  7 (restart 0) KSP residual norm 1.244499e-01
  8 (restart 0) KSP residual norm 1.104610e-01
  9 (restart 0) KSP residual norm 7.265031e-02
 10 (restart 0) KSP residual norm 6.447526e-02
 11 (restart 0) KSP residual norm 4.457035e-02
 12 (restart 0) KSP residual norm 4.274321e-02
 13 (restart 0) KSP residual norm 4.115169e-02
 14 (restart 0) KSP residual norm 4.014288e-02
 15 (restart 0) KSP residual norm 3.805519e-02
 16 (restart 0) KSP residual norm 3.554035e-02
 17 (restart 0) KSP residual norm 3.447693e-02
 18 (restart 0) KSP residual norm 3.409602e-02
 19 (restart 0) KSP residual norm 3.348588e-02
 20 (restart 0) KSP residual norm 3.315862e-02
 21 (restart 0) KSP residual norm 3.217018e-02
 22 (restart 0) KSP residual norm 3.167326e-02
 23 (restart 0) KSP residual norm 3.141127e-02
 24 (restart 0) KSP residual norm 3.100766e-02
 25 (restart 0) KSP residual norm 3.045427e-02
 26 (restart 0) KSP residual norm 2.893991e-02
 27 (restart 0) KSP residual norm 2.411402e-02
 28 (restart 0) KSP residual norm 1.679155e-02
 29 (restart 0) KSP residual norm 9.036015e-03
 30 (restart 0) KSP residual norm 4.451824e-03
 31 (restart 0) KSP residual norm 2.225607e-03
 32 (restart 0) KSP residual norm 9.060523e-04
 33 (restart 0) KSP residual norm 4.083428e-04
GMRES solver converged in 33 iterations (avg. reduction factor: 7.407e-01)
0 NLEPS (nconv=0, restart=0) residual norm 6.112882e-02
  Residual norms for GMRES solve
  0 (restart 0) KSP residual norm 5.965254e-03
  1 (restart 0) KSP residual norm 5.125499e-03
  2 (restart 0) KSP residual norm 4.928964e-03
  3 (restart 0) KSP residual norm 4.652850e-03
  4 (restart 0) KSP residual norm 3.460709e-03
  5 (restart 0) KSP residual norm 2.876308e-03
  6 (restart 0) KSP residual norm 2.541404e-03
  7 (restart 0) KSP residual norm 2.449248e-03
  8 (restart 0) KSP residual norm 2.093986e-03
  9 (restart 0) KSP residual norm 1.786096e-03
 10 (restart 0) KSP residual norm 1.673463e-03
 11 (restart 0) KSP residual norm 1.669822e-03
 12 (restart 0) KSP residual norm 1.613761e-03
 13 (restart 0) KSP residual norm 1.421310e-03
 14 (restart 0) KSP residual norm 1.248964e-03
 15 (restart 0) KSP residual norm 1.017266e-03
 16 (restart 0) KSP residual norm 9.010309e-04
 17 (restart 0) KSP residual norm 7.358195e-04
 18 (restart 0) KSP residual norm 5.859794e-04
 19 (restart 0) KSP residual norm 5.361408e-04
 20 (restart 0) KSP residual norm 5.184545e-04
 21 (restart 0) KSP residual norm 5.100109e-04
 22 (restart 0) KSP residual norm 4.951925e-04
 23 (restart 0) KSP residual norm 4.868594e-04
 24 (restart 0) KSP residual norm 4.785052e-04
 25 (restart 0) KSP residual norm 4.780223e-04
 26 (restart 0) KSP residual norm 4.775162e-04
 27 (restart 0) KSP residual norm 4.357057e-04
 28 (restart 0) KSP residual norm 3.417368e-04
 29 (restart 0) KSP residual norm 1.925305e-04
 30 (restart 0) KSP residual norm 9.157183e-05
 31 (restart 0) KSP residual norm 4.290695e-05
 32 (restart 0) KSP residual norm 1.967815e-05
 33 (restart 0) KSP residual norm 9.245324e-06
 34 (restart 0) KSP residual norm 4.225988e-06
 35 (restart 0) KSP residual norm 1.980502e-06
 36 (restart 0) KSP residual norm 8.198234e-07
 37 (restart 0) KSP residual norm 3.572717e-07
GMRES solver converged in 37 iterations (avg. reduction factor: 7.689e-01)
1 NLEPS (nconv=0, restart=0) residual norm 8.711072e-05
  Residual norms for GMRES solve
  0 (restart 0) KSP residual norm 6.472264e-09
  1 (restart 0) KSP residual norm 5.962052e-09
  2 (restart 0) KSP residual norm 5.952328e-09
  3 (restart 0) KSP residual norm 5.790012e-09
  4 (restart 0) KSP residual norm 5.748160e-09
  5 (restart 0) KSP residual norm 5.252318e-09
  6 (restart 0) KSP residual norm 4.945479e-09
  7 (restart 0) KSP residual norm 4.237228e-09
  8 (restart 0) KSP residual norm 4.207580e-09
  9 (restart 0) KSP residual norm 4.133389e-09
 10 (restart 0) KSP residual norm 3.617157e-09
 11 (restart 0) KSP residual norm 3.109230e-09
 12 (restart 0) KSP residual norm 2.892849e-09
 13 (restart 0) KSP residual norm 2.776424e-09
 14 (restart 0) KSP residual norm 2.484583e-09
 15 (restart 0) KSP residual norm 2.096616e-09
 16 (restart 0) KSP residual norm 1.499579e-09
 17 (restart 0) KSP residual norm 9.936170e-10
 18 (restart 0) KSP residual norm 6.854850e-10
 19 (restart 0) KSP residual norm 5.815923e-10
 20 (restart 0) KSP residual norm 5.240225e-10
 21 (restart 0) KSP residual norm 4.897105e-10
 22 (restart 0) KSP residual norm 4.618257e-10
 23 (restart 0) KSP residual norm 4.412000e-10
 24 (restart 0) KSP residual norm 4.275923e-10
 25 (restart 0) KSP residual norm 4.227512e-10
 26 (restart 0) KSP residual norm 4.084007e-10
 27 (restart 0) KSP residual norm 4.010279e-10
 28 (restart 0) KSP residual norm 3.880528e-10
 29 (restart 0) KSP residual norm 3.582081e-10
 30 (restart 0) KSP residual norm 3.004762e-10
 31 (restart 0) KSP residual norm 2.158103e-10
 32 (restart 0) KSP residual norm 1.312705e-10
 33 (restart 0) KSP residual norm 6.339754e-11
 34 (restart 0) KSP residual norm 2.818790e-11
 35 (restart 0) KSP residual norm 1.311493e-11
 36 (restart 0) KSP residual norm 6.911444e-12
 37 (restart 0) KSP residual norm 3.027210e-12
 38 (restart 0) KSP residual norm 1.453794e-12
 39 (restart 0) KSP residual norm 7.102702e-13
GMRES solver converged in 39 iterations (avg. reduction factor: 7.915e-01)
2 NLEPS (nconv=0, restart=0) residual norm 2.433815e-09
Eigenvalue 0, Quasi-Newton converged in 2 iterations (-1.264e-03+9.035e+00i).
  Residual norms for GMRES solve
  0 (restart 0) KSP residual norm 8.170666e+00
  1 (restart 0) KSP residual norm 7.089872e-01
  2 (restart 0) KSP residual norm 6.956920e-01
  3 (restart 0) KSP residual norm 5.582844e-01
  4 (restart 0) KSP residual norm 4.004173e-01
  5 (restart 0) KSP residual norm 2.983062e-01
  6 (restart 0) KSP residual norm 1.708645e-01
  7 (restart 0) KSP residual norm 1.415490e-01
  8 (restart 0) KSP residual norm 1.263349e-01
  9 (restart 0) KSP residual norm 9.092362e-02
 10 (restart 0) KSP residual norm 8.140632e-02
 11 (restart 0) KSP residual norm 5.656958e-02
 12 (restart 0) KSP residual norm 5.487309e-02
 13 (restart 0) KSP residual norm 5.305188e-02
 14 (restart 0) KSP residual norm 5.223198e-02
 15 (restart 0) KSP residual norm 5.024180e-02
 16 (restart 0) KSP residual norm 4.852298e-02
 17 (restart 0) KSP residual norm 4.745467e-02
 18 (restart 0) KSP residual norm 4.718515e-02
 19 (restart 0) KSP residual norm 4.700680e-02
 20 (restart 0) KSP residual norm 4.688349e-02
 21 (restart 0) KSP residual norm 4.678618e-02
 22 (restart 0) KSP residual norm 4.676491e-02
 23 (restart 0) KSP residual norm 4.639941e-02
 24 (restart 0) KSP residual norm 4.606626e-02
 25 (restart 0) KSP residual norm 4.520677e-02
 26 (restart 0) KSP residual norm 4.170882e-02
 27 (restart 0) KSP residual norm 3.196660e-02
 28 (restart 0) KSP residual norm 1.952508e-02
 29 (restart 0) KSP residual norm 1.021724e-02
 30 (restart 0) KSP residual norm 4.904467e-03
 31 (restart 0) KSP residual norm 2.451473e-03
 32 (restart 0) KSP residual norm 9.955878e-04
 33 (restart 0) KSP residual norm 4.488519e-04
GMRES solver converged in 33 iterations (avg. reduction factor: 7.429e-01)
0 NLEPS (nconv=1, restart=0) residual norm 1.161378e-01
  Residual norms for GMRES solve
  0 (restart 0) KSP residual norm 5.733931e+00
  1 (restart 0) KSP residual norm 1.481082e+00
  2 (restart 0) KSP residual norm 1.129026e+00
  3 (restart 0) KSP residual norm 9.438742e-01
  4 (restart 0) KSP residual norm 9.002232e-01
  5 (restart 0) KSP residual norm 8.199519e-01
  6 (restart 0) KSP residual norm 6.999689e-01
  7 (restart 0) KSP residual norm 6.506850e-01
  8 (restart 0) KSP residual norm 5.267433e-01
  9 (restart 0) KSP residual norm 5.230726e-01
 10 (restart 0) KSP residual norm 4.883102e-01
 11 (restart 0) KSP residual norm 3.739802e-01
 12 (restart 0) KSP residual norm 2.720212e-01
 13 (restart 0) KSP residual norm 1.302044e-01
 14 (restart 0) KSP residual norm 5.207352e-02
 15 (restart 0) KSP residual norm 2.425235e-02
 16 (restart 0) KSP residual norm 1.318730e-02
 17 (restart 0) KSP residual norm 5.344508e-03
 18 (restart 0) KSP residual norm 3.131870e-03
 19 (restart 0) KSP residual norm 2.271146e-03
 20 (restart 0) KSP residual norm 1.919153e-03
 21 (restart 0) KSP residual norm 1.855341e-03
 22 (restart 0) KSP residual norm 1.827398e-03
 23 (restart 0) KSP residual norm 1.822580e-03
 24 (restart 0) KSP residual norm 1.821889e-03
 25 (restart 0) KSP residual norm 1.821751e-03
 26 (restart 0) KSP residual norm 1.819853e-03
 27 (restart 0) KSP residual norm 1.818792e-03
 28 (restart 0) KSP residual norm 1.814608e-03
 29 (restart 0) KSP residual norm 1.788458e-03
 30 (restart 0) KSP residual norm 1.757385e-03
 31 (restart 0) KSP residual norm 1.535786e-03
 32 (restart 0) KSP residual norm 9.983791e-04
 33 (restart 0) KSP residual norm 5.009881e-04
GMRES solver converged in 33 iterations (avg. reduction factor: 7.534e-01)
1 NLEPS (nconv=1, restart=0) residual norm 4.813041e-04
  Residual norms for GMRES solve
  0 (restart 0) KSP residual norm 1.966082e-06
  1 (restart 0) KSP residual norm 1.613627e-06
  2 (restart 0) KSP residual norm 1.405229e-06
  3 (restart 0) KSP residual norm 1.207954e-06
  4 (restart 0) KSP residual norm 9.649210e-07
  5 (restart 0) KSP residual norm 7.896657e-07
  6 (restart 0) KSP residual norm 7.581705e-07
  7 (restart 0) KSP residual norm 7.411535e-07
  8 (restart 0) KSP residual norm 6.325498e-07
  9 (restart 0) KSP residual norm 4.528451e-07
 10 (restart 0) KSP residual norm 2.949722e-07
 11 (restart 0) KSP residual norm 2.312658e-07
 12 (restart 0) KSP residual norm 2.099692e-07
 13 (restart 0) KSP residual norm 1.987078e-07
 14 (restart 0) KSP residual norm 1.811516e-07
 15 (restart 0) KSP residual norm 1.633169e-07
 16 (restart 0) KSP residual norm 1.286505e-07
 17 (restart 0) KSP residual norm 1.086960e-07
 18 (restart 0) KSP residual norm 8.614846e-08
 19 (restart 0) KSP residual norm 6.400245e-08
 20 (restart 0) KSP residual norm 5.083174e-08
 21 (restart 0) KSP residual norm 4.021537e-08
 22 (restart 0) KSP residual norm 3.591138e-08
 23 (restart 0) KSP residual norm 3.241875e-08
 24 (restart 0) KSP residual norm 2.843291e-08
 25 (restart 0) KSP residual norm 2.502964e-08
 26 (restart 0) KSP residual norm 2.172741e-08
 27 (restart 0) KSP residual norm 1.874991e-08
 28 (restart 0) KSP residual norm 1.652934e-08
 29 (restart 0) KSP residual norm 1.462572e-08
 30 (restart 0) KSP residual norm 1.229137e-08
 31 (restart 0) KSP residual norm 1.077628e-08
 32 (restart 0) KSP residual norm 9.431522e-09
 33 (restart 0) KSP residual norm 7.744850e-09
 34 (restart 0) KSP residual norm 6.190031e-09
 35 (restart 0) KSP residual norm 4.223633e-09
 36 (restart 0) KSP residual norm 2.049406e-09
 37 (restart 0) KSP residual norm 1.020242e-09
 38 (restart 0) KSP residual norm 4.684251e-10
 39 (restart 0) KSP residual norm 2.031926e-10
 40 (restart 0) KSP residual norm 8.329191e-11
GMRES solver converged in 40 iterations (avg. reduction factor: 7.775e-01)
2 NLEPS (nconv=1, restart=0) residual norm 7.084724e-08
  Residual norms for GMRES solve
  0 (restart 0) KSP residual norm 8.066910e-10
  1 (restart 0) KSP residual norm 6.852078e-10
  2 (restart 0) KSP residual norm 6.583888e-10
  3 (restart 0) KSP residual norm 6.423919e-10
  4 (restart 0) KSP residual norm 5.977633e-10
  5 (restart 0) KSP residual norm 4.896083e-10
  6 (restart 0) KSP residual norm 3.481319e-10
  7 (restart 0) KSP residual norm 3.137865e-10
  8 (restart 0) KSP residual norm 3.114918e-10
  9 (restart 0) KSP residual norm 2.824014e-10
 10 (restart 0) KSP residual norm 2.635348e-10
 11 (restart 0) KSP residual norm 2.412333e-10
 12 (restart 0) KSP residual norm 2.302722e-10
 13 (restart 0) KSP residual norm 2.215994e-10
 14 (restart 0) KSP residual norm 1.923435e-10
 15 (restart 0) KSP residual norm 1.250963e-10
 16 (restart 0) KSP residual norm 8.808004e-11
 17 (restart 0) KSP residual norm 7.589611e-11
 18 (restart 0) KSP residual norm 6.325306e-11
 19 (restart 0) KSP residual norm 5.706778e-11
 20 (restart 0) KSP residual norm 5.373567e-11
 21 (restart 0) KSP residual norm 5.011323e-11
 22 (restart 0) KSP residual norm 4.632747e-11
 23 (restart 0) KSP residual norm 4.440242e-11
 24 (restart 0) KSP residual norm 4.261159e-11
 25 (restart 0) KSP residual norm 4.094640e-11
 26 (restart 0) KSP residual norm 3.902567e-11
 27 (restart 0) KSP residual norm 3.633074e-11
 28 (restart 0) KSP residual norm 3.209139e-11
 29 (restart 0) KSP residual norm 2.280977e-11
 30 (restart 0) KSP residual norm 1.384339e-11
 31 (restart 0) KSP residual norm 6.903908e-12
 32 (restart 0) KSP residual norm 3.005473e-12
 33 (restart 0) KSP residual norm 1.381763e-12
 34 (restart 0) KSP residual norm 6.660289e-13
GMRES solver converged in 34 iterations (avg. reduction factor: 8.116e-01)
3 NLEPS (nconv=1, restart=0) residual norm 7.676117e-11
Eigenvalue 1, Quasi-Newton converged in 3 iterations (-1.264e-03+9.035e+00i).
  Residual norms for GMRES solve
  0 (restart 0) KSP residual norm 8.158952e+00
  1 (restart 0) KSP residual norm 6.444987e-01
  2 (restart 0) KSP residual norm 5.937137e-01
  3 (restart 0) KSP residual norm 5.577241e-01
  4 (restart 0) KSP residual norm 4.640534e-01
  5 (restart 0) KSP residual norm 1.870341e-01
  6 (restart 0) KSP residual norm 7.657432e-02
  7 (restart 0) KSP residual norm 3.738251e-02
  8 (restart 0) KSP residual norm 2.010075e-02
  9 (restart 0) KSP residual norm 1.258965e-02
 10 (restart 0) KSP residual norm 1.059318e-02
 11 (restart 0) KSP residual norm 9.234064e-03
 12 (restart 0) KSP residual norm 9.011941e-03
 13 (restart 0) KSP residual norm 8.975530e-03
 14 (restart 0) KSP residual norm 8.779047e-03
 15 (restart 0) KSP residual norm 8.558531e-03
 16 (restart 0) KSP residual norm 8.229801e-03
 17 (restart 0) KSP residual norm 7.674298e-03
 18 (restart 0) KSP residual norm 6.889488e-03
 19 (restart 0) KSP residual norm 6.002237e-03
 20 (restart 0) KSP residual norm 5.384920e-03
 21 (restart 0) KSP residual norm 4.633600e-03
 22 (restart 0) KSP residual norm 4.064707e-03
 23 (restart 0) KSP residual norm 3.337820e-03
 24 (restart 0) KSP residual norm 2.864578e-03
 25 (restart 0) KSP residual norm 2.604014e-03
 26 (restart 0) KSP residual norm 2.352854e-03
 27 (restart 0) KSP residual norm 2.091095e-03
 28 (restart 0) KSP residual norm 1.967294e-03
 29 (restart 0) KSP residual norm 1.905305e-03
 30 (restart 0) KSP residual norm 1.842104e-03
 31 (restart 0) KSP residual norm 1.821503e-03
 32 (restart 0) KSP residual norm 1.753656e-03
 33 (restart 0) KSP residual norm 1.421770e-03
 34 (restart 0) KSP residual norm 8.205368e-04
 35 (restart 0) KSP residual norm 3.878812e-04
GMRES solver converged in 35 iterations (avg. reduction factor: 7.525e-01)
0 NLEPS (nconv=2, restart=0) residual norm 1.122702e-01
  Residual norms for GMRES solve
  0 (restart 0) KSP residual norm 6.266943e+00
  1 (restart 0) KSP residual norm 2.130724e+00
  2 (restart 0) KSP residual norm 2.069115e+00
  3 (restart 0) KSP residual norm 6.116374e-01
  4 (restart 0) KSP residual norm 4.481693e-01
  5 (restart 0) KSP residual norm 1.375623e-01
  6 (restart 0) KSP residual norm 5.385416e-02
  7 (restart 0) KSP residual norm 4.288264e-02
  8 (restart 0) KSP residual norm 4.192440e-02
  9 (restart 0) KSP residual norm 4.156653e-02
 10 (restart 0) KSP residual norm 4.094281e-02
 11 (restart 0) KSP residual norm 2.938627e-02
 12 (restart 0) KSP residual norm 2.136168e-02
 13 (restart 0) KSP residual norm 1.807047e-02
 14 (restart 0) KSP residual norm 1.709515e-02
 15 (restart 0) KSP residual norm 1.650399e-02
 16 (restart 0) KSP residual norm 1.559391e-02
 17 (restart 0) KSP residual norm 1.438865e-02
 18 (restart 0) KSP residual norm 1.278204e-02
 19 (restart 0) KSP residual norm 1.168809e-02
 20 (restart 0) KSP residual norm 9.713873e-03
 21 (restart 0) KSP residual norm 8.481022e-03
 22 (restart 0) KSP residual norm 7.560576e-03
 23 (restart 0) KSP residual norm 6.890295e-03
 24 (restart 0) KSP residual norm 6.399836e-03
 25 (restart 0) KSP residual norm 6.020558e-03
 26 (restart 0) KSP residual norm 5.777435e-03
 27 (restart 0) KSP residual norm 5.536886e-03
 28 (restart 0) KSP residual norm 5.369141e-03
 29 (restart 0) KSP residual norm 5.205609e-03
 30 (restart 0) KSP residual norm 5.030622e-03
 31 (restart 0) KSP residual norm 4.846236e-03
 32 (restart 0) KSP residual norm 4.218009e-03
 33 (restart 0) KSP residual norm 2.873573e-03
 34 (restart 0) KSP residual norm 1.502965e-03
 35 (restart 0) KSP residual norm 7.070376e-04
 36 (restart 0) KSP residual norm 2.865893e-04
GMRES solver converged in 36 iterations (avg. reduction factor: 7.576e-01)
1 NLEPS (nconv=2, restart=0) residual norm 8.324205e-04
  Residual norms for GMRES solve
  0 (restart 0) KSP residual norm 4.961987e-08
  1 (restart 0) KSP residual norm 3.641217e-08
  2 (restart 0) KSP residual norm 3.620931e-08
  3 (restart 0) KSP residual norm 2.908185e-08
  4 (restart 0) KSP residual norm 1.245095e-08
  5 (restart 0) KSP residual norm 7.387523e-09
  6 (restart 0) KSP residual norm 3.663521e-09
  7 (restart 0) KSP residual norm 2.016711e-09
  8 (restart 0) KSP residual norm 1.442485e-09
  9 (restart 0) KSP residual norm 1.309205e-09
 10 (restart 0) KSP residual norm 1.218708e-09
 11 (restart 0) KSP residual norm 1.017633e-09
 12 (restart 0) KSP residual norm 7.152926e-10
 13 (restart 0) KSP residual norm 5.425117e-10
 14 (restart 0) KSP residual norm 4.843802e-10
 15 (restart 0) KSP residual norm 4.833284e-10
 16 (restart 0) KSP residual norm 4.792527e-10
 17 (restart 0) KSP residual norm 4.654840e-10
 18 (restart 0) KSP residual norm 4.539001e-10
 19 (restart 0) KSP residual norm 4.203408e-10
 20 (restart 0) KSP residual norm 3.806786e-10
 21 (restart 0) KSP residual norm 3.572657e-10
 22 (restart 0) KSP residual norm 3.356585e-10
 23 (restart 0) KSP residual norm 3.229126e-10
 24 (restart 0) KSP residual norm 3.123898e-10
 25 (restart 0) KSP residual norm 3.081935e-10
 26 (restart 0) KSP residual norm 2.948425e-10
 27 (restart 0) KSP residual norm 2.928135e-10
 28 (restart 0) KSP residual norm 2.884829e-10
 29 (restart 0) KSP residual norm 2.859369e-10
 30 (restart 0) KSP residual norm 2.841365e-10
 31 (restart 0) KSP residual norm 2.791296e-10
 32 (restart 0) KSP residual norm 2.754206e-10
 33 (restart 0) KSP residual norm 2.582116e-10
 34 (restart 0) KSP residual norm 2.416895e-10
 35 (restart 0) KSP residual norm 1.561810e-10
 36 (restart 0) KSP residual norm 7.213422e-11
 37 (restart 0) KSP residual norm 3.137439e-11
 38 (restart 0) KSP residual norm 1.387835e-11
 39 (restart 0) KSP residual norm 6.122312e-12
 40 (restart 0) KSP residual norm 2.421221e-12
GMRES solver converged in 40 iterations (avg. reduction factor: 7.802e-01)
2 NLEPS (nconv=2, restart=0) residual norm 2.105359e-07
  Residual norms for GMRES solve
  0 (restart 0) KSP residual norm 6.816859e-10
  1 (restart 0) KSP residual norm 5.531201e-10
  2 (restart 0) KSP residual norm 2.790450e-10
  3 (restart 0) KSP residual norm 2.771094e-10
  4 (restart 0) KSP residual norm 2.301479e-10
  5 (restart 0) KSP residual norm 1.917366e-10
  6 (restart 0) KSP residual norm 1.726078e-10
  7 (restart 0) KSP residual norm 1.529831e-10
  8 (restart 0) KSP residual norm 1.496676e-10
  9 (restart 0) KSP residual norm 1.481523e-10
 10 (restart 0) KSP residual norm 1.338602e-10
 11 (restart 0) KSP residual norm 1.300247e-10
 12 (restart 0) KSP residual norm 1.241687e-10
 13 (restart 0) KSP residual norm 1.237446e-10
 14 (restart 0) KSP residual norm 1.217176e-10
 15 (restart 0) KSP residual norm 1.213319e-10
 16 (restart 0) KSP residual norm 1.206853e-10
 17 (restart 0) KSP residual norm 1.205644e-10
 18 (restart 0) KSP residual norm 1.184716e-10
 19 (restart 0) KSP residual norm 1.182268e-10
 20 (restart 0) KSP residual norm 1.178693e-10
 21 (restart 0) KSP residual norm 1.174138e-10
 22 (restart 0) KSP residual norm 1.164310e-10
 23 (restart 0) KSP residual norm 1.158189e-10
 24 (restart 0) KSP residual norm 1.154199e-10
 25 (restart 0) KSP residual norm 1.138921e-10
 26 (restart 0) KSP residual norm 1.098787e-10
 27 (restart 0) KSP residual norm 9.892792e-11
 28 (restart 0) KSP residual norm 7.717302e-11
 29 (restart 0) KSP residual norm 4.562668e-11
 30 (restart 0) KSP residual norm 2.183532e-11
 31 (restart 0) KSP residual norm 1.034691e-11
 32 (restart 0) KSP residual norm 5.199688e-12
 33 (restart 0) KSP residual norm 2.394988e-12
 34 (restart 0) KSP residual norm 1.138370e-12
 35 (restart 0) KSP residual norm 5.109156e-13
GMRES solver converged in 35 iterations (avg. reduction factor: 8.142e-01)
3 NLEPS (nconv=2, restart=0) residual norm 6.678022e-11
Eigenvalue 2, Quasi-Newton converged in 3 iterations (-1.908e-03+9.041e+00i).
  Residual norms for GMRES solve
  0 (restart 0) KSP residual norm 1.468191e+01
  1 (restart 0) KSP residual norm 6.669978e+00
  2 (restart 0) KSP residual norm 1.853166e+00
  3 (restart 0) KSP residual norm 2.183659e-01
  4 (restart 0) KSP residual norm 1.092862e-01
  5 (restart 0) KSP residual norm 1.044462e-01
  6 (restart 0) KSP residual norm 1.018477e-01
  7 (restart 0) KSP residual norm 9.964662e-02
  8 (restart 0) KSP residual norm 9.942202e-02
  9 (restart 0) KSP residual norm 9.411233e-02
 10 (restart 0) KSP residual norm 8.474688e-02
 11 (restart 0) KSP residual norm 5.938465e-02
 12 (restart 0) KSP residual norm 5.520290e-02
 13 (restart 0) KSP residual norm 4.799123e-02
 14 (restart 0) KSP residual norm 4.481631e-02
 15 (restart 0) KSP residual norm 4.459529e-02
 16 (restart 0) KSP residual norm 4.416681e-02
 17 (restart 0) KSP residual norm 4.410411e-02
 18 (restart 0) KSP residual norm 4.396842e-02
 19 (restart 0) KSP residual norm 4.393781e-02
 20 (restart 0) KSP residual norm 4.391869e-02
 21 (restart 0) KSP residual norm 4.388253e-02
 22 (restart 0) KSP residual norm 4.385847e-02
 23 (restart 0) KSP residual norm 4.364740e-02
 24 (restart 0) KSP residual norm 4.331189e-02
 25 (restart 0) KSP residual norm 4.263427e-02
 26 (restart 0) KSP residual norm 3.647382e-02
 27 (restart 0) KSP residual norm 2.780261e-02
 28 (restart 0) KSP residual norm 1.573546e-02
 29 (restart 0) KSP residual norm 7.756066e-03
 30 (restart 0) KSP residual norm 4.209694e-03
 31 (restart 0) KSP residual norm 2.132888e-03
 32 (restart 0) KSP residual norm 1.019324e-03
GMRES solver converged in 32 iterations (avg. reduction factor: 7.414e-01)
0 NLEPS (nconv=3, restart=0) residual norm 1.393640e-01
  Residual norms for GMRES solve
  0 (restart 0) KSP residual norm 3.606090e+00
  1 (restart 0) KSP residual norm 9.396832e-01
  2 (restart 0) KSP residual norm 6.301948e-01
  3 (restart 0) KSP residual norm 9.640212e-02
  4 (restart 0) KSP residual norm 1.958241e-02
  5 (restart 0) KSP residual norm 6.164118e-03
  6 (restart 0) KSP residual norm 5.720565e-03
  7 (restart 0) KSP residual norm 4.393883e-03
  8 (restart 0) KSP residual norm 4.170840e-03
  9 (restart 0) KSP residual norm 3.850457e-03
 10 (restart 0) KSP residual norm 3.844024e-03
 11 (restart 0) KSP residual norm 3.812945e-03
 12 (restart 0) KSP residual norm 3.804471e-03
 13 (restart 0) KSP residual norm 3.722324e-03
 14 (restart 0) KSP residual norm 3.694679e-03
 15 (restart 0) KSP residual norm 3.693894e-03
 16 (restart 0) KSP residual norm 3.673842e-03
 17 (restart 0) KSP residual norm 3.666821e-03
 18 (restart 0) KSP residual norm 3.658930e-03
 19 (restart 0) KSP residual norm 3.657602e-03
 20 (restart 0) KSP residual norm 3.653774e-03
 21 (restart 0) KSP residual norm 3.638158e-03
 22 (restart 0) KSP residual norm 3.627856e-03
 23 (restart 0) KSP residual norm 3.626742e-03
 24 (restart 0) KSP residual norm 3.623713e-03
 25 (restart 0) KSP residual norm 3.620851e-03
 26 (restart 0) KSP residual norm 3.605936e-03
 27 (restart 0) KSP residual norm 3.545931e-03
 28 (restart 0) KSP residual norm 3.366894e-03
 29 (restart 0) KSP residual norm 2.701501e-03
 30 (restart 0) KSP residual norm 1.969988e-03
 31 (restart 0) KSP residual norm 1.044239e-03
 32 (restart 0) KSP residual norm 4.671262e-04
 33 (restart 0) KSP residual norm 2.309278e-04
GMRES solver converged in 33 iterations (avg. reduction factor: 7.463e-01)
1 NLEPS (nconv=3, restart=0) residual norm 1.047934e-03
  Residual norms for GMRES solve
  0 (restart 0) KSP residual norm 2.573458e-07
  1 (restart 0) KSP residual norm 8.434314e-08
  2 (restart 0) KSP residual norm 6.747932e-08
  3 (restart 0) KSP residual norm 3.135493e-08
  4 (restart 0) KSP residual norm 1.748170e-08
  5 (restart 0) KSP residual norm 1.037796e-08
  6 (restart 0) KSP residual norm 8.321866e-09
  7 (restart 0) KSP residual norm 5.154380e-09
  8 (restart 0) KSP residual norm 4.031882e-09
  9 (restart 0) KSP residual norm 3.295201e-09
 10 (restart 0) KSP residual norm 3.280021e-09
 11 (restart 0) KSP residual norm 2.936715e-09
 12 (restart 0) KSP residual norm 2.814671e-09
 13 (restart 0) KSP residual norm 2.765292e-09
 14 (restart 0) KSP residual norm 2.764550e-09
 15 (restart 0) KSP residual norm 2.341848e-09
 16 (restart 0) KSP residual norm 2.181172e-09
 17 (restart 0) KSP residual norm 1.448589e-09
 18 (restart 0) KSP residual norm 8.457127e-10
 19 (restart 0) KSP residual norm 5.283518e-10
 20 (restart 0) KSP residual norm 4.212450e-10
 21 (restart 0) KSP residual norm 3.836514e-10
 22 (restart 0) KSP residual norm 3.702228e-10
 23 (restart 0) KSP residual norm 3.682922e-10
 24 (restart 0) KSP residual norm 3.675063e-10
 25 (restart 0) KSP residual norm 3.671884e-10
 26 (restart 0) KSP residual norm 3.651622e-10
 27 (restart 0) KSP residual norm 3.649982e-10
 28 (restart 0) KSP residual norm 3.643459e-10
 29 (restart 0) KSP residual norm 3.643272e-10
 30 (restart 0) KSP residual norm 3.637552e-10
 31 (restart 0) KSP residual norm 3.631210e-10
 32 (restart 0) KSP residual norm 3.606991e-10
 33 (restart 0) KSP residual norm 3.532561e-10
 34 (restart 0) KSP residual norm 3.263884e-10
 35 (restart 0) KSP residual norm 2.472871e-10
 36 (restart 0) KSP residual norm 1.326136e-10
 37 (restart 0) KSP residual norm 7.092784e-11
 38 (restart 0) KSP residual norm 3.206449e-11
 39 (restart 0) KSP residual norm 1.369627e-11
GMRES solver converged in 39 iterations (avg. reduction factor: 7.770e-01)
2 NLEPS (nconv=3, restart=0) residual norm 2.417501e-07
  Residual norms for GMRES solve
  0 (restart 0) KSP residual norm 8.372938e-09
  1 (restart 0) KSP residual norm 9.740193e-10
  2 (restart 0) KSP residual norm 4.228563e-10
  3 (restart 0) KSP residual norm 6.955298e-11
  4 (restart 0) KSP residual norm 5.470645e-11
  5 (restart 0) KSP residual norm 5.447387e-11
  6 (restart 0) KSP residual norm 5.312795e-11
  7 (restart 0) KSP residual norm 5.221069e-11
  8 (restart 0) KSP residual norm 5.163320e-11
  9 (restart 0) KSP residual norm 5.146236e-11
 10 (restart 0) KSP residual norm 5.070583e-11
 11 (restart 0) KSP residual norm 5.042983e-11
 12 (restart 0) KSP residual norm 4.999540e-11
 13 (restart 0) KSP residual norm 4.974101e-11
 14 (restart 0) KSP residual norm 4.884741e-11
 15 (restart 0) KSP residual norm 4.883273e-11
 16 (restart 0) KSP residual norm 4.860143e-11
 17 (restart 0) KSP residual norm 4.853704e-11
 18 (restart 0) KSP residual norm 4.825541e-11
 19 (restart 0) KSP residual norm 4.790560e-11
 20 (restart 0) KSP residual norm 4.744276e-11
 21 (restart 0) KSP residual norm 4.724654e-11
 22 (restart 0) KSP residual norm 4.711584e-11
 23 (restart 0) KSP residual norm 4.646456e-11
 24 (restart 0) KSP residual norm 4.633597e-11
 25 (restart 0) KSP residual norm 4.509325e-11
 26 (restart 0) KSP residual norm 4.304948e-11
 27 (restart 0) KSP residual norm 3.573683e-11
 28 (restart 0) KSP residual norm 2.145923e-11
 29 (restart 0) KSP residual norm 1.226402e-11
 30 (restart 0) KSP residual norm 6.096381e-12
 31 (restart 0) KSP residual norm 2.969576e-12
 32 (restart 0) KSP residual norm 1.408861e-12
 33 (restart 0) KSP residual norm 6.963749e-13
GMRES solver converged in 33 iterations (avg. reduction factor: 7.523e-01)
3 NLEPS (nconv=3, restart=0) residual norm 8.443985e-11
Eigenvalue 3, Quasi-Newton converged in 3 iterations (-1.986e-04+9.675e+00i).

Computing solution error estimates and performing postprocessing

     m,        Re{f} (GHz),        Im{f} (GHz),                  Q,      Error (Bkwd.),       Error (Abs.)
     1,      +2.449218e+00,      +3.427335e-04,      +3.573065e+03,      +3.015190e-13,      +2.433815e-09
     2,      +2.449335e+00,      +3.427549e-04,      +3.573013e+03,      +9.509643e-15,      +7.676049e-11
     3,      +2.450801e+00,      +5.173499e-04,      +2.368611e+03,      +8.272823e-15,      +6.677833e-11
     4,      +2.622862e+00,      +5.383680e-05,      +2.435937e+04,      +1.043680e-14,      +8.443563e-11

Completed 0 iterations of adaptive mesh refinement (AMR):
 Indicator norm = nan, global unknowns = 249902
 Max. iterations = 0, tol. = 1.000e-02

Estimated peak per-rank memory usage is: Min. 163.4M, Max. 184.2M, Avg. 170.0M, Total 5.3G
Estimated peak per-node memory usage is: Min. 5.3G, Max. 5.3G, Avg. 5.3G, Total 5.3G

Elapsed Time Report (s)           Min.        Max.        Avg.
==============================================================
Initialization                   0.113       0.283       0.278
  Mesh Preprocessing             0.223       0.393       0.228
Operator Construction            1.225       1.228       1.227
Linear Solve                     8.813       8.928       8.898
  Setup                          2.732       2.732       2.732
  Preconditioner                97.762      97.944      97.894
  Coarse Solve                   8.285       8.457       8.332
Eigenvalue Solve                 0.909       0.915       0.913
Div.-Free Projection             6.419       6.425       6.424
Estimation                       0.019       0.021       0.021
  Construction                   0.190       0.190       0.190
  Solve                          0.810       0.812       0.811
Postprocessing                   0.318       0.320       0.319
Disk IO                          0.425       0.426       0.426
--------------------------------------------------------------
Total                          129.925     129.963     129.944

Peak Memory                   Per-Node       Total   Total HWM
==============================================================
Initialization                   68.5M       68.5M       68.5M
  Mesh Preprocessing            102.3M      102.3M      170.8M
Operator Construction           685.3M      685.3M      856.1M
Linear Solve                      1.2M        1.2M      857.4M
  Setup                         459.8M      459.8M        1.3G
  Preconditioner                 11.2M       11.2M        1.3G
  Coarse Solve                    2.0G        2.0G        3.3G
Eigenvalue Solve                141.3M      141.3M        3.4G
Div.-Free Projection            207.9M      207.9M        3.6G
Estimation                      123.2M      123.2M        3.7G
  Construction                  197.6M      197.6M        3.9G
  Solve                         129.2M      129.2M        4.1G
Postprocessing                  335.6M      335.6M        4.4G
Disk IO                          49.3M       49.3M        4.4G
--------------------------------------------------------------
Total                             4.9G        4.9G        4.9G

