>> /opt/amip/envs/emsim/bin/mpirun -n 32 /opt/amip/palace/bin/palace-x86_64.bin h3_eigen_metal_r6.json

_____________     _______
_____   __   \____ __   /____ ____________
____   /_/  /  __ ` /  /  __ ` /  ___/  _ \
___   _____/  /_/  /  /  /_/  /  /__/  ___/
  /__/     \___,__/__/\___,__/\_____\_____/

Git changeset ID: v0.17.0-293-g3c83b9db0
Running with 32 MPI processes, 1 OpenMP thread
Device configuration: omp,cpu
Memory configuration: host-std
libCEED backend: /cpu/self/xsmm/blocked

Added 9133 boundary elements for material interfaces to the mesh

Characteristic length and time scales:
 Lc = 1.760e-01 m, tc = 5.871e-01 ns
Finished partitioning mesh into 32 subdomains

Mesh curvature order: 2
Mesh bounding box:
 (Xmin, Ymin, Zmin) = (-8.800e-02, -8.800e-02, -5.771e-02) m
 (Xmax, Ymax, Zmax) = (+8.800e-02, +8.800e-02, +5.771e-02) m

Parallel Mesh Stats:

                minimum     average     maximum       total
 vertices           117         205         289        6562
 edges             1093        1379        1618       44134
 faces             2110        2322        2483       74320
 elements          1117        1148        1182       36747
 neighbors            6          11          19

            minimum     maximum
 h       0.00548493    0.190678
 kappa      1.05407     23.2292

Estimated current per-rank memory usage is: Min. 32.7M, Max. 60.8M, Avg. 34.1M, Total 1.1G
Estimated current per-node memory usage is: Min. 1.1G, Max. 1.1G, Avg. 1.1G, Total 1.1G

Configuring Robin finite conductivity BC at attributes:
 90: σ = 3.500e+07 S/m, n = (+0.1,+0.1,-1.0)

Assembling system matrices, number of global unknowns:
 H1 (p = 2): 50696, ND (p = 2): 236908, RT (p = 2): 333201
 Operator assembly level: Partial
 Mesh geometries:
  Tetrahedron: P = 20, Q = 14 (quadrature order = 4)

Configuring SLEPc eigenvalue solver:
 Scaling γ = 2.824e+01, δ = 3.705e-06
 Configuring divergence-free projection
 Using random starting vector
 Shift-and-invert σ = 2.400e+00 GHz (8.853e+00)

Assembling multigrid hierarchy:
 Level 0 (p = 1): 44134 unknowns
 Level 1 (p = 2): 236908 unknowns
 Level 0 (auxiliary) (p = 1): 6562 unknowns
 Level 1 (auxiliary) (p = 2): 50696 unknowns

#PETSc Option Table entries:
-eps_monitor # (source: code)
#End of PETSc Option Table entries

  Residual norms for GMRES solve
  0 (restart 0) KSP residual norm 1.072321e+00
  1 (restart 0) KSP residual norm 7.401046e-01
  2 (restart 0) KSP residual norm 2.418217e-01
  3 (restart 0) KSP residual norm 7.770532e-02
  4 (restart 0) KSP residual norm 3.761073e-02
  5 (restart 0) KSP residual norm 2.075437e-02
  6 (restart 0) KSP residual norm 6.900401e-03
  7 (restart 0) KSP residual norm 2.837583e-03
  8 (restart 0) KSP residual norm 1.049244e-03
  9 (restart 0) KSP residual norm 3.806077e-04
 10 (restart 0) KSP residual norm 2.003051e-04
 11 (restart 0) KSP residual norm 7.468393e-05
 12 (restart 0) KSP residual norm 2.922213e-05
 13 (restart 0) KSP residual norm 1.315520e-05
 14 (restart 0) KSP residual norm 5.909025e-06
 15 (restart 0) KSP residual norm 2.454102e-06
 16 (restart 0) KSP residual norm 1.008201e-06
 17 (restart 0) KSP residual norm 4.417006e-07
 18 (restart 0) KSP residual norm 1.804735e-07
 19 (restart 0) KSP residual norm 7.349980e-08
 20 (restart 0) KSP residual norm 2.870026e-08
 21 (restart 0) KSP residual norm 1.222048e-08
 22 (restart 0) KSP residual norm 4.931695e-09
GMRES solver converged in 22 iterations (avg. reduction factor: 4.179e-01)
  Residual norms for GMRES solve
  0 (restart 0) KSP residual norm 3.496350e+01
  1 (restart 0) KSP residual norm 8.411699e+00
  2 (restart 0) KSP residual norm 1.285372e+00
  3 (restart 0) KSP residual norm 5.219748e-01
  4 (restart 0) KSP residual norm 1.082274e-01
  5 (restart 0) KSP residual norm 4.237174e-02
  6 (restart 0) KSP residual norm 1.712319e-02
  7 (restart 0) KSP residual norm 7.406093e-03
  8 (restart 0) KSP residual norm 3.015248e-03
  9 (restart 0) KSP residual norm 9.160928e-04
 10 (restart 0) KSP residual norm 4.723665e-04
 11 (restart 0) KSP residual norm 1.467607e-04
 12 (restart 0) KSP residual norm 6.409587e-05
 13 (restart 0) KSP residual norm 2.591957e-05
 14 (restart 0) KSP residual norm 1.125665e-05
 15 (restart 0) KSP residual norm 4.497243e-06
 16 (restart 0) KSP residual norm 1.646935e-06
 17 (restart 0) KSP residual norm 6.674732e-07
 18 (restart 0) KSP residual norm 2.567865e-07
GMRES solver converged in 18 iterations (avg. reduction factor: 3.533e-01)
  Residual norms for GMRES solve
  0 (restart 0) KSP residual norm 1.488545e+02
  1 (restart 0) KSP residual norm 3.554805e+01
  2 (restart 0) KSP residual norm 4.032403e+00
  3 (restart 0) KSP residual norm 1.390220e+00
  4 (restart 0) KSP residual norm 3.475045e-01
  5 (restart 0) KSP residual norm 1.099437e-01
  6 (restart 0) KSP residual norm 4.484709e-02
  7 (restart 0) KSP residual norm 1.753846e-02
  8 (restart 0) KSP residual norm 6.241211e-03
  9 (restart 0) KSP residual norm 2.145776e-03
 10 (restart 0) KSP residual norm 1.152108e-03
 11 (restart 0) KSP residual norm 4.361504e-04
 12 (restart 0) KSP residual norm 2.159338e-04
 13 (restart 0) KSP residual norm 7.992726e-05
 14 (restart 0) KSP residual norm 3.175816e-05
 15 (restart 0) KSP residual norm 1.385458e-05
 16 (restart 0) KSP residual norm 5.445543e-06
 17 (restart 0) KSP residual norm 2.183618e-06
 18 (restart 0) KSP residual norm 7.615104e-07
GMRES solver converged in 18 iterations (avg. reduction factor: 3.462e-01)
  Residual norms for GMRES solve
  0 (restart 0) KSP residual norm 6.122477e+01
  1 (restart 0) KSP residual norm 9.588632e+00
  2 (restart 0) KSP residual norm 1.744217e+00
  3 (restart 0) KSP residual norm 5.201318e-01
  4 (restart 0) KSP residual norm 2.952004e-01
  5 (restart 0) KSP residual norm 8.336255e-02
  6 (restart 0) KSP residual norm 2.756976e-02
  7 (restart 0) KSP residual norm 1.313312e-02
  8 (restart 0) KSP residual norm 5.474197e-03
  9 (restart 0) KSP residual norm 1.868509e-03
 10 (restart 0) KSP residual norm 9.495592e-04
 11 (restart 0) KSP residual norm 3.148440e-04
 12 (restart 0) KSP residual norm 1.264594e-04
 13 (restart 0) KSP residual norm 4.832697e-05
 14 (restart 0) KSP residual norm 2.239882e-05
 15 (restart 0) KSP residual norm 8.412189e-06
 16 (restart 0) KSP residual norm 3.416410e-06
 17 (restart 0) KSP residual norm 1.358447e-06
 18 (restart 0) KSP residual norm 5.157311e-07
GMRES solver converged in 18 iterations (avg. reduction factor: 3.560e-01)
  Residual norms for GMRES solve
  0 (restart 0) KSP residual norm 1.292716e+02
  1 (restart 0) KSP residual norm 3.196082e+01
  2 (restart 0) KSP residual norm 5.492065e+00
  3 (restart 0) KSP residual norm 1.463798e+00
  4 (restart 0) KSP residual norm 3.027228e-01
  5 (restart 0) KSP residual norm 1.290707e-01
  6 (restart 0) KSP residual norm 3.977127e-02
  7 (restart 0) KSP residual norm 1.960104e-02
  8 (restart 0) KSP residual norm 7.924316e-03
  9 (restart 0) KSP residual norm 2.409642e-03
 10 (restart 0) KSP residual norm 1.185855e-03
 11 (restart 0) KSP residual norm 4.441419e-04
 12 (restart 0) KSP residual norm 1.957625e-04
 13 (restart 0) KSP residual norm 7.331918e-05
 14 (restart 0) KSP residual norm 2.778745e-05
 15 (restart 0) KSP residual norm 1.117540e-05
 16 (restart 0) KSP residual norm 4.466410e-06
 17 (restart 0) KSP residual norm 1.673895e-06
 18 (restart 0) KSP residual norm 6.810887e-07
GMRES solver converged in 18 iterations (avg. reduction factor: 3.468e-01)
  Residual norms for GMRES solve
  0 (restart 0) KSP residual norm 7.763578e+01
  1 (restart 0) KSP residual norm 1.808785e+01
  2 (restart 0) KSP residual norm 3.944841e+00
  3 (restart 0) KSP residual norm 1.625302e+00
  4 (restart 0) KSP residual norm 2.355279e-01
  5 (restart 0) KSP residual norm 1.109426e-01
  6 (restart 0) KSP residual norm 4.211721e-02
  7 (restart 0) KSP residual norm 1.606344e-02
  8 (restart 0) KSP residual norm 6.937152e-03
  9 (restart 0) KSP residual norm 2.055479e-03
 10 (restart 0) KSP residual norm 1.211285e-03
 11 (restart 0) KSP residual norm 4.235900e-04
 12 (restart 0) KSP residual norm 1.499259e-04
 13 (restart 0) KSP residual norm 6.221528e-05
 14 (restart 0) KSP residual norm 2.544383e-05
 15 (restart 0) KSP residual norm 1.063674e-05
 16 (restart 0) KSP residual norm 3.611494e-06
 17 (restart 0) KSP residual norm 1.515470e-06
 18 (restart 0) KSP residual norm 5.440954e-07
GMRES solver converged in 18 iterations (avg. reduction factor: 3.524e-01)
  Residual norms for GMRES solve
  0 (restart 0) KSP residual norm 1.697527e+01
  1 (restart 0) KSP residual norm 7.785913e+00
  2 (restart 0) KSP residual norm 3.930446e+00
  3 (restart 0) KSP residual norm 1.177068e+00
  4 (restart 0) KSP residual norm 2.622001e-01
  5 (restart 0) KSP residual norm 1.218291e-01
  6 (restart 0) KSP residual norm 5.547632e-02
  7 (restart 0) KSP residual norm 1.147630e-02
  8 (restart 0) KSP residual norm 6.696245e-03
  9 (restart 0) KSP residual norm 1.721101e-03
 10 (restart 0) KSP residual norm 7.165010e-04
 11 (restart 0) KSP residual norm 3.389376e-04
 12 (restart 0) KSP residual norm 1.013764e-04
 13 (restart 0) KSP residual norm 3.975286e-05
 14 (restart 0) KSP residual norm 1.795594e-05
 15 (restart 0) KSP residual norm 6.928589e-06
 16 (restart 0) KSP residual norm 2.648228e-06
 17 (restart 0) KSP residual norm 1.169587e-06
 18 (restart 0) KSP residual norm 4.666376e-07
 19 (restart 0) KSP residual norm 1.520504e-07
GMRES solver converged in 19 iterations (avg. reduction factor: 3.771e-01)
  Residual norms for GMRES solve
  0 (restart 0) KSP residual norm 1.528967e+01
  1 (restart 0) KSP residual norm 6.944485e+00
  2 (restart 0) KSP residual norm 2.725345e+00
  3 (restart 0) KSP residual norm 5.597476e-01
  4 (restart 0) KSP residual norm 2.680051e-01
  5 (restart 0) KSP residual norm 1.255867e-01
  6 (restart 0) KSP residual norm 6.036200e-02
  7 (restart 0) KSP residual norm 1.166980e-02
  8 (restart 0) KSP residual norm 6.603551e-03
  9 (restart 0) KSP residual norm 1.790636e-03
 10 (restart 0) KSP residual norm 7.290671e-04
 11 (restart 0) KSP residual norm 3.659854e-04
 12 (restart 0) KSP residual norm 1.059525e-04
 13 (restart 0) KSP residual norm 4.177162e-05
 14 (restart 0) KSP residual norm 1.940756e-05
 15 (restart 0) KSP residual norm 8.291966e-06
 16 (restart 0) KSP residual norm 3.002961e-06
 17 (restart 0) KSP residual norm 1.253932e-06
 18 (restart 0) KSP residual norm 5.633890e-07
 19 (restart 0) KSP residual norm 1.845105e-07
 20 (restart 0) KSP residual norm 8.498633e-08
GMRES solver converged in 20 iterations (avg. reduction factor: 3.866e-01)
  Residual norms for GMRES solve
  0 (restart 0) KSP residual norm 9.388891e+01
  1 (restart 0) KSP residual norm 2.678452e+01
  2 (restart 0) KSP residual norm 2.877492e+00
  3 (restart 0) KSP residual norm 1.298525e+00
  4 (restart 0) KSP residual norm 3.235430e-01
  5 (restart 0) KSP residual norm 1.421874e-01
  6 (restart 0) KSP residual norm 5.363502e-02
  7 (restart 0) KSP residual norm 2.443854e-02
  8 (restart 0) KSP residual norm 1.027565e-02
  9 (restart 0) KSP residual norm 3.717831e-03
 10 (restart 0) KSP residual norm 2.012620e-03
 11 (restart 0) KSP residual norm 6.300695e-04
 12 (restart 0) KSP residual norm 2.693905e-04
 13 (restart 0) KSP residual norm 9.957417e-05
 14 (restart 0) KSP residual norm 3.570012e-05
 15 (restart 0) KSP residual norm 1.614879e-05
 16 (restart 0) KSP residual norm 5.632932e-06
 17 (restart 0) KSP residual norm 2.409365e-06
 18 (restart 0) KSP residual norm 9.241062e-07
GMRES solver converged in 18 iterations (avg. reduction factor: 3.591e-01)
  Residual norms for GMRES solve
  0 (restart 0) KSP residual norm 1.179261e+02
  1 (restart 0) KSP residual norm 3.265947e+01
  2 (restart 0) KSP residual norm 3.738986e+00
  3 (restart 0) KSP residual norm 1.674687e+00
  4 (restart 0) KSP residual norm 3.483032e-01
  5 (restart 0) KSP residual norm 1.421799e-01
  6 (restart 0) KSP residual norm 5.813533e-02
  7 (restart 0) KSP residual norm 2.958606e-02
  8 (restart 0) KSP residual norm 1.152780e-02
  9 (restart 0) KSP residual norm 3.710690e-03
 10 (restart 0) KSP residual norm 1.631860e-03
 11 (restart 0) KSP residual norm 6.261505e-04
 12 (restart 0) KSP residual norm 2.688635e-04
 13 (restart 0) KSP residual norm 8.995337e-05
 14 (restart 0) KSP residual norm 3.240912e-05
 15 (restart 0) KSP residual norm 1.292508e-05
 16 (restart 0) KSP residual norm 5.122856e-06
 17 (restart 0) KSP residual norm 2.364629e-06
 18 (restart 0) KSP residual norm 8.501359e-07
GMRES solver converged in 18 iterations (avg. reduction factor: 3.529e-01)
  Residual norms for GMRES solve
  0 (restart 0) KSP residual norm 1.522757e+01
  1 (restart 0) KSP residual norm 4.716906e+00
  2 (restart 0) KSP residual norm 1.889672e+00
  3 (restart 0) KSP residual norm 4.980361e-01
  4 (restart 0) KSP residual norm 1.729604e-01
  5 (restart 0) KSP residual norm 7.660604e-02
  6 (restart 0) KSP residual norm 2.605920e-02
  7 (restart 0) KSP residual norm 9.143868e-03
  8 (restart 0) KSP residual norm 4.492240e-03
  9 (restart 0) KSP residual norm 1.394771e-03
 10 (restart 0) KSP residual norm 6.649564e-04
 11 (restart 0) KSP residual norm 2.283404e-04
 12 (restart 0) KSP residual norm 8.136923e-05
 13 (restart 0) KSP residual norm 3.135907e-05
 14 (restart 0) KSP residual norm 1.382586e-05
 15 (restart 0) KSP residual norm 6.303628e-06
 16 (restart 0) KSP residual norm 2.305738e-06
 17 (restart 0) KSP residual norm 9.998947e-07
 18 (restart 0) KSP residual norm 3.872570e-07
 19 (restart 0) KSP residual norm 1.711474e-07
 20 (restart 0) KSP residual norm 6.636590e-08
GMRES solver converged in 20 iterations (avg. reduction factor: 3.819e-01)
  Residual norms for GMRES solve
  0 (restart 0) KSP residual norm 1.698476e+01
  1 (restart 0) KSP residual norm 5.253106e+00
  2 (restart 0) KSP residual norm 2.726439e+00
  3 (restart 0) KSP residual norm 5.106085e-01
  4 (restart 0) KSP residual norm 2.358728e-01
  5 (restart 0) KSP residual norm 1.047701e-01
  6 (restart 0) KSP residual norm 2.770500e-02
  7 (restart 0) KSP residual norm 1.143534e-02
  8 (restart 0) KSP residual norm 5.015708e-03
  9 (restart 0) KSP residual norm 1.462935e-03
 10 (restart 0) KSP residual norm 6.936234e-04
 11 (restart 0) KSP residual norm 2.513558e-04
 12 (restart 0) KSP residual norm 7.460103e-05
 13 (restart 0) KSP residual norm 2.862524e-05
 14 (restart 0) KSP residual norm 1.447533e-05
 15 (restart 0) KSP residual norm 5.362483e-06
 16 (restart 0) KSP residual norm 2.081087e-06
 17 (restart 0) KSP residual norm 8.344058e-07
 18 (restart 0) KSP residual norm 3.122255e-07
 19 (restart 0) KSP residual norm 1.303469e-07
GMRES solver converged in 19 iterations (avg. reduction factor: 3.740e-01)
  Residual norms for GMRES solve
  0 (restart 0) KSP residual norm 7.759755e+00
  1 (restart 0) KSP residual norm 4.632317e+00
  2 (restart 0) KSP residual norm 2.320320e+00
  3 (restart 0) KSP residual norm 4.769697e-01
  4 (restart 0) KSP residual norm 2.088087e-01
  5 (restart 0) KSP residual norm 9.602315e-02
  6 (restart 0) KSP residual norm 2.919841e-02
  7 (restart 0) KSP residual norm 1.167421e-02
  8 (restart 0) KSP residual norm 4.934587e-03
  9 (restart 0) KSP residual norm 1.371268e-03
 10 (restart 0) KSP residual norm 7.184601e-04
 11 (restart 0) KSP residual norm 2.471459e-04
 12 (restart 0) KSP residual norm 8.344362e-05
 13 (restart 0) KSP residual norm 3.623421e-05
 14 (restart 0) KSP residual norm 1.602661e-05
 15 (restart 0) KSP residual norm 6.714591e-06
 16 (restart 0) KSP residual norm 2.541492e-06
 17 (restart 0) KSP residual norm 1.023570e-06
 18 (restart 0) KSP residual norm 3.893233e-07
 19 (restart 0) KSP residual norm 1.543988e-07
 20 (restart 0) KSP residual norm 5.772346e-08
GMRES solver converged in 20 iterations (avg. reduction factor: 3.923e-01)
  Residual norms for GMRES solve
  0 (restart 0) KSP residual norm 2.170546e+01
  1 (restart 0) KSP residual norm 5.770157e+00
  2 (restart 0) KSP residual norm 2.777139e+00
  3 (restart 0) KSP residual norm 8.723116e-01
  4 (restart 0) KSP residual norm 2.138895e-01
  5 (restart 0) KSP residual norm 8.808215e-02
  6 (restart 0) KSP residual norm 2.844821e-02
  7 (restart 0) KSP residual norm 1.074044e-02
  8 (restart 0) KSP residual norm 4.926325e-03
  9 (restart 0) KSP residual norm 1.708380e-03
 10 (restart 0) KSP residual norm 8.522936e-04
 11 (restart 0) KSP residual norm 2.987886e-04
 12 (restart 0) KSP residual norm 1.082533e-04
 13 (restart 0) KSP residual norm 4.861632e-05
 14 (restart 0) KSP residual norm 2.206677e-05
 15 (restart 0) KSP residual norm 9.054256e-06
 16 (restart 0) KSP residual norm 3.308979e-06
 17 (restart 0) KSP residual norm 1.293068e-06
 18 (restart 0) KSP residual norm 4.616590e-07
 19 (restart 0) KSP residual norm 1.995156e-07
GMRES solver converged in 19 iterations (avg. reduction factor: 3.776e-01)
  Residual norms for GMRES solve
  0 (restart 0) KSP residual norm 1.067246e+01
  1 (restart 0) KSP residual norm 4.319467e+00
  2 (restart 0) KSP residual norm 2.391028e+00
  3 (restart 0) KSP residual norm 7.271868e-01
  4 (restart 0) KSP residual norm 2.115571e-01
  5 (restart 0) KSP residual norm 9.464336e-02
  6 (restart 0) KSP residual norm 2.712149e-02
  7 (restart 0) KSP residual norm 7.219872e-03
  8 (restart 0) KSP residual norm 4.398362e-03
  9 (restart 0) KSP residual norm 1.236933e-03
 10 (restart 0) KSP residual norm 6.348749e-04
 11 (restart 0) KSP residual norm 2.396978e-04
 12 (restart 0) KSP residual norm 8.881861e-05
 13 (restart 0) KSP residual norm 3.794055e-05
 14 (restart 0) KSP residual norm 1.887321e-05
 15 (restart 0) KSP residual norm 7.222376e-06
 16 (restart 0) KSP residual norm 2.763306e-06
 17 (restart 0) KSP residual norm 1.190215e-06
 18 (restart 0) KSP residual norm 4.071174e-07
 19 (restart 0) KSP residual norm 1.641326e-07
 20 (restart 0) KSP residual norm 6.646715e-08
GMRES solver converged in 20 iterations (avg. reduction factor: 3.888e-01)
  Residual norms for GMRES solve
  0 (restart 0) KSP residual norm 2.148169e+01
  1 (restart 0) KSP residual norm 7.131693e+00
  2 (restart 0) KSP residual norm 4.374596e+00
  3 (restart 0) KSP residual norm 7.590376e-01
  4 (restart 0) KSP residual norm 3.025595e-01
  5 (restart 0) KSP residual norm 9.811902e-02
  6 (restart 0) KSP residual norm 3.297737e-02
  7 (restart 0) KSP residual norm 1.031270e-02
  8 (restart 0) KSP residual norm 5.965949e-03
  9 (restart 0) KSP residual norm 1.900342e-03
 10 (restart 0) KSP residual norm 9.293614e-04
 11 (restart 0) KSP residual norm 3.305436e-04
 12 (restart 0) KSP residual norm 1.109077e-04
 13 (restart 0) KSP residual norm 5.615672e-05
 14 (restart 0) KSP residual norm 2.479467e-05
 15 (restart 0) KSP residual norm 9.187372e-06
 16 (restart 0) KSP residual norm 3.354123e-06
 17 (restart 0) KSP residual norm 1.397888e-06
 18 (restart 0) KSP residual norm 5.124317e-07
 19 (restart 0) KSP residual norm 1.942776e-07
GMRES solver converged in 19 iterations (avg. reduction factor: 3.773e-01)
  Residual norms for GMRES solve
  0 (restart 0) KSP residual norm 3.060584e+01
  1 (restart 0) KSP residual norm 6.184328e+00
  2 (restart 0) KSP residual norm 3.707339e+00
  3 (restart 0) KSP residual norm 1.133296e+00
  4 (restart 0) KSP residual norm 2.670331e-01
  5 (restart 0) KSP residual norm 1.272660e-01
  6 (restart 0) KSP residual norm 3.060665e-02
  7 (restart 0) KSP residual norm 9.739613e-03
  8 (restart 0) KSP residual norm 4.920427e-03
  9 (restart 0) KSP residual norm 1.691701e-03
 10 (restart 0) KSP residual norm 8.417943e-04
 11 (restart 0) KSP residual norm 3.476341e-04
 12 (restart 0) KSP residual norm 1.325759e-04
 13 (restart 0) KSP residual norm 6.356021e-05
 14 (restart 0) KSP residual norm 2.783732e-05
 15 (restart 0) KSP residual norm 9.084672e-06
 16 (restart 0) KSP residual norm 3.273541e-06
 17 (restart 0) KSP residual norm 1.393923e-06
 18 (restart 0) KSP residual norm 4.835818e-07
 19 (restart 0) KSP residual norm 2.104783e-07
GMRES solver converged in 19 iterations (avg. reduction factor: 3.719e-01)
  Residual norms for GMRES solve
  0 (restart 0) KSP residual norm 1.519282e+01
  1 (restart 0) KSP residual norm 4.307131e+00
  2 (restart 0) KSP residual norm 2.703428e+00
  3 (restart 0) KSP residual norm 4.824944e-01
  4 (restart 0) KSP residual norm 2.500066e-01
  5 (restart 0) KSP residual norm 1.107929e-01
  6 (restart 0) KSP residual norm 2.736165e-02
  7 (restart 0) KSP residual norm 1.040168e-02
  8 (restart 0) KSP residual norm 5.612720e-03
  9 (restart 0) KSP residual norm 1.697975e-03
 10 (restart 0) KSP residual norm 8.267588e-04
 11 (restart 0) KSP residual norm 2.839085e-04
 12 (restart 0) KSP residual norm 1.126518e-04
 13 (restart 0) KSP residual norm 4.987070e-05
 14 (restart 0) KSP residual norm 2.374385e-05
 15 (restart 0) KSP residual norm 8.347333e-06
 16 (restart 0) KSP residual norm 3.403196e-06
 17 (restart 0) KSP residual norm 1.329537e-06
 18 (restart 0) KSP residual norm 4.543803e-07
 19 (restart 0) KSP residual norm 1.935748e-07
 20 (restart 0) KSP residual norm 7.846708e-08
GMRES solver converged in 20 iterations (avg. reduction factor: 3.852e-01)
  Residual norms for GMRES solve
  0 (restart 0) KSP residual norm 1.418971e+01
  1 (restart 0) KSP residual norm 4.436074e+00
  2 (restart 0) KSP residual norm 2.569843e+00
  3 (restart 0) KSP residual norm 1.130261e+00
  4 (restart 0) KSP residual norm 2.134124e-01
  5 (restart 0) KSP residual norm 8.387369e-02
  6 (restart 0) KSP residual norm 2.344803e-02
  7 (restart 0) KSP residual norm 7.464224e-03
  8 (restart 0) KSP residual norm 3.379876e-03
  9 (restart 0) KSP residual norm 1.207187e-03
 10 (restart 0) KSP residual norm 6.550013e-04
 11 (restart 0) KSP residual norm 2.380065e-04
 12 (restart 0) KSP residual norm 9.871192e-05
 13 (restart 0) KSP residual norm 4.511495e-05
 14 (restart 0) KSP residual norm 2.121529e-05
 15 (restart 0) KSP residual norm 8.326616e-06
 16 (restart 0) KSP residual norm 2.927155e-06
 17 (restart 0) KSP residual norm 1.155760e-06
 18 (restart 0) KSP residual norm 4.124890e-07
 19 (restart 0) KSP residual norm 1.654224e-07
 20 (restart 0) KSP residual norm 6.522744e-08
GMRES solver converged in 20 iterations (avg. reduction factor: 3.829e-01)
  1 EPS nconv=3 first unconverged value (error) -1.15688e-05+0.342627i (5.69907944e-03)
  Residual norms for GMRES solve
  0 (restart 0) KSP residual norm 9.500578e+00
  1 (restart 0) KSP residual norm 4.471156e+00
  2 (restart 0) KSP residual norm 2.433722e+00
  3 (restart 0) KSP residual norm 6.985021e-01
  4 (restart 0) KSP residual norm 3.764666e-01
  5 (restart 0) KSP residual norm 1.255987e-01
  6 (restart 0) KSP residual norm 3.184255e-02
  7 (restart 0) KSP residual norm 7.457983e-03
  8 (restart 0) KSP residual norm 3.815176e-03
  9 (restart 0) KSP residual norm 1.369435e-03
 10 (restart 0) KSP residual norm 6.510832e-04
 11 (restart 0) KSP residual norm 2.364406e-04
 12 (restart 0) KSP residual norm 9.905467e-05
 13 (restart 0) KSP residual norm 4.417690e-05
 14 (restart 0) KSP residual norm 1.902486e-05
 15 (restart 0) KSP residual norm 6.700766e-06
 16 (restart 0) KSP residual norm 2.592379e-06
 17 (restart 0) KSP residual norm 1.112053e-06
 18 (restart 0) KSP residual norm 4.223242e-07
 19 (restart 0) KSP residual norm 1.788829e-07
 20 (restart 0) KSP residual norm 6.166813e-08
GMRES solver converged in 20 iterations (avg. reduction factor: 3.896e-01)
  Residual norms for GMRES solve
  0 (restart 0) KSP residual norm 8.133947e+00
  1 (restart 0) KSP residual norm 3.088448e+00
  2 (restart 0) KSP residual norm 1.878061e+00
  3 (restart 0) KSP residual norm 4.791799e-01
  4 (restart 0) KSP residual norm 2.684857e-01
  5 (restart 0) KSP residual norm 1.054602e-01
  6 (restart 0) KSP residual norm 2.226689e-02
  7 (restart 0) KSP residual norm 6.644307e-03
  8 (restart 0) KSP residual norm 3.224695e-03
  9 (restart 0) KSP residual norm 9.410318e-04
 10 (restart 0) KSP residual norm 4.488423e-04
 11 (restart 0) KSP residual norm 1.751839e-04
 12 (restart 0) KSP residual norm 7.244516e-05
 13 (restart 0) KSP residual norm 2.997217e-05
 14 (restart 0) KSP residual norm 1.257938e-05
 15 (restart 0) KSP residual norm 4.559335e-06
 16 (restart 0) KSP residual norm 1.589656e-06
 17 (restart 0) KSP residual norm 7.112207e-07
 18 (restart 0) KSP residual norm 2.675165e-07
 19 (restart 0) KSP residual norm 1.125287e-07
 20 (restart 0) KSP residual norm 4.106647e-08
GMRES solver converged in 20 iterations (avg. reduction factor: 3.847e-01)
  Residual norms for GMRES solve
  0 (restart 0) KSP residual norm 1.732439e+01
  1 (restart 0) KSP residual norm 4.238242e+00
  2 (restart 0) KSP residual norm 2.636325e+00
  3 (restart 0) KSP residual norm 4.883671e-01
  4 (restart 0) KSP residual norm 1.832224e-01
  5 (restart 0) KSP residual norm 6.826058e-02
  6 (restart 0) KSP residual norm 2.775644e-02
  7 (restart 0) KSP residual norm 6.019102e-03
  8 (restart 0) KSP residual norm 2.928612e-03
  9 (restart 0) KSP residual norm 1.225034e-03
 10 (restart 0) KSP residual norm 4.119272e-04
 11 (restart 0) KSP residual norm 2.140004e-04
 12 (restart 0) KSP residual norm 7.565025e-05
 13 (restart 0) KSP residual norm 3.424170e-05
 14 (restart 0) KSP residual norm 1.602391e-05
 15 (restart 0) KSP residual norm 6.818117e-06
 16 (restart 0) KSP residual norm 2.359989e-06
 17 (restart 0) KSP residual norm 8.522005e-07
 18 (restart 0) KSP residual norm 3.510730e-07
 19 (restart 0) KSP residual norm 1.278158e-07
GMRES solver converged in 19 iterations (avg. reduction factor: 3.732e-01)
  Residual norms for GMRES solve
  0 (restart 0) KSP residual norm 2.335920e+01
  1 (restart 0) KSP residual norm 6.646647e+00
  2 (restart 0) KSP residual norm 2.892384e+00
  3 (restart 0) KSP residual norm 1.031806e+00
  4 (restart 0) KSP residual norm 3.569526e-01
  5 (restart 0) KSP residual norm 1.321568e-01
  6 (restart 0) KSP residual norm 2.747973e-02
  7 (restart 0) KSP residual norm 8.246086e-03
  8 (restart 0) KSP residual norm 4.452603e-03
  9 (restart 0) KSP residual norm 1.689297e-03
 10 (restart 0) KSP residual norm 8.885135e-04
 11 (restart 0) KSP residual norm 3.549096e-04
 12 (restart 0) KSP residual norm 1.570844e-04
 13 (restart 0) KSP residual norm 7.102602e-05
 14 (restart 0) KSP residual norm 3.081594e-05
 15 (restart 0) KSP residual norm 9.415884e-06
 16 (restart 0) KSP residual norm 3.712389e-06
 17 (restart 0) KSP residual norm 1.456115e-06
 18 (restart 0) KSP residual norm 5.678226e-07
 19 (restart 0) KSP residual norm 2.350784e-07
 20 (restart 0) KSP residual norm 8.154501e-08
GMRES solver converged in 20 iterations (avg. reduction factor: 3.777e-01)
  Residual norms for GMRES solve
  0 (restart 0) KSP residual norm 1.146578e+01
  1 (restart 0) KSP residual norm 4.031984e+00
  2 (restart 0) KSP residual norm 2.215513e+00
  3 (restart 0) KSP residual norm 9.153043e-01
  4 (restart 0) KSP residual norm 2.748330e-01
  5 (restart 0) KSP residual norm 9.205720e-02
  6 (restart 0) KSP residual norm 2.483616e-02
  7 (restart 0) KSP residual norm 9.445685e-03
  8 (restart 0) KSP residual norm 4.395027e-03
  9 (restart 0) KSP residual norm 1.351911e-03
 10 (restart 0) KSP residual norm 6.908434e-04
 11 (restart 0) KSP residual norm 2.501352e-04
 12 (restart 0) KSP residual norm 9.537054e-05
 13 (restart 0) KSP residual norm 4.004766e-05
 14 (restart 0) KSP residual norm 1.923759e-05
 15 (restart 0) KSP residual norm 6.208326e-06
 16 (restart 0) KSP residual norm 2.514329e-06
 17 (restart 0) KSP residual norm 9.819591e-07
 18 (restart 0) KSP residual norm 3.560391e-07
 19 (restart 0) KSP residual norm 1.587014e-07
 20 (restart 0) KSP residual norm 6.170857e-08
GMRES solver converged in 20 iterations (avg. reduction factor: 3.860e-01)
  Residual norms for GMRES solve
  0 (restart 0) KSP residual norm 2.600730e+01
  1 (restart 0) KSP residual norm 5.390047e+00
  2 (restart 0) KSP residual norm 1.979332e+00
  3 (restart 0) KSP residual norm 8.184022e-01
  4 (restart 0) KSP residual norm 1.927886e-01
  5 (restart 0) KSP residual norm 7.397160e-02
  6 (restart 0) KSP residual norm 2.146510e-02
  7 (restart 0) KSP residual norm 8.869752e-03
  8 (restart 0) KSP residual norm 3.962924e-03
  9 (restart 0) KSP residual norm 1.654207e-03
 10 (restart 0) KSP residual norm 7.294497e-04
 11 (restart 0) KSP residual norm 2.867678e-04
 12 (restart 0) KSP residual norm 1.043942e-04
 13 (restart 0) KSP residual norm 4.390919e-05
 14 (restart 0) KSP residual norm 1.965655e-05
 15 (restart 0) KSP residual norm 7.352335e-06
 16 (restart 0) KSP residual norm 2.975562e-06
 17 (restart 0) KSP residual norm 1.070760e-06
 18 (restart 0) KSP residual norm 4.079989e-07
 19 (restart 0) KSP residual norm 1.850641e-07
GMRES solver converged in 19 iterations (avg. reduction factor: 3.725e-01)
  Residual norms for GMRES solve
  0 (restart 0) KSP residual norm 7.493795e+00
  1 (restart 0) KSP residual norm 4.015679e+00
  2 (restart 0) KSP residual norm 2.415912e+00
  3 (restart 0) KSP residual norm 5.941312e-01
  4 (restart 0) KSP residual norm 2.442137e-01
  5 (restart 0) KSP residual norm 1.019954e-01
  6 (restart 0) KSP residual norm 2.853318e-02
  7 (restart 0) KSP residual norm 1.197280e-02
  8 (restart 0) KSP residual norm 4.311901e-03
  9 (restart 0) KSP residual norm 1.464901e-03
 10 (restart 0) KSP residual norm 6.526066e-04
 11 (restart 0) KSP residual norm 2.604579e-04
 12 (restart 0) KSP residual norm 9.714174e-05
 13 (restart 0) KSP residual norm 4.462646e-05
 14 (restart 0) KSP residual norm 2.037908e-05
 15 (restart 0) KSP residual norm 7.110360e-06
 16 (restart 0) KSP residual norm 2.491749e-06
 17 (restart 0) KSP residual norm 1.020970e-06
 18 (restart 0) KSP residual norm 4.055672e-07
 19 (restart 0) KSP residual norm 1.764407e-07
 20 (restart 0) KSP residual norm 6.462845e-08
GMRES solver converged in 20 iterations (avg. reduction factor: 3.952e-01)
  Residual norms for GMRES solve
  0 (restart 0) KSP residual norm 1.146490e+01
  1 (restart 0) KSP residual norm 4.689637e+00
  2 (restart 0) KSP residual norm 2.566283e+00
  3 (restart 0) KSP residual norm 7.835238e-01
  4 (restart 0) KSP residual norm 2.839907e-01
  5 (restart 0) KSP residual norm 1.104494e-01
  6 (restart 0) KSP residual norm 2.317019e-02
  7 (restart 0) KSP residual norm 8.888721e-03
  8 (restart 0) KSP residual norm 4.298498e-03
  9 (restart 0) KSP residual norm 1.690119e-03
 10 (restart 0) KSP residual norm 9.593041e-04
 11 (restart 0) KSP residual norm 3.580972e-04
 12 (restart 0) KSP residual norm 1.445781e-04
 13 (restart 0) KSP residual norm 6.122304e-05
 14 (restart 0) KSP residual norm 2.754444e-05
 15 (restart 0) KSP residual norm 9.785516e-06
 16 (restart 0) KSP residual norm 3.873287e-06
 17 (restart 0) KSP residual norm 1.447372e-06
 18 (restart 0) KSP residual norm 5.459457e-07
 19 (restart 0) KSP residual norm 2.295586e-07
 20 (restart 0) KSP residual norm 8.106427e-08
GMRES solver converged in 20 iterations (avg. reduction factor: 3.913e-01)
  2 EPS nconv=8 first unconverged value (error) -0.00235046+0.396855i (8.38858320e-02)

 Linear eigensolve converged (8 eigenpairs) due to CONVERGED_TOL; iterations 2
 Total number of linear systems solved: 27
 Total number of linear solver iterations: 521
 Found 8 converged eigenvalues (first = -1.118e-02+9.029e+00i)

 Refining eigenvalues with Quasi-Newton solver
  Residual norms for GMRES solve
  0 (restart 0) KSP residual norm 7.991514e+00
  1 (restart 0) KSP residual norm 2.986831e-01
  2 (restart 0) KSP residual norm 1.088992e-01
  3 (restart 0) KSP residual norm 6.960990e-02
  4 (restart 0) KSP residual norm 2.783500e-02
  5 (restart 0) KSP residual norm 9.636172e-03
  6 (restart 0) KSP residual norm 6.837587e-03
  7 (restart 0) KSP residual norm 6.132484e-03
  8 (restart 0) KSP residual norm 5.992693e-03
  9 (restart 0) KSP residual norm 5.960926e-03
 10 (restart 0) KSP residual norm 5.849093e-03
 11 (restart 0) KSP residual norm 5.475935e-03
 12 (restart 0) KSP residual norm 5.474543e-03
 13 (restart 0) KSP residual norm 4.617044e-03
 14 (restart 0) KSP residual norm 4.569058e-03
 15 (restart 0) KSP residual norm 4.038600e-03
 16 (restart 0) KSP residual norm 3.628084e-03
 17 (restart 0) KSP residual norm 3.575330e-03
 18 (restart 0) KSP residual norm 3.234663e-03
 19 (restart 0) KSP residual norm 3.095273e-03
 20 (restart 0) KSP residual norm 2.820381e-03
 21 (restart 0) KSP residual norm 2.786486e-03
 22 (restart 0) KSP residual norm 2.276726e-03
 23 (restart 0) KSP residual norm 1.712461e-03
 24 (restart 0) KSP residual norm 1.005875e-03
 25 (restart 0) KSP residual norm 3.749079e-04
GMRES solver converged in 25 iterations (avg. reduction factor: 6.712e-01)
0 NLEPS (nconv=0, restart=0) residual norm 1.601268e-03
  Residual norms for GMRES solve
  0 (restart 0) KSP residual norm 3.907400e-04
  1 (restart 0) KSP residual norm 7.494896e-05
  2 (restart 0) KSP residual norm 2.321797e-05
  3 (restart 0) KSP residual norm 8.057318e-06
  4 (restart 0) KSP residual norm 4.207508e-06
  5 (restart 0) KSP residual norm 1.794130e-06
  6 (restart 0) KSP residual norm 1.544805e-06
  7 (restart 0) KSP residual norm 1.211179e-06
  8 (restart 0) KSP residual norm 1.162609e-06
  9 (restart 0) KSP residual norm 1.152784e-06
 10 (restart 0) KSP residual norm 1.148640e-06
 11 (restart 0) KSP residual norm 1.147174e-06
 12 (restart 0) KSP residual norm 1.126485e-06
 13 (restart 0) KSP residual norm 1.120336e-06
 14 (restart 0) KSP residual norm 1.072874e-06
 15 (restart 0) KSP residual norm 1.057012e-06
 16 (restart 0) KSP residual norm 9.773063e-07
 17 (restart 0) KSP residual norm 8.194307e-07
 18 (restart 0) KSP residual norm 7.560567e-07
 19 (restart 0) KSP residual norm 6.222123e-07
 20 (restart 0) KSP residual norm 6.190202e-07
 21 (restart 0) KSP residual norm 5.759986e-07
 22 (restart 0) KSP residual norm 5.183887e-07
 23 (restart 0) KSP residual norm 4.435381e-07
 24 (restart 0) KSP residual norm 3.016004e-07
 25 (restart 0) KSP residual norm 1.525530e-07
 26 (restart 0) KSP residual norm 8.725762e-08
 27 (restart 0) KSP residual norm 3.507137e-08
GMRES solver converged in 27 iterations (avg. reduction factor: 7.081e-01)
1 NLEPS (nconv=0, restart=0) residual norm 6.366337e-07
  Residual norms for GMRES solve
  0 (restart 0) KSP residual norm 4.058831e-08
  1 (restart 0) KSP residual norm 4.015397e-08
  2 (restart 0) KSP residual norm 3.933795e-08
  3 (restart 0) KSP residual norm 3.796501e-08
  4 (restart 0) KSP residual norm 3.713225e-08
  5 (restart 0) KSP residual norm 3.688322e-08
  6 (restart 0) KSP residual norm 3.671756e-08
  7 (restart 0) KSP residual norm 3.623070e-08
  8 (restart 0) KSP residual norm 3.535951e-08
  9 (restart 0) KSP residual norm 3.051320e-08
 10 (restart 0) KSP residual norm 2.910913e-08
 11 (restart 0) KSP residual norm 2.784282e-08
 12 (restart 0) KSP residual norm 2.545424e-08
 13 (restart 0) KSP residual norm 2.493334e-08
 14 (restart 0) KSP residual norm 2.360159e-08
 15 (restart 0) KSP residual norm 2.319007e-08
 16 (restart 0) KSP residual norm 2.255321e-08
 17 (restart 0) KSP residual norm 2.169617e-08
 18 (restart 0) KSP residual norm 2.054542e-08
 19 (restart 0) KSP residual norm 1.976866e-08
 20 (restart 0) KSP residual norm 1.615820e-08
 21 (restart 0) KSP residual norm 1.379875e-08
 22 (restart 0) KSP residual norm 7.365834e-09
 23 (restart 0) KSP residual norm 2.852090e-09
 24 (restart 0) KSP residual norm 1.251317e-09
 25 (restart 0) KSP residual norm 4.923013e-10
 26 (restart 0) KSP residual norm 2.165948e-10
 27 (restart 0) KSP residual norm 9.148578e-11
 28 (restart 0) KSP residual norm 3.762080e-11
 29 (restart 0) KSP residual norm 1.402601e-11
 30 (restart 0) KSP residual norm 5.382375e-12
 31 (restart 0) KSP residual norm 1.909136e-12
 32 (restart 0) KSP residual norm 7.171932e-13
GMRES solver converged in 32 iterations (avg. reduction factor: 7.104e-01)
2 NLEPS (nconv=0, restart=0) residual norm 2.650708e-09
Eigenvalue 0, Quasi-Newton converged in 2 iterations (-1.910e-02+9.090e+00i).
  Residual norms for GMRES solve
  0 (restart 0) KSP residual norm 8.170511e+01
  1 (restart 0) KSP residual norm 7.146376e+00
  2 (restart 0) KSP residual norm 3.445289e+00
  3 (restart 0) KSP residual norm 4.432290e-01
  4 (restart 0) KSP residual norm 1.778649e-01
  5 (restart 0) KSP residual norm 1.114600e-01
  6 (restart 0) KSP residual norm 6.822821e-02
  7 (restart 0) KSP residual norm 6.643580e-02
  8 (restart 0) KSP residual norm 6.282796e-02
  9 (restart 0) KSP residual norm 5.663483e-02
 10 (restart 0) KSP residual norm 3.742746e-02
 11 (restart 0) KSP residual norm 3.328490e-02
 12 (restart 0) KSP residual norm 2.981910e-02
 13 (restart 0) KSP residual norm 2.912575e-02
 14 (restart 0) KSP residual norm 2.823610e-02
 15 (restart 0) KSP residual norm 2.811373e-02
 16 (restart 0) KSP residual norm 2.797403e-02
 17 (restart 0) KSP residual norm 2.721638e-02
 18 (restart 0) KSP residual norm 2.711061e-02
 19 (restart 0) KSP residual norm 2.689579e-02
 20 (restart 0) KSP residual norm 2.673635e-02
 21 (restart 0) KSP residual norm 2.641913e-02
 22 (restart 0) KSP residual norm 2.450034e-02
 23 (restart 0) KSP residual norm 2.108676e-02
 24 (restart 0) KSP residual norm 1.183962e-02
 25 (restart 0) KSP residual norm 5.361428e-03
GMRES solver converged in 25 iterations (avg. reduction factor: 6.803e-01)
0 NLEPS (nconv=1, restart=0) residual norm 1.229401e-01
  Residual norms for GMRES solve
  0 (restart 0) KSP residual norm 6.271997e+00
  1 (restart 0) KSP residual norm 9.288354e-01
  2 (restart 0) KSP residual norm 8.486138e-01
  3 (restart 0) KSP residual norm 2.661133e-01
  4 (restart 0) KSP residual norm 6.111458e-02
  5 (restart 0) KSP residual norm 1.895809e-02
  6 (restart 0) KSP residual norm 8.502479e-03
  7 (restart 0) KSP residual norm 2.935808e-03
  8 (restart 0) KSP residual norm 1.523132e-03
  9 (restart 0) KSP residual norm 8.100286e-04
 10 (restart 0) KSP residual norm 4.404382e-04
GMRES solver converged in 10 iterations (avg. reduction factor: 3.843e-01)
1 NLEPS (nconv=1, restart=0) residual norm 2.084018e-03
  Residual norms for GMRES solve
  0 (restart 0) KSP residual norm 7.204356e-02
  1 (restart 0) KSP residual norm 1.037199e-03
  2 (restart 0) KSP residual norm 2.975451e-04
  3 (restart 0) KSP residual norm 2.973259e-04
  4 (restart 0) KSP residual norm 2.906154e-04
  5 (restart 0) KSP residual norm 2.603315e-04
  6 (restart 0) KSP residual norm 2.366344e-04
  7 (restart 0) KSP residual norm 2.235453e-04
  8 (restart 0) KSP residual norm 2.207722e-04
  9 (restart 0) KSP residual norm 2.045497e-04
 10 (restart 0) KSP residual norm 1.230582e-04
 11 (restart 0) KSP residual norm 7.104035e-05
 12 (restart 0) KSP residual norm 2.990081e-05
 13 (restart 0) KSP residual norm 1.270773e-05
 14 (restart 0) KSP residual norm 5.790321e-06
GMRES solver converged in 14 iterations (avg. reduction factor: 5.099e-01)
2 NLEPS (nconv=1, restart=0) residual norm 5.707814e-05
  Residual norms for GMRES solve
  0 (restart 0) KSP residual norm 9.905474e-04
  1 (restart 0) KSP residual norm 2.003341e-05
  2 (restart 0) KSP residual norm 8.692733e-06
  3 (restart 0) KSP residual norm 5.581520e-06
  4 (restart 0) KSP residual norm 3.461494e-06
  5 (restart 0) KSP residual norm 1.920880e-06
  6 (restart 0) KSP residual norm 1.317046e-06
  7 (restart 0) KSP residual norm 9.811775e-07
  8 (restart 0) KSP residual norm 9.329021e-07
  9 (restart 0) KSP residual norm 8.990375e-07
 10 (restart 0) KSP residual norm 8.935909e-07
 11 (restart 0) KSP residual norm 7.684950e-07
 12 (restart 0) KSP residual norm 6.019939e-07
 13 (restart 0) KSP residual norm 4.154041e-07
 14 (restart 0) KSP residual norm 2.261493e-07
 15 (restart 0) KSP residual norm 6.368379e-08
 16 (restart 0) KSP residual norm 2.627879e-08
GMRES solver converged in 16 iterations (avg. reduction factor: 5.176e-01)
3 NLEPS (nconv=1, restart=0) residual norm 2.777977e-07
  Residual norms for GMRES solve
  0 (restart 0) KSP residual norm 4.455759e-06
  1 (restart 0) KSP residual norm 6.744982e-08
  2 (restart 0) KSP residual norm 5.688139e-08
  3 (restart 0) KSP residual norm 3.539779e-08
  4 (restart 0) KSP residual norm 1.829192e-08
  5 (restart 0) KSP residual norm 1.105424e-08
  6 (restart 0) KSP residual norm 4.751871e-09
  7 (restart 0) KSP residual norm 4.143398e-09
  8 (restart 0) KSP residual norm 3.635349e-09
  9 (restart 0) KSP residual norm 3.373187e-09
 10 (restart 0) KSP residual norm 3.067572e-09
 11 (restart 0) KSP residual norm 2.871552e-09
 12 (restart 0) KSP residual norm 2.539746e-09
 13 (restart 0) KSP residual norm 1.810905e-09
 14 (restart 0) KSP residual norm 1.037891e-09
 15 (restart 0) KSP residual norm 3.348277e-10
 16 (restart 0) KSP residual norm 1.610645e-10
 17 (restart 0) KSP residual norm 6.293794e-11
 18 (restart 0) KSP residual norm 3.251458e-11
 19 (restart 0) KSP residual norm 1.932257e-11
 20 (restart 0) KSP residual norm 1.317692e-11
 21 (restart 0) KSP residual norm 1.273109e-11
 22 (restart 0) KSP residual norm 1.251113e-11
 23 (restart 0) KSP residual norm 1.250359e-11
 24 (restart 0) KSP residual norm 1.244575e-11
 25 (restart 0) KSP residual norm 1.239959e-11
 26 (restart 0) KSP residual norm 1.239632e-11
 27 (restart 0) KSP residual norm 1.236464e-11
 28 (restart 0) KSP residual norm 1.228337e-11
 29 (restart 0) KSP residual norm 1.227783e-11
 30 (restart 0) KSP residual norm 1.196667e-11
 31 (restart 0) KSP residual norm 9.835668e-12
 32 (restart 0) KSP residual norm 5.541877e-12
 33 (restart 0) KSP residual norm 2.464954e-12
 34 (restart 0) KSP residual norm 8.690015e-13
GMRES solver converged in 34 iterations (avg. reduction factor: 6.348e-01)
4 NLEPS (nconv=1, restart=0) residual norm 1.367225e-11
Eigenvalue 1, Quasi-Newton converged in 4 iterations (-1.989e-04+9.675e+00i).
  Residual norms for GMRES solve
  0 (restart 0) KSP residual norm 6.386217e+01
  1 (restart 0) KSP residual norm 7.229507e+00
  2 (restart 0) KSP residual norm 3.272793e+00
  3 (restart 0) KSP residual norm 4.582297e-01
  4 (restart 0) KSP residual norm 1.853387e-01
  5 (restart 0) KSP residual norm 1.170729e-01
  6 (restart 0) KSP residual norm 7.222531e-02
  7 (restart 0) KSP residual norm 7.150977e-02
  8 (restart 0) KSP residual norm 7.073601e-02
  9 (restart 0) KSP residual norm 7.010820e-02
 10 (restart 0) KSP residual norm 6.543820e-02
 11 (restart 0) KSP residual norm 6.367024e-02
 12 (restart 0) KSP residual norm 6.154119e-02
 13 (restart 0) KSP residual norm 6.120255e-02
 14 (restart 0) KSP residual norm 6.087160e-02
 15 (restart 0) KSP residual norm 6.080489e-02
 16 (restart 0) KSP residual norm 6.068303e-02
 17 (restart 0) KSP residual norm 6.043154e-02
 18 (restart 0) KSP residual norm 6.036686e-02
 19 (restart 0) KSP residual norm 6.007329e-02
 20 (restart 0) KSP residual norm 5.827574e-02
 21 (restart 0) KSP residual norm 5.350416e-02
 22 (restart 0) KSP residual norm 4.856075e-02
 23 (restart 0) KSP residual norm 2.935402e-02
 24 (restart 0) KSP residual norm 1.417824e-02
 25 (restart 0) KSP residual norm 5.492407e-03
GMRES solver converged in 25 iterations (avg. reduction factor: 6.877e-01)
0 NLEPS (nconv=2, restart=0) residual norm 1.486819e-01
  Residual norms for GMRES solve
  0 (restart 0) KSP residual norm 1.035551e+03
  1 (restart 0) KSP residual norm 1.733517e+01
  2 (restart 0) KSP residual norm 1.977996e+00
  3 (restart 0) KSP residual norm 9.375061e-01
  4 (restart 0) KSP residual norm 7.710717e-01
  5 (restart 0) KSP residual norm 7.382744e-01
  6 (restart 0) KSP residual norm 7.285978e-01
  7 (restart 0) KSP residual norm 5.967789e-01
  8 (restart 0) KSP residual norm 3.093336e-01
  9 (restart 0) KSP residual norm 1.604537e-01
 10 (restart 0) KSP residual norm 7.746777e-02
GMRES solver converged in 10 iterations (avg. reduction factor: 3.867e-01)
1 NLEPS (nconv=2, restart=0) residual norm 2.396498e-03
  Residual norms for GMRES solve
  0 (restart 0) KSP residual norm 4.695684e-02
  1 (restart 0) KSP residual norm 4.772771e-04
  2 (restart 0) KSP residual norm 3.047603e-04
  3 (restart 0) KSP residual norm 2.405414e-04
  4 (restart 0) KSP residual norm 1.978137e-04
  5 (restart 0) KSP residual norm 1.713157e-04
  6 (restart 0) KSP residual norm 1.359584e-04
  7 (restart 0) KSP residual norm 1.338144e-04
  8 (restart 0) KSP residual norm 1.327854e-04
  9 (restart 0) KSP residual norm 1.287858e-04
 10 (restart 0) KSP residual norm 9.164908e-05
 11 (restart 0) KSP residual norm 5.833063e-05
 12 (restart 0) KSP residual norm 3.014878e-05
 13 (restart 0) KSP residual norm 1.120109e-05
 14 (restart 0) KSP residual norm 5.544727e-06
 15 (restart 0) KSP residual norm 2.593005e-06
GMRES solver converged in 15 iterations (avg. reduction factor: 5.202e-01)
2 NLEPS (nconv=2, restart=0) residual norm 1.920867e-05
  Residual norms for GMRES solve
  0 (restart 0) KSP residual norm 1.967594e-03
  1 (restart 0) KSP residual norm 1.648246e-05
  2 (restart 0) KSP residual norm 4.054244e-06
  3 (restart 0) KSP residual norm 2.209575e-06
  4 (restart 0) KSP residual norm 1.474790e-06
  5 (restart 0) KSP residual norm 8.100314e-07
  6 (restart 0) KSP residual norm 4.560458e-07
  7 (restart 0) KSP residual norm 4.180815e-07
  8 (restart 0) KSP residual norm 4.074965e-07
  9 (restart 0) KSP residual norm 4.009426e-07
 10 (restart 0) KSP residual norm 3.874665e-07
 11 (restart 0) KSP residual norm 3.257012e-07
 12 (restart 0) KSP residual norm 1.975864e-07
 13 (restart 0) KSP residual norm 1.263112e-07
 14 (restart 0) KSP residual norm 5.781511e-08
 15 (restart 0) KSP residual norm 2.877853e-08
GMRES solver converged in 15 iterations (avg. reduction factor: 4.761e-01)
3 NLEPS (nconv=2, restart=0) residual norm 3.210517e-07
  Residual norms for GMRES solve
  0 (restart 0) KSP residual norm 1.218312e-05
  1 (restart 0) KSP residual norm 1.051255e-07
  2 (restart 0) KSP residual norm 5.070964e-08
  3 (restart 0) KSP residual norm 3.101225e-08
  4 (restart 0) KSP residual norm 1.885211e-08
  5 (restart 0) KSP residual norm 1.063558e-08
  6 (restart 0) KSP residual norm 4.651797e-09
  7 (restart 0) KSP residual norm 3.036926e-09
  8 (restart 0) KSP residual norm 2.771091e-09
  9 (restart 0) KSP residual norm 2.654131e-09
 10 (restart 0) KSP residual norm 2.651866e-09
 11 (restart 0) KSP residual norm 2.520146e-09
 12 (restart 0) KSP residual norm 2.250134e-09
 13 (restart 0) KSP residual norm 1.258127e-09
 14 (restart 0) KSP residual norm 7.442611e-10
 15 (restart 0) KSP residual norm 3.905201e-10
 16 (restart 0) KSP residual norm 1.660958e-10
 17 (restart 0) KSP residual norm 8.339742e-11
 18 (restart 0) KSP residual norm 5.940420e-11
 19 (restart 0) KSP residual norm 5.482091e-11
 20 (restart 0) KSP residual norm 5.352709e-11
 21 (restart 0) KSP residual norm 5.255922e-11
 22 (restart 0) KSP residual norm 5.202657e-11
 23 (restart 0) KSP residual norm 5.095438e-11
 24 (restart 0) KSP residual norm 5.088199e-11
 25 (restart 0) KSP residual norm 5.071998e-11
 26 (restart 0) KSP residual norm 5.063984e-11
 27 (restart 0) KSP residual norm 5.010640e-11
 28 (restart 0) KSP residual norm 4.948925e-11
 29 (restart 0) KSP residual norm 4.454863e-11
 30 (restart 0) KSP residual norm 3.106523e-11
 31 (restart 0) KSP residual norm 1.429548e-11
 32 (restart 0) KSP residual norm 5.615857e-12
 33 (restart 0) KSP residual norm 2.407259e-12
GMRES solver converged in 33 iterations (avg. reduction factor: 6.264e-01)
4 NLEPS (nconv=2, restart=0) residual norm 4.633060e-11
Eigenvalue 2, Quasi-Newton converged in 4 iterations (-1.990e-04+9.676e+00i).
  Residual norms for GMRES solve
  0 (restart 0) KSP residual norm 8.101939e+00
  1 (restart 0) KSP residual norm 4.219143e-01
  2 (restart 0) KSP residual norm 3.589396e-01
  3 (restart 0) KSP residual norm 3.395542e-01
  4 (restart 0) KSP residual norm 3.127684e-01
  5 (restart 0) KSP residual norm 3.095518e-01
  6 (restart 0) KSP residual norm 2.835538e-01
  7 (restart 0) KSP residual norm 1.969718e-01
  8 (restart 0) KSP residual norm 6.171871e-02
  9 (restart 0) KSP residual norm 4.145259e-02
 10 (restart 0) KSP residual norm 3.803032e-02
 11 (restart 0) KSP residual norm 3.613438e-02
 12 (restart 0) KSP residual norm 2.920654e-02
 13 (restart 0) KSP residual norm 2.381384e-02
 14 (restart 0) KSP residual norm 2.070438e-02
 15 (restart 0) KSP residual norm 1.685051e-02
 16 (restart 0) KSP residual norm 1.448451e-02
 17 (restart 0) KSP residual norm 1.331520e-02
 18 (restart 0) KSP residual norm 1.246662e-02
 19 (restart 0) KSP residual norm 1.212085e-02
 20 (restart 0) KSP residual norm 1.185874e-02
 21 (restart 0) KSP residual norm 1.171552e-02
 22 (restart 0) KSP residual norm 7.442646e-03
 23 (restart 0) KSP residual norm 2.926560e-03
 24 (restart 0) KSP residual norm 1.119311e-03
 25 (restart 0) KSP residual norm 4.138394e-04
GMRES solver converged in 25 iterations (avg. reduction factor: 6.735e-01)
0 NLEPS (nconv=3, restart=0) residual norm 2.424767e-01
  Residual norms for GMRES solve
  0 (restart 0) KSP residual norm 4.005767e+00
  1 (restart 0) KSP residual norm 2.441593e+00
  2 (restart 0) KSP residual norm 2.690769e-01
  3 (restart 0) KSP residual norm 2.058930e-01
  4 (restart 0) KSP residual norm 1.707113e-01
  5 (restart 0) KSP residual norm 1.543959e-01
  6 (restart 0) KSP residual norm 1.337969e-01
  7 (restart 0) KSP residual norm 1.302055e-01
  8 (restart 0) KSP residual norm 1.164462e-01
  9 (restart 0) KSP residual norm 1.060210e-01
 10 (restart 0) KSP residual norm 1.035134e-01
 11 (restart 0) KSP residual norm 9.130578e-02
 12 (restart 0) KSP residual norm 5.527217e-02
 13 (restart 0) KSP residual norm 2.464749e-02
 14 (restart 0) KSP residual norm 9.322721e-03
 15 (restart 0) KSP residual norm 6.280710e-03
 16 (restart 0) KSP residual norm 3.985187e-03
 17 (restart 0) KSP residual norm 3.617040e-03
 18 (restart 0) KSP residual norm 2.916165e-03
 19 (restart 0) KSP residual norm 2.290312e-03
 20 (restart 0) KSP residual norm 2.084629e-03
 21 (restart 0) KSP residual norm 1.805286e-03
 22 (restart 0) KSP residual norm 1.793468e-03
 23 (restart 0) KSP residual norm 1.784361e-03
 24 (restart 0) KSP residual norm 1.430697e-03
 25 (restart 0) KSP residual norm 7.184215e-04
 26 (restart 0) KSP residual norm 3.183934e-04
GMRES solver converged in 26 iterations (avg. reduction factor: 6.955e-01)
1 NLEPS (nconv=3, restart=0) residual norm 4.965660e-03
  Residual norms for GMRES solve
  0 (restart 0) KSP residual norm 1.959283e-05
  1 (restart 0) KSP residual norm 1.121855e-05
  2 (restart 0) KSP residual norm 3.896678e-06
  3 (restart 0) KSP residual norm 2.285321e-06
  4 (restart 0) KSP residual norm 1.571038e-06
  5 (restart 0) KSP residual norm 1.080368e-06
  6 (restart 0) KSP residual norm 1.026460e-06
  7 (restart 0) KSP residual norm 9.344499e-07
  8 (restart 0) KSP residual norm 8.871404e-07
  9 (restart 0) KSP residual norm 8.061152e-07
 10 (restart 0) KSP residual norm 7.673253e-07
 11 (restart 0) KSP residual norm 6.504394e-07
 12 (restart 0) KSP residual norm 5.921625e-07
 13 (restart 0) KSP residual norm 3.552687e-07
 14 (restart 0) KSP residual norm 1.770791e-07
 15 (restart 0) KSP residual norm 9.443147e-08
 16 (restart 0) KSP residual norm 6.796593e-08
 17 (restart 0) KSP residual norm 6.211568e-08
 18 (restart 0) KSP residual norm 6.013096e-08
 19 (restart 0) KSP residual norm 5.969112e-08
 20 (restart 0) KSP residual norm 5.887595e-08
 21 (restart 0) KSP residual norm 5.873494e-08
 22 (restart 0) KSP residual norm 5.850967e-08
 23 (restart 0) KSP residual norm 5.400181e-08
 24 (restart 0) KSP residual norm 3.556911e-08
 25 (restart 0) KSP residual norm 1.624795e-08
 26 (restart 0) KSP residual norm 5.731321e-09
 27 (restart 0) KSP residual norm 2.218029e-09
 28 (restart 0) KSP residual norm 7.646108e-10
GMRES solver converged in 28 iterations (avg. reduction factor: 6.959e-01)
2 NLEPS (nconv=3, restart=0) residual norm 7.784485e-06
  Residual norms for GMRES solve
  0 (restart 0) KSP residual norm 5.415847e-07
  1 (restart 0) KSP residual norm 2.247269e-07
  2 (restart 0) KSP residual norm 2.246984e-07
  3 (restart 0) KSP residual norm 2.151300e-07
  4 (restart 0) KSP residual norm 1.352044e-07
  5 (restart 0) KSP residual norm 1.302133e-07
  6 (restart 0) KSP residual norm 1.090168e-07
  7 (restart 0) KSP residual norm 1.068995e-07
  8 (restart 0) KSP residual norm 1.000908e-07
  9 (restart 0) KSP residual norm 8.105320e-08
 10 (restart 0) KSP residual norm 6.436903e-08
 11 (restart 0) KSP residual norm 5.541104e-08
 12 (restart 0) KSP residual norm 4.602151e-08
 13 (restart 0) KSP residual norm 4.440115e-08
 14 (restart 0) KSP residual norm 4.422264e-08
 15 (restart 0) KSP residual norm 4.413394e-08
 16 (restart 0) KSP residual norm 4.249019e-08
 17 (restart 0) KSP residual norm 3.849703e-08
 18 (restart 0) KSP residual norm 3.466075e-08
 19 (restart 0) KSP residual norm 2.778717e-08
 20 (restart 0) KSP residual norm 2.095176e-08
 21 (restart 0) KSP residual norm 1.119191e-08
 22 (restart 0) KSP residual norm 5.438765e-09
 23 (restart 0) KSP residual norm 2.210319e-09
 24 (restart 0) KSP residual norm 9.519840e-10
 25 (restart 0) KSP residual norm 3.487965e-10
 26 (restart 0) KSP residual norm 1.437126e-10
 27 (restart 0) KSP residual norm 5.645397e-11
 28 (restart 0) KSP residual norm 2.169878e-11
 29 (restart 0) KSP residual norm 8.671399e-12
 30 (restart 0) KSP residual norm 3.187952e-12
GMRES solver converged in 30 iterations (avg. reduction factor: 6.694e-01)
3 NLEPS (nconv=3, restart=0) residual norm 1.536344e-08
  Residual norms for GMRES solve
  0 (restart 0) KSP residual norm 9.585750e-08
  1 (restart 0) KSP residual norm 4.889391e-08
  2 (restart 0) KSP residual norm 4.103883e-08
  3 (restart 0) KSP residual norm 3.890539e-08
  4 (restart 0) KSP residual norm 1.642320e-08
  5 (restart 0) KSP residual norm 1.195234e-08
  6 (restart 0) KSP residual norm 1.111413e-08
  7 (restart 0) KSP residual norm 1.106407e-08
  8 (restart 0) KSP residual norm 1.061838e-08
  9 (restart 0) KSP residual norm 8.350257e-09
 10 (restart 0) KSP residual norm 6.343905e-09
 11 (restart 0) KSP residual norm 3.503217e-09
 12 (restart 0) KSP residual norm 2.761938e-09
 13 (restart 0) KSP residual norm 1.734648e-09
 14 (restart 0) KSP residual norm 1.481151e-09
 15 (restart 0) KSP residual norm 1.320731e-09
 16 (restart 0) KSP residual norm 1.099628e-09
 17 (restart 0) KSP residual norm 1.013405e-09
 18 (restart 0) KSP residual norm 9.576441e-10
 19 (restart 0) KSP residual norm 9.459069e-10
 20 (restart 0) KSP residual norm 9.383838e-10
 21 (restart 0) KSP residual norm 8.148169e-10
 22 (restart 0) KSP residual norm 4.488301e-10
 23 (restart 0) KSP residual norm 1.939644e-10
 24 (restart 0) KSP residual norm 7.211954e-11
 25 (restart 0) KSP residual norm 2.972633e-11
 26 (restart 0) KSP residual norm 1.071939e-11
 27 (restart 0) KSP residual norm 4.220568e-12
 28 (restart 0) KSP residual norm 1.562693e-12
 29 (restart 0) KSP residual norm 5.846162e-13
GMRES solver converged in 29 iterations (avg. reduction factor: 6.610e-01)
4 NLEPS (nconv=3, restart=0) residual norm 1.097825e-09
Eigenvalue 3, Quasi-Newton converged in 4 iterations (-1.119e-02+9.029e+00i).

Computing solution error estimates and performing postprocessing

     m,        Re{f} (GHz),        Im{f} (GHz),                  Q,      Error (Bkwd.),       Error (Abs.)
     1,      +2.447638e+00,      +3.034718e-03,      +4.032731e+02,      +1.182222e-13,      +1.097748e-09
     2,      +2.464069e+00,      +5.178466e-03,      +2.379155e+02,      +2.853418e-13,      +2.650708e-09
     3,      +2.622882e+00,      +5.391488e-05,      +2.432429e+04,      +1.465449e-15,      +1.367224e-11
     4,      +2.623035e+00,      +5.394389e-05,      +2.431263e+04,      +4.965639e-15,      +4.632828e-11

Completed 0 iterations of adaptive mesh refinement (AMR):
 Indicator norm = nan, global unknowns = 236908
 Max. iterations = 0, tol. = 1.000e-02

Estimated peak per-rank memory usage is: Min. 164.0M, Max. 182.3M, Avg. 171.4M, Total 5.4G
Estimated peak per-node memory usage is: Min. 5.4G, Max. 5.4G, Avg. 5.4G, Total 5.4G

Elapsed Time Report (s)           Min.        Max.        Avg.
==============================================================
Initialization                   0.113       0.294       0.288
  Mesh Preprocessing             0.224       0.404       0.230
Operator Construction            0.697       0.706       0.705
Linear Solve                     7.034       7.205       7.097
  Setup                          2.818       2.819       2.818
  Preconditioner                81.824      82.051      81.983
  Coarse Solve                   7.168       7.273       7.202
Eigenvalue Solve                 1.032       1.037       1.035
Div.-Free Projection             4.716       4.722       4.721
Estimation                       0.020       0.022       0.021
  Construction                   0.178       0.178       0.178
  Solve                          0.837       0.840       0.839
Postprocessing                   0.310       0.313       0.311
Disk IO                          0.440       0.440       0.440
--------------------------------------------------------------
Total                          109.013     109.037     109.023

Peak Memory                   Per-Node       Total   Total HWM
==============================================================
Initialization                   68.1M       68.1M       68.1M
  Mesh Preprocessing            103.0M      103.0M      171.1M
Operator Construction           937.1M      937.1M        1.1G
Linear Solve                    512.0K      512.0K        1.1G
  Setup                         445.0M      445.0M        1.5G
  Preconditioner                 12.2M       12.2M        1.5G
  Coarse Solve                    1.9G        1.9G        3.4G
Eigenvalue Solve                134.4M      134.4M        3.6G
Div.-Free Projection            184.7M      184.7M        3.8G
Estimation                      120.8M      120.8M        3.9G
  Construction                  187.6M      187.6M        4.1G
  Solve                         125.0M      125.0M        4.2G
Postprocessing                  273.3M      273.3M        4.4G
Disk IO                          45.2M       45.2M        4.5G
--------------------------------------------------------------
Total                             4.9G        4.9G        4.9G

