=== watch armed 2026-08-27T15:18:49Z on /opt/amip/repo/experiments/resonance/h3-ehratio-01.log ===
       pec: TE011 2.445578  Q=   24,292  P>=0.9969  spread=0.0026   (continuation -4.983 MHz)
      🔴 h3-ehratio-01.d6043449_8x8_barrel_g2-0.5_lumped: TIMED OUT after 2700s (645 NLEPS iterations) — rank TREE killed
    🔴 lumped: no modes in (2.35, 2.65)
  --- loop 11x8 = 176 mm^2  mount=barrel  gap2=0.5 flange=0
       pec: TE011 2.441991  Q=   39,904  P>=0.9992  spread=0.0007   (continuation -8.570 MHz)
    lumped: TE011 2.441661  Q=    1,090  P>=0.9992  spread=0.0006   (continuation -8.900 MHz)
    -> Q0=   39,904  Q_L=   1,090  Q_ext=    1,121  beta= 35.599  OVERCOUPLED
  --- loop 14x8 = 224 mm^2  mount=barrel  gap2=0.5 flange=0
       pec: TE011 2.441799  Q=   40,192  P>=0.9990  spread=0.0009   (continuation -8.762 MHz)
      🔴 h3-ehratio-01.d6043449_14x8_barrel_g2-0.5_lumped: DID NOT CONVERGE WITHIN BUDGET — 1402 NLEPS iterations exceeds 1400 (worst run that DID converge use
    🔴 lumped: no modes in (2.35, 2.65)
  V1 Q0       39,904.3 vs h3_step3   43,523.0  ->   8.3%  🔴 FIRES
  V1 Q_L       1,090.3 vs h3_step3    7,538.0  ->  85.5%  🔴 FIRES
  V1 Q_ext     1,121.0 vs h3_step3    9,117.0  ->  87.7%  🔴 FIRES
  V1 beta         35.6 vs h3_step3        4.8  -> 645.7%  🔴 FIRES
  🔴 THE ANCHOR DOES NOT REPRODUCE. Treat every other row as SUSPECT until this is
  🔴 F1 FIRES — eigen Q0 RISES with loop area, reproducing the driven trend.
  V4 smallest loop (176 mm^2) Q0=39,904 vs no-loop 44,414 -> -10.2%  🔴 FIRES — a small loop should approach the no-loop Q
EXIT=0
✅ run finished
