=== watch armed 2026-08-29T18:26:52Z on /opt/amip/repo/experiments/resonance/h3-ldsweep-cu-01.log ===
       pec: TE011 2.436868  Q=   34,538  P>=0.9996  spread=0.0003   (continuation -13.693 MHz)
⏸  case boundary — RE-ARM to continue watching
=== watch armed 2026-08-29T19:39:01Z on /opt/amip/repo/experiments/resonance/h3-ldsweep-cu-01.log ===
    lumped: TE011 2.438711  Q=    1,411  P>=0.9999  spread=0.0001   (continuation -11.850 MHz)
    -> Q0=   34,538  Q_L=   1,411  Q_ext=    1,472  beta= 23.470  OVERCOUPLED
  --- loop 8x8 = 128 mm^2  mount=barrel  gap2=0.5 flange=0
⏸  case boundary — RE-ARM to continue watching
=== watch armed 2026-08-29T20:02:00Z on /opt/amip/repo/experiments/resonance/h3-ldsweep-cu-01.log ===
       pec: TE011 2.445583  Q=   26,647  P>=0.9969  spread=0.0026   (continuation -4.978 MHz)
⏸  case boundary — RE-ARM to continue watching
=== watch armed 2026-08-29T20:21:05Z on /opt/amip/repo/experiments/resonance/h3-ldsweep-cu-01.log ===
=== watch armed 2026-08-29T20:21:20Z on /opt/amip/repo/experiments/resonance/h3-ldsweep-cu-01.log ===
    lumped: TE011 2.440246  Q=      418  P>=0.9992  spread=0.0006   (continuation -10.315 MHz)
    -> Q0=   26,647  Q_L=     418  Q_ext=      425  beta= 62.726  OVERCOUPLED
  --- loop 11x8 = 176 mm^2  mount=barrel  gap2=0.5 flange=0
⏸  case boundary — RE-ARM to continue watching
    lumped: TE011 2.440246  Q=      418  P>=0.9992  spread=0.0006   (continuation -10.315 MHz)
    -> Q0=   26,647  Q_L=     418  Q_ext=      425  beta= 62.726  OVERCOUPLED
  --- loop 11x8 = 176 mm^2  mount=barrel  gap2=0.5 flange=0
⏸  case boundary — RE-ARM to continue watching
=== watch armed 2026-08-29T20:41:10Z on /opt/amip/repo/experiments/resonance/h3-ldsweep-cu-01.log ===
       pec: TE011 2.441991  Q=   40,716  P>=0.9992  spread=0.0007   (continuation -8.570 MHz)
⏸  case boundary — RE-ARM to continue watching
=== watch armed 2026-08-29T20:53:37Z on /opt/amip/repo/experiments/resonance/h3-ldsweep-cu-01.log ===
    lumped: TE011 2.441662  Q=    1,090  P>=0.9992  spread=0.0006   (continuation -8.899 MHz)
    -> Q0=   40,716  Q_L=   1,090  Q_ext=    1,120  beta= 36.345  OVERCOUPLED
  --- loop 14x8 = 224 mm^2  mount=barrel  gap2=0.5 flange=0
⏸  case boundary — RE-ARM to continue watching
=== watch armed 2026-08-29T21:06:48Z on /opt/amip/repo/experiments/resonance/h3-ldsweep-cu-01.log ===
       pec: TE011 2.441799  Q=   40,901  P>=0.9990  spread=0.0009   (continuation -8.762 MHz)
⏸  case boundary — RE-ARM to continue watching
=== watch armed 2026-08-29T21:16:49Z on /opt/amip/repo/experiments/resonance/h3-ldsweep-cu-01.log ===
    lumped: TE011 2.441724  Q=    1,841  P>=0.9990  spread=0.0009   (continuation -8.837 MHz)
    -> Q0=   40,901  Q_L=   1,841  Q_ext=    1,928  beta= 21.217  OVERCOUPLED
  V4 smallest loop (80 mm^2) Q0=34,538 vs no-loop 44,414 -> -22.2%  🔴 FIRES — a small loop should approach the no-loop Q
EXIT=0
✅ run finished
