>> /opt/amip/envs/emsim/bin/mpirun -n 32 /opt/amip/palace/bin/palace-x86_64.bin h3_loaded_r2_n21.json

_____________     _______
_____   __   \____ __   /____ ____________
____   /_/  /  __ ` /  /  __ ` /  ___/  _ \
___   _____/  /_/  /  /  /_/  /  /__/  ___/
  /__/     \___,__/__/\___,__/\_____\_____/


[38;2;255;255;000m--> Warning![0m
Output folder is not empty; program will overwrite content! (postpro/h3_loaded_r2_n21)
Git changeset ID: v0.17.0-293-g3c83b9db0
Running with 32 MPI processes, 1 OpenMP thread
Device configuration: omp,cpu
Memory configuration: host-std
libCEED backend: /cpu/self/xsmm/blocked

Added 9170 boundary elements for material interfaces to the mesh

Characteristic length and time scales:
 Lc = 1.760e-01 m, tc = 5.871e-01 ns
Finished partitioning mesh into 32 subdomains

Mesh curvature order: 2
Mesh bounding box:
 (Xmin, Ymin, Zmin) = (-8.800e-02, -8.800e-02, -5.771e-02) m
 (Xmax, Ymax, Zmax) = (+8.800e-02, +8.800e-02, +5.771e-02) m

Parallel Mesh Stats:

                minimum     average     maximum       total
 vertices           129         216         353        6923
 edges             1165        1454        1836       46541
 faces             2241        2450        2690       78410
 elements          1182        1212        1239       38791
 neighbors            6          11          22

            minimum     maximum
 h       0.00572697    0.192636
 kappa      1.03944     15.2766

Estimated current per-rank memory usage is: Min. 32.6M, Max. 62.3M, Avg. 34.1M, Total 1.1G
Estimated current per-node memory usage is: Min. 1.1G, Max. 1.1G, Avg. 1.1G, Total 1.1G

Configuring Robin finite conductivity BC at attributes:
 90: σ = 3.500e+07 S/m, n = (-0.0,-0.0,+1.0)

Assembling system matrices, number of global unknowns:
 H1 (p = 2): 53464, ND (p = 2): 249902, RT (p = 2): 351603
 Operator assembly level: Partial
 Mesh geometries:
  Tetrahedron: P = 20, Q = 14 (quadrature order = 4)

Configuring SLEPc eigenvalue solver:
 Scaling γ = 2.824e+01, δ = 3.943e-06
 Configuring divergence-free projection
 Using random starting vector
 Shift-and-invert σ = 2.400e+00 GHz (8.853e+00)

Assembling multigrid hierarchy:
 Level 0 (p = 1): 46541 unknowns
 Level 1 (p = 2): 249902 unknowns
 Level 0 (auxiliary) (p = 1): 6923 unknowns
 Level 1 (auxiliary) (p = 2): 53464 unknowns

#PETSc Option Table entries:
-eps_monitor # (source: code)
#End of PETSc Option Table entries

  Residual norms for GMRES solve
  0 (restart 0) KSP residual norm 6.169735e+00
  1 (restart 0) KSP residual norm 9.515255e-01
  2 (restart 0) KSP residual norm 2.597762e-01
  3 (restart 0) KSP residual norm 9.327623e-02
  4 (restart 0) KSP residual norm 3.445995e-02
  5 (restart 0) KSP residual norm 1.587071e-02
  6 (restart 0) KSP residual norm 5.290624e-03
  7 (restart 0) KSP residual norm 1.329493e-03
  8 (restart 0) KSP residual norm 4.627695e-04
  9 (restart 0) KSP residual norm 1.597709e-04
 10 (restart 0) KSP residual norm 5.760242e-05
 11 (restart 0) KSP residual norm 2.243252e-05
 12 (restart 0) KSP residual norm 8.206492e-06
 13 (restart 0) KSP residual norm 3.113921e-06
 14 (restart 0) KSP residual norm 1.199372e-06
 15 (restart 0) KSP residual norm 4.539339e-07
 16 (restart 0) KSP residual norm 1.608658e-07
 17 (restart 0) KSP residual norm 6.063064e-08
GMRES solver converged in 17 iterations (avg. reduction factor: 3.380e-01)
  Residual norms for GMRES solve
  0 (restart 0) KSP residual norm 1.365115e+03
  1 (restart 0) KSP residual norm 2.066215e+01
  2 (restart 0) KSP residual norm 1.781489e+00
  3 (restart 0) KSP residual norm 5.975999e-01
  4 (restart 0) KSP residual norm 1.301067e-01
  5 (restart 0) KSP residual norm 3.420250e-02
  6 (restart 0) KSP residual norm 1.200628e-02
  7 (restart 0) KSP residual norm 3.750030e-03
  8 (restart 0) KSP residual norm 1.285772e-03
  9 (restart 0) KSP residual norm 4.780733e-04
 10 (restart 0) KSP residual norm 1.476477e-04
 11 (restart 0) KSP residual norm 5.493078e-05
 12 (restart 0) KSP residual norm 2.201888e-05
 13 (restart 0) KSP residual norm 6.640173e-06
GMRES solver converged in 13 iterations (avg. reduction factor: 2.294e-01)
  Residual norms for GMRES solve
  0 (restart 0) KSP residual norm 4.101605e+03
  1 (restart 0) KSP residual norm 6.369423e+01
  2 (restart 0) KSP residual norm 4.706300e+00
  3 (restart 0) KSP residual norm 1.048345e+00
  4 (restart 0) KSP residual norm 1.750523e-01
  5 (restart 0) KSP residual norm 4.342382e-02
  6 (restart 0) KSP residual norm 1.787708e-02
  7 (restart 0) KSP residual norm 6.036274e-03
  8 (restart 0) KSP residual norm 1.833773e-03
  9 (restart 0) KSP residual norm 6.689006e-04
 10 (restart 0) KSP residual norm 2.533889e-04
 11 (restart 0) KSP residual norm 8.040356e-05
 12 (restart 0) KSP residual norm 3.310055e-05
GMRES solver converged in 12 iterations (avg. reduction factor: 2.116e-01)
  Residual norms for GMRES solve
  0 (restart 0) KSP residual norm 3.832875e+02
  1 (restart 0) KSP residual norm 1.730092e+01
  2 (restart 0) KSP residual norm 2.600486e+00
  3 (restart 0) KSP residual norm 9.951440e-01
  4 (restart 0) KSP residual norm 2.079882e-01
  5 (restart 0) KSP residual norm 5.496703e-02
  6 (restart 0) KSP residual norm 1.591166e-02
  7 (restart 0) KSP residual norm 3.509530e-03
  8 (restart 0) KSP residual norm 1.043626e-03
  9 (restart 0) KSP residual norm 4.815139e-04
 10 (restart 0) KSP residual norm 1.425967e-04
 11 (restart 0) KSP residual norm 5.517735e-05
 12 (restart 0) KSP residual norm 2.090808e-05
 13 (restart 0) KSP residual norm 7.687558e-06
 14 (restart 0) KSP residual norm 2.834281e-06
GMRES solver converged in 14 iterations (avg. reduction factor: 2.625e-01)
  Residual norms for GMRES solve
  0 (restart 0) KSP residual norm 3.581397e+03
  1 (restart 0) KSP residual norm 4.903018e+01
  2 (restart 0) KSP residual norm 4.760715e+00
  3 (restart 0) KSP residual norm 1.654731e+00
  4 (restart 0) KSP residual norm 2.253906e-01
  5 (restart 0) KSP residual norm 5.647560e-02
  6 (restart 0) KSP residual norm 1.793918e-02
  7 (restart 0) KSP residual norm 7.383024e-03
  8 (restart 0) KSP residual norm 1.967022e-03
  9 (restart 0) KSP residual norm 6.769468e-04
 10 (restart 0) KSP residual norm 2.580234e-04
 11 (restart 0) KSP residual norm 8.520855e-05
 12 (restart 0) KSP residual norm 3.038736e-05
GMRES solver converged in 12 iterations (avg. reduction factor: 2.125e-01)
  Residual norms for GMRES solve
  0 (restart 0) KSP residual norm 2.664010e+03
  1 (restart 0) KSP residual norm 3.581881e+01
  2 (restart 0) KSP residual norm 3.979643e+00
  3 (restart 0) KSP residual norm 1.572694e+00
  4 (restart 0) KSP residual norm 2.395367e-01
  5 (restart 0) KSP residual norm 5.846779e-02
  6 (restart 0) KSP residual norm 1.583673e-02
  7 (restart 0) KSP residual norm 6.918256e-03
  8 (restart 0) KSP residual norm 1.705873e-03
  9 (restart 0) KSP residual norm 5.598457e-04
 10 (restart 0) KSP residual norm 2.139349e-04
 11 (restart 0) KSP residual norm 7.821391e-05
 12 (restart 0) KSP residual norm 3.182744e-05
 13 (restart 0) KSP residual norm 1.068814e-05
GMRES solver converged in 13 iterations (avg. reduction factor: 2.260e-01)
  Residual norms for GMRES solve
  0 (restart 0) KSP residual norm 4.961637e+02
  1 (restart 0) KSP residual norm 1.003762e+01
  2 (restart 0) KSP residual norm 3.826040e+00
  3 (restart 0) KSP residual norm 7.325038e-01
  4 (restart 0) KSP residual norm 2.203352e-01
  5 (restart 0) KSP residual norm 5.732177e-02
  6 (restart 0) KSP residual norm 1.607129e-02
  7 (restart 0) KSP residual norm 5.573540e-03
  8 (restart 0) KSP residual norm 1.377718e-03
  9 (restart 0) KSP residual norm 5.397191e-04
 10 (restart 0) KSP residual norm 1.821464e-04
 11 (restart 0) KSP residual norm 6.241056e-05
 12 (restart 0) KSP residual norm 2.096441e-05
 13 (restart 0) KSP residual norm 7.720435e-06
 14 (restart 0) KSP residual norm 2.350845e-06
GMRES solver converged in 14 iterations (avg. reduction factor: 2.543e-01)
  Residual norms for GMRES solve
  0 (restart 0) KSP residual norm 1.582192e+02
  1 (restart 0) KSP residual norm 1.560751e+01
  2 (restart 0) KSP residual norm 4.079971e+00
  3 (restart 0) KSP residual norm 7.069247e-01
  4 (restart 0) KSP residual norm 1.928813e-01
  5 (restart 0) KSP residual norm 6.444698e-02
  6 (restart 0) KSP residual norm 1.797150e-02
  7 (restart 0) KSP residual norm 5.515805e-03
  8 (restart 0) KSP residual norm 1.478510e-03
  9 (restart 0) KSP residual norm 5.919146e-04
 10 (restart 0) KSP residual norm 1.992399e-04
 11 (restart 0) KSP residual norm 5.813716e-05
 12 (restart 0) KSP residual norm 2.016780e-05
 13 (restart 0) KSP residual norm 7.570422e-06
 14 (restart 0) KSP residual norm 2.313403e-06
 15 (restart 0) KSP residual norm 8.655906e-07
GMRES solver converged in 15 iterations (avg. reduction factor: 2.813e-01)
  Residual norms for GMRES solve
  0 (restart 0) KSP residual norm 3.241234e+02
  1 (restart 0) KSP residual norm 7.424676e+01
  2 (restart 0) KSP residual norm 5.790331e+00
  3 (restart 0) KSP residual norm 1.572063e+00
  4 (restart 0) KSP residual norm 2.513070e-01
  5 (restart 0) KSP residual norm 6.780207e-02
  6 (restart 0) KSP residual norm 1.765804e-02
  7 (restart 0) KSP residual norm 5.959338e-03
  8 (restart 0) KSP residual norm 2.088783e-03
  9 (restart 0) KSP residual norm 6.135869e-04
 10 (restart 0) KSP residual norm 2.211070e-04
 11 (restart 0) KSP residual norm 7.944693e-05
 12 (restart 0) KSP residual norm 2.655797e-05
 13 (restart 0) KSP residual norm 8.844410e-06
 14 (restart 0) KSP residual norm 2.778272e-06
GMRES solver converged in 14 iterations (avg. reduction factor: 2.653e-01)
  Residual norms for GMRES solve
  0 (restart 0) KSP residual norm 2.245557e+02
  1 (restart 0) KSP residual norm 5.058077e+01
  2 (restart 0) KSP residual norm 4.689343e+00
  3 (restart 0) KSP residual norm 1.546878e+00
  4 (restart 0) KSP residual norm 2.216588e-01
  5 (restart 0) KSP residual norm 5.776475e-02
  6 (restart 0) KSP residual norm 1.510822e-02
  7 (restart 0) KSP residual norm 6.251285e-03
  8 (restart 0) KSP residual norm 1.656941e-03
  9 (restart 0) KSP residual norm 5.430245e-04
 10 (restart 0) KSP residual norm 2.148604e-04
 11 (restart 0) KSP residual norm 7.473002e-05
 12 (restart 0) KSP residual norm 2.319974e-05
 13 (restart 0) KSP residual norm 8.408084e-06
 14 (restart 0) KSP residual norm 2.594897e-06
 15 (restart 0) KSP residual norm 8.508821e-07
GMRES solver converged in 15 iterations (avg. reduction factor: 2.745e-01)
  Residual norms for GMRES solve
  0 (restart 0) KSP residual norm 2.305974e+02
  1 (restart 0) KSP residual norm 1.282005e+01
  2 (restart 0) KSP residual norm 3.110143e+00
  3 (restart 0) KSP residual norm 6.472575e-01
  4 (restart 0) KSP residual norm 1.376218e-01
  5 (restart 0) KSP residual norm 4.963858e-02
  6 (restart 0) KSP residual norm 1.422750e-02
  7 (restart 0) KSP residual norm 4.735557e-03
  8 (restart 0) KSP residual norm 1.207835e-03
  9 (restart 0) KSP residual norm 4.682764e-04
 10 (restart 0) KSP residual norm 1.557475e-04
 11 (restart 0) KSP residual norm 5.283465e-05
 12 (restart 0) KSP residual norm 1.810825e-05
 13 (restart 0) KSP residual norm 6.570099e-06
 14 (restart 0) KSP residual norm 2.197934e-06
GMRES solver converged in 14 iterations (avg. reduction factor: 2.674e-01)
  Residual norms for GMRES solve
  0 (restart 0) KSP residual norm 1.179801e+02
  1 (restart 0) KSP residual norm 8.911140e+00
  2 (restart 0) KSP residual norm 1.991017e+00
  3 (restart 0) KSP residual norm 4.265155e-01
  4 (restart 0) KSP residual norm 1.276718e-01
  5 (restart 0) KSP residual norm 4.721993e-02
  6 (restart 0) KSP residual norm 1.156678e-02
  7 (restart 0) KSP residual norm 4.469035e-03
  8 (restart 0) KSP residual norm 1.362285e-03
  9 (restart 0) KSP residual norm 5.408143e-04
 10 (restart 0) KSP residual norm 2.059813e-04
 11 (restart 0) KSP residual norm 8.219602e-05
 12 (restart 0) KSP residual norm 2.269413e-05
 13 (restart 0) KSP residual norm 7.271401e-06
 14 (restart 0) KSP residual norm 2.892894e-06
 15 (restart 0) KSP residual norm 1.113452e-06
GMRES solver converged in 15 iterations (avg. reduction factor: 2.917e-01)
  Residual norms for GMRES solve
  0 (restart 0) KSP residual norm 1.970264e+02
  1 (restart 0) KSP residual norm 7.069793e+00
  2 (restart 0) KSP residual norm 3.063220e+00
  3 (restart 0) KSP residual norm 2.721159e-01
  4 (restart 0) KSP residual norm 1.057908e-01
  5 (restart 0) KSP residual norm 4.164473e-02
  6 (restart 0) KSP residual norm 9.333653e-03
  7 (restart 0) KSP residual norm 3.323016e-03
  8 (restart 0) KSP residual norm 8.003685e-04
  9 (restart 0) KSP residual norm 3.163393e-04
 10 (restart 0) KSP residual norm 1.169959e-04
 11 (restart 0) KSP residual norm 3.897449e-05
 12 (restart 0) KSP residual norm 1.400160e-05
 13 (restart 0) KSP residual norm 5.094822e-06
 14 (restart 0) KSP residual norm 1.595042e-06
GMRES solver converged in 14 iterations (avg. reduction factor: 2.643e-01)
  Residual norms for GMRES solve
  0 (restart 0) KSP residual norm 5.711831e+01
  1 (restart 0) KSP residual norm 9.233356e+00
  2 (restart 0) KSP residual norm 3.183230e+00
  3 (restart 0) KSP residual norm 4.379500e-01
  4 (restart 0) KSP residual norm 1.683792e-01
  5 (restart 0) KSP residual norm 7.276401e-02
  6 (restart 0) KSP residual norm 1.588129e-02
  7 (restart 0) KSP residual norm 4.978636e-03
  8 (restart 0) KSP residual norm 1.510500e-03
  9 (restart 0) KSP residual norm 6.081771e-04
 10 (restart 0) KSP residual norm 2.315054e-04
 11 (restart 0) KSP residual norm 8.891010e-05
 12 (restart 0) KSP residual norm 2.780430e-05
 13 (restart 0) KSP residual norm 8.074240e-06
 14 (restart 0) KSP residual norm 3.239687e-06
 15 (restart 0) KSP residual norm 1.204110e-06
 16 (restart 0) KSP residual norm 4.316425e-07
GMRES solver converged in 16 iterations (avg. reduction factor: 3.107e-01)
  Residual norms for GMRES solve
  0 (restart 0) KSP residual norm 1.403847e+02
  1 (restart 0) KSP residual norm 9.911209e+00
  2 (restart 0) KSP residual norm 3.860932e+00
  3 (restart 0) KSP residual norm 5.971191e-01
  4 (restart 0) KSP residual norm 2.171764e-01
  5 (restart 0) KSP residual norm 7.380172e-02
  6 (restart 0) KSP residual norm 1.957231e-02
  7 (restart 0) KSP residual norm 6.301828e-03
  8 (restart 0) KSP residual norm 1.643352e-03
  9 (restart 0) KSP residual norm 7.221230e-04
 10 (restart 0) KSP residual norm 2.175868e-04
 11 (restart 0) KSP residual norm 8.521979e-05
 12 (restart 0) KSP residual norm 2.932278e-05
 13 (restart 0) KSP residual norm 9.133097e-06
 14 (restart 0) KSP residual norm 2.956873e-06
 15 (restart 0) KSP residual norm 1.156232e-06
GMRES solver converged in 15 iterations (avg. reduction factor: 2.891e-01)
  Residual norms for GMRES solve
  0 (restart 0) KSP residual norm 1.607326e+02
  1 (restart 0) KSP residual norm 1.418946e+01
  2 (restart 0) KSP residual norm 4.334194e+00
  3 (restart 0) KSP residual norm 8.175021e-01
  4 (restart 0) KSP residual norm 2.202974e-01
  5 (restart 0) KSP residual norm 6.586497e-02
  6 (restart 0) KSP residual norm 1.897947e-02
  7 (restart 0) KSP residual norm 5.649993e-03
  8 (restart 0) KSP residual norm 1.882479e-03
  9 (restart 0) KSP residual norm 7.377362e-04
 10 (restart 0) KSP residual norm 2.285605e-04
 11 (restart 0) KSP residual norm 7.194453e-05
 12 (restart 0) KSP residual norm 2.960267e-05
 13 (restart 0) KSP residual norm 9.552457e-06
 14 (restart 0) KSP residual norm 3.005844e-06
 15 (restart 0) KSP residual norm 1.135320e-06
GMRES solver converged in 15 iterations (avg. reduction factor: 2.862e-01)
  Residual norms for GMRES solve
  0 (restart 0) KSP residual norm 1.403184e+02
  1 (restart 0) KSP residual norm 2.053047e+01
  2 (restart 0) KSP residual norm 2.691877e+00
  3 (restart 0) KSP residual norm 1.102287e+00
  4 (restart 0) KSP residual norm 1.543794e-01
  5 (restart 0) KSP residual norm 5.083335e-02
  6 (restart 0) KSP residual norm 1.436607e-02
  7 (restart 0) KSP residual norm 4.270016e-03
  8 (restart 0) KSP residual norm 1.783375e-03
  9 (restart 0) KSP residual norm 5.551932e-04
 10 (restart 0) KSP residual norm 1.592330e-04
 11 (restart 0) KSP residual norm 5.809062e-05
 12 (restart 0) KSP residual norm 2.159825e-05
 13 (restart 0) KSP residual norm 6.922606e-06
 14 (restart 0) KSP residual norm 2.551631e-06
 15 (restart 0) KSP residual norm 8.910437e-07
GMRES solver converged in 15 iterations (avg. reduction factor: 2.841e-01)
  Residual norms for GMRES solve
  0 (restart 0) KSP residual norm 1.673324e+02
  1 (restart 0) KSP residual norm 1.109155e+01
  2 (restart 0) KSP residual norm 2.165416e+00
  3 (restart 0) KSP residual norm 4.879387e-01
  4 (restart 0) KSP residual norm 1.662688e-01
  5 (restart 0) KSP residual norm 4.639567e-02
  6 (restart 0) KSP residual norm 1.343633e-02
  7 (restart 0) KSP residual norm 4.367990e-03
  8 (restart 0) KSP residual norm 1.695964e-03
  9 (restart 0) KSP residual norm 6.376281e-04
 10 (restart 0) KSP residual norm 1.711552e-04
 11 (restart 0) KSP residual norm 5.812687e-05
 12 (restart 0) KSP residual norm 1.934626e-05
 13 (restart 0) KSP residual norm 6.773391e-06
 14 (restart 0) KSP residual norm 2.412306e-06
 15 (restart 0) KSP residual norm 8.745516e-07
GMRES solver converged in 15 iterations (avg. reduction factor: 2.805e-01)
  Residual norms for GMRES solve
  0 (restart 0) KSP residual norm 1.133081e+02
  1 (restart 0) KSP residual norm 6.503330e+00
  2 (restart 0) KSP residual norm 2.309529e+00
  3 (restart 0) KSP residual norm 3.381967e-01
  4 (restart 0) KSP residual norm 1.668188e-01
  5 (restart 0) KSP residual norm 5.737487e-02
  6 (restart 0) KSP residual norm 1.402790e-02
  7 (restart 0) KSP residual norm 4.917056e-03
  8 (restart 0) KSP residual norm 1.492908e-03
  9 (restart 0) KSP residual norm 6.717279e-04
 10 (restart 0) KSP residual norm 1.997230e-04
 11 (restart 0) KSP residual norm 6.524265e-05
 12 (restart 0) KSP residual norm 1.748345e-05
 13 (restart 0) KSP residual norm 6.165853e-06
 14 (restart 0) KSP residual norm 2.305457e-06
 15 (restart 0) KSP residual norm 8.308715e-07
GMRES solver converged in 15 iterations (avg. reduction factor: 2.869e-01)
  1 EPS nconv=3 first unconverged value (error) -8.42532e-06+0.342635i (2.85400797e-03)
  Residual norms for GMRES solve
  0 (restart 0) KSP residual norm 6.876892e+01
  1 (restart 0) KSP residual norm 5.798276e+00
  2 (restart 0) KSP residual norm 1.899387e+00
  3 (restart 0) KSP residual norm 3.397169e-01
  4 (restart 0) KSP residual norm 2.030409e-01
  5 (restart 0) KSP residual norm 7.990074e-02
  6 (restart 0) KSP residual norm 1.857691e-02
  7 (restart 0) KSP residual norm 4.099778e-03
  8 (restart 0) KSP residual norm 1.405741e-03
  9 (restart 0) KSP residual norm 6.230186e-04
 10 (restart 0) KSP residual norm 1.915328e-04
 11 (restart 0) KSP residual norm 5.777645e-05
 12 (restart 0) KSP residual norm 1.949804e-05
 13 (restart 0) KSP residual norm 7.247500e-06
 14 (restart 0) KSP residual norm 2.637595e-06
 15 (restart 0) KSP residual norm 9.046214e-07
 16 (restart 0) KSP residual norm 3.204913e-07
GMRES solver converged in 16 iterations (avg. reduction factor: 3.015e-01)
  Residual norms for GMRES solve
  0 (restart 0) KSP residual norm 8.038112e+01
  1 (restart 0) KSP residual norm 6.434987e+00
  2 (restart 0) KSP residual norm 2.467049e+00
  3 (restart 0) KSP residual norm 4.359002e-01
  4 (restart 0) KSP residual norm 2.686409e-01
  5 (restart 0) KSP residual norm 7.395421e-02
  6 (restart 0) KSP residual norm 1.750476e-02
  7 (restart 0) KSP residual norm 3.801258e-03
  8 (restart 0) KSP residual norm 1.055067e-03
  9 (restart 0) KSP residual norm 4.678199e-04
 10 (restart 0) KSP residual norm 1.563149e-04
 11 (restart 0) KSP residual norm 4.024772e-05
 12 (restart 0) KSP residual norm 1.460713e-05
 13 (restart 0) KSP residual norm 5.858436e-06
 14 (restart 0) KSP residual norm 2.271086e-06
 15 (restart 0) KSP residual norm 7.852147e-07
GMRES solver converged in 15 iterations (avg. reduction factor: 2.924e-01)
  Residual norms for GMRES solve
  0 (restart 0) KSP residual norm 7.666922e+01
  1 (restart 0) KSP residual norm 9.759262e+00
  2 (restart 0) KSP residual norm 2.042190e+00
  3 (restart 0) KSP residual norm 4.809012e-01
  4 (restart 0) KSP residual norm 1.610811e-01
  5 (restart 0) KSP residual norm 4.846701e-02
  6 (restart 0) KSP residual norm 1.185434e-02
  7 (restart 0) KSP residual norm 3.044051e-03
  8 (restart 0) KSP residual norm 1.111224e-03
  9 (restart 0) KSP residual norm 4.366926e-04
 10 (restart 0) KSP residual norm 1.194115e-04
 11 (restart 0) KSP residual norm 4.812483e-05
 12 (restart 0) KSP residual norm 1.606437e-05
 13 (restart 0) KSP residual norm 5.688039e-06
 14 (restart 0) KSP residual norm 2.218874e-06
 15 (restart 0) KSP residual norm 7.279846e-07
GMRES solver converged in 15 iterations (avg. reduction factor: 2.919e-01)
  Residual norms for GMRES solve
  0 (restart 0) KSP residual norm 6.370124e+01
  1 (restart 0) KSP residual norm 7.350099e+00
  2 (restart 0) KSP residual norm 2.831527e+00
  3 (restart 0) KSP residual norm 5.734883e-01
  4 (restart 0) KSP residual norm 2.812149e-01
  5 (restart 0) KSP residual norm 7.873624e-02
  6 (restart 0) KSP residual norm 1.676757e-02
  7 (restart 0) KSP residual norm 3.419339e-03
  8 (restart 0) KSP residual norm 1.064629e-03
  9 (restart 0) KSP residual norm 4.519855e-04
 10 (restart 0) KSP residual norm 1.523445e-04
 11 (restart 0) KSP residual norm 5.125686e-05
 12 (restart 0) KSP residual norm 1.709022e-05
 13 (restart 0) KSP residual norm 6.888811e-06
 14 (restart 0) KSP residual norm 2.858897e-06
 15 (restart 0) KSP residual norm 9.958417e-07
 16 (restart 0) KSP residual norm 3.431334e-07
GMRES solver converged in 16 iterations (avg. reduction factor: 3.042e-01)
  Residual norms for GMRES solve
  0 (restart 0) KSP residual norm 4.010935e+01
  1 (restart 0) KSP residual norm 5.783117e+00
  2 (restart 0) KSP residual norm 2.417994e+00
  3 (restart 0) KSP residual norm 4.230585e-01
  4 (restart 0) KSP residual norm 1.934777e-01
  5 (restart 0) KSP residual norm 5.145868e-02
  6 (restart 0) KSP residual norm 1.266957e-02
  7 (restart 0) KSP residual norm 3.125996e-03
  8 (restart 0) KSP residual norm 1.049386e-03
  9 (restart 0) KSP residual norm 4.010938e-04
 10 (restart 0) KSP residual norm 1.262262e-04
 11 (restart 0) KSP residual norm 3.961672e-05
 12 (restart 0) KSP residual norm 1.325766e-05
 13 (restart 0) KSP residual norm 4.582571e-06
 14 (restart 0) KSP residual norm 1.714962e-06
 15 (restart 0) KSP residual norm 5.792987e-07
 16 (restart 0) KSP residual norm 2.051967e-07
GMRES solver converged in 16 iterations (avg. reduction factor: 3.033e-01)
  Residual norms for GMRES solve
  0 (restart 0) KSP residual norm 1.911657e+02
  1 (restart 0) KSP residual norm 1.025341e+01
  2 (restart 0) KSP residual norm 2.470198e+00
  3 (restart 0) KSP residual norm 6.378965e-01
  4 (restart 0) KSP residual norm 2.367465e-01
  5 (restart 0) KSP residual norm 8.380000e-02
  6 (restart 0) KSP residual norm 1.882710e-02
  7 (restart 0) KSP residual norm 5.277467e-03
  8 (restart 0) KSP residual norm 1.705250e-03
  9 (restart 0) KSP residual norm 6.141165e-04
 10 (restart 0) KSP residual norm 2.174668e-04
 11 (restart 0) KSP residual norm 8.114595e-05
 12 (restart 0) KSP residual norm 2.272320e-05
 13 (restart 0) KSP residual norm 7.910274e-06
 14 (restart 0) KSP residual norm 2.948480e-06
 15 (restart 0) KSP residual norm 1.030762e-06
GMRES solver converged in 15 iterations (avg. reduction factor: 2.810e-01)
  Residual norms for GMRES solve
  0 (restart 0) KSP residual norm 2.216652e+02
  1 (restart 0) KSP residual norm 1.149667e+01
  2 (restart 0) KSP residual norm 2.839270e+00
  3 (restart 0) KSP residual norm 6.484677e-01
  4 (restart 0) KSP residual norm 2.350575e-01
  5 (restart 0) KSP residual norm 1.010805e-01
  6 (restart 0) KSP residual norm 1.981329e-02
  7 (restart 0) KSP residual norm 4.808397e-03
  8 (restart 0) KSP residual norm 1.675025e-03
  9 (restart 0) KSP residual norm 6.225676e-04
 10 (restart 0) KSP residual norm 1.759924e-04
 11 (restart 0) KSP residual norm 6.509409e-05
 12 (restart 0) KSP residual norm 2.163331e-05
 13 (restart 0) KSP residual norm 8.140962e-06
 14 (restart 0) KSP residual norm 3.015575e-06
 15 (restart 0) KSP residual norm 1.135466e-06
GMRES solver converged in 15 iterations (avg. reduction factor: 2.801e-01)
  Residual norms for GMRES solve
  0 (restart 0) KSP residual norm 3.149267e+02
  1 (restart 0) KSP residual norm 7.872734e+00
  2 (restart 0) KSP residual norm 2.767691e+00
  3 (restart 0) KSP residual norm 3.951999e-01
  4 (restart 0) KSP residual norm 1.129268e-01
  5 (restart 0) KSP residual norm 3.773024e-02
  6 (restart 0) KSP residual norm 1.189258e-02
  7 (restart 0) KSP residual norm 4.201117e-03
  8 (restart 0) KSP residual norm 1.218950e-03
  9 (restart 0) KSP residual norm 4.303304e-04
 10 (restart 0) KSP residual norm 1.589997e-04
 11 (restart 0) KSP residual norm 6.081079e-05
 12 (restart 0) KSP residual norm 1.887330e-05
 13 (restart 0) KSP residual norm 6.904685e-06
 14 (restart 0) KSP residual norm 2.738852e-06
GMRES solver converged in 14 iterations (avg. reduction factor: 2.656e-01)
  2 EPS nconv=7 first unconverged value (error) -0.000161576+0.378523i (1.48175182e-03)

 Linear eigensolve converged (7 eigenpairs) due to CONVERGED_TOL; iterations 2
 Total number of linear systems solved: 27
 Total number of linear solver iterations: 395
 Found 7 converged eigenvalues (first = -1.473e-03+9.038e+00i)

 Refining eigenvalues with Quasi-Newton solver
  Residual norms for GMRES solve
  0 (restart 0) KSP residual norm 8.166774e+00
  1 (restart 0) KSP residual norm 6.985348e-01
  2 (restart 0) KSP residual norm 6.824639e-01
  3 (restart 0) KSP residual norm 3.333416e-01
  4 (restart 0) KSP residual norm 1.040724e-01
  5 (restart 0) KSP residual norm 6.645599e-02
  6 (restart 0) KSP residual norm 6.597175e-02
  7 (restart 0) KSP residual norm 4.713790e-02
  8 (restart 0) KSP residual norm 4.360127e-02
  9 (restart 0) KSP residual norm 4.281331e-02
 10 (restart 0) KSP residual norm 4.200437e-02
 11 (restart 0) KSP residual norm 3.827126e-02
 12 (restart 0) KSP residual norm 3.703848e-02
 13 (restart 0) KSP residual norm 3.628174e-02
 14 (restart 0) KSP residual norm 3.465281e-02
 15 (restart 0) KSP residual norm 3.331050e-02
 16 (restart 0) KSP residual norm 3.226980e-02
 17 (restart 0) KSP residual norm 3.173982e-02
 18 (restart 0) KSP residual norm 3.118963e-02
 19 (restart 0) KSP residual norm 3.102085e-02
 20 (restart 0) KSP residual norm 3.061070e-02
 21 (restart 0) KSP residual norm 2.701674e-02
 22 (restart 0) KSP residual norm 1.691888e-02
 23 (restart 0) KSP residual norm 7.852606e-03
 24 (restart 0) KSP residual norm 2.905775e-03
 25 (restart 0) KSP residual norm 9.932731e-04
 26 (restart 0) KSP residual norm 3.512006e-04
GMRES solver converged in 26 iterations (avg. reduction factor: 6.793e-01)
0 NLEPS (nconv=0, restart=0) residual norm 5.664653e-02
  Residual norms for GMRES solve
  0 (restart 0) KSP residual norm 5.927633e-04
  1 (restart 0) KSP residual norm 4.827968e-04
  2 (restart 0) KSP residual norm 4.626927e-04
  3 (restart 0) KSP residual norm 4.429573e-04
  4 (restart 0) KSP residual norm 3.183936e-04
  5 (restart 0) KSP residual norm 2.915108e-04
  6 (restart 0) KSP residual norm 2.753852e-04
  7 (restart 0) KSP residual norm 2.119281e-04
  8 (restart 0) KSP residual norm 1.810306e-04
  9 (restart 0) KSP residual norm 1.794329e-04
 10 (restart 0) KSP residual norm 1.747015e-04
 11 (restart 0) KSP residual norm 1.418602e-04
 12 (restart 0) KSP residual norm 1.101814e-04
 13 (restart 0) KSP residual norm 7.872933e-05
 14 (restart 0) KSP residual norm 5.690697e-05
 15 (restart 0) KSP residual norm 5.184110e-05
 16 (restart 0) KSP residual norm 4.991413e-05
 17 (restart 0) KSP residual norm 4.976264e-05
 18 (restart 0) KSP residual norm 4.923528e-05
 19 (restart 0) KSP residual norm 4.852761e-05
 20 (restart 0) KSP residual norm 4.796871e-05
 21 (restart 0) KSP residual norm 4.579988e-05
 22 (restart 0) KSP residual norm 4.290611e-05
 23 (restart 0) KSP residual norm 3.288056e-05
 24 (restart 0) KSP residual norm 1.717796e-05
 25 (restart 0) KSP residual norm 6.763424e-06
 26 (restart 0) KSP residual norm 2.632866e-06
 27 (restart 0) KSP residual norm 9.888725e-07
 28 (restart 0) KSP residual norm 4.052454e-07
 29 (restart 0) KSP residual norm 1.525820e-07
 30 (restart 0) KSP residual norm 6.061950e-08
 31 (restart 0) KSP residual norm 2.313815e-08
GMRES solver converged in 31 iterations (avg. reduction factor: 7.208e-01)
1 NLEPS (nconv=0, restart=0) residual norm 8.031732e-06
  Residual norms for GMRES solve
  0 (restart 0) KSP residual norm 1.166197e-09
  1 (restart 0) KSP residual norm 7.053029e-10
  2 (restart 0) KSP residual norm 5.809876e-10
  3 (restart 0) KSP residual norm 5.444307e-10
  4 (restart 0) KSP residual norm 5.218033e-10
  5 (restart 0) KSP residual norm 5.183455e-10
  6 (restart 0) KSP residual norm 4.795288e-10
  7 (restart 0) KSP residual norm 4.544155e-10
  8 (restart 0) KSP residual norm 4.241757e-10
  9 (restart 0) KSP residual norm 4.207288e-10
 10 (restart 0) KSP residual norm 3.835289e-10
 11 (restart 0) KSP residual norm 2.165421e-10
 12 (restart 0) KSP residual norm 9.340141e-11
 13 (restart 0) KSP residual norm 6.662758e-11
 14 (restart 0) KSP residual norm 5.527087e-11
 15 (restart 0) KSP residual norm 5.107753e-11
 16 (restart 0) KSP residual norm 4.600478e-11
 17 (restart 0) KSP residual norm 4.029832e-11
 18 (restart 0) KSP residual norm 3.628030e-11
 19 (restart 0) KSP residual norm 3.186607e-11
 20 (restart 0) KSP residual norm 2.912977e-11
 21 (restart 0) KSP residual norm 2.739448e-11
 22 (restart 0) KSP residual norm 2.517331e-11
 23 (restart 0) KSP residual norm 2.312991e-11
 24 (restart 0) KSP residual norm 2.080588e-11
 25 (restart 0) KSP residual norm 1.706514e-11
 26 (restart 0) KSP residual norm 9.488673e-12
 27 (restart 0) KSP residual norm 3.679416e-12
 28 (restart 0) KSP residual norm 1.374769e-12
 29 (restart 0) KSP residual norm 4.909745e-13
GMRES solver converged in 29 iterations (avg. reduction factor: 7.649e-01)
2 NLEPS (nconv=0, restart=0) residual norm 7.840438e-11
Eigenvalue 0, Quasi-Newton converged in 2 iterations (-1.473e-03+9.038e+00i).
  Residual norms for GMRES solve
  0 (restart 0) KSP residual norm 8.165832e+00
  1 (restart 0) KSP residual norm 6.933311e-01
  2 (restart 0) KSP residual norm 6.746994e-01
  3 (restart 0) KSP residual norm 3.653508e-01
  4 (restart 0) KSP residual norm 1.312015e-01
  5 (restart 0) KSP residual norm 8.739239e-02
  6 (restart 0) KSP residual norm 8.706869e-02
  7 (restart 0) KSP residual norm 6.061932e-02
  8 (restart 0) KSP residual norm 5.678004e-02
  9 (restart 0) KSP residual norm 5.596261e-02
 10 (restart 0) KSP residual norm 5.344210e-02
 11 (restart 0) KSP residual norm 4.917576e-02
 12 (restart 0) KSP residual norm 4.897397e-02
 13 (restart 0) KSP residual norm 4.890524e-02
 14 (restart 0) KSP residual norm 4.872408e-02
 15 (restart 0) KSP residual norm 4.870496e-02
 16 (restart 0) KSP residual norm 4.787742e-02
 17 (restart 0) KSP residual norm 4.729906e-02
 18 (restart 0) KSP residual norm 4.650087e-02
 19 (restart 0) KSP residual norm 4.637217e-02
 20 (restart 0) KSP residual norm 4.474838e-02
 21 (restart 0) KSP residual norm 3.648652e-02
 22 (restart 0) KSP residual norm 2.064523e-02
 23 (restart 0) KSP residual norm 8.630688e-03
 24 (restart 0) KSP residual norm 3.148302e-03
 25 (restart 0) KSP residual norm 1.081413e-03
 26 (restart 0) KSP residual norm 3.810230e-04
GMRES solver converged in 26 iterations (avg. reduction factor: 6.814e-01)
0 NLEPS (nconv=1, restart=0) residual norm 1.152316e-01
  Residual norms for GMRES solve
  0 (restart 0) KSP residual norm 5.713253e+00
  1 (restart 0) KSP residual norm 1.553382e+00
  2 (restart 0) KSP residual norm 1.221076e+00
  3 (restart 0) KSP residual norm 9.802848e-01
  4 (restart 0) KSP residual norm 9.424221e-01
  5 (restart 0) KSP residual norm 7.615729e-01
  6 (restart 0) KSP residual norm 6.611033e-01
  7 (restart 0) KSP residual norm 5.091588e-01
  8 (restart 0) KSP residual norm 4.356398e-01
  9 (restart 0) KSP residual norm 2.385992e-01
 10 (restart 0) KSP residual norm 9.084467e-02
 11 (restart 0) KSP residual norm 3.276403e-02
 12 (restart 0) KSP residual norm 1.116598e-02
 13 (restart 0) KSP residual norm 4.040983e-03
 14 (restart 0) KSP residual norm 2.890184e-03
 15 (restart 0) KSP residual norm 2.747551e-03
 16 (restart 0) KSP residual norm 2.716102e-03
 17 (restart 0) KSP residual norm 2.698539e-03
 18 (restart 0) KSP residual norm 2.665558e-03
 19 (restart 0) KSP residual norm 2.621524e-03
 20 (restart 0) KSP residual norm 2.552919e-03
 21 (restart 0) KSP residual norm 2.491516e-03
 22 (restart 0) KSP residual norm 2.438127e-03
 23 (restart 0) KSP residual norm 2.374565e-03
 24 (restart 0) KSP residual norm 2.180069e-03
 25 (restart 0) KSP residual norm 1.685028e-03
 26 (restart 0) KSP residual norm 8.670351e-04
 27 (restart 0) KSP residual norm 3.333527e-04
GMRES solver converged in 27 iterations (avg. reduction factor: 6.969e-01)
1 NLEPS (nconv=1, restart=0) residual norm 5.575624e-04
  Residual norms for GMRES solve
  0 (restart 0) KSP residual norm 3.554388e-07
  1 (restart 0) KSP residual norm 3.462687e-07
  2 (restart 0) KSP residual norm 3.455296e-07
  3 (restart 0) KSP residual norm 3.337245e-07
  4 (restart 0) KSP residual norm 2.963328e-07
  5 (restart 0) KSP residual norm 2.588022e-07
  6 (restart 0) KSP residual norm 2.287691e-07
  7 (restart 0) KSP residual norm 2.047206e-07
  8 (restart 0) KSP residual norm 1.898611e-07
  9 (restart 0) KSP residual norm 1.472058e-07
 10 (restart 0) KSP residual norm 6.856553e-08
 11 (restart 0) KSP residual norm 3.125850e-08
 12 (restart 0) KSP residual norm 1.299743e-08
 13 (restart 0) KSP residual norm 6.007109e-09
 14 (restart 0) KSP residual norm 4.183556e-09
 15 (restart 0) KSP residual norm 3.824345e-09
 16 (restart 0) KSP residual norm 3.683514e-09
 17 (restart 0) KSP residual norm 3.674485e-09
 18 (restart 0) KSP residual norm 3.672908e-09
 19 (restart 0) KSP residual norm 3.672011e-09
 20 (restart 0) KSP residual norm 3.644779e-09
 21 (restart 0) KSP residual norm 3.611097e-09
 22 (restart 0) KSP residual norm 3.531943e-09
 23 (restart 0) KSP residual norm 3.366629e-09
 24 (restart 0) KSP residual norm 3.155065e-09
 25 (restart 0) KSP residual norm 2.538130e-09
 26 (restart 0) KSP residual norm 1.485450e-09
 27 (restart 0) KSP residual norm 6.342896e-10
 28 (restart 0) KSP residual norm 2.478896e-10
 29 (restart 0) KSP residual norm 9.657797e-11
 30 (restart 0) KSP residual norm 3.673066e-11
 31 (restart 0) KSP residual norm 1.255329e-11
GMRES solver converged in 31 iterations (avg. reduction factor: 7.184e-01)
2 NLEPS (nconv=1, restart=0) residual norm 9.563855e-08
  Residual norms for GMRES solve
  0 (restart 0) KSP residual norm 1.039556e-09
  1 (restart 0) KSP residual norm 2.954095e-10
  2 (restart 0) KSP residual norm 2.430003e-10
  3 (restart 0) KSP residual norm 2.099156e-10
  4 (restart 0) KSP residual norm 2.076953e-10
  5 (restart 0) KSP residual norm 2.070872e-10
  6 (restart 0) KSP residual norm 2.070272e-10
  7 (restart 0) KSP residual norm 1.673057e-10
  8 (restart 0) KSP residual norm 1.493340e-10
  9 (restart 0) KSP residual norm 1.285481e-10
 10 (restart 0) KSP residual norm 1.240180e-10
 11 (restart 0) KSP residual norm 1.176731e-10
 12 (restart 0) KSP residual norm 1.108046e-10
 13 (restart 0) KSP residual norm 1.100322e-10
 14 (restart 0) KSP residual norm 1.093043e-10
 15 (restart 0) KSP residual norm 1.090425e-10
 16 (restart 0) KSP residual norm 1.089818e-10
 17 (restart 0) KSP residual norm 1.086548e-10
 18 (restart 0) KSP residual norm 1.085725e-10
 19 (restart 0) KSP residual norm 1.082127e-10
 20 (restart 0) KSP residual norm 1.061283e-10
 21 (restart 0) KSP residual norm 8.659992e-11
 22 (restart 0) KSP residual norm 4.681971e-11
 23 (restart 0) KSP residual norm 1.877829e-11
 24 (restart 0) KSP residual norm 7.636567e-12
 25 (restart 0) KSP residual norm 2.850170e-12
 26 (restart 0) KSP residual norm 1.009340e-12
 27 (restart 0) KSP residual norm 3.826691e-13
GMRES solver converged in 27 iterations (avg. reduction factor: 7.461e-01)
3 NLEPS (nconv=1, restart=0) residual norm 7.128704e-11
Eigenvalue 1, Quasi-Newton converged in 3 iterations (-1.474e-03+9.038e+00i).
  Residual norms for GMRES solve
  0 (restart 0) KSP residual norm 8.149758e+00
  1 (restart 0) KSP residual norm 6.104289e-01
  2 (restart 0) KSP residual norm 5.364665e-01
  3 (restart 0) KSP residual norm 2.665099e-01
  4 (restart 0) KSP residual norm 4.695815e-02
  5 (restart 0) KSP residual norm 2.200056e-02
  6 (restart 0) KSP residual norm 1.439218e-02
  7 (restart 0) KSP residual norm 1.051952e-02
  8 (restart 0) KSP residual norm 1.019180e-02
  9 (restart 0) KSP residual norm 1.010552e-02
 10 (restart 0) KSP residual norm 9.952740e-03
 11 (restart 0) KSP residual norm 9.850322e-03
 12 (restart 0) KSP residual norm 9.362089e-03
 13 (restart 0) KSP residual norm 8.789353e-03
 14 (restart 0) KSP residual norm 7.741878e-03
 15 (restart 0) KSP residual norm 6.113813e-03
 16 (restart 0) KSP residual norm 4.947824e-03
 17 (restart 0) KSP residual norm 3.801847e-03
 18 (restart 0) KSP residual norm 2.904459e-03
 19 (restart 0) KSP residual norm 2.502077e-03
 20 (restart 0) KSP residual norm 2.213199e-03
 21 (restart 0) KSP residual norm 1.928883e-03
 22 (restart 0) KSP residual norm 1.564661e-03
 23 (restart 0) KSP residual norm 1.077691e-03
 24 (restart 0) KSP residual norm 5.193727e-04
GMRES solver converged in 24 iterations (avg. reduction factor: 6.686e-01)
0 NLEPS (nconv=2, restart=0) residual norm 1.126616e-01
  Residual norms for GMRES solve
  0 (restart 0) KSP residual norm 6.115700e+00
  1 (restart 0) KSP residual norm 2.587604e+00
  2 (restart 0) KSP residual norm 1.938427e+00
  3 (restart 0) KSP residual norm 4.014636e-01
  4 (restart 0) KSP residual norm 1.082961e-01
  5 (restart 0) KSP residual norm 5.750702e-02
  6 (restart 0) KSP residual norm 4.918220e-02
  7 (restart 0) KSP residual norm 4.261625e-02
  8 (restart 0) KSP residual norm 2.892802e-02
  9 (restart 0) KSP residual norm 1.826681e-02
 10 (restart 0) KSP residual norm 1.762457e-02
 11 (restart 0) KSP residual norm 1.754246e-02
 12 (restart 0) KSP residual norm 1.715141e-02
 13 (restart 0) KSP residual norm 1.636697e-02
 14 (restart 0) KSP residual norm 1.433895e-02
 15 (restart 0) KSP residual norm 1.249884e-02
 16 (restart 0) KSP residual norm 9.978770e-03
 17 (restart 0) KSP residual norm 7.908056e-03
 18 (restart 0) KSP residual norm 7.002313e-03
 19 (restart 0) KSP residual norm 6.205676e-03
 20 (restart 0) KSP residual norm 5.945641e-03
 21 (restart 0) KSP residual norm 5.835701e-03
 22 (restart 0) KSP residual norm 5.515695e-03
 23 (restart 0) KSP residual norm 3.331869e-03
 24 (restart 0) KSP residual norm 1.485477e-03
 25 (restart 0) KSP residual norm 5.527318e-04
GMRES solver converged in 25 iterations (avg. reduction factor: 6.890e-01)
1 NLEPS (nconv=2, restart=0) residual norm 8.240003e-04
  Residual norms for GMRES solve
  0 (restart 0) KSP residual norm 9.998057e-08
  1 (restart 0) KSP residual norm 7.444814e-08
  2 (restart 0) KSP residual norm 6.830173e-08
  3 (restart 0) KSP residual norm 4.804060e-08
  4 (restart 0) KSP residual norm 2.332935e-08
  5 (restart 0) KSP residual norm 1.459804e-08
  6 (restart 0) KSP residual norm 1.292689e-08
  7 (restart 0) KSP residual norm 1.180604e-08
  8 (restart 0) KSP residual norm 1.145627e-08
  9 (restart 0) KSP residual norm 1.071061e-08
 10 (restart 0) KSP residual norm 9.862593e-09
 11 (restart 0) KSP residual norm 9.755844e-09
 12 (restart 0) KSP residual norm 9.215388e-09
 13 (restart 0) KSP residual norm 7.467457e-09
 14 (restart 0) KSP residual norm 7.007250e-09
 15 (restart 0) KSP residual norm 5.677049e-09
 16 (restart 0) KSP residual norm 4.990898e-09
 17 (restart 0) KSP residual norm 4.410218e-09
 18 (restart 0) KSP residual norm 4.022362e-09
 19 (restart 0) KSP residual norm 3.895799e-09
 20 (restart 0) KSP residual norm 3.773911e-09
 21 (restart 0) KSP residual norm 3.763525e-09
 22 (restart 0) KSP residual norm 3.547475e-09
 23 (restart 0) KSP residual norm 2.090268e-09
 24 (restart 0) KSP residual norm 8.432823e-10
 25 (restart 0) KSP residual norm 3.434525e-10
 26 (restart 0) KSP residual norm 1.289921e-10
 27 (restart 0) KSP residual norm 4.881571e-11
 28 (restart 0) KSP residual norm 1.745753e-11
 29 (restart 0) KSP residual norm 6.495187e-12
GMRES solver converged in 29 iterations (avg. reduction factor: 7.171e-01)
2 NLEPS (nconv=2, restart=0) residual norm 2.030169e-07
  Residual norms for GMRES solve
  0 (restart 0) KSP residual norm 1.701871e-09
  1 (restart 0) KSP residual norm 7.718451e-10
  2 (restart 0) KSP residual norm 5.892826e-10
  3 (restart 0) KSP residual norm 5.880367e-10
  4 (restart 0) KSP residual norm 4.662610e-10
  5 (restart 0) KSP residual norm 4.111395e-10
  6 (restart 0) KSP residual norm 4.014065e-10
  7 (restart 0) KSP residual norm 3.896949e-10
  8 (restart 0) KSP residual norm 3.547816e-10
  9 (restart 0) KSP residual norm 3.317391e-10
 10 (restart 0) KSP residual norm 3.274665e-10
 11 (restart 0) KSP residual norm 3.218975e-10
 12 (restart 0) KSP residual norm 3.190994e-10
 13 (restart 0) KSP residual norm 3.149510e-10
 14 (restart 0) KSP residual norm 3.148938e-10
 15 (restart 0) KSP residual norm 3.079455e-10
 16 (restart 0) KSP residual norm 3.069621e-10
 17 (restart 0) KSP residual norm 3.006812e-10
 18 (restart 0) KSP residual norm 2.863478e-10
 19 (restart 0) KSP residual norm 2.189947e-10
 20 (restart 0) KSP residual norm 1.098239e-10
 21 (restart 0) KSP residual norm 4.153618e-11
 22 (restart 0) KSP residual norm 1.727754e-11
 23 (restart 0) KSP residual norm 6.752402e-12
 24 (restart 0) KSP residual norm 2.466745e-12
 25 (restart 0) KSP residual norm 9.014152e-13
GMRES solver converged in 25 iterations (avg. reduction factor: 7.395e-01)
3 NLEPS (nconv=2, restart=0) residual norm 1.154911e-10
Eigenvalue 2, Quasi-Newton converged in 3 iterations (-2.295e-03+9.046e+00i).
  Residual norms for GMRES solve
  0 (restart 0) KSP residual norm 1.459507e+01
  1 (restart 0) KSP residual norm 6.639609e+00
  2 (restart 0) KSP residual norm 1.719929e+00
  3 (restart 0) KSP residual norm 2.184385e-01
  4 (restart 0) KSP residual norm 1.126210e-01
  5 (restart 0) KSP residual norm 1.073037e-01
  6 (restart 0) KSP residual norm 1.032116e-01
  7 (restart 0) KSP residual norm 8.683208e-02
  8 (restart 0) KSP residual norm 5.913554e-02
  9 (restart 0) KSP residual norm 5.011638e-02
 10 (restart 0) KSP residual norm 4.976232e-02
 11 (restart 0) KSP residual norm 4.854760e-02
 12 (restart 0) KSP residual norm 4.746568e-02
 13 (restart 0) KSP residual norm 4.700559e-02
 14 (restart 0) KSP residual norm 4.691498e-02
 15 (restart 0) KSP residual norm 4.672538e-02
 16 (restart 0) KSP residual norm 4.667815e-02
 17 (restart 0) KSP residual norm 4.654205e-02
 18 (restart 0) KSP residual norm 4.503365e-02
 19 (restart 0) KSP residual norm 3.609148e-02
 20 (restart 0) KSP residual norm 1.829281e-02
 21 (restart 0) KSP residual norm 6.727378e-03
 22 (restart 0) KSP residual norm 2.523231e-03
 23 (restart 0) KSP residual norm 9.811523e-04
GMRES solver converged in 23 iterations (avg. reduction factor: 6.585e-01)
0 NLEPS (nconv=3, restart=0) residual norm 1.400598e-01
  Residual norms for GMRES solve
  0 (restart 0) KSP residual norm 3.388438e+00
  1 (restart 0) KSP residual norm 9.327068e-01
  2 (restart 0) KSP residual norm 5.888686e-01
  3 (restart 0) KSP residual norm 9.487822e-02
  4 (restart 0) KSP residual norm 1.977233e-02
  5 (restart 0) KSP residual norm 5.598553e-03
  6 (restart 0) KSP residual norm 4.763173e-03
  7 (restart 0) KSP residual norm 4.625438e-03
  8 (restart 0) KSP residual norm 4.293340e-03
  9 (restart 0) KSP residual norm 4.288301e-03
 10 (restart 0) KSP residual norm 4.241382e-03
 11 (restart 0) KSP residual norm 4.159340e-03
 12 (restart 0) KSP residual norm 4.106516e-03
 13 (restart 0) KSP residual norm 4.098260e-03
 14 (restart 0) KSP residual norm 4.098246e-03
 15 (restart 0) KSP residual norm 4.090117e-03
 16 (restart 0) KSP residual norm 4.080472e-03
 17 (restart 0) KSP residual norm 4.066667e-03
 18 (restart 0) KSP residual norm 4.048883e-03
 19 (restart 0) KSP residual norm 4.023848e-03
 20 (restart 0) KSP residual norm 4.019384e-03
 21 (restart 0) KSP residual norm 3.842402e-03
 22 (restart 0) KSP residual norm 3.026258e-03
 23 (restart 0) KSP residual norm 1.560428e-03
 24 (restart 0) KSP residual norm 6.586664e-04
 25 (restart 0) KSP residual norm 2.417474e-04
GMRES solver converged in 25 iterations (avg. reduction factor: 6.826e-01)
1 NLEPS (nconv=3, restart=0) residual norm 1.092091e-03
  Residual norms for GMRES solve
  0 (restart 0) KSP residual norm 4.939128e-07
  1 (restart 0) KSP residual norm 1.111876e-07
  2 (restart 0) KSP residual norm 5.429461e-08
  3 (restart 0) KSP residual norm 3.226613e-08
  4 (restart 0) KSP residual norm 1.595669e-08
  5 (restart 0) KSP residual norm 8.867901e-09
  6 (restart 0) KSP residual norm 6.029438e-09
  7 (restart 0) KSP residual norm 5.199105e-09
  8 (restart 0) KSP residual norm 4.580390e-09
  9 (restart 0) KSP residual norm 4.544548e-09
 10 (restart 0) KSP residual norm 4.164695e-09
 11 (restart 0) KSP residual norm 3.667902e-09
 12 (restart 0) KSP residual norm 2.428893e-09
 13 (restart 0) KSP residual norm 1.042691e-09
 14 (restart 0) KSP residual norm 4.952722e-10
 15 (restart 0) KSP residual norm 4.294496e-10
 16 (restart 0) KSP residual norm 3.904718e-10
 17 (restart 0) KSP residual norm 3.896867e-10
 18 (restart 0) KSP residual norm 3.810607e-10
 19 (restart 0) KSP residual norm 3.790948e-10
 20 (restart 0) KSP residual norm 3.785040e-10
 21 (restart 0) KSP residual norm 3.782658e-10
 22 (restart 0) KSP residual norm 3.762162e-10
 23 (restart 0) KSP residual norm 3.750692e-10
 24 (restart 0) KSP residual norm 3.622236e-10
 25 (restart 0) KSP residual norm 3.314815e-10
 26 (restart 0) KSP residual norm 1.698077e-10
 27 (restart 0) KSP residual norm 7.343896e-11
 28 (restart 0) KSP residual norm 2.869313e-11
GMRES solver converged in 28 iterations (avg. reduction factor: 7.059e-01)
2 NLEPS (nconv=3, restart=0) residual norm 2.625759e-07
  Residual norms for GMRES solve
  0 (restart 0) KSP residual norm 9.811510e-09
  1 (restart 0) KSP residual norm 1.053259e-09
  2 (restart 0) KSP residual norm 4.484790e-10
  3 (restart 0) KSP residual norm 7.854550e-11
  4 (restart 0) KSP residual norm 6.402310e-11
  5 (restart 0) KSP residual norm 6.137763e-11
  6 (restart 0) KSP residual norm 5.959835e-11
  7 (restart 0) KSP residual norm 5.893792e-11
  8 (restart 0) KSP residual norm 5.881499e-11
  9 (restart 0) KSP residual norm 5.707911e-11
 10 (restart 0) KSP residual norm 5.691010e-11
 11 (restart 0) KSP residual norm 5.585831e-11
 12 (restart 0) KSP residual norm 5.576495e-11
 13 (restart 0) KSP residual norm 5.546437e-11
 14 (restart 0) KSP residual norm 5.536439e-11
 15 (restart 0) KSP residual norm 5.490321e-11
 16 (restart 0) KSP residual norm 5.471529e-11
 17 (restart 0) KSP residual norm 5.374703e-11
 18 (restart 0) KSP residual norm 5.374360e-11
 19 (restart 0) KSP residual norm 5.196089e-11
 20 (restart 0) KSP residual norm 4.471505e-11
 21 (restart 0) KSP residual norm 2.905307e-11
 22 (restart 0) KSP residual norm 1.066322e-11
 23 (restart 0) KSP residual norm 4.135982e-12
 24 (restart 0) KSP residual norm 1.561087e-12
 25 (restart 0) KSP residual norm 5.402454e-13
GMRES solver converged in 25 iterations (avg. reduction factor: 6.755e-01)
3 NLEPS (nconv=3, restart=0) residual norm 1.086661e-10
Eigenvalue 3, Quasi-Newton converged in 3 iterations (-1.986e-04+9.675e+00i).

Computing solution error estimates and performing postprocessing

     m,        Re{f} (GHz),        Im{f} (GHz),                  Q,      Error (Bkwd.),       Error (Abs.)
     1,      +2.449955e+00,      +3.994265e-04,      +3.066841e+03,      +7.743518e-15,      +7.840437e-11
     2,      +2.450073e+00,      +3.996502e-04,      +3.065271e+03,      +7.040412e-15,      +7.128618e-11
     3,      +2.452113e+00,      +6.220421e-04,      +1.971018e+03,      +1.140349e-14,      +1.154881e-10
     4,      +2.622862e+00,      +5.383676e-05,      +2.435940e+04,      +1.054034e-14,      +1.086606e-10

Completed 0 iterations of adaptive mesh refinement (AMR):
 Indicator norm = nan, global unknowns = 249902
 Max. iterations = 0, tol. = 1.000e-02

Estimated peak per-rank memory usage is: Min. 161.5M, Max. 182.6M, Avg. 168.3M, Total 5.3G
Estimated peak per-node memory usage is: Min. 5.3G, Max. 5.3G, Avg. 5.3G, Total 5.3G

Elapsed Time Report (s)           Min.        Max.        Avg.
==============================================================
Initialization                   0.121       0.305       0.299
  Mesh Preprocessing             0.234       0.418       0.240
Operator Construction            1.311       1.314       1.313
Linear Solve                     6.433       6.515       6.482
  Setup                          2.716       2.717       2.717
  Preconditioner                73.075      73.167      73.129
  Coarse Solve                   6.509       6.554       6.529
Eigenvalue Solve                 0.935       0.941       0.937
Div.-Free Projection             4.758       4.764       4.763
Estimation                       0.022       0.023       0.022
  Construction                   0.178       0.179       0.178
  Solve                          0.860       0.862       0.862
Postprocessing                   0.355       0.357       0.356
Disk IO                          0.451       0.452       0.452
--------------------------------------------------------------
Total                           99.416      99.436      99.424

Peak Memory                   Per-Node       Total   Total HWM
==============================================================
Initialization                   69.7M       69.7M       69.7M
  Mesh Preprocessing            103.9M      103.9M      173.6M
Operator Construction           682.6M      682.6M      856.2M
Linear Solve                      1.8M        1.8M      858.0M
  Setup                         460.8M      460.8M        1.3G
  Preconditioner                 11.8M       11.8M        1.3G
  Coarse Solve                    1.9G        1.9G        3.2G
Eigenvalue Solve                139.9M      139.9M        3.4G
Div.-Free Projection            198.2M      198.2M        3.6G
Estimation                      128.5M      128.5M        3.7G
  Construction                  198.9M      198.9M        3.9G
  Solve                         133.5M      133.5M        4.0G
Postprocessing                  354.3M      354.3M        4.3G
Disk IO                          46.8M       46.8M        4.4G
--------------------------------------------------------------
Total                             4.8G        4.8G        4.8G

