>> /opt/amip/envs/emsim/bin/mpirun -n 32 /opt/amip/palace/bin/palace-x86_64.bin h3-loopmat-01.bf186030_11x8_barrel_g2-0.5_pec.json

_____________     _______
_____   __   \____ __   /____ ____________
____   /_/  /  __ ` /  /  __ ` /  ___/  _ \
___   _____/  /_/  /  /  /_/  /  /__/  ___/
  /__/     \___,__/__/\___,__/\_____\_____/

Git changeset ID: v0.17.0-293-g3c83b9db0
Running with 32 MPI processes, 1 OpenMP thread
Device configuration: omp,cpu
Memory configuration: host-std
libCEED backend: /cpu/self/xsmm/blocked


[38;2;255;255;000m--> Warning![0m
One or more external boundary attributes has no associated boundary condition!
"PMC"/"ZeroCharge" condition is assumed!

Boundary attribute list: 92

Added 28 duplicate vertices for interior boundaries in the mesh
Added 42 duplicate boundary elements for interior boundaries in the mesh
Added 17307 boundary elements for material interfaces to the mesh

Characteristic length and time scales:
 Lc = 1.974e-01 m, tc = 6.585e-01 ns
Finished partitioning mesh into 32 subdomains

Mesh curvature order: 2
Mesh bounding box:
 (Xmin, Ymin, Zmin) = (-8.800e-02, -8.800e-02, -9.871e-02) m
 (Xmax, Ymax, Zmax) = (+8.800e-02, +8.800e-02, +9.871e-02) m

Parallel Mesh Stats:

                minimum     average     maximum       total
 vertices           308         456         685       14595
 edges             2532        2965        3588       94894
 faces             4610        4907        5279      157036
 elements          2328        2398        2469       76736
 neighbors            3           8          19

            minimum     maximum
 h      0.000688673    0.174426
 kappa      1.02098     57.4104

Estimated current per-rank memory usage is: Min. 32.4M, Max. 96.3M, Avg. 34.7M, Total 1.1G
Estimated current per-node memory usage is: Min. 1.1G, Max. 1.1G, Avg. 1.1G, Total 1.1G

Configuring Robin finite conductivity BC at attributes:
 90: σ = 3.500e+07 S/m, n = (+0.1,-0.6,-0.8)

Configuring Dirichlet PEC BC at attributes:
 91

Assembling system matrices, number of global unknowns:
 H1 (p = 2): 109489, ND (p = 2): 503860, RT (p = 2): 701316
 Operator assembly level: Partial
 Mesh geometries:
  Tetrahedron: P = 20, Q = 14 (quadrature order = 4)

Configuring SLEPc eigenvalue solver:
 Scaling γ = 3.152e+01, δ = 3.824e-07
 Configuring divergence-free projection
 Using random starting vector
 Shift-and-invert σ = 2.380e+00 GHz (9.847e+00)

Assembling multigrid hierarchy:
 Level 0 (p = 1): 94894 unknowns
 Level 1 (p = 2): 503860 unknowns
 Level 0 (auxiliary) (p = 1): 14595 unknowns
 Level 1 (auxiliary) (p = 2): 109489 unknowns

#PETSc Option Table entries:
-eps_monitor # (source: code)
#End of PETSc Option Table entries

  Residual norms for GMRES solve
  0 (restart 0) KSP residual norm 9.416603e-01
  1 (restart 0) KSP residual norm 5.535694e-01
  2 (restart 0) KSP residual norm 1.391131e-01
  3 (restart 0) KSP residual norm 4.545259e-02
  4 (restart 0) KSP residual norm 1.541069e-02
  5 (restart 0) KSP residual norm 5.441199e-03
  6 (restart 0) KSP residual norm 3.838764e-03
  7 (restart 0) KSP residual norm 1.951930e-03
  8 (restart 0) KSP residual norm 1.042550e-03
  9 (restart 0) KSP residual norm 6.629199e-04
 10 (restart 0) KSP residual norm 3.641666e-04
 11 (restart 0) KSP residual norm 2.608786e-04
 12 (restart 0) KSP residual norm 1.475210e-04
 13 (restart 0) KSP residual norm 9.899205e-05
 14 (restart 0) KSP residual norm 7.222292e-05
 15 (restart 0) KSP residual norm 5.121848e-05
 16 (restart 0) KSP residual norm 4.228776e-05
 17 (restart 0) KSP residual norm 3.209769e-05
 18 (restart 0) KSP residual norm 2.609747e-05
 19 (restart 0) KSP residual norm 2.125454e-05
 20 (restart 0) KSP residual norm 1.686516e-05
 21 (restart 0) KSP residual norm 1.319574e-05
 22 (restart 0) KSP residual norm 9.973727e-06
 23 (restart 0) KSP residual norm 7.730580e-06
 24 (restart 0) KSP residual norm 5.610390e-06
 25 (restart 0) KSP residual norm 4.242513e-06
 26 (restart 0) KSP residual norm 3.181238e-06
 27 (restart 0) KSP residual norm 2.367662e-06
 28 (restart 0) KSP residual norm 1.796866e-06
 29 (restart 0) KSP residual norm 1.334379e-06
 30 (restart 0) KSP residual norm 1.002128e-06
 31 (restart 0) KSP residual norm 7.571094e-07
 32 (restart 0) KSP residual norm 5.607183e-07
 33 (restart 0) KSP residual norm 4.089010e-07
 34 (restart 0) KSP residual norm 2.958026e-07
 35 (restart 0) KSP residual norm 2.185600e-07
 36 (restart 0) KSP residual norm 1.633505e-07
 37 (restart 0) KSP residual norm 1.249614e-07
 38 (restart 0) KSP residual norm 9.621571e-08
 39 (restart 0) KSP residual norm 7.413224e-08
 40 (restart 0) KSP residual norm 5.618106e-08
 41 (restart 0) KSP residual norm 4.247250e-08
 42 (restart 0) KSP residual norm 3.157477e-08
 43 (restart 0) KSP residual norm 2.324738e-08
 44 (restart 0) KSP residual norm 1.720910e-08
 45 (restart 0) KSP residual norm 1.295952e-08
 46 (restart 0) KSP residual norm 9.902978e-09
 47 (restart 0) KSP residual norm 7.491931e-09
GMRES solver converged in 47 iterations (avg. reduction factor: 6.725e-01)
  Residual norms for GMRES solve
  0 (restart 0) KSP residual norm 2.380432e+01
  1 (restart 0) KSP residual norm 1.901852e+01
  2 (restart 0) KSP residual norm 8.186468e+00
  3 (restart 0) KSP residual norm 1.494365e+00
  4 (restart 0) KSP residual norm 7.266142e-01
  5 (restart 0) KSP residual norm 1.800372e-01
  6 (restart 0) KSP residual norm 2.566083e-02
  7 (restart 0) KSP residual norm 8.399882e-03
  8 (restart 0) KSP residual norm 6.515734e-03
  9 (restart 0) KSP residual norm 2.486555e-03
 10 (restart 0) KSP residual norm 8.548361e-04
 11 (restart 0) KSP residual norm 4.036115e-04
 12 (restart 0) KSP residual norm 1.987538e-04
 13 (restart 0) KSP residual norm 9.954385e-05
 14 (restart 0) KSP residual norm 6.317495e-05
 15 (restart 0) KSP residual norm 4.380822e-05
 16 (restart 0) KSP residual norm 2.989289e-05
 17 (restart 0) KSP residual norm 2.166614e-05
 18 (restart 0) KSP residual norm 1.627660e-05
 19 (restart 0) KSP residual norm 1.240935e-05
 20 (restart 0) KSP residual norm 1.014906e-05
 21 (restart 0) KSP residual norm 8.095336e-06
 22 (restart 0) KSP residual norm 6.056934e-06
 23 (restart 0) KSP residual norm 4.448697e-06
 24 (restart 0) KSP residual norm 3.275311e-06
 25 (restart 0) KSP residual norm 2.431059e-06
 26 (restart 0) KSP residual norm 1.742575e-06
 27 (restart 0) KSP residual norm 1.279520e-06
 28 (restart 0) KSP residual norm 9.804684e-07
 29 (restart 0) KSP residual norm 7.180311e-07
 30 (restart 0) KSP residual norm 5.211979e-07
 31 (restart 0) KSP residual norm 3.874260e-07
 32 (restart 0) KSP residual norm 2.899815e-07
 33 (restart 0) KSP residual norm 2.204689e-07
GMRES solver converged in 33 iterations (avg. reduction factor: 5.709e-01)
  Residual norms for GMRES solve
  0 (restart 0) KSP residual norm 3.619511e+01
  1 (restart 0) KSP residual norm 2.791744e+01
  2 (restart 0) KSP residual norm 9.911820e+00
  3 (restart 0) KSP residual norm 1.983492e+00
  4 (restart 0) KSP residual norm 8.810252e-01
  5 (restart 0) KSP residual norm 1.749569e-01
  6 (restart 0) KSP residual norm 2.738114e-02
  7 (restart 0) KSP residual norm 1.273436e-02
  8 (restart 0) KSP residual norm 9.258989e-03
  9 (restart 0) KSP residual norm 3.304345e-03
 10 (restart 0) KSP residual norm 1.207154e-03
 11 (restart 0) KSP residual norm 5.553338e-04
 12 (restart 0) KSP residual norm 2.665134e-04
 13 (restart 0) KSP residual norm 1.306035e-04
 14 (restart 0) KSP residual norm 7.692854e-05
 15 (restart 0) KSP residual norm 4.983006e-05
 16 (restart 0) KSP residual norm 3.142623e-05
 17 (restart 0) KSP residual norm 2.028824e-05
 18 (restart 0) KSP residual norm 1.389923e-05
 19 (restart 0) KSP residual norm 9.562681e-06
 20 (restart 0) KSP residual norm 7.319072e-06
 21 (restart 0) KSP residual norm 6.072612e-06
 22 (restart 0) KSP residual norm 4.871178e-06
 23 (restart 0) KSP residual norm 3.577011e-06
 24 (restart 0) KSP residual norm 2.649890e-06
 25 (restart 0) KSP residual norm 1.958314e-06
 26 (restart 0) KSP residual norm 1.442484e-06
 27 (restart 0) KSP residual norm 1.030382e-06
 28 (restart 0) KSP residual norm 7.444159e-07
 29 (restart 0) KSP residual norm 5.208602e-07
 30 (restart 0) KSP residual norm 3.635093e-07
 31 (restart 0) KSP residual norm 2.488237e-07
GMRES solver converged in 31 iterations (avg. reduction factor: 5.454e-01)
  Residual norms for GMRES solve
  0 (restart 0) KSP residual norm 1.740513e+02
  1 (restart 0) KSP residual norm 4.057157e+00
  2 (restart 0) KSP residual norm 1.700864e+00
  3 (restart 0) KSP residual norm 8.558857e-01
  4 (restart 0) KSP residual norm 2.038057e-01
  5 (restart 0) KSP residual norm 6.638062e-02
  6 (restart 0) KSP residual norm 2.613493e-02
  7 (restart 0) KSP residual norm 9.518838e-03
  8 (restart 0) KSP residual norm 2.721971e-03
  9 (restart 0) KSP residual norm 1.223254e-03
 10 (restart 0) KSP residual norm 4.871978e-04
 11 (restart 0) KSP residual norm 1.947452e-04
 12 (restart 0) KSP residual norm 1.313715e-04
 13 (restart 0) KSP residual norm 7.814703e-05
 14 (restart 0) KSP residual norm 4.575713e-05
 15 (restart 0) KSP residual norm 3.399800e-05
 16 (restart 0) KSP residual norm 2.215158e-05
 17 (restart 0) KSP residual norm 1.396771e-05
 18 (restart 0) KSP residual norm 9.551552e-06
 19 (restart 0) KSP residual norm 6.825292e-06
 20 (restart 0) KSP residual norm 5.105964e-06
 21 (restart 0) KSP residual norm 3.791368e-06
 22 (restart 0) KSP residual norm 2.943183e-06
 23 (restart 0) KSP residual norm 2.216428e-06
 24 (restart 0) KSP residual norm 1.706310e-06
GMRES solver converged in 24 iterations (avg. reduction factor: 4.638e-01)
  Residual norms for GMRES solve
  0 (restart 0) KSP residual norm 7.929442e+01
  1 (restart 0) KSP residual norm 9.193528e+00
  2 (restart 0) KSP residual norm 5.238679e+00
  3 (restart 0) KSP residual norm 1.236072e+00
  4 (restart 0) KSP residual norm 3.819420e-01
  5 (restart 0) KSP residual norm 1.889903e-01
  6 (restart 0) KSP residual norm 4.233958e-02
  7 (restart 0) KSP residual norm 1.103512e-02
  8 (restart 0) KSP residual norm 3.345707e-03
  9 (restart 0) KSP residual norm 2.334770e-03
 10 (restart 0) KSP residual norm 9.934783e-04
 11 (restart 0) KSP residual norm 3.008742e-04
 12 (restart 0) KSP residual norm 1.592804e-04
 13 (restart 0) KSP residual norm 8.988338e-05
 14 (restart 0) KSP residual norm 4.966872e-05
 15 (restart 0) KSP residual norm 3.079392e-05
 16 (restart 0) KSP residual norm 2.104757e-05
 17 (restart 0) KSP residual norm 1.406209e-05
 18 (restart 0) KSP residual norm 9.629704e-06
 19 (restart 0) KSP residual norm 7.049702e-06
 20 (restart 0) KSP residual norm 5.355489e-06
 21 (restart 0) KSP residual norm 4.248592e-06
 22 (restart 0) KSP residual norm 3.330523e-06
 23 (restart 0) KSP residual norm 2.549975e-06
 24 (restart 0) KSP residual norm 1.910794e-06
 25 (restart 0) KSP residual norm 1.425983e-06
 26 (restart 0) KSP residual norm 1.059000e-06
 27 (restart 0) KSP residual norm 7.790663e-07
GMRES solver converged in 27 iterations (avg. reduction factor: 5.051e-01)
  Residual norms for GMRES solve
  0 (restart 0) KSP residual norm 3.741416e+01
  1 (restart 0) KSP residual norm 3.396767e+01
  2 (restart 0) KSP residual norm 1.226343e+01
  3 (restart 0) KSP residual norm 2.295884e+00
  4 (restart 0) KSP residual norm 1.079045e+00
  5 (restart 0) KSP residual norm 2.910703e-01
  6 (restart 0) KSP residual norm 5.099824e-02
  7 (restart 0) KSP residual norm 1.295478e-02
  8 (restart 0) KSP residual norm 8.811375e-03
  9 (restart 0) KSP residual norm 4.504640e-03
 10 (restart 0) KSP residual norm 1.524637e-03
 11 (restart 0) KSP residual norm 7.259820e-04
 12 (restart 0) KSP residual norm 3.827981e-04
 13 (restart 0) KSP residual norm 1.855146e-04
 14 (restart 0) KSP residual norm 1.027759e-04
 15 (restart 0) KSP residual norm 6.548616e-05
 16 (restart 0) KSP residual norm 3.980781e-05
 17 (restart 0) KSP residual norm 2.495373e-05
 18 (restart 0) KSP residual norm 1.539025e-05
 19 (restart 0) KSP residual norm 9.693760e-06
 20 (restart 0) KSP residual norm 7.100745e-06
 21 (restart 0) KSP residual norm 5.828746e-06
 22 (restart 0) KSP residual norm 4.811383e-06
 23 (restart 0) KSP residual norm 3.397450e-06
 24 (restart 0) KSP residual norm 2.280124e-06
 25 (restart 0) KSP residual norm 1.461856e-06
 26 (restart 0) KSP residual norm 9.337092e-07
 27 (restart 0) KSP residual norm 6.672927e-07
 28 (restart 0) KSP residual norm 4.879677e-07
 29 (restart 0) KSP residual norm 3.555906e-07
GMRES solver converged in 29 iterations (avg. reduction factor: 5.289e-01)
  Residual norms for GMRES solve
  0 (restart 0) KSP residual norm 1.774291e+01
  1 (restart 0) KSP residual norm 1.220334e+01
  2 (restart 0) KSP residual norm 7.855101e+00
  3 (restart 0) KSP residual norm 1.745888e+00
  4 (restart 0) KSP residual norm 4.845221e-01
  5 (restart 0) KSP residual norm 2.272550e-01
  6 (restart 0) KSP residual norm 5.543917e-02
  7 (restart 0) KSP residual norm 9.243087e-03
  8 (restart 0) KSP residual norm 3.329150e-03
  9 (restart 0) KSP residual norm 2.910517e-03
 10 (restart 0) KSP residual norm 9.632338e-04
 11 (restart 0) KSP residual norm 3.136536e-04
 12 (restart 0) KSP residual norm 1.637280e-04
 13 (restart 0) KSP residual norm 9.179819e-05
 14 (restart 0) KSP residual norm 4.522158e-05
 15 (restart 0) KSP residual norm 2.588307e-05
 16 (restart 0) KSP residual norm 1.689472e-05
 17 (restart 0) KSP residual norm 1.086144e-05
 18 (restart 0) KSP residual norm 7.207334e-06
 19 (restart 0) KSP residual norm 4.963228e-06
 20 (restart 0) KSP residual norm 3.605828e-06
 21 (restart 0) KSP residual norm 2.920933e-06
 22 (restart 0) KSP residual norm 2.369129e-06
 23 (restart 0) KSP residual norm 1.799139e-06
 24 (restart 0) KSP residual norm 1.305934e-06
 25 (restart 0) KSP residual norm 9.533513e-07
 26 (restart 0) KSP residual norm 6.782790e-07
 27 (restart 0) KSP residual norm 4.914807e-07
 28 (restart 0) KSP residual norm 3.661746e-07
 29 (restart 0) KSP residual norm 2.762686e-07
 30 (restart 0) KSP residual norm 2.050479e-07
 31 (restart 0) KSP residual norm 1.540340e-07
GMRES solver converged in 31 iterations (avg. reduction factor: 5.495e-01)
  Residual norms for GMRES solve
  0 (restart 0) KSP residual norm 7.843115e+00
  1 (restart 0) KSP residual norm 4.993349e+00
  2 (restart 0) KSP residual norm 1.002579e+00
  3 (restart 0) KSP residual norm 5.934768e-01
  4 (restart 0) KSP residual norm 1.553702e-01
  5 (restart 0) KSP residual norm 5.611757e-02
  6 (restart 0) KSP residual norm 2.739754e-02
  7 (restart 0) KSP residual norm 7.810841e-03
  8 (restart 0) KSP residual norm 1.509956e-03
  9 (restart 0) KSP residual norm 6.657552e-04
 10 (restart 0) KSP residual norm 2.610750e-04
 11 (restart 0) KSP residual norm 9.716265e-05
 12 (restart 0) KSP residual norm 5.557872e-05
 13 (restart 0) KSP residual norm 4.100856e-05
 14 (restart 0) KSP residual norm 2.579448e-05
 15 (restart 0) KSP residual norm 1.923860e-05
 16 (restart 0) KSP residual norm 1.388059e-05
 17 (restart 0) KSP residual norm 9.841872e-06
 18 (restart 0) KSP residual norm 7.833903e-06
 19 (restart 0) KSP residual norm 6.109592e-06
 20 (restart 0) KSP residual norm 4.758044e-06
 21 (restart 0) KSP residual norm 3.842550e-06
 22 (restart 0) KSP residual norm 2.970980e-06
 23 (restart 0) KSP residual norm 2.238474e-06
 24 (restart 0) KSP residual norm 1.661509e-06
 25 (restart 0) KSP residual norm 1.210938e-06
 26 (restart 0) KSP residual norm 8.728945e-07
 27 (restart 0) KSP residual norm 6.320967e-07
 28 (restart 0) KSP residual norm 4.573065e-07
 29 (restart 0) KSP residual norm 3.297518e-07
 30 (restart 0) KSP residual norm 2.383458e-07
 31 (restart 0) KSP residual norm 1.694634e-07
 32 (restart 0) KSP residual norm 1.212850e-07
 33 (restart 0) KSP residual norm 8.924372e-08
 34 (restart 0) KSP residual norm 6.659416e-08
GMRES solver converged in 34 iterations (avg. reduction factor: 5.789e-01)
  Residual norms for GMRES solve
  0 (restart 0) KSP residual norm 6.618630e+00
  1 (restart 0) KSP residual norm 4.639356e+00
  2 (restart 0) KSP residual norm 1.101581e+00
  3 (restart 0) KSP residual norm 7.010067e-01
  4 (restart 0) KSP residual norm 1.262723e-01
  5 (restart 0) KSP residual norm 3.985471e-02
  6 (restart 0) KSP residual norm 2.034240e-02
  7 (restart 0) KSP residual norm 5.213348e-03
  8 (restart 0) KSP residual norm 1.162594e-03
  9 (restart 0) KSP residual norm 7.010224e-04
 10 (restart 0) KSP residual norm 3.460694e-04
 11 (restart 0) KSP residual norm 1.308605e-04
 12 (restart 0) KSP residual norm 1.032471e-04
 13 (restart 0) KSP residual norm 6.828201e-05
 14 (restart 0) KSP residual norm 4.417941e-05
 15 (restart 0) KSP residual norm 3.439577e-05
 16 (restart 0) KSP residual norm 2.474769e-05
 17 (restart 0) KSP residual norm 1.903949e-05
 18 (restart 0) KSP residual norm 1.495589e-05
 19 (restart 0) KSP residual norm 1.170723e-05
 20 (restart 0) KSP residual norm 9.352436e-06
 21 (restart 0) KSP residual norm 7.378664e-06
 22 (restart 0) KSP residual norm 5.613374e-06
 23 (restart 0) KSP residual norm 4.235404e-06
 24 (restart 0) KSP residual norm 3.084561e-06
 25 (restart 0) KSP residual norm 2.177243e-06
 26 (restart 0) KSP residual norm 1.584748e-06
 27 (restart 0) KSP residual norm 1.157076e-06
 28 (restart 0) KSP residual norm 8.355718e-07
 29 (restart 0) KSP residual norm 6.080766e-07
 30 (restart 0) KSP residual norm 4.365286e-07
 31 (restart 0) KSP residual norm 3.193288e-07
 32 (restart 0) KSP residual norm 2.371716e-07
 33 (restart 0) KSP residual norm 1.745626e-07
 34 (restart 0) KSP residual norm 1.295706e-07
 35 (restart 0) KSP residual norm 9.681014e-08
 36 (restart 0) KSP residual norm 7.173633e-08
 37 (restart 0) KSP residual norm 5.263347e-08
GMRES solver converged in 37 iterations (avg. reduction factor: 6.041e-01)
  Residual norms for GMRES solve
  0 (restart 0) KSP residual norm 8.211081e+00
  1 (restart 0) KSP residual norm 5.638230e+00
  2 (restart 0) KSP residual norm 8.322805e-01
  3 (restart 0) KSP residual norm 3.678072e-01
  4 (restart 0) KSP residual norm 1.239190e-01
  5 (restart 0) KSP residual norm 4.543337e-02
  6 (restart 0) KSP residual norm 2.321840e-02
  7 (restart 0) KSP residual norm 6.846783e-03
  8 (restart 0) KSP residual norm 1.732723e-03
  9 (restart 0) KSP residual norm 5.915279e-04
 10 (restart 0) KSP residual norm 2.518800e-04
 11 (restart 0) KSP residual norm 1.109250e-04
 12 (restart 0) KSP residual norm 5.896125e-05
 13 (restart 0) KSP residual norm 3.805301e-05
 14 (restart 0) KSP residual norm 2.139642e-05
 15 (restart 0) KSP residual norm 1.438652e-05
 16 (restart 0) KSP residual norm 1.076715e-05
 17 (restart 0) KSP residual norm 7.189063e-06
 18 (restart 0) KSP residual norm 5.291262e-06
 19 (restart 0) KSP residual norm 4.093996e-06
 20 (restart 0) KSP residual norm 3.246260e-06
 21 (restart 0) KSP residual norm 2.604793e-06
 22 (restart 0) KSP residual norm 2.091194e-06
 23 (restart 0) KSP residual norm 1.607780e-06
 24 (restart 0) KSP residual norm 1.191409e-06
 25 (restart 0) KSP residual norm 8.717783e-07
 26 (restart 0) KSP residual norm 6.319792e-07
 27 (restart 0) KSP residual norm 4.569298e-07
 28 (restart 0) KSP residual norm 3.271714e-07
 29 (restart 0) KSP residual norm 2.352464e-07
 30 (restart 0) KSP residual norm 1.688431e-07
 31 (restart 0) KSP residual norm 1.186089e-07
 32 (restart 0) KSP residual norm 8.246830e-08
 33 (restart 0) KSP residual norm 5.946332e-08
GMRES solver converged in 33 iterations (avg. reduction factor: 5.667e-01)
  Residual norms for GMRES solve
  0 (restart 0) KSP residual norm 7.201414e+00
  1 (restart 0) KSP residual norm 5.077804e+00
  2 (restart 0) KSP residual norm 6.865833e-01
  3 (restart 0) KSP residual norm 2.899963e-01
  4 (restart 0) KSP residual norm 1.198813e-01
  5 (restart 0) KSP residual norm 2.200909e-02
  6 (restart 0) KSP residual norm 1.004542e-02
  7 (restart 0) KSP residual norm 6.668042e-03
  8 (restart 0) KSP residual norm 1.914769e-03
  9 (restart 0) KSP residual norm 7.712674e-04
 10 (restart 0) KSP residual norm 3.206244e-04
 11 (restart 0) KSP residual norm 1.410583e-04
 12 (restart 0) KSP residual norm 9.885324e-05
 13 (restart 0) KSP residual norm 6.835012e-05
 14 (restart 0) KSP residual norm 4.346024e-05
 15 (restart 0) KSP residual norm 3.522606e-05
 16 (restart 0) KSP residual norm 2.527468e-05
 17 (restart 0) KSP residual norm 1.946057e-05
 18 (restart 0) KSP residual norm 1.607599e-05
 19 (restart 0) KSP residual norm 1.246990e-05
 20 (restart 0) KSP residual norm 9.861550e-06
 21 (restart 0) KSP residual norm 7.795422e-06
 22 (restart 0) KSP residual norm 6.106055e-06
 23 (restart 0) KSP residual norm 4.534545e-06
 24 (restart 0) KSP residual norm 3.347525e-06
 25 (restart 0) KSP residual norm 2.430104e-06
 26 (restart 0) KSP residual norm 1.738223e-06
 27 (restart 0) KSP residual norm 1.238995e-06
 28 (restart 0) KSP residual norm 8.870981e-07
 29 (restart 0) KSP residual norm 6.295596e-07
 30 (restart 0) KSP residual norm 4.479727e-07
 31 (restart 0) KSP residual norm 3.288193e-07
 32 (restart 0) KSP residual norm 2.434515e-07
 33 (restart 0) KSP residual norm 1.809439e-07
 34 (restart 0) KSP residual norm 1.348473e-07
 35 (restart 0) KSP residual norm 1.008386e-07
 36 (restart 0) KSP residual norm 7.575366e-08
 37 (restart 0) KSP residual norm 5.673651e-08
GMRES solver converged in 37 iterations (avg. reduction factor: 6.039e-01)
  Residual norms for GMRES solve
  0 (restart 0) KSP residual norm 8.167974e+00
  1 (restart 0) KSP residual norm 5.473311e+00
  2 (restart 0) KSP residual norm 1.234364e+00
  3 (restart 0) KSP residual norm 6.552969e-01
  4 (restart 0) KSP residual norm 1.606885e-01
  5 (restart 0) KSP residual norm 6.262210e-02
  6 (restart 0) KSP residual norm 2.854173e-02
  7 (restart 0) KSP residual norm 1.007710e-02
  8 (restart 0) KSP residual norm 2.308215e-03
  9 (restart 0) KSP residual norm 9.984849e-04
 10 (restart 0) KSP residual norm 3.687952e-04
 11 (restart 0) KSP residual norm 1.349379e-04
 12 (restart 0) KSP residual norm 7.968965e-05
 13 (restart 0) KSP residual norm 5.296353e-05
 14 (restart 0) KSP residual norm 2.988830e-05
 15 (restart 0) KSP residual norm 1.983908e-05
 16 (restart 0) KSP residual norm 1.247104e-05
 17 (restart 0) KSP residual norm 7.997812e-06
 18 (restart 0) KSP residual norm 5.600375e-06
 19 (restart 0) KSP residual norm 4.188520e-06
 20 (restart 0) KSP residual norm 3.290591e-06
 21 (restart 0) KSP residual norm 2.548017e-06
 22 (restart 0) KSP residual norm 2.013900e-06
 23 (restart 0) KSP residual norm 1.581659e-06
 24 (restart 0) KSP residual norm 1.155370e-06
 25 (restart 0) KSP residual norm 8.539772e-07
 26 (restart 0) KSP residual norm 6.318062e-07
 27 (restart 0) KSP residual norm 4.580584e-07
 28 (restart 0) KSP residual norm 3.412814e-07
 29 (restart 0) KSP residual norm 2.429832e-07
 30 (restart 0) KSP residual norm 1.758085e-07
 31 (restart 0) KSP residual norm 1.286302e-07
 32 (restart 0) KSP residual norm 9.596435e-08
 33 (restart 0) KSP residual norm 7.048030e-08
GMRES solver converged in 33 iterations (avg. reduction factor: 5.697e-01)
  Residual norms for GMRES solve
  0 (restart 0) KSP residual norm 6.905297e+00
  1 (restart 0) KSP residual norm 2.172547e+00
  2 (restart 0) KSP residual norm 8.885891e-01
  3 (restart 0) KSP residual norm 4.252100e-01
  4 (restart 0) KSP residual norm 1.305617e-01
  5 (restart 0) KSP residual norm 5.722110e-02
  6 (restart 0) KSP residual norm 2.208103e-02
  7 (restart 0) KSP residual norm 7.192536e-03
  8 (restart 0) KSP residual norm 1.750910e-03
  9 (restart 0) KSP residual norm 6.812449e-04
 10 (restart 0) KSP residual norm 2.859841e-04
 11 (restart 0) KSP residual norm 1.479671e-04
 12 (restart 0) KSP residual norm 9.785886e-05
 13 (restart 0) KSP residual norm 6.942744e-05
 14 (restart 0) KSP residual norm 4.543951e-05
 15 (restart 0) KSP residual norm 3.487478e-05
 16 (restart 0) KSP residual norm 2.612584e-05
 17 (restart 0) KSP residual norm 1.961414e-05
 18 (restart 0) KSP residual norm 1.560185e-05
 19 (restart 0) KSP residual norm 1.250621e-05
 20 (restart 0) KSP residual norm 9.845031e-06
 21 (restart 0) KSP residual norm 7.866616e-06
 22 (restart 0) KSP residual norm 6.021600e-06
 23 (restart 0) KSP residual norm 4.482736e-06
 24 (restart 0) KSP residual norm 3.334893e-06
 25 (restart 0) KSP residual norm 2.431777e-06
 26 (restart 0) KSP residual norm 1.760513e-06
 27 (restart 0) KSP residual norm 1.257144e-06
 28 (restart 0) KSP residual norm 9.053952e-07
 29 (restart 0) KSP residual norm 6.523161e-07
 30 (restart 0) KSP residual norm 4.602299e-07
 31 (restart 0) KSP residual norm 3.298185e-07
 32 (restart 0) KSP residual norm 2.396354e-07
 33 (restart 0) KSP residual norm 1.763553e-07
 34 (restart 0) KSP residual norm 1.316541e-07
 35 (restart 0) KSP residual norm 9.943037e-08
 36 (restart 0) KSP residual norm 7.375081e-08
 37 (restart 0) KSP residual norm 5.416342e-08
GMRES solver converged in 37 iterations (avg. reduction factor: 6.039e-01)
  Residual norms for GMRES solve
  0 (restart 0) KSP residual norm 6.323550e+00
  1 (restart 0) KSP residual norm 4.481460e+00
  2 (restart 0) KSP residual norm 1.837406e+00
  3 (restart 0) KSP residual norm 9.367350e-01
  4 (restart 0) KSP residual norm 1.609410e-01
  5 (restart 0) KSP residual norm 5.447871e-02
  6 (restart 0) KSP residual norm 1.625509e-02
  7 (restart 0) KSP residual norm 5.220997e-03
  8 (restart 0) KSP residual norm 1.872448e-03
  9 (restart 0) KSP residual norm 8.245210e-04
 10 (restart 0) KSP residual norm 2.466981e-04
 11 (restart 0) KSP residual norm 1.056435e-04
 12 (restart 0) KSP residual norm 7.872842e-05
 13 (restart 0) KSP residual norm 4.095884e-05
 14 (restart 0) KSP residual norm 3.014630e-05
 15 (restart 0) KSP residual norm 2.193826e-05
 16 (restart 0) KSP residual norm 1.470832e-05
 17 (restart 0) KSP residual norm 1.088268e-05
 18 (restart 0) KSP residual norm 8.384811e-06
 19 (restart 0) KSP residual norm 6.440074e-06
 20 (restart 0) KSP residual norm 4.936429e-06
 21 (restart 0) KSP residual norm 3.881490e-06
 22 (restart 0) KSP residual norm 3.065720e-06
 23 (restart 0) KSP residual norm 2.361559e-06
 24 (restart 0) KSP residual norm 1.793045e-06
 25 (restart 0) KSP residual norm 1.331520e-06
 26 (restart 0) KSP residual norm 9.629721e-07
 27 (restart 0) KSP residual norm 6.853456e-07
 28 (restart 0) KSP residual norm 4.970997e-07
 29 (restart 0) KSP residual norm 3.483903e-07
 30 (restart 0) KSP residual norm 2.411343e-07
 31 (restart 0) KSP residual norm 1.715795e-07
 32 (restart 0) KSP residual norm 1.226149e-07
 33 (restart 0) KSP residual norm 8.783905e-08
 34 (restart 0) KSP residual norm 6.446463e-08
 35 (restart 0) KSP residual norm 4.779402e-08
GMRES solver converged in 35 iterations (avg. reduction factor: 5.861e-01)
  Residual norms for GMRES solve
  0 (restart 0) KSP residual norm 6.302686e+00
  1 (restart 0) KSP residual norm 4.188456e+00
  2 (restart 0) KSP residual norm 1.444322e+00
  3 (restart 0) KSP residual norm 6.234772e-01
  4 (restart 0) KSP residual norm 9.177060e-02
  5 (restart 0) KSP residual norm 3.684009e-02
  6 (restart 0) KSP residual norm 1.879721e-02
  7 (restart 0) KSP residual norm 6.790581e-03
  8 (restart 0) KSP residual norm 1.906531e-03
  9 (restart 0) KSP residual norm 1.014411e-03
 10 (restart 0) KSP residual norm 4.587927e-04
 11 (restart 0) KSP residual norm 1.293918e-04
 12 (restart 0) KSP residual norm 6.778054e-05
 13 (restart 0) KSP residual norm 5.118504e-05
 14 (restart 0) KSP residual norm 2.345377e-05
 15 (restart 0) KSP residual norm 1.580332e-05
 16 (restart 0) KSP residual norm 1.137032e-05
 17 (restart 0) KSP residual norm 7.134727e-06
 18 (restart 0) KSP residual norm 5.260535e-06
 19 (restart 0) KSP residual norm 4.001790e-06
 20 (restart 0) KSP residual norm 3.159955e-06
 21 (restart 0) KSP residual norm 2.479765e-06
 22 (restart 0) KSP residual norm 1.916751e-06
 23 (restart 0) KSP residual norm 1.498063e-06
 24 (restart 0) KSP residual norm 1.135623e-06
 25 (restart 0) KSP residual norm 8.283374e-07
 26 (restart 0) KSP residual norm 6.191464e-07
 27 (restart 0) KSP residual norm 4.530048e-07
 28 (restart 0) KSP residual norm 3.210634e-07
 29 (restart 0) KSP residual norm 2.260472e-07
 30 (restart 0) KSP residual norm 1.572248e-07
 31 (restart 0) KSP residual norm 1.080021e-07
 32 (restart 0) KSP residual norm 7.526974e-08
 33 (restart 0) KSP residual norm 5.209357e-08
GMRES solver converged in 33 iterations (avg. reduction factor: 5.689e-01)
  Residual norms for GMRES solve
  0 (restart 0) KSP residual norm 7.715690e+00
  1 (restart 0) KSP residual norm 5.572824e+00
  2 (restart 0) KSP residual norm 1.946572e+00
  3 (restart 0) KSP residual norm 8.949470e-01
  4 (restart 0) KSP residual norm 1.450510e-01
  5 (restart 0) KSP residual norm 7.312227e-02
  6 (restart 0) KSP residual norm 3.361369e-02
  7 (restart 0) KSP residual norm 8.090041e-03
  8 (restart 0) KSP residual norm 1.827349e-03
  9 (restart 0) KSP residual norm 1.140852e-03
 10 (restart 0) KSP residual norm 4.798993e-04
 11 (restart 0) KSP residual norm 1.656299e-04
 12 (restart 0) KSP residual norm 9.006419e-05
 13 (restart 0) KSP residual norm 6.529687e-05
 14 (restart 0) KSP residual norm 3.798616e-05
 15 (restart 0) KSP residual norm 2.732660e-05
 16 (restart 0) KSP residual norm 1.959582e-05
 17 (restart 0) KSP residual norm 1.319240e-05
 18 (restart 0) KSP residual norm 1.014961e-05
 19 (restart 0) KSP residual norm 7.868385e-06
 20 (restart 0) KSP residual norm 6.273468e-06
 21 (restart 0) KSP residual norm 4.963054e-06
 22 (restart 0) KSP residual norm 3.842262e-06
 23 (restart 0) KSP residual norm 2.920061e-06
 24 (restart 0) KSP residual norm 2.161332e-06
 25 (restart 0) KSP residual norm 1.564712e-06
 26 (restart 0) KSP residual norm 1.150745e-06
 27 (restart 0) KSP residual norm 8.297797e-07
 28 (restart 0) KSP residual norm 5.976959e-07
 29 (restart 0) KSP residual norm 4.265843e-07
 30 (restart 0) KSP residual norm 2.960537e-07
 31 (restart 0) KSP residual norm 2.081068e-07
 32 (restart 0) KSP residual norm 1.491311e-07
 33 (restart 0) KSP residual norm 1.088013e-07
 34 (restart 0) KSP residual norm 8.160536e-08
 35 (restart 0) KSP residual norm 6.054111e-08
GMRES solver converged in 35 iterations (avg. reduction factor: 5.867e-01)
  Residual norms for GMRES solve
  0 (restart 0) KSP residual norm 7.163955e+00
  1 (restart 0) KSP residual norm 5.039393e+00
  2 (restart 0) KSP residual norm 7.456960e-01
  3 (restart 0) KSP residual norm 4.446713e-01
  4 (restart 0) KSP residual norm 1.027116e-01
  5 (restart 0) KSP residual norm 2.700933e-02
  6 (restart 0) KSP residual norm 1.612779e-02
  7 (restart 0) KSP residual norm 7.975456e-03
  8 (restart 0) KSP residual norm 2.045823e-03
  9 (restart 0) KSP residual norm 8.581477e-04
 10 (restart 0) KSP residual norm 3.078826e-04
 11 (restart 0) KSP residual norm 1.007400e-04
 12 (restart 0) KSP residual norm 5.914873e-05
 13 (restart 0) KSP residual norm 4.226180e-05
 14 (restart 0) KSP residual norm 2.219522e-05
 15 (restart 0) KSP residual norm 1.659655e-05
 16 (restart 0) KSP residual norm 1.210526e-05
 17 (restart 0) KSP residual norm 8.190690e-06
 18 (restart 0) KSP residual norm 6.304299e-06
 19 (restart 0) KSP residual norm 4.655902e-06
 20 (restart 0) KSP residual norm 3.660614e-06
 21 (restart 0) KSP residual norm 2.872042e-06
 22 (restart 0) KSP residual norm 2.204484e-06
 23 (restart 0) KSP residual norm 1.758584e-06
 24 (restart 0) KSP residual norm 1.319813e-06
 25 (restart 0) KSP residual norm 9.623223e-07
 26 (restart 0) KSP residual norm 7.162409e-07
 27 (restart 0) KSP residual norm 5.149032e-07
 28 (restart 0) KSP residual norm 3.697255e-07
 29 (restart 0) KSP residual norm 2.665617e-07
 30 (restart 0) KSP residual norm 1.888854e-07
 31 (restart 0) KSP residual norm 1.331602e-07
 32 (restart 0) KSP residual norm 9.577441e-08
 33 (restart 0) KSP residual norm 6.708603e-08
GMRES solver converged in 33 iterations (avg. reduction factor: 5.711e-01)
  Residual norms for GMRES solve
  0 (restart 0) KSP residual norm 1.050483e+01
  1 (restart 0) KSP residual norm 7.345017e+00
  2 (restart 0) KSP residual norm 2.124368e+00
  3 (restart 0) KSP residual norm 7.520668e-01
  4 (restart 0) KSP residual norm 1.355437e-01
  5 (restart 0) KSP residual norm 7.270934e-02
  6 (restart 0) KSP residual norm 3.696667e-02
  7 (restart 0) KSP residual norm 9.289791e-03
  8 (restart 0) KSP residual norm 2.645524e-03
  9 (restart 0) KSP residual norm 1.552397e-03
 10 (restart 0) KSP residual norm 5.189281e-04
 11 (restart 0) KSP residual norm 1.544723e-04
 12 (restart 0) KSP residual norm 9.860934e-05
 13 (restart 0) KSP residual norm 7.060717e-05
 14 (restart 0) KSP residual norm 4.162855e-05
 15 (restart 0) KSP residual norm 3.004331e-05
 16 (restart 0) KSP residual norm 2.049025e-05
 17 (restart 0) KSP residual norm 1.482490e-05
 18 (restart 0) KSP residual norm 1.135245e-05
 19 (restart 0) KSP residual norm 8.745794e-06
 20 (restart 0) KSP residual norm 6.812890e-06
 21 (restart 0) KSP residual norm 5.337848e-06
 22 (restart 0) KSP residual norm 4.288452e-06
 23 (restart 0) KSP residual norm 3.239595e-06
 24 (restart 0) KSP residual norm 2.418699e-06
 25 (restart 0) KSP residual norm 1.776489e-06
 26 (restart 0) KSP residual norm 1.310642e-06
 27 (restart 0) KSP residual norm 9.588197e-07
 28 (restart 0) KSP residual norm 6.907580e-07
 29 (restart 0) KSP residual norm 5.056512e-07
 30 (restart 0) KSP residual norm 3.533096e-07
 31 (restart 0) KSP residual norm 2.486325e-07
 32 (restart 0) KSP residual norm 1.831205e-07
 33 (restart 0) KSP residual norm 1.284605e-07
 34 (restart 0) KSP residual norm 9.403314e-08
GMRES solver converged in 34 iterations (avg. reduction factor: 5.798e-01)
  Residual norms for GMRES solve
  0 (restart 0) KSP residual norm 8.733933e+00
  1 (restart 0) KSP residual norm 6.572354e+00
  2 (restart 0) KSP residual norm 3.259238e+00
  3 (restart 0) KSP residual norm 8.715528e-01
  4 (restart 0) KSP residual norm 1.838503e-01
  5 (restart 0) KSP residual norm 9.666053e-02
  6 (restart 0) KSP residual norm 3.395277e-02
  7 (restart 0) KSP residual norm 9.275685e-03
  8 (restart 0) KSP residual norm 2.848470e-03
  9 (restart 0) KSP residual norm 2.173827e-03
 10 (restart 0) KSP residual norm 7.266175e-04
 11 (restart 0) KSP residual norm 1.903448e-04
 12 (restart 0) KSP residual norm 1.047461e-04
 13 (restart 0) KSP residual norm 6.664829e-05
 14 (restart 0) KSP residual norm 3.819453e-05
 15 (restart 0) KSP residual norm 2.379819e-05
 16 (restart 0) KSP residual norm 1.565078e-05
 17 (restart 0) KSP residual norm 1.057141e-05
 18 (restart 0) KSP residual norm 7.434452e-06
 19 (restart 0) KSP residual norm 5.589256e-06
 20 (restart 0) KSP residual norm 4.440604e-06
 21 (restart 0) KSP residual norm 3.415424e-06
 22 (restart 0) KSP residual norm 2.614599e-06
 23 (restart 0) KSP residual norm 2.038258e-06
 24 (restart 0) KSP residual norm 1.508058e-06
 25 (restart 0) KSP residual norm 1.134878e-06
 26 (restart 0) KSP residual norm 8.618832e-07
 27 (restart 0) KSP residual norm 6.274240e-07
 28 (restart 0) KSP residual norm 4.636458e-07
 29 (restart 0) KSP residual norm 3.384524e-07
 30 (restart 0) KSP residual norm 2.380845e-07
 31 (restart 0) KSP residual norm 1.698217e-07
 32 (restart 0) KSP residual norm 1.246677e-07
 33 (restart 0) KSP residual norm 8.934593e-08
 34 (restart 0) KSP residual norm 6.877971e-08
GMRES solver converged in 34 iterations (avg. reduction factor: 5.776e-01)
  Residual norms for GMRES solve
  0 (restart 0) KSP residual norm 7.527647e+00
  1 (restart 0) KSP residual norm 5.709935e+00
  2 (restart 0) KSP residual norm 2.335461e+00
  3 (restart 0) KSP residual norm 8.656776e-01
  4 (restart 0) KSP residual norm 1.564705e-01
  5 (restart 0) KSP residual norm 8.057376e-02
  6 (restart 0) KSP residual norm 2.441066e-02
  7 (restart 0) KSP residual norm 6.468282e-03
  8 (restart 0) KSP residual norm 1.906857e-03
  9 (restart 0) KSP residual norm 1.130631e-03
 10 (restart 0) KSP residual norm 5.142727e-04
 11 (restart 0) KSP residual norm 1.696144e-04
 12 (restart 0) KSP residual norm 8.620491e-05
 13 (restart 0) KSP residual norm 6.348061e-05
 14 (restart 0) KSP residual norm 3.373671e-05
 15 (restart 0) KSP residual norm 2.280971e-05
 16 (restart 0) KSP residual norm 1.636339e-05
 17 (restart 0) KSP residual norm 1.175475e-05
 18 (restart 0) KSP residual norm 8.713065e-06
 19 (restart 0) KSP residual norm 6.750904e-06
 20 (restart 0) KSP residual norm 5.436407e-06
 21 (restart 0) KSP residual norm 4.326604e-06
 22 (restart 0) KSP residual norm 3.449962e-06
 23 (restart 0) KSP residual norm 2.580208e-06
 24 (restart 0) KSP residual norm 1.889965e-06
 25 (restart 0) KSP residual norm 1.396633e-06
 26 (restart 0) KSP residual norm 1.004786e-06
 27 (restart 0) KSP residual norm 7.161642e-07
 28 (restart 0) KSP residual norm 5.183066e-07
 29 (restart 0) KSP residual norm 3.730440e-07
 30 (restart 0) KSP residual norm 2.519926e-07
 31 (restart 0) KSP residual norm 1.779684e-07
