  ⚠️ eta SUPPRESSED: reference 43,523 is for a 11x8 CAP loop; this run meshes 11x8 barrel. beta and Q_L are still valid — they come from the dip, not from Q_REF.
  ⚠️ BRANCH-FREE Q0 SUPPRESSED — no cavity.Q_ext.cold recorded for mount=barrel, gap2=0 mm, loop=11x8.
     store: no value for 'cavity.Q_ext.cold' with context {'solver': 'eigen_pair', 'mesh': 'no_torch', 'ne': 0.0, 'mount': 'barrel', 'gap2_mm': 0.0, 'loop_mm': [11.0, 8.0]}.
     Q_L and beta STAND (dip-derived); read Q0 from Q0_if_undercoupled / Q0_if_overcoupled and resolve the branch.
H3/H6 (driven) — sustainment across the density gap eigen cannot enter.

🔴 WHY THIS RIG EXISTS. Two open questions need the same thing:

  H6  what is the minimum ne that still sustains? eta falls 0.947 (ne=1e20) ->
      0.185 (1e18), and ne=1e19 has NO DATA — it failed in h3_loaded (mesh
      ScaledJac) and in h3_eigenprobe (PCG stagnation, 92 non-convergences).
      Mass loading from a real high-TDS sample pushes ne DOWN, into exactly
      that gap. This gates H5.
  sapphire  its loaded point does not converge in eigen either (eps +11.6
      beside the plasma's -30.09).

🔑 DRIVEN COST SCALES WITH Q, so it is cheapest exactly where eigen fails. The
step must resolve the linewidth = f0/Q, so samples ~ Q. Calibrated on
e0k2_c11x8_drv (16,000 samples / 1,542 s = 96 ms/sample):

    empty cavity   Q=44,384  ->  ~24,000 samples  ~2,300 s
    loaded plasma  Q=156     ->  ~126 samples     ~12 s

⚠️ BUT THE GAP IS NOT THE LOADED REGIME. If eta at ne=1e19 is ~0.5 then
Q ~ 22,000 and a +-40 MHz sweep is ~18,000 samples (~29 min) — per point. The
cost is set by Q, which is THE UNKNOWN. So:

## Two stages, and the second is sized by the first

  COARSE  +-40 MHz, step 636 kHz (~126 samples, ~12 s). Finds WHERE the dip is.
          Too coarse to fit Q; it is not asked to.
  FINE    +-5 MHz about the located dip, step from the coarse dip's own width.
          8x cheaper than a wide fine sweep because the band, not the step,
          is what a located dip lets you shrink.

🔴 EIGEN IS NOT AN OPTION HERE (CONVENTIONS §7c: one rig, one solver — this is
the DRIVEN driver; h3_eigen and h3_superpose are the eigen ones). Driven has no
NLEPS and no divergence-free projection, which is the specific machinery that
stagnates at these permittivities.

## The mode-identity hazard, and how it is handled

🔴 A CAP LOOP CHANGES WHICH MODE IT READS. Small loops couple to a TM111
polarisation and only reach TE011 above ~176 mm^2; the dip looks the same either
way, so a driven sweep ALONE cannot tell you. This rig therefore:
  - uses the 11x8 cap loop (176 mm^2, the measured TE011 branch), and
  - VALIDATES against eigen at the two densities where eigen converges, before
    trusting driven where it does not.
⚠️ The band also protects: TM111 sits 332.7 MHz away, far outside +-40 MHz.

VERIFICATION
  🔴 V1 and V2 ARE SUSPENDED (2026-08-24). BOTH ANCHORS WERE GROOVE-FREE.
      V1 was: reproduce h3_superpose's eigen f0=2.481566 / Q=163.
      V2 was: reproduce h3_loaded's eigen eta=0.185 at ne=1e18.
      h3_superpose and h3_loaded are discarded (KNOWN.md § THE FILTER), and
      0.185 was ALSO the wrong geometry — a 2 mm solid column, not this
      2.0-8.5 mm annulus, 17x the plasma.
      🔑 Both would have PASSED against void numbers and printed green ticks.
      ✅ TO RESTORE: loaded eigen at ne=1e20 and ne=1e18 on GEO_DESIGN.
      ⚠️ UNTIL THEN THIS RIG IS UNVALIDATED AGAINST EIGEN. It reports its
      numbers and says they are un-cross-checked. That is the honest state.
      🔴 DO NOT re-point these at a convenient number to get a tick back.
  V3  every case reports its coarse dip AND its fine fit; a fine band that does
      not contain the coarse dip is a REFUSAL, not a silent re-centre.
  V4  the continuation seed and Q_REF must come from ONE cavity: cold TE011
      **2.451500 GHz / Q0 43,523**, groove 5x10 + loop 11x8 (`h3_step3`,
      port terminated). ⚠️ This line once read "2.440003 / 12,368 (h3_ladder)" —
      wrong numbers AND wrong provenance; both are retracted (§7v, §7s).
      `check_eta_reference()` enforces the geometry half at startup.
FALSIFICATION
  🔴 F1  if eta at ne=1e19 is below 0.5, the sustaining margin is one decade or
         less and mass loading is a hard constraint on the nebuliser. Report it.
  🔴 F2  if driven ALSO fails to converge at eps ~ 0, the limitation is the
         OPERATOR and not the eigen formulation — no solver in this toolchain
         answers H6. Say so; do not reach for a third solver.
  🔴 F3  if the coupling branch is AMBIGUOUS the fit refuses rather than
         guessing beta; Q_L still stands and is reported alone.

==============================================================================
  cavity a=88.0045 L=115.4158  Q_ref(groove 5x10 + loop 11x8)=43,523
    eta reference: h3_step3 eigen, port_bc=pec (direct Q0, no port loss); cross-checked by h3_loopq at 43,422 on the cold-style mesh
  SWEEP AXIS: density, annulus 2.0-8.5 mm
  plasma r=2.0-8.5 mm  z=+-0.4L   cap loop 11.0x8.0 mm (TE011 branch)
  ONE wide sweep 2.3-2.65 GHz @ 200 kHz (1,750 samples per case)
  selection: CONTINUATION from the unloaded TE011, seeded at 2.451500 GHz (MEASURED cold TE011, not the analytic 2.4500); NOT the global minimum
  guards: dip >0.05 dB, >2.0 MHz from a band edge, continuation step <25 MHz, 3 dB walk stops at the turning point between features

  coupling forecast SKIPPED — no cavity.Q_ext.cold recorded for this geometry (mount=barrel, gap2=0 mm). beta comes from the DIP and needs no forecast.

  🔑 RESUME: 1 case(s) already complete for this config stamp — ep1p000_s0p000_r2-8p5_ld11
     re-running only what is missing. Set resume:false in the config to force a clean re-run.
  --- ep1p000_s0p000_r2-8p5_ld11  ✅ RESUMED from checkpoint (continuation seeded at 2.439850 GHz)
  --- ne=—  eps=+0.997  sigma=0.0028 S/m
      CONFIG sweep 2.400-2.520 GHz @ 25 kHz (4,800 samples) — overrides the cold/coarse presets
    wall: 3.5e+07 S/m from baselines (template said 6.3e+07)
    loop: 5.8e+07 S/m on attribute 92 (wall is 3.5e+07)
    torch: eps=9.39 tand=3.5e-05 (from mesh sidecar)
    ⚠️ template materials not in this mesh (benign): ['brake (attribute 8 absent — --brake 0)']
    plasma: attr 12, eps=+0.997, sigma=0.0028 S/m (verified in the solved config)
    probes: bore_in@r=2mm, bore_mid@r=4.25mm, bore_edge@r=8.5mm, field_peak@r=42.3mm
    torch: eps=9.39 (bound from mesh sidecar)
    groove: 5 x 10 mm (in mesh)
    solved in 2131s
    1 local minima: 2.4398@-7.29dB
    selected 2.439854 GHz (+0.00 MHz from expected 2.4398) — by CONTINUATION, not depth
      probes: bore_in=1,243.0 V/m  bore_mid=2,644.2 V/m  bore_edge=5,188.0 V/m  field_peak=14,232.4 V/m
    ⚠️ only 16 samples across the 3 dB width — width is under-resolved, Q_L is indicative only
    f0=2.439850 GHz  lw=0.39 MHz  Q_L=6,272  beta=0.3969  Q0=—  eta=— (reference case)
  --- ne=—  eps=+0.991  sigma=0.0083 S/m
      CONFIG sweep 2.400-2.520 GHz @ 25 kHz (4,800 samples) — overrides the cold/coarse presets
    wall: 3.5e+07 S/m from baselines (template said 6.3e+07)
    loop: 5.8e+07 S/m on attribute 92 (wall is 3.5e+07)
    torch: eps=9.39 tand=3.5e-05 (from mesh sidecar)
    ⚠️ template materials not in this mesh (benign): ['brake (attribute 8 absent — --brake 0)']
    plasma: attr 12, eps=+0.991, sigma=0.0083 S/m (verified in the solved config)
    probes: bore_in@r=2mm, bore_mid@r=4.25mm, bore_edge@r=8.5mm, field_peak@r=42.3mm
    torch: eps=9.39 (bound from mesh sidecar)
    groove: 5 x 10 mm (in mesh)
    solved in 2122s
    1 local minima: 2.4399@-17.63dB
    selected 2.439863 GHz (+0.01 MHz from expected 2.4398) — by CONTINUATION, not depth
      probes: bore_in=973.6 V/m  bore_mid=2,070.9 V/m  bore_edge=4,063.3 V/m  field_peak=11,148.6 V/m
    ⚠️ only 20 samples across the 3 dB width — width is under-resolved, Q_L is indicative only
    f0=2.439875 GHz  lw=0.50 MHz  Q_L=4,907  beta=0.7679  Q0=—  eta=— (reference case)
  --- ne=—  eps=+0.977  sigma=0.0204 S/m
      CONFIG sweep 2.400-2.520 GHz @ 25 kHz (4,800 samples) — overrides the cold/coarse presets
    wall: 3.5e+07 S/m from baselines (template said 6.3e+07)
    loop: 5.8e+07 S/m on attribute 92 (wall is 3.5e+07)
    torch: eps=9.39 tand=3.5e-05 (from mesh sidecar)
    ⚠️ template materials not in this mesh (benign): ['brake (attribute 8 absent — --brake 0)']
    plasma: attr 12, eps=+0.977, sigma=0.0204 S/m (verified in the solved config)
    probes: bore_in@r=2mm, bore_mid@r=4.25mm, bore_edge@r=8.5mm, field_peak@r=42.3mm
    torch: eps=9.39 (bound from mesh sidecar)
    groove: 5 x 10 mm (in mesh)
    solved in 2124s
    1 local minima: 2.4399@-12.41dB
    selected 2.439882 GHz (+0.01 MHz from expected 2.4399) — by CONTINUATION, not depth
      probes: bore_in=660.3 V/m  bore_mid=1,405.0 V/m  bore_edge=2,757.5 V/m  field_peak=7,568.4 V/m
    f0=2.439875 GHz  lw=0.73 MHz  Q_L=3,339  beta=0.6134  Q0=—  eta=— (reference case)
  --- ne=—  eps=+0.953  sigma=0.0413 S/m
      CONFIG sweep 2.400-2.520 GHz @ 25 kHz (4,800 samples) — overrides the cold/coarse presets
    wall: 3.5e+07 S/m from baselines (template said 6.3e+07)
    loop: 5.8e+07 S/m on attribute 92 (wall is 3.5e+07)
    torch: eps=9.39 tand=3.5e-05 (from mesh sidecar)
    ⚠️ template materials not in this mesh (benign): ['brake (attribute 8 absent — --brake 0)']
    plasma: attr 12, eps=+0.953, sigma=0.0413 S/m (verified in the solved config)
    probes: bore_in@r=2mm, bore_mid@r=4.25mm, bore_edge@r=8.5mm, field_peak@r=42.3mm
    torch: eps=9.39 (bound from mesh sidecar)
    groove: 5 x 10 mm (in mesh)
    solved in 2122s
    1 local minima: 2.4399@-5.84dB
    selected 2.439916 GHz (+0.04 MHz from expected 2.4399) — by CONTINUATION, not depth
      probes: bore_in=424.5 V/m  bore_mid=903.2 V/m  bore_edge=1,773.3 V/m  field_peak=4,869.8 V/m
    f0=2.439925 GHz  lw=1.14 MHz  Q_L=2,149  beta=0.3241  Q0=—  eta=— (reference case)
  --- ne=—  eps=+0.907  sigma=0.0826 S/m
      CONFIG sweep 2.400-2.520 GHz @ 25 kHz (4,800 samples) — overrides the cold/coarse presets
    wall: 3.5e+07 S/m from baselines (template said 6.3e+07)
    loop: 5.8e+07 S/m on attribute 92 (wall is 3.5e+07)
    torch: eps=9.39 tand=3.5e-05 (from mesh sidecar)
    ⚠️ template materials not in this mesh (benign): ['brake (attribute 8 absent — --brake 0)']
    plasma: attr 12, eps=+0.907, sigma=0.0826 S/m (verified in the solved config)
    probes: bore_in@r=2mm, bore_mid@r=4.25mm, bore_edge@r=8.5mm, field_peak@r=42.3mm
    torch: eps=9.39 (bound from mesh sidecar)
    groove: 5 x 10 mm (in mesh)
    solved in 2281s
    1 local minima: 2.4400@-2.95dB
    selected 2.439990 GHz (+0.06 MHz from expected 2.4399) — by CONTINUATION, not depth
      probes: bore_in=249.1 V/m  bore_mid=530.3 V/m  bore_edge=1,041.6 V/m  field_peak=2,863.3 V/m
    f0=2.440000 GHz  lw=1.93 MHz  Q_L=1,263  beta=0.1682  Q0=—  eta=— (reference case)
  --- ne=—  eps=+0.689  sigma=0.2753 S/m
      CONFIG sweep 2.400-2.520 GHz @ 25 kHz (4,800 samples) — overrides the cold/coarse presets
    wall: 3.5e+07 S/m from baselines (template said 6.3e+07)
    loop: 5.8e+07 S/m on attribute 92 (wall is 3.5e+07)
    torch: eps=9.39 tand=3.5e-05 (from mesh sidecar)
    ⚠️ template materials not in this mesh (benign): ['brake (attribute 8 absent — --brake 0)']
    plasma: attr 12, eps=+0.689, sigma=0.2753 S/m (verified in the solved config)
    probes: bore_in@r=2mm, bore_mid@r=4.25mm, bore_edge@r=8.5mm, field_peak@r=42.3mm
    torch: eps=9.39 (bound from mesh sidecar)
    groove: 5 x 10 mm (in mesh)
    solved in 3659s
    1 local minima: 2.4404@-0.92dB
    selected 2.440436 GHz (+0.44 MHz from expected 2.4400) — by CONTINUATION, not depth
      probes: bore_in=87.7 V/m  bore_mid=183.7 V/m  bore_edge=360.9 V/m  field_peak=995.4 V/m
    f0=2.440425 GHz  lw=5.57 MHz  Q_L=438  beta=0.0527  Q0=—  eta=— (reference case)
  --- ne=—  eps=-1.456  sigma=2.175 S/m
      CONFIG sweep 2.400-2.520 GHz @ 25 kHz (4,800 samples) — overrides the cold/coarse presets
    wall: 3.5e+07 S/m from baselines (template said 6.3e+07)
    loop: 5.8e+07 S/m on attribute 92 (wall is 3.5e+07)
    torch: eps=9.39 tand=3.5e-05 (from mesh sidecar)
    ⚠️ template materials not in this mesh (benign): ['brake (attribute 8 absent — --brake 0)']
    plasma: attr 12, eps=-1.456, sigma=2.175 S/m (verified in the solved config)
    probes: bore_in@r=2mm, bore_mid@r=4.25mm, bore_edge@r=8.5mm, field_peak@r=42.3mm
    torch: eps=9.39 (bound from mesh sidecar)
    groove: 5 x 10 mm (in mesh)
    solved in 3067s
    1 local minima: 2.4501@-0.17dB
    selected 2.450039 GHz (+9.61 MHz from expected 2.4404) — by CONTINUATION, not depth
      probes: bore_in=14.9 V/m  bore_mid=29.0 V/m  bore_edge=59.4 V/m  field_peak=191.5 V/m
    ⚠️ |S11|min=-0.170 dB — deeply UNDERCOUPLED, beta and Q0 are LOW CONFIDENCE (Q_L stands; beta<<1 makes Q_L ~ Q0)
    f0=2.450050 GHz  lw=29.56 MHz  Q_L=83  beta=0.0098  Q0=—  eta=— (reference case)

==============================================================================
         ne      eps     f0 GHz   lw MHz     Q_L    beta     Q0      eta
Traceback (most recent call last):
  File "/opt/amip/repo/experiments/resonance/h3_driven.py", line 1757, in <module>
    main()
  File "/opt/amip/repo/experiments/resonance/h3_driven.py", line 1354, in main
    _report(out)
  File "/opt/amip/repo/experiments/resonance/h3_driven.py", line 1440, in _report
    if _axis_now == "annulus" else f"  {p['ne']:>9.1e}")
                                       ^^^^^^^^^^^^^^^
TypeError: unsupported format string passed to NoneType.__format__
EXIT=1
