>> /opt/amip/envs/emsim/bin/mpirun -n 32 /opt/amip/palace/bin/palace-x86_64.bin h3-quarterwave-01.8ec203e8_ld8_g2-1.1_pec.json

_____________     _______
_____   __   \____ __   /____ ____________
____   /_/  /  __ ` /  /  __ ` /  ___/  _ \
___   _____/  /_/  /  /  /_/  /  /__/  ___/
  /__/     \___,__/__/\___,__/\_____\_____/

Git changeset ID: v0.17.0-293-g3c83b9db0
Running with 32 MPI processes, 1 OpenMP thread
Device configuration: omp,cpu
Memory configuration: host-std
libCEED backend: /cpu/self/xsmm/blocked

Added 28 duplicate vertices for interior boundaries in the mesh
Added 42 duplicate boundary elements for interior boundaries in the mesh
Added 17299 boundary elements for material interfaces to the mesh

Characteristic length and time scales:
 Lc = 1.974e-01 m, tc = 6.585e-01 ns
Finished partitioning mesh into 32 subdomains

Mesh curvature order: 2
Mesh bounding box:
 (Xmin, Ymin, Zmin) = (-8.800e-02, -8.800e-02, -9.871e-02) m
 (Xmax, Ymax, Zmax) = (+8.800e-02, +8.800e-02, +9.871e-02) m

Parallel Mesh Stats:

                minimum     average     maximum       total
 vertices           295         454         647       14541
 edges             2434        2961        3524       94771
 faces             4475        4905        5292      156983
 elements          2328        2398        2454       76752
 neighbors            2           8          19

            minimum     maximum
 h       0.00067968    0.172694
 kappa      1.02062      91.558

Estimated current per-rank memory usage is: Min. 33.1M, Max. 96.5M, Avg. 35.5M, Total 1.1G
Estimated current per-node memory usage is: Min. 1.1G, Max. 1.1G, Avg. 1.1G, Total 1.1G

Configuring Robin finite conductivity BC at attributes:
 90: σ = 3.500e+07 S/m, n = (-0.1,+0.2,-1.0)

Configuring Dirichlet PEC BC at attributes:
 91

Assembling system matrices, number of global unknowns:
 H1 (p = 2): 109312, ND (p = 2): 503508, RT (p = 2): 701205
 Operator assembly level: Partial
 Mesh geometries:
  Tetrahedron: P = 20, Q = 14 (quadrature order = 4)

Configuring SLEPc eigenvalue solver:
 Scaling γ = 3.197e+01, δ = 3.804e-07
 Configuring divergence-free projection
 Using random starting vector
 Shift-and-invert σ = 2.420e+00 GHz (1.001e+01)

Assembling multigrid hierarchy:
 Level 0 (p = 1): 94771 unknowns
 Level 1 (p = 2): 503508 unknowns
 Level 0 (auxiliary) (p = 1): 14541 unknowns
 Level 1 (auxiliary) (p = 2): 109312 unknowns

#PETSc Option Table entries:
-eps_monitor # (source: code)
#End of PETSc Option Table entries

  Residual norms for GMRES solve
  0 (restart 0) KSP residual norm 8.800155e-01
  1 (restart 0) KSP residual norm 2.683839e-01
  2 (restart 0) KSP residual norm 2.636198e-01
  3 (restart 0) KSP residual norm 1.340228e-01
  4 (restart 0) KSP residual norm 5.642763e-02
  5 (restart 0) KSP residual norm 3.435998e-02
  6 (restart 0) KSP residual norm 2.425701e-02
  7 (restart 0) KSP residual norm 1.525010e-02
  8 (restart 0) KSP residual norm 1.263608e-02
  9 (restart 0) KSP residual norm 8.523973e-03
 10 (restart 0) KSP residual norm 4.449942e-03
 11 (restart 0) KSP residual norm 2.756587e-03
 12 (restart 0) KSP residual norm 1.607321e-03
 13 (restart 0) KSP residual norm 1.006381e-03
 14 (restart 0) KSP residual norm 6.339297e-04
 15 (restart 0) KSP residual norm 4.513013e-04
 16 (restart 0) KSP residual norm 2.807968e-04
 17 (restart 0) KSP residual norm 1.932888e-04
 18 (restart 0) KSP residual norm 1.236209e-04
 19 (restart 0) KSP residual norm 8.549811e-05
 20 (restart 0) KSP residual norm 6.497531e-05
 21 (restart 0) KSP residual norm 4.655751e-05
 22 (restart 0) KSP residual norm 3.983752e-05
 23 (restart 0) KSP residual norm 3.285378e-05
 24 (restart 0) KSP residual norm 2.896556e-05
 25 (restart 0) KSP residual norm 2.485835e-05
 26 (restart 0) KSP residual norm 2.115188e-05
 27 (restart 0) KSP residual norm 1.791372e-05
 28 (restart 0) KSP residual norm 1.456723e-05
 29 (restart 0) KSP residual norm 1.206987e-05
 30 (restart 0) KSP residual norm 9.839941e-06
 31 (restart 0) KSP residual norm 8.131955e-06
 32 (restart 0) KSP residual norm 6.772946e-06
 33 (restart 0) KSP residual norm 5.638478e-06
 34 (restart 0) KSP residual norm 4.631061e-06
 35 (restart 0) KSP residual norm 3.775124e-06
 36 (restart 0) KSP residual norm 3.046335e-06
 37 (restart 0) KSP residual norm 2.410479e-06
 38 (restart 0) KSP residual norm 1.859744e-06
 39 (restart 0) KSP residual norm 1.389127e-06
 40 (restart 0) KSP residual norm 9.740905e-07
 41 (restart 0) KSP residual norm 6.842284e-07
 42 (restart 0) KSP residual norm 5.069473e-07
 43 (restart 0) KSP residual norm 3.881218e-07
 44 (restart 0) KSP residual norm 3.148443e-07
 45 (restart 0) KSP residual norm 2.610890e-07
 46 (restart 0) KSP residual norm 2.207674e-07
 47 (restart 0) KSP residual norm 1.876719e-07
 48 (restart 0) KSP residual norm 1.555832e-07
 49 (restart 0) KSP residual norm 1.291657e-07
 50 (restart 0) KSP residual norm 1.064536e-07
 51 (restart 0) KSP residual norm 8.479598e-08
 52 (restart 0) KSP residual norm 6.626162e-08
 53 (restart 0) KSP residual norm 5.244660e-08
 54 (restart 0) KSP residual norm 4.180997e-08
 55 (restart 0) KSP residual norm 3.439058e-08
 56 (restart 0) KSP residual norm 2.869367e-08
 57 (restart 0) KSP residual norm 2.440705e-08
 58 (restart 0) KSP residual norm 2.041017e-08
 59 (restart 0) KSP residual norm 1.702517e-08
 60 (restart 0) KSP residual norm 1.403111e-08
 61 (restart 0) KSP residual norm 1.130754e-08
 62 (restart 0) KSP residual norm 9.036799e-09
 63 (restart 0) KSP residual norm 7.186888e-09
GMRES solver converged in 63 iterations (avg. reduction factor: 7.441e-01)
  Residual norms for GMRES solve
  0 (restart 0) KSP residual norm 2.399656e+01
  1 (restart 0) KSP residual norm 1.191635e+01
  2 (restart 0) KSP residual norm 1.067945e+01
  3 (restart 0) KSP residual norm 9.952973e+00
  4 (restart 0) KSP residual norm 8.391019e+00
  5 (restart 0) KSP residual norm 6.179389e+00
  6 (restart 0) KSP residual norm 4.762533e+00
  7 (restart 0) KSP residual norm 1.845017e+00
  8 (restart 0) KSP residual norm 6.279558e-01
  9 (restart 0) KSP residual norm 2.601305e-01
 10 (restart 0) KSP residual norm 9.571637e-02
 11 (restart 0) KSP residual norm 5.298099e-02
 12 (restart 0) KSP residual norm 3.923099e-02
 13 (restart 0) KSP residual norm 1.507802e-02
 14 (restart 0) KSP residual norm 1.216007e-02
 15 (restart 0) KSP residual norm 7.245244e-03
 16 (restart 0) KSP residual norm 4.057367e-03
 17 (restart 0) KSP residual norm 3.005417e-03
 18 (restart 0) KSP residual norm 2.019539e-03
 19 (restart 0) KSP residual norm 1.348368e-03
 20 (restart 0) KSP residual norm 8.112751e-04
 21 (restart 0) KSP residual norm 5.077575e-04
 22 (restart 0) KSP residual norm 3.236425e-04
 23 (restart 0) KSP residual norm 2.334001e-04
 24 (restart 0) KSP residual norm 1.604036e-04
 25 (restart 0) KSP residual norm 1.076950e-04
 26 (restart 0) KSP residual norm 7.588375e-05
 27 (restart 0) KSP residual norm 5.330956e-05
 28 (restart 0) KSP residual norm 4.146480e-05
 29 (restart 0) KSP residual norm 3.273455e-05
 30 (restart 0) KSP residual norm 2.744913e-05
 31 (restart 0) KSP residual norm 2.353646e-05
 32 (restart 0) KSP residual norm 1.994527e-05
 33 (restart 0) KSP residual norm 1.665598e-05
 34 (restart 0) KSP residual norm 1.360385e-05
 35 (restart 0) KSP residual norm 1.096942e-05
 36 (restart 0) KSP residual norm 8.741811e-06
 37 (restart 0) KSP residual norm 7.009081e-06
 38 (restart 0) KSP residual norm 5.837997e-06
 39 (restart 0) KSP residual norm 4.965016e-06
 40 (restart 0) KSP residual norm 4.289798e-06
 41 (restart 0) KSP residual norm 3.595904e-06
 42 (restart 0) KSP residual norm 2.906917e-06
 43 (restart 0) KSP residual norm 2.153333e-06
 44 (restart 0) KSP residual norm 1.638821e-06
 45 (restart 0) KSP residual norm 1.304262e-06
 46 (restart 0) KSP residual norm 1.017923e-06
 47 (restart 0) KSP residual norm 7.988824e-07
 48 (restart 0) KSP residual norm 6.341760e-07
 49 (restart 0) KSP residual norm 5.198020e-07
 50 (restart 0) KSP residual norm 4.362022e-07
 51 (restart 0) KSP residual norm 3.668295e-07
 52 (restart 0) KSP residual norm 3.049118e-07
 53 (restart 0) KSP residual norm 2.483564e-07
 54 (restart 0) KSP residual norm 2.029857e-07
GMRES solver converged in 54 iterations (avg. reduction factor: 7.088e-01)
  Residual norms for GMRES solve
  0 (restart 0) KSP residual norm 1.268541e+01
  1 (restart 0) KSP residual norm 7.369791e+00
  2 (restart 0) KSP residual norm 4.382751e+00
  3 (restart 0) KSP residual norm 3.601952e+00
  4 (restart 0) KSP residual norm 3.464734e+00
  5 (restart 0) KSP residual norm 2.894166e+00
  6 (restart 0) KSP residual norm 2.473148e+00
  7 (restart 0) KSP residual norm 1.661370e+00
  8 (restart 0) KSP residual norm 3.934819e-01
  9 (restart 0) KSP residual norm 1.695188e-01
 10 (restart 0) KSP residual norm 6.458915e-02
 11 (restart 0) KSP residual norm 2.258940e-02
 12 (restart 0) KSP residual norm 1.793309e-02
 13 (restart 0) KSP residual norm 9.297154e-03
 14 (restart 0) KSP residual norm 5.482843e-03
 15 (restart 0) KSP residual norm 4.055535e-03
 16 (restart 0) KSP residual norm 2.012598e-03
 17 (restart 0) KSP residual norm 1.338161e-03
 18 (restart 0) KSP residual norm 8.908171e-04
 19 (restart 0) KSP residual norm 6.424750e-04
 20 (restart 0) KSP residual norm 4.101468e-04
 21 (restart 0) KSP residual norm 2.542102e-04
 22 (restart 0) KSP residual norm 1.623065e-04
 23 (restart 0) KSP residual norm 1.104861e-04
 24 (restart 0) KSP residual norm 8.141117e-05
 25 (restart 0) KSP residual norm 5.772606e-05
 26 (restart 0) KSP residual norm 3.962674e-05
 27 (restart 0) KSP residual norm 2.652534e-05
 28 (restart 0) KSP residual norm 2.015920e-05
 29 (restart 0) KSP residual norm 1.562164e-05
 30 (restart 0) KSP residual norm 1.301322e-05
 31 (restart 0) KSP residual norm 1.123561e-05
 32 (restart 0) KSP residual norm 9.671141e-06
 33 (restart 0) KSP residual norm 8.071949e-06
 34 (restart 0) KSP residual norm 6.705390e-06
 35 (restart 0) KSP residual norm 5.566640e-06
 36 (restart 0) KSP residual norm 4.448087e-06
 37 (restart 0) KSP residual norm 3.474622e-06
 38 (restart 0) KSP residual norm 2.841080e-06
 39 (restart 0) KSP residual norm 2.290253e-06
 40 (restart 0) KSP residual norm 1.938157e-06
 41 (restart 0) KSP residual norm 1.650418e-06
 42 (restart 0) KSP residual norm 1.366499e-06
 43 (restart 0) KSP residual norm 1.065733e-06
 44 (restart 0) KSP residual norm 7.876599e-07
 45 (restart 0) KSP residual norm 6.014459e-07
 46 (restart 0) KSP residual norm 4.754463e-07
 47 (restart 0) KSP residual norm 3.878577e-07
 48 (restart 0) KSP residual norm 3.230487e-07
 49 (restart 0) KSP residual norm 2.651167e-07
 50 (restart 0) KSP residual norm 2.254657e-07
 51 (restart 0) KSP residual norm 1.956821e-07
 52 (restart 0) KSP residual norm 1.704514e-07
 53 (restart 0) KSP residual norm 1.481247e-07
 54 (restart 0) KSP residual norm 1.255981e-07
GMRES solver converged in 54 iterations (avg. reduction factor: 7.108e-01)
  Residual norms for GMRES solve
  0 (restart 0) KSP residual norm 5.888276e+01
  1 (restart 0) KSP residual norm 2.058073e+01
  2 (restart 0) KSP residual norm 1.367459e+01
  3 (restart 0) KSP residual norm 6.826087e+00
  4 (restart 0) KSP residual norm 6.273957e+00
  5 (restart 0) KSP residual norm 4.424974e+00
  6 (restart 0) KSP residual norm 3.416506e+00
  7 (restart 0) KSP residual norm 2.923342e+00
  8 (restart 0) KSP residual norm 1.463189e+00
  9 (restart 0) KSP residual norm 6.964576e-01
 10 (restart 0) KSP residual norm 1.792983e-01
 11 (restart 0) KSP residual norm 7.191553e-02
 12 (restart 0) KSP residual norm 5.357915e-02
 13 (restart 0) KSP residual norm 2.339836e-02
 14 (restart 0) KSP residual norm 1.497466e-02
 15 (restart 0) KSP residual norm 9.550480e-03
 16 (restart 0) KSP residual norm 5.103099e-03
 17 (restart 0) KSP residual norm 3.387473e-03
 18 (restart 0) KSP residual norm 2.362763e-03
 19 (restart 0) KSP residual norm 1.705813e-03
 20 (restart 0) KSP residual norm 9.612361e-04
 21 (restart 0) KSP residual norm 5.703162e-04
 22 (restart 0) KSP residual norm 3.560134e-04
 23 (restart 0) KSP residual norm 2.321294e-04
 24 (restart 0) KSP residual norm 1.734061e-04
 25 (restart 0) KSP residual norm 1.177835e-04
 26 (restart 0) KSP residual norm 7.559715e-05
 27 (restart 0) KSP residual norm 4.964986e-05
 28 (restart 0) KSP residual norm 3.521291e-05
 29 (restart 0) KSP residual norm 2.675800e-05
 30 (restart 0) KSP residual norm 2.214780e-05
 31 (restart 0) KSP residual norm 1.931413e-05
 32 (restart 0) KSP residual norm 1.598769e-05
 33 (restart 0) KSP residual norm 1.327995e-05
 34 (restart 0) KSP residual norm 1.107395e-05
 35 (restart 0) KSP residual norm 9.321910e-06
 36 (restart 0) KSP residual norm 7.647229e-06
 37 (restart 0) KSP residual norm 6.027111e-06
 38 (restart 0) KSP residual norm 4.748628e-06
 39 (restart 0) KSP residual norm 3.969451e-06
 40 (restart 0) KSP residual norm 3.431622e-06
 41 (restart 0) KSP residual norm 2.949209e-06
 42 (restart 0) KSP residual norm 2.417220e-06
 43 (restart 0) KSP residual norm 1.784151e-06
 44 (restart 0) KSP residual norm 1.311700e-06
 45 (restart 0) KSP residual norm 1.006212e-06
 46 (restart 0) KSP residual norm 7.955277e-07
 47 (restart 0) KSP residual norm 6.212966e-07
 48 (restart 0) KSP residual norm 4.543518e-07
GMRES solver converged in 48 iterations (avg. reduction factor: 6.776e-01)
  Residual norms for GMRES solve
  0 (restart 0) KSP residual norm 6.149862e+01
  1 (restart 0) KSP residual norm 1.750058e+01
  2 (restart 0) KSP residual norm 1.452488e+01
  3 (restart 0) KSP residual norm 1.186104e+01
  4 (restart 0) KSP residual norm 1.014491e+01
  5 (restart 0) KSP residual norm 8.271558e+00
  6 (restart 0) KSP residual norm 7.583856e+00
  7 (restart 0) KSP residual norm 3.610056e+00
  8 (restart 0) KSP residual norm 1.099252e+00
  9 (restart 0) KSP residual norm 4.781613e-01
 10 (restart 0) KSP residual norm 1.587508e-01
 11 (restart 0) KSP residual norm 8.462388e-02
 12 (restart 0) KSP residual norm 6.721212e-02
 13 (restart 0) KSP residual norm 2.639961e-02
 14 (restart 0) KSP residual norm 1.647287e-02
 15 (restart 0) KSP residual norm 1.077591e-02
 16 (restart 0) KSP residual norm 6.594084e-03
 17 (restart 0) KSP residual norm 4.361919e-03
 18 (restart 0) KSP residual norm 3.133997e-03
 19 (restart 0) KSP residual norm 2.015419e-03
 20 (restart 0) KSP residual norm 1.184220e-03
 21 (restart 0) KSP residual norm 6.942449e-04
 22 (restart 0) KSP residual norm 4.623676e-04
 23 (restart 0) KSP residual norm 3.301612e-04
 24 (restart 0) KSP residual norm 2.347977e-04
 25 (restart 0) KSP residual norm 1.575557e-04
 26 (restart 0) KSP residual norm 9.921918e-05
 27 (restart 0) KSP residual norm 6.969733e-05
 28 (restart 0) KSP residual norm 5.243074e-05
 29 (restart 0) KSP residual norm 4.181108e-05
 30 (restart 0) KSP residual norm 3.552554e-05
 31 (restart 0) KSP residual norm 3.065728e-05
 32 (restart 0) KSP residual norm 2.540405e-05
 33 (restart 0) KSP residual norm 2.113148e-05
 34 (restart 0) KSP residual norm 1.751586e-05
 35 (restart 0) KSP residual norm 1.418178e-05
 36 (restart 0) KSP residual norm 1.146996e-05
 37 (restart 0) KSP residual norm 9.255552e-06
 38 (restart 0) KSP residual norm 7.493862e-06
 39 (restart 0) KSP residual norm 6.384158e-06
 40 (restart 0) KSP residual norm 5.582154e-06
 41 (restart 0) KSP residual norm 4.807692e-06
 42 (restart 0) KSP residual norm 3.816462e-06
 43 (restart 0) KSP residual norm 2.792331e-06
 44 (restart 0) KSP residual norm 2.065972e-06
 45 (restart 0) KSP residual norm 1.596837e-06
 46 (restart 0) KSP residual norm 1.243848e-06
 47 (restart 0) KSP residual norm 9.520714e-07
 48 (restart 0) KSP residual norm 6.935228e-07
 49 (restart 0) KSP residual norm 5.284361e-07
GMRES solver converged in 49 iterations (avg. reduction factor: 6.845e-01)
  Residual norms for GMRES solve
  0 (restart 0) KSP residual norm 2.248505e+01
  1 (restart 0) KSP residual norm 2.168603e+01
  2 (restart 0) KSP residual norm 8.448815e+00
  3 (restart 0) KSP residual norm 3.565587e+00
  4 (restart 0) KSP residual norm 2.823041e+00
  5 (restart 0) KSP residual norm 2.818557e+00
  6 (restart 0) KSP residual norm 2.814564e+00
  7 (restart 0) KSP residual norm 2.543803e+00
  8 (restart 0) KSP residual norm 7.566768e-01
  9 (restart 0) KSP residual norm 2.449866e-01
 10 (restart 0) KSP residual norm 8.658669e-02
 11 (restart 0) KSP residual norm 3.934121e-02
 12 (restart 0) KSP residual norm 2.985247e-02
 13 (restart 0) KSP residual norm 1.201739e-02
 14 (restart 0) KSP residual norm 6.432180e-03
 15 (restart 0) KSP residual norm 4.856335e-03
 16 (restart 0) KSP residual norm 2.532302e-03
 17 (restart 0) KSP residual norm 1.746545e-03
 18 (restart 0) KSP residual norm 1.014986e-03
 19 (restart 0) KSP residual norm 6.670412e-04
 20 (restart 0) KSP residual norm 4.353287e-04
 21 (restart 0) KSP residual norm 2.705411e-04
 22 (restart 0) KSP residual norm 1.640424e-04
 23 (restart 0) KSP residual norm 1.065652e-04
 24 (restart 0) KSP residual norm 7.535009e-05
 25 (restart 0) KSP residual norm 5.428063e-05
 26 (restart 0) KSP residual norm 3.723462e-05
 27 (restart 0) KSP residual norm 2.568375e-05
 28 (restart 0) KSP residual norm 1.798079e-05
 29 (restart 0) KSP residual norm 1.327926e-05
 30 (restart 0) KSP residual norm 1.075160e-05
 31 (restart 0) KSP residual norm 9.014875e-06
 32 (restart 0) KSP residual norm 7.733246e-06
 33 (restart 0) KSP residual norm 6.504891e-06
 34 (restart 0) KSP residual norm 5.400600e-06
 35 (restart 0) KSP residual norm 4.525108e-06
 36 (restart 0) KSP residual norm 3.772533e-06
 37 (restart 0) KSP residual norm 2.917653e-06
 38 (restart 0) KSP residual norm 2.382070e-06
 39 (restart 0) KSP residual norm 1.869268e-06
 40 (restart 0) KSP residual norm 1.551158e-06
 41 (restart 0) KSP residual norm 1.329371e-06
 42 (restart 0) KSP residual norm 1.127482e-06
 43 (restart 0) KSP residual norm 9.005904e-07
 44 (restart 0) KSP residual norm 6.754669e-07
 45 (restart 0) KSP residual norm 5.069562e-07
 46 (restart 0) KSP residual norm 4.043666e-07
 47 (restart 0) KSP residual norm 3.332583e-07
 48 (restart 0) KSP residual norm 2.714771e-07
 49 (restart 0) KSP residual norm 2.240038e-07
GMRES solver converged in 49 iterations (avg. reduction factor: 6.866e-01)
  Residual norms for GMRES solve
  0 (restart 0) KSP residual norm 2.085884e+01
  1 (restart 0) KSP residual norm 1.988881e+01
  2 (restart 0) KSP residual norm 1.558307e+01
  3 (restart 0) KSP residual norm 3.120764e+00
  4 (restart 0) KSP residual norm 1.897274e+00
  5 (restart 0) KSP residual norm 1.300286e+00
  6 (restart 0) KSP residual norm 1.029989e+00
  7 (restart 0) KSP residual norm 7.696328e-01
  8 (restart 0) KSP residual norm 1.988584e-01
  9 (restart 0) KSP residual norm 1.098557e-01
 10 (restart 0) KSP residual norm 7.503542e-02
 11 (restart 0) KSP residual norm 2.335002e-02
 12 (restart 0) KSP residual norm 1.583849e-02
 13 (restart 0) KSP residual norm 9.540594e-03
 14 (restart 0) KSP residual norm 4.715166e-03
 15 (restart 0) KSP residual norm 2.841966e-03
 16 (restart 0) KSP residual norm 1.612264e-03
 17 (restart 0) KSP residual norm 9.822183e-04
 18 (restart 0) KSP residual norm 5.723184e-04
 19 (restart 0) KSP residual norm 3.675250e-04
 20 (restart 0) KSP residual norm 2.462902e-04
 21 (restart 0) KSP residual norm 1.628780e-04
 22 (restart 0) KSP residual norm 1.022117e-04
 23 (restart 0) KSP residual norm 6.431006e-05
 24 (restart 0) KSP residual norm 3.774667e-05
 25 (restart 0) KSP residual norm 2.662709e-05
 26 (restart 0) KSP residual norm 1.805963e-05
 27 (restart 0) KSP residual norm 1.246277e-05
 28 (restart 0) KSP residual norm 8.214386e-06
 29 (restart 0) KSP residual norm 6.045967e-06
 30 (restart 0) KSP residual norm 4.739550e-06
 31 (restart 0) KSP residual norm 3.890073e-06
 32 (restart 0) KSP residual norm 3.254819e-06
 33 (restart 0) KSP residual norm 2.816887e-06
 34 (restart 0) KSP residual norm 2.355095e-06
 35 (restart 0) KSP residual norm 1.928295e-06
 36 (restart 0) KSP residual norm 1.568701e-06
 37 (restart 0) KSP residual norm 1.239628e-06
 38 (restart 0) KSP residual norm 1.019218e-06
 39 (restart 0) KSP residual norm 8.260980e-07
 40 (restart 0) KSP residual norm 6.915342e-07
 41 (restart 0) KSP residual norm 5.986627e-07
 42 (restart 0) KSP residual norm 5.063483e-07
 43 (restart 0) KSP residual norm 4.163910e-07
 44 (restart 0) KSP residual norm 3.148273e-07
 45 (restart 0) KSP residual norm 2.297913e-07
 46 (restart 0) KSP residual norm 1.686025e-07
GMRES solver converged in 46 iterations (avg. reduction factor: 6.669e-01)
  Residual norms for GMRES solve
  0 (restart 0) KSP residual norm 9.510157e+00
  1 (restart 0) KSP residual norm 3.892104e+00
  2 (restart 0) KSP residual norm 3.864338e+00
  3 (restart 0) KSP residual norm 1.896579e+00
  4 (restart 0) KSP residual norm 4.342095e-01
  5 (restart 0) KSP residual norm 3.502530e-01
  6 (restart 0) KSP residual norm 3.251099e-01
  7 (restart 0) KSP residual norm 3.043993e-01
  8 (restart 0) KSP residual norm 2.097470e-01
  9 (restart 0) KSP residual norm 1.162235e-01
 10 (restart 0) KSP residual norm 6.911619e-02
 11 (restart 0) KSP residual norm 2.480618e-02
 12 (restart 0) KSP residual norm 5.807231e-03
 13 (restart 0) KSP residual norm 3.691677e-03
 14 (restart 0) KSP residual norm 2.055454e-03
 15 (restart 0) KSP residual norm 1.099234e-03
 16 (restart 0) KSP residual norm 7.864441e-04
 17 (restart 0) KSP residual norm 4.532115e-04
 18 (restart 0) KSP residual norm 2.578094e-04
 19 (restart 0) KSP residual norm 1.507706e-04
 20 (restart 0) KSP residual norm 1.057032e-04
 21 (restart 0) KSP residual norm 7.272823e-05
 22 (restart 0) KSP residual norm 4.534408e-05
 23 (restart 0) KSP residual norm 2.944242e-05
 24 (restart 0) KSP residual norm 1.977132e-05
 25 (restart 0) KSP residual norm 1.422236e-05
 26 (restart 0) KSP residual norm 1.041486e-05
 27 (restart 0) KSP residual norm 8.183829e-06
 28 (restart 0) KSP residual norm 6.704202e-06
 29 (restart 0) KSP residual norm 5.625754e-06
 30 (restart 0) KSP residual norm 4.809880e-06
 31 (restart 0) KSP residual norm 4.182614e-06
 32 (restart 0) KSP residual norm 3.655423e-06
 33 (restart 0) KSP residual norm 3.128609e-06
 34 (restart 0) KSP residual norm 2.514456e-06
 35 (restart 0) KSP residual norm 1.980515e-06
 36 (restart 0) KSP residual norm 1.431183e-06
 37 (restart 0) KSP residual norm 1.048870e-06
 38 (restart 0) KSP residual norm 7.755147e-07
 39 (restart 0) KSP residual norm 5.943714e-07
 40 (restart 0) KSP residual norm 4.657897e-07
 41 (restart 0) KSP residual norm 3.724004e-07
 42 (restart 0) KSP residual norm 2.985310e-07
 43 (restart 0) KSP residual norm 2.463673e-07
 44 (restart 0) KSP residual norm 2.011549e-07
 45 (restart 0) KSP residual norm 1.635460e-07
 46 (restart 0) KSP residual norm 1.326901e-07
 47 (restart 0) KSP residual norm 1.058162e-07
 48 (restart 0) KSP residual norm 8.633314e-08
GMRES solver converged in 48 iterations (avg. reduction factor: 6.799e-01)
  Residual norms for GMRES solve
  0 (restart 0) KSP residual norm 9.125491e+00
  1 (restart 0) KSP residual norm 9.091641e+00
  2 (restart 0) KSP residual norm 2.931644e+00
  3 (restart 0) KSP residual norm 1.781962e+00
  4 (restart 0) KSP residual norm 1.634056e+00
  5 (restart 0) KSP residual norm 1.539499e+00
  6 (restart 0) KSP residual norm 1.248911e+00
  7 (restart 0) KSP residual norm 4.185948e-01
  8 (restart 0) KSP residual norm 3.190973e-01
  9 (restart 0) KSP residual norm 9.894007e-02
 10 (restart 0) KSP residual norm 3.224706e-02
 11 (restart 0) KSP residual norm 1.724046e-02
 12 (restart 0) KSP residual norm 9.229432e-03
 13 (restart 0) KSP residual norm 5.526455e-03
 14 (restart 0) KSP residual norm 3.008187e-03
 15 (restart 0) KSP residual norm 1.874541e-03
 16 (restart 0) KSP residual norm 1.153961e-03
 17 (restart 0) KSP residual norm 5.703132e-04
 18 (restart 0) KSP residual norm 4.616516e-04
 19 (restart 0) KSP residual norm 2.620416e-04
 20 (restart 0) KSP residual norm 2.076556e-04
 21 (restart 0) KSP residual norm 1.370562e-04
 22 (restart 0) KSP residual norm 8.761016e-05
 23 (restart 0) KSP residual norm 5.797535e-05
 24 (restart 0) KSP residual norm 3.690127e-05
 25 (restart 0) KSP residual norm 2.438866e-05
 26 (restart 0) KSP residual norm 1.712015e-05
 27 (restart 0) KSP residual norm 1.248343e-05
 28 (restart 0) KSP residual norm 9.054167e-06
 29 (restart 0) KSP residual norm 6.885120e-06
 30 (restart 0) KSP residual norm 5.384772e-06
 31 (restart 0) KSP residual norm 4.400805e-06
 32 (restart 0) KSP residual norm 3.725121e-06
 33 (restart 0) KSP residual norm 3.193217e-06
 34 (restart 0) KSP residual norm 2.684656e-06
 35 (restart 0) KSP residual norm 2.148764e-06
 36 (restart 0) KSP residual norm 1.719093e-06
 37 (restart 0) KSP residual norm 1.373867e-06
 38 (restart 0) KSP residual norm 1.113069e-06
 39 (restart 0) KSP residual norm 9.159506e-07
 40 (restart 0) KSP residual norm 7.767482e-07
 41 (restart 0) KSP residual norm 6.595833e-07
 42 (restart 0) KSP residual norm 5.542292e-07
 43 (restart 0) KSP residual norm 4.452404e-07
 44 (restart 0) KSP residual norm 3.410469e-07
 45 (restart 0) KSP residual norm 2.581021e-07
 46 (restart 0) KSP residual norm 2.004082e-07
 47 (restart 0) KSP residual norm 1.550534e-07
 48 (restart 0) KSP residual norm 1.221611e-07
 49 (restart 0) KSP residual norm 9.777234e-08
 50 (restart 0) KSP residual norm 8.167251e-08
GMRES solver converged in 50 iterations (avg. reduction factor: 6.903e-01)
  Residual norms for GMRES solve
  0 (restart 0) KSP residual norm 8.936439e+00
  1 (restart 0) KSP residual norm 4.734779e+00
  2 (restart 0) KSP residual norm 2.833174e+00
  3 (restart 0) KSP residual norm 1.844110e+00
  4 (restart 0) KSP residual norm 1.833824e+00
  5 (restart 0) KSP residual norm 1.788494e+00
  6 (restart 0) KSP residual norm 1.684819e+00
  7 (restart 0) KSP residual norm 1.137623e+00
  8 (restart 0) KSP residual norm 4.011063e-01
  9 (restart 0) KSP residual norm 1.437785e-01
 10 (restart 0) KSP residual norm 4.692360e-02
 11 (restart 0) KSP residual norm 2.212988e-02
 12 (restart 0) KSP residual norm 1.129224e-02
 13 (restart 0) KSP residual norm 5.824578e-03
 14 (restart 0) KSP residual norm 3.267658e-03
 15 (restart 0) KSP residual norm 1.843859e-03
 16 (restart 0) KSP residual norm 1.245292e-03
 17 (restart 0) KSP residual norm 8.055591e-04
 18 (restart 0) KSP residual norm 5.535111e-04
 19 (restart 0) KSP residual norm 3.809682e-04
 20 (restart 0) KSP residual norm 2.432240e-04
 21 (restart 0) KSP residual norm 1.770713e-04
 22 (restart 0) KSP residual norm 1.217531e-04
 23 (restart 0) KSP residual norm 8.457725e-05
 24 (restart 0) KSP residual norm 5.774585e-05
 25 (restart 0) KSP residual norm 3.879516e-05
 26 (restart 0) KSP residual norm 2.728159e-05
 27 (restart 0) KSP residual norm 1.970735e-05
 28 (restart 0) KSP residual norm 1.520298e-05
 29 (restart 0) KSP residual norm 1.209093e-05
 30 (restart 0) KSP residual norm 9.978729e-06
 31 (restart 0) KSP residual norm 8.449505e-06
 32 (restart 0) KSP residual norm 7.349895e-06
 33 (restart 0) KSP residual norm 6.385365e-06
 34 (restart 0) KSP residual norm 5.361269e-06
 35 (restart 0) KSP residual norm 4.372386e-06
 36 (restart 0) KSP residual norm 3.485753e-06
 37 (restart 0) KSP residual norm 2.685691e-06
 38 (restart 0) KSP residual norm 2.132397e-06
 39 (restart 0) KSP residual norm 1.748211e-06
 40 (restart 0) KSP residual norm 1.442713e-06
 41 (restart 0) KSP residual norm 1.185983e-06
 42 (restart 0) KSP residual norm 9.596927e-07
 43 (restart 0) KSP residual norm 7.548133e-07
 44 (restart 0) KSP residual norm 5.755096e-07
 45 (restart 0) KSP residual norm 4.324247e-07
 46 (restart 0) KSP residual norm 3.388247e-07
 47 (restart 0) KSP residual norm 2.729562e-07
 48 (restart 0) KSP residual norm 2.231875e-07
 49 (restart 0) KSP residual norm 1.896157e-07
 50 (restart 0) KSP residual norm 1.633273e-07
 51 (restart 0) KSP residual norm 1.428110e-07
 52 (restart 0) KSP residual norm 1.254777e-07
 53 (restart 0) KSP residual norm 1.088211e-07
 54 (restart 0) KSP residual norm 9.177657e-08
 55 (restart 0) KSP residual norm 7.497904e-08
GMRES solver converged in 55 iterations (avg. reduction factor: 7.131e-01)
  Residual norms for GMRES solve
  0 (restart 0) KSP residual norm 7.782112e+00
  1 (restart 0) KSP residual norm 6.418591e+00
  2 (restart 0) KSP residual norm 2.847231e+00
  3 (restart 0) KSP residual norm 2.509570e+00
  4 (restart 0) KSP residual norm 2.449624e+00
  5 (restart 0) KSP residual norm 2.401793e+00
  6 (restart 0) KSP residual norm 1.671409e+00
  7 (restart 0) KSP residual norm 9.552284e-01
  8 (restart 0) KSP residual norm 5.366041e-01
  9 (restart 0) KSP residual norm 1.757626e-01
 10 (restart 0) KSP residual norm 5.725822e-02
 11 (restart 0) KSP residual norm 2.735379e-02
 12 (restart 0) KSP residual norm 1.631992e-02
 13 (restart 0) KSP residual norm 7.580912e-03
 14 (restart 0) KSP residual norm 4.720009e-03
 15 (restart 0) KSP residual norm 3.329898e-03
 16 (restart 0) KSP residual norm 1.557603e-03
 17 (restart 0) KSP residual norm 1.243117e-03
 18 (restart 0) KSP residual norm 7.060345e-04
 19 (restart 0) KSP residual norm 4.997216e-04
 20 (restart 0) KSP residual norm 3.621415e-04
 21 (restart 0) KSP residual norm 2.286055e-04
 22 (restart 0) KSP residual norm 1.565181e-04
 23 (restart 0) KSP residual norm 9.763808e-05
 24 (restart 0) KSP residual norm 6.927613e-05
 25 (restart 0) KSP residual norm 4.791630e-05
 26 (restart 0) KSP residual norm 3.480338e-05
 27 (restart 0) KSP residual norm 2.595001e-05
 28 (restart 0) KSP residual norm 1.994095e-05
 29 (restart 0) KSP residual norm 1.572462e-05
 30 (restart 0) KSP residual norm 1.305197e-05
 31 (restart 0) KSP residual norm 1.142783e-05
 32 (restart 0) KSP residual norm 1.001176e-05
 33 (restart 0) KSP residual norm 8.662234e-06
 34 (restart 0) KSP residual norm 7.229403e-06
 35 (restart 0) KSP residual norm 5.735346e-06
 36 (restart 0) KSP residual norm 4.513346e-06
 37 (restart 0) KSP residual norm 3.411473e-06
 38 (restart 0) KSP residual norm 2.586151e-06
 39 (restart 0) KSP residual norm 1.983754e-06
 40 (restart 0) KSP residual norm 1.565116e-06
 41 (restart 0) KSP residual norm 1.257736e-06
 42 (restart 0) KSP residual norm 1.022043e-06
 43 (restart 0) KSP residual norm 8.226087e-07
 44 (restart 0) KSP residual norm 6.505170e-07
 45 (restart 0) KSP residual norm 5.065925e-07
 46 (restart 0) KSP residual norm 4.044986e-07
 47 (restart 0) KSP residual norm 3.324134e-07
 48 (restart 0) KSP residual norm 2.797899e-07
 49 (restart 0) KSP residual norm 2.398760e-07
 50 (restart 0) KSP residual norm 2.054680e-07
 51 (restart 0) KSP residual norm 1.754728e-07
 52 (restart 0) KSP residual norm 1.490890e-07
 53 (restart 0) KSP residual norm 1.252203e-07
 54 (restart 0) KSP residual norm 1.045059e-07
 55 (restart 0) KSP residual norm 8.615235e-08
 56 (restart 0) KSP residual norm 7.051019e-08
GMRES solver converged in 56 iterations (avg. reduction factor: 7.184e-01)
  Residual norms for GMRES solve
  0 (restart 0) KSP residual norm 1.125660e+01
  1 (restart 0) KSP residual norm 3.746286e+00
  2 (restart 0) KSP residual norm 3.279068e+00
  3 (restart 0) KSP residual norm 2.591705e+00
  4 (restart 0) KSP residual norm 2.584870e+00
  5 (restart 0) KSP residual norm 2.566309e+00
  6 (restart 0) KSP residual norm 2.512191e+00
  7 (restart 0) KSP residual norm 1.826607e+00
  8 (restart 0) KSP residual norm 6.781167e-01
  9 (restart 0) KSP residual norm 1.797660e-01
 10 (restart 0) KSP residual norm 6.015817e-02
 11 (restart 0) KSP residual norm 3.389950e-02
 12 (restart 0) KSP residual norm 1.749064e-02
 13 (restart 0) KSP residual norm 9.282387e-03
 14 (restart 0) KSP residual norm 5.358821e-03
 15 (restart 0) KSP residual norm 3.220860e-03
 16 (restart 0) KSP residual norm 2.084670e-03
 17 (restart 0) KSP residual norm 1.213930e-03
 18 (restart 0) KSP residual norm 8.806607e-04
 19 (restart 0) KSP residual norm 5.009087e-04
 20 (restart 0) KSP residual norm 3.767601e-04
 21 (restart 0) KSP residual norm 2.348737e-04
 22 (restart 0) KSP residual norm 1.596439e-04
 23 (restart 0) KSP residual norm 1.047273e-04
 24 (restart 0) KSP residual norm 6.816938e-05
 25 (restart 0) KSP residual norm 4.569674e-05
 26 (restart 0) KSP residual norm 3.035368e-05
 27 (restart 0) KSP residual norm 2.152628e-05
 28 (restart 0) KSP residual norm 1.543623e-05
 29 (restart 0) KSP residual norm 1.162657e-05
 30 (restart 0) KSP residual norm 8.999678e-06
 31 (restart 0) KSP residual norm 7.449930e-06
 32 (restart 0) KSP residual norm 6.407479e-06
 33 (restart 0) KSP residual norm 5.414862e-06
 34 (restart 0) KSP residual norm 4.544701e-06
 35 (restart 0) KSP residual norm 3.733418e-06
 36 (restart 0) KSP residual norm 2.920670e-06
 37 (restart 0) KSP residual norm 2.350848e-06
 38 (restart 0) KSP residual norm 1.894520e-06
 39 (restart 0) KSP residual norm 1.565126e-06
 40 (restart 0) KSP residual norm 1.321889e-06
 41 (restart 0) KSP residual norm 1.129225e-06
 42 (restart 0) KSP residual norm 9.436626e-07
 43 (restart 0) KSP residual norm 7.541232e-07
 44 (restart 0) KSP residual norm 5.789761e-07
 45 (restart 0) KSP residual norm 4.468332e-07
 46 (restart 0) KSP residual norm 3.429308e-07
 47 (restart 0) KSP residual norm 2.618118e-07
 48 (restart 0) KSP residual norm 2.054118e-07
 49 (restart 0) KSP residual norm 1.622168e-07
 50 (restart 0) KSP residual norm 1.323617e-07
 51 (restart 0) KSP residual norm 1.104819e-07
GMRES solver converged in 51 iterations (avg. reduction factor: 6.966e-01)
  Residual norms for GMRES solve
  0 (restart 0) KSP residual norm 7.627212e+00
  1 (restart 0) KSP residual norm 4.693611e+00
  2 (restart 0) KSP residual norm 1.926978e+00
  3 (restart 0) KSP residual norm 8.597801e-01
  4 (restart 0) KSP residual norm 6.168588e-01
  5 (restart 0) KSP residual norm 5.375880e-01
  6 (restart 0) KSP residual norm 5.238219e-01
  7 (restart 0) KSP residual norm 4.052765e-01
  8 (restart 0) KSP residual norm 3.245787e-01
  9 (restart 0) KSP residual norm 1.233067e-01
 10 (restart 0) KSP residual norm 3.405659e-02
 11 (restart 0) KSP residual norm 1.808209e-02
 12 (restart 0) KSP residual norm 7.897731e-03
 13 (restart 0) KSP residual norm 3.911200e-03
 14 (restart 0) KSP residual norm 2.680205e-03
 15 (restart 0) KSP residual norm 1.212818e-03
 16 (restart 0) KSP residual norm 9.666929e-04
 17 (restart 0) KSP residual norm 4.506497e-04
 18 (restart 0) KSP residual norm 3.075079e-04
 19 (restart 0) KSP residual norm 2.216026e-04
 20 (restart 0) KSP residual norm 1.418699e-04
 21 (restart 0) KSP residual norm 1.107843e-04
 22 (restart 0) KSP residual norm 6.454401e-05
 23 (restart 0) KSP residual norm 4.410045e-05
 24 (restart 0) KSP residual norm 3.003998e-05
 25 (restart 0) KSP residual norm 2.168201e-05
 26 (restart 0) KSP residual norm 1.643062e-05
 27 (restart 0) KSP residual norm 1.316552e-05
 28 (restart 0) KSP residual norm 1.085102e-05
 29 (restart 0) KSP residual norm 9.239481e-06
 30 (restart 0) KSP residual norm 7.980041e-06
 31 (restart 0) KSP residual norm 6.929221e-06
 32 (restart 0) KSP residual norm 5.996973e-06
 33 (restart 0) KSP residual norm 4.997471e-06
 34 (restart 0) KSP residual norm 3.896944e-06
 35 (restart 0) KSP residual norm 2.994861e-06
 36 (restart 0) KSP residual norm 2.254896e-06
 37 (restart 0) KSP residual norm 1.653212e-06
 38 (restart 0) KSP residual norm 1.263583e-06
 39 (restart 0) KSP residual norm 9.830357e-07
 40 (restart 0) KSP residual norm 7.887528e-07
 41 (restart 0) KSP residual norm 6.367666e-07
 42 (restart 0) KSP residual norm 5.138170e-07
 43 (restart 0) KSP residual norm 4.183928e-07
 44 (restart 0) KSP residual norm 3.388323e-07
 45 (restart 0) KSP residual norm 2.714689e-07
 46 (restart 0) KSP residual norm 2.158780e-07
 47 (restart 0) KSP residual norm 1.739116e-07
 48 (restart 0) KSP residual norm 1.442217e-07
 49 (restart 0) KSP residual norm 1.237061e-07
 50 (restart 0) KSP residual norm 1.081984e-07
 51 (restart 0) KSP residual norm 9.413663e-08
 52 (restart 0) KSP residual norm 8.141038e-08
 53 (restart 0) KSP residual norm 6.761826e-08
GMRES solver converged in 53 iterations (avg. reduction factor: 7.048e-01)
  Residual norms for GMRES solve
  0 (restart 0) KSP residual norm 9.131076e+00
  1 (restart 0) KSP residual norm 6.204017e+00
  2 (restart 0) KSP residual norm 3.495349e+00
  3 (restart 0) KSP residual norm 2.410302e+00
  4 (restart 0) KSP residual norm 2.300643e+00
  5 (restart 0) KSP residual norm 2.265150e+00
  6 (restart 0) KSP residual norm 2.001336e+00
  7 (restart 0) KSP residual norm 1.073659e+00
  8 (restart 0) KSP residual norm 6.342333e-01
  9 (restart 0) KSP residual norm 2.090498e-01
 10 (restart 0) KSP residual norm 7.743010e-02
 11 (restart 0) KSP residual norm 3.014608e-02
 12 (restart 0) KSP residual norm 1.552329e-02
 13 (restart 0) KSP residual norm 1.014504e-02
 14 (restart 0) KSP residual norm 4.982996e-03
 15 (restart 0) KSP residual norm 3.560081e-03
 16 (restart 0) KSP residual norm 1.868409e-03
 17 (restart 0) KSP residual norm 1.200741e-03
 18 (restart 0) KSP residual norm 8.751614e-04
 19 (restart 0) KSP residual norm 5.235865e-04
 20 (restart 0) KSP residual norm 3.933435e-04
 21 (restart 0) KSP residual norm 2.268679e-04
 22 (restart 0) KSP residual norm 1.405126e-04
 23 (restart 0) KSP residual norm 9.130612e-05
 24 (restart 0) KSP residual norm 6.503719e-05
 25 (restart 0) KSP residual norm 4.469367e-05
 26 (restart 0) KSP residual norm 2.878319e-05
 27 (restart 0) KSP residual norm 1.874387e-05
 28 (restart 0) KSP residual norm 1.309320e-05
 29 (restart 0) KSP residual norm 9.852898e-06
 30 (restart 0) KSP residual norm 7.869513e-06
 31 (restart 0) KSP residual norm 6.636453e-06
 32 (restart 0) KSP residual norm 5.613658e-06
 33 (restart 0) KSP residual norm 4.721386e-06
 34 (restart 0) KSP residual norm 3.972326e-06
 35 (restart 0) KSP residual norm 3.275969e-06
 36 (restart 0) KSP residual norm 2.629465e-06
 37 (restart 0) KSP residual norm 2.103369e-06
 38 (restart 0) KSP residual norm 1.664907e-06
 39 (restart 0) KSP residual norm 1.382973e-06
 40 (restart 0) KSP residual norm 1.188162e-06
 41 (restart 0) KSP residual norm 1.010286e-06
 42 (restart 0) KSP residual norm 8.496521e-07
 43 (restart 0) KSP residual norm 6.706289e-07
 44 (restart 0) KSP residual norm 4.978185e-07
 45 (restart 0) KSP residual norm 3.776232e-07
 46 (restart 0) KSP residual norm 2.857149e-07
 47 (restart 0) KSP residual norm 2.142868e-07
 48 (restart 0) KSP residual norm 1.600539e-07
 49 (restart 0) KSP residual norm 1.175500e-07
 50 (restart 0) KSP residual norm 9.284093e-08
 51 (restart 0) KSP residual norm 7.650532e-08
GMRES solver converged in 51 iterations (avg. reduction factor: 6.944e-01)
  Residual norms for GMRES solve
  0 (restart 0) KSP residual norm 9.286007e+00
  1 (restart 0) KSP residual norm 4.329086e+00
  2 (restart 0) KSP residual norm 3.757170e+00
  3 (restart 0) KSP residual norm 3.312248e+00
  4 (restart 0) KSP residual norm 3.299111e+00
  5 (restart 0) KSP residual norm 3.242832e+00
  6 (restart 0) KSP residual norm 2.796222e+00
  7 (restart 0) KSP residual norm 1.446139e+00
  8 (restart 0) KSP residual norm 6.192537e-01
  9 (restart 0) KSP residual norm 1.970299e-01
 10 (restart 0) KSP residual norm 6.586365e-02
 11 (restart 0) KSP residual norm 3.452120e-02
 12 (restart 0) KSP residual norm 1.692487e-02
 13 (restart 0) KSP residual norm 8.937090e-03
 14 (restart 0) KSP residual norm 6.010642e-03
 15 (restart 0) KSP residual norm 3.389299e-03
 16 (restart 0) KSP residual norm 2.679022e-03
 17 (restart 0) KSP residual norm 1.574038e-03
 18 (restart 0) KSP residual norm 9.621268e-04
 19 (restart 0) KSP residual norm 7.511359e-04
 20 (restart 0) KSP residual norm 3.942104e-04
 21 (restart 0) KSP residual norm 2.937230e-04
 22 (restart 0) KSP residual norm 1.878406e-04
 23 (restart 0) KSP residual norm 1.310051e-04
 24 (restart 0) KSP residual norm 9.150867e-05
 25 (restart 0) KSP residual norm 6.086436e-05
 26 (restart 0) KSP residual norm 4.261698e-05
 27 (restart 0) KSP residual norm 2.911752e-05
 28 (restart 0) KSP residual norm 2.135384e-05
 29 (restart 0) KSP residual norm 1.630687e-05
 30 (restart 0) KSP residual norm 1.278902e-05
 31 (restart 0) KSP residual norm 1.062899e-05
 32 (restart 0) KSP residual norm 9.138280e-06
 33 (restart 0) KSP residual norm 7.750228e-06
 34 (restart 0) KSP residual norm 6.474146e-06
 35 (restart 0) KSP residual norm 5.341726e-06
 36 (restart 0) KSP residual norm 4.303079e-06
 37 (restart 0) KSP residual norm 3.461787e-06
 38 (restart 0) KSP residual norm 2.795787e-06
 39 (restart 0) KSP residual norm 2.320472e-06
 40 (restart 0) KSP residual norm 1.960392e-06
 41 (restart 0) KSP residual norm 1.674341e-06
 42 (restart 0) KSP residual norm 1.392906e-06
 43 (restart 0) KSP residual norm 1.089692e-06
 44 (restart 0) KSP residual norm 8.131646e-07
 45 (restart 0) KSP residual norm 6.014399e-07
 46 (restart 0) KSP residual norm 4.617736e-07
 47 (restart 0) KSP residual norm 3.595110e-07
 48 (restart 0) KSP residual norm 2.782714e-07
 49 (restart 0) KSP residual norm 2.196372e-07
 50 (restart 0) KSP residual norm 1.800188e-07
 51 (restart 0) KSP residual norm 1.512475e-07
 52 (restart 0) KSP residual norm 1.306556e-07
 53 (restart 0) KSP residual norm 1.119008e-07
 54 (restart 0) KSP residual norm 9.408696e-08
 55 (restart 0) KSP residual norm 7.799491e-08
GMRES solver converged in 55 iterations (avg. reduction factor: 7.131e-01)
  Residual norms for GMRES solve
  0 (restart 0) KSP residual norm 8.280662e+00
  1 (restart 0) KSP residual norm 6.360420e+00
  2 (restart 0) KSP residual norm 3.806484e+00
  3 (restart 0) KSP residual norm 3.376069e+00
  4 (restart 0) KSP residual norm 3.374351e+00
  5 (restart 0) KSP residual norm 3.368281e+00
  6 (restart 0) KSP residual norm 3.229584e+00
  7 (restart 0) KSP residual norm 2.060730e+00
  8 (restart 0) KSP residual norm 6.477596e-01
  9 (restart 0) KSP residual norm 2.356178e-01
 10 (restart 0) KSP residual norm 6.971625e-02
 11 (restart 0) KSP residual norm 3.450129e-02
 12 (restart 0) KSP residual norm 1.833804e-02
 13 (restart 0) KSP residual norm 1.120605e-02
 14 (restart 0) KSP residual norm 6.085155e-03
 15 (restart 0) KSP residual norm 4.445046e-03
 16 (restart 0) KSP residual norm 2.637778e-03
 17 (restart 0) KSP residual norm 1.483952e-03
 18 (restart 0) KSP residual norm 1.158169e-03
 19 (restart 0) KSP residual norm 6.861818e-04
 20 (restart 0) KSP residual norm 5.004860e-04
 21 (restart 0) KSP residual norm 2.885037e-04
 22 (restart 0) KSP residual norm 1.938952e-04
 23 (restart 0) KSP residual norm 1.326744e-04
 24 (restart 0) KSP residual norm 9.293327e-05
 25 (restart 0) KSP residual norm 6.202475e-05
 26 (restart 0) KSP residual norm 4.390288e-05
 27 (restart 0) KSP residual norm 2.982935e-05
 28 (restart 0) KSP residual norm 2.189169e-05
 29 (restart 0) KSP residual norm 1.636061e-05
 30 (restart 0) KSP residual norm 1.270692e-05
 31 (restart 0) KSP residual norm 1.064558e-05
 32 (restart 0) KSP residual norm 9.104443e-06
 33 (restart 0) KSP residual norm 7.745271e-06
 34 (restart 0) KSP residual norm 6.473903e-06
 35 (restart 0) KSP residual norm 5.379945e-06
 36 (restart 0) KSP residual norm 4.404488e-06
 37 (restart 0) KSP residual norm 3.436280e-06
 38 (restart 0) KSP residual norm 2.726117e-06
 39 (restart 0) KSP residual norm 2.197703e-06
 40 (restart 0) KSP residual norm 1.829627e-06
 41 (restart 0) KSP residual norm 1.548796e-06
 42 (restart 0) KSP residual norm 1.296572e-06
 43 (restart 0) KSP residual norm 1.038619e-06
 44 (restart 0) KSP residual norm 7.860830e-07
 45 (restart 0) KSP residual norm 6.057077e-07
 46 (restart 0) KSP residual norm 4.801979e-07
 47 (restart 0) KSP residual norm 3.901182e-07
 48 (restart 0) KSP residual norm 3.212514e-07
 49 (restart 0) KSP residual norm 2.662837e-07
 50 (restart 0) KSP residual norm 2.239839e-07
 51 (restart 0) KSP residual norm 1.921132e-07
 52 (restart 0) KSP residual norm 1.646131e-07
 53 (restart 0) KSP residual norm 1.393919e-07
 54 (restart 0) KSP residual norm 1.174313e-07
 55 (restart 0) KSP residual norm 9.571508e-08
 56 (restart 0) KSP residual norm 7.678762e-08
GMRES solver converged in 56 iterations (avg. reduction factor: 7.187e-01)
  Residual norms for GMRES solve
  0 (restart 0) KSP residual norm 9.694318e+00
  1 (restart 0) KSP residual norm 8.141524e+00
  2 (restart 0) KSP residual norm 3.086723e+00
  3 (restart 0) KSP residual norm 2.047848e+00
  4 (restart 0) KSP residual norm 2.018136e+00
  5 (restart 0) KSP residual norm 1.982587e+00
  6 (restart 0) KSP residual norm 1.951502e+00
  7 (restart 0) KSP residual norm 1.496542e+00
  8 (restart 0) KSP residual norm 6.224479e-01
  9 (restart 0) KSP residual norm 1.962094e-01
 10 (restart 0) KSP residual norm 5.850006e-02
 11 (restart 0) KSP residual norm 2.922628e-02
 12 (restart 0) KSP residual norm 1.318468e-02
 13 (restart 0) KSP residual norm 7.059070e-03
 14 (restart 0) KSP residual norm 4.111573e-03
 15 (restart 0) KSP residual norm 2.580411e-03
 16 (restart 0) KSP residual norm 1.738611e-03
 17 (restart 0) KSP residual norm 9.613294e-04
 18 (restart 0) KSP residual norm 7.374146e-04
 19 (restart 0) KSP residual norm 4.201719e-04
 20 (restart 0) KSP residual norm 3.334233e-04
 21 (restart 0) KSP residual norm 2.067859e-04
 22 (restart 0) KSP residual norm 1.283605e-04
 23 (restart 0) KSP residual norm 8.758409e-05
 24 (restart 0) KSP residual norm 5.993063e-05
 25 (restart 0) KSP residual norm 3.952302e-05
 26 (restart 0) KSP residual norm 2.702851e-05
 27 (restart 0) KSP residual norm 1.803117e-05
 28 (restart 0) KSP residual norm 1.282409e-05
 29 (restart 0) KSP residual norm 9.666352e-06
 30 (restart 0) KSP residual norm 7.600183e-06
 31 (restart 0) KSP residual norm 6.330128e-06
 32 (restart 0) KSP residual norm 5.409936e-06
 33 (restart 0) KSP residual norm 4.583187e-06
 34 (restart 0) KSP residual norm 3.820769e-06
 35 (restart 0) KSP residual norm 3.150310e-06
 36 (restart 0) KSP residual norm 2.527829e-06
 37 (restart 0) KSP residual norm 2.020235e-06
 38 (restart 0) KSP residual norm 1.626790e-06
 39 (restart 0) KSP residual norm 1.347367e-06
 40 (restart 0) KSP residual norm 1.149147e-06
 41 (restart 0) KSP residual norm 9.755084e-07
 42 (restart 0) KSP residual norm 8.221639e-07
 43 (restart 0) KSP residual norm 6.541671e-07
 44 (restart 0) KSP residual norm 4.912581e-07
 45 (restart 0) KSP residual norm 3.643536e-07
 46 (restart 0) KSP residual norm 2.771072e-07
 47 (restart 0) KSP residual norm 2.138574e-07
 48 (restart 0) KSP residual norm 1.554248e-07
 49 (restart 0) KSP residual norm 1.164981e-07
 50 (restart 0) KSP residual norm 9.335110e-08
GMRES solver converged in 50 iterations (avg. reduction factor: 6.913e-01)
  Residual norms for GMRES solve
  0 (restart 0) KSP residual norm 7.071963e+00
  1 (restart 0) KSP residual norm 3.523864e+00
  2 (restart 0) KSP residual norm 2.848553e+00
  3 (restart 0) KSP residual norm 2.042452e+00
  4 (restart 0) KSP residual norm 1.940321e+00
  5 (restart 0) KSP residual norm 1.919338e+00
  6 (restart 0) KSP residual norm 1.696577e+00
  7 (restart 0) KSP residual norm 8.838194e-01
  8 (restart 0) KSP residual norm 4.803084e-01
  9 (restart 0) KSP residual norm 1.612355e-01
 10 (restart 0) KSP residual norm 5.129992e-02
 11 (restart 0) KSP residual norm 2.278010e-02
 12 (restart 0) KSP residual norm 1.276590e-02
 13 (restart 0) KSP residual norm 8.209426e-03
 14 (restart 0) KSP residual norm 3.686765e-03
 15 (restart 0) KSP residual norm 2.108321e-03
 16 (restart 0) KSP residual norm 1.339757e-03
 17 (restart 0) KSP residual norm 8.044176e-04
 18 (restart 0) KSP residual norm 6.076343e-04
 19 (restart 0) KSP residual norm 3.686611e-04
 20 (restart 0) KSP residual norm 2.696728e-04
 21 (restart 0) KSP residual norm 1.729763e-04
 22 (restart 0) KSP residual norm 1.097632e-04
 23 (restart 0) KSP residual norm 6.986047e-05
 24 (restart 0) KSP residual norm 4.924474e-05
 25 (restart 0) KSP residual norm 3.433532e-05
 26 (restart 0) KSP residual norm 2.459393e-05
 27 (restart 0) KSP residual norm 1.701274e-05
 28 (restart 0) KSP residual norm 1.207467e-05
 29 (restart 0) KSP residual norm 9.208804e-06
 30 (restart 0) KSP residual norm 7.517827e-06
 31 (restart 0) KSP residual norm 6.281648e-06
 32 (restart 0) KSP residual norm 5.386670e-06
 33 (restart 0) KSP residual norm 4.560585e-06
 34 (restart 0) KSP residual norm 3.816761e-06
 35 (restart 0) KSP residual norm 3.188763e-06
 36 (restart 0) KSP residual norm 2.581985e-06
 37 (restart 0) KSP residual norm 2.026409e-06
 38 (restart 0) KSP residual norm 1.632980e-06
 39 (restart 0) KSP residual norm 1.364904e-06
 40 (restart 0) KSP residual norm 1.165268e-06
 41 (restart 0) KSP residual norm 9.730245e-07
 42 (restart 0) KSP residual norm 8.043767e-07
 43 (restart 0) KSP residual norm 6.296321e-07
 44 (restart 0) KSP residual norm 4.687768e-07
 45 (restart 0) KSP residual norm 3.532892e-07
 46 (restart 0) KSP residual norm 2.709025e-07
 47 (restart 0) KSP residual norm 2.124475e-07
 48 (restart 0) KSP residual norm 1.674010e-07
 49 (restart 0) KSP residual norm 1.340325e-07
 50 (restart 0) KSP residual norm 1.111269e-07
 51 (restart 0) KSP residual norm 9.501274e-08
 52 (restart 0) KSP residual norm 8.203524e-08
 53 (restart 0) KSP residual norm 7.153611e-08
 54 (restart 0) KSP residual norm 6.138393e-08
GMRES solver converged in 54 iterations (avg. reduction factor: 7.091e-01)
  Residual norms for GMRES solve
  0 (restart 0) KSP residual norm 7.165329e+00
  1 (restart 0) KSP residual norm 6.818284e+00
  2 (restart 0) KSP residual norm 2.541580e+00
  3 (restart 0) KSP residual norm 9.896111e-01
  4 (restart 0) KSP residual norm 2.456146e-01
  5 (restart 0) KSP residual norm 1.672405e-01
  6 (restart 0) KSP residual norm 1.420206e-01
  7 (restart 0) KSP residual norm 1.025774e-01
  8 (restart 0) KSP residual norm 8.706495e-02
  9 (restart 0) KSP residual norm 6.434239e-02
 10 (restart 0) KSP residual norm 3.070381e-02
 11 (restart 0) KSP residual norm 1.313308e-02
 12 (restart 0) KSP residual norm 7.108217e-03
 13 (restart 0) KSP residual norm 4.054239e-03
 14 (restart 0) KSP residual norm 1.351324e-03
 15 (restart 0) KSP residual norm 9.759821e-04
 16 (restart 0) KSP residual norm 5.568284e-04
 17 (restart 0) KSP residual norm 2.877514e-04
 18 (restart 0) KSP residual norm 2.000249e-04
 19 (restart 0) KSP residual norm 9.407807e-05
 20 (restart 0) KSP residual norm 6.911306e-05
 21 (restart 0) KSP residual norm 4.645356e-05
 22 (restart 0) KSP residual norm 3.101885e-05
 23 (restart 0) KSP residual norm 1.970810e-05
 24 (restart 0) KSP residual norm 1.271388e-05
 25 (restart 0) KSP residual norm 8.654417e-06
 26 (restart 0) KSP residual norm 6.034283e-06
 27 (restart 0) KSP residual norm 4.550105e-06
 28 (restart 0) KSP residual norm 3.515191e-06
 29 (restart 0) KSP residual norm 2.815997e-06
 30 (restart 0) KSP residual norm 2.304954e-06
 31 (restart 0) KSP residual norm 1.957392e-06
 32 (restart 0) KSP residual norm 1.647218e-06
 33 (restart 0) KSP residual norm 1.415101e-06
 34 (restart 0) KSP residual norm 1.201773e-06
 35 (restart 0) KSP residual norm 9.827486e-07
 36 (restart 0) KSP residual norm 7.533022e-07
 37 (restart 0) KSP residual norm 5.823388e-07
 38 (restart 0) KSP residual norm 4.503230e-07
 39 (restart 0) KSP residual norm 3.575961e-07
 40 (restart 0) KSP residual norm 2.926885e-07
 41 (restart 0) KSP residual norm 2.418426e-07
 42 (restart 0) KSP residual norm 1.985086e-07
 43 (restart 0) KSP residual norm 1.617317e-07
 44 (restart 0) KSP residual norm 1.320318e-07
 45 (restart 0) KSP residual norm 1.057885e-07
 46 (restart 0) KSP residual norm 8.063802e-08
 47 (restart 0) KSP residual norm 6.088944e-08
GMRES solver converged in 47 iterations (avg. reduction factor: 6.734e-01)
  Residual norms for GMRES solve
  0 (restart 0) KSP residual norm 6.547042e+00
  1 (restart 0) KSP residual norm 3.083808e+00
  2 (restart 0) KSP residual norm 2.582520e+00
  3 (restart 0) KSP residual norm 1.591533e+00
  4 (restart 0) KSP residual norm 1.171577e+00
  5 (restart 0) KSP residual norm 1.059074e+00
  6 (restart 0) KSP residual norm 6.772315e-01
  7 (restart 0) KSP residual norm 3.166593e-01
  8 (restart 0) KSP residual norm 2.198472e-01
  9 (restart 0) KSP residual norm 1.223373e-01
 10 (restart 0) KSP residual norm 3.271135e-02
 11 (restart 0) KSP residual norm 1.632399e-02
 12 (restart 0) KSP residual norm 1.030923e-02
 13 (restart 0) KSP residual norm 4.921315e-03
 14 (restart 0) KSP residual norm 3.298946e-03
 15 (restart 0) KSP residual norm 1.760670e-03
 16 (restart 0) KSP residual norm 7.994552e-04
 17 (restart 0) KSP residual norm 5.906271e-04
 18 (restart 0) KSP residual norm 3.424364e-04
 19 (restart 0) KSP residual norm 2.395391e-04
 20 (restart 0) KSP residual norm 1.678619e-04
 21 (restart 0) KSP residual norm 1.044938e-04
 22 (restart 0) KSP residual norm 6.337297e-05
 23 (restart 0) KSP residual norm 4.036704e-05
 24 (restart 0) KSP residual norm 2.871494e-05
 25 (restart 0) KSP residual norm 1.856398e-05
 26 (restart 0) KSP residual norm 1.313067e-05
 27 (restart 0) KSP residual norm 8.685890e-06
 28 (restart 0) KSP residual norm 6.043098e-06
 29 (restart 0) KSP residual norm 4.701256e-06
 30 (restart 0) KSP residual norm 3.897361e-06
 31 (restart 0) KSP residual norm 3.192777e-06
 32 (restart 0) KSP residual norm 2.706056e-06
 33 (restart 0) KSP residual norm 2.308268e-06
 34 (restart 0) KSP residual norm 1.952830e-06
 35 (restart 0) KSP residual norm 1.560200e-06
 36 (restart 0) KSP residual norm 1.185295e-06
 37 (restart 0) KSP residual norm 9.433804e-07
 38 (restart 0) KSP residual norm 7.948398e-07
 39 (restart 0) KSP residual norm 6.714286e-07
 40 (restart 0) KSP residual norm 5.683713e-07
 41 (restart 0) KSP residual norm 4.726561e-07
 42 (restart 0) KSP residual norm 3.876096e-07
 43 (restart 0) KSP residual norm 3.138092e-07
 44 (restart 0) KSP residual norm 2.463310e-07
 45 (restart 0) KSP residual norm 1.893460e-07
 46 (restart 0) KSP residual norm 1.383599e-07
 47 (restart 0) KSP residual norm 1.051530e-07
 48 (restart 0) KSP residual norm 8.214259e-08
 49 (restart 0) KSP residual norm 6.642065e-08
 50 (restart 0) KSP residual norm 5.466591e-08
GMRES solver converged in 50 iterations (avg. reduction factor: 6.893e-01)
  Residual norms for GMRES solve
  0 (restart 0) KSP residual norm 6.905791e+00
  1 (restart 0) KSP residual norm 5.225720e+00
  2 (restart 0) KSP residual norm 3.463797e+00
  3 (restart 0) KSP residual norm 1.944526e+00
  4 (restart 0) KSP residual norm 1.449351e+00
  5 (restart 0) KSP residual norm 1.311789e+00
  6 (restart 0) KSP residual norm 7.806533e-01
  7 (restart 0) KSP residual norm 4.763572e-01
  8 (restart 0) KSP residual norm 2.790188e-01
  9 (restart 0) KSP residual norm 9.298737e-02
 10 (restart 0) KSP residual norm 4.533833e-02
 11 (restart 0) KSP residual norm 1.749811e-02
 12 (restart 0) KSP residual norm 1.038498e-02
 13 (restart 0) KSP residual norm 7.399969e-03
 14 (restart 0) KSP residual norm 2.582543e-03
 15 (restart 0) KSP residual norm 2.070441e-03
 16 (restart 0) KSP residual norm 1.190354e-03
 17 (restart 0) KSP residual norm 7.148758e-04
 18 (restart 0) KSP residual norm 4.859959e-04
 19 (restart 0) KSP residual norm 2.792798e-04
 20 (restart 0) KSP residual norm 1.885524e-04
 21 (restart 0) KSP residual norm 1.249723e-04
 22 (restart 0) KSP residual norm 7.677595e-05
 23 (restart 0) KSP residual norm 4.694811e-05
 24 (restart 0) KSP residual norm 3.091519e-05
 25 (restart 0) KSP residual norm 2.119247e-05
 26 (restart 0) KSP residual norm 1.512356e-05
 27 (restart 0) KSP residual norm 1.073626e-05
 28 (restart 0) KSP residual norm 7.550492e-06
 29 (restart 0) KSP residual norm 5.731686e-06
 30 (restart 0) KSP residual norm 4.566340e-06
 31 (restart 0) KSP residual norm 3.746230e-06
 32 (restart 0) KSP residual norm 3.216254e-06
 33 (restart 0) KSP residual norm 2.706984e-06
 34 (restart 0) KSP residual norm 2.262596e-06
 35 (restart 0) KSP residual norm 1.845837e-06
 36 (restart 0) KSP residual norm 1.471249e-06
 37 (restart 0) KSP residual norm 1.170154e-06
 38 (restart 0) KSP residual norm 9.442224e-07
 39 (restart 0) KSP residual norm 7.866680e-07
 40 (restart 0) KSP residual norm 6.767237e-07
 41 (restart 0) KSP residual norm 5.783124e-07
 42 (restart 0) KSP residual norm 4.861226e-07
 43 (restart 0) KSP residual norm 3.903381e-07
 44 (restart 0) KSP residual norm 3.024045e-07
 45 (restart 0) KSP residual norm 2.345037e-07
 46 (restart 0) KSP residual norm 1.829565e-07
 47 (restart 0) KSP residual norm 1.433270e-07
 48 (restart 0) KSP residual norm 1.112249e-07
 49 (restart 0) KSP residual norm 8.813725e-08
 50 (restart 0) KSP residual norm 7.182926e-08
 51 (restart 0) KSP residual norm 5.917499e-08
GMRES solver converged in 51 iterations (avg. reduction factor: 6.947e-01)
  1 EPS nconv=4 first unconverged value (error) -6.22801e-06+0.34971i (6.83940198e-03)
  Residual norms for GMRES solve
  0 (restart 0) KSP residual norm 5.882457e+00
  1 (restart 0) KSP residual norm 3.609912e+00
  2 (restart 0) KSP residual norm 2.617970e+00
  3 (restart 0) KSP residual norm 1.040055e+00
  4 (restart 0) KSP residual norm 3.592876e-01
  5 (restart 0) KSP residual norm 3.369678e-01
  6 (restart 0) KSP residual norm 3.047810e-01
  7 (restart 0) KSP residual norm 2.658283e-01
  8 (restart 0) KSP residual norm 1.854093e-01
  9 (restart 0) KSP residual norm 9.206419e-02
 10 (restart 0) KSP residual norm 4.608710e-02
 11 (restart 0) KSP residual norm 1.521460e-02
 12 (restart 0) KSP residual norm 5.867682e-03
 13 (restart 0) KSP residual norm 3.706035e-03
 14 (restart 0) KSP residual norm 1.786586e-03
 15 (restart 0) KSP residual norm 1.342427e-03
 16 (restart 0) KSP residual norm 7.430319e-04
 17 (restart 0) KSP residual norm 3.566545e-04
 18 (restart 0) KSP residual norm 2.396479e-04
 19 (restart 0) KSP residual norm 1.402871e-04
 20 (restart 0) KSP residual norm 1.037066e-04
 21 (restart 0) KSP residual norm 6.538315e-05
 22 (restart 0) KSP residual norm 4.149329e-05
 23 (restart 0) KSP residual norm 2.607497e-05
 24 (restart 0) KSP residual norm 1.803435e-05
 25 (restart 0) KSP residual norm 1.352578e-05
 26 (restart 0) KSP residual norm 9.881937e-06
 27 (restart 0) KSP residual norm 7.759725e-06
 28 (restart 0) KSP residual norm 6.147539e-06
 29 (restart 0) KSP residual norm 5.128548e-06
 30 (restart 0) KSP residual norm 4.248465e-06
 31 (restart 0) KSP residual norm 3.535387e-06
 32 (restart 0) KSP residual norm 2.843901e-06
 33 (restart 0) KSP residual norm 2.224895e-06
 34 (restart 0) KSP residual norm 1.753333e-06
 35 (restart 0) KSP residual norm 1.358598e-06
 36 (restart 0) KSP residual norm 1.041140e-06
 37 (restart 0) KSP residual norm 8.239121e-07
 38 (restart 0) KSP residual norm 6.845400e-07
 39 (restart 0) KSP residual norm 5.868203e-07
 40 (restart 0) KSP residual norm 4.984153e-07
 41 (restart 0) KSP residual norm 4.169447e-07
 42 (restart 0) KSP residual norm 3.440786e-07
 43 (restart 0) KSP residual norm 2.788023e-07
 44 (restart 0) KSP residual norm 2.207473e-07
 45 (restart 0) KSP residual norm 1.751052e-07
 46 (restart 0) KSP residual norm 1.446224e-07
 47 (restart 0) KSP residual norm 1.210534e-07
 48 (restart 0) KSP residual norm 1.020264e-07
 49 (restart 0) KSP residual norm 8.600202e-08
 50 (restart 0) KSP residual norm 6.952385e-08
 51 (restart 0) KSP residual norm 5.537999e-08
GMRES solver converged in 51 iterations (avg. reduction factor: 6.960e-01)
  Residual norms for GMRES solve
  0 (restart 0) KSP residual norm 2.037417e+01
  1 (restart 0) KSP residual norm 1.561155e+01
  2 (restart 0) KSP residual norm 1.148248e+01
  3 (restart 0) KSP residual norm 2.098597e+00
  4 (restart 0) KSP residual norm 8.675665e-01
  5 (restart 0) KSP residual norm 5.545512e-01
  6 (restart 0) KSP residual norm 4.325253e-01
  7 (restart 0) KSP residual norm 3.668428e-01
  8 (restart 0) KSP residual norm 1.306641e-01
  9 (restart 0) KSP residual norm 8.509677e-02
 10 (restart 0) KSP residual norm 6.098087e-02
 11 (restart 0) KSP residual norm 2.026719e-02
 12 (restart 0) KSP residual norm 1.253043e-02
 13 (restart 0) KSP residual norm 7.063515e-03
 14 (restart 0) KSP residual norm 3.335489e-03
 15 (restart 0) KSP residual norm 2.003038e-03
 16 (restart 0) KSP residual norm 1.163232e-03
 17 (restart 0) KSP residual norm 6.439131e-04
 18 (restart 0) KSP residual norm 3.429919e-04
 19 (restart 0) KSP residual norm 2.001444e-04
 20 (restart 0) KSP residual norm 1.269030e-04
 21 (restart 0) KSP residual norm 9.353552e-05
 22 (restart 0) KSP residual norm 6.236951e-05
 23 (restart 0) KSP residual norm 3.493608e-05
 24 (restart 0) KSP residual norm 1.990889e-05
 25 (restart 0) KSP residual norm 1.280498e-05
 26 (restart 0) KSP residual norm 8.748878e-06
 27 (restart 0) KSP residual norm 6.285964e-06
 28 (restart 0) KSP residual norm 4.214231e-06
 29 (restart 0) KSP residual norm 2.812307e-06
 30 (restart 0) KSP residual norm 2.026272e-06
 31 (restart 0) KSP residual norm 1.632402e-06
 32 (restart 0) KSP residual norm 1.407454e-06
 33 (restart 0) KSP residual norm 1.192646e-06
 34 (restart 0) KSP residual norm 1.009515e-06
 35 (restart 0) KSP residual norm 8.257827e-07
 36 (restart 0) KSP residual norm 6.838568e-07
 37 (restart 0) KSP residual norm 5.549626e-07
 38 (restart 0) KSP residual norm 4.358397e-07
 39 (restart 0) KSP residual norm 3.435008e-07
 40 (restart 0) KSP residual norm 2.802841e-07
