>> /opt/amip/envs/emsim/bin/mpirun -n 32 /opt/amip/palace/bin/palace-x86_64.bin h3_superpose_qtz_bare.json

_____________     _______
_____   __   \____ __   /____ ____________
____   /_/  /  __ ` /  /  __ ` /  ___/  _ \
___   _____/  /_/  /  /  /_/  /  /__/  ___/
  /__/     \___,__/__/\___,__/\_____\_____/


[38;2;255;255;000m--> Warning![0m
Output folder is not empty; program will overwrite content! (postpro/h3_superpose_qtz_bare)
Git changeset ID: v0.17.0-293-g3c83b9db0
Running with 32 MPI processes, 1 OpenMP thread
Device configuration: omp,cpu
Memory configuration: host-std
libCEED backend: /cpu/self/xsmm/blocked

Added 8340 boundary elements for material interfaces to the mesh

Characteristic length and time scales:
 Lc = 1.760e-01 m, tc = 5.871e-01 ns
Finished partitioning mesh into 32 subdomains

Mesh curvature order: 2
Mesh bounding box:
 (Xmin, Ymin, Zmin) = (-8.800e-02, -8.800e-02, -5.771e-02) m
 (Xmax, Ymax, Zmax) = (+8.800e-02, +8.800e-02, +5.771e-02) m

Parallel Mesh Stats:

                minimum     average     maximum       total
 vertices           124         196         309        6302
 edges             1094        1322        1668       42305
 faces             2074        2224        2483       71186
 elements          1069        1099        1131       35182
 neighbors            5          11          20

            minimum     maximum
 h       0.00671559    0.200231
 kappa      1.05407      12.788

Estimated current per-rank memory usage is: Min. 32.4M, Max. 59.6M, Avg. 33.9M, Total 1.1G
Estimated current per-node memory usage is: Min. 1.1G, Max. 1.1G, Avg. 1.1G, Total 1.1G

Configuring Robin finite conductivity BC at attributes:
 90: σ = 3.500e+07 S/m, n = (-0.1,+0.1,-1.0)

Assembling system matrices, number of global unknowns:
 H1 (p = 2): 48607, ND (p = 2): 226982, RT (p = 2): 319104
 Operator assembly level: Partial
 Mesh geometries:
  Tetrahedron: P = 20, Q = 14 (quadrature order = 4)

Configuring SLEPc eigenvalue solver:
 Scaling γ = 2.824e+01, δ = 3.704e-06
 Configuring divergence-free projection
 Using random starting vector
 Shift-and-invert σ = 2.400e+00 GHz (8.853e+00)

Assembling multigrid hierarchy:
 Level 0 (p = 1): 42305 unknowns
 Level 1 (p = 2): 226982 unknowns
 Level 0 (auxiliary) (p = 1): 6302 unknowns
 Level 1 (auxiliary) (p = 2): 48607 unknowns

#PETSc Option Table entries:
-eps_monitor # (source: code)
#End of PETSc Option Table entries

  Residual norms for GMRES solve
  0 (restart 0) KSP residual norm 2.181678e+00
  1 (restart 0) KSP residual norm 1.024679e+00
  2 (restart 0) KSP residual norm 2.711358e-01
  3 (restart 0) KSP residual norm 6.828563e-02
  4 (restart 0) KSP residual norm 2.455158e-02
  5 (restart 0) KSP residual norm 7.129349e-03
  6 (restart 0) KSP residual norm 1.417796e-03
  7 (restart 0) KSP residual norm 3.269109e-04
  8 (restart 0) KSP residual norm 8.322927e-05
  9 (restart 0) KSP residual norm 1.837981e-05
 10 (restart 0) KSP residual norm 4.327448e-06
 11 (restart 0) KSP residual norm 1.012735e-06
 12 (restart 0) KSP residual norm 2.491823e-07
 13 (restart 0) KSP residual norm 6.027567e-08
 14 (restart 0) KSP residual norm 1.513082e-08
GMRES solver converged in 14 iterations (avg. reduction factor: 2.613e-01)
  Residual norms for GMRES solve
  0 (restart 0) KSP residual norm 2.374250e+02
  1 (restart 0) KSP residual norm 2.980626e+01
  2 (restart 0) KSP residual norm 1.988399e+00
  3 (restart 0) KSP residual norm 4.977617e-01
  4 (restart 0) KSP residual norm 8.756165e-02
  5 (restart 0) KSP residual norm 1.881461e-02
  6 (restart 0) KSP residual norm 4.466846e-03
  7 (restart 0) KSP residual norm 1.064005e-03
  8 (restart 0) KSP residual norm 2.739340e-04
  9 (restart 0) KSP residual norm 6.376072e-05
 10 (restart 0) KSP residual norm 1.456594e-05
 11 (restart 0) KSP residual norm 3.790252e-06
 12 (restart 0) KSP residual norm 8.918338e-07
GMRES solver converged in 12 iterations (avg. reduction factor: 1.986e-01)
  Residual norms for GMRES solve
  0 (restart 0) KSP residual norm 5.467214e+02
  1 (restart 0) KSP residual norm 7.799834e+01
  2 (restart 0) KSP residual norm 4.751934e+00
  3 (restart 0) KSP residual norm 9.946219e-01
  4 (restart 0) KSP residual norm 1.623684e-01
  5 (restart 0) KSP residual norm 4.000109e-02
  6 (restart 0) KSP residual norm 9.454379e-03
  7 (restart 0) KSP residual norm 2.274546e-03
  8 (restart 0) KSP residual norm 5.256251e-04
  9 (restart 0) KSP residual norm 1.364832e-04
 10 (restart 0) KSP residual norm 3.128395e-05
 11 (restart 0) KSP residual norm 7.120114e-06
 12 (restart 0) KSP residual norm 1.739892e-06
GMRES solver converged in 12 iterations (avg. reduction factor: 1.958e-01)
  Residual norms for GMRES solve
  0 (restart 0) KSP residual norm 3.573596e+02
  1 (restart 0) KSP residual norm 5.151537e+01
  2 (restart 0) KSP residual norm 3.677893e+00
  3 (restart 0) KSP residual norm 1.147787e+00
  4 (restart 0) KSP residual norm 1.982144e-01
  5 (restart 0) KSP residual norm 4.884278e-02
  6 (restart 0) KSP residual norm 9.597547e-03
  7 (restart 0) KSP residual norm 2.097673e-03
  8 (restart 0) KSP residual norm 4.442093e-04
  9 (restart 0) KSP residual norm 1.143632e-04
 10 (restart 0) KSP residual norm 2.498245e-05
 11 (restart 0) KSP residual norm 6.548786e-06
 12 (restart 0) KSP residual norm 1.533161e-06
GMRES solver converged in 12 iterations (avg. reduction factor: 2.008e-01)
  Residual norms for GMRES solve
  0 (restart 0) KSP residual norm 5.279993e+02
  1 (restart 0) KSP residual norm 5.833649e+01
  2 (restart 0) KSP residual norm 3.430003e+00
  3 (restart 0) KSP residual norm 9.727737e-01
  4 (restart 0) KSP residual norm 1.957787e-01
  5 (restart 0) KSP residual norm 4.405675e-02
  6 (restart 0) KSP residual norm 9.631732e-03
  7 (restart 0) KSP residual norm 2.323313e-03
  8 (restart 0) KSP residual norm 5.856015e-04
  9 (restart 0) KSP residual norm 1.451831e-04
 10 (restart 0) KSP residual norm 3.140966e-05
 11 (restart 0) KSP residual norm 8.066569e-06
 12 (restart 0) KSP residual norm 1.775828e-06
GMRES solver converged in 12 iterations (avg. reduction factor: 1.967e-01)
  Residual norms for GMRES solve
  0 (restart 0) KSP residual norm 1.051658e+02
  1 (restart 0) KSP residual norm 1.496895e+01
  2 (restart 0) KSP residual norm 4.677491e+00
  3 (restart 0) KSP residual norm 4.154021e-01
  4 (restart 0) KSP residual norm 1.841130e-01
  5 (restart 0) KSP residual norm 6.266628e-02
  6 (restart 0) KSP residual norm 8.516112e-03
  7 (restart 0) KSP residual norm 1.933553e-03
  8 (restart 0) KSP residual norm 4.260545e-04
  9 (restart 0) KSP residual norm 1.185298e-04
 10 (restart 0) KSP residual norm 2.646551e-05
 11 (restart 0) KSP residual norm 6.986270e-06
 12 (restart 0) KSP residual norm 1.396460e-06
 13 (restart 0) KSP residual norm 3.518965e-07
GMRES solver converged in 13 iterations (avg. reduction factor: 2.229e-01)
  Residual norms for GMRES solve
  0 (restart 0) KSP residual norm 1.408241e+01
  1 (restart 0) KSP residual norm 1.305860e+01
  2 (restart 0) KSP residual norm 3.750813e+00
  3 (restart 0) KSP residual norm 7.030281e-01
  4 (restart 0) KSP residual norm 2.001827e-01
  5 (restart 0) KSP residual norm 5.106499e-02
  6 (restart 0) KSP residual norm 6.370789e-03
  7 (restart 0) KSP residual norm 1.617822e-03
  8 (restart 0) KSP residual norm 3.758802e-04
  9 (restart 0) KSP residual norm 9.885425e-05
 10 (restart 0) KSP residual norm 2.115919e-05
 11 (restart 0) KSP residual norm 5.987101e-06
 12 (restart 0) KSP residual norm 1.312547e-06
 13 (restart 0) KSP residual norm 3.277191e-07
 14 (restart 0) KSP residual norm 6.652637e-08
GMRES solver converged in 14 iterations (avg. reduction factor: 2.543e-01)
  Residual norms for GMRES solve
  0 (restart 0) KSP residual norm 8.778915e+01
  1 (restart 0) KSP residual norm 7.588506e+01
  2 (restart 0) KSP residual norm 5.676060e+00
  3 (restart 0) KSP residual norm 1.367489e+00
  4 (restart 0) KSP residual norm 2.335605e-01
  5 (restart 0) KSP residual norm 4.940144e-02
  6 (restart 0) KSP residual norm 1.126236e-02
  7 (restart 0) KSP residual norm 2.454805e-03
  8 (restart 0) KSP residual norm 5.787536e-04
  9 (restart 0) KSP residual norm 1.249440e-04
 10 (restart 0) KSP residual norm 2.855400e-05
 11 (restart 0) KSP residual norm 7.521326e-06
 12 (restart 0) KSP residual norm 1.827322e-06
 13 (restart 0) KSP residual norm 4.189753e-07
GMRES solver converged in 13 iterations (avg. reduction factor: 2.290e-01)
  Residual norms for GMRES solve
  0 (restart 0) KSP residual norm 8.384903e+01
  1 (restart 0) KSP residual norm 7.103692e+01
  2 (restart 0) KSP residual norm 5.567612e+00
  3 (restart 0) KSP residual norm 1.528800e+00
  4 (restart 0) KSP residual norm 2.264232e-01
  5 (restart 0) KSP residual norm 5.708355e-02
  6 (restart 0) KSP residual norm 1.074557e-02
  7 (restart 0) KSP residual norm 2.554909e-03
  8 (restart 0) KSP residual norm 6.259044e-04
  9 (restart 0) KSP residual norm 1.216104e-04
 10 (restart 0) KSP residual norm 3.195049e-05
 11 (restart 0) KSP residual norm 7.985948e-06
 12 (restart 0) KSP residual norm 1.851710e-06
 13 (restart 0) KSP residual norm 4.197492e-07
GMRES solver converged in 13 iterations (avg. reduction factor: 2.299e-01)
  Residual norms for GMRES solve
  0 (restart 0) KSP residual norm 2.141580e+01
  1 (restart 0) KSP residual norm 1.045803e+01
  2 (restart 0) KSP residual norm 2.956282e+00
  3 (restart 0) KSP residual norm 5.180318e-01
  4 (restart 0) KSP residual norm 1.430718e-01
  5 (restart 0) KSP residual norm 3.405495e-02
  6 (restart 0) KSP residual norm 6.084978e-03
  7 (restart 0) KSP residual norm 1.367483e-03
  8 (restart 0) KSP residual norm 2.855176e-04
  9 (restart 0) KSP residual norm 6.913835e-05
 10 (restart 0) KSP residual norm 1.560511e-05
 11 (restart 0) KSP residual norm 4.180051e-06
 12 (restart 0) KSP residual norm 9.625030e-07
 13 (restart 0) KSP residual norm 2.421019e-07
 14 (restart 0) KSP residual norm 5.753458e-08
GMRES solver converged in 14 iterations (avg. reduction factor: 2.442e-01)
  Residual norms for GMRES solve
  0 (restart 0) KSP residual norm 2.180478e+01
  1 (restart 0) KSP residual norm 6.773749e+00
  2 (restart 0) KSP residual norm 2.184942e+00
  3 (restart 0) KSP residual norm 2.516942e-01
  4 (restart 0) KSP residual norm 1.094309e-01
  5 (restart 0) KSP residual norm 3.060188e-02
  6 (restart 0) KSP residual norm 3.930892e-03
  7 (restart 0) KSP residual norm 9.418225e-04
  8 (restart 0) KSP residual norm 1.881828e-04
  9 (restart 0) KSP residual norm 4.814619e-05
 10 (restart 0) KSP residual norm 1.035834e-05
 11 (restart 0) KSP residual norm 2.529439e-06
 12 (restart 0) KSP residual norm 6.220434e-07
 13 (restart 0) KSP residual norm 1.520640e-07
GMRES solver converged in 13 iterations (avg. reduction factor: 2.358e-01)
  Residual norms for GMRES solve
  0 (restart 0) KSP residual norm 1.366101e+01
  1 (restart 0) KSP residual norm 6.774031e+00
  2 (restart 0) KSP residual norm 1.823115e+00
  3 (restart 0) KSP residual norm 2.928648e-01
  4 (restart 0) KSP residual norm 8.492340e-02
  5 (restart 0) KSP residual norm 2.126799e-02
  6 (restart 0) KSP residual norm 3.507167e-03
  7 (restart 0) KSP residual norm 8.021156e-04
  8 (restart 0) KSP residual norm 1.683562e-04
  9 (restart 0) KSP residual norm 4.368478e-05
 10 (restart 0) KSP residual norm 1.007253e-05
 11 (restart 0) KSP residual norm 2.593155e-06
 12 (restart 0) KSP residual norm 6.252837e-07
 13 (restart 0) KSP residual norm 1.595834e-07
 14 (restart 0) KSP residual norm 4.100550e-08
GMRES solver converged in 14 iterations (avg. reduction factor: 2.462e-01)
  Residual norms for GMRES solve
  0 (restart 0) KSP residual norm 2.045658e+01
  1 (restart 0) KSP residual norm 7.085415e+00
  2 (restart 0) KSP residual norm 2.558473e+00
  3 (restart 0) KSP residual norm 2.690109e-01
  4 (restart 0) KSP residual norm 1.032223e-01
  5 (restart 0) KSP residual norm 1.609834e-02
  6 (restart 0) KSP residual norm 3.724799e-03
  7 (restart 0) KSP residual norm 7.754242e-04
  8 (restart 0) KSP residual norm 1.867604e-04
  9 (restart 0) KSP residual norm 4.504713e-05
 10 (restart 0) KSP residual norm 1.118032e-05
 11 (restart 0) KSP residual norm 2.691360e-06
 12 (restart 0) KSP residual norm 6.634405e-07
 13 (restart 0) KSP residual norm 1.721808e-07
GMRES solver converged in 13 iterations (avg. reduction factor: 2.393e-01)
  Residual norms for GMRES solve
  0 (restart 0) KSP residual norm 1.069230e+01
  1 (restart 0) KSP residual norm 8.602944e+00
  2 (restart 0) KSP residual norm 1.896012e+00
  3 (restart 0) KSP residual norm 4.053090e-01
  4 (restart 0) KSP residual norm 1.036995e-01
  5 (restart 0) KSP residual norm 1.733028e-02
  6 (restart 0) KSP residual norm 3.878498e-03
  7 (restart 0) KSP residual norm 7.853108e-04
  8 (restart 0) KSP residual norm 1.838255e-04
  9 (restart 0) KSP residual norm 4.238766e-05
 10 (restart 0) KSP residual norm 9.986619e-06
 11 (restart 0) KSP residual norm 2.409751e-06
 12 (restart 0) KSP residual norm 5.682556e-07
 13 (restart 0) KSP residual norm 1.397271e-07
 14 (restart 0) KSP residual norm 3.003908e-08
GMRES solver converged in 14 iterations (avg. reduction factor: 2.450e-01)
  Residual norms for GMRES solve
  0 (restart 0) KSP residual norm 3.109621e+01
  1 (restart 0) KSP residual norm 1.423213e+01
  2 (restart 0) KSP residual norm 2.512856e+00
  3 (restart 0) KSP residual norm 5.473379e-01
  4 (restart 0) KSP residual norm 1.211861e-01
  5 (restart 0) KSP residual norm 2.083522e-02
  6 (restart 0) KSP residual norm 4.319279e-03
  7 (restart 0) KSP residual norm 1.005358e-03
  8 (restart 0) KSP residual norm 2.101416e-04
  9 (restart 0) KSP residual norm 5.653240e-05
 10 (restart 0) KSP residual norm 1.329721e-05
 11 (restart 0) KSP residual norm 3.542174e-06
 12 (restart 0) KSP residual norm 7.174575e-07
 13 (restart 0) KSP residual norm 1.842190e-07
GMRES solver converged in 13 iterations (avg. reduction factor: 2.329e-01)
  Residual norms for GMRES solve
  0 (restart 0) KSP residual norm 4.008995e+01
  1 (restart 0) KSP residual norm 2.132138e+01
  2 (restart 0) KSP residual norm 3.488823e+00
  3 (restart 0) KSP residual norm 7.913878e-01
  4 (restart 0) KSP residual norm 1.499530e-01
  5 (restart 0) KSP residual norm 3.359002e-02
  6 (restart 0) KSP residual norm 6.658981e-03
  7 (restart 0) KSP residual norm 1.619711e-03
  8 (restart 0) KSP residual norm 3.474953e-04
  9 (restart 0) KSP residual norm 8.420931e-05
 10 (restart 0) KSP residual norm 2.137733e-05
 11 (restart 0) KSP residual norm 5.003639e-06
 12 (restart 0) KSP residual norm 1.154131e-06
 13 (restart 0) KSP residual norm 2.526910e-07
GMRES solver converged in 13 iterations (avg. reduction factor: 2.340e-01)
  Residual norms for GMRES solve
  0 (restart 0) KSP residual norm 2.390974e+01
  1 (restart 0) KSP residual norm 1.383046e+01
  2 (restart 0) KSP residual norm 4.181807e+00
  3 (restart 0) KSP residual norm 3.512108e-01
  4 (restart 0) KSP residual norm 1.932365e-01
  5 (restart 0) KSP residual norm 3.303613e-02
  6 (restart 0) KSP residual norm 7.265860e-03
  7 (restart 0) KSP residual norm 1.870540e-03
  8 (restart 0) KSP residual norm 4.385815e-04
  9 (restart 0) KSP residual norm 1.105125e-04
 10 (restart 0) KSP residual norm 2.526081e-05
 11 (restart 0) KSP residual norm 6.323393e-06
 12 (restart 0) KSP residual norm 1.355329e-06
 13 (restart 0) KSP residual norm 3.182590e-07
 14 (restart 0) KSP residual norm 6.754163e-08
GMRES solver converged in 14 iterations (avg. reduction factor: 2.451e-01)
  Residual norms for GMRES solve
  0 (restart 0) KSP residual norm 2.252521e+01
  1 (restart 0) KSP residual norm 8.078828e+00
  2 (restart 0) KSP residual norm 2.088162e+00
  3 (restart 0) KSP residual norm 2.371889e-01
  4 (restart 0) KSP residual norm 1.475414e-01
  5 (restart 0) KSP residual norm 4.737253e-02
  6 (restart 0) KSP residual norm 5.968051e-03
  7 (restart 0) KSP residual norm 1.288692e-03
  8 (restart 0) KSP residual norm 3.357496e-04
  9 (restart 0) KSP residual norm 8.376235e-05
 10 (restart 0) KSP residual norm 1.962327e-05
 11 (restart 0) KSP residual norm 4.281644e-06
 12 (restart 0) KSP residual norm 9.487492e-07
 13 (restart 0) KSP residual norm 2.362861e-07
 14 (restart 0) KSP residual norm 4.598688e-08
GMRES solver converged in 14 iterations (avg. reduction factor: 2.395e-01)
  Residual norms for GMRES solve
  0 (restart 0) KSP residual norm 2.788781e+01
  1 (restart 0) KSP residual norm 9.819896e+00
  2 (restart 0) KSP residual norm 2.402535e+00
  3 (restart 0) KSP residual norm 2.202846e-01
  4 (restart 0) KSP residual norm 1.006611e-01
  5 (restart 0) KSP residual norm 2.973324e-02
  6 (restart 0) KSP residual norm 4.559204e-03
  7 (restart 0) KSP residual norm 1.081445e-03
  8 (restart 0) KSP residual norm 2.658179e-04
  9 (restart 0) KSP residual norm 5.782729e-05
 10 (restart 0) KSP residual norm 1.485544e-05
 11 (restart 0) KSP residual norm 3.714145e-06
 12 (restart 0) KSP residual norm 8.760038e-07
 13 (restart 0) KSP residual norm 2.073890e-07
GMRES solver converged in 13 iterations (avg. reduction factor: 2.370e-01)
  1 EPS nconv=3 first unconverged value (error) -6.71196e-06+0.342627i (1.06963824e-03)
  Residual norms for GMRES solve
  0 (restart 0) KSP residual norm 2.146272e+01
  1 (restart 0) KSP residual norm 1.082819e+01
  2 (restart 0) KSP residual norm 1.804072e+00
  3 (restart 0) KSP residual norm 3.828753e-01
  4 (restart 0) KSP residual norm 8.965748e-02
  5 (restart 0) KSP residual norm 2.047540e-02
  6 (restart 0) KSP residual norm 3.979469e-03
  7 (restart 0) KSP residual norm 1.064329e-03
  8 (restart 0) KSP residual norm 2.479147e-04
  9 (restart 0) KSP residual norm 4.950272e-05
 10 (restart 0) KSP residual norm 1.351731e-05
 11 (restart 0) KSP residual norm 3.184944e-06
 12 (restart 0) KSP residual norm 7.462397e-07
 13 (restart 0) KSP residual norm 1.785810e-07
GMRES solver converged in 13 iterations (avg. reduction factor: 2.390e-01)
  Residual norms for GMRES solve
  0 (restart 0) KSP residual norm 3.358125e+01
  1 (restart 0) KSP residual norm 1.559810e+01
  2 (restart 0) KSP residual norm 2.702820e+00
  3 (restart 0) KSP residual norm 2.758916e-01
  4 (restart 0) KSP residual norm 1.079920e-01
  5 (restart 0) KSP residual norm 3.251746e-02
  6 (restart 0) KSP residual norm 5.173820e-03
  7 (restart 0) KSP residual norm 1.101613e-03
  8 (restart 0) KSP residual norm 2.292385e-04
  9 (restart 0) KSP residual norm 5.621320e-05
 10 (restart 0) KSP residual norm 1.270775e-05
 11 (restart 0) KSP residual norm 2.697999e-06
 12 (restart 0) KSP residual norm 6.726327e-07
 13 (restart 0) KSP residual norm 1.575190e-07
GMRES solver converged in 13 iterations (avg. reduction factor: 2.287e-01)
  Residual norms for GMRES solve
  0 (restart 0) KSP residual norm 2.586064e+01
  1 (restart 0) KSP residual norm 1.043590e+01
  2 (restart 0) KSP residual norm 2.787547e+00
  3 (restart 0) KSP residual norm 2.827580e-01
  4 (restart 0) KSP residual norm 9.935397e-02
  5 (restart 0) KSP residual norm 2.680672e-02
  6 (restart 0) KSP residual norm 4.032958e-03
  7 (restart 0) KSP residual norm 8.694195e-04
  8 (restart 0) KSP residual norm 2.008554e-04
  9 (restart 0) KSP residual norm 4.509429e-05
 10 (restart 0) KSP residual norm 1.173325e-05
 11 (restart 0) KSP residual norm 2.606085e-06
 12 (restart 0) KSP residual norm 6.579626e-07
 13 (restart 0) KSP residual norm 1.589074e-07
GMRES solver converged in 13 iterations (avg. reduction factor: 2.335e-01)
  Residual norms for GMRES solve
  0 (restart 0) KSP residual norm 2.955410e+01
  1 (restart 0) KSP residual norm 1.151670e+01
  2 (restart 0) KSP residual norm 2.033002e+00
  3 (restart 0) KSP residual norm 2.800683e-01
  4 (restart 0) KSP residual norm 1.024926e-01
  5 (restart 0) KSP residual norm 2.388333e-02
  6 (restart 0) KSP residual norm 4.355613e-03
  7 (restart 0) KSP residual norm 1.167118e-03
  8 (restart 0) KSP residual norm 2.568686e-04
  9 (restart 0) KSP residual norm 5.983025e-05
 10 (restart 0) KSP residual norm 1.474577e-05
 11 (restart 0) KSP residual norm 3.389360e-06
 12 (restart 0) KSP residual norm 7.117589e-07
 13 (restart 0) KSP residual norm 1.845610e-07
GMRES solver converged in 13 iterations (avg. reduction factor: 2.338e-01)
  Residual norms for GMRES solve
  0 (restart 0) KSP residual norm 3.014827e+01
  1 (restart 0) KSP residual norm 1.307892e+01
  2 (restart 0) KSP residual norm 2.437511e+00
  3 (restart 0) KSP residual norm 5.522026e-01
  4 (restart 0) KSP residual norm 9.211193e-02
  5 (restart 0) KSP residual norm 2.275302e-02
  6 (restart 0) KSP residual norm 4.752489e-03
  7 (restart 0) KSP residual norm 1.084525e-03
  8 (restart 0) KSP residual norm 2.077922e-04
  9 (restart 0) KSP residual norm 4.829195e-05
 10 (restart 0) KSP residual norm 8.732571e-06
 11 (restart 0) KSP residual norm 2.688467e-06
 12 (restart 0) KSP residual norm 5.968817e-07
 13 (restart 0) KSP residual norm 1.589423e-07
GMRES solver converged in 13 iterations (avg. reduction factor: 2.308e-01)
  Residual norms for GMRES solve
  0 (restart 0) KSP residual norm 8.259966e+00
  1 (restart 0) KSP residual norm 6.031469e+00
  2 (restart 0) KSP residual norm 2.162619e+00
  3 (restart 0) KSP residual norm 1.815523e-01
  4 (restart 0) KSP residual norm 9.459719e-02
  5 (restart 0) KSP residual norm 2.444360e-02
  6 (restart 0) KSP residual norm 4.589710e-03
  7 (restart 0) KSP residual norm 9.096969e-04
  8 (restart 0) KSP residual norm 2.192902e-04
  9 (restart 0) KSP residual norm 5.264497e-05
 10 (restart 0) KSP residual norm 1.030435e-05
 11 (restart 0) KSP residual norm 2.991789e-06
 12 (restart 0) KSP residual norm 6.159987e-07
 13 (restart 0) KSP residual norm 1.572054e-07
 14 (restart 0) KSP residual norm 3.160359e-08
GMRES solver converged in 14 iterations (avg. reduction factor: 2.505e-01)
  Residual norms for GMRES solve
  0 (restart 0) KSP residual norm 9.153532e+00
  1 (restart 0) KSP residual norm 7.164329e+00
  2 (restart 0) KSP residual norm 2.642566e+00
  3 (restart 0) KSP residual norm 3.347774e-01
  4 (restart 0) KSP residual norm 1.041901e-01
  5 (restart 0) KSP residual norm 2.590712e-02
  6 (restart 0) KSP residual norm 5.254756e-03
  7 (restart 0) KSP residual norm 9.744376e-04
  8 (restart 0) KSP residual norm 2.290616e-04
  9 (restart 0) KSP residual norm 4.889632e-05
 10 (restart 0) KSP residual norm 1.169202e-05
 11 (restart 0) KSP residual norm 2.962831e-06
 12 (restart 0) KSP residual norm 6.702530e-07
 13 (restart 0) KSP residual norm 1.731419e-07
 14 (restart 0) KSP residual norm 3.855089e-08
GMRES solver converged in 14 iterations (avg. reduction factor: 2.522e-01)
  Residual norms for GMRES solve
  0 (restart 0) KSP residual norm 1.121329e+01
  1 (restart 0) KSP residual norm 7.925363e+00
  2 (restart 0) KSP residual norm 2.775986e+00
  3 (restart 0) KSP residual norm 3.309391e-01
  4 (restart 0) KSP residual norm 1.001739e-01
  5 (restart 0) KSP residual norm 2.892623e-02
  6 (restart 0) KSP residual norm 4.278543e-03
  7 (restart 0) KSP residual norm 8.778280e-04
  8 (restart 0) KSP residual norm 1.980202e-04
  9 (restart 0) KSP residual norm 4.937124e-05
 10 (restart 0) KSP residual norm 1.086073e-05
 11 (restart 0) KSP residual norm 2.957845e-06
 12 (restart 0) KSP residual norm 6.659993e-07
 13 (restart 0) KSP residual norm 1.546332e-07
 14 (restart 0) KSP residual norm 3.585193e-08
GMRES solver converged in 14 iterations (avg. reduction factor: 2.473e-01)
  2 EPS nconv=6 first unconverged value (error) -6.45019e-06+0.363762i (5.89083576e-03)

 Linear eigensolve converged (6 eigenpairs) due to CONVERGED_TOL; iterations 2
 Total number of linear systems solved: 27
 Total number of linear solver iterations: 357
 Found 6 converged eigenvalues (first = -2.264e-04+9.008e+00i)

 Refining eigenvalues with Quasi-Newton solver
  Residual norms for GMRES solve
  0 (restart 0) KSP residual norm 6.101375e+00
  1 (restart 0) KSP residual norm 1.644912e+00
  2 (restart 0) KSP residual norm 1.017405e+00
  3 (restart 0) KSP residual norm 6.595349e-01
  4 (restart 0) KSP residual norm 3.101227e-01
  5 (restart 0) KSP residual norm 1.923117e-01
  6 (restart 0) KSP residual norm 1.830630e-01
  7 (restart 0) KSP residual norm 1.513369e-01
  8 (restart 0) KSP residual norm 1.483091e-01
  9 (restart 0) KSP residual norm 9.414098e-02
 10 (restart 0) KSP residual norm 5.621660e-02
 11 (restart 0) KSP residual norm 2.969455e-02
 12 (restart 0) KSP residual norm 2.339476e-02
 13 (restart 0) KSP residual norm 1.803409e-02
 14 (restart 0) KSP residual norm 1.713007e-02
 15 (restart 0) KSP residual norm 1.588934e-02
 16 (restart 0) KSP residual norm 1.566142e-02
 17 (restart 0) KSP residual norm 1.485365e-02
 18 (restart 0) KSP residual norm 1.080100e-02
 19 (restart 0) KSP residual norm 3.465996e-03
 20 (restart 0) KSP residual norm 8.571594e-04
 21 (restart 0) KSP residual norm 1.793866e-04
GMRES solver converged in 21 iterations (avg. reduction factor: 6.084e-01)
0 NLEPS (nconv=0, restart=0) residual norm 6.537465e-04
  Residual norms for GMRES solve
  0 (restart 0) KSP residual norm 5.804390e-06
  1 (restart 0) KSP residual norm 3.920360e-06
  2 (restart 0) KSP residual norm 1.628489e-06
  3 (restart 0) KSP residual norm 1.261649e-06
  4 (restart 0) KSP residual norm 5.727118e-07
  5 (restart 0) KSP residual norm 4.772525e-07
  6 (restart 0) KSP residual norm 4.157324e-07
  7 (restart 0) KSP residual norm 3.313732e-07
  8 (restart 0) KSP residual norm 3.019936e-07
  9 (restart 0) KSP residual norm 2.967725e-07
 10 (restart 0) KSP residual norm 2.956647e-07
 11 (restart 0) KSP residual norm 2.937797e-07
 12 (restart 0) KSP residual norm 2.918515e-07
 13 (restart 0) KSP residual norm 2.912458e-07
 14 (restart 0) KSP residual norm 2.905468e-07
 15 (restart 0) KSP residual norm 2.880673e-07
 16 (restart 0) KSP residual norm 2.820544e-07
 17 (restart 0) KSP residual norm 1.767564e-07
 18 (restart 0) KSP residual norm 5.136398e-08
 19 (restart 0) KSP residual norm 1.314299e-08
 20 (restart 0) KSP residual norm 2.682612e-09
 21 (restart 0) KSP residual norm 6.032440e-10
 22 (restart 0) KSP residual norm 1.380088e-10
GMRES solver converged in 22 iterations (avg. reduction factor: 6.163e-01)
1 NLEPS (nconv=0, restart=0) residual norm 7.232094e-07
  Residual norms for GMRES solve
  0 (restart 0) KSP residual norm 1.745518e-10
  1 (restart 0) KSP residual norm 1.682308e-10
  2 (restart 0) KSP residual norm 1.571993e-10
  3 (restart 0) KSP residual norm 1.439811e-10
  4 (restart 0) KSP residual norm 1.390531e-10
  5 (restart 0) KSP residual norm 1.203507e-10
  6 (restart 0) KSP residual norm 8.797319e-11
  7 (restart 0) KSP residual norm 4.817601e-11
  8 (restart 0) KSP residual norm 3.108900e-11
  9 (restart 0) KSP residual norm 1.614157e-11
 10 (restart 0) KSP residual norm 8.536094e-12
 11 (restart 0) KSP residual norm 5.444407e-12
 12 (restart 0) KSP residual norm 4.752348e-12
 13 (restart 0) KSP residual norm 4.327195e-12
 14 (restart 0) KSP residual norm 4.266826e-12
 15 (restart 0) KSP residual norm 4.142026e-12
 16 (restart 0) KSP residual norm 3.854322e-12
 17 (restart 0) KSP residual norm 3.361989e-12
 18 (restart 0) KSP residual norm 2.925804e-12
 19 (restart 0) KSP residual norm 2.596084e-12
 20 (restart 0) KSP residual norm 1.761360e-12
 21 (restart 0) KSP residual norm 6.260824e-13
GMRES solver converged in 21 iterations (avg. reduction factor: 7.648e-01)
2 NLEPS (nconv=0, restart=0) residual norm 5.485627e-09
Eigenvalue 0, Quasi-Newton converged in 2 iterations (-2.263e-04+9.008e+00i).
  Residual norms for GMRES solve
  0 (restart 0) KSP residual norm 6.099705e+00
  1 (restart 0) KSP residual norm 1.629030e+00
  2 (restart 0) KSP residual norm 1.040950e+00
  3 (restart 0) KSP residual norm 6.989353e-01
  4 (restart 0) KSP residual norm 3.179945e-01
  5 (restart 0) KSP residual norm 2.012696e-01
  6 (restart 0) KSP residual norm 1.975640e-01
  7 (restart 0) KSP residual norm 1.662123e-01
  8 (restart 0) KSP residual norm 1.006033e-01
  9 (restart 0) KSP residual norm 7.954933e-02
 10 (restart 0) KSP residual norm 7.939122e-02
 11 (restart 0) KSP residual norm 7.860889e-02
 12 (restart 0) KSP residual norm 7.832716e-02
 13 (restart 0) KSP residual norm 7.827702e-02
 14 (restart 0) KSP residual norm 7.827270e-02
 15 (restart 0) KSP residual norm 7.754735e-02
 16 (restart 0) KSP residual norm 7.553707e-02
 17 (restart 0) KSP residual norm 5.261728e-02
 18 (restart 0) KSP residual norm 1.705214e-02
 19 (restart 0) KSP residual norm 3.818573e-03
 20 (restart 0) KSP residual norm 9.104985e-04
 21 (restart 0) KSP residual norm 1.896798e-04
GMRES solver converged in 21 iterations (avg. reduction factor: 6.101e-01)
0 NLEPS (nconv=1, restart=0) residual norm 1.074035e-01
  Residual norms for GMRES solve
  0 (restart 0) KSP residual norm 7.772888e+00
  1 (restart 0) KSP residual norm 1.651168e+00
  2 (restart 0) KSP residual norm 1.559184e+00
  3 (restart 0) KSP residual norm 8.438699e-01
  4 (restart 0) KSP residual norm 5.651140e-01
  5 (restart 0) KSP residual norm 5.542583e-01
  6 (restart 0) KSP residual norm 5.293936e-01
  7 (restart 0) KSP residual norm 4.701476e-01
  8 (restart 0) KSP residual norm 1.340042e-01
  9 (restart 0) KSP residual norm 2.139658e-02
 10 (restart 0) KSP residual norm 4.922279e-03
 11 (restart 0) KSP residual norm 4.652944e-03
 12 (restart 0) KSP residual norm 4.642211e-03
 13 (restart 0) KSP residual norm 4.537545e-03
 14 (restart 0) KSP residual norm 4.509360e-03
 15 (restart 0) KSP residual norm 4.508956e-03
 16 (restart 0) KSP residual norm 4.508886e-03
 17 (restart 0) KSP residual norm 4.462002e-03
 18 (restart 0) KSP residual norm 4.416922e-03
 19 (restart 0) KSP residual norm 4.048393e-03
 20 (restart 0) KSP residual norm 2.035519e-03
 21 (restart 0) KSP residual norm 5.255047e-04
GMRES solver converged in 21 iterations (avg. reduction factor: 6.330e-01)
1 NLEPS (nconv=1, restart=0) residual norm 1.001351e-03
  Residual norms for GMRES solve
  0 (restart 0) KSP residual norm 1.263145e-07
  1 (restart 0) KSP residual norm 1.117770e-07
  2 (restart 0) KSP residual norm 1.074736e-07
  3 (restart 0) KSP residual norm 7.413971e-08
  4 (restart 0) KSP residual norm 6.815503e-08
  5 (restart 0) KSP residual norm 6.048731e-08
  6 (restart 0) KSP residual norm 5.102969e-08
  7 (restart 0) KSP residual norm 3.484599e-08
  8 (restart 0) KSP residual norm 1.111766e-08
  9 (restart 0) KSP residual norm 2.761537e-09
 10 (restart 0) KSP residual norm 7.874519e-10
 11 (restart 0) KSP residual norm 1.865495e-10
 12 (restart 0) KSP residual norm 9.844830e-11
 13 (restart 0) KSP residual norm 6.774562e-11
 14 (restart 0) KSP residual norm 6.505116e-11
 15 (restart 0) KSP residual norm 6.411500e-11
 16 (restart 0) KSP residual norm 6.393953e-11
 17 (restart 0) KSP residual norm 6.335074e-11
 18 (restart 0) KSP residual norm 6.297445e-11
 19 (restart 0) KSP residual norm 6.272492e-11
 20 (restart 0) KSP residual norm 6.221474e-11
 21 (restart 0) KSP residual norm 5.542881e-11
 22 (restart 0) KSP residual norm 2.098359e-11
 23 (restart 0) KSP residual norm 5.021652e-12
GMRES solver converged in 23 iterations (avg. reduction factor: 6.437e-01)
2 NLEPS (nconv=1, restart=0) residual norm 3.123203e-07
  Residual norms for GMRES solve
  0 (restart 0) KSP residual norm 9.945964e-10
  1 (restart 0) KSP residual norm 1.647714e-10
  2 (restart 0) KSP residual norm 1.601796e-10
  3 (restart 0) KSP residual norm 9.945897e-11
  4 (restart 0) KSP residual norm 7.580907e-11
  5 (restart 0) KSP residual norm 6.742238e-11
  6 (restart 0) KSP residual norm 6.442649e-11
  7 (restart 0) KSP residual norm 6.269437e-11
  8 (restart 0) KSP residual norm 6.195730e-11
  9 (restart 0) KSP residual norm 6.141581e-11
 10 (restart 0) KSP residual norm 6.066126e-11
 11 (restart 0) KSP residual norm 5.935419e-11
 12 (restart 0) KSP residual norm 5.904943e-11
 13 (restart 0) KSP residual norm 5.895331e-11
 14 (restart 0) KSP residual norm 5.892376e-11
 15 (restart 0) KSP residual norm 5.824545e-11
 16 (restart 0) KSP residual norm 5.421907e-11
 17 (restart 0) KSP residual norm 3.063333e-11
 18 (restart 0) KSP residual norm 9.003198e-12
 19 (restart 0) KSP residual norm 2.133562e-12
 20 (restart 0) KSP residual norm 5.473420e-13
GMRES solver converged in 20 iterations (avg. reduction factor: 6.871e-01)
3 NLEPS (nconv=1, restart=0) residual norm 4.565648e-09
Eigenvalue 1, Quasi-Newton converged in 3 iterations (-2.263e-04+9.008e+00i).
  Residual norms for GMRES solve
  0 (restart 0) KSP residual norm 6.023155e+00
  1 (restart 0) KSP residual norm 9.760338e-01
  2 (restart 0) KSP residual norm 5.643777e-01
  3 (restart 0) KSP residual norm 2.278984e-01
  4 (restart 0) KSP residual norm 2.033059e-01
  5 (restart 0) KSP residual norm 1.694149e-01
  6 (restart 0) KSP residual norm 1.602018e-01
  7 (restart 0) KSP residual norm 1.601122e-01
  8 (restart 0) KSP residual norm 1.545458e-01
  9 (restart 0) KSP residual norm 1.481222e-01
 10 (restart 0) KSP residual norm 1.402174e-01
 11 (restart 0) KSP residual norm 1.212046e-01
 12 (restart 0) KSP residual norm 9.348448e-02
 13 (restart 0) KSP residual norm 7.753932e-02
 14 (restart 0) KSP residual norm 6.980285e-02
 15 (restart 0) KSP residual norm 3.699327e-02
 16 (restart 0) KSP residual norm 1.225478e-02
 17 (restart 0) KSP residual norm 2.410529e-03
 18 (restart 0) KSP residual norm 6.130736e-04
 19 (restart 0) KSP residual norm 1.316030e-04
GMRES solver converged in 19 iterations (avg. reduction factor: 5.685e-01)
0 NLEPS (nconv=2, restart=0) residual norm 1.128456e-01
  Residual norms for GMRES solve
  0 (restart 0) KSP residual norm 7.201876e+00
  1 (restart 0) KSP residual norm 7.017816e+00
  2 (restart 0) KSP residual norm 4.286247e-01
  3 (restart 0) KSP residual norm 2.914176e-01
  4 (restart 0) KSP residual norm 2.296170e-01
  5 (restart 0) KSP residual norm 5.180357e-02
  6 (restart 0) KSP residual norm 2.502927e-02
  7 (restart 0) KSP residual norm 1.938908e-02
  8 (restart 0) KSP residual norm 1.801088e-02
  9 (restart 0) KSP residual norm 1.711787e-02
 10 (restart 0) KSP residual norm 1.389053e-02
 11 (restart 0) KSP residual norm 1.159519e-02
 12 (restart 0) KSP residual norm 9.243140e-03
 13 (restart 0) KSP residual norm 7.356638e-03
 14 (restart 0) KSP residual norm 6.930210e-03
 15 (restart 0) KSP residual norm 6.411380e-03
 16 (restart 0) KSP residual norm 6.063967e-03
 17 (restart 0) KSP residual norm 4.365248e-03
 18 (restart 0) KSP residual norm 1.595796e-03
 19 (restart 0) KSP residual norm 3.845628e-04
GMRES solver converged in 19 iterations (avg. reduction factor: 5.958e-01)
1 NLEPS (nconv=2, restart=0) residual norm 1.081899e-03
  Residual norms for GMRES solve
  0 (restart 0) KSP residual norm 6.143478e-08
  1 (restart 0) KSP residual norm 4.393160e-08
  2 (restart 0) KSP residual norm 7.093993e-09
  3 (restart 0) KSP residual norm 1.704165e-09
  4 (restart 0) KSP residual norm 1.040176e-09
  5 (restart 0) KSP residual norm 5.160974e-10
  6 (restart 0) KSP residual norm 2.846621e-10
  7 (restart 0) KSP residual norm 2.587592e-10
  8 (restart 0) KSP residual norm 2.376742e-10
  9 (restart 0) KSP residual norm 2.271887e-10
 10 (restart 0) KSP residual norm 2.200817e-10
 11 (restart 0) KSP residual norm 1.987013e-10
 12 (restart 0) KSP residual norm 1.786719e-10
 13 (restart 0) KSP residual norm 1.772590e-10
 14 (restart 0) KSP residual norm 1.720015e-10
 15 (restart 0) KSP residual norm 1.502792e-10
 16 (restart 0) KSP residual norm 1.384894e-10
 17 (restart 0) KSP residual norm 9.670856e-11
 18 (restart 0) KSP residual norm 6.371851e-11
 19 (restart 0) KSP residual norm 2.903829e-11
 20 (restart 0) KSP residual norm 6.572760e-12
 21 (restart 0) KSP residual norm 2.032900e-12
GMRES solver converged in 21 iterations (avg. reduction factor: 6.119e-01)
2 NLEPS (nconv=2, restart=0) residual norm 3.558308e-07
  Residual norms for GMRES solve
  0 (restart 0) KSP residual norm 2.988267e-10
  1 (restart 0) KSP residual norm 2.409113e-10
  2 (restart 0) KSP residual norm 1.048113e-10
  3 (restart 0) KSP residual norm 8.200394e-11
  4 (restart 0) KSP residual norm 7.595509e-11
  5 (restart 0) KSP residual norm 5.340221e-11
  6 (restart 0) KSP residual norm 5.115556e-11
  7 (restart 0) KSP residual norm 4.106870e-11
  8 (restart 0) KSP residual norm 3.509915e-11
  9 (restart 0) KSP residual norm 3.360056e-11
 10 (restart 0) KSP residual norm 3.313969e-11
 11 (restart 0) KSP residual norm 3.130706e-11
 12 (restart 0) KSP residual norm 3.021231e-11
 13 (restart 0) KSP residual norm 2.847588e-11
 14 (restart 0) KSP residual norm 2.424598e-11
 15 (restart 0) KSP residual norm 1.127868e-11
 16 (restart 0) KSP residual norm 2.897510e-12
 17 (restart 0) KSP residual norm 7.131230e-13
GMRES solver converged in 17 iterations (avg. reduction factor: 7.011e-01)
3 NLEPS (nconv=2, restart=0) residual norm 2.945184e-09
Eigenvalue 2, Quasi-Newton converged in 3 iterations (-1.027e-04+9.028e+00i).
  Residual norms for GMRES solve
  0 (restart 0) KSP residual norm 5.326783e+00
  1 (restart 0) KSP residual norm 8.095171e-01
  2 (restart 0) KSP residual norm 1.441839e-01
  3 (restart 0) KSP residual norm 1.374551e-01
  4 (restart 0) KSP residual norm 6.877520e-02
  5 (restart 0) KSP residual norm 6.860942e-02
  6 (restart 0) KSP residual norm 6.819856e-02
  7 (restart 0) KSP residual norm 6.745031e-02
  8 (restart 0) KSP residual norm 4.852163e-02
  9 (restart 0) KSP residual norm 2.634512e-02
 10 (restart 0) KSP residual norm 1.891173e-02
 11 (restart 0) KSP residual norm 1.856451e-02
 12 (restart 0) KSP residual norm 1.843835e-02
 13 (restart 0) KSP residual norm 1.819556e-02
 14 (restart 0) KSP residual norm 1.781058e-02
 15 (restart 0) KSP residual norm 1.780732e-02
 16 (restart 0) KSP residual norm 1.771483e-02
 17 (restart 0) KSP residual norm 1.759976e-02
 18 (restart 0) KSP residual norm 1.530330e-02
 19 (restart 0) KSP residual norm 6.787888e-03
 20 (restart 0) KSP residual norm 1.777473e-03
 21 (restart 0) KSP residual norm 5.797413e-04
 22 (restart 0) KSP residual norm 1.108975e-04
GMRES solver converged in 22 iterations (avg. reduction factor: 6.126e-01)
0 NLEPS (nconv=3, restart=0) residual norm 1.417741e-01
  Residual norms for GMRES solve
  0 (restart 0) KSP residual norm 1.073615e+00
  1 (restart 0) KSP residual norm 5.099240e-01
  2 (restart 0) KSP residual norm 9.461569e-02
  3 (restart 0) KSP residual norm 5.393900e-02
  4 (restart 0) KSP residual norm 9.718389e-03
  5 (restart 0) KSP residual norm 9.136987e-03
  6 (restart 0) KSP residual norm 9.068372e-03
  7 (restart 0) KSP residual norm 9.019096e-03
  8 (restart 0) KSP residual norm 8.748061e-03
  9 (restart 0) KSP residual norm 8.654971e-03
 10 (restart 0) KSP residual norm 8.631911e-03
 11 (restart 0) KSP residual norm 8.471998e-03
 12 (restart 0) KSP residual norm 8.424473e-03
 13 (restart 0) KSP residual norm 8.274825e-03
 14 (restart 0) KSP residual norm 8.114059e-03
 15 (restart 0) KSP residual norm 7.981619e-03
 16 (restart 0) KSP residual norm 7.952374e-03
 17 (restart 0) KSP residual norm 7.777819e-03
 18 (restart 0) KSP residual norm 7.713055e-03
 19 (restart 0) KSP residual norm 7.003781e-03
 20 (restart 0) KSP residual norm 3.699526e-03
 21 (restart 0) KSP residual norm 9.350235e-04
 22 (restart 0) KSP residual norm 2.302787e-04
 23 (restart 0) KSP residual norm 6.034983e-05
GMRES solver converged in 23 iterations (avg. reduction factor: 6.534e-01)
1 NLEPS (nconv=3, restart=0) residual norm 1.859031e-03
  Residual norms for GMRES solve
  0 (restart 0) KSP residual norm 8.679342e-08
  1 (restart 0) KSP residual norm 4.421011e-08
  2 (restart 0) KSP residual norm 1.163668e-08
  3 (restart 0) KSP residual norm 4.396896e-09
  4 (restart 0) KSP residual norm 1.917088e-09
  5 (restart 0) KSP residual norm 1.902027e-09
  6 (restart 0) KSP residual norm 1.716127e-09
  7 (restart 0) KSP residual norm 1.708757e-09
  8 (restart 0) KSP residual norm 1.672343e-09
  9 (restart 0) KSP residual norm 1.486914e-09
 10 (restart 0) KSP residual norm 1.382261e-09
 11 (restart 0) KSP residual norm 1.073019e-09
 12 (restart 0) KSP residual norm 8.426835e-10
 13 (restart 0) KSP residual norm 8.349458e-10
 14 (restart 0) KSP residual norm 8.327446e-10
 15 (restart 0) KSP residual norm 8.318922e-10
 16 (restart 0) KSP residual norm 8.285930e-10
 17 (restart 0) KSP residual norm 8.237435e-10
 18 (restart 0) KSP residual norm 8.225184e-10
 19 (restart 0) KSP residual norm 7.847161e-10
 20 (restart 0) KSP residual norm 6.311406e-10
 21 (restart 0) KSP residual norm 2.292944e-10
 22 (restart 0) KSP residual norm 5.409354e-11
 23 (restart 0) KSP residual norm 1.462193e-11
 24 (restart 0) KSP residual norm 3.767691e-12
GMRES solver converged in 24 iterations (avg. reduction factor: 6.580e-01)
2 NLEPS (nconv=3, restart=0) residual norm 7.645589e-07
  Residual norms for GMRES solve
  0 (restart 0) KSP residual norm 5.459209e-09
  1 (restart 0) KSP residual norm 1.512782e-09
  2 (restart 0) KSP residual norm 3.037308e-10
  3 (restart 0) KSP residual norm 2.549889e-10
  4 (restart 0) KSP residual norm 2.033585e-10
  5 (restart 0) KSP residual norm 2.008903e-10
  6 (restart 0) KSP residual norm 1.965615e-10
  7 (restart 0) KSP residual norm 1.928285e-10
  8 (restart 0) KSP residual norm 1.891122e-10
  9 (restart 0) KSP residual norm 1.884015e-10
 10 (restart 0) KSP residual norm 1.833002e-10
 11 (restart 0) KSP residual norm 1.795237e-10
 12 (restart 0) KSP residual norm 1.679192e-10
 13 (restart 0) KSP residual norm 1.673233e-10
 14 (restart 0) KSP residual norm 1.671684e-10
 15 (restart 0) KSP residual norm 1.668300e-10
 16 (restart 0) KSP residual norm 1.666768e-10
 17 (restart 0) KSP residual norm 1.518312e-10
 18 (restart 0) KSP residual norm 1.120545e-10
 19 (restart 0) KSP residual norm 3.006481e-11
 20 (restart 0) KSP residual norm 8.108082e-12
 21 (restart 0) KSP residual norm 2.496364e-12
 22 (restart 0) KSP residual norm 6.467770e-13
GMRES solver converged in 22 iterations (avg. reduction factor: 6.630e-01)
3 NLEPS (nconv=3, restart=0) residual norm 5.524700e-10
Eigenvalue 3, Quasi-Newton converged in 3 iterations (-1.987e-04+9.676e+00i).

Computing solution error estimates and performing postprocessing

     m,        Re{f} (GHz),        Im{f} (GHz),                  Q,      Error (Bkwd.),       Error (Abs.)
     1,      +2.441830e+00,      +6.133891e-05,      +1.990441e+04,      +8.885210e-13,      +5.485627e-09
     2,      +2.441919e+00,      +6.135189e-05,      +1.990093e+04,      +7.394899e-13,      +4.565527e-09
     3,      +2.447363e+00,      +2.784681e-05,      +4.394333e+04,      +4.770120e-13,      +2.945052e-09
     4,      +2.622985e+00,      +5.385297e-05,      +2.435321e+04,      +8.944220e-14,      +5.524280e-10

Completed 0 iterations of adaptive mesh refinement (AMR):
 Indicator norm = 2.941e-02, global unknowns = 226982
 Max. iterations = 0, tol. = 1.000e-02

Estimated peak per-rank memory usage is: Min. 145.9M, Max. 162.5M, Avg. 153.3M, Total 4.8G
Estimated peak per-node memory usage is: Min. 4.8G, Max. 4.8G, Avg. 4.8G, Total 4.8G

Elapsed Time Report (s)           Min.        Max.        Avg.
==============================================================
Initialization                   0.098       0.248       0.243
  Mesh Preprocessing             0.195       0.345       0.200
Operator Construction            1.006       1.009       1.007
Linear Solve                     4.719       4.744       4.732
  Setup                          2.482       2.482       2.482
  Preconditioner                56.749      56.854      56.809
  Coarse Solve                   5.065       5.184       5.080
Eigenvalue Solve                 0.910       0.949       0.941
Div.-Free Projection             3.061       3.075       3.066
Estimation                       0.018       0.019       0.018
  Construction                   0.114       0.114       0.114
  Solve                          0.715       0.717       0.717
Postprocessing                   0.268       0.271       0.269
Disk IO                          0.372       0.372       0.372
--------------------------------------------------------------
Total                           77.179      77.199      77.191

Peak Memory                   Per-Node       Total   Total HWM
==============================================================
Initialization                   71.4M       71.4M       71.4M
  Mesh Preprocessing             98.8M       98.8M      170.3M
Operator Construction           644.0M      644.0M      814.3M
Linear Solve                    256.0K      256.0K      814.5M
  Setup                         422.4M      422.4M        1.2G
  Preconditioner                 10.0M       10.0M        1.2G
  Coarse Solve                    1.8G        1.8G        3.0G
Eigenvalue Solve                130.1M      130.1M        3.1G
Div.-Free Projection            213.5M      213.5M        3.3G
Estimation                      114.5M      114.5M        3.4G
  Construction                  179.9M      179.9M        3.6G
  Solve                         108.8M      108.8M        3.7G
Postprocessing                  176.3M      176.3M        3.9G
Disk IO                          43.8M       43.8M        3.9G
--------------------------------------------------------------
Total                             4.4G        4.4G        4.4G

