>> /opt/amip/envs/emsim/bin/mpirun -n 32 /opt/amip/palace/bin/palace-x86_64.bin h3_superpose_qtz_hot.json

_____________     _______
_____   __   \____ __   /____ ____________
____   /_/  /  __ ` /  /  __ ` /  ___/  _ \
___   _____/  /_/  /  /  /_/  /  /__/  ___/
  /__/     \___,__/__/\___,__/\_____\_____/


[38;2;255;255;000m--> Warning![0m
Output folder is not empty; program will overwrite content! (postpro/h3_superpose_qtz_hot)
Git changeset ID: v0.17.0-293-g3c83b9db0
Running with 32 MPI processes, 1 OpenMP thread
Device configuration: omp,cpu
Memory configuration: host-std
libCEED backend: /cpu/self/xsmm/blocked

Added 10509 boundary elements for material interfaces to the mesh

Characteristic length and time scales:
 Lc = 1.760e-01 m, tc = 5.871e-01 ns
Finished partitioning mesh into 32 subdomains

Mesh curvature order: 2
Mesh bounding box:
 (Xmin, Ymin, Zmin) = (-8.800e-02, -8.800e-02, -5.771e-02) m
 (Xmax, Ymax, Zmax) = (+8.800e-02, +8.800e-02, +5.771e-02) m

Parallel Mesh Stats:

                minimum     average     maximum       total
 vertices           206         330         467       10575
 edges             1883        2288        2684       73221
 faces             3588        3885        4199      124320
 elements          1876        1927        1985       61673
 neighbors            5          10          29

            minimum     maximum
 h          0.00575    0.202974
 kappa      1.03312     13.0649

Estimated current per-rank memory usage is: Min. 32.7M, Max. 78.6M, Avg. 34.6M, Total 1.1G
Estimated current per-node memory usage is: Min. 1.1G, Max. 1.1G, Avg. 1.1G, Total 1.1G

Configuring Robin finite conductivity BC at attributes:
 90: σ = 3.500e+07 S/m, n = (+0.1,+0.1,+1.0)

Assembling system matrices, number of global unknowns:
 H1 (p = 2): 83796, ND (p = 2): 395082, RT (p = 2): 557979
 Operator assembly level: Partial
 Mesh geometries:
  Tetrahedron: P = 20, Q = 14 (quadrature order = 4)

Configuring SLEPc eigenvalue solver:
 Scaling γ = 2.826e+01, δ = 3.701e-06
 Configuring divergence-free projection
 Using random starting vector
 Shift-and-invert σ = 2.400e+00 GHz (8.853e+00)

Assembling multigrid hierarchy:
 Level 0 (p = 1): 73221 unknowns
 Level 1 (p = 2): 395082 unknowns
 Level 0 (auxiliary) (p = 1): 10575 unknowns
 Level 1 (auxiliary) (p = 2): 83796 unknowns

#PETSc Option Table entries:
-eps_monitor # (source: code)
#End of PETSc Option Table entries

  Residual norms for GMRES solve
  0 (restart 0) KSP residual norm 1.224703e+00
  1 (restart 0) KSP residual norm 7.921773e-01
  2 (restart 0) KSP residual norm 3.567135e-01
  3 (restart 0) KSP residual norm 7.633465e-02
  4 (restart 0) KSP residual norm 4.053229e-02
  5 (restart 0) KSP residual norm 2.805677e-02
  6 (restart 0) KSP residual norm 1.098655e-02
  7 (restart 0) KSP residual norm 4.827872e-03
  8 (restart 0) KSP residual norm 2.158962e-03
  9 (restart 0) KSP residual norm 9.867865e-04
 10 (restart 0) KSP residual norm 4.704718e-04
 11 (restart 0) KSP residual norm 2.394513e-04
 12 (restart 0) KSP residual norm 1.120379e-04
 13 (restart 0) KSP residual norm 4.991121e-05
 14 (restart 0) KSP residual norm 2.323651e-05
 15 (restart 0) KSP residual norm 1.168333e-05
 16 (restart 0) KSP residual norm 5.536309e-06
 17 (restart 0) KSP residual norm 2.693252e-06
 18 (restart 0) KSP residual norm 1.355095e-06
 19 (restart 0) KSP residual norm 6.699067e-07
 20 (restart 0) KSP residual norm 3.230297e-07
 21 (restart 0) KSP residual norm 1.623307e-07
 22 (restart 0) KSP residual norm 8.098497e-08
 23 (restart 0) KSP residual norm 4.060207e-08
 24 (restart 0) KSP residual norm 1.970749e-08
 25 (restart 0) KSP residual norm 9.477017e-09
GMRES solver converged in 25 iterations (avg. reduction factor: 4.737e-01)
  Residual norms for GMRES solve
  0 (restart 0) KSP residual norm 1.230687e+02
  1 (restart 0) KSP residual norm 3.447864e+01
  2 (restart 0) KSP residual norm 2.479564e+00
  3 (restart 0) KSP residual norm 1.048387e+00
  4 (restart 0) KSP residual norm 5.219103e-01
  5 (restart 0) KSP residual norm 1.493708e-01
  6 (restart 0) KSP residual norm 5.405328e-02
  7 (restart 0) KSP residual norm 3.007255e-02
  8 (restart 0) KSP residual norm 1.197039e-02
  9 (restart 0) KSP residual norm 7.113841e-03
 10 (restart 0) KSP residual norm 2.963198e-03
 11 (restart 0) KSP residual norm 1.711613e-03
 12 (restart 0) KSP residual norm 7.655815e-04
 13 (restart 0) KSP residual norm 4.041579e-04
 14 (restart 0) KSP residual norm 1.593697e-04
 15 (restart 0) KSP residual norm 8.256502e-05
 16 (restart 0) KSP residual norm 3.831273e-05
 17 (restart 0) KSP residual norm 1.680522e-05
 18 (restart 0) KSP residual norm 8.244883e-06
 19 (restart 0) KSP residual norm 3.347665e-06
 20 (restart 0) KSP residual norm 1.625715e-06
 21 (restart 0) KSP residual norm 8.034099e-07
GMRES solver converged in 21 iterations (avg. reduction factor: 4.076e-01)
  Residual norms for GMRES solve
  0 (restart 0) KSP residual norm 2.227682e+02
  1 (restart 0) KSP residual norm 6.202498e+01
  2 (restart 0) KSP residual norm 3.992885e+00
  3 (restart 0) KSP residual norm 1.704996e+00
  4 (restart 0) KSP residual norm 8.729494e-01
  5 (restart 0) KSP residual norm 2.480268e-01
  6 (restart 0) KSP residual norm 9.401125e-02
  7 (restart 0) KSP residual norm 5.018517e-02
  8 (restart 0) KSP residual norm 2.244849e-02
  9 (restart 0) KSP residual norm 1.215112e-02
 10 (restart 0) KSP residual norm 5.478213e-03
 11 (restart 0) KSP residual norm 2.919304e-03
 12 (restart 0) KSP residual norm 1.338567e-03
 13 (restart 0) KSP residual norm 6.536494e-04
 14 (restart 0) KSP residual norm 2.669819e-04
 15 (restart 0) KSP residual norm 1.405406e-04
 16 (restart 0) KSP residual norm 6.343561e-05
 17 (restart 0) KSP residual norm 2.868635e-05
 18 (restart 0) KSP residual norm 1.391463e-05
 19 (restart 0) KSP residual norm 5.859268e-06
 20 (restart 0) KSP residual norm 2.828198e-06
 21 (restart 0) KSP residual norm 1.358751e-06
GMRES solver converged in 21 iterations (avg. reduction factor: 4.063e-01)
  Residual norms for GMRES solve
  0 (restart 0) KSP residual norm 5.104936e+01
  1 (restart 0) KSP residual norm 2.032845e+01
  2 (restart 0) KSP residual norm 3.622860e+00
  3 (restart 0) KSP residual norm 1.213277e+00
  4 (restart 0) KSP residual norm 4.474772e-01
  5 (restart 0) KSP residual norm 1.430266e-01
  6 (restart 0) KSP residual norm 5.137924e-02
  7 (restart 0) KSP residual norm 3.189212e-02
  8 (restart 0) KSP residual norm 1.163060e-02
  9 (restart 0) KSP residual norm 6.422036e-03
 10 (restart 0) KSP residual norm 2.488248e-03
 11 (restart 0) KSP residual norm 1.415906e-03
 12 (restart 0) KSP residual norm 5.450265e-04
 13 (restart 0) KSP residual norm 2.512298e-04
 14 (restart 0) KSP residual norm 1.154356e-04
 15 (restart 0) KSP residual norm 4.758476e-05
 16 (restart 0) KSP residual norm 2.602348e-05
 17 (restart 0) KSP residual norm 1.027685e-05
 18 (restart 0) KSP residual norm 5.260330e-06
 19 (restart 0) KSP residual norm 2.173236e-06
 20 (restart 0) KSP residual norm 1.063330e-06
 21 (restart 0) KSP residual norm 5.309395e-07
 22 (restart 0) KSP residual norm 2.421784e-07
GMRES solver converged in 22 iterations (avg. reduction factor: 4.184e-01)
  Residual norms for GMRES solve
  0 (restart 0) KSP residual norm 5.607756e+01
  1 (restart 0) KSP residual norm 2.201975e+01
  2 (restart 0) KSP residual norm 4.996143e+00
  3 (restart 0) KSP residual norm 1.004984e+00
  4 (restart 0) KSP residual norm 4.624846e-01
  5 (restart 0) KSP residual norm 1.391943e-01
  6 (restart 0) KSP residual norm 4.855215e-02
  7 (restart 0) KSP residual norm 2.869757e-02
  8 (restart 0) KSP residual norm 1.213456e-02
  9 (restart 0) KSP residual norm 6.190002e-03
 10 (restart 0) KSP residual norm 2.340851e-03
 11 (restart 0) KSP residual norm 1.343663e-03
 12 (restart 0) KSP residual norm 5.646812e-04
 13 (restart 0) KSP residual norm 2.703642e-04
 14 (restart 0) KSP residual norm 1.228195e-04
 15 (restart 0) KSP residual norm 4.725108e-05
 16 (restart 0) KSP residual norm 2.764563e-05
 17 (restart 0) KSP residual norm 1.143073e-05
 18 (restart 0) KSP residual norm 5.582482e-06
 19 (restart 0) KSP residual norm 2.464493e-06
 20 (restart 0) KSP residual norm 1.144726e-06
 21 (restart 0) KSP residual norm 5.618427e-07
 22 (restart 0) KSP residual norm 2.435301e-07
GMRES solver converged in 22 iterations (avg. reduction factor: 4.168e-01)
  Residual norms for GMRES solve
  0 (restart 0) KSP residual norm 3.338694e+01
  1 (restart 0) KSP residual norm 1.368470e+01
  2 (restart 0) KSP residual norm 3.185711e+00
  3 (restart 0) KSP residual norm 1.254465e+00
  4 (restart 0) KSP residual norm 3.720392e-01
  5 (restart 0) KSP residual norm 1.311253e-01
  6 (restart 0) KSP residual norm 4.040943e-02
  7 (restart 0) KSP residual norm 2.357466e-02
  8 (restart 0) KSP residual norm 9.381315e-03
  9 (restart 0) KSP residual norm 4.670449e-03
 10 (restart 0) KSP residual norm 1.897886e-03
 11 (restart 0) KSP residual norm 9.962743e-04
 12 (restart 0) KSP residual norm 4.972142e-04
 13 (restart 0) KSP residual norm 2.122423e-04
 14 (restart 0) KSP residual norm 9.681113e-05
 15 (restart 0) KSP residual norm 4.221957e-05
 16 (restart 0) KSP residual norm 2.298306e-05
 17 (restart 0) KSP residual norm 8.756295e-06
 18 (restart 0) KSP residual norm 4.775215e-06
 19 (restart 0) KSP residual norm 2.301721e-06
 20 (restart 0) KSP residual norm 9.272595e-07
 21 (restart 0) KSP residual norm 4.696266e-07
 22 (restart 0) KSP residual norm 2.269645e-07
GMRES solver converged in 22 iterations (avg. reduction factor: 4.253e-01)
  Residual norms for GMRES solve
  0 (restart 0) KSP residual norm 2.530242e+02
  1 (restart 0) KSP residual norm 4.360799e+01
  2 (restart 0) KSP residual norm 3.883233e+00
  3 (restart 0) KSP residual norm 1.830867e+00
  4 (restart 0) KSP residual norm 9.272190e-01
  5 (restart 0) KSP residual norm 2.603775e-01
  6 (restart 0) KSP residual norm 9.152225e-02
  7 (restart 0) KSP residual norm 5.218492e-02
  8 (restart 0) KSP residual norm 1.853792e-02
  9 (restart 0) KSP residual norm 9.988890e-03
 10 (restart 0) KSP residual norm 4.551691e-03
 11 (restart 0) KSP residual norm 2.290341e-03
 12 (restart 0) KSP residual norm 1.226969e-03
 13 (restart 0) KSP residual norm 6.328683e-04
 14 (restart 0) KSP residual norm 2.592633e-04
 15 (restart 0) KSP residual norm 1.394765e-04
 16 (restart 0) KSP residual norm 6.658712e-05
 17 (restart 0) KSP residual norm 2.821953e-05
 18 (restart 0) KSP residual norm 1.365627e-05
 19 (restart 0) KSP residual norm 5.723335e-06
 20 (restart 0) KSP residual norm 2.883705e-06
 21 (restart 0) KSP residual norm 1.404342e-06
GMRES solver converged in 21 iterations (avg. reduction factor: 4.045e-01)
  Residual norms for GMRES solve
  0 (restart 0) KSP residual norm 1.914359e+02
  1 (restart 0) KSP residual norm 3.100251e+01
  2 (restart 0) KSP residual norm 3.774186e+00
  3 (restart 0) KSP residual norm 1.409468e+00
  4 (restart 0) KSP residual norm 7.892727e-01
  5 (restart 0) KSP residual norm 2.438431e-01
  6 (restart 0) KSP residual norm 9.522969e-02
  7 (restart 0) KSP residual norm 5.786028e-02
  8 (restart 0) KSP residual norm 2.068853e-02
  9 (restart 0) KSP residual norm 1.174158e-02
 10 (restart 0) KSP residual norm 5.114475e-03
 11 (restart 0) KSP residual norm 2.519347e-03
 12 (restart 0) KSP residual norm 1.149153e-03
 13 (restart 0) KSP residual norm 5.280555e-04
 14 (restart 0) KSP residual norm 2.127957e-04
 15 (restart 0) KSP residual norm 1.092097e-04
 16 (restart 0) KSP residual norm 5.819401e-05
 17 (restart 0) KSP residual norm 2.302710e-05
 18 (restart 0) KSP residual norm 1.111916e-05
 19 (restart 0) KSP residual norm 4.475082e-06
 20 (restart 0) KSP residual norm 2.276741e-06
 21 (restart 0) KSP residual norm 1.071281e-06
GMRES solver converged in 21 iterations (avg. reduction factor: 4.046e-01)
  Residual norms for GMRES solve
  0 (restart 0) KSP residual norm 1.904056e+01
  1 (restart 0) KSP residual norm 8.017365e+00
  2 (restart 0) KSP residual norm 3.384707e+00
  3 (restart 0) KSP residual norm 5.665587e-01
  4 (restart 0) KSP residual norm 3.711511e-01
  5 (restart 0) KSP residual norm 1.975506e-01
  6 (restart 0) KSP residual norm 6.668818e-02
  7 (restart 0) KSP residual norm 2.059389e-02
  8 (restart 0) KSP residual norm 1.163175e-02
  9 (restart 0) KSP residual norm 4.106913e-03
 10 (restart 0) KSP residual norm 1.898162e-03
 11 (restart 0) KSP residual norm 8.258569e-04
 12 (restart 0) KSP residual norm 4.502822e-04
 13 (restart 0) KSP residual norm 1.789051e-04
 14 (restart 0) KSP residual norm 8.526762e-05
 15 (restart 0) KSP residual norm 4.074162e-05
 16 (restart 0) KSP residual norm 1.920848e-05
 17 (restart 0) KSP residual norm 8.376778e-06
 18 (restart 0) KSP residual norm 3.960595e-06
 19 (restart 0) KSP residual norm 2.065809e-06
 20 (restart 0) KSP residual norm 9.161858e-07
 21 (restart 0) KSP residual norm 4.379646e-07
 22 (restart 0) KSP residual norm 2.085336e-07
 23 (restart 0) KSP residual norm 1.059525e-07
GMRES solver converged in 23 iterations (avg. reduction factor: 4.376e-01)
  Residual norms for GMRES solve
  0 (restart 0) KSP residual norm 9.506093e+00
  1 (restart 0) KSP residual norm 5.758980e+00
  2 (restart 0) KSP residual norm 2.788670e+00
  3 (restart 0) KSP residual norm 5.367111e-01
  4 (restart 0) KSP residual norm 4.316232e-01
  5 (restart 0) KSP residual norm 2.037628e-01
  6 (restart 0) KSP residual norm 6.379202e-02
  7 (restart 0) KSP residual norm 2.389043e-02
  8 (restart 0) KSP residual norm 1.044737e-02
  9 (restart 0) KSP residual norm 3.589715e-03
 10 (restart 0) KSP residual norm 1.721429e-03
 11 (restart 0) KSP residual norm 8.257294e-04
 12 (restart 0) KSP residual norm 4.392196e-04
 13 (restart 0) KSP residual norm 1.618797e-04
 14 (restart 0) KSP residual norm 8.509693e-05
 15 (restart 0) KSP residual norm 4.041111e-05
 16 (restart 0) KSP residual norm 1.870516e-05
 17 (restart 0) KSP residual norm 8.261161e-06
 18 (restart 0) KSP residual norm 3.865189e-06
 19 (restart 0) KSP residual norm 1.905683e-06
 20 (restart 0) KSP residual norm 8.474060e-07
 21 (restart 0) KSP residual norm 3.992870e-07
 22 (restart 0) KSP residual norm 1.933797e-07
 23 (restart 0) KSP residual norm 1.066488e-07
 24 (restart 0) KSP residual norm 4.813339e-08
GMRES solver converged in 24 iterations (avg. reduction factor: 4.512e-01)
  Residual norms for GMRES solve
  0 (restart 0) KSP residual norm 1.355979e+01
  1 (restart 0) KSP residual norm 6.292220e+00
  2 (restart 0) KSP residual norm 2.628644e+00
  3 (restart 0) KSP residual norm 3.307942e-01
  4 (restart 0) KSP residual norm 2.568411e-01
  5 (restart 0) KSP residual norm 1.204021e-01
  6 (restart 0) KSP residual norm 4.313066e-02
  7 (restart 0) KSP residual norm 1.915465e-02
  8 (restart 0) KSP residual norm 9.319493e-03
  9 (restart 0) KSP residual norm 3.918899e-03
 10 (restart 0) KSP residual norm 1.574023e-03
 11 (restart 0) KSP residual norm 7.969924e-04
 12 (restart 0) KSP residual norm 3.842725e-04
 13 (restart 0) KSP residual norm 1.494970e-04
 14 (restart 0) KSP residual norm 7.744166e-05
 15 (restart 0) KSP residual norm 3.668390e-05
 16 (restart 0) KSP residual norm 1.686956e-05
 17 (restart 0) KSP residual norm 6.872711e-06
 18 (restart 0) KSP residual norm 3.534700e-06
 19 (restart 0) KSP residual norm 1.602546e-06
 20 (restart 0) KSP residual norm 7.951579e-07
 21 (restart 0) KSP residual norm 3.598120e-07
 22 (restart 0) KSP residual norm 1.656459e-07
 23 (restart 0) KSP residual norm 8.011492e-08
GMRES solver converged in 23 iterations (avg. reduction factor: 4.388e-01)
  Residual norms for GMRES solve
  0 (restart 0) KSP residual norm 1.833825e+01
  1 (restart 0) KSP residual norm 5.740415e+00
  2 (restart 0) KSP residual norm 2.097631e+00
  3 (restart 0) KSP residual norm 3.258788e-01
  4 (restart 0) KSP residual norm 1.934925e-01
  5 (restart 0) KSP residual norm 1.193080e-01
  6 (restart 0) KSP residual norm 3.489662e-02
  7 (restart 0) KSP residual norm 1.650845e-02
  8 (restart 0) KSP residual norm 8.340702e-03
  9 (restart 0) KSP residual norm 3.996883e-03
 10 (restart 0) KSP residual norm 1.639777e-03
 11 (restart 0) KSP residual norm 7.986995e-04
 12 (restart 0) KSP residual norm 3.865307e-04
 13 (restart 0) KSP residual norm 1.622070e-04
 14 (restart 0) KSP residual norm 8.211821e-05
 15 (restart 0) KSP residual norm 3.905045e-05
 16 (restart 0) KSP residual norm 1.758324e-05
 17 (restart 0) KSP residual norm 8.049571e-06
 18 (restart 0) KSP residual norm 3.907227e-06
 19 (restart 0) KSP residual norm 1.841392e-06
 20 (restart 0) KSP residual norm 8.949940e-07
 21 (restart 0) KSP residual norm 4.148244e-07
 22 (restart 0) KSP residual norm 1.958003e-07
 23 (restart 0) KSP residual norm 9.735754e-08
GMRES solver converged in 23 iterations (avg. reduction factor: 4.367e-01)
  Residual norms for GMRES solve
  0 (restart 0) KSP residual norm 1.176239e+01
  1 (restart 0) KSP residual norm 5.863815e+00
  2 (restart 0) KSP residual norm 3.090294e+00
  3 (restart 0) KSP residual norm 3.448731e-01
  4 (restart 0) KSP residual norm 2.628125e-01
  5 (restart 0) KSP residual norm 1.192723e-01
  6 (restart 0) KSP residual norm 4.459256e-02
  7 (restart 0) KSP residual norm 2.075198e-02
  8 (restart 0) KSP residual norm 1.014086e-02
  9 (restart 0) KSP residual norm 3.525485e-03
 10 (restart 0) KSP residual norm 1.773418e-03
 11 (restart 0) KSP residual norm 7.551943e-04
 12 (restart 0) KSP residual norm 3.695620e-04
 13 (restart 0) KSP residual norm 1.424303e-04
 14 (restart 0) KSP residual norm 7.401779e-05
 15 (restart 0) KSP residual norm 3.424044e-05
 16 (restart 0) KSP residual norm 1.566591e-05
 17 (restart 0) KSP residual norm 6.567149e-06
 18 (restart 0) KSP residual norm 3.410214e-06
 19 (restart 0) KSP residual norm 1.549953e-06
 20 (restart 0) KSP residual norm 6.927351e-07
 21 (restart 0) KSP residual norm 3.172491e-07
 22 (restart 0) KSP residual norm 1.575769e-07
 23 (restart 0) KSP residual norm 8.090275e-08
GMRES solver converged in 23 iterations (avg. reduction factor: 4.417e-01)
  Residual norms for GMRES solve
  0 (restart 0) KSP residual norm 9.628873e+00
  1 (restart 0) KSP residual norm 5.954537e+00
  2 (restart 0) KSP residual norm 2.120404e+00
  3 (restart 0) KSP residual norm 4.439954e-01
  4 (restart 0) KSP residual norm 2.395711e-01
  5 (restart 0) KSP residual norm 1.523626e-01
  6 (restart 0) KSP residual norm 4.517895e-02
  7 (restart 0) KSP residual norm 2.028272e-02
  8 (restart 0) KSP residual norm 9.635365e-03
  9 (restart 0) KSP residual norm 3.338099e-03
 10 (restart 0) KSP residual norm 1.767423e-03
 11 (restart 0) KSP residual norm 7.125847e-04
 12 (restart 0) KSP residual norm 3.549551e-04
 13 (restart 0) KSP residual norm 1.324041e-04
 14 (restart 0) KSP residual norm 7.112948e-05
 15 (restart 0) KSP residual norm 3.263704e-05
 16 (restart 0) KSP residual norm 1.653557e-05
 17 (restart 0) KSP residual norm 7.386434e-06
 18 (restart 0) KSP residual norm 3.412874e-06
 19 (restart 0) KSP residual norm 1.614043e-06
 20 (restart 0) KSP residual norm 7.451144e-07
 21 (restart 0) KSP residual norm 3.391353e-07
 22 (restart 0) KSP residual norm 1.612512e-07
 23 (restart 0) KSP residual norm 7.526288e-08
GMRES solver converged in 23 iterations (avg. reduction factor: 4.441e-01)
  Residual norms for GMRES solve
  0 (restart 0) KSP residual norm 1.323278e+01
  1 (restart 0) KSP residual norm 4.323812e+00
  2 (restart 0) KSP residual norm 1.456267e+00
  3 (restart 0) KSP residual norm 2.720738e-01
  4 (restart 0) KSP residual norm 1.898121e-01
  5 (restart 0) KSP residual norm 8.684340e-02
  6 (restart 0) KSP residual norm 3.464201e-02
  7 (restart 0) KSP residual norm 1.558090e-02
  8 (restart 0) KSP residual norm 7.168392e-03
  9 (restart 0) KSP residual norm 3.398765e-03
 10 (restart 0) KSP residual norm 1.373273e-03
 11 (restart 0) KSP residual norm 7.016726e-04
 12 (restart 0) KSP residual norm 3.439717e-04
 13 (restart 0) KSP residual norm 1.360021e-04
 14 (restart 0) KSP residual norm 7.032762e-05
 15 (restart 0) KSP residual norm 3.434259e-05
 16 (restart 0) KSP residual norm 1.547582e-05
 17 (restart 0) KSP residual norm 7.110304e-06
 18 (restart 0) KSP residual norm 3.941533e-06
 19 (restart 0) KSP residual norm 1.593992e-06
 20 (restart 0) KSP residual norm 7.754934e-07
 21 (restart 0) KSP residual norm 3.477502e-07
 22 (restart 0) KSP residual norm 1.590707e-07
 23 (restart 0) KSP residual norm 8.142440e-08
GMRES solver converged in 23 iterations (avg. reduction factor: 4.395e-01)
  Residual norms for GMRES solve
  0 (restart 0) KSP residual norm 2.200134e+01
  1 (restart 0) KSP residual norm 9.764564e+00
  2 (restart 0) KSP residual norm 3.207077e+00
  3 (restart 0) KSP residual norm 6.118481e-01
  4 (restart 0) KSP residual norm 3.227168e-01
  5 (restart 0) KSP residual norm 1.726454e-01
  6 (restart 0) KSP residual norm 4.697362e-02
  7 (restart 0) KSP residual norm 2.108815e-02
  8 (restart 0) KSP residual norm 1.077812e-02
  9 (restart 0) KSP residual norm 5.331027e-03
 10 (restart 0) KSP residual norm 2.334208e-03
 11 (restart 0) KSP residual norm 1.103562e-03
 12 (restart 0) KSP residual norm 5.790661e-04
 13 (restart 0) KSP residual norm 2.377634e-04
 14 (restart 0) KSP residual norm 1.224426e-04
 15 (restart 0) KSP residual norm 5.211783e-05
 16 (restart 0) KSP residual norm 2.495198e-05
 17 (restart 0) KSP residual norm 1.078334e-05
 18 (restart 0) KSP residual norm 5.365549e-06
 19 (restart 0) KSP residual norm 2.571722e-06
 20 (restart 0) KSP residual norm 1.214998e-06
 21 (restart 0) KSP residual norm 5.551248e-07
 22 (restart 0) KSP residual norm 2.723814e-07
 23 (restart 0) KSP residual norm 1.304585e-07
GMRES solver converged in 23 iterations (avg. reduction factor: 4.388e-01)
  Residual norms for GMRES solve
  0 (restart 0) KSP residual norm 2.267127e+01
  1 (restart 0) KSP residual norm 1.031140e+01
  2 (restart 0) KSP residual norm 3.957196e+00
  3 (restart 0) KSP residual norm 7.472016e-01
  4 (restart 0) KSP residual norm 3.431595e-01
  5 (restart 0) KSP residual norm 1.875745e-01
  6 (restart 0) KSP residual norm 4.664345e-02
  7 (restart 0) KSP residual norm 1.860041e-02
  8 (restart 0) KSP residual norm 1.107820e-02
  9 (restart 0) KSP residual norm 4.111134e-03
 10 (restart 0) KSP residual norm 2.180355e-03
 11 (restart 0) KSP residual norm 9.315138e-04
 12 (restart 0) KSP residual norm 5.433307e-04
 13 (restart 0) KSP residual norm 2.110378e-04
 14 (restart 0) KSP residual norm 1.214489e-04
 15 (restart 0) KSP residual norm 4.579733e-05
 16 (restart 0) KSP residual norm 2.206664e-05
 17 (restart 0) KSP residual norm 1.045957e-05
 18 (restart 0) KSP residual norm 4.899989e-06
 19 (restart 0) KSP residual norm 2.330093e-06
 20 (restart 0) KSP residual norm 1.084091e-06
 21 (restart 0) KSP residual norm 5.289461e-07
 22 (restart 0) KSP residual norm 2.525107e-07
 23 (restart 0) KSP residual norm 1.281032e-07
GMRES solver converged in 23 iterations (avg. reduction factor: 4.379e-01)
  Residual norms for GMRES solve
  0 (restart 0) KSP residual norm 3.390264e+01
  1 (restart 0) KSP residual norm 8.835221e+00
  2 (restart 0) KSP residual norm 3.203443e+00
  3 (restart 0) KSP residual norm 5.210966e-01
  4 (restart 0) KSP residual norm 2.682973e-01
  5 (restart 0) KSP residual norm 1.435283e-01
  6 (restart 0) KSP residual norm 3.712467e-02
  7 (restart 0) KSP residual norm 1.742665e-02
  8 (restart 0) KSP residual norm 9.039056e-03
  9 (restart 0) KSP residual norm 4.079065e-03
 10 (restart 0) KSP residual norm 1.999198e-03
 11 (restart 0) KSP residual norm 9.388032e-04
 12 (restart 0) KSP residual norm 4.997306e-04
 13 (restart 0) KSP residual norm 2.077689e-04
 14 (restart 0) KSP residual norm 1.127602e-04
 15 (restart 0) KSP residual norm 4.237899e-05
 16 (restart 0) KSP residual norm 2.208787e-05
 17 (restart 0) KSP residual norm 9.419656e-06
 18 (restart 0) KSP residual norm 4.578889e-06
 19 (restart 0) KSP residual norm 1.963164e-06
 20 (restart 0) KSP residual norm 8.901280e-07
 21 (restart 0) KSP residual norm 4.279992e-07
 22 (restart 0) KSP residual norm 2.175269e-07
GMRES solver converged in 22 iterations (avg. reduction factor: 4.242e-01)
  Residual norms for GMRES solve
  0 (restart 0) KSP residual norm 1.163464e+01
  1 (restart 0) KSP residual norm 5.694105e+00
  2 (restart 0) KSP residual norm 2.657074e+00
  3 (restart 0) KSP residual norm 4.199661e-01
  4 (restart 0) KSP residual norm 2.393553e-01
  5 (restart 0) KSP residual norm 1.454112e-01
  6 (restart 0) KSP residual norm 3.433935e-02
  7 (restart 0) KSP residual norm 1.760441e-02
  8 (restart 0) KSP residual norm 1.089747e-02
  9 (restart 0) KSP residual norm 4.525305e-03
 10 (restart 0) KSP residual norm 1.859818e-03
 11 (restart 0) KSP residual norm 8.596346e-04
 12 (restart 0) KSP residual norm 4.046769e-04
 13 (restart 0) KSP residual norm 1.995420e-04
 14 (restart 0) KSP residual norm 8.844746e-05
 15 (restart 0) KSP residual norm 4.155203e-05
 16 (restart 0) KSP residual norm 1.769819e-05
 17 (restart 0) KSP residual norm 8.454198e-06
 18 (restart 0) KSP residual norm 3.896864e-06
 19 (restart 0) KSP residual norm 1.860744e-06
 20 (restart 0) KSP residual norm 8.851979e-07
 21 (restart 0) KSP residual norm 4.149807e-07
 22 (restart 0) KSP residual norm 2.007690e-07
 23 (restart 0) KSP residual norm 9.457519e-08
GMRES solver converged in 23 iterations (avg. reduction factor: 4.449e-01)
  1 EPS nconv=3 first unconverged value (error) -3.75701e-06+0.342395i (6.10175908e-03)
  Residual norms for GMRES solve
  0 (restart 0) KSP residual norm 2.469454e+01
  1 (restart 0) KSP residual norm 9.389158e+00
  2 (restart 0) KSP residual norm 2.390269e+00
  3 (restart 0) KSP residual norm 5.927313e-01
  4 (restart 0) KSP residual norm 2.782643e-01
  5 (restart 0) KSP residual norm 1.566856e-01
  6 (restart 0) KSP residual norm 4.191260e-02
  7 (restart 0) KSP residual norm 2.330381e-02
  8 (restart 0) KSP residual norm 1.020287e-02
  9 (restart 0) KSP residual norm 4.770867e-03
 10 (restart 0) KSP residual norm 1.957650e-03
 11 (restart 0) KSP residual norm 1.078610e-03
 12 (restart 0) KSP residual norm 4.858524e-04
 13 (restart 0) KSP residual norm 2.041152e-04
 14 (restart 0) KSP residual norm 9.800215e-05
 15 (restart 0) KSP residual norm 4.751702e-05
 16 (restart 0) KSP residual norm 2.012962e-05
 17 (restart 0) KSP residual norm 8.878357e-06
 18 (restart 0) KSP residual norm 4.374685e-06
 19 (restart 0) KSP residual norm 1.913846e-06
 20 (restart 0) KSP residual norm 9.561130e-07
 21 (restart 0) KSP residual norm 4.286042e-07
 22 (restart 0) KSP residual norm 2.058246e-07
GMRES solver converged in 22 iterations (avg. reduction factor: 4.293e-01)
  Residual norms for GMRES solve
  0 (restart 0) KSP residual norm 2.028747e+01
  1 (restart 0) KSP residual norm 7.993496e+00
  2 (restart 0) KSP residual norm 2.102602e+00
  3 (restart 0) KSP residual norm 5.617379e-01
  4 (restart 0) KSP residual norm 2.601222e-01
  5 (restart 0) KSP residual norm 1.374778e-01
  6 (restart 0) KSP residual norm 3.400559e-02
  7 (restart 0) KSP residual norm 1.735708e-02
  8 (restart 0) KSP residual norm 7.698970e-03
  9 (restart 0) KSP residual norm 3.628222e-03
 10 (restart 0) KSP residual norm 1.628959e-03
 11 (restart 0) KSP residual norm 8.502388e-04
 12 (restart 0) KSP residual norm 4.226064e-04
 13 (restart 0) KSP residual norm 1.516670e-04
 14 (restart 0) KSP residual norm 8.064774e-05
 15 (restart 0) KSP residual norm 3.892703e-05
 16 (restart 0) KSP residual norm 1.717644e-05
 17 (restart 0) KSP residual norm 7.234776e-06
 18 (restart 0) KSP residual norm 3.673600e-06
 19 (restart 0) KSP residual norm 1.596015e-06
 20 (restart 0) KSP residual norm 7.081544e-07
 21 (restart 0) KSP residual norm 3.582233e-07
 22 (restart 0) KSP residual norm 1.711449e-07
GMRES solver converged in 22 iterations (avg. reduction factor: 4.295e-01)
  Residual norms for GMRES solve
  0 (restart 0) KSP residual norm 2.849253e+01
  1 (restart 0) KSP residual norm 9.506724e+00
  2 (restart 0) KSP residual norm 1.876201e+00
  3 (restart 0) KSP residual norm 6.422572e-01
  4 (restart 0) KSP residual norm 2.800401e-01
  5 (restart 0) KSP residual norm 1.152198e-01
  6 (restart 0) KSP residual norm 3.280916e-02
  7 (restart 0) KSP residual norm 1.571003e-02
  8 (restart 0) KSP residual norm 8.238562e-03
  9 (restart 0) KSP residual norm 4.246985e-03
 10 (restart 0) KSP residual norm 1.982433e-03
 11 (restart 0) KSP residual norm 9.608369e-04
 12 (restart 0) KSP residual norm 4.812987e-04
 13 (restart 0) KSP residual norm 1.971280e-04
 14 (restart 0) KSP residual norm 9.935766e-05
 15 (restart 0) KSP residual norm 3.854264e-05
 16 (restart 0) KSP residual norm 1.978840e-05
 17 (restart 0) KSP residual norm 9.074742e-06
 18 (restart 0) KSP residual norm 4.375954e-06
 19 (restart 0) KSP residual norm 2.051824e-06
 20 (restart 0) KSP residual norm 9.197721e-07
 21 (restart 0) KSP residual norm 4.330777e-07
 22 (restart 0) KSP residual norm 2.266780e-07
GMRES solver converged in 22 iterations (avg. reduction factor: 4.284e-01)
  Residual norms for GMRES solve
  0 (restart 0) KSP residual norm 2.043168e+01
  1 (restart 0) KSP residual norm 8.465343e+00
  2 (restart 0) KSP residual norm 2.649494e+00
  3 (restart 0) KSP residual norm 7.125057e-01
  4 (restart 0) KSP residual norm 4.165031e-01
  5 (restart 0) KSP residual norm 1.470717e-01
  6 (restart 0) KSP residual norm 4.467174e-02
  7 (restart 0) KSP residual norm 2.278679e-02
  8 (restart 0) KSP residual norm 1.013550e-02
  9 (restart 0) KSP residual norm 4.913034e-03
 10 (restart 0) KSP residual norm 1.903714e-03
 11 (restart 0) KSP residual norm 1.120093e-03
 12 (restart 0) KSP residual norm 4.471147e-04
 13 (restart 0) KSP residual norm 2.112596e-04
 14 (restart 0) KSP residual norm 9.809056e-05
 15 (restart 0) KSP residual norm 4.888695e-05
 16 (restart 0) KSP residual norm 2.197479e-05
 17 (restart 0) KSP residual norm 1.029545e-05
 18 (restart 0) KSP residual norm 4.828020e-06
 19 (restart 0) KSP residual norm 2.261020e-06
 20 (restart 0) KSP residual norm 1.091529e-06
 21 (restart 0) KSP residual norm 5.410652e-07
 22 (restart 0) KSP residual norm 2.565432e-07
 23 (restart 0) KSP residual norm 1.272858e-07
GMRES solver converged in 23 iterations (avg. reduction factor: 4.398e-01)
  Residual norms for GMRES solve
  0 (restart 0) KSP residual norm 3.130225e+01
  1 (restart 0) KSP residual norm 1.177282e+01
  2 (restart 0) KSP residual norm 2.700567e+00
  3 (restart 0) KSP residual norm 8.177085e-01
  4 (restart 0) KSP residual norm 3.029547e-01
  5 (restart 0) KSP residual norm 1.521036e-01
  6 (restart 0) KSP residual norm 3.486807e-02
  7 (restart 0) KSP residual norm 1.820512e-02
  8 (restart 0) KSP residual norm 9.410259e-03
  9 (restart 0) KSP residual norm 4.413384e-03
 10 (restart 0) KSP residual norm 1.948113e-03
 11 (restart 0) KSP residual norm 1.010547e-03
 12 (restart 0) KSP residual norm 4.736413e-04
 13 (restart 0) KSP residual norm 2.059104e-04
 14 (restart 0) KSP residual norm 9.756480e-05
 15 (restart 0) KSP residual norm 4.296344e-05
 16 (restart 0) KSP residual norm 2.058519e-05
 17 (restart 0) KSP residual norm 9.399871e-06
 18 (restart 0) KSP residual norm 4.481977e-06
 19 (restart 0) KSP residual norm 2.147612e-06
 20 (restart 0) KSP residual norm 1.021140e-06
 21 (restart 0) KSP residual norm 4.652572e-07
 22 (restart 0) KSP residual norm 2.207766e-07
GMRES solver converged in 22 iterations (avg. reduction factor: 4.261e-01)
  Residual norms for GMRES solve
  0 (restart 0) KSP residual norm 2.019872e+01
  1 (restart 0) KSP residual norm 8.027684e+00
  2 (restart 0) KSP residual norm 2.441687e+00
  3 (restart 0) KSP residual norm 5.821655e-01
  4 (restart 0) KSP residual norm 3.960189e-01
  5 (restart 0) KSP residual norm 1.527862e-01
  6 (restart 0) KSP residual norm 4.591741e-02
  7 (restart 0) KSP residual norm 2.179029e-02
  8 (restart 0) KSP residual norm 9.229288e-03
  9 (restart 0) KSP residual norm 5.066654e-03
 10 (restart 0) KSP residual norm 1.909965e-03
 11 (restart 0) KSP residual norm 9.790789e-04
 12 (restart 0) KSP residual norm 4.680398e-04
 13 (restart 0) KSP residual norm 2.044261e-04
 14 (restart 0) KSP residual norm 8.885316e-05
 15 (restart 0) KSP residual norm 4.198426e-05
 16 (restart 0) KSP residual norm 2.066144e-05
 17 (restart 0) KSP residual norm 9.055161e-06
 18 (restart 0) KSP residual norm 4.493745e-06
 19 (restart 0) KSP residual norm 2.036787e-06
 20 (restart 0) KSP residual norm 9.899552e-07
 21 (restart 0) KSP residual norm 4.685260e-07
 22 (restart 0) KSP residual norm 2.259078e-07
 23 (restart 0) KSP residual norm 1.126685e-07
GMRES solver converged in 23 iterations (avg. reduction factor: 4.377e-01)
  Residual norms for GMRES solve
  0 (restart 0) KSP residual norm 1.309054e+01
  1 (restart 0) KSP residual norm 5.631232e+00
  2 (restart 0) KSP residual norm 2.877137e+00
  3 (restart 0) KSP residual norm 4.564027e-01
  4 (restart 0) KSP residual norm 3.307551e-01
  5 (restart 0) KSP residual norm 1.585729e-01
  6 (restart 0) KSP residual norm 4.665938e-02
  7 (restart 0) KSP residual norm 2.403184e-02
  8 (restart 0) KSP residual norm 9.572524e-03
  9 (restart 0) KSP residual norm 4.106608e-03
 10 (restart 0) KSP residual norm 1.943736e-03
 11 (restart 0) KSP residual norm 9.022316e-04
 12 (restart 0) KSP residual norm 4.110158e-04
 13 (restart 0) KSP residual norm 1.684320e-04
 14 (restart 0) KSP residual norm 9.617595e-05
 15 (restart 0) KSP residual norm 4.141558e-05
 16 (restart 0) KSP residual norm 2.090171e-05
 17 (restart 0) KSP residual norm 9.449256e-06
 18 (restart 0) KSP residual norm 4.672437e-06
 19 (restart 0) KSP residual norm 2.050053e-06
 20 (restart 0) KSP residual norm 1.045333e-06
 21 (restart 0) KSP residual norm 4.573467e-07
 22 (restart 0) KSP residual norm 2.189171e-07
 23 (restart 0) KSP residual norm 1.058195e-07
GMRES solver converged in 23 iterations (avg. reduction factor: 4.448e-01)
  Residual norms for GMRES solve
  0 (restart 0) KSP residual norm 1.995355e+01
  1 (restart 0) KSP residual norm 8.466652e+00
  2 (restart 0) KSP residual norm 3.140500e+00
  3 (restart 0) KSP residual norm 4.773316e-01
  4 (restart 0) KSP residual norm 2.605354e-01
  5 (restart 0) KSP residual norm 1.454624e-01
  6 (restart 0) KSP residual norm 4.764437e-02
  7 (restart 0) KSP residual norm 2.243182e-02
  8 (restart 0) KSP residual norm 8.813274e-03
  9 (restart 0) KSP residual norm 4.078218e-03
 10 (restart 0) KSP residual norm 1.678900e-03
 11 (restart 0) KSP residual norm 8.112069e-04
 12 (restart 0) KSP residual norm 4.272320e-04
 13 (restart 0) KSP residual norm 1.713217e-04
 14 (restart 0) KSP residual norm 8.758745e-05
 15 (restart 0) KSP residual norm 4.134025e-05
 16 (restart 0) KSP residual norm 1.905483e-05
 17 (restart 0) KSP residual norm 7.926701e-06
 18 (restart 0) KSP residual norm 4.087251e-06
 19 (restart 0) KSP residual norm 1.847347e-06
 20 (restart 0) KSP residual norm 8.526077e-07
 21 (restart 0) KSP residual norm 3.821292e-07
 22 (restart 0) KSP residual norm 1.813343e-07
GMRES solver converged in 22 iterations (avg. reduction factor: 4.310e-01)
  2 EPS nconv=7 first unconverged value (error) -7.92496e-05+0.363643i (2.15784327e-02)

 Linear eigensolve converged (7 eigenpairs) due to CONVERGED_TOL; iterations 2
 Total number of linear systems solved: 27
 Total number of linear solver iterations: 607
 Found 7 converged eigenvalues (first = -2.125e-02+8.980e+00i)

 Refining eigenvalues with Quasi-Newton solver
  Residual norms for GMRES solve
  0 (restart 0) KSP residual norm 7.974356e+00
  1 (restart 0) KSP residual norm 2.153443e-01
  2 (restart 0) KSP residual norm 4.962234e-02
  3 (restart 0) KSP residual norm 3.255582e-02
  4 (restart 0) KSP residual norm 2.262118e-02
  5 (restart 0) KSP residual norm 2.017084e-02
  6 (restart 0) KSP residual norm 1.995878e-02
  7 (restart 0) KSP residual norm 1.964875e-02
  8 (restart 0) KSP residual norm 1.878051e-02
  9 (restart 0) KSP residual norm 1.853430e-02
 10 (restart 0) KSP residual norm 1.521657e-02
 11 (restart 0) KSP residual norm 1.464480e-02
 12 (restart 0) KSP residual norm 1.441087e-02
 13 (restart 0) KSP residual norm 1.318080e-02
 14 (restart 0) KSP residual norm 1.251627e-02
 15 (restart 0) KSP residual norm 1.204938e-02
 16 (restart 0) KSP residual norm 1.027813e-02
 17 (restart 0) KSP residual norm 9.719624e-03
 18 (restart 0) KSP residual norm 7.782051e-03
 19 (restart 0) KSP residual norm 6.936244e-03
 20 (restart 0) KSP residual norm 6.465839e-03
 21 (restart 0) KSP residual norm 5.306156e-03
 22 (restart 0) KSP residual norm 5.116032e-03
 23 (restart 0) KSP residual norm 5.055616e-03
 24 (restart 0) KSP residual norm 3.192111e-03
 25 (restart 0) KSP residual norm 1.899485e-03
 26 (restart 0) KSP residual norm 9.722096e-04
 27 (restart 0) KSP residual norm 4.590709e-04
GMRES solver converged in 27 iterations (avg. reduction factor: 6.966e-01)
0 NLEPS (nconv=0, restart=0) residual norm 1.194292e-03
  Residual norms for GMRES solve
  0 (restart 0) KSP residual norm 1.706887e-04
  1 (restart 0) KSP residual norm 5.344014e-05
  2 (restart 0) KSP residual norm 1.681031e-05
  3 (restart 0) KSP residual norm 7.733704e-06
  4 (restart 0) KSP residual norm 4.258953e-06
  5 (restart 0) KSP residual norm 1.961496e-06
  6 (restart 0) KSP residual norm 1.478235e-06
  7 (restart 0) KSP residual norm 1.380658e-06
  8 (restart 0) KSP residual norm 1.322326e-06
  9 (restart 0) KSP residual norm 1.291774e-06
 10 (restart 0) KSP residual norm 1.280692e-06
 11 (restart 0) KSP residual norm 1.230405e-06
 12 (restart 0) KSP residual norm 1.199644e-06
 13 (restart 0) KSP residual norm 1.152018e-06
 14 (restart 0) KSP residual norm 1.082377e-06
 15 (restart 0) KSP residual norm 1.001273e-06
 16 (restart 0) KSP residual norm 8.246581e-07
 17 (restart 0) KSP residual norm 8.216391e-07
 18 (restart 0) KSP residual norm 7.023743e-07
 19 (restart 0) KSP residual norm 6.053667e-07
 20 (restart 0) KSP residual norm 5.588582e-07
 21 (restart 0) KSP residual norm 4.842036e-07
 22 (restart 0) KSP residual norm 4.343116e-07
 23 (restart 0) KSP residual norm 4.085323e-07
 24 (restart 0) KSP residual norm 3.411277e-07
 25 (restart 0) KSP residual norm 2.906226e-07
 26 (restart 0) KSP residual norm 2.774386e-07
 27 (restart 0) KSP residual norm 1.616515e-07
 28 (restart 0) KSP residual norm 8.134334e-08
 29 (restart 0) KSP residual norm 4.709571e-08
 30 (restart 0) KSP residual norm 2.262948e-08
 31 (restart 0) KSP residual norm 1.091334e-08
GMRES solver converged in 31 iterations (avg. reduction factor: 7.323e-01)
1 NLEPS (nconv=0, restart=0) residual norm 1.945943e-07
  Residual norms for GMRES solve
  0 (restart 0) KSP residual norm 2.017588e-08
  1 (restart 0) KSP residual norm 1.995246e-08
  2 (restart 0) KSP residual norm 1.872339e-08
  3 (restart 0) KSP residual norm 1.642189e-08
  4 (restart 0) KSP residual norm 1.626759e-08
  5 (restart 0) KSP residual norm 1.278305e-08
  6 (restart 0) KSP residual norm 1.214919e-08
  7 (restart 0) KSP residual norm 1.087761e-08
  8 (restart 0) KSP residual norm 9.781600e-09
  9 (restart 0) KSP residual norm 8.452928e-09
 10 (restart 0) KSP residual norm 7.187316e-09
 11 (restart 0) KSP residual norm 6.639255e-09
 12 (restart 0) KSP residual norm 5.851105e-09
 13 (restart 0) KSP residual norm 5.377470e-09
 14 (restart 0) KSP residual norm 5.258599e-09
 15 (restart 0) KSP residual norm 4.943816e-09
 16 (restart 0) KSP residual norm 4.854987e-09
 17 (restart 0) KSP residual norm 4.690941e-09
 18 (restart 0) KSP residual norm 4.604880e-09
 19 (restart 0) KSP residual norm 4.568186e-09
 20 (restart 0) KSP residual norm 4.563634e-09
 21 (restart 0) KSP residual norm 4.445203e-09
 22 (restart 0) KSP residual norm 4.124310e-09
 23 (restart 0) KSP residual norm 3.463319e-09
 24 (restart 0) KSP residual norm 2.091065e-09
 25 (restart 0) KSP residual norm 1.039712e-09
 26 (restart 0) KSP residual norm 5.635866e-10
 27 (restart 0) KSP residual norm 3.046139e-10
 28 (restart 0) KSP residual norm 1.542395e-10
 29 (restart 0) KSP residual norm 7.462875e-11
 30 (restart 0) KSP residual norm 3.128027e-11
 31 (restart 0) KSP residual norm 1.551679e-11
 32 (restart 0) KSP residual norm 7.905685e-12
 33 (restart 0) KSP residual norm 3.677971e-12
 34 (restart 0) KSP residual norm 1.644687e-12
 35 (restart 0) KSP residual norm 7.793021e-13
GMRES solver converged in 35 iterations (avg. reduction factor: 7.480e-01)
2 NLEPS (nconv=0, restart=0) residual norm 8.248190e-10
Eigenvalue 0, Quasi-Newton converged in 2 iterations (-2.928e-02+9.152e+00i).
  Residual norms for GMRES solve
  0 (restart 0) KSP residual norm 7.169254e+00
  1 (restart 0) KSP residual norm 4.753178e-01
  2 (restart 0) KSP residual norm 3.351431e-01
  3 (restart 0) KSP residual norm 1.875765e-01
  4 (restart 0) KSP residual norm 8.851824e-02
  5 (restart 0) KSP residual norm 1.488001e-02
  6 (restart 0) KSP residual norm 9.123715e-03
  7 (restart 0) KSP residual norm 7.989063e-03
  8 (restart 0) KSP residual norm 7.198927e-03
  9 (restart 0) KSP residual norm 5.815871e-03
 10 (restart 0) KSP residual norm 5.768839e-03
 11 (restart 0) KSP residual norm 5.338965e-03
 12 (restart 0) KSP residual norm 5.127307e-03
 13 (restart 0) KSP residual norm 4.368771e-03
 14 (restart 0) KSP residual norm 2.995166e-03
 15 (restart 0) KSP residual norm 2.375630e-03
 16 (restart 0) KSP residual norm 1.898786e-03
 17 (restart 0) KSP residual norm 1.651397e-03
 18 (restart 0) KSP residual norm 1.633643e-03
 19 (restart 0) KSP residual norm 1.606764e-03
 20 (restart 0) KSP residual norm 1.594615e-03
 21 (restart 0) KSP residual norm 1.574829e-03
 22 (restart 0) KSP residual norm 1.521807e-03
 23 (restart 0) KSP residual norm 1.457021e-03
 24 (restart 0) KSP residual norm 1.450371e-03
 25 (restart 0) KSP residual norm 1.449174e-03
 26 (restart 0) KSP residual norm 1.442012e-03
 27 (restart 0) KSP residual norm 1.413930e-03
 28 (restart 0) KSP residual norm 1.388698e-03
 29 (restart 0) KSP residual norm 1.360724e-03
 30 (restart 0) KSP residual norm 1.256712e-03
 31 (restart 0) KSP residual norm 1.025384e-03
 32 (restart 0) KSP residual norm 6.752516e-04
GMRES solver converged in 32 iterations (avg. reduction factor: 7.485e-01)
0 NLEPS (nconv=1, restart=0) residual norm 1.310396e-01
  Residual norms for GMRES solve
  0 (restart 0) KSP residual norm 1.322433e+00
  1 (restart 0) KSP residual norm 7.639346e-01
  2 (restart 0) KSP residual norm 1.961727e-01
  3 (restart 0) KSP residual norm 6.491716e-02
  4 (restart 0) KSP residual norm 3.401000e-02
  5 (restart 0) KSP residual norm 2.645928e-02
  6 (restart 0) KSP residual norm 2.055066e-02
  7 (restart 0) KSP residual norm 8.535496e-03
  8 (restart 0) KSP residual norm 8.212957e-03
  9 (restart 0) KSP residual norm 8.148370e-03
 10 (restart 0) KSP residual norm 7.536230e-03
 11 (restart 0) KSP residual norm 7.079224e-03
 12 (restart 0) KSP residual norm 6.602197e-03
 13 (restart 0) KSP residual norm 6.393030e-03
 14 (restart 0) KSP residual norm 6.355229e-03
 15 (restart 0) KSP residual norm 6.341618e-03
 16 (restart 0) KSP residual norm 6.332051e-03
 17 (restart 0) KSP residual norm 6.307294e-03
 18 (restart 0) KSP residual norm 6.267415e-03
 19 (restart 0) KSP residual norm 6.254362e-03
 20 (restart 0) KSP residual norm 6.137632e-03
 21 (restart 0) KSP residual norm 6.028280e-03
 22 (restart 0) KSP residual norm 5.885880e-03
 23 (restart 0) KSP residual norm 5.788437e-03
 24 (restart 0) KSP residual norm 5.747275e-03
 25 (restart 0) KSP residual norm 5.667907e-03
 26 (restart 0) KSP residual norm 5.647895e-03
 27 (restart 0) KSP residual norm 5.578748e-03
 28 (restart 0) KSP residual norm 5.134060e-03
 29 (restart 0) KSP residual norm 4.313308e-03
 30 (restart 0) KSP residual norm 2.723257e-03
 31 (restart 0) KSP residual norm 1.539027e-03
 32 (restart 0) KSP residual norm 7.163810e-04
 33 (restart 0) KSP residual norm 3.586682e-04
 34 (restart 0) KSP residual norm 1.621132e-04
 35 (restart 0) KSP residual norm 7.458762e-05
GMRES solver converged in 35 iterations (avg. reduction factor: 7.562e-01)
1 NLEPS (nconv=1, restart=0) residual norm 1.225359e-03
  Residual norms for GMRES solve
  0 (restart 0) KSP residual norm 1.230116e-07
  1 (restart 0) KSP residual norm 6.353896e-08
  2 (restart 0) KSP residual norm 3.170646e-08
  3 (restart 0) KSP residual norm 1.494341e-08
  4 (restart 0) KSP residual norm 7.712554e-09
  5 (restart 0) KSP residual norm 4.212057e-09
  6 (restart 0) KSP residual norm 3.114030e-09
  7 (restart 0) KSP residual norm 1.961309e-09
  8 (restart 0) KSP residual norm 1.642435e-09
  9 (restart 0) KSP residual norm 1.222215e-09
 10 (restart 0) KSP residual norm 1.177601e-09
 11 (restart 0) KSP residual norm 1.086389e-09
 12 (restart 0) KSP residual norm 1.042050e-09
 13 (restart 0) KSP residual norm 1.013495e-09
 14 (restart 0) KSP residual norm 9.566377e-10
 15 (restart 0) KSP residual norm 9.324703e-10
 16 (restart 0) KSP residual norm 7.793296e-10
 17 (restart 0) KSP residual norm 6.774516e-10
 18 (restart 0) KSP residual norm 6.234820e-10
 19 (restart 0) KSP residual norm 5.727129e-10
 20 (restart 0) KSP residual norm 5.696922e-10
 21 (restart 0) KSP residual norm 5.552668e-10
 22 (restart 0) KSP residual norm 5.453062e-10
 23 (restart 0) KSP residual norm 5.440803e-10
 24 (restart 0) KSP residual norm 5.364001e-10
 25 (restart 0) KSP residual norm 5.344168e-10
 26 (restart 0) KSP residual norm 5.321882e-10
 27 (restart 0) KSP residual norm 5.192989e-10
 28 (restart 0) KSP residual norm 5.012182e-10
 29 (restart 0) KSP residual norm 4.964768e-10
 30 (restart 0) KSP residual norm 4.927174e-10
 31 (restart 0) KSP residual norm 4.762489e-10
 32 (restart 0) KSP residual norm 4.338231e-10
 33 (restart 0) KSP residual norm 3.369932e-10
 34 (restart 0) KSP residual norm 2.160284e-10
 35 (restart 0) KSP residual norm 1.173587e-10
 36 (restart 0) KSP residual norm 5.933982e-11
 37 (restart 0) KSP residual norm 2.812746e-11
 38 (restart 0) KSP residual norm 1.242169e-11
 39 (restart 0) KSP residual norm 5.831790e-12
GMRES solver converged in 39 iterations (avg. reduction factor: 7.747e-01)
2 NLEPS (nconv=1, restart=0) residual norm 3.298342e-07
  Residual norms for GMRES solve
  0 (restart 0) KSP residual norm 1.500975e-09
  1 (restart 0) KSP residual norm 9.576342e-10
  2 (restart 0) KSP residual norm 2.063256e-10
  3 (restart 0) KSP residual norm 1.424380e-10
  4 (restart 0) KSP residual norm 1.422689e-10
  5 (restart 0) KSP residual norm 9.448794e-11
  6 (restart 0) KSP residual norm 8.764251e-11
  7 (restart 0) KSP residual norm 8.646266e-11
  8 (restart 0) KSP residual norm 8.275836e-11
  9 (restart 0) KSP residual norm 7.569089e-11
 10 (restart 0) KSP residual norm 7.278392e-11
 11 (restart 0) KSP residual norm 7.196662e-11
 12 (restart 0) KSP residual norm 6.827145e-11
 13 (restart 0) KSP residual norm 6.745694e-11
 14 (restart 0) KSP residual norm 6.677204e-11
 15 (restart 0) KSP residual norm 6.498379e-11
 16 (restart 0) KSP residual norm 6.471769e-11
 17 (restart 0) KSP residual norm 6.459819e-11
 18 (restart 0) KSP residual norm 6.455200e-11
 19 (restart 0) KSP residual norm 6.441063e-11
 20 (restart 0) KSP residual norm 6.439924e-11
 21 (restart 0) KSP residual norm 6.384609e-11
 22 (restart 0) KSP residual norm 6.325413e-11
 23 (restart 0) KSP residual norm 6.308203e-11
 24 (restart 0) KSP residual norm 6.251184e-11
 25 (restart 0) KSP residual norm 5.727310e-11
 26 (restart 0) KSP residual norm 4.802204e-11
 27 (restart 0) KSP residual norm 3.439913e-11
 28 (restart 0) KSP residual norm 1.983318e-11
 29 (restart 0) KSP residual norm 9.413537e-12
 30 (restart 0) KSP residual norm 4.661710e-12
 31 (restart 0) KSP residual norm 2.412476e-12
 32 (restart 0) KSP residual norm 1.072396e-12
 33 (restart 0) KSP residual norm 5.113766e-13
GMRES solver converged in 33 iterations (avg. reduction factor: 7.851e-01)
3 NLEPS (nconv=1, restart=0) residual norm 2.803538e-10
Eigenvalue 1, Quasi-Newton converged in 3 iterations (-2.019e-04+9.675e+00i).
  Residual norms for GMRES solve
  0 (restart 0) KSP residual norm 7.168837e+00
  1 (restart 0) KSP residual norm 5.027297e-01
  2 (restart 0) KSP residual norm 3.427732e-01
  3 (restart 0) KSP residual norm 1.886792e-01
  4 (restart 0) KSP residual norm 8.969429e-02
  5 (restart 0) KSP residual norm 1.509683e-02
  6 (restart 0) KSP residual norm 9.259963e-03
  7 (restart 0) KSP residual norm 8.155941e-03
  8 (restart 0) KSP residual norm 7.303136e-03
  9 (restart 0) KSP residual norm 6.092819e-03
 10 (restart 0) KSP residual norm 6.013545e-03
 11 (restart 0) KSP residual norm 5.728856e-03
 12 (restart 0) KSP residual norm 5.680506e-03
 13 (restart 0) KSP residual norm 5.637183e-03
 14 (restart 0) KSP residual norm 5.427796e-03
 15 (restart 0) KSP residual norm 4.904393e-03
 16 (restart 0) KSP residual norm 4.752154e-03
 17 (restart 0) KSP residual norm 4.581720e-03
 18 (restart 0) KSP residual norm 4.247551e-03
 19 (restart 0) KSP residual norm 4.238868e-03
 20 (restart 0) KSP residual norm 4.146138e-03
 21 (restart 0) KSP residual norm 3.967130e-03
 22 (restart 0) KSP residual norm 3.873443e-03
 23 (restart 0) KSP residual norm 3.815611e-03
 24 (restart 0) KSP residual norm 3.797368e-03
 25 (restart 0) KSP residual norm 3.771458e-03
 26 (restart 0) KSP residual norm 3.770931e-03
 27 (restart 0) KSP residual norm 3.750026e-03
 28 (restart 0) KSP residual norm 3.630921e-03
 29 (restart 0) KSP residual norm 3.290114e-03
 30 (restart 0) KSP residual norm 2.391577e-03
 31 (restart 0) KSP residual norm 1.436906e-03
 32 (restart 0) KSP residual norm 7.982523e-04
 33 (restart 0) KSP residual norm 3.545293e-04
GMRES solver converged in 33 iterations (avg. reduction factor: 7.405e-01)
0 NLEPS (nconv=2, restart=0) residual norm 1.496938e-01
  Residual norms for GMRES solve
  0 (restart 0) KSP residual norm 1.863061e+01
  1 (restart 0) KSP residual norm 1.192435e+01
  2 (restart 0) KSP residual norm 1.802397e+00
  3 (restart 0) KSP residual norm 9.486355e-01
  4 (restart 0) KSP residual norm 9.011598e-01
  5 (restart 0) KSP residual norm 7.827937e-01
  6 (restart 0) KSP residual norm 7.035552e-01
  7 (restart 0) KSP residual norm 6.499514e-01
  8 (restart 0) KSP residual norm 6.144819e-01
  9 (restart 0) KSP residual norm 4.065612e-01
 10 (restart 0) KSP residual norm 1.984427e-01
 11 (restart 0) KSP residual norm 9.630064e-02
 12 (restart 0) KSP residual norm 5.006933e-02
 13 (restart 0) KSP residual norm 2.152645e-02
 14 (restart 0) KSP residual norm 1.328588e-02
 15 (restart 0) KSP residual norm 9.201662e-03
 16 (restart 0) KSP residual norm 8.594265e-03
 17 (restart 0) KSP residual norm 8.031071e-03
 18 (restart 0) KSP residual norm 7.755759e-03
 19 (restart 0) KSP residual norm 7.751646e-03
 20 (restart 0) KSP residual norm 7.720019e-03
 21 (restart 0) KSP residual norm 7.713297e-03
 22 (restart 0) KSP residual norm 7.706820e-03
 23 (restart 0) KSP residual norm 7.664416e-03
 24 (restart 0) KSP residual norm 7.652863e-03
 25 (restart 0) KSP residual norm 7.647138e-03
 26 (restart 0) KSP residual norm 7.603744e-03
 27 (restart 0) KSP residual norm 7.569217e-03
 28 (restart 0) KSP residual norm 7.295709e-03
 29 (restart 0) KSP residual norm 6.604723e-03
 30 (restart 0) KSP residual norm 4.982668e-03
 31 (restart 0) KSP residual norm 2.711608e-03
 32 (restart 0) KSP residual norm 1.421321e-03
GMRES solver converged in 32 iterations (avg. reduction factor: 7.436e-01)
1 NLEPS (nconv=2, restart=0) residual norm 1.796661e-03
  Residual norms for GMRES solve
  0 (restart 0) KSP residual norm 7.610838e-06
  1 (restart 0) KSP residual norm 1.177553e-06
  2 (restart 0) KSP residual norm 2.784179e-07
  3 (restart 0) KSP residual norm 2.194272e-07
  4 (restart 0) KSP residual norm 1.610951e-07
  5 (restart 0) KSP residual norm 1.537309e-07
  6 (restart 0) KSP residual norm 1.292822e-07
  7 (restart 0) KSP residual norm 1.118597e-07
  8 (restart 0) KSP residual norm 1.068814e-07
  9 (restart 0) KSP residual norm 1.005879e-07
 10 (restart 0) KSP residual norm 9.559226e-08
 11 (restart 0) KSP residual norm 8.726999e-08
 12 (restart 0) KSP residual norm 8.241398e-08
 13 (restart 0) KSP residual norm 7.312084e-08
 14 (restart 0) KSP residual norm 5.092728e-08
 15 (restart 0) KSP residual norm 2.498339e-08
 16 (restart 0) KSP residual norm 1.293147e-08
 17 (restart 0) KSP residual norm 6.363331e-09
 18 (restart 0) KSP residual norm 3.274778e-09
 19 (restart 0) KSP residual norm 1.847266e-09
 20 (restart 0) KSP residual norm 1.300692e-09
 21 (restart 0) KSP residual norm 1.161703e-09
 22 (restart 0) KSP residual norm 1.080098e-09
 23 (restart 0) KSP residual norm 1.076226e-09
 24 (restart 0) KSP residual norm 1.071786e-09
 25 (restart 0) KSP residual norm 1.069272e-09
 26 (restart 0) KSP residual norm 1.061873e-09
 27 (restart 0) KSP residual norm 1.056667e-09
 28 (restart 0) KSP residual norm 1.050953e-09
 29 (restart 0) KSP residual norm 1.045010e-09
 30 (restart 0) KSP residual norm 1.044544e-09
 31 (restart 0) KSP residual norm 1.044274e-09
 32 (restart 0) KSP residual norm 1.043883e-09
 33 (restart 0) KSP residual norm 1.025713e-09
 34 (restart 0) KSP residual norm 9.879028e-10
 35 (restart 0) KSP residual norm 8.300722e-10
 36 (restart 0) KSP residual norm 5.958272e-10
GMRES solver converged in 36 iterations (avg. reduction factor: 7.690e-01)
2 NLEPS (nconv=2, restart=0) residual norm 7.293299e-07
  Residual norms for GMRES solve
  0 (restart 0) KSP residual norm 3.308646e-08
  1 (restart 0) KSP residual norm 1.305470e-09
  2 (restart 0) KSP residual norm 8.135324e-10
  3 (restart 0) KSP residual norm 7.116437e-10
  4 (restart 0) KSP residual norm 4.347668e-10
  5 (restart 0) KSP residual norm 3.243950e-10
  6 (restart 0) KSP residual norm 2.264704e-10
  7 (restart 0) KSP residual norm 2.168300e-10
  8 (restart 0) KSP residual norm 1.981706e-10
  9 (restart 0) KSP residual norm 1.919266e-10
 10 (restart 0) KSP residual norm 1.866095e-10
 11 (restart 0) KSP residual norm 1.838799e-10
 12 (restart 0) KSP residual norm 1.804910e-10
 13 (restart 0) KSP residual norm 1.680756e-10
 14 (restart 0) KSP residual norm 1.499390e-10
 15 (restart 0) KSP residual norm 1.396662e-10
 16 (restart 0) KSP residual norm 1.302955e-10
 17 (restart 0) KSP residual norm 1.269320e-10
 18 (restart 0) KSP residual norm 1.260537e-10
 19 (restart 0) KSP residual norm 1.259841e-10
 20 (restart 0) KSP residual norm 1.249026e-10
 21 (restart 0) KSP residual norm 1.241049e-10
 22 (restart 0) KSP residual norm 1.237115e-10
 23 (restart 0) KSP residual norm 1.231475e-10
 24 (restart 0) KSP residual norm 1.230997e-10
 25 (restart 0) KSP residual norm 1.227033e-10
 26 (restart 0) KSP residual norm 1.218398e-10
 27 (restart 0) KSP residual norm 1.205264e-10
 28 (restart 0) KSP residual norm 1.196237e-10
 29 (restart 0) KSP residual norm 1.089092e-10
 30 (restart 0) KSP residual norm 8.580122e-11
 31 (restart 0) KSP residual norm 4.786481e-11
 32 (restart 0) KSP residual norm 2.595399e-11
 33 (restart 0) KSP residual norm 1.271599e-11
 34 (restart 0) KSP residual norm 6.434275e-12
 35 (restart 0) KSP residual norm 3.068606e-12
 36 (restart 0) KSP residual norm 1.558400e-12
 37 (restart 0) KSP residual norm 7.326696e-13
GMRES solver converged in 37 iterations (avg. reduction factor: 7.485e-01)
3 NLEPS (nconv=2, restart=0) residual norm 1.703868e-10
Eigenvalue 2, Quasi-Newton converged in 3 iterations (-2.019e-04+9.675e+00i).
  Residual norms for GMRES solve
  0 (restart 0) KSP residual norm 8.287329e+00
  1 (restart 0) KSP residual norm 1.387357e+00
  2 (restart 0) KSP residual norm 4.065467e-01
  3 (restart 0) KSP residual norm 3.124235e-01
  4 (restart 0) KSP residual norm 2.251095e-01
  5 (restart 0) KSP residual norm 1.816129e-01
  6 (restart 0) KSP residual norm 1.172320e-01
  7 (restart 0) KSP residual norm 9.539329e-02
  8 (restart 0) KSP residual norm 9.459658e-02
  9 (restart 0) KSP residual norm 9.345480e-02
 10 (restart 0) KSP residual norm 8.635173e-02
 11 (restart 0) KSP residual norm 7.810847e-02
 12 (restart 0) KSP residual norm 6.493927e-02
 13 (restart 0) KSP residual norm 4.361141e-02
 14 (restart 0) KSP residual norm 4.127090e-02
 15 (restart 0) KSP residual norm 2.773816e-02
 16 (restart 0) KSP residual norm 2.593251e-02
 17 (restart 0) KSP residual norm 2.019229e-02
 18 (restart 0) KSP residual norm 1.531628e-02
 19 (restart 0) KSP residual norm 1.439102e-02
 20 (restart 0) KSP residual norm 1.094045e-02
 21 (restart 0) KSP residual norm 6.842203e-03
 22 (restart 0) KSP residual norm 4.296791e-03
 23 (restart 0) KSP residual norm 1.952513e-03
 24 (restart 0) KSP residual norm 9.234956e-04
 25 (restart 0) KSP residual norm 4.126006e-04
GMRES solver converged in 25 iterations (avg. reduction factor: 6.728e-01)
0 NLEPS (nconv=3, restart=0) residual norm 3.507873e-01
  Residual norms for GMRES solve
  0 (restart 0) KSP residual norm 1.983891e+01
  1 (restart 0) KSP residual norm 1.032341e+00
  2 (restart 0) KSP residual norm 3.301428e-01
  3 (restart 0) KSP residual norm 2.815471e-01
  4 (restart 0) KSP residual norm 2.488418e-01
  5 (restart 0) KSP residual norm 2.456096e-01
  6 (restart 0) KSP residual norm 1.695937e-01
  7 (restart 0) KSP residual norm 1.539307e-01
  8 (restart 0) KSP residual norm 1.490460e-01
  9 (restart 0) KSP residual norm 1.340618e-01
 10 (restart 0) KSP residual norm 1.114974e-01
 11 (restart 0) KSP residual norm 9.028222e-02
 12 (restart 0) KSP residual norm 5.389703e-02
 13 (restart 0) KSP residual norm 2.067341e-02
 14 (restart 0) KSP residual norm 1.264376e-02
 15 (restart 0) KSP residual norm 1.084402e-02
 16 (restart 0) KSP residual norm 9.183376e-03
 17 (restart 0) KSP residual norm 8.952149e-03
 18 (restart 0) KSP residual norm 7.930761e-03
 19 (restart 0) KSP residual norm 7.651892e-03
 20 (restart 0) KSP residual norm 7.084990e-03
 21 (restart 0) KSP residual norm 5.772812e-03
 22 (restart 0) KSP residual norm 4.382293e-03
 23 (restart 0) KSP residual norm 2.744852e-03
 24 (restart 0) KSP residual norm 1.666940e-03
GMRES solver converged in 24 iterations (avg. reduction factor: 6.764e-01)
1 NLEPS (nconv=3, restart=0) residual norm 8.348363e-03
  Residual norms for GMRES solve
  0 (restart 0) KSP residual norm 3.414075e-04
  1 (restart 0) KSP residual norm 7.282617e-05
  2 (restart 0) KSP residual norm 4.143759e-05
  3 (restart 0) KSP residual norm 3.831839e-05
  4 (restart 0) KSP residual norm 3.283222e-05
  5 (restart 0) KSP residual norm 3.196896e-05
  6 (restart 0) KSP residual norm 2.606614e-05
  7 (restart 0) KSP residual norm 2.221594e-05
  8 (restart 0) KSP residual norm 1.997411e-05
  9 (restart 0) KSP residual norm 1.609712e-05
 10 (restart 0) KSP residual norm 1.312065e-05
 11 (restart 0) KSP residual norm 8.057521e-06
 12 (restart 0) KSP residual norm 5.643968e-06
 13 (restart 0) KSP residual norm 2.980604e-06
 14 (restart 0) KSP residual norm 1.949075e-06
 15 (restart 0) KSP residual norm 1.642391e-06
 16 (restart 0) KSP residual norm 1.627370e-06
 17 (restart 0) KSP residual norm 1.585873e-06
 18 (restart 0) KSP residual norm 1.541368e-06
 19 (restart 0) KSP residual norm 1.537616e-06
 20 (restart 0) KSP residual norm 1.506390e-06
 21 (restart 0) KSP residual norm 1.446482e-06
 22 (restart 0) KSP residual norm 1.102248e-06
 23 (restart 0) KSP residual norm 6.451065e-07
 24 (restart 0) KSP residual norm 2.920913e-07
 25 (restart 0) KSP residual norm 1.376045e-07
 26 (restart 0) KSP residual norm 6.463772e-08
 27 (restart 0) KSP residual norm 3.064778e-08
GMRES solver converged in 27 iterations (avg. reduction factor: 7.081e-01)
2 NLEPS (nconv=3, restart=0) residual norm 2.363805e-05
  Residual norms for GMRES solve
  0 (restart 0) KSP residual norm 1.941321e-05
  1 (restart 0) KSP residual norm 1.889279e-05
  2 (restart 0) KSP residual norm 1.642337e-05
  3 (restart 0) KSP residual norm 5.188255e-06
  4 (restart 0) KSP residual norm 2.732649e-06
  5 (restart 0) KSP residual norm 2.242772e-06
  6 (restart 0) KSP residual norm 1.545621e-06
  7 (restart 0) KSP residual norm 1.335523e-06
  8 (restart 0) KSP residual norm 1.286442e-06
  9 (restart 0) KSP residual norm 9.823140e-07
 10 (restart 0) KSP residual norm 7.680437e-07
 11 (restart 0) KSP residual norm 7.626063e-07
 12 (restart 0) KSP residual norm 6.884342e-07
 13 (restart 0) KSP residual norm 6.295383e-07
 14 (restart 0) KSP residual norm 5.677871e-07
 15 (restart 0) KSP residual norm 5.556901e-07
 16 (restart 0) KSP residual norm 5.321728e-07
 17 (restart 0) KSP residual norm 4.614721e-07
 18 (restart 0) KSP residual norm 4.048087e-07
 19 (restart 0) KSP residual norm 2.692065e-07
 20 (restart 0) KSP residual norm 1.613454e-07
 21 (restart 0) KSP residual norm 9.786305e-08
 22 (restart 0) KSP residual norm 4.747376e-08
 23 (restart 0) KSP residual norm 2.429961e-08
 24 (restart 0) KSP residual norm 1.194668e-08
 25 (restart 0) KSP residual norm 5.733848e-09
 26 (restart 0) KSP residual norm 2.957616e-09
 27 (restart 0) KSP residual norm 1.351046e-09
 28 (restart 0) KSP residual norm 6.425002e-10
 29 (restart 0) KSP residual norm 3.149471e-10
GMRES solver converged in 29 iterations (avg. reduction factor: 6.836e-01)
3 NLEPS (nconv=3, restart=0) residual norm 2.550160e-07
  Residual norms for GMRES solve
  0 (restart 0) KSP residual norm 1.371291e-05
  1 (restart 0) KSP residual norm 1.308619e-05
  2 (restart 0) KSP residual norm 6.161880e-06
  3 (restart 0) KSP residual norm 2.567386e-06
  4 (restart 0) KSP residual norm 1.345200e-06
  5 (restart 0) KSP residual norm 1.123070e-06
  6 (restart 0) KSP residual norm 9.740092e-07
  7 (restart 0) KSP residual norm 9.697166e-07
  8 (restart 0) KSP residual norm 9.428767e-07
  9 (restart 0) KSP residual norm 8.589375e-07
 10 (restart 0) KSP residual norm 8.499246e-07
 11 (restart 0) KSP residual norm 7.968014e-07
 12 (restart 0) KSP residual norm 7.623997e-07
 13 (restart 0) KSP residual norm 7.366443e-07
 14 (restart 0) KSP residual norm 6.800094e-07
 15 (restart 0) KSP residual norm 5.961771e-07
 16 (restart 0) KSP residual norm 5.627188e-07
 17 (restart 0) KSP residual norm 4.469619e-07
 18 (restart 0) KSP residual norm 3.062797e-07
 19 (restart 0) KSP residual norm 2.064787e-07
 20 (restart 0) KSP residual norm 1.111037e-07
 21 (restart 0) KSP residual norm 6.563594e-08
 22 (restart 0) KSP residual norm 3.044098e-08
 23 (restart 0) KSP residual norm 1.483950e-08
 24 (restart 0) KSP residual norm 7.249207e-09
 25 (restart 0) KSP residual norm 3.543355e-09
 26 (restart 0) KSP residual norm 1.822397e-09
 27 (restart 0) KSP residual norm 8.345952e-10
 28 (restart 0) KSP residual norm 3.934043e-10
 29 (restart 0) KSP residual norm 1.937081e-10
 30 (restart 0) KSP residual norm 9.222775e-11
 31 (restart 0) KSP residual norm 4.305286e-11
 32 (restart 0) KSP residual norm 2.080820e-11
 33 (restart 0) KSP residual norm 9.242474e-12
 34 (restart 0) KSP residual norm 3.836616e-12
 35 (restart 0) KSP residual norm 1.662672e-12
GMRES solver converged in 35 iterations (avg. reduction factor: 6.344e-01)
4 NLEPS (nconv=3, restart=0) residual norm 1.771229e-07
  Residual norms for GMRES solve
  0 (restart 0) KSP residual norm 9.128710e-06
  1 (restart 0) KSP residual norm 8.711504e-06
  2 (restart 0) KSP residual norm 4.102817e-06
  3 (restart 0) KSP residual norm 1.709192e-06
  4 (restart 0) KSP residual norm 8.954973e-07
  5 (restart 0) KSP residual norm 7.475257e-07
  6 (restart 0) KSP residual norm 6.481689e-07
  7 (restart 0) KSP residual norm 6.453700e-07
  8 (restart 0) KSP residual norm 6.274778e-07
  9 (restart 0) KSP residual norm 5.716690e-07
 10 (restart 0) KSP residual norm 5.656225e-07
 11 (restart 0) KSP residual norm 5.302013e-07
 12 (restart 0) KSP residual norm 5.075052e-07
 13 (restart 0) KSP residual norm 4.903557e-07
 14 (restart 0) KSP residual norm 4.527204e-07
 15 (restart 0) KSP residual norm 3.968942e-07
 16 (restart 0) KSP residual norm 3.745927e-07
 17 (restart 0) KSP residual norm 2.974444e-07
 18 (restart 0) KSP residual norm 2.038598e-07
 19 (restart 0) KSP residual norm 1.373940e-07
 20 (restart 0) KSP residual norm 7.394226e-08
 21 (restart 0) KSP residual norm 4.369560e-08
 22 (restart 0) KSP residual norm 2.025147e-08
 23 (restart 0) KSP residual norm 9.871582e-09
 24 (restart 0) KSP residual norm 4.817026e-09
 25 (restart 0) KSP residual norm 2.351877e-09
 26 (restart 0) KSP residual norm 1.209683e-09
 27 (restart 0) KSP residual norm 5.548563e-10
 28 (restart 0) KSP residual norm 2.616285e-10
 29 (restart 0) KSP residual norm 1.287445e-10
 30 (restart 0) KSP residual norm 6.134249e-11
 31 (restart 0) KSP residual norm 2.863509e-11
 32 (restart 0) KSP residual norm 1.384412e-11
 33 (restart 0) KSP residual norm 6.151298e-12
 34 (restart 0) KSP residual norm 2.553671e-12
 35 (restart 0) KSP residual norm 1.107072e-12
GMRES solver converged in 35 iterations (avg. reduction factor: 6.344e-01)
5 NLEPS (nconv=3, restart=0) residual norm 1.179098e-07
  Residual norms for GMRES solve
  0 (restart 0) KSP residual norm 6.082280e-06
  1 (restart 0) KSP residual norm 5.804304e-06
  2 (restart 0) KSP residual norm 2.733627e-06
  3 (restart 0) KSP residual norm 1.138801e-06
  4 (restart 0) KSP residual norm 5.966522e-07
  5 (restart 0) KSP residual norm 4.980616e-07
  6 (restart 0) KSP residual norm 4.318622e-07
  7 (restart 0) KSP residual norm 4.299973e-07
  8 (restart 0) KSP residual norm 4.180761e-07
  9 (restart 0) KSP residual norm 3.808918e-07
 10 (restart 0) KSP residual norm 3.768631e-07
 11 (restart 0) KSP residual norm 3.532627e-07
 12 (restart 0) KSP residual norm 3.381407e-07
 13 (restart 0) KSP residual norm 3.267144e-07
 14 (restart 0) KSP residual norm 3.016387e-07
 15 (restart 0) KSP residual norm 2.644428e-07
 16 (restart 0) KSP residual norm 2.495837e-07
 17 (restart 0) KSP residual norm 1.981813e-07
 18 (restart 0) KSP residual norm 1.358278e-07
 19 (restart 0) KSP residual norm 9.154292e-08
 20 (restart 0) KSP residual norm 4.926627e-08
 21 (restart 0) KSP residual norm 2.911352e-08
 22 (restart 0) KSP residual norm 1.349316e-08
 23 (restart 0) KSP residual norm 6.577240e-09
 24 (restart 0) KSP residual norm 3.209490e-09
 25 (restart 0) KSP residual norm 1.567009e-09
 26 (restart 0) KSP residual norm 8.059878e-10
 27 (restart 0) KSP residual norm 3.696898e-10
 28 (restart 0) KSP residual norm 1.743179e-10
 29 (restart 0) KSP residual norm 8.577992e-11
 30 (restart 0) KSP residual norm 4.087130e-11
 31 (restart 0) KSP residual norm 1.907900e-11
 32 (restart 0) KSP residual norm 9.224064e-12
 33 (restart 0) KSP residual norm 4.098489e-12
 34 (restart 0) KSP residual norm 1.701460e-12
 35 (restart 0) KSP residual norm 7.376201e-13
GMRES solver converged in 35 iterations (avg. reduction factor: 6.344e-01)
6 NLEPS (nconv=3, restart=0) residual norm 7.856029e-08
  Residual norms for GMRES solve
  0 (restart 0) KSP residual norm 4.054799e-06
  1 (restart 0) KSP residual norm 3.869484e-06
  2 (restart 0) KSP residual norm 1.822393e-06
  3 (restart 0) KSP residual norm 7.591905e-07
  4 (restart 0) KSP residual norm 3.977628e-07
  5 (restart 0) KSP residual norm 3.320367e-07
  6 (restart 0) KSP residual norm 2.879043e-07
  7 (restart 0) KSP residual norm 2.866611e-07
  8 (restart 0) KSP residual norm 2.787137e-07
  9 (restart 0) KSP residual norm 2.539245e-07
 10 (restart 0) KSP residual norm 2.512388e-07
 11 (restart 0) KSP residual norm 2.355053e-07
 12 (restart 0) KSP residual norm 2.254241e-07
 13 (restart 0) KSP residual norm 2.178067e-07
 14 (restart 0) KSP residual norm 2.010898e-07
 15 (restart 0) KSP residual norm 1.762928e-07
 16 (restart 0) KSP residual norm 1.663869e-07
 17 (restart 0) KSP residual norm 1.321191e-07
 18 (restart 0) KSP residual norm 9.055064e-08
 19 (restart 0) KSP residual norm 6.102780e-08
 20 (restart 0) KSP residual norm 3.284374e-08
 21 (restart 0) KSP residual norm 1.940875e-08
 22 (restart 0) KSP residual norm 8.995317e-09
 23 (restart 0) KSP residual norm 4.384769e-09
 24 (restart 0) KSP residual norm 2.139631e-09
 25 (restart 0) KSP residual norm 1.044659e-09
 26 (restart 0) KSP residual norm 5.373181e-10
 27 (restart 0) KSP residual norm 2.464566e-10
 28 (restart 0) KSP residual norm 1.162104e-10
 29 (restart 0) KSP residual norm 5.718585e-11
 30 (restart 0) KSP residual norm 2.724717e-11
 31 (restart 0) KSP residual norm 1.271916e-11
 32 (restart 0) KSP residual norm 6.149294e-12
 33 (restart 0) KSP residual norm 2.732289e-12
 34 (restart 0) KSP residual norm 1.134292e-12
 35 (restart 0) KSP residual norm 4.917402e-13
GMRES solver converged in 35 iterations (avg. reduction factor: 6.344e-01)
7 NLEPS (nconv=3, restart=0) residual norm 5.237259e-08
  Residual norms for GMRES solve
  0 (restart 0) KSP residual norm 2.704162e-06
  1 (restart 0) KSP residual norm 2.580575e-06
  2 (restart 0) KSP residual norm 1.215362e-06
  3 (restart 0) KSP residual norm 5.063073e-07
  4 (restart 0) KSP residual norm 2.652697e-07
  5 (restart 0) KSP residual norm 2.214366e-07
  6 (restart 0) KSP residual norm 1.920045e-07
  7 (restart 0) KSP residual norm 1.911754e-07
  8 (restart 0) KSP residual norm 1.858753e-07
  9 (restart 0) KSP residual norm 1.693433e-07
 10 (restart 0) KSP residual norm 1.675522e-07
 11 (restart 0) KSP residual norm 1.570595e-07
 12 (restart 0) KSP residual norm 1.503363e-07
 13 (restart 0) KSP residual norm 1.452562e-07
 14 (restart 0) KSP residual norm 1.341076e-07
 15 (restart 0) KSP residual norm 1.175704e-07
 16 (restart 0) KSP residual norm 1.109641e-07
 17 (restart 0) KSP residual norm 8.811079e-08
 18 (restart 0) KSP residual norm 6.038860e-08
 19 (restart 0) KSP residual norm 4.069969e-08
 20 (restart 0) KSP residual norm 2.190363e-08
 21 (restart 0) KSP residual norm 1.294378e-08
 22 (restart 0) KSP residual norm 5.999014e-09
 23 (restart 0) KSP residual norm 2.924220e-09
 24 (restart 0) KSP residual norm 1.426929e-09
 25 (restart 0) KSP residual norm 6.966872e-10
 26 (restart 0) KSP residual norm 3.583396e-10
 27 (restart 0) KSP residual norm 1.643629e-10
 28 (restart 0) KSP residual norm 7.750119e-11
 29 (restart 0) KSP residual norm 3.813748e-11
 30 (restart 0) KSP residual norm 1.817125e-11
 31 (restart 0) KSP residual norm 8.482462e-12
 32 (restart 0) KSP residual norm 4.100989e-12
 33 (restart 0) KSP residual norm 1.822175e-12
 34 (restart 0) KSP residual norm 7.564639e-13
GMRES solver converged in 34 iterations (avg. reduction factor: 6.416e-01)
8 NLEPS (nconv=3, restart=0) residual norm 3.492744e-08
  Residual norms for GMRES solve
  0 (restart 0) KSP residual norm 1.803846e-06
  1 (restart 0) KSP residual norm 1.721406e-06
  2 (restart 0) KSP residual norm 8.107225e-07
  3 (restart 0) KSP residual norm 3.377376e-07
  4 (restart 0) KSP residual norm 1.769512e-07
  5 (restart 0) KSP residual norm 1.477118e-07
  6 (restart 0) KSP residual norm 1.280788e-07
  7 (restart 0) KSP residual norm 1.275257e-07
  8 (restart 0) KSP residual norm 1.239902e-07
  9 (restart 0) KSP residual norm 1.129627e-07
 10 (restart 0) KSP residual norm 1.117677e-07
 11 (restart 0) KSP residual norm 1.047688e-07
 12 (restart 0) KSP residual norm 1.002838e-07
 13 (restart 0) KSP residual norm 9.689501e-08
 14 (restart 0) KSP residual norm 8.945800e-08
 15 (restart 0) KSP residual norm 7.842665e-08
 16 (restart 0) KSP residual norm 7.402000e-08
 17 (restart 0) KSP residual norm 5.877541e-08
 18 (restart 0) KSP residual norm 4.028314e-08
 19 (restart 0) KSP residual norm 2.714941e-08
 20 (restart 0) KSP residual norm 1.461118e-08
 21 (restart 0) KSP residual norm 8.634364e-09
 22 (restart 0) KSP residual norm 4.001773e-09
 23 (restart 0) KSP residual norm 1.950658e-09
 24 (restart 0) KSP residual norm 9.518695e-10
 25 (restart 0) KSP residual norm 4.647447e-10
 26 (restart 0) KSP residual norm 2.390402e-10
 27 (restart 0) KSP residual norm 1.096417e-10
 28 (restart 0) KSP residual norm 5.169852e-11
 29 (restart 0) KSP residual norm 2.544052e-11
 30 (restart 0) KSP residual norm 1.212148e-11
 31 (restart 0) KSP residual norm 5.658414e-12
 32 (restart 0) KSP residual norm 2.735649e-12
 33 (restart 0) KSP residual norm 1.215513e-12
 34 (restart 0) KSP residual norm 5.046130e-13
GMRES solver converged in 34 iterations (avg. reduction factor: 6.416e-01)
9 NLEPS (nconv=3, restart=0) residual norm 2.329878e-08
  Residual norms for GMRES solve
  0 (restart 0) KSP residual norm 1.203461e-06
  1 (restart 0) KSP residual norm 1.148460e-06
  2 (restart 0) KSP residual norm 5.408848e-07
  3 (restart 0) KSP residual norm 2.253264e-07
  4 (restart 0) KSP residual norm 1.180555e-07
  5 (restart 0) KSP residual norm 9.854798e-08
  6 (restart 0) KSP residual norm 8.544954e-08
  7 (restart 0) KSP residual norm 8.508057e-08
  8 (restart 0) KSP residual norm 8.272179e-08
  9 (restart 0) KSP residual norm 7.536463e-08
 10 (restart 0) KSP residual norm 7.456740e-08
 11 (restart 0) KSP residual norm 6.989800e-08
 12 (restart 0) KSP residual norm 6.690572e-08
 13 (restart 0) KSP residual norm 6.464485e-08
 14 (restart 0) KSP residual norm 5.968315e-08
 15 (restart 0) KSP residual norm 5.232343e-08
 16 (restart 0) KSP residual norm 4.938348e-08
 17 (restart 0) KSP residual norm 3.921284e-08
 18 (restart 0) KSP residual norm 2.687546e-08
 19 (restart 0) KSP residual norm 1.811311e-08
 20 (restart 0) KSP residual norm 9.748050e-09
 21 (restart 0) KSP residual norm 5.760537e-09
 22 (restart 0) KSP residual norm 2.669839e-09
 23 (restart 0) KSP residual norm 1.301408e-09
 24 (restart 0) KSP residual norm 6.350530e-10
 25 (restart 0) KSP residual norm 3.100609e-10
 26 (restart 0) KSP residual norm 1.594790e-10
 27 (restart 0) KSP residual norm 7.314900e-11
 28 (restart 0) KSP residual norm 3.449139e-11
 29 (restart 0) KSP residual norm 1.697300e-11
 30 (restart 0) KSP residual norm 8.087016e-12
 31 (restart 0) KSP residual norm 3.775090e-12
 32 (restart 0) KSP residual norm 1.825126e-12
 33 (restart 0) KSP residual norm 8.109462e-13
GMRES solver converged in 33 iterations (avg. reduction factor: 6.501e-01)
10 NLEPS (nconv=3, restart=0) residual norm 1.554418e-08
  Residual norms for GMRES solve
  0 (restart 0) KSP residual norm 8.029822e-07
  1 (restart 0) KSP residual norm 7.662840e-07
  2 (restart 0) KSP residual norm 3.608942e-07
  3 (restart 0) KSP residual norm 1.503439e-07
  4 (restart 0) KSP residual norm 7.877011e-08
  5 (restart 0) KSP residual norm 6.575451e-08
  6 (restart 0) KSP residual norm 5.701470e-08
  7 (restart 0) KSP residual norm 5.676843e-08
  8 (restart 0) KSP residual norm 5.519471e-08
  9 (restart 0) KSP residual norm 5.028545e-08
 10 (restart 0) KSP residual norm 4.975359e-08
 11 (restart 0) KSP residual norm 4.663825e-08
 12 (restart 0) KSP residual norm 4.464129e-08
 13 (restart 0) KSP residual norm 4.313281e-08
 14 (restart 0) KSP residual norm 3.982216e-08
 15 (restart 0) KSP residual norm 3.491180e-08
 16 (restart 0) KSP residual norm 3.295018e-08
 17 (restart 0) KSP residual norm 2.616387e-08
 18 (restart 0) KSP residual norm 1.793227e-08
 19 (restart 0) KSP residual norm 1.208574e-08
 20 (restart 0) KSP residual norm 6.504340e-09
 21 (restart 0) KSP residual norm 3.843700e-09
 22 (restart 0) KSP residual norm 1.781462e-09
 23 (restart 0) KSP residual norm 8.684144e-10
 24 (restart 0) KSP residual norm 4.237679e-10
 25 (restart 0) KSP residual norm 2.069140e-10
 26 (restart 0) KSP residual norm 1.064248e-10
 27 (restart 0) KSP residual norm 4.881111e-11
 28 (restart 0) KSP residual norm 2.301493e-11
 29 (restart 0) KSP residual norm 1.132565e-11
 30 (restart 0) KSP residual norm 5.396105e-12
 31 (restart 0) KSP residual norm 2.518965e-12
 32 (restart 0) KSP residual norm 1.217817e-12
 33 (restart 0) KSP residual norm 5.410947e-13
GMRES solver converged in 33 iterations (avg. reduction factor: 6.501e-01)
11 NLEPS (nconv=3, restart=0) residual norm 1.037148e-08
  Residual norms for GMRES solve
  0 (restart 0) KSP residual norm 5.358030e-07
  1 (restart 0) KSP residual norm 5.113156e-07
  2 (restart 0) KSP residual norm 2.408126e-07
  3 (restart 0) KSP residual norm 1.003194e-07
  4 (restart 0) KSP residual norm 5.256065e-08
  5 (restart 0) KSP residual norm 4.387578e-08
  6 (restart 0) KSP residual norm 3.804399e-08
  7 (restart 0) KSP residual norm 3.787967e-08
  8 (restart 0) KSP residual norm 3.682958e-08
  9 (restart 0) KSP residual norm 3.355379e-08
 10 (restart 0) KSP residual norm 3.319890e-08
 11 (restart 0) KSP residual norm 3.112014e-08
 12 (restart 0) KSP residual norm 2.978763e-08
 13 (restart 0) KSP residual norm 2.878107e-08
 14 (restart 0) KSP residual norm 2.657199e-08
 15 (restart 0) KSP residual norm 2.329547e-08
 16 (restart 0) KSP residual norm 2.198655e-08
 17 (restart 0) KSP residual norm 1.745827e-08
 18 (restart 0) KSP residual norm 1.196560e-08
 19 (restart 0) KSP residual norm 8.064411e-09
 20 (restart 0) KSP residual norm 4.340128e-09
 21 (restart 0) KSP residual norm 2.564772e-09
 22 (restart 0) KSP residual norm 1.188710e-09
 23 (restart 0) KSP residual norm 5.794637e-10
 24 (restart 0) KSP residual norm 2.827661e-10
 25 (restart 0) KSP residual norm 1.380667e-10
 26 (restart 0) KSP residual norm 7.101366e-11
 27 (restart 0) KSP residual norm 3.257001e-11
 28 (restart 0) KSP residual norm 1.535709e-11
 29 (restart 0) KSP residual norm 7.557228e-12
 30 (restart 0) KSP residual norm 3.600639e-12
 31 (restart 0) KSP residual norm 1.680820e-12
 32 (restart 0) KSP residual norm 8.126081e-13
GMRES solver converged in 32 iterations (avg. reduction factor: 6.579e-01)
12 NLEPS (nconv=3, restart=0) residual norm 6.920529e-09
Eigenvalue 3, Quasi-Newton converged in 12 iterations (-2.132e-02+8.980e+00i).

Computing solution error estimates and performing postprocessing

     m,        Re{f} (GHz),        Im{f} (GHz),                  Q,      Error (Bkwd.),       Error (Abs.)
     1,      +2.434287e+00,      +5.780433e-03,      +2.105633e+02,      +7.532975e-13,      +6.918925e-09
     2,      +2.480882e+00,      +7.938404e-03,      +1.562590e+02,      +8.972602e-14,      +8.248190e-10
     3,      +2.622763e+00,      +5.473142e-05,      +2.396031e+04,      +3.041774e-14,      +2.803471e-10
     4,      +2.622882e+00,      +5.474390e-05,      +2.395593e+04,      +1.848596e-14,      +1.703774e-10

Completed 0 iterations of adaptive mesh refinement (AMR):
 Indicator norm = nan, global unknowns = 395082
 Max. iterations = 0, tol. = 1.000e-02

Estimated peak per-rank memory usage is: Min. 229.0M, Max. 257.9M, Avg. 240.4M, Total 7.5G
Estimated peak per-node memory usage is: Min. 7.5G, Max. 7.5G, Avg. 7.5G, Total 7.5G

Elapsed Time Report (s)           Min.        Max.        Avg.
==============================================================
Initialization                   0.168       0.440       0.431
  Mesh Preprocessing             0.329       0.600       0.337
Operator Construction            0.957       0.996       0.986
Linear Solve                    24.355      24.414      24.391
  Setup                          5.196       5.197       5.197
  Preconditioner               207.683     207.785     207.741
  Coarse Solve                  17.020      17.090      17.045
Eigenvalue Solve                 2.770       2.779       2.776
Div.-Free Projection             7.656       7.664       7.662
Estimation                       0.032       0.036       0.034
  Construction                   0.303       0.303       0.303
  Solve                          1.357       1.360       1.359
Postprocessing                   0.595       0.597       0.596
Disk IO                          0.666       0.667       0.666
--------------------------------------------------------------
Total                          270.668     270.683     270.675

Peak Memory                   Per-Node       Total   Total HWM
==============================================================
Initialization                   56.3M       56.3M       56.3M
  Mesh Preprocessing            118.6M      118.6M      174.9M
Operator Construction             1.0G        1.0G        1.2G
Linear Solve                    512.0K      512.0K        1.2G
  Setup                         703.9M      703.9M        1.9G
  Preconditioner                 16.8M       16.8M        1.9G
  Coarse Solve                    3.4G        3.4G        5.2G
Eigenvalue Solve                213.6M      213.6M        5.5G
Div.-Free Projection            273.8M      273.8M        5.7G
Estimation                      190.5M      190.5M        5.9G
  Construction                  318.2M      318.2M        6.2G
  Solve                         190.8M      190.8M        6.4G
Postprocessing                  190.9M      190.9M        6.6G
Disk IO                          64.7M       64.7M        6.7G
--------------------------------------------------------------
Total                             7.1G        7.1G        7.1G

