>> /opt/amip/envs/emsim/bin/mpirun -n 32 /opt/amip/palace/bin/palace-x86_64.bin h3_superpose_e8_hot.json

_____________     _______
_____   __   \____ __   /____ ____________
____   /_/  /  __ ` /  /  __ ` /  ___/  _ \
___   _____/  /_/  /  /  /_/  /  /__/  ___/
  /__/     \___,__/__/\___,__/\_____\_____/

Git changeset ID: v0.17.0-293-g3c83b9db0
Running with 32 MPI processes, 1 OpenMP thread
Device configuration: omp,cpu
Memory configuration: host-std
libCEED backend: /cpu/self/xsmm/blocked

Added 10509 boundary elements for material interfaces to the mesh

Characteristic length and time scales:
 Lc = 1.760e-01 m, tc = 5.871e-01 ns
Finished partitioning mesh into 32 subdomains

Mesh curvature order: 2
Mesh bounding box:
 (Xmin, Ymin, Zmin) = (-8.800e-02, -8.800e-02, -5.771e-02) m
 (Xmax, Ymax, Zmax) = (+8.800e-02, +8.800e-02, +5.771e-02) m

Parallel Mesh Stats:

                minimum     average     maximum       total
 vertices           206         330         467       10575
 edges             1883        2288        2684       73221
 faces             3588        3885        4199      124320
 elements          1876        1927        1985       61673
 neighbors            5          10          29

            minimum     maximum
 h          0.00575    0.202974
 kappa      1.03312     13.0649

Estimated current per-rank memory usage is: Min. 32.3M, Max. 78.9M, Avg. 34.5M, Total 1.1G
Estimated current per-node memory usage is: Min. 1.1G, Max. 1.1G, Avg. 1.1G, Total 1.1G

Configuring Robin finite conductivity BC at attributes:
 90: σ = 3.500e+07 S/m, n = (+0.1,+0.1,+1.0)

Assembling system matrices, number of global unknowns:
 H1 (p = 2): 83796, ND (p = 2): 395082, RT (p = 2): 557979
 Operator assembly level: Partial
 Mesh geometries:
  Tetrahedron: P = 20, Q = 14 (quadrature order = 4)

Configuring SLEPc eigenvalue solver:
 Scaling γ = 2.826e+01, δ = 3.701e-06
 Configuring divergence-free projection
 Using random starting vector
PCG solver did NOT converge in 1000 iterations (avg. reduction factor: 9.937e-01)

[38;2;255;255;000m--> Warning![0m
Linear solver did not converge, norm(Ax-b)/norm(b) = 1.865e-03 (norm(b) = 2.865e+02)!

 Shift-and-invert σ = 2.400e+00 GHz (8.853e+00)

Assembling multigrid hierarchy:
 Level 0 (p = 1): 73221 unknowns
 Level 1 (p = 2): 395082 unknowns
 Level 0 (auxiliary) (p = 1): 10575 unknowns
 Level 1 (auxiliary) (p = 2): 83796 unknowns

#PETSc Option Table entries:
-eps_monitor # (source: code)
#End of PETSc Option Table entries

  Residual norms for GMRES solve
  0 (restart 0) KSP residual norm 1.534726e+00
  1 (restart 0) KSP residual norm 1.396165e+00
  2 (restart 0) KSP residual norm 6.740819e-01
  3 (restart 0) KSP residual norm 1.230110e-01
  4 (restart 0) KSP residual norm 6.273328e-02
  5 (restart 0) KSP residual norm 3.710053e-02
  6 (restart 0) KSP residual norm 1.328429e-02
  7 (restart 0) KSP residual norm 5.987465e-03
  8 (restart 0) KSP residual norm 2.763240e-03
  9 (restart 0) KSP residual norm 1.237357e-03
 10 (restart 0) KSP residual norm 6.563248e-04
 11 (restart 0) KSP residual norm 3.108595e-04
 12 (restart 0) KSP residual norm 1.427859e-04
 13 (restart 0) KSP residual norm 6.824928e-05
 14 (restart 0) KSP residual norm 3.291699e-05
 15 (restart 0) KSP residual norm 1.618602e-05
 16 (restart 0) KSP residual norm 7.781739e-06
 17 (restart 0) KSP residual norm 3.843863e-06
 18 (restart 0) KSP residual norm 1.904646e-06
 19 (restart 0) KSP residual norm 9.464775e-07
 20 (restart 0) KSP residual norm 4.778229e-07
 21 (restart 0) KSP residual norm 2.425864e-07
 22 (restart 0) KSP residual norm 1.216058e-07
 23 (restart 0) KSP residual norm 5.997935e-08
 24 (restart 0) KSP residual norm 3.047355e-08
 25 (restart 0) KSP residual norm 1.509768e-08
GMRES solver converged in 25 iterations (avg. reduction factor: 4.783e-01)
PCG solver did NOT converge in 1000 iterations (avg. reduction factor: 9.960e-01)

[38;2;255;255;000m--> Warning![0m
Linear solver did not converge, norm(Ax-b)/norm(b) = 1.826e-02 (norm(b) = 7.451e-02)!

PCG solver did NOT converge in 1000 iterations (avg. reduction factor: 9.983e-01)

[38;2;255;255;000m--> Warning![0m
Linear solver did not converge, norm(Ax-b)/norm(b) = 1.766e-01 (norm(b) = 4.905e-03)!

  Residual norms for GMRES solve
  0 (restart 0) KSP residual norm 8.253295e+01
  1 (restart 0) KSP residual norm 8.068243e+01
  2 (restart 0) KSP residual norm 3.127073e+00
  3 (restart 0) KSP residual norm 7.595345e-01
  4 (restart 0) KSP residual norm 3.214110e-01
  5 (restart 0) KSP residual norm 9.862136e-02
  6 (restart 0) KSP residual norm 3.555550e-02
  7 (restart 0) KSP residual norm 2.006426e-02
  8 (restart 0) KSP residual norm 8.143833e-03
  9 (restart 0) KSP residual norm 4.868763e-03
 10 (restart 0) KSP residual norm 2.108734e-03
 11 (restart 0) KSP residual norm 1.228246e-03
 12 (restart 0) KSP residual norm 5.199538e-04
 13 (restart 0) KSP residual norm 2.755379e-04
 14 (restart 0) KSP residual norm 1.294803e-04
 15 (restart 0) KSP residual norm 6.421775e-05
 16 (restart 0) KSP residual norm 2.657261e-05
 17 (restart 0) KSP residual norm 1.264587e-05
 18 (restart 0) KSP residual norm 5.954104e-06
 19 (restart 0) KSP residual norm 2.756361e-06
 20 (restart 0) KSP residual norm 1.364164e-06
 21 (restart 0) KSP residual norm 6.028655e-07
GMRES solver converged in 21 iterations (avg. reduction factor: 4.098e-01)
PCG solver did NOT converge in 1000 iterations (avg. reduction factor: 9.946e-01)

[38;2;255;255;000m--> Warning![0m
Linear solver did not converge, norm(Ax-b)/norm(b) = 4.395e-03 (norm(b) = 1.601e+00)!

PCG solver did NOT converge in 1000 iterations (avg. reduction factor: 1.000e+00)

[38;2;255;255;000m--> Warning![0m
Linear solver did not converge, norm(Ax-b)/norm(b) = 1.530e+00 (norm(b) = 2.336e-02)!

  Residual norms for GMRES solve
  0 (restart 0) KSP residual norm 3.046798e+02
  1 (restart 0) KSP residual norm 2.973738e+02
  2 (restart 0) KSP residual norm 8.131998e+00
  3 (restart 0) KSP residual norm 2.059911e+00
  4 (restart 0) KSP residual norm 9.668701e-01
  5 (restart 0) KSP residual norm 2.643642e-01
  6 (restart 0) KSP residual norm 1.092861e-01
  7 (restart 0) KSP residual norm 5.411402e-02
  8 (restart 0) KSP residual norm 2.769562e-02
  9 (restart 0) KSP residual norm 1.407326e-02
 10 (restart 0) KSP residual norm 6.779460e-03
 11 (restart 0) KSP residual norm 3.630152e-03
 12 (restart 0) KSP residual norm 1.659364e-03
 13 (restart 0) KSP residual norm 8.652231e-04
 14 (restart 0) KSP residual norm 4.203229e-04
 15 (restart 0) KSP residual norm 1.952083e-04
 16 (restart 0) KSP residual norm 8.245046e-05
 17 (restart 0) KSP residual norm 4.126059e-05
 18 (restart 0) KSP residual norm 1.846385e-05
 19 (restart 0) KSP residual norm 9.063319e-06
 20 (restart 0) KSP residual norm 4.336139e-06
 21 (restart 0) KSP residual norm 1.859964e-06
GMRES solver converged in 21 iterations (avg. reduction factor: 4.063e-01)
PCG solver did NOT converge in 1000 iterations (avg. reduction factor: 9.967e-01)

[38;2;255;255;000m--> Warning![0m
Linear solver did not converge, norm(Ax-b)/norm(b) = 3.600e-02 (norm(b) = 5.081e+00)!

PCG solver did NOT converge in 1000 iterations (avg. reduction factor: 1.003e+00)

[38;2;255;255;000m--> Warning![0m
Linear solver did not converge, norm(Ax-b)/norm(b) = 3.121e+01 (norm(b) = 5.833e-01)!

  Residual norms for GMRES solve
  0 (restart 0) KSP residual norm 2.407878e+02
  1 (restart 0) KSP residual norm 2.348666e+02
  2 (restart 0) KSP residual norm 5.043805e+00
  3 (restart 0) KSP residual norm 1.593711e+00
  4 (restart 0) KSP residual norm 7.510967e-01
  5 (restart 0) KSP residual norm 2.304785e-01
  6 (restart 0) KSP residual norm 8.613222e-02
  7 (restart 0) KSP residual norm 4.164434e-02
  8 (restart 0) KSP residual norm 2.254724e-02
  9 (restart 0) KSP residual norm 1.094266e-02
 10 (restart 0) KSP residual norm 5.375280e-03
 11 (restart 0) KSP residual norm 2.837323e-03
 12 (restart 0) KSP residual norm 1.310805e-03
 13 (restart 0) KSP residual norm 6.690918e-04
 14 (restart 0) KSP residual norm 3.313742e-04
 15 (restart 0) KSP residual norm 1.527503e-04
 16 (restart 0) KSP residual norm 6.443448e-05
 17 (restart 0) KSP residual norm 3.228032e-05
 18 (restart 0) KSP residual norm 1.450277e-05
 19 (restart 0) KSP residual norm 7.152781e-06
 20 (restart 0) KSP residual norm 3.385459e-06
 21 (restart 0) KSP residual norm 1.476925e-06
GMRES solver converged in 21 iterations (avg. reduction factor: 4.064e-01)
PCG solver did NOT converge in 1000 iterations (avg. reduction factor: 9.947e-01)

[38;2;255;255;000m--> Warning![0m
Linear solver did not converge, norm(Ax-b)/norm(b) = 5.122e-03 (norm(b) = 5.255e+00)!

PCG solver did NOT converge in 1000 iterations (avg. reduction factor: 9.946e-01)

[38;2;255;255;000m--> Warning![0m
Linear solver did not converge, norm(Ax-b)/norm(b) = 4.475e-03 (norm(b) = 2.403e-01)!

  Residual norms for GMRES solve
  0 (restart 0) KSP residual norm 4.001073e+02
  1 (restart 0) KSP residual norm 3.899993e+02
  2 (restart 0) KSP residual norm 7.066502e+00
  3 (restart 0) KSP residual norm 2.668509e+00
  4 (restart 0) KSP residual norm 1.266105e+00
  5 (restart 0) KSP residual norm 3.997693e-01
  6 (restart 0) KSP residual norm 1.425667e-01
  7 (restart 0) KSP residual norm 6.867121e-02
  8 (restart 0) KSP residual norm 3.748361e-02
  9 (restart 0) KSP residual norm 1.821893e-02
 10 (restart 0) KSP residual norm 8.928773e-03
 11 (restart 0) KSP residual norm 4.623762e-03
 12 (restart 0) KSP residual norm 2.155747e-03
 13 (restart 0) KSP residual norm 1.104508e-03
 14 (restart 0) KSP residual norm 5.518405e-04
 15 (restart 0) KSP residual norm 2.498505e-04
 16 (restart 0) KSP residual norm 1.054513e-04
 17 (restart 0) KSP residual norm 5.328731e-05
 18 (restart 0) KSP residual norm 2.398862e-05
 19 (restart 0) KSP residual norm 1.187800e-05
 20 (restart 0) KSP residual norm 5.677456e-06
 21 (restart 0) KSP residual norm 2.464631e-06
GMRES solver converged in 21 iterations (avg. reduction factor: 4.065e-01)
PCG solver did NOT converge in 1000 iterations (avg. reduction factor: 9.954e-01)

[38;2;255;255;000m--> Warning![0m
Linear solver did not converge, norm(Ax-b)/norm(b) = 1.046e-02 (norm(b) = 5.451e+00)!

PCG solver did NOT converge in 1000 iterations (avg. reduction factor: 1.002e+00)

[38;2;255;255;000m--> Warning![0m
Linear solver did not converge, norm(Ax-b)/norm(b) = 5.781e+00 (norm(b) = 2.598e-01)!

  Residual norms for GMRES solve
  0 (restart 0) KSP residual norm 1.025231e+02
  1 (restart 0) KSP residual norm 1.005198e+02
  2 (restart 0) KSP residual norm 2.175087e+00
  3 (restart 0) KSP residual norm 1.107275e+00
  4 (restart 0) KSP residual norm 5.101301e-01
  5 (restart 0) KSP residual norm 1.376107e-01
  6 (restart 0) KSP residual norm 4.716258e-02
  7 (restart 0) KSP residual norm 2.619835e-02
  8 (restart 0) KSP residual norm 1.202882e-02
  9 (restart 0) KSP residual norm 5.973155e-03
 10 (restart 0) KSP residual norm 2.715092e-03
 11 (restart 0) KSP residual norm 1.449434e-03
 12 (restart 0) KSP residual norm 6.264018e-04
 13 (restart 0) KSP residual norm 3.184177e-04
 14 (restart 0) KSP residual norm 1.555430e-04
 15 (restart 0) KSP residual norm 7.612183e-05
 16 (restart 0) KSP residual norm 2.951629e-05
 17 (restart 0) KSP residual norm 1.487812e-05
 18 (restart 0) KSP residual norm 6.710969e-06
 19 (restart 0) KSP residual norm 3.234551e-06
 20 (restart 0) KSP residual norm 1.598483e-06
 21 (restart 0) KSP residual norm 7.514136e-07
GMRES solver converged in 21 iterations (avg. reduction factor: 4.098e-01)
PCG solver did NOT converge in 1000 iterations (avg. reduction factor: 9.929e-01)

[38;2;255;255;000m--> Warning![0m
Linear solver did not converge, norm(Ax-b)/norm(b) = 7.933e-04 (norm(b) = 4.709e+00)!

PCG solver did NOT converge in 1000 iterations (avg. reduction factor: 1.001e+00)

[38;2;255;255;000m--> Warning![0m
Linear solver did not converge, norm(Ax-b)/norm(b) = 1.708e+00 (norm(b) = 1.952e-01)!

  Residual norms for GMRES solve
  0 (restart 0) KSP residual norm 3.303038e+01
  1 (restart 0) KSP residual norm 3.131556e+01
  2 (restart 0) KSP residual norm 3.507784e+00
  3 (restart 0) KSP residual norm 5.618429e-01
  4 (restart 0) KSP residual norm 2.081325e-01
  5 (restart 0) KSP residual norm 6.732063e-02
  6 (restart 0) KSP residual norm 2.065979e-02
  7 (restart 0) KSP residual norm 1.200051e-02
  8 (restart 0) KSP residual norm 4.804441e-03
  9 (restart 0) KSP residual norm 3.187904e-03
 10 (restart 0) KSP residual norm 1.197822e-03
 11 (restart 0) KSP residual norm 6.862392e-04
 12 (restart 0) KSP residual norm 2.768812e-04
 13 (restart 0) KSP residual norm 1.505895e-04
 14 (restart 0) KSP residual norm 6.785711e-05
 15 (restart 0) KSP residual norm 3.224358e-05
 16 (restart 0) KSP residual norm 1.380198e-05
 17 (restart 0) KSP residual norm 6.916508e-06
 18 (restart 0) KSP residual norm 3.400658e-06
 19 (restart 0) KSP residual norm 1.495002e-06
 20 (restart 0) KSP residual norm 7.646194e-07
 21 (restart 0) KSP residual norm 3.653072e-07
 22 (restart 0) KSP residual norm 1.714546e-07
GMRES solver converged in 22 iterations (avg. reduction factor: 4.202e-01)
PCG solver did NOT converge in 1000 iterations (avg. reduction factor: 9.969e-01)

[38;2;255;255;000m--> Warning![0m
Linear solver did not converge, norm(Ax-b)/norm(b) = 4.699e-02 (norm(b) = 3.036e+00)!

PCG solver did NOT converge in 1000 iterations (avg. reduction factor: 1.000e+00)

[38;2;255;255;000m--> Warning![0m
Linear solver did not converge, norm(Ax-b)/norm(b) = 9.991e-01 (norm(b) = 4.545e-01)!

  Residual norms for GMRES solve
  0 (restart 0) KSP residual norm 5.655180e+01
  1 (restart 0) KSP residual norm 4.776098e+01
  2 (restart 0) KSP residual norm 5.257840e+00
  3 (restart 0) KSP residual norm 1.030139e+00
  4 (restart 0) KSP residual norm 3.232522e-01
  5 (restart 0) KSP residual norm 9.417420e-02
  6 (restart 0) KSP residual norm 3.532504e-02
  7 (restart 0) KSP residual norm 1.790378e-02
  8 (restart 0) KSP residual norm 7.531496e-03
  9 (restart 0) KSP residual norm 4.286196e-03
 10 (restart 0) KSP residual norm 1.893310e-03
 11 (restart 0) KSP residual norm 1.018262e-03
 12 (restart 0) KSP residual norm 4.131473e-04
 13 (restart 0) KSP residual norm 2.190851e-04
 14 (restart 0) KSP residual norm 9.200684e-05
 15 (restart 0) KSP residual norm 4.650210e-05
 16 (restart 0) KSP residual norm 1.952556e-05
 17 (restart 0) KSP residual norm 9.420939e-06
 18 (restart 0) KSP residual norm 4.343206e-06
 19 (restart 0) KSP residual norm 2.124160e-06
 20 (restart 0) KSP residual norm 1.035073e-06
 21 (restart 0) KSP residual norm 4.802713e-07
GMRES solver converged in 21 iterations (avg. reduction factor: 4.127e-01)
PCG solver did NOT converge in 1000 iterations (avg. reduction factor: 9.961e-01)

[38;2;255;255;000m--> Warning![0m
Linear solver did not converge, norm(Ax-b)/norm(b) = 2.032e-02 (norm(b) = 6.448e+00)!

PCG solver did NOT converge in 1000 iterations (avg. reduction factor: 1.002e+00)

[38;2;255;255;000m--> Warning![0m
Linear solver did not converge, norm(Ax-b)/norm(b) = 1.113e+01 (norm(b) = 4.604e-01)!

  Residual norms for GMRES solve
  0 (restart 0) KSP residual norm 5.028261e+01
  1 (restart 0) KSP residual norm 3.166873e+01
  2 (restart 0) KSP residual norm 4.179528e+00
  3 (restart 0) KSP residual norm 6.141922e-01
  4 (restart 0) KSP residual norm 2.568667e-01
  5 (restart 0) KSP residual norm 7.877394e-02
  6 (restart 0) KSP residual norm 2.540102e-02
  7 (restart 0) KSP residual norm 1.453398e-02
  8 (restart 0) KSP residual norm 6.318162e-03
  9 (restart 0) KSP residual norm 3.558497e-03
 10 (restart 0) KSP residual norm 1.476420e-03
 11 (restart 0) KSP residual norm 7.967056e-04
 12 (restart 0) KSP residual norm 3.407206e-04
 13 (restart 0) KSP residual norm 1.752517e-04
 14 (restart 0) KSP residual norm 8.399075e-05
 15 (restart 0) KSP residual norm 4.181202e-05
 16 (restart 0) KSP residual norm 1.699599e-05
 17 (restart 0) KSP residual norm 8.715633e-06
 18 (restart 0) KSP residual norm 4.191131e-06
 19 (restart 0) KSP residual norm 1.940829e-06
 20 (restart 0) KSP residual norm 9.603618e-07
 21 (restart 0) KSP residual norm 4.211536e-07
GMRES solver converged in 21 iterations (avg. reduction factor: 4.125e-01)
PCG solver did NOT converge in 1000 iterations (avg. reduction factor: 9.929e-01)

[38;2;255;255;000m--> Warning![0m
Linear solver did not converge, norm(Ax-b)/norm(b) = 7.657e-04 (norm(b) = 4.692e+00)!

PCG solver did NOT converge in 1000 iterations (avg. reduction factor: 1.000e+00)

[38;2;255;255;000m--> Warning![0m
Linear solver did not converge, norm(Ax-b)/norm(b) = 1.220e+00 (norm(b) = 1.131e-01)!

  Residual norms for GMRES solve
  0 (restart 0) KSP residual norm 4.537299e+02
  1 (restart 0) KSP residual norm 4.063638e+02
  2 (restart 0) KSP residual norm 1.560735e+01
  3 (restart 0) KSP residual norm 3.112490e+00
  4 (restart 0) KSP residual norm 1.375293e+00
  5 (restart 0) KSP residual norm 4.121759e-01
  6 (restart 0) KSP residual norm 1.553440e-01
  7 (restart 0) KSP residual norm 8.435948e-02
  8 (restart 0) KSP residual norm 3.590573e-02
  9 (restart 0) KSP residual norm 1.963067e-02
 10 (restart 0) KSP residual norm 9.746665e-03
 11 (restart 0) KSP residual norm 5.355149e-03
 12 (restart 0) KSP residual norm 2.304491e-03
 13 (restart 0) KSP residual norm 1.249981e-03
 14 (restart 0) KSP residual norm 6.059854e-04
 15 (restart 0) KSP residual norm 2.649757e-04
 16 (restart 0) KSP residual norm 1.160344e-04
 17 (restart 0) KSP residual norm 5.767210e-05
 18 (restart 0) KSP residual norm 2.519319e-05
 19 (restart 0) KSP residual norm 1.281566e-05
 20 (restart 0) KSP residual norm 5.864591e-06
 21 (restart 0) KSP residual norm 2.714799e-06
GMRES solver converged in 21 iterations (avg. reduction factor: 4.059e-01)
PCG solver did NOT converge in 1000 iterations (avg. reduction factor: 9.929e-01)

[38;2;255;255;000m--> Warning![0m
Linear solver did not converge, norm(Ax-b)/norm(b) = 8.047e-04 (norm(b) = 1.250e+01)!

PCG solver did NOT converge in 1000 iterations (avg. reduction factor: 1.000e+00)

[38;2;255;255;000m--> Warning![0m
Linear solver did not converge, norm(Ax-b)/norm(b) = 1.002e+00 (norm(b) = 4.224e-02)!

  Residual norms for GMRES solve
  0 (restart 0) KSP residual norm 3.615370e+02
  1 (restart 0) KSP residual norm 3.415168e+02
  2 (restart 0) KSP residual norm 8.902496e+00
  3 (restart 0) KSP residual norm 2.645774e+00
  4 (restart 0) KSP residual norm 1.182235e+00
  5 (restart 0) KSP residual norm 3.605426e-01
  6 (restart 0) KSP residual norm 1.288817e-01
  7 (restart 0) KSP residual norm 7.333986e-02
  8 (restart 0) KSP residual norm 3.107584e-02
  9 (restart 0) KSP residual norm 1.569253e-02
 10 (restart 0) KSP residual norm 7.757500e-03
 11 (restart 0) KSP residual norm 3.952637e-03
 12 (restart 0) KSP residual norm 1.857341e-03
 13 (restart 0) KSP residual norm 9.496718e-04
 14 (restart 0) KSP residual norm 4.736007e-04
 15 (restart 0) KSP residual norm 2.074024e-04
 16 (restart 0) KSP residual norm 9.163191e-05
 17 (restart 0) KSP residual norm 4.554958e-05
 18 (restart 0) KSP residual norm 2.000215e-05
 19 (restart 0) KSP residual norm 1.015664e-05
 20 (restart 0) KSP residual norm 4.700269e-06
 21 (restart 0) KSP residual norm 2.194573e-06
GMRES solver converged in 21 iterations (avg. reduction factor: 4.062e-01)
PCG solver did NOT converge in 1000 iterations (avg. reduction factor: 9.918e-01)

[38;2;255;255;000m--> Warning![0m
Linear solver did not converge, norm(Ax-b)/norm(b) = 2.558e-04 (norm(b) = 8.690e+00)!

PCG solver did NOT converge in 1000 iterations (avg. reduction factor: 9.964e-01)

[38;2;255;255;000m--> Warning![0m
Linear solver did not converge, norm(Ax-b)/norm(b) = 2.730e-02 (norm(b) = 5.657e-02)!

  Residual norms for GMRES solve
  0 (restart 0) KSP residual norm 9.443909e+01
  1 (restart 0) KSP residual norm 9.265590e+01
  2 (restart 0) KSP residual norm 3.881355e+01
  3 (restart 0) KSP residual norm 1.520021e+00
  4 (restart 0) KSP residual norm 6.052192e-01
  5 (restart 0) KSP residual norm 2.310546e-01
  6 (restart 0) KSP residual norm 9.376965e-02
  7 (restart 0) KSP residual norm 5.264722e-02
  8 (restart 0) KSP residual norm 2.136148e-02
  9 (restart 0) KSP residual norm 1.214512e-02
 10 (restart 0) KSP residual norm 4.778439e-03
 11 (restart 0) KSP residual norm 2.353378e-03
 12 (restart 0) KSP residual norm 1.053000e-03
 13 (restart 0) KSP residual norm 5.914603e-04
 14 (restart 0) KSP residual norm 2.309798e-04
 15 (restart 0) KSP residual norm 1.244099e-04
 16 (restart 0) KSP residual norm 5.323126e-05
 17 (restart 0) KSP residual norm 2.415133e-05
 18 (restart 0) KSP residual norm 1.196697e-05
 19 (restart 0) KSP residual norm 5.276093e-06
 20 (restart 0) KSP residual norm 2.843523e-06
 21 (restart 0) KSP residual norm 1.184672e-06
 22 (restart 0) KSP residual norm 5.665860e-07
GMRES solver converged in 22 iterations (avg. reduction factor: 4.229e-01)
PCG solver did NOT converge in 1000 iterations (avg. reduction factor: 1.000e+00)

[38;2;255;255;000m--> Warning![0m
Linear solver did not converge, norm(Ax-b)/norm(b) = 1.026e+00 (norm(b) = 4.048e+00)!

PCG solver did NOT converge in 1000 iterations (avg. reduction factor: 9.994e-01)

[38;2;255;255;000m--> Warning![0m
Linear solver did not converge, norm(Ax-b)/norm(b) = 5.396e-01 (norm(b) = 1.324e+01)!

  Residual norms for GMRES solve
  0 (restart 0) KSP residual norm 3.668121e+01
  1 (restart 0) KSP residual norm 1.774488e+01
  2 (restart 0) KSP residual norm 3.268073e+00
  3 (restart 0) KSP residual norm 5.431614e-01
  4 (restart 0) KSP residual norm 2.017363e-01
  5 (restart 0) KSP residual norm 5.854467e-02
  6 (restart 0) KSP residual norm 2.047738e-02
  7 (restart 0) KSP residual norm 1.243833e-02
  8 (restart 0) KSP residual norm 4.914252e-03
  9 (restart 0) KSP residual norm 2.924526e-03
 10 (restart 0) KSP residual norm 1.193263e-03
 11 (restart 0) KSP residual norm 6.341350e-04
 12 (restart 0) KSP residual norm 2.575963e-04
 13 (restart 0) KSP residual norm 1.366627e-04
 14 (restart 0) KSP residual norm 6.196710e-05
 15 (restart 0) KSP residual norm 3.180783e-05
 16 (restart 0) KSP residual norm 1.305929e-05
 17 (restart 0) KSP residual norm 6.638738e-06
 18 (restart 0) KSP residual norm 3.207121e-06
 19 (restart 0) KSP residual norm 1.429764e-06
 20 (restart 0) KSP residual norm 7.178738e-07
 21 (restart 0) KSP residual norm 3.196848e-07
GMRES solver converged in 21 iterations (avg. reduction factor: 4.132e-01)
PCG solver did NOT converge in 1000 iterations (avg. reduction factor: 9.912e-01)

[38;2;255;255;000m--> Warning![0m
Linear solver did not converge, norm(Ax-b)/norm(b) = 1.429e-04 (norm(b) = 1.842e+00)!

PCG solver did NOT converge in 1000 iterations (avg. reduction factor: 9.962e-01)

[38;2;255;255;000m--> Warning![0m
Linear solver did not converge, norm(Ax-b)/norm(b) = 2.332e-02 (norm(b) = 9.896e-02)!

  Residual norms for GMRES solve
  0 (restart 0) KSP residual norm 3.929763e+01
  1 (restart 0) KSP residual norm 3.114555e+01
  2 (restart 0) KSP residual norm 2.659658e+01
  3 (restart 0) KSP residual norm 1.017549e+00
  4 (restart 0) KSP residual norm 3.708622e-01
  5 (restart 0) KSP residual norm 1.399273e-01
  6 (restart 0) KSP residual norm 4.606400e-02
  7 (restart 0) KSP residual norm 2.697652e-02
  8 (restart 0) KSP residual norm 1.125392e-02
  9 (restart 0) KSP residual norm 6.283913e-03
 10 (restart 0) KSP residual norm 2.660783e-03
 11 (restart 0) KSP residual norm 1.401608e-03
 12 (restart 0) KSP residual norm 5.567223e-04
 13 (restart 0) KSP residual norm 2.915856e-04
 14 (restart 0) KSP residual norm 1.253085e-04
 15 (restart 0) KSP residual norm 6.521637e-05
 16 (restart 0) KSP residual norm 3.019606e-05
 17 (restart 0) KSP residual norm 1.307027e-05
 18 (restart 0) KSP residual norm 7.189896e-06
 19 (restart 0) KSP residual norm 3.025454e-06
 20 (restart 0) KSP residual norm 1.647635e-06
 21 (restart 0) KSP residual norm 7.168245e-07
 22 (restart 0) KSP residual norm 3.296967e-07
GMRES solver converged in 22 iterations (avg. reduction factor: 4.294e-01)
PCG solver did NOT converge in 1000 iterations (avg. reduction factor: 9.945e-01)

[38;2;255;255;000m--> Warning![0m
Linear solver did not converge, norm(Ax-b)/norm(b) = 3.963e-03 (norm(b) = 2.909e+00)!

PCG solver did NOT converge in 1000 iterations (avg. reduction factor: 1.001e+00)

[38;2;255;255;000m--> Warning![0m
Linear solver did not converge, norm(Ax-b)/norm(b) = 3.743e+00 (norm(b) = 6.815e-02)!

  Residual norms for GMRES solve
  0 (restart 0) KSP residual norm 4.415792e+01
  1 (restart 0) KSP residual norm 4.147767e+01
  2 (restart 0) KSP residual norm 1.991632e+01
  3 (restart 0) KSP residual norm 1.155216e+00
  4 (restart 0) KSP residual norm 3.300021e-01
  5 (restart 0) KSP residual norm 1.386819e-01
  6 (restart 0) KSP residual norm 5.094979e-02
  7 (restart 0) KSP residual norm 2.813174e-02
  8 (restart 0) KSP residual norm 1.041954e-02
  9 (restart 0) KSP residual norm 6.513880e-03
 10 (restart 0) KSP residual norm 2.721099e-03
 11 (restart 0) KSP residual norm 1.341548e-03
 12 (restart 0) KSP residual norm 5.364581e-04
 13 (restart 0) KSP residual norm 2.794208e-04
 14 (restart 0) KSP residual norm 1.203206e-04
 15 (restart 0) KSP residual norm 6.158898e-05
 16 (restart 0) KSP residual norm 2.592628e-05
 17 (restart 0) KSP residual norm 1.226061e-05
 18 (restart 0) KSP residual norm 6.373164e-06
 19 (restart 0) KSP residual norm 2.715985e-06
 20 (restart 0) KSP residual norm 1.513196e-06
 21 (restart 0) KSP residual norm 6.741056e-07
 22 (restart 0) KSP residual norm 2.929967e-07
GMRES solver converged in 22 iterations (avg. reduction factor: 4.249e-01)
PCG solver did NOT converge in 1000 iterations (avg. reduction factor: 1.001e+00)

[38;2;255;255;000m--> Warning![0m
Linear solver did not converge, norm(Ax-b)/norm(b) = 2.659e+00 (norm(b) = 4.587e+00)!

PCG solver did NOT converge in 1000 iterations (avg. reduction factor: 9.964e-01)

[38;2;255;255;000m--> Warning![0m
Linear solver did not converge, norm(Ax-b)/norm(b) = 2.690e-02 (norm(b) = 3.898e+01)!

  Residual norms for GMRES solve
  0 (restart 0) KSP residual norm 7.567746e+00
  1 (restart 0) KSP residual norm 7.562090e+00
  2 (restart 0) KSP residual norm 2.288211e+00
  3 (restart 0) KSP residual norm 9.894842e-01
  4 (restart 0) KSP residual norm 1.015076e-01
  5 (restart 0) KSP residual norm 5.411768e-02
  6 (restart 0) KSP residual norm 1.462233e-02
  7 (restart 0) KSP residual norm 8.718346e-03
  8 (restart 0) KSP residual norm 2.824000e-03
  9 (restart 0) KSP residual norm 1.437195e-03
 10 (restart 0) KSP residual norm 6.550669e-04
 11 (restart 0) KSP residual norm 3.484140e-04
 12 (restart 0) KSP residual norm 1.878381e-04
 13 (restart 0) KSP residual norm 9.310472e-05
 14 (restart 0) KSP residual norm 4.345933e-05
 15 (restart 0) KSP residual norm 2.082544e-05
 16 (restart 0) KSP residual norm 9.312866e-06
 17 (restart 0) KSP residual norm 4.561575e-06
 18 (restart 0) KSP residual norm 2.223646e-06
 19 (restart 0) KSP residual norm 1.092011e-06
 20 (restart 0) KSP residual norm 5.286173e-07
 21 (restart 0) KSP residual norm 2.558987e-07
 22 (restart 0) KSP residual norm 1.213485e-07
 23 (restart 0) KSP residual norm 5.816387e-08
GMRES solver converged in 23 iterations (avg. reduction factor: 4.438e-01)
PCG solver did NOT converge in 1000 iterations (avg. reduction factor: 9.987e-01)

[38;2;255;255;000m--> Warning![0m
Linear solver did not converge, norm(Ax-b)/norm(b) = 2.667e-01 (norm(b) = 6.551e+00)!

PCG solver did NOT converge in 1000 iterations (avg. reduction factor: 9.998e-01)

[38;2;255;255;000m--> Warning![0m
Linear solver did not converge, norm(Ax-b)/norm(b) = 7.839e-01 (norm(b) = 5.573e+00)!

  Residual norms for GMRES solve
  0 (restart 0) KSP residual norm 1.355382e+01
  1 (restart 0) KSP residual norm 1.227401e+01
  2 (restart 0) KSP residual norm 4.944571e+00
  3 (restart 0) KSP residual norm 1.048232e+00
  4 (restart 0) KSP residual norm 2.317210e-01
  5 (restart 0) KSP residual norm 9.750763e-02
  6 (restart 0) KSP residual norm 2.464639e-02
  7 (restart 0) KSP residual norm 1.293966e-02
  8 (restart 0) KSP residual norm 4.540067e-03
  9 (restart 0) KSP residual norm 2.727231e-03
 10 (restart 0) KSP residual norm 1.024351e-03
 11 (restart 0) KSP residual norm 5.892642e-04
 12 (restart 0) KSP residual norm 2.436927e-04
 13 (restart 0) KSP residual norm 1.184857e-04
 14 (restart 0) KSP residual norm 5.340188e-05
 15 (restart 0) KSP residual norm 2.688677e-05
 16 (restart 0) KSP residual norm 1.163184e-05
 17 (restart 0) KSP residual norm 5.846711e-06
 18 (restart 0) KSP residual norm 2.839531e-06
 19 (restart 0) KSP residual norm 1.315207e-06
 20 (restart 0) KSP residual norm 6.784663e-07
 21 (restart 0) KSP residual norm 3.240821e-07
 22 (restart 0) KSP residual norm 1.563526e-07
 23 (restart 0) KSP residual norm 7.621164e-08
GMRES solver converged in 23 iterations (avg. reduction factor: 4.378e-01)
PCG solver did NOT converge in 1000 iterations (avg. reduction factor: 9.954e-01)

[38;2;255;255;000m--> Warning![0m
Linear solver did not converge, norm(Ax-b)/norm(b) = 9.848e-03 (norm(b) = 7.063e+00)!

PCG solver did NOT converge in 1000 iterations (avg. reduction factor: 9.991e-01)

[38;2;255;255;000m--> Warning![0m
Linear solver did not converge, norm(Ax-b)/norm(b) = 4.235e-01 (norm(b) = 8.861e-01)!

  Residual norms for GMRES solve
  0 (restart 0) KSP residual norm 1.519181e+01
  1 (restart 0) KSP residual norm 1.131691e+01
  2 (restart 0) KSP residual norm 1.844735e+00
  3 (restart 0) KSP residual norm 7.651248e-01
  4 (restart 0) KSP residual norm 1.889445e-01
  5 (restart 0) KSP residual norm 7.584887e-02
  6 (restart 0) KSP residual norm 1.937093e-02
  7 (restart 0) KSP residual norm 9.538030e-03
  8 (restart 0) KSP residual norm 3.347092e-03
  9 (restart 0) KSP residual norm 2.096509e-03
 10 (restart 0) KSP residual norm 7.394517e-04
 11 (restart 0) KSP residual norm 4.120451e-04
 12 (restart 0) KSP residual norm 1.732074e-04
 13 (restart 0) KSP residual norm 9.033778e-05
 14 (restart 0) KSP residual norm 4.201240e-05
 15 (restart 0) KSP residual norm 2.023027e-05
 16 (restart 0) KSP residual norm 9.960260e-06
 17 (restart 0) KSP residual norm 4.712995e-06
 18 (restart 0) KSP residual norm 2.365422e-06
 19 (restart 0) KSP residual norm 1.095698e-06
 20 (restart 0) KSP residual norm 5.443461e-07
 21 (restart 0) KSP residual norm 2.539484e-07
 22 (restart 0) KSP residual norm 1.170436e-07
GMRES solver converged in 22 iterations (avg. reduction factor: 4.278e-01)
PCG solver did NOT converge in 1000 iterations (avg. reduction factor: 9.972e-01)

[38;2;255;255;000m--> Warning![0m
Linear solver did not converge, norm(Ax-b)/norm(b) = 6.098e-02 (norm(b) = 1.173e+00)!

PCG solver did NOT converge in 1000 iterations (avg. reduction factor: 9.994e-01)

[38;2;255;255;000m--> Warning![0m
Linear solver did not converge, norm(Ax-b)/norm(b) = 5.281e-01 (norm(b) = 1.441e-01)!

  Residual norms for GMRES solve
  0 (restart 0) KSP residual norm 1.683936e+01
  1 (restart 0) KSP residual norm 1.552452e+01
  2 (restart 0) KSP residual norm 4.911971e+00
  3 (restart 0) KSP residual norm 1.257436e+00
  4 (restart 0) KSP residual norm 2.804351e-01
  5 (restart 0) KSP residual norm 1.246183e-01
  6 (restart 0) KSP residual norm 2.786208e-02
  7 (restart 0) KSP residual norm 1.444974e-02
  8 (restart 0) KSP residual norm 5.190815e-03
  9 (restart 0) KSP residual norm 3.049942e-03
 10 (restart 0) KSP residual norm 1.178022e-03
 11 (restart 0) KSP residual norm 6.541018e-04
 12 (restart 0) KSP residual norm 2.762718e-04
 13 (restart 0) KSP residual norm 1.393531e-04
 14 (restart 0) KSP residual norm 6.133306e-05
 15 (restart 0) KSP residual norm 3.018869e-05
 16 (restart 0) KSP residual norm 1.349315e-05
 17 (restart 0) KSP residual norm 6.894526e-06
 18 (restart 0) KSP residual norm 3.274095e-06
 19 (restart 0) KSP residual norm 1.584560e-06
 20 (restart 0) KSP residual norm 7.968908e-07
 21 (restart 0) KSP residual norm 3.853721e-07
 22 (restart 0) KSP residual norm 1.773186e-07
 23 (restart 0) KSP residual norm 9.122581e-08
GMRES solver converged in 23 iterations (avg. reduction factor: 4.371e-01)
PCG solver did NOT converge in 1000 iterations (avg. reduction factor: 9.970e-01)

[38;2;255;255;000m--> Warning![0m
Linear solver did not converge, norm(Ax-b)/norm(b) = 4.837e-02 (norm(b) = 1.178e+00)!

PCG solver did NOT converge in 1000 iterations (avg. reduction factor: 1.002e+00)

[38;2;255;255;000m--> Warning![0m
Linear solver did not converge, norm(Ax-b)/norm(b) = 1.113e+01 (norm(b) = 9.075e-02)!

  1 EPS nconv=1 first unconverged value (error) 0.0255596+0.315933i (1.92478638e-01)
  Residual norms for GMRES solve
  0 (restart 0) KSP residual norm 1.324728e+01
  1 (restart 0) KSP residual norm 1.239998e+01
  2 (restart 0) KSP residual norm 2.285674e+00
  3 (restart 0) KSP residual norm 8.865397e-01
  4 (restart 0) KSP residual norm 2.011328e-01
  5 (restart 0) KSP residual norm 8.265047e-02
  6 (restart 0) KSP residual norm 2.126652e-02
  7 (restart 0) KSP residual norm 9.910515e-03
  8 (restart 0) KSP residual norm 3.911088e-03
  9 (restart 0) KSP residual norm 2.182773e-03
 10 (restart 0) KSP residual norm 7.652571e-04
 11 (restart 0) KSP residual norm 4.049739e-04
 12 (restart 0) KSP residual norm 1.800606e-04
 13 (restart 0) KSP residual norm 9.096464e-05
 14 (restart 0) KSP residual norm 4.305988e-05
 15 (restart 0) KSP residual norm 2.024636e-05
 16 (restart 0) KSP residual norm 9.162910e-06
 17 (restart 0) KSP residual norm 4.790495e-06
 18 (restart 0) KSP residual norm 2.473225e-06
 19 (restart 0) KSP residual norm 1.179084e-06
 20 (restart 0) KSP residual norm 5.471213e-07
 21 (restart 0) KSP residual norm 2.625968e-07
 22 (restart 0) KSP residual norm 1.271929e-07
GMRES solver converged in 22 iterations (avg. reduction factor: 4.321e-01)
PCG solver did NOT converge in 1000 iterations (avg. reduction factor: 9.987e-01)

[38;2;255;255;000m--> Warning![0m
Linear solver did not converge, norm(Ax-b)/norm(b) = 2.809e-01 (norm(b) = 2.951e+00)!

PCG solver did NOT converge in 1000 iterations (avg. reduction factor: 9.977e-01)

[38;2;255;255;000m--> Warning![0m
Linear solver did not converge, norm(Ax-b)/norm(b) = 1.028e-01 (norm(b) = 2.724e+00)!

  Residual norms for GMRES solve
  0 (restart 0) KSP residual norm 3.257242e+01
  1 (restart 0) KSP residual norm 3.106964e+01
  2 (restart 0) KSP residual norm 1.457469e+01
  3 (restart 0) KSP residual norm 1.108169e+00
  4 (restart 0) KSP residual norm 3.144412e-01
  5 (restart 0) KSP residual norm 1.275214e-01
  6 (restart 0) KSP residual norm 4.010537e-02
  7 (restart 0) KSP residual norm 2.347667e-02
  8 (restart 0) KSP residual norm 8.809394e-03
  9 (restart 0) KSP residual norm 5.592641e-03
 10 (restart 0) KSP residual norm 2.094403e-03
 11 (restart 0) KSP residual norm 1.115260e-03
 12 (restart 0) KSP residual norm 4.562579e-04
 13 (restart 0) KSP residual norm 2.523651e-04
 14 (restart 0) KSP residual norm 1.104920e-04
 15 (restart 0) KSP residual norm 5.641341e-05
 16 (restart 0) KSP residual norm 2.532187e-05
 17 (restart 0) KSP residual norm 1.194122e-05
 18 (restart 0) KSP residual norm 6.006469e-06
 19 (restart 0) KSP residual norm 2.637956e-06
 20 (restart 0) KSP residual norm 1.481732e-06
 21 (restart 0) KSP residual norm 6.360870e-07
 22 (restart 0) KSP residual norm 2.939587e-07
GMRES solver converged in 22 iterations (avg. reduction factor: 4.309e-01)
PCG solver did NOT converge in 1000 iterations (avg. reduction factor: 9.982e-01)

[38;2;255;255;000m--> Warning![0m
Linear solver did not converge, norm(Ax-b)/norm(b) = 1.576e-01 (norm(b) = 5.759e+00)!

PCG solver did NOT converge in 1000 iterations (avg. reduction factor: 9.950e-01)

[38;2;255;255;000m--> Warning![0m
Linear solver did not converge, norm(Ax-b)/norm(b) = 6.490e-03 (norm(b) = 2.727e+00)!

  Residual norms for GMRES solve
  0 (restart 0) KSP residual norm 3.677533e+01
  1 (restart 0) KSP residual norm 2.463131e+01
  2 (restart 0) KSP residual norm 1.623160e+01
  3 (restart 0) KSP residual norm 1.170420e+00
  4 (restart 0) KSP residual norm 3.425024e-01
  5 (restart 0) KSP residual norm 1.395914e-01
  6 (restart 0) KSP residual norm 4.087543e-02
  7 (restart 0) KSP residual norm 2.579195e-02
  8 (restart 0) KSP residual norm 9.476972e-03
  9 (restart 0) KSP residual norm 5.737238e-03
 10 (restart 0) KSP residual norm 2.318497e-03
 11 (restart 0) KSP residual norm 1.260138e-03
 12 (restart 0) KSP residual norm 4.564374e-04
 13 (restart 0) KSP residual norm 2.395837e-04
 14 (restart 0) KSP residual norm 1.099006e-04
 15 (restart 0) KSP residual norm 5.394718e-05
 16 (restart 0) KSP residual norm 2.331843e-05
 17 (restart 0) KSP residual norm 1.049750e-05
 18 (restart 0) KSP residual norm 5.501495e-06
 19 (restart 0) KSP residual norm 2.462165e-06
 20 (restart 0) KSP residual norm 1.305220e-06
 21 (restart 0) KSP residual norm 5.627011e-07
 22 (restart 0) KSP residual norm 2.887238e-07
GMRES solver converged in 22 iterations (avg. reduction factor: 4.281e-01)
PCG solver did NOT converge in 1000 iterations (avg. reduction factor: 9.970e-01)

[38;2;255;255;000m--> Warning![0m
Linear solver did not converge, norm(Ax-b)/norm(b) = 4.791e-02 (norm(b) = 2.891e+00)!

PCG solver did NOT converge in 1000 iterations (avg. reduction factor: 9.976e-01)

[38;2;255;255;000m--> Warning![0m
Linear solver did not converge, norm(Ax-b)/norm(b) = 8.733e-02 (norm(b) = 4.805e-01)!

  Residual norms for GMRES solve
  0 (restart 0) KSP residual norm 3.589417e+01
  1 (restart 0) KSP residual norm 3.558504e+01
  2 (restart 0) KSP residual norm 1.639271e+01
  3 (restart 0) KSP residual norm 7.922023e-01
  4 (restart 0) KSP residual norm 2.483227e-01
  5 (restart 0) KSP residual norm 9.024659e-02
  6 (restart 0) KSP residual norm 3.387535e-02
  7 (restart 0) KSP residual norm 2.074265e-02
  8 (restart 0) KSP residual norm 7.724031e-03
  9 (restart 0) KSP residual norm 4.174935e-03
 10 (restart 0) KSP residual norm 1.771589e-03
 11 (restart 0) KSP residual norm 9.856515e-04
 12 (restart 0) KSP residual norm 3.953956e-04
 13 (restart 0) KSP residual norm 2.261736e-04
 14 (restart 0) KSP residual norm 9.226938e-05
 15 (restart 0) KSP residual norm 4.814359e-05
 16 (restart 0) KSP residual norm 2.029695e-05
 17 (restart 0) KSP residual norm 9.284283e-06
 18 (restart 0) KSP residual norm 4.792759e-06
 19 (restart 0) KSP residual norm 2.210753e-06
 20 (restart 0) KSP residual norm 1.213586e-06
 21 (restart 0) KSP residual norm 5.257016e-07
 22 (restart 0) KSP residual norm 2.429565e-07
GMRES solver converged in 22 iterations (avg. reduction factor: 4.253e-01)
PCG solver did NOT converge in 1000 iterations (avg. reduction factor: 9.958e-01)

[38;2;255;255;000m--> Warning![0m
Linear solver did not converge, norm(Ax-b)/norm(b) = 1.455e-02 (norm(b) = 6.543e+00)!

PCG solver did NOT converge in 1000 iterations (avg. reduction factor: 1.001e+00)

[38;2;255;255;000m--> Warning![0m
Linear solver did not converge, norm(Ax-b)/norm(b) = 2.592e+00 (norm(b) = 3.720e-01)!

  Residual norms for GMRES solve
  0 (restart 0) KSP residual norm 4.193613e+01
  1 (restart 0) KSP residual norm 2.644872e+01
  2 (restart 0) KSP residual norm 1.571550e+01
  3 (restart 0) KSP residual norm 1.026443e+00
  4 (restart 0) KSP residual norm 3.009836e-01
  5 (restart 0) KSP residual norm 1.129718e-01
  6 (restart 0) KSP residual norm 4.136548e-02
  7 (restart 0) KSP residual norm 2.528192e-02
  8 (restart 0) KSP residual norm 9.847512e-03
  9 (restart 0) KSP residual norm 5.626482e-03
 10 (restart 0) KSP residual norm 2.222193e-03
 11 (restart 0) KSP residual norm 1.123820e-03
 12 (restart 0) KSP residual norm 4.616618e-04
 13 (restart 0) KSP residual norm 2.498872e-04
 14 (restart 0) KSP residual norm 1.043388e-04
 15 (restart 0) KSP residual norm 5.613116e-05
 16 (restart 0) KSP residual norm 2.344125e-05
 17 (restart 0) KSP residual norm 1.189106e-05
 18 (restart 0) KSP residual norm 5.593917e-06
 19 (restart 0) KSP residual norm 2.594641e-06
 20 (restart 0) KSP residual norm 1.429547e-06
 21 (restart 0) KSP residual norm 6.201070e-07
 22 (restart 0) KSP residual norm 3.025210e-07
GMRES solver converged in 22 iterations (avg. reduction factor: 4.265e-01)
PCG solver did NOT converge in 1000 iterations (avg. reduction factor: 1.000e+00)

[38;2;255;255;000m--> Warning![0m
Linear solver did not converge, norm(Ax-b)/norm(b) = 1.277e+00 (norm(b) = 1.260e+00)!

PCG solver did NOT converge in 1000 iterations (avg. reduction factor: 9.974e-01)

[38;2;255;255;000m--> Warning![0m
Linear solver did not converge, norm(Ax-b)/norm(b) = 7.403e-02 (norm(b) = 5.121e+00)!

  Residual norms for GMRES solve
  0 (restart 0) KSP residual norm 2.246762e+01
  1 (restart 0) KSP residual norm 2.129454e+01
  2 (restart 0) KSP residual norm 3.970570e+00
  3 (restart 0) KSP residual norm 4.568723e-01
  4 (restart 0) KSP residual norm 1.512446e-01
  5 (restart 0) KSP residual norm 5.108439e-02
  6 (restart 0) KSP residual norm 1.810679e-02
  7 (restart 0) KSP residual norm 1.010680e-02
  8 (restart 0) KSP residual norm 3.760669e-03
  9 (restart 0) KSP residual norm 2.298142e-03
 10 (restart 0) KSP residual norm 8.519001e-04
 11 (restart 0) KSP residual norm 4.765853e-04
 12 (restart 0) KSP residual norm 1.988278e-04
 13 (restart 0) KSP residual norm 1.105786e-04
 14 (restart 0) KSP residual norm 4.717900e-05
 15 (restart 0) KSP residual norm 2.414125e-05
 16 (restart 0) KSP residual norm 1.047377e-05
 17 (restart 0) KSP residual norm 5.120460e-06
 18 (restart 0) KSP residual norm 2.377372e-06
 19 (restart 0) KSP residual norm 1.083585e-06
 20 (restart 0) KSP residual norm 5.746277e-07
 21 (restart 0) KSP residual norm 2.533907e-07
 22 (restart 0) KSP residual norm 1.211395e-07
GMRES solver converged in 22 iterations (avg. reduction factor: 4.209e-01)
PCG solver did NOT converge in 1000 iterations (avg. reduction factor: 9.930e-01)

[38;2;255;255;000m--> Warning![0m
Linear solver did not converge, norm(Ax-b)/norm(b) = 9.330e-04 (norm(b) = 4.463e+00)!

PCG solver did NOT converge in 1000 iterations (avg. reduction factor: 1.002e+00)

[38;2;255;255;000m--> Warning![0m
Linear solver did not converge, norm(Ax-b)/norm(b) = 8.871e+00 (norm(b) = 1.357e-01)!

  Residual norms for GMRES solve
  0 (restart 0) KSP residual norm 1.790519e+01
  1 (restart 0) KSP residual norm 1.010784e+01
  2 (restart 0) KSP residual norm 8.446822e+00
  3 (restart 0) KSP residual norm 1.195887e+00
  4 (restart 0) KSP residual norm 2.799912e-01
  5 (restart 0) KSP residual norm 1.196038e-01
  6 (restart 0) KSP residual norm 3.524527e-02
  7 (restart 0) KSP residual norm 2.028222e-02
  8 (restart 0) KSP residual norm 7.007971e-03
  9 (restart 0) KSP residual norm 4.211046e-03
 10 (restart 0) KSP residual norm 1.656212e-03
 11 (restart 0) KSP residual norm 8.160886e-04
 12 (restart 0) KSP residual norm 3.334974e-04
 13 (restart 0) KSP residual norm 1.677730e-04
 14 (restart 0) KSP residual norm 7.760123e-05
 15 (restart 0) KSP residual norm 3.896057e-05
 16 (restart 0) KSP residual norm 1.861592e-05
 17 (restart 0) KSP residual norm 8.414785e-06
 18 (restart 0) KSP residual norm 4.077078e-06
 19 (restart 0) KSP residual norm 1.769802e-06
 20 (restart 0) KSP residual norm 1.015722e-06
 21 (restart 0) KSP residual norm 4.215231e-07
 22 (restart 0) KSP residual norm 2.025351e-07
 23 (restart 0) KSP residual norm 9.664005e-08
GMRES solver converged in 23 iterations (avg. reduction factor: 4.370e-01)
PCG solver did NOT converge in 1000 iterations (avg. reduction factor: 9.906e-01)

[38;2;255;255;000m--> Warning![0m
Linear solver did not converge, norm(Ax-b)/norm(b) = 8.142e-05 (norm(b) = 5.801e+01)!

PCG solver did NOT converge in 1000 iterations (avg. reduction factor: 1.005e+00)

[38;2;255;255;000m--> Warning![0m
Linear solver did not converge, norm(Ax-b)/norm(b) = 1.652e+02 (norm(b) = 1.323e-01)!

  Residual norms for GMRES solve
  0 (restart 0) KSP residual norm 1.434737e+01
  1 (restart 0) KSP residual norm 1.146138e+01
  2 (restart 0) KSP residual norm 3.437914e+00
  3 (restart 0) KSP residual norm 5.212222e-01
  4 (restart 0) KSP residual norm 1.241846e-01
  5 (restart 0) KSP residual norm 5.566516e-02
  6 (restart 0) KSP residual norm 1.526199e-02
  7 (restart 0) KSP residual norm 8.024259e-03
  8 (restart 0) KSP residual norm 2.988709e-03
  9 (restart 0) KSP residual norm 1.883563e-03
 10 (restart 0) KSP residual norm 6.977072e-04
 11 (restart 0) KSP residual norm 3.769629e-04
 12 (restart 0) KSP residual norm 1.520438e-04
 13 (restart 0) KSP residual norm 7.728107e-05
 14 (restart 0) KSP residual norm 3.560823e-05
 15 (restart 0) KSP residual norm 1.917555e-05
 16 (restart 0) KSP residual norm 7.691140e-06
 17 (restart 0) KSP residual norm 3.839792e-06
 18 (restart 0) KSP residual norm 1.871493e-06
 19 (restart 0) KSP residual norm 7.737589e-07
 20 (restart 0) KSP residual norm 4.217181e-07
 21 (restart 0) KSP residual norm 1.871753e-07
 22 (restart 0) KSP residual norm 8.704334e-08
GMRES solver converged in 22 iterations (avg. reduction factor: 4.232e-01)
PCG solver did NOT converge in 1000 iterations (avg. reduction factor: 9.922e-01)

[38;2;255;255;000m--> Warning![0m
Linear solver did not converge, norm(Ax-b)/norm(b) = 3.995e-04 (norm(b) = 1.368e+01)!

PCG solver did NOT converge in 1000 iterations (avg. reduction factor: 9.951e-01)

[38;2;255;255;000m--> Warning![0m
Linear solver did not converge, norm(Ax-b)/norm(b) = 7.298e-03 (norm(b) = 1.234e+00)!

  Residual norms for GMRES solve
  0 (restart 0) KSP residual norm 4.938761e+01
  1 (restart 0) KSP residual norm 4.365836e+01
  2 (restart 0) KSP residual norm 1.753824e+01
  3 (restart 0) KSP residual norm 1.901112e+00
  4 (restart 0) KSP residual norm 4.213107e-01
  5 (restart 0) KSP residual norm 1.813120e-01
  6 (restart 0) KSP residual norm 6.041404e-02
  7 (restart 0) KSP residual norm 2.985058e-02
  8 (restart 0) KSP residual norm 1.168523e-02
  9 (restart 0) KSP residual norm 7.756055e-03
 10 (restart 0) KSP residual norm 2.772973e-03
 11 (restart 0) KSP residual norm 1.483279e-03
 12 (restart 0) KSP residual norm 6.041342e-04
 13 (restart 0) KSP residual norm 2.999231e-04
 14 (restart 0) KSP residual norm 1.347485e-04
 15 (restart 0) KSP residual norm 7.235141e-05
 16 (restart 0) KSP residual norm 2.911390e-05
 17 (restart 0) KSP residual norm 1.465460e-05
 18 (restart 0) KSP residual norm 7.167422e-06
 19 (restart 0) KSP residual norm 2.933214e-06
 20 (restart 0) KSP residual norm 1.612245e-06
 21 (restart 0) KSP residual norm 7.225782e-07
 22 (restart 0) KSP residual norm 3.475060e-07
GMRES solver converged in 22 iterations (avg. reduction factor: 4.260e-01)
PCG solver did NOT converge in 1000 iterations (avg. reduction factor: 9.949e-01)

[38;2;255;255;000m--> Warning![0m
Linear solver did not converge, norm(Ax-b)/norm(b) = 6.157e-03 (norm(b) = 6.903e+00)!

PCG solver did NOT converge in 1000 iterations (avg. reduction factor: 9.972e-01)

[38;2;255;255;000m--> Warning![0m
Linear solver did not converge, norm(Ax-b)/norm(b) = 6.034e-02 (norm(b) = 2.036e-01)!

  2 EPS nconv=3 first unconverged value (error) 0.0221861+0.316679i (8.07596655e-03)
  Residual norms for GMRES solve
  0 (restart 0) KSP residual norm 3.063137e+01
  1 (restart 0) KSP residual norm 2.452930e+01
  2 (restart 0) KSP residual norm 1.476077e+01
  3 (restart 0) KSP residual norm 1.464998e+00
  4 (restart 0) KSP residual norm 3.665037e-01
  5 (restart 0) KSP residual norm 1.452444e-01
  6 (restart 0) KSP residual norm 4.732030e-02
  7 (restart 0) KSP residual norm 2.440678e-02
  8 (restart 0) KSP residual norm 9.443598e-03
  9 (restart 0) KSP residual norm 6.120259e-03
 10 (restart 0) KSP residual norm 2.178723e-03
 11 (restart 0) KSP residual norm 1.142167e-03
 12 (restart 0) KSP residual norm 4.436112e-04
 13 (restart 0) KSP residual norm 2.280656e-04
 14 (restart 0) KSP residual norm 1.049543e-04
 15 (restart 0) KSP residual norm 5.314845e-05
 16 (restart 0) KSP residual norm 2.294043e-05
 17 (restart 0) KSP residual norm 1.081633e-05
 18 (restart 0) KSP residual norm 5.527551e-06
 19 (restart 0) KSP residual norm 2.304169e-06
 20 (restart 0) KSP residual norm 1.272714e-06
 21 (restart 0) KSP residual norm 5.782888e-07
 22 (restart 0) KSP residual norm 2.899453e-07
GMRES solver converged in 22 iterations (avg. reduction factor: 4.318e-01)
PCG solver did NOT converge in 1000 iterations (avg. reduction factor: 9.948e-01)

[38;2;255;255;000m--> Warning![0m
Linear solver did not converge, norm(Ax-b)/norm(b) = 5.524e-03 (norm(b) = 1.144e+01)!

PCG solver did NOT converge in 1000 iterations (avg. reduction factor: 9.982e-01)

[38;2;255;255;000m--> Warning![0m
Linear solver did not converge, norm(Ax-b)/norm(b) = 1.684e-01 (norm(b) = 3.521e-01)!

  Residual norms for GMRES solve
  0 (restart 0) KSP residual norm 1.555078e+01
  1 (restart 0) KSP residual norm 1.266929e+01
  2 (restart 0) KSP residual norm 6.656504e+00
  3 (restart 0) KSP residual norm 1.128236e+00
  4 (restart 0) KSP residual norm 2.652064e-01
  5 (restart 0) KSP residual norm 1.101832e-01
  6 (restart 0) KSP residual norm 3.107815e-02
  7 (restart 0) KSP residual norm 1.659131e-02
  8 (restart 0) KSP residual norm 6.587403e-03
  9 (restart 0) KSP residual norm 3.767817e-03
 10 (restart 0) KSP residual norm 1.593084e-03
 11 (restart 0) KSP residual norm 8.763434e-04
 12 (restart 0) KSP residual norm 3.542340e-04
 13 (restart 0) KSP residual norm 1.843777e-04
 14 (restart 0) KSP residual norm 8.303256e-05
 15 (restart 0) KSP residual norm 3.997894e-05
 16 (restart 0) KSP residual norm 1.923086e-05
 17 (restart 0) KSP residual norm 9.849515e-06
 18 (restart 0) KSP residual norm 4.830819e-06
 19 (restart 0) KSP residual norm 2.120000e-06
 20 (restart 0) KSP residual norm 1.122178e-06
 21 (restart 0) KSP residual norm 5.216061e-07
 22 (restart 0) KSP residual norm 2.550862e-07
 23 (restart 0) KSP residual norm 1.108349e-07
GMRES solver converged in 23 iterations (avg. reduction factor: 4.424e-01)
PCG solver did NOT converge in 1000 iterations (avg. reduction factor: 9.943e-01)

[38;2;255;255;000m--> Warning![0m
Linear solver did not converge, norm(Ax-b)/norm(b) = 3.455e-03 (norm(b) = 5.375e+00)!

PCG solver did NOT converge in 1000 iterations (avg. reduction factor: 1.003e+00)

[38;2;255;255;000m--> Warning![0m
Linear solver did not converge, norm(Ax-b)/norm(b) = 1.786e+01 (norm(b) = 2.827e-01)!

  Residual norms for GMRES solve
  0 (restart 0) KSP residual norm 1.436845e+01
  1 (restart 0) KSP residual norm 6.347396e+00
  2 (restart 0) KSP residual norm 2.394722e+00
  3 (restart 0) KSP residual norm 6.752270e-01
  4 (restart 0) KSP residual norm 1.524793e-01
  5 (restart 0) KSP residual norm 6.581510e-02
  6 (restart 0) KSP residual norm 1.976978e-02
  7 (restart 0) KSP residual norm 1.089659e-02
  8 (restart 0) KSP residual norm 3.695118e-03
  9 (restart 0) KSP residual norm 2.049463e-03
 10 (restart 0) KSP residual norm 8.344615e-04
 11 (restart 0) KSP residual norm 4.657697e-04
 12 (restart 0) KSP residual norm 1.796489e-04
 13 (restart 0) KSP residual norm 9.213064e-05
 14 (restart 0) KSP residual norm 4.063437e-05
 15 (restart 0) KSP residual norm 1.875742e-05
 16 (restart 0) KSP residual norm 8.760333e-06
 17 (restart 0) KSP residual norm 4.331787e-06
 18 (restart 0) KSP residual norm 2.185461e-06
 19 (restart 0) KSP residual norm 9.831086e-07
 20 (restart 0) KSP residual norm 4.778831e-07
 21 (restart 0) KSP residual norm 2.250535e-07
 22 (restart 0) KSP residual norm 1.099456e-07
GMRES solver converged in 22 iterations (avg. reduction factor: 4.276e-01)
PCG solver did NOT converge in 1000 iterations (avg. reduction factor: 9.958e-01)

[38;2;255;255;000m--> Warning![0m
Linear solver did not converge, norm(Ax-b)/norm(b) = 1.470e-02 (norm(b) = 5.296e+00)!

PCG solver did NOT converge in 1000 iterations (avg. reduction factor: 9.990e-01)

[38;2;255;255;000m--> Warning![0m
Linear solver did not converge, norm(Ax-b)/norm(b) = 3.529e-01 (norm(b) = 3.005e-01)!

  Residual norms for GMRES solve
  0 (restart 0) KSP residual norm 3.621719e+01
  1 (restart 0) KSP residual norm 2.630047e+01
  2 (restart 0) KSP residual norm 1.189525e+01
  3 (restart 0) KSP residual norm 8.448001e-01
  4 (restart 0) KSP residual norm 2.618766e-01
  5 (restart 0) KSP residual norm 9.510402e-02
  6 (restart 0) KSP residual norm 3.281602e-02
  7 (restart 0) KSP residual norm 1.977024e-02
  8 (restart 0) KSP residual norm 6.759539e-03
  9 (restart 0) KSP residual norm 3.842798e-03
 10 (restart 0) KSP residual norm 1.737884e-03
 11 (restart 0) KSP residual norm 9.907960e-04
 12 (restart 0) KSP residual norm 3.911134e-04
 13 (restart 0) KSP residual norm 2.147892e-04
 14 (restart 0) KSP residual norm 9.248717e-05
 15 (restart 0) KSP residual norm 4.962700e-05
 16 (restart 0) KSP residual norm 2.066215e-05
 17 (restart 0) KSP residual norm 9.914278e-06
 18 (restart 0) KSP residual norm 4.754256e-06
 19 (restart 0) KSP residual norm 2.039183e-06
 20 (restart 0) KSP residual norm 1.155367e-06
 21 (restart 0) KSP residual norm 4.966903e-07
 22 (restart 0) KSP residual norm 2.325581e-07
GMRES solver converged in 22 iterations (avg. reduction factor: 4.242e-01)
PCG solver did NOT converge in 1000 iterations (avg. reduction factor: 9.949e-01)

[38;2;255;255;000m--> Warning![0m
Linear solver did not converge, norm(Ax-b)/norm(b) = 5.838e-03 (norm(b) = 1.359e+01)!

PCG solver did NOT converge in 1000 iterations (avg. reduction factor: 9.964e-01)

[38;2;255;255;000m--> Warning![0m
Linear solver did not converge, norm(Ax-b)/norm(b) = 2.592e-02 (norm(b) = 2.432e-01)!

  Residual norms for GMRES solve
  0 (restart 0) KSP residual norm 3.482693e+01
  1 (restart 0) KSP residual norm 3.332190e+01
  2 (restart 0) KSP residual norm 2.268225e+01
  3 (restart 0) KSP residual norm 9.344990e-01
  4 (restart 0) KSP residual norm 3.478565e-01
  5 (restart 0) KSP residual norm 1.219432e-01
  6 (restart 0) KSP residual norm 4.657957e-02
  7 (restart 0) KSP residual norm 2.856905e-02
  8 (restart 0) KSP residual norm 1.131879e-02
  9 (restart 0) KSP residual norm 5.939605e-03
 10 (restart 0) KSP residual norm 2.756348e-03
 11 (restart 0) KSP residual norm 1.380056e-03
 12 (restart 0) KSP residual norm 5.515494e-04
 13 (restart 0) KSP residual norm 3.147297e-04
 14 (restart 0) KSP residual norm 1.244629e-04
 15 (restart 0) KSP residual norm 6.891220e-05
 16 (restart 0) KSP residual norm 2.970048e-05
 17 (restart 0) KSP residual norm 1.284659e-05
 18 (restart 0) KSP residual norm 6.951367e-06
 19 (restart 0) KSP residual norm 3.031491e-06
 20 (restart 0) KSP residual norm 1.634088e-06
 21 (restart 0) KSP residual norm 6.985319e-07
 22 (restart 0) KSP residual norm 3.137474e-07
GMRES solver converged in 22 iterations (avg. reduction factor: 4.308e-01)
PCG solver did NOT converge in 1000 iterations (avg. reduction factor: 1.002e+00)

[38;2;255;255;000m--> Warning![0m
Linear solver did not converge, norm(Ax-b)/norm(b) = 8.372e+00 (norm(b) = 2.070e+00)!

PCG solver did NOT converge in 1000 iterations (avg. reduction factor: 9.955e-01)

[38;2;255;255;000m--> Warning![0m
Linear solver did not converge, norm(Ax-b)/norm(b) = 1.085e-02 (norm(b) = 5.523e+01)!

  Residual norms for GMRES solve
  0 (restart 0) KSP residual norm 2.234065e+01
  1 (restart 0) KSP residual norm 1.159563e+01
  2 (restart 0) KSP residual norm 4.136167e+00
  3 (restart 0) KSP residual norm 5.465546e-01
  4 (restart 0) KSP residual norm 1.432131e-01
  5 (restart 0) KSP residual norm 4.316297e-02
  6 (restart 0) KSP residual norm 1.828668e-02
  7 (restart 0) KSP residual norm 9.676775e-03
  8 (restart 0) KSP residual norm 3.805898e-03
  9 (restart 0) KSP residual norm 2.234854e-03
 10 (restart 0) KSP residual norm 8.850244e-04
 11 (restart 0) KSP residual norm 4.748342e-04
 12 (restart 0) KSP residual norm 2.017211e-04
 13 (restart 0) KSP residual norm 1.027154e-04
 14 (restart 0) KSP residual norm 4.606300e-05
 15 (restart 0) KSP residual norm 2.513209e-05
 16 (restart 0) KSP residual norm 1.066897e-05
 17 (restart 0) KSP residual norm 5.070602e-06
 18 (restart 0) KSP residual norm 2.345273e-06
 19 (restart 0) KSP residual norm 1.131355e-06
 20 (restart 0) KSP residual norm 5.719587e-07
 21 (restart 0) KSP residual norm 2.553624e-07
 22 (restart 0) KSP residual norm 1.209472e-07
GMRES solver converged in 22 iterations (avg. reduction factor: 4.210e-01)
PCG solver did NOT converge in 1000 iterations (avg. reduction factor: 9.970e-01)

[38;2;255;255;000m--> Warning![0m
Linear solver did not converge, norm(Ax-b)/norm(b) = 5.101e-02 (norm(b) = 1.233e+01)!

PCG solver did NOT converge in 1000 iterations (avg. reduction factor: 9.967e-01)

[38;2;255;255;000m--> Warning![0m
Linear solver did not converge, norm(Ax-b)/norm(b) = 3.821e-02 (norm(b) = 2.188e+00)!

  Residual norms for GMRES solve
  0 (restart 0) KSP residual norm 2.087688e+01
  1 (restart 0) KSP residual norm 1.937458e+01
  2 (restart 0) KSP residual norm 2.686629e+00
  3 (restart 0) KSP residual norm 4.205256e-01
  4 (restart 0) KSP residual norm 1.370853e-01
  5 (restart 0) KSP residual norm 3.912841e-02
  6 (restart 0) KSP residual norm 1.629121e-02
  7 (restart 0) KSP residual norm 8.178977e-03
  8 (restart 0) KSP residual norm 3.574110e-03
  9 (restart 0) KSP residual norm 2.022640e-03
 10 (restart 0) KSP residual norm 8.061842e-04
 11 (restart 0) KSP residual norm 4.247713e-04
 12 (restart 0) KSP residual norm 1.864925e-04
 13 (restart 0) KSP residual norm 9.518682e-05
 14 (restart 0) KSP residual norm 4.323471e-05
 15 (restart 0) KSP residual norm 1.992467e-05
 16 (restart 0) KSP residual norm 9.199168e-06
 17 (restart 0) KSP residual norm 4.720304e-06
 18 (restart 0) KSP residual norm 2.061609e-06
 19 (restart 0) KSP residual norm 9.531036e-07
 20 (restart 0) KSP residual norm 4.796661e-07
 21 (restart 0) KSP residual norm 2.186866e-07
 22 (restart 0) KSP residual norm 1.036810e-07
GMRES solver converged in 22 iterations (avg. reduction factor: 4.193e-01)
PCG solver did NOT converge in 1000 iterations (avg. reduction factor: 9.956e-01)

[38;2;255;255;000m--> Warning![0m
Linear solver did not converge, norm(Ax-b)/norm(b) = 1.254e-02 (norm(b) = 2.659e+00)!

PCG solver did NOT converge in 1000 iterations (avg. reduction factor: 9.979e-01)

[38;2;255;255;000m--> Warning![0m
Linear solver did not converge, norm(Ax-b)/norm(b) = 1.270e-01 (norm(b) = 1.032e-01)!

  Residual norms for GMRES solve
  0 (restart 0) KSP residual norm 3.172258e+01
  1 (restart 0) KSP residual norm 2.273523e+01
  2 (restart 0) KSP residual norm 8.389627e+00
  3 (restart 0) KSP residual norm 7.301591e-01
  4 (restart 0) KSP residual norm 2.447932e-01
  5 (restart 0) KSP residual norm 8.195142e-02
  6 (restart 0) KSP residual norm 2.908525e-02
  7 (restart 0) KSP residual norm 1.684959e-02
  8 (restart 0) KSP residual norm 6.913915e-03
  9 (restart 0) KSP residual norm 4.092879e-03
 10 (restart 0) KSP residual norm 1.590065e-03
 11 (restart 0) KSP residual norm 8.394092e-04
 12 (restart 0) KSP residual norm 3.477710e-04
 13 (restart 0) KSP residual norm 1.882768e-04
 14 (restart 0) KSP residual norm 8.206890e-05
 15 (restart 0) KSP residual norm 4.260213e-05
 16 (restart 0) KSP residual norm 1.860912e-05
 17 (restart 0) KSP residual norm 9.004564e-06
 18 (restart 0) KSP residual norm 4.243664e-06
 19 (restart 0) KSP residual norm 2.020829e-06
 20 (restart 0) KSP residual norm 1.008219e-06
 21 (restart 0) KSP residual norm 4.505984e-07
 22 (restart 0) KSP residual norm 2.158637e-07
GMRES solver converged in 22 iterations (avg. reduction factor: 4.254e-01)
PCG solver did NOT converge in 1000 iterations (avg. reduction factor: 9.976e-01)

[38;2;255;255;000m--> Warning![0m
Linear solver did not converge, norm(Ax-b)/norm(b) = 9.030e-02 (norm(b) = 4.952e+00)!

PCG solver did NOT converge in 1000 iterations (avg. reduction factor: 9.983e-01)

[38;2;255;255;000m--> Warning![0m
Linear solver did not converge, norm(Ax-b)/norm(b) = 1.907e-01 (norm(b) = 1.497e+00)!

  3 EPS nconv=3 first unconverged value (error) 0.0220573+0.316433i (6.02871777e-03)
  Residual norms for GMRES solve
  0 (restart 0) KSP residual norm 3.365129e+01
  1 (restart 0) KSP residual norm 3.334079e+01
  2 (restart 0) KSP residual norm 3.341435e+00
  3 (restart 0) KSP residual norm 3.833914e-01
  4 (restart 0) KSP residual norm 1.466814e-01
  5 (restart 0) KSP residual norm 4.756004e-02
  6 (restart 0) KSP residual norm 1.713794e-02
  7 (restart 0) KSP residual norm 8.633564e-03
  8 (restart 0) KSP residual norm 4.208024e-03
  9 (restart 0) KSP residual norm 2.313536e-03
 10 (restart 0) KSP residual norm 8.730432e-04
 11 (restart 0) KSP residual norm 4.933991e-04
 12 (restart 0) KSP residual norm 2.231185e-04
 13 (restart 0) KSP residual norm 1.179311e-04
 14 (restart 0) KSP residual norm 5.319782e-05
 15 (restart 0) KSP residual norm 2.851493e-05
 16 (restart 0) KSP residual norm 1.075625e-05
 17 (restart 0) KSP residual norm 5.670750e-06
 18 (restart 0) KSP residual norm 2.547242e-06
 19 (restart 0) KSP residual norm 1.171622e-06
 20 (restart 0) KSP residual norm 5.668925e-07
 21 (restart 0) KSP residual norm 2.633486e-07
GMRES solver converged in 21 iterations (avg. reduction factor: 4.111e-01)
PCG solver did NOT converge in 1000 iterations (avg. reduction factor: 9.966e-01)

[38;2;255;255;000m--> Warning![0m
Linear solver did not converge, norm(Ax-b)/norm(b) = 3.211e-02 (norm(b) = 2.202e+00)!

PCG solver did NOT converge in 1000 iterations (avg. reduction factor: 9.992e-01)

[38;2;255;255;000m--> Warning![0m
Linear solver did not converge, norm(Ax-b)/norm(b) = 4.475e-01 (norm(b) = 3.012e-01)!

  Residual norms for GMRES solve
  0 (restart 0) KSP residual norm 1.672841e+01
  1 (restart 0) KSP residual norm 1.227854e+01
  2 (restart 0) KSP residual norm 4.111752e+00
  3 (restart 0) KSP residual norm 3.638583e-01
  4 (restart 0) KSP residual norm 1.140484e-01
  5 (restart 0) KSP residual norm 3.885640e-02
  6 (restart 0) KSP residual norm 1.498608e-02
  7 (restart 0) KSP residual norm 7.762998e-03
  8 (restart 0) KSP residual norm 3.326124e-03
  9 (restart 0) KSP residual norm 2.113505e-03
 10 (restart 0) KSP residual norm 7.420184e-04
 11 (restart 0) KSP residual norm 3.839358e-04
 12 (restart 0) KSP residual norm 1.692513e-04
 13 (restart 0) KSP residual norm 8.369047e-05
 14 (restart 0) KSP residual norm 3.781042e-05
 15 (restart 0) KSP residual norm 2.055473e-05
 16 (restart 0) KSP residual norm 8.117936e-06
 17 (restart 0) KSP residual norm 4.012501e-06
 18 (restart 0) KSP residual norm 1.988583e-06
 19 (restart 0) KSP residual norm 8.557926e-07
 20 (restart 0) KSP residual norm 4.478475e-07
 21 (restart 0) KSP residual norm 2.000827e-07
 22 (restart 0) KSP residual norm 9.538454e-08
GMRES solver converged in 22 iterations (avg. reduction factor: 4.220e-01)
PCG solver did NOT converge in 1000 iterations (avg. reduction factor: 9.956e-01)

[38;2;255;255;000m--> Warning![0m
Linear solver did not converge, norm(Ax-b)/norm(b) = 1.173e-02 (norm(b) = 1.426e+00)!

PCG solver did NOT converge in 1000 iterations (avg. reduction factor: 1.001e+00)

[38;2;255;255;000m--> Warning![0m
Linear solver did not converge, norm(Ax-b)/norm(b) = 1.655e+00 (norm(b) = 4.923e-02)!

  Residual norms for GMRES solve
  0 (restart 0) KSP residual norm 4.420093e+01
  1 (restart 0) KSP residual norm 4.415061e+01
  2 (restart 0) KSP residual norm 1.598299e+01
  3 (restart 0) KSP residual norm 8.883103e-01
  4 (restart 0) KSP residual norm 2.930813e-01
  5 (restart 0) KSP residual norm 1.002725e-01
  6 (restart 0) KSP residual norm 3.990287e-02
  7 (restart 0) KSP residual norm 2.345810e-02
  8 (restart 0) KSP residual norm 8.252367e-03
  9 (restart 0) KSP residual norm 4.918402e-03
 10 (restart 0) KSP residual norm 2.045936e-03
 11 (restart 0) KSP residual norm 1.142178e-03
 12 (restart 0) KSP residual norm 4.988412e-04
 13 (restart 0) KSP residual norm 2.711983e-04
 14 (restart 0) KSP residual norm 1.138008e-04
 15 (restart 0) KSP residual norm 6.085640e-05
 16 (restart 0) KSP residual norm 2.524353e-05
 17 (restart 0) KSP residual norm 1.161614e-05
 18 (restart 0) KSP residual norm 5.802479e-06
 19 (restart 0) KSP residual norm 2.443382e-06
 20 (restart 0) KSP residual norm 1.331105e-06
 21 (restart 0) KSP residual norm 5.658589e-07
 22 (restart 0) KSP residual norm 2.761292e-07
GMRES solver converged in 22 iterations (avg. reduction factor: 4.237e-01)
PCG solver did NOT converge in 1000 iterations (avg. reduction factor: 9.944e-01)

[38;2;255;255;000m--> Warning![0m
Linear solver did not converge, norm(Ax-b)/norm(b) = 3.471e-03 (norm(b) = 6.749e+00)!

PCG solver did NOT converge in 1000 iterations (avg. reduction factor: 9.986e-01)

[38;2;255;255;000m--> Warning![0m
Linear solver did not converge, norm(Ax-b)/norm(b) = 2.438e-01 (norm(b) = 1.485e-01)!

  Residual norms for GMRES solve
  0 (restart 0) KSP residual norm 4.890020e+01
  1 (restart 0) KSP residual norm 3.360224e+01
  2 (restart 0) KSP residual norm 3.111156e+01
  3 (restart 0) KSP residual norm 1.218513e+00
  4 (restart 0) KSP residual norm 4.567138e-01
  5 (restart 0) KSP residual norm 1.831057e-01
  6 (restart 0) KSP residual norm 6.660985e-02
  7 (restart 0) KSP residual norm 4.033941e-02
  8 (restart 0) KSP residual norm 1.517472e-02
  9 (restart 0) KSP residual norm 8.209199e-03
 10 (restart 0) KSP residual norm 3.601547e-03
 11 (restart 0) KSP residual norm 1.809664e-03
 12 (restart 0) KSP residual norm 7.182113e-04
 13 (restart 0) KSP residual norm 3.885594e-04
 14 (restart 0) KSP residual norm 1.570716e-04
 15 (restart 0) KSP residual norm 8.539279e-05
 16 (restart 0) KSP residual norm 3.992989e-05
 17 (restart 0) KSP residual norm 1.658992e-05
 18 (restart 0) KSP residual norm 8.795788e-06
 19 (restart 0) KSP residual norm 3.883542e-06
 20 (restart 0) KSP residual norm 2.109764e-06
 21 (restart 0) KSP residual norm 8.961954e-07
 22 (restart 0) KSP residual norm 4.202646e-07
GMRES solver converged in 22 iterations (avg. reduction factor: 4.299e-01)
PCG solver did NOT converge in 1000 iterations (avg. reduction factor: 9.940e-01)

[38;2;255;255;000m--> Warning![0m
Linear solver did not converge, norm(Ax-b)/norm(b) = 2.386e-03 (norm(b) = 8.106e+00)!

PCG solver did NOT converge in 1000 iterations (avg. reduction factor: 9.987e-01)

[38;2;255;255;000m--> Warning![0m
Linear solver did not converge, norm(Ax-b)/norm(b) = 2.675e-01 (norm(b) = 1.538e-01)!

  Residual norms for GMRES solve
  0 (restart 0) KSP residual norm 3.454966e+01
  1 (restart 0) KSP residual norm 2.711550e+01
  2 (restart 0) KSP residual norm 1.844860e+01
  3 (restart 0) KSP residual norm 1.248313e+00
  4 (restart 0) KSP residual norm 4.063075e-01
  5 (restart 0) KSP residual norm 1.409066e-01
  6 (restart 0) KSP residual norm 4.785914e-02
  7 (restart 0) KSP residual norm 3.067681e-02
  8 (restart 0) KSP residual norm 1.145872e-02
  9 (restart 0) KSP residual norm 6.644995e-03
 10 (restart 0) KSP residual norm 2.699277e-03
 11 (restart 0) KSP residual norm 1.457393e-03
 12 (restart 0) KSP residual norm 5.392130e-04
 13 (restart 0) KSP residual norm 3.146194e-04
 14 (restart 0) KSP residual norm 1.346955e-04
 15 (restart 0) KSP residual norm 6.946232e-05
 16 (restart 0) KSP residual norm 3.073155e-05
 17 (restart 0) KSP residual norm 1.499402e-05
 18 (restart 0) KSP residual norm 7.531048e-06
 19 (restart 0) KSP residual norm 3.389526e-06
 20 (restart 0) KSP residual norm 1.846575e-06
 21 (restart 0) KSP residual norm 7.872958e-07
 22 (restart 0) KSP residual norm 3.830839e-07
 23 (restart 0) KSP residual norm 1.717957e-07
GMRES solver converged in 23 iterations (avg. reduction factor: 4.355e-01)
PCG solver did NOT converge in 1000 iterations (avg. reduction factor: 9.966e-01)

[38;2;255;255;000m--> Warning![0m
Linear solver did not converge, norm(Ax-b)/norm(b) = 3.289e-02 (norm(b) = 4.042e+00)!

PCG solver did NOT converge in 1000 iterations (avg. reduction factor: 9.981e-01)

[38;2;255;255;000m--> Warning![0m
Linear solver did not converge, norm(Ax-b)/norm(b) = 1.519e-01 (norm(b) = 5.028e-01)!

  Residual norms for GMRES solve
  0 (restart 0) KSP residual norm 1.679218e+01
  1 (restart 0) KSP residual norm 1.457985e+01
  2 (restart 0) KSP residual norm 5.599242e+00
  3 (restart 0) KSP residual norm 3.747482e-01
  4 (restart 0) KSP residual norm 1.229817e-01
  5 (restart 0) KSP residual norm 4.584760e-02
  6 (restart 0) KSP residual norm 1.767812e-02
  7 (restart 0) KSP residual norm 8.800191e-03
  8 (restart 0) KSP residual norm 3.523262e-03
  9 (restart 0) KSP residual norm 2.166594e-03
 10 (restart 0) KSP residual norm 7.804975e-04
 11 (restart 0) KSP residual norm 3.982389e-04
 12 (restart 0) KSP residual norm 1.681155e-04
 13 (restart 0) KSP residual norm 9.179614e-05
 14 (restart 0) KSP residual norm 3.611821e-05
 15 (restart 0) KSP residual norm 1.831806e-05
 16 (restart 0) KSP residual norm 7.548818e-06
 17 (restart 0) KSP residual norm 3.813211e-06
 18 (restart 0) KSP residual norm 1.730014e-06
 19 (restart 0) KSP residual norm 8.118184e-07
 20 (restart 0) KSP residual norm 4.113134e-07
 21 (restart 0) KSP residual norm 1.789101e-07
 22 (restart 0) KSP residual norm 8.562121e-08
GMRES solver converged in 22 iterations (avg. reduction factor: 4.198e-01)
PCG solver did NOT converge in 1000 iterations (avg. reduction factor: 9.980e-01)

[38;2;255;255;000m--> Warning![0m
Linear solver did not converge, norm(Ax-b)/norm(b) = 1.319e-01 (norm(b) = 4.208e+00)!

PCG solver did NOT converge in 1000 iterations (avg. reduction factor: 9.954e-01)

[38;2;255;255;000m--> Warning![0m
Linear solver did not converge, norm(Ax-b)/norm(b) = 9.506e-03 (norm(b) = 1.793e+00)!

  Residual norms for GMRES solve
  0 (restart 0) KSP residual norm 1.874944e+01
  1 (restart 0) KSP residual norm 1.155461e+01
  2 (restart 0) KSP residual norm 1.152687e+01
  3 (restart 0) KSP residual norm 6.819691e-01
  4 (restart 0) KSP residual norm 2.315629e-01
  5 (restart 0) KSP residual norm 9.764719e-02
  6 (restart 0) KSP residual norm 3.904509e-02
  7 (restart 0) KSP residual norm 1.998987e-02
  8 (restart 0) KSP residual norm 7.240503e-03
  9 (restart 0) KSP residual norm 3.807399e-03
 10 (restart 0) KSP residual norm 1.707907e-03
 11 (restart 0) KSP residual norm 8.802028e-04
 12 (restart 0) KSP residual norm 3.505812e-04
 13 (restart 0) KSP residual norm 1.795839e-04
 14 (restart 0) KSP residual norm 7.537774e-05
 15 (restart 0) KSP residual norm 4.142068e-05
 16 (restart 0) KSP residual norm 1.839311e-05
 17 (restart 0) KSP residual norm 7.929743e-06
 18 (restart 0) KSP residual norm 4.274650e-06
 19 (restart 0) KSP residual norm 1.811496e-06
 20 (restart 0) KSP residual norm 9.202422e-07
 21 (restart 0) KSP residual norm 4.179078e-07
 22 (restart 0) KSP residual norm 2.003865e-07
 23 (restart 0) KSP residual norm 9.445194e-08
GMRES solver converged in 23 iterations (avg. reduction factor: 4.357e-01)
PCG solver did NOT converge in 1000 iterations (avg. reduction factor: 9.941e-01)

[38;2;255;255;000m--> Warning![0m
Linear solver did not converge, norm(Ax-b)/norm(b) = 2.701e-03 (norm(b) = 4.677e+00)!

PCG solver did NOT converge in 1000 iterations (avg. reduction factor: 9.981e-01)

[38;2;255;255;000m--> Warning![0m
Linear solver did not converge, norm(Ax-b)/norm(b) = 1.482e-01 (norm(b) = 1.903e-01)!

  Residual norms for GMRES solve
  0 (restart 0) KSP residual norm 1.952340e+01
  1 (restart 0) KSP residual norm 1.905396e+01
  2 (restart 0) KSP residual norm 8.059915e+00
  3 (restart 0) KSP residual norm 1.272719e+00
  4 (restart 0) KSP residual norm 2.939703e-01
  5 (restart 0) KSP residual norm 1.198258e-01
  6 (restart 0) KSP residual norm 3.539212e-02
  7 (restart 0) KSP residual norm 1.807692e-02
  8 (restart 0) KSP residual norm 7.068190e-03
  9 (restart 0) KSP residual norm 4.012478e-03
 10 (restart 0) KSP residual norm 1.609847e-03
 11 (restart 0) KSP residual norm 8.208836e-04
 12 (restart 0) KSP residual norm 3.609136e-04
 13 (restart 0) KSP residual norm 1.726170e-04
 14 (restart 0) KSP residual norm 8.536662e-05
 15 (restart 0) KSP residual norm 4.264138e-05
 16 (restart 0) KSP residual norm 1.888961e-05
 17 (restart 0) KSP residual norm 9.052754e-06
 18 (restart 0) KSP residual norm 4.592714e-06
 19 (restart 0) KSP residual norm 2.016490e-06
 20 (restart 0) KSP residual norm 1.028813e-06
 21 (restart 0) KSP residual norm 4.576989e-07
 22 (restart 0) KSP residual norm 2.272117e-07
 23 (restart 0) KSP residual norm 1.119034e-07
GMRES solver converged in 23 iterations (avg. reduction factor: 4.382e-01)
PCG solver did NOT converge in 1000 iterations (avg. reduction factor: 9.917e-01)

[38;2;255;255;000m--> Warning![0m
Linear solver did not converge, norm(Ax-b)/norm(b) = 2.324e-04 (norm(b) = 8.781e+00)!

PCG solver did NOT converge in 1000 iterations (avg. reduction factor: 9.966e-01)

[38;2;255;255;000m--> Warning![0m
Linear solver did not converge, norm(Ax-b)/norm(b) = 3.266e-02 (norm(b) = 8.586e-02)!

  4 EPS nconv=11 first unconverged value (error) -0.0379199+0.339677i (1.52162449e-01)

 Linear eigensolve converged (11 eigenpairs) due to CONVERGED_TOL; iterations 4
 Total number of linear systems solved: 44
 Total number of linear solver iterations: 968
 Found 11 converged eigenvalues (first = 2.094e-01+8.907e+00i)

 Refining eigenvalues with Quasi-Newton solver
  Residual norms for GMRES solve
  0 (restart 0) KSP residual norm 8.211950e+00
  1 (restart 0) KSP residual norm 4.609908e-01
  2 (restart 0) KSP residual norm 2.573203e-01
  3 (restart 0) KSP residual norm 5.645173e-02
  4 (restart 0) KSP residual norm 2.923643e-02
  5 (restart 0) KSP residual norm 1.206057e-02
  6 (restart 0) KSP residual norm 5.152978e-03
  7 (restart 0) KSP residual norm 1.735023e-03
  8 (restart 0) KSP residual norm 9.154813e-04
  9 (restart 0) KSP residual norm 3.927913e-04
GMRES solver converged in 9 iterations (avg. reduction factor: 3.311e-01)
0 NLEPS (nconv=0, restart=0) residual norm 5.091536e+00
  Residual norms for GMRES solve
  0 (restart 0) KSP residual norm 5.126489e-01
  1 (restart 0) KSP residual norm 1.256549e-01
  2 (restart 0) KSP residual norm 4.168029e-02
  3 (restart 0) KSP residual norm 3.336281e-02
  4 (restart 0) KSP residual norm 9.704657e-03
  5 (restart 0) KSP residual norm 5.644761e-03
  6 (restart 0) KSP residual norm 2.464531e-03
  7 (restart 0) KSP residual norm 1.092414e-03
  8 (restart 0) KSP residual norm 5.515212e-04
  9 (restart 0) KSP residual norm 2.835869e-04
 10 (restart 0) KSP residual norm 1.234573e-04
 11 (restart 0) KSP residual norm 6.038257e-05
 12 (restart 0) KSP residual norm 3.079108e-05
GMRES solver converged in 12 iterations (avg. reduction factor: 4.449e-01)
1 NLEPS (nconv=0, restart=0) residual norm 1.866034e+00
  Residual norms for GMRES solve
  0 (restart 0) KSP residual norm 5.680461e-01
  1 (restart 0) KSP residual norm 2.992231e-01
  2 (restart 0) KSP residual norm 6.791891e-02
  3 (restart 0) KSP residual norm 4.023716e-02
  4 (restart 0) KSP residual norm 1.492227e-02
  5 (restart 0) KSP residual norm 9.272301e-03
  6 (restart 0) KSP residual norm 3.109292e-03
  7 (restart 0) KSP residual norm 1.501680e-03
  8 (restart 0) KSP residual norm 7.266207e-04
  9 (restart 0) KSP residual norm 3.681538e-04
 10 (restart 0) KSP residual norm 1.698065e-04
 11 (restart 0) KSP residual norm 7.620162e-05
 12 (restart 0) KSP residual norm 3.843021e-05
GMRES solver converged in 12 iterations (avg. reduction factor: 4.493e-01)
2 NLEPS (nconv=0, restart=0) residual norm 9.845802e-01
  Residual norms for GMRES solve
  0 (restart 0) KSP residual norm 6.731108e+00
  1 (restart 0) KSP residual norm 3.431522e+00
  2 (restart 0) KSP residual norm 8.251585e-01
  3 (restart 0) KSP residual norm 2.711187e-01
  4 (restart 0) KSP residual norm 9.675208e-02
  5 (restart 0) KSP residual norm 4.128418e-02
  6 (restart 0) KSP residual norm 1.654641e-02
  7 (restart 0) KSP residual norm 7.350113e-03
  8 (restart 0) KSP residual norm 4.059726e-03
  9 (restart 0) KSP residual norm 1.908204e-03
 10 (restart 0) KSP residual norm 1.082384e-03
 11 (restart 0) KSP residual norm 5.227507e-04
GMRES solver converged in 11 iterations (avg. reduction factor: 4.230e-01)
   NLEPS Armijo backtracks=1, alpha=5.000e-01, res_new=8.366308e-01
3 NLEPS (nconv=0, restart=0) residual norm 8.366308e-01
  Residual norms for GMRES solve
  0 (restart 0) KSP residual norm 2.717976e+00
  1 (restart 0) KSP residual norm 1.140766e+00
  2 (restart 0) KSP residual norm 3.411454e-01
  3 (restart 0) KSP residual norm 9.236316e-02
  4 (restart 0) KSP residual norm 3.653239e-02
  5 (restart 0) KSP residual norm 1.374352e-02
  6 (restart 0) KSP residual norm 6.055527e-03
  7 (restart 0) KSP residual norm 2.476669e-03
  8 (restart 0) KSP residual norm 1.552773e-03
  9 (restart 0) KSP residual norm 7.008394e-04
 10 (restart 0) KSP residual norm 3.813754e-04
 11 (restart 0) KSP residual norm 2.008637e-04
GMRES solver converged in 11 iterations (avg. reduction factor: 4.211e-01)
4 NLEPS (nconv=0, restart=0) residual norm 8.065967e-01
  Residual norms for GMRES solve
  0 (restart 0) KSP residual norm 2.274988e-01
  1 (restart 0) KSP residual norm 1.416446e-01
  2 (restart 0) KSP residual norm 3.004266e-02
  3 (restart 0) KSP residual norm 1.229828e-02
  4 (restart 0) KSP residual norm 5.132171e-03
  5 (restart 0) KSP residual norm 2.038464e-03
  6 (restart 0) KSP residual norm 9.945454e-04
  7 (restart 0) KSP residual norm 4.527150e-04
  8 (restart 0) KSP residual norm 2.009615e-04
  9 (restart 0) KSP residual norm 9.032827e-05
 10 (restart 0) KSP residual norm 6.143581e-05
 11 (restart 0) KSP residual norm 2.782529e-05
 12 (restart 0) KSP residual norm 1.464529e-05
GMRES solver converged in 12 iterations (avg. reduction factor: 4.474e-01)
5 NLEPS (nconv=0, restart=0) residual norm 2.451610e-01
  Residual norms for GMRES solve
  0 (restart 0) KSP residual norm 1.024634e-01
  1 (restart 0) KSP residual norm 3.150873e-02
  2 (restart 0) KSP residual norm 1.346122e-02
  3 (restart 0) KSP residual norm 3.784201e-03
  4 (restart 0) KSP residual norm 1.625613e-03
  5 (restart 0) KSP residual norm 5.243324e-04
  6 (restart 0) KSP residual norm 2.542286e-04
  7 (restart 0) KSP residual norm 1.005493e-04
  8 (restart 0) KSP residual norm 4.234265e-05
  9 (restart 0) KSP residual norm 2.177852e-05
 10 (restart 0) KSP residual norm 1.336749e-05
 11 (restart 0) KSP residual norm 6.102873e-06
GMRES solver converged in 11 iterations (avg. reduction factor: 4.130e-01)
6 NLEPS (nconv=0, restart=0) residual norm 2.997308e-02
  Residual norms for GMRES solve
  0 (restart 0) KSP residual norm 7.495134e-03
  1 (restart 0) KSP residual norm 4.471945e-03
  2 (restart 0) KSP residual norm 1.070911e-03
  3 (restart 0) KSP residual norm 4.127068e-04
  4 (restart 0) KSP residual norm 1.704676e-04
  5 (restart 0) KSP residual norm 5.522649e-05
  6 (restart 0) KSP residual norm 2.453846e-05
  7 (restart 0) KSP residual norm 1.116833e-05
  8 (restart 0) KSP residual norm 6.433130e-06
  9 (restart 0) KSP residual norm 2.908759e-06
 10 (restart 0) KSP residual norm 1.502587e-06
 11 (restart 0) KSP residual norm 8.607314e-07
 12 (restart 0) KSP residual norm 4.618957e-07
GMRES solver converged in 12 iterations (avg. reduction factor: 4.458e-01)
7 NLEPS (nconv=0, restart=0) residual norm 5.627155e-04
  Residual norms for GMRES solve
  0 (restart 0) KSP residual norm 1.138164e-03
  1 (restart 0) KSP residual norm 6.562239e-04
  2 (restart 0) KSP residual norm 1.519935e-04
  3 (restart 0) KSP residual norm 5.899071e-05
  4 (restart 0) KSP residual norm 2.594901e-05
  5 (restart 0) KSP residual norm 7.469380e-06
  6 (restart 0) KSP residual norm 3.534829e-06
  7 (restart 0) KSP residual norm 1.770987e-06
  8 (restart 0) KSP residual norm 7.916320e-07
  9 (restart 0) KSP residual norm 3.436716e-07
 10 (restart 0) KSP residual norm 1.910797e-07
 11 (restart 0) KSP residual norm 9.044762e-08
GMRES solver converged in 11 iterations (avg. reduction factor: 4.239e-01)
8 NLEPS (nconv=0, restart=0) residual norm 3.207092e-05
  Residual norms for GMRES solve
  0 (restart 0) KSP residual norm 2.506389e-04
  1 (restart 0) KSP residual norm 1.099558e-04
  2 (restart 0) KSP residual norm 4.495681e-05
  3 (restart 0) KSP residual norm 1.519986e-05
  4 (restart 0) KSP residual norm 6.125765e-06
  5 (restart 0) KSP residual norm 1.562416e-06
  6 (restart 0) KSP residual norm 6.414716e-07
  7 (restart 0) KSP residual norm 2.620484e-07
  8 (restart 0) KSP residual norm 1.571913e-07
  9 (restart 0) KSP residual norm 7.030539e-08
 10 (restart 0) KSP residual norm 3.590916e-08
 11 (restart 0) KSP residual norm 2.068709e-08
 12 (restart 0) KSP residual norm 9.688766e-09
 13 (restart 0) KSP residual norm 5.295500e-09
GMRES solver converged in 13 iterations (avg. reduction factor: 4.369e-01)
9 NLEPS (nconv=0, restart=0) residual norm 6.888728e-06
  Residual norms for GMRES solve
  0 (restart 0) KSP residual norm 2.249626e-04
  1 (restart 0) KSP residual norm 4.541106e-05
  2 (restart 0) KSP residual norm 1.963323e-05
  3 (restart 0) KSP residual norm 1.198874e-05
  4 (restart 0) KSP residual norm 2.003294e-06
  5 (restart 0) KSP residual norm 8.203397e-07
  6 (restart 0) KSP residual norm 3.719264e-07
  7 (restart 0) KSP residual norm 1.697180e-07
  8 (restart 0) KSP residual norm 8.950859e-08
  9 (restart 0) KSP residual norm 4.811711e-08
 10 (restart 0) KSP residual norm 2.920677e-08
 11 (restart 0) KSP residual norm 1.313074e-08
 12 (restart 0) KSP residual norm 6.532083e-09
 13 (restart 0) KSP residual norm 3.133687e-09
 14 (restart 0) KSP residual norm 1.544089e-09
GMRES solver converged in 14 iterations (avg. reduction factor: 4.277e-01)
10 NLEPS (nconv=0, restart=0) residual norm 6.305995e-06
  Residual norms for GMRES solve
  0 (restart 0) KSP residual norm 2.164779e-04
  1 (restart 0) KSP residual norm 3.057163e-05
  2 (restart 0) KSP residual norm 1.161845e-05
  3 (restart 0) KSP residual norm 6.704338e-06
  4 (restart 0) KSP residual norm 1.484282e-06
  5 (restart 0) KSP residual norm 7.126641e-07
  6 (restart 0) KSP residual norm 2.733769e-07
  7 (restart 0) KSP residual norm 1.325980e-07
  8 (restart 0) KSP residual norm 7.668788e-08
  9 (restart 0) KSP residual norm 4.051065e-08
 10 (restart 0) KSP residual norm 2.244071e-08
 11 (restart 0) KSP residual norm 1.004382e-08
 12 (restart 0) KSP residual norm 5.180065e-09
 13 (restart 0) KSP residual norm 2.438364e-09
 14 (restart 0) KSP residual norm 1.297749e-09
GMRES solver converged in 14 iterations (avg. reduction factor: 4.236e-01)
11 NLEPS (nconv=0, restart=0) residual norm 6.062251e-06
  Residual norms for GMRES solve
  0 (restart 0) KSP residual norm 2.133668e-04
  1 (restart 0) KSP residual norm 2.349503e-05
  2 (restart 0) KSP residual norm 1.034415e-05
  3 (restart 0) KSP residual norm 5.375277e-06
  4 (restart 0) KSP residual norm 1.383621e-06
  5 (restart 0) KSP residual norm 6.846984e-07
  6 (restart 0) KSP residual norm 2.544072e-07
  7 (restart 0) KSP residual norm 1.209323e-07
  8 (restart 0) KSP residual norm 7.228279e-08
  9 (restart 0) KSP residual norm 3.756759e-08
 10 (restart 0) KSP residual norm 2.133872e-08
 11 (restart 0) KSP residual norm 9.739867e-09
 12 (restart 0) KSP residual norm 4.884213e-09
 13 (restart 0) KSP residual norm 2.225457e-09
 14 (restart 0) KSP residual norm 1.199339e-09
GMRES solver converged in 14 iterations (avg. reduction factor: 4.217e-01)
12 NLEPS (nconv=0, restart=0) residual norm 5.924111e-06
  Residual norms for GMRES solve
  0 (restart 0) KSP residual norm 2.133822e-04
  1 (restart 0) KSP residual norm 1.955177e-05
  2 (restart 0) KSP residual norm 9.740590e-06
  3 (restart 0) KSP residual norm 4.426608e-06
  4 (restart 0) KSP residual norm 1.391467e-06
  5 (restart 0) KSP residual norm 6.729782e-07
  6 (restart 0) KSP residual norm 2.511642e-07
  7 (restart 0) KSP residual norm 1.157277e-07
  8 (restart 0) KSP residual norm 6.961640e-08
  9 (restart 0) KSP residual norm 3.608618e-08
 10 (restart 0) KSP residual norm 2.034956e-08
 11 (restart 0) KSP residual norm 9.416129e-09
 12 (restart 0) KSP residual norm 4.708776e-09
 13 (restart 0) KSP residual norm 2.112024e-09
 14 (restart 0) KSP residual norm 1.131135e-09
GMRES solver converged in 14 iterations (avg. reduction factor: 4.199e-01)
13 NLEPS (nconv=0, restart=0) residual norm 5.898155e-06
  Residual norms for GMRES solve
  0 (restart 0) KSP residual norm 2.141576e-04
  1 (restart 0) KSP residual norm 1.765438e-05
  2 (restart 0) KSP residual norm 9.457375e-06
  3 (restart 0) KSP residual norm 3.601054e-06
  4 (restart 0) KSP residual norm 1.411608e-06
  5 (restart 0) KSP residual norm 6.597909e-07
  6 (restart 0) KSP residual norm 2.536182e-07
  7 (restart 0) KSP residual norm 1.138616e-07
  8 (restart 0) KSP residual norm 6.800195e-08
  9 (restart 0) KSP residual norm 3.509258e-08
 10 (restart 0) KSP residual norm 1.939716e-08
 11 (restart 0) KSP residual norm 9.149961e-09
 12 (restart 0) KSP residual norm 4.614510e-09
 13 (restart 0) KSP residual norm 2.073532e-09
 14 (restart 0) KSP residual norm 1.094199e-09
GMRES solver converged in 14 iterations (avg. reduction factor: 4.188e-01)
   NLEPS Armijo backtracks=2, alpha=2.500e-01, res_new=5.897635e-06
14 NLEPS (nconv=0, restart=0) residual norm 5.897635e-06
  Residual norms for GMRES solve
  0 (restart 0) KSP residual norm 2.142449e-04
  1 (restart 0) KSP residual norm 1.736112e-05
  2 (restart 0) KSP residual norm 9.420361e-06
  3 (restart 0) KSP residual norm 3.439804e-06
  4 (restart 0) KSP residual norm 1.411553e-06
  5 (restart 0) KSP residual norm 6.527114e-07
  6 (restart 0) KSP residual norm 2.535454e-07
  7 (restart 0) KSP residual norm 1.137218e-07
  8 (restart 0) KSP residual norm 6.775832e-08
  9 (restart 0) KSP residual norm 3.495242e-08
 10 (restart 0) KSP residual norm 1.920082e-08
 11 (restart 0) KSP residual norm 9.090557e-09
 12 (restart 0) KSP residual norm 4.601758e-09
 13 (restart 0) KSP residual norm 2.069276e-09
 14 (restart 0) KSP residual norm 1.086258e-09
GMRES solver converged in 14 iterations (avg. reduction factor: 4.186e-01)
   NLEPS Armijo backtracks=4, alpha=6.250e-02, res_new=5.897559e-06
15 NLEPS (nconv=0, restart=0) residual norm 5.897559e-06
  Residual norms for GMRES solve
  0 (restart 0) KSP residual norm 2.142609e-04
  1 (restart 0) KSP residual norm 1.729966e-05
  2 (restart 0) KSP residual norm 9.413126e-06
  3 (restart 0) KSP residual norm 3.404657e-06
  4 (restart 0) KSP residual norm 1.411282e-06
  5 (restart 0) KSP residual norm 6.507610e-07
  6 (restart 0) KSP residual norm 2.534819e-07
  7 (restart 0) KSP residual norm 1.137027e-07
  8 (restart 0) KSP residual norm 6.770889e-08
  9 (restart 0) KSP residual norm 3.492382e-08
 10 (restart 0) KSP residual norm 1.915677e-08
 11 (restart 0) KSP residual norm 9.076776e-09
 12 (restart 0) KSP residual norm 4.599101e-09
 13 (restart 0) KSP residual norm 2.068412e-09
 14 (restart 0) KSP residual norm 1.084479e-09
GMRES solver converged in 14 iterations (avg. reduction factor: 4.185e-01)
   NLEPS Armijo backtracks=5, alpha=3.125e-02, res_new=5.897532e-06
16 NLEPS (nconv=0, restart=0) residual norm 5.897532e-06
  Residual norms for GMRES solve
  0 (restart 0) KSP residual norm 2.142683e-04
  1 (restart 0) KSP residual norm 1.727053e-05
  2 (restart 0) KSP residual norm 9.409788e-06
  3 (restart 0) KSP residual norm 3.387880e-06
  4 (restart 0) KSP residual norm 1.411118e-06
  5 (restart 0) KSP residual norm 6.497667e-07
  6 (restart 0) KSP residual norm 2.534441e-07
  7 (restart 0) KSP residual norm 1.136955e-07
  8 (restart 0) KSP residual norm 6.768588e-08
  9 (restart 0) KSP residual norm 3.491029e-08
 10 (restart 0) KSP residual norm 1.913538e-08
 11 (restart 0) KSP residual norm 9.070028e-09
 12 (restart 0) KSP residual norm 4.597833e-09
 13 (restart 0) KSP residual norm 2.068006e-09
 14 (restart 0) KSP residual norm 1.083623e-09
GMRES solver converged in 14 iterations (avg. reduction factor: 4.185e-01)
   NLEPS Armijo backtracks=6, alpha=1.562e-02, res_new=5.897521e-06
17 NLEPS (nconv=0, restart=0) residual norm 5.897521e-06
  Residual norms for GMRES solve
  0 (restart 0) KSP residual norm 2.142719e-04
  1 (restart 0) KSP residual norm 1.725634e-05
  2 (restart 0) KSP residual norm 9.408186e-06
  3 (restart 0) KSP residual norm 3.379687e-06
  4 (restart 0) KSP residual norm 1.411029e-06
  5 (restart 0) KSP residual norm 6.492652e-07
  6 (restart 0) KSP residual norm 2.534237e-07
  7 (restart 0) KSP residual norm 1.136925e-07
  8 (restart 0) KSP residual norm 6.767479e-08
  9 (restart 0) KSP residual norm 3.490371e-08
 10 (restart 0) KSP residual norm 1.912485e-08
 11 (restart 0) KSP residual norm 9.066690e-09
 12 (restart 0) KSP residual norm 4.597214e-09
 13 (restart 0) KSP residual norm 2.067810e-09
 14 (restart 0) KSP residual norm 1.083203e-09
GMRES solver converged in 14 iterations (avg. reduction factor: 4.185e-01)
   NLEPS Armijo backtracks=7, alpha=7.812e-03, res_new=5.897516e-06
18 NLEPS (nconv=0, restart=0) residual norm 5.897516e-06
  Residual norms for GMRES solve
  0 (restart 0) KSP residual norm 2.142737e-04
  1 (restart 0) KSP residual norm 1.724935e-05
  2 (restart 0) KSP residual norm 9.407402e-06
  3 (restart 0) KSP residual norm 3.375640e-06
  4 (restart 0) KSP residual norm 1.410983e-06
  5 (restart 0) KSP residual norm 6.490133e-07
  6 (restart 0) KSP residual norm 2.534130e-07
  7 (restart 0) KSP residual norm 1.136912e-07
  8 (restart 0) KSP residual norm 6.766935e-08
  9 (restart 0) KSP residual norm 3.490047e-08
 10 (restart 0) KSP residual norm 1.911962e-08
