>> /opt/amip/envs/emsim/bin/mpirun -n 32 /opt/amip/palace/bin/palace-x86_64.bin h4_field_full_sap.json

_____________     _______
_____   __   \____ __   /____ ____________
____   /_/  /  __ ` /  /  __ ` /  ___/  _ \
___   _____/  /_/  /  /  /_/  /  /__/  ___/
  /__/     \___,__/__/\___,__/\_____\_____/


[38;2;255;255;000m--> Warning![0m
Output folder is not empty; program will overwrite content! (postpro/h4_field_full_sap)
Git changeset ID: v0.17.0-293-g3c83b9db0
Running with 32 MPI processes, 1 OpenMP thread
Device configuration: omp,cpu
Memory configuration: host-std
libCEED backend: /cpu/self/xsmm/blocked

Added 11795 boundary elements for material interfaces to the mesh

Characteristic length and time scales:
 Lc = 1.760e-01 m, tc = 5.871e-01 ns
Finished partitioning mesh into 32 subdomains

Mesh curvature order: 2
Mesh bounding box:
 (Xmin, Ymin, Zmin) = (-8.800e-02, -8.800e-02, -5.771e-02) m
 (Xmax, Ymax, Zmax) = (+8.800e-02, +8.800e-02, +5.771e-02) m

Parallel Mesh Stats:

                minimum     average     maximum       total
 vertices           177         282         396        9035
 edges             1609        1933        2266       61884
 faces             3059        3275        3534      104810
 elements          1582        1623        1667       51960
 neighbors            6          11          21

            minimum     maximum
 h       0.00383614    0.206037
 kappa      1.02188     14.2676

Estimated current per-rank memory usage is: Min. 32.5M, Max. 71.8M, Avg. 34.3M, Total 1.1G
Estimated current per-node memory usage is: Min. 1.1G, Max. 1.1G, Avg. 1.1G, Total 1.1G

Configuring Robin finite conductivity BC at attributes:
 90: σ = 3.500e+07 S/m, n = (-0.0,-0.0,-1.0)

Assembling system matrices, number of global unknowns:
 H1 (p = 2): 70919, ND (p = 2): 333388, RT (p = 2): 470310
 Operator assembly level: Partial
 Mesh geometries:
  Tetrahedron: P = 20, Q = 14 (quadrature order = 4)

Configuring SLEPc eigenvalue solver:
 Scaling γ = 2.828e+01, δ = 1.736e-06
 Configuring divergence-free projection
 Using random starting vector
 Shift-and-invert σ = 2.400e+00 GHz (8.853e+00)

Assembling multigrid hierarchy:
 Level 0 (p = 1): 61884 unknowns
 Level 1 (p = 2): 333388 unknowns
 Level 0 (auxiliary) (p = 1): 9035 unknowns
 Level 1 (auxiliary) (p = 2): 70919 unknowns

#PETSc Option Table entries:
-eps_monitor # (source: code)
#End of PETSc Option Table entries

  Residual norms for GMRES solve
  0 (restart 0) KSP residual norm 7.551380e+00
  1 (restart 0) KSP residual norm 1.427081e+00
  2 (restart 0) KSP residual norm 1.159886e+00
  3 (restart 0) KSP residual norm 5.856314e-01
  4 (restart 0) KSP residual norm 1.897225e-01
  5 (restart 0) KSP residual norm 3.594329e-02
  6 (restart 0) KSP residual norm 9.273305e-03
  7 (restart 0) KSP residual norm 3.059089e-03
  8 (restart 0) KSP residual norm 1.051567e-03
  9 (restart 0) KSP residual norm 3.569239e-04
 10 (restart 0) KSP residual norm 1.318016e-04
 11 (restart 0) KSP residual norm 5.235717e-05
 12 (restart 0) KSP residual norm 2.026018e-05
 13 (restart 0) KSP residual norm 8.102929e-06
 14 (restart 0) KSP residual norm 3.344872e-06
 15 (restart 0) KSP residual norm 1.380020e-06
 16 (restart 0) KSP residual norm 5.869745e-07
 17 (restart 0) KSP residual norm 2.426694e-07
 18 (restart 0) KSP residual norm 9.814843e-08
 19 (restart 0) KSP residual norm 3.955909e-08
GMRES solver converged in 19 iterations (avg. reduction factor: 3.666e-01)
  Residual norms for GMRES solve
  0 (restart 0) KSP residual norm 2.471912e+03
  1 (restart 0) KSP residual norm 2.324534e+02
  2 (restart 0) KSP residual norm 2.976174e+01
  3 (restart 0) KSP residual norm 5.521103e+00
  4 (restart 0) KSP residual norm 8.467842e-01
  5 (restart 0) KSP residual norm 1.770855e-01
  6 (restart 0) KSP residual norm 5.690096e-02
  7 (restart 0) KSP residual norm 1.142505e-02
  8 (restart 0) KSP residual norm 3.309020e-03
  9 (restart 0) KSP residual norm 8.098860e-04
 10 (restart 0) KSP residual norm 2.387385e-04
 11 (restart 0) KSP residual norm 7.306829e-05
 12 (restart 0) KSP residual norm 2.538866e-05
 13 (restart 0) KSP residual norm 9.783351e-06
GMRES solver converged in 13 iterations (avg. reduction factor: 2.258e-01)
  Residual norms for GMRES solve
  0 (restart 0) KSP residual norm 2.570397e+03
  1 (restart 0) KSP residual norm 2.714743e+02
  2 (restart 0) KSP residual norm 1.817059e+01
  3 (restart 0) KSP residual norm 5.332491e+00
  4 (restart 0) KSP residual norm 7.179987e-01
  5 (restart 0) KSP residual norm 1.714931e-01
  6 (restart 0) KSP residual norm 4.764690e-02
  7 (restart 0) KSP residual norm 1.089011e-02
  8 (restart 0) KSP residual norm 3.566331e-03
  9 (restart 0) KSP residual norm 8.016638e-04
 10 (restart 0) KSP residual norm 2.395377e-04
 11 (restart 0) KSP residual norm 7.381830e-05
 12 (restart 0) KSP residual norm 2.519033e-05
GMRES solver converged in 12 iterations (avg. reduction factor: 2.151e-01)
  Residual norms for GMRES solve
  0 (restart 0) KSP residual norm 1.225856e+03
  1 (restart 0) KSP residual norm 1.874150e+02
  2 (restart 0) KSP residual norm 5.284356e+01
  3 (restart 0) KSP residual norm 4.473630e+00
  4 (restart 0) KSP residual norm 7.033121e-01
  5 (restart 0) KSP residual norm 1.890984e-01
  6 (restart 0) KSP residual norm 4.307774e-02
  7 (restart 0) KSP residual norm 1.159540e-02
  8 (restart 0) KSP residual norm 3.127211e-03
  9 (restart 0) KSP residual norm 8.966817e-04
 10 (restart 0) KSP residual norm 2.423937e-04
 11 (restart 0) KSP residual norm 7.033864e-05
 12 (restart 0) KSP residual norm 1.890467e-05
 13 (restart 0) KSP residual norm 6.361008e-06
GMRES solver converged in 13 iterations (avg. reduction factor: 2.305e-01)
  Residual norms for GMRES solve
  0 (restart 0) KSP residual norm 5.791060e+02
  1 (restart 0) KSP residual norm 3.496691e+01
  2 (restart 0) KSP residual norm 1.468729e+01
  3 (restart 0) KSP residual norm 1.468571e+01
  4 (restart 0) KSP residual norm 8.095891e-01
  5 (restart 0) KSP residual norm 2.519315e-01
  6 (restart 0) KSP residual norm 5.115788e-02
  7 (restart 0) KSP residual norm 1.077632e-02
  8 (restart 0) KSP residual norm 2.732205e-03
  9 (restart 0) KSP residual norm 6.745283e-04
 10 (restart 0) KSP residual norm 1.804425e-04
 11 (restart 0) KSP residual norm 5.107276e-05
 12 (restart 0) KSP residual norm 1.424115e-05
 13 (restart 0) KSP residual norm 4.250293e-06
GMRES solver converged in 13 iterations (avg. reduction factor: 2.367e-01)
  Residual norms for GMRES solve
  0 (restart 0) KSP residual norm 5.400936e+03
  1 (restart 0) KSP residual norm 1.033407e+02
  2 (restart 0) KSP residual norm 1.971987e+01
  3 (restart 0) KSP residual norm 1.732829e+01
  4 (restart 0) KSP residual norm 1.471138e+00
  5 (restart 0) KSP residual norm 4.627881e-01
  6 (restart 0) KSP residual norm 8.071941e-02
  7 (restart 0) KSP residual norm 2.323471e-02
  8 (restart 0) KSP residual norm 5.096939e-03
  9 (restart 0) KSP residual norm 1.362191e-03
 10 (restart 0) KSP residual norm 3.952959e-04
 11 (restart 0) KSP residual norm 1.064002e-04
 12 (restart 0) KSP residual norm 3.291856e-05
GMRES solver converged in 12 iterations (avg. reduction factor: 2.067e-01)
  Residual norms for GMRES solve
  0 (restart 0) KSP residual norm 5.797498e+03
  1 (restart 0) KSP residual norm 1.118702e+02
  2 (restart 0) KSP residual norm 2.114944e+01
  3 (restart 0) KSP residual norm 1.587383e+01
  4 (restart 0) KSP residual norm 1.374980e+00
  5 (restart 0) KSP residual norm 4.439109e-01
  6 (restart 0) KSP residual norm 7.983401e-02
  7 (restart 0) KSP residual norm 2.394190e-02
  8 (restart 0) KSP residual norm 5.037555e-03
  9 (restart 0) KSP residual norm 1.347368e-03
 10 (restart 0) KSP residual norm 3.953365e-04
 11 (restart 0) KSP residual norm 1.058796e-04
 12 (restart 0) KSP residual norm 3.357929e-05
GMRES solver converged in 12 iterations (avg. reduction factor: 2.059e-01)
  Residual norms for GMRES solve
  0 (restart 0) KSP residual norm 4.224648e+02
  1 (restart 0) KSP residual norm 1.349128e+01
  2 (restart 0) KSP residual norm 1.297340e+01
  3 (restart 0) KSP residual norm 5.399394e+00
  4 (restart 0) KSP residual norm 8.885958e-01
  5 (restart 0) KSP residual norm 3.154040e-01
  6 (restart 0) KSP residual norm 4.310191e-02
  7 (restart 0) KSP residual norm 1.041005e-02
  8 (restart 0) KSP residual norm 2.601564e-03
  9 (restart 0) KSP residual norm 8.279748e-04
 10 (restart 0) KSP residual norm 1.931863e-04
 11 (restart 0) KSP residual norm 4.655548e-05
 12 (restart 0) KSP residual norm 1.349326e-05
 13 (restart 0) KSP residual norm 4.595350e-06
 14 (restart 0) KSP residual norm 1.964482e-06
GMRES solver converged in 14 iterations (avg. reduction factor: 2.540e-01)
  Residual norms for GMRES solve
  0 (restart 0) KSP residual norm 1.628009e+02
  1 (restart 0) KSP residual norm 9.283325e+00
  2 (restart 0) KSP residual norm 9.271872e+00
  3 (restart 0) KSP residual norm 1.291073e+00
  4 (restart 0) KSP residual norm 9.567256e-01
  5 (restart 0) KSP residual norm 2.493555e-01
  6 (restart 0) KSP residual norm 6.463762e-02
  7 (restart 0) KSP residual norm 9.713863e-03
  8 (restart 0) KSP residual norm 2.429698e-03
  9 (restart 0) KSP residual norm 7.040594e-04
 10 (restart 0) KSP residual norm 1.813302e-04
 11 (restart 0) KSP residual norm 4.845072e-05
 12 (restart 0) KSP residual norm 1.285459e-05
 13 (restart 0) KSP residual norm 3.580255e-06
 14 (restart 0) KSP residual norm 1.286840e-06
GMRES solver converged in 14 iterations (avg. reduction factor: 2.638e-01)
  Residual norms for GMRES solve
  0 (restart 0) KSP residual norm 2.780703e+02
  1 (restart 0) KSP residual norm 1.061648e+01
  2 (restart 0) KSP residual norm 9.621718e+00
  3 (restart 0) KSP residual norm 1.034355e+00
  4 (restart 0) KSP residual norm 7.846800e-01
  5 (restart 0) KSP residual norm 2.249788e-01
  6 (restart 0) KSP residual norm 4.789700e-02
  7 (restart 0) KSP residual norm 9.204861e-03
  8 (restart 0) KSP residual norm 2.557546e-03
  9 (restart 0) KSP residual norm 6.681608e-04
 10 (restart 0) KSP residual norm 1.762263e-04
 11 (restart 0) KSP residual norm 4.748234e-05
 12 (restart 0) KSP residual norm 1.492019e-05
 13 (restart 0) KSP residual norm 4.919099e-06
 14 (restart 0) KSP residual norm 2.232779e-06
GMRES solver converged in 14 iterations (avg. reduction factor: 2.641e-01)
  Residual norms for GMRES solve
  0 (restart 0) KSP residual norm 3.948100e+02
  1 (restart 0) KSP residual norm 1.659976e+01
  2 (restart 0) KSP residual norm 7.600183e+00
  3 (restart 0) KSP residual norm 3.287943e+00
  4 (restart 0) KSP residual norm 1.027564e+00
  5 (restart 0) KSP residual norm 1.605598e-01
  6 (restart 0) KSP residual norm 4.677300e-02
  7 (restart 0) KSP residual norm 7.389158e-03
  8 (restart 0) KSP residual norm 1.964112e-03
  9 (restart 0) KSP residual norm 5.363267e-04
 10 (restart 0) KSP residual norm 1.750688e-04
 11 (restart 0) KSP residual norm 5.973734e-05
 12 (restart 0) KSP residual norm 2.437917e-05
 13 (restart 0) KSP residual norm 1.024072e-05
 14 (restart 0) KSP residual norm 4.324294e-06
 15 (restart 0) KSP residual norm 1.660272e-06
GMRES solver converged in 15 iterations (avg. reduction factor: 2.764e-01)
  Residual norms for GMRES solve
  0 (restart 0) KSP residual norm 5.045776e+02
  1 (restart 0) KSP residual norm 1.098772e+01
  2 (restart 0) KSP residual norm 7.891295e+00
  3 (restart 0) KSP residual norm 4.866102e+00
  4 (restart 0) KSP residual norm 1.006302e+00
  5 (restart 0) KSP residual norm 1.241092e-01
  6 (restart 0) KSP residual norm 3.405548e-02
  7 (restart 0) KSP residual norm 6.955107e-03
  8 (restart 0) KSP residual norm 1.733609e-03
  9 (restart 0) KSP residual norm 4.127557e-04
 10 (restart 0) KSP residual norm 1.115564e-04
 11 (restart 0) KSP residual norm 2.695865e-05
 12 (restart 0) KSP residual norm 7.827856e-06
 13 (restart 0) KSP residual norm 2.187614e-06
GMRES solver converged in 13 iterations (avg. reduction factor: 2.274e-01)
  Residual norms for GMRES solve
  0 (restart 0) KSP residual norm 3.852874e+01
  1 (restart 0) KSP residual norm 8.710721e+00
  2 (restart 0) KSP residual norm 6.877558e+00
  3 (restart 0) KSP residual norm 4.905782e+00
  4 (restart 0) KSP residual norm 7.375056e-01
  5 (restart 0) KSP residual norm 1.029604e-01
  6 (restart 0) KSP residual norm 3.287356e-02
  7 (restart 0) KSP residual norm 5.425483e-03
  8 (restart 0) KSP residual norm 1.752702e-03
  9 (restart 0) KSP residual norm 4.352766e-04
 10 (restart 0) KSP residual norm 1.629884e-04
 11 (restart 0) KSP residual norm 5.973420e-05
 12 (restart 0) KSP residual norm 2.620209e-05
 13 (restart 0) KSP residual norm 1.103286e-05
 14 (restart 0) KSP residual norm 4.373070e-06
 15 (restart 0) KSP residual norm 1.722071e-06
 16 (restart 0) KSP residual norm 6.452413e-07
 17 (restart 0) KSP residual norm 2.655838e-07
GMRES solver converged in 17 iterations (avg. reduction factor: 3.311e-01)
  Residual norms for GMRES solve
  0 (restart 0) KSP residual norm 1.062733e+03
  1 (restart 0) KSP residual norm 1.379121e+01
  2 (restart 0) KSP residual norm 5.995343e+00
  3 (restart 0) KSP residual norm 2.326097e+00
  4 (restart 0) KSP residual norm 5.243846e-01
  5 (restart 0) KSP residual norm 1.292734e-01
  6 (restart 0) KSP residual norm 2.844279e-02
  7 (restart 0) KSP residual norm 6.481921e-03
  8 (restart 0) KSP residual norm 1.926450e-03
  9 (restart 0) KSP residual norm 4.739647e-04
 10 (restart 0) KSP residual norm 1.413203e-04
 11 (restart 0) KSP residual norm 4.978665e-05
 12 (restart 0) KSP residual norm 2.067712e-05
 13 (restart 0) KSP residual norm 9.114461e-06
GMRES solver converged in 13 iterations (avg. reduction factor: 2.396e-01)
  Residual norms for GMRES solve
  0 (restart 0) KSP residual norm 4.572323e+02
  1 (restart 0) KSP residual norm 2.261340e+01
  2 (restart 0) KSP residual norm 7.216827e+00
  3 (restart 0) KSP residual norm 1.500393e+00
  4 (restart 0) KSP residual norm 5.206297e-01
  5 (restart 0) KSP residual norm 1.529141e-01
  6 (restart 0) KSP residual norm 2.351358e-02
  7 (restart 0) KSP residual norm 5.569693e-03
  8 (restart 0) KSP residual norm 1.671207e-03
  9 (restart 0) KSP residual norm 3.559941e-04
 10 (restart 0) KSP residual norm 8.754191e-05
 11 (restart 0) KSP residual norm 2.600772e-05
 12 (restart 0) KSP residual norm 7.482316e-06
 13 (restart 0) KSP residual norm 2.702300e-06
GMRES solver converged in 13 iterations (avg. reduction factor: 2.328e-01)
  Residual norms for GMRES solve
  0 (restart 0) KSP residual norm 1.203825e+03
  1 (restart 0) KSP residual norm 1.376974e+01
  2 (restart 0) KSP residual norm 7.323157e+00
  3 (restart 0) KSP residual norm 7.280995e+00
  4 (restart 0) KSP residual norm 7.689817e-01
  5 (restart 0) KSP residual norm 1.321520e-01
  6 (restart 0) KSP residual norm 3.097265e-02
  7 (restart 0) KSP residual norm 9.899626e-03
  8 (restart 0) KSP residual norm 2.308131e-03
  9 (restart 0) KSP residual norm 5.706616e-04
 10 (restart 0) KSP residual norm 1.492009e-04
 11 (restart 0) KSP residual norm 5.111629e-05
 12 (restart 0) KSP residual norm 1.875977e-05
 13 (restart 0) KSP residual norm 8.125437e-06
GMRES solver converged in 13 iterations (avg. reduction factor: 2.352e-01)
  Residual norms for GMRES solve
  0 (restart 0) KSP residual norm 1.147270e+03
  1 (restart 0) KSP residual norm 1.371409e+01
  2 (restart 0) KSP residual norm 9.458531e+00
  3 (restart 0) KSP residual norm 8.350330e+00
  4 (restart 0) KSP residual norm 1.144344e+00
  5 (restart 0) KSP residual norm 1.948849e-01
  6 (restart 0) KSP residual norm 5.391256e-02
  7 (restart 0) KSP residual norm 1.271754e-02
  8 (restart 0) KSP residual norm 2.864011e-03
  9 (restart 0) KSP residual norm 7.393250e-04
 10 (restart 0) KSP residual norm 1.887844e-04
 11 (restart 0) KSP residual norm 5.294624e-05
 12 (restart 0) KSP residual norm 1.620428e-05
 13 (restart 0) KSP residual norm 6.281072e-06
GMRES solver converged in 13 iterations (avg. reduction factor: 2.315e-01)
  Residual norms for GMRES solve
  0 (restart 0) KSP residual norm 9.321676e+02
  1 (restart 0) KSP residual norm 1.149599e+01
  2 (restart 0) KSP residual norm 1.029796e+01
  3 (restart 0) KSP residual norm 5.570345e+00
  4 (restart 0) KSP residual norm 8.576191e-01
  5 (restart 0) KSP residual norm 2.726464e-01
  6 (restart 0) KSP residual norm 4.722320e-02
  7 (restart 0) KSP residual norm 1.025168e-02
  8 (restart 0) KSP residual norm 2.497908e-03
  9 (restart 0) KSP residual norm 6.984493e-04
 10 (restart 0) KSP residual norm 1.876885e-04
 11 (restart 0) KSP residual norm 4.950422e-05
 12 (restart 0) KSP residual norm 1.301520e-05
 13 (restart 0) KSP residual norm 4.364955e-06
GMRES solver converged in 13 iterations (avg. reduction factor: 2.287e-01)
  Residual norms for GMRES solve
  0 (restart 0) KSP residual norm 1.704701e+02
  1 (restart 0) KSP residual norm 1.799774e+01
  2 (restart 0) KSP residual norm 9.567840e+00
  3 (restart 0) KSP residual norm 9.697988e-01
  4 (restart 0) KSP residual norm 7.496636e-01
  5 (restart 0) KSP residual norm 3.014901e-01
  6 (restart 0) KSP residual norm 4.327860e-02
  7 (restart 0) KSP residual norm 8.152681e-03
  8 (restart 0) KSP residual norm 2.324297e-03
  9 (restart 0) KSP residual norm 6.185268e-04
 10 (restart 0) KSP residual norm 1.577477e-04
 11 (restart 0) KSP residual norm 4.519792e-05
 12 (restart 0) KSP residual norm 1.453556e-05
 13 (restart 0) KSP residual norm 5.152526e-06
 14 (restart 0) KSP residual norm 2.172035e-06
 15 (restart 0) KSP residual norm 9.807473e-07
GMRES solver converged in 15 iterations (avg. reduction factor: 2.823e-01)
  1 EPS nconv=5 first unconverged value (error) -1.58442e-05+0.342811i (1.45361902e-01)

 Linear eigensolve converged (5 eigenpairs) due to CONVERGED_TOL; iterations 1
 Total number of linear systems solved: 19
 Total number of linear solver iterations: 261
 Found 5 converged eigenvalues (first = -2.248e-04+8.921e+00i)

 Refining eigenvalues with Quasi-Newton solver
  Residual norms for GMRES solve
  0 (restart 0) KSP residual norm 8.400461e+00
  1 (restart 0) KSP residual norm 6.707493e-01
  2 (restart 0) KSP residual norm 5.186458e-01
  3 (restart 0) KSP residual norm 2.436017e-01
  4 (restart 0) KSP residual norm 2.390151e-01
  5 (restart 0) KSP residual norm 1.709832e-01
  6 (restart 0) KSP residual norm 5.857237e-02
  7 (restart 0) KSP residual norm 5.111997e-02
  8 (restart 0) KSP residual norm 5.063322e-02
  9 (restart 0) KSP residual norm 3.769183e-02
 10 (restart 0) KSP residual norm 2.326575e-02
 11 (restart 0) KSP residual norm 1.948646e-02
 12 (restart 0) KSP residual norm 1.721973e-02
 13 (restart 0) KSP residual norm 1.631098e-02
 14 (restart 0) KSP residual norm 1.621878e-02
 15 (restart 0) KSP residual norm 1.615573e-02
 16 (restart 0) KSP residual norm 1.605776e-02
 17 (restart 0) KSP residual norm 1.573823e-02
 18 (restart 0) KSP residual norm 1.571172e-02
 19 (restart 0) KSP residual norm 1.548557e-02
 20 (restart 0) KSP residual norm 1.352468e-02
 21 (restart 0) KSP residual norm 1.019801e-02
 22 (restart 0) KSP residual norm 5.040646e-03
 23 (restart 0) KSP residual norm 1.987969e-03
 24 (restart 0) KSP residual norm 7.262611e-04
GMRES solver converged in 24 iterations (avg. reduction factor: 6.772e-01)
0 NLEPS (nconv=0, restart=0) residual norm 4.165747e-04
  Residual norms for GMRES solve
  0 (restart 0) KSP residual norm 2.687498e-06
  1 (restart 0) KSP residual norm 1.493569e-06
  2 (restart 0) KSP residual norm 7.927672e-07
  3 (restart 0) KSP residual norm 7.527021e-07
  4 (restart 0) KSP residual norm 4.972814e-07
  5 (restart 0) KSP residual norm 4.239297e-07
  6 (restart 0) KSP residual norm 3.153143e-07
  7 (restart 0) KSP residual norm 2.805221e-07
  8 (restart 0) KSP residual norm 2.640606e-07
  9 (restart 0) KSP residual norm 2.565828e-07
 10 (restart 0) KSP residual norm 2.526507e-07
 11 (restart 0) KSP residual norm 2.469050e-07
 12 (restart 0) KSP residual norm 2.305668e-07
 13 (restart 0) KSP residual norm 2.079953e-07
 14 (restart 0) KSP residual norm 1.973138e-07
 15 (restart 0) KSP residual norm 1.967064e-07
 16 (restart 0) KSP residual norm 1.907194e-07
 17 (restart 0) KSP residual norm 1.602588e-07
 18 (restart 0) KSP residual norm 1.501672e-07
 19 (restart 0) KSP residual norm 1.489288e-07
 20 (restart 0) KSP residual norm 1.474993e-07
 21 (restart 0) KSP residual norm 1.407972e-07
 22 (restart 0) KSP residual norm 1.349804e-07
 23 (restart 0) KSP residual norm 1.213906e-07
 24 (restart 0) KSP residual norm 8.810239e-08
 25 (restart 0) KSP residual norm 4.334114e-08
 26 (restart 0) KSP residual norm 1.934100e-08
 27 (restart 0) KSP residual norm 7.475913e-09
 28 (restart 0) KSP residual norm 2.627184e-09
 29 (restart 0) KSP residual norm 9.884946e-10
 30 (restart 0) KSP residual norm 3.799313e-10
 31 (restart 0) KSP residual norm 1.464398e-10
GMRES solver converged in 31 iterations (avg. reduction factor: 7.286e-01)
1 NLEPS (nconv=0, restart=0) residual norm 1.253557e-06
  Residual norms for GMRES solve
  0 (restart 0) KSP residual norm 4.087176e-10
  1 (restart 0) KSP residual norm 4.063450e-10
  2 (restart 0) KSP residual norm 3.936406e-10
  3 (restart 0) KSP residual norm 3.872745e-10
  4 (restart 0) KSP residual norm 3.495766e-10
  5 (restart 0) KSP residual norm 3.157738e-10
  6 (restart 0) KSP residual norm 3.107658e-10
  7 (restart 0) KSP residual norm 2.963969e-10
  8 (restart 0) KSP residual norm 2.850894e-10
  9 (restart 0) KSP residual norm 2.250392e-10
 10 (restart 0) KSP residual norm 1.497079e-10
 11 (restart 0) KSP residual norm 1.313527e-10
 12 (restart 0) KSP residual norm 1.258813e-10
 13 (restart 0) KSP residual norm 1.235737e-10
 14 (restart 0) KSP residual norm 1.126874e-10
 15 (restart 0) KSP residual norm 9.519396e-11
 16 (restart 0) KSP residual norm 8.452861e-11
 17 (restart 0) KSP residual norm 7.935570e-11
 18 (restart 0) KSP residual norm 7.446451e-11
 19 (restart 0) KSP residual norm 7.224992e-11
 20 (restart 0) KSP residual norm 6.488297e-11
 21 (restart 0) KSP residual norm 6.066000e-11
 22 (restart 0) KSP residual norm 5.982430e-11
 23 (restart 0) KSP residual norm 5.600941e-11
 24 (restart 0) KSP residual norm 4.219414e-11
 25 (restart 0) KSP residual norm 2.741432e-11
 26 (restart 0) KSP residual norm 1.472781e-11
 27 (restart 0) KSP residual norm 6.632537e-12
 28 (restart 0) KSP residual norm 2.974866e-12
 29 (restart 0) KSP residual norm 1.219073e-12
 30 (restart 0) KSP residual norm 4.827256e-13
GMRES solver converged in 30 iterations (avg. reduction factor: 7.987e-01)
2 NLEPS (nconv=0, restart=0) residual norm 4.810543e-09
Eigenvalue 0, Quasi-Newton converged in 2 iterations (-2.248e-04+8.921e+00i).
  Residual norms for GMRES solve
  0 (restart 0) KSP residual norm 8.400045e+00
  1 (restart 0) KSP residual norm 6.688968e-01
  2 (restart 0) KSP residual norm 5.188674e-01
  3 (restart 0) KSP residual norm 2.427608e-01
  4 (restart 0) KSP residual norm 2.376518e-01
  5 (restart 0) KSP residual norm 1.805021e-01
  6 (restart 0) KSP residual norm 7.276306e-02
  7 (restart 0) KSP residual norm 6.841836e-02
  8 (restart 0) KSP residual norm 6.163767e-02
  9 (restart 0) KSP residual norm 3.041986e-02
 10 (restart 0) KSP residual norm 1.419314e-02
 11 (restart 0) KSP residual norm 9.071502e-03
 12 (restart 0) KSP residual norm 6.408906e-03
 13 (restart 0) KSP residual norm 5.379261e-03
 14 (restart 0) KSP residual norm 5.176709e-03
 15 (restart 0) KSP residual norm 5.167489e-03
 16 (restart 0) KSP residual norm 5.094697e-03
 17 (restart 0) KSP residual norm 4.950486e-03
 18 (restart 0) KSP residual norm 4.780091e-03
 19 (restart 0) KSP residual norm 4.632335e-03
 20 (restart 0) KSP residual norm 4.540697e-03
 21 (restart 0) KSP residual norm 4.318648e-03
 22 (restart 0) KSP residual norm 3.466720e-03
 23 (restart 0) KSP residual norm 1.673622e-03
 24 (restart 0) KSP residual norm 5.964442e-04
GMRES solver converged in 24 iterations (avg. reduction factor: 6.716e-01)
0 NLEPS (nconv=1, restart=0) residual norm 1.056965e-01
  Residual norms for GMRES solve
  0 (restart 0) KSP residual norm 6.862170e+00
  1 (restart 0) KSP residual norm 1.781646e+00
  2 (restart 0) KSP residual norm 1.608329e+00
  3 (restart 0) KSP residual norm 7.130995e-01
  4 (restart 0) KSP residual norm 4.137517e-01
  5 (restart 0) KSP residual norm 4.125289e-01
  6 (restart 0) KSP residual norm 3.521549e-01
  7 (restart 0) KSP residual norm 2.674126e-01
  8 (restart 0) KSP residual norm 2.122226e-01
  9 (restart 0) KSP residual norm 1.409310e-01
 10 (restart 0) KSP residual norm 1.097629e-01
 11 (restart 0) KSP residual norm 9.734662e-02
 12 (restart 0) KSP residual norm 9.406243e-02
 13 (restart 0) KSP residual norm 9.398941e-02
 14 (restart 0) KSP residual norm 9.344140e-02
 15 (restart 0) KSP residual norm 9.320857e-02
 16 (restart 0) KSP residual norm 8.917621e-02
 17 (restart 0) KSP residual norm 8.315622e-02
 18 (restart 0) KSP residual norm 6.939664e-02
 19 (restart 0) KSP residual norm 6.123217e-02
 20 (restart 0) KSP residual norm 5.609995e-02
 21 (restart 0) KSP residual norm 3.561047e-02
 22 (restart 0) KSP residual norm 1.321152e-02
 23 (restart 0) KSP residual norm 5.578376e-03
 24 (restart 0) KSP residual norm 2.406962e-03
 25 (restart 0) KSP residual norm 1.015548e-03
 26 (restart 0) KSP residual norm 4.514708e-04
GMRES solver converged in 26 iterations (avg. reduction factor: 6.905e-01)
1 NLEPS (nconv=1, restart=0) residual norm 1.592371e-03
  Residual norms for GMRES solve
  0 (restart 0) KSP residual norm 6.204972e-08
  1 (restart 0) KSP residual norm 2.859441e-08
  2 (restart 0) KSP residual norm 2.820985e-08
  3 (restart 0) KSP residual norm 2.249359e-08
  4 (restart 0) KSP residual norm 2.175285e-08
  5 (restart 0) KSP residual norm 1.921329e-08
  6 (restart 0) KSP residual norm 1.542585e-08
  7 (restart 0) KSP residual norm 1.147782e-08
  8 (restart 0) KSP residual norm 7.645469e-09
  9 (restart 0) KSP residual norm 4.448634e-09
 10 (restart 0) KSP residual norm 2.789608e-09
 11 (restart 0) KSP residual norm 2.172636e-09
 12 (restart 0) KSP residual norm 1.842690e-09
 13 (restart 0) KSP residual norm 1.673968e-09
 14 (restart 0) KSP residual norm 1.607556e-09
 15 (restart 0) KSP residual norm 1.604726e-09
 16 (restart 0) KSP residual norm 1.582105e-09
 17 (restart 0) KSP residual norm 1.553560e-09
 18 (restart 0) KSP residual norm 1.494285e-09
 19 (restart 0) KSP residual norm 1.491244e-09
 20 (restart 0) KSP residual norm 1.472167e-09
 21 (restart 0) KSP residual norm 1.466149e-09
 22 (restart 0) KSP residual norm 1.463529e-09
 23 (restart 0) KSP residual norm 1.458796e-09
 24 (restart 0) KSP residual norm 1.327847e-09
 25 (restart 0) KSP residual norm 8.063586e-10
 26 (restart 0) KSP residual norm 3.370609e-10
 27 (restart 0) KSP residual norm 1.444869e-10
 28 (restart 0) KSP residual norm 5.993007e-11
 29 (restart 0) KSP residual norm 2.368353e-11
 30 (restart 0) KSP residual norm 8.884293e-12
 31 (restart 0) KSP residual norm 3.055761e-12
GMRES solver converged in 31 iterations (avg. reduction factor: 7.262e-01)
2 NLEPS (nconv=1, restart=0) residual norm 8.133097e-07
  Residual norms for GMRES solve
  0 (restart 0) KSP residual norm 2.461420e-09
  1 (restart 0) KSP residual norm 4.287103e-10
  2 (restart 0) KSP residual norm 4.222790e-10
  3 (restart 0) KSP residual norm 2.171434e-10
  4 (restart 0) KSP residual norm 1.655357e-10
  5 (restart 0) KSP residual norm 1.609452e-10
  6 (restart 0) KSP residual norm 1.599237e-10
  7 (restart 0) KSP residual norm 1.595484e-10
  8 (restart 0) KSP residual norm 1.578835e-10
  9 (restart 0) KSP residual norm 1.565348e-10
 10 (restart 0) KSP residual norm 1.537715e-10
 11 (restart 0) KSP residual norm 1.537262e-10
 12 (restart 0) KSP residual norm 1.531867e-10
 13 (restart 0) KSP residual norm 1.529153e-10
 14 (restart 0) KSP residual norm 1.526368e-10
 15 (restart 0) KSP residual norm 1.525132e-10
 16 (restart 0) KSP residual norm 1.482637e-10
 17 (restart 0) KSP residual norm 1.478294e-10
 18 (restart 0) KSP residual norm 1.474975e-10
 19 (restart 0) KSP residual norm 1.400171e-10
 20 (restart 0) KSP residual norm 1.198162e-10
 21 (restart 0) KSP residual norm 5.966289e-11
 22 (restart 0) KSP residual norm 2.746216e-11
 23 (restart 0) KSP residual norm 1.085762e-11
 24 (restart 0) KSP residual norm 4.548850e-12
 25 (restart 0) KSP residual norm 1.993844e-12
 26 (restart 0) KSP residual norm 7.904921e-13
GMRES solver converged in 26 iterations (avg. reduction factor: 7.339e-01)
3 NLEPS (nconv=1, restart=0) residual norm 5.326679e-09
Eigenvalue 1, Quasi-Newton converged in 3 iterations (-2.248e-04+8.922e+00i).
  Residual norms for GMRES solve
  0 (restart 0) KSP residual norm 8.283886e+00
  1 (restart 0) KSP residual norm 3.700204e-01
  2 (restart 0) KSP residual norm 3.123715e-01
  3 (restart 0) KSP residual norm 3.110138e-01
  4 (restart 0) KSP residual norm 2.704719e-01
  5 (restart 0) KSP residual norm 2.179661e-01
  6 (restart 0) KSP residual norm 1.165068e-01
  7 (restart 0) KSP residual norm 8.517778e-02
  8 (restart 0) KSP residual norm 5.709529e-02
  9 (restart 0) KSP residual norm 5.253845e-02
 10 (restart 0) KSP residual norm 4.508778e-02
 11 (restart 0) KSP residual norm 4.500705e-02
 12 (restart 0) KSP residual norm 3.918073e-02
 13 (restart 0) KSP residual norm 3.496495e-02
 14 (restart 0) KSP residual norm 3.358657e-02
 15 (restart 0) KSP residual norm 3.275825e-02
 16 (restart 0) KSP residual norm 2.851982e-02
 17 (restart 0) KSP residual norm 1.743449e-02
 18 (restart 0) KSP residual norm 7.178245e-03
 19 (restart 0) KSP residual norm 2.352299e-03
 20 (restart 0) KSP residual norm 8.997304e-04
 21 (restart 0) KSP residual norm 3.412644e-04
GMRES solver converged in 21 iterations (avg. reduction factor: 6.183e-01)
0 NLEPS (nconv=2, restart=0) residual norm 1.102505e-01
  Residual norms for GMRES solve
  0 (restart 0) KSP residual norm 4.671480e+00
  1 (restart 0) KSP residual norm 9.403690e-01
  2 (restart 0) KSP residual norm 1.997063e-01
  3 (restart 0) KSP residual norm 8.573761e-02
  4 (restart 0) KSP residual norm 2.269889e-02
  5 (restart 0) KSP residual norm 2.026079e-02
  6 (restart 0) KSP residual norm 1.876537e-02
  7 (restart 0) KSP residual norm 1.034772e-02
  8 (restart 0) KSP residual norm 8.615720e-03
  9 (restart 0) KSP residual norm 8.135467e-03
 10 (restart 0) KSP residual norm 6.751345e-03
 11 (restart 0) KSP residual norm 5.252335e-03
 12 (restart 0) KSP residual norm 3.946673e-03
 13 (restart 0) KSP residual norm 3.659121e-03
 14 (restart 0) KSP residual norm 3.497747e-03
 15 (restart 0) KSP residual norm 3.475227e-03
 16 (restart 0) KSP residual norm 3.254368e-03
 17 (restart 0) KSP residual norm 3.097132e-03
 18 (restart 0) KSP residual norm 2.830932e-03
 19 (restart 0) KSP residual norm 2.485549e-03
 20 (restart 0) KSP residual norm 1.699022e-03
 21 (restart 0) KSP residual norm 7.682646e-04
 22 (restart 0) KSP residual norm 3.023237e-04
GMRES solver converged in 22 iterations (avg. reduction factor: 6.450e-01)
1 NLEPS (nconv=2, restart=0) residual norm 6.365069e-04
  Residual norms for GMRES solve
  0 (restart 0) KSP residual norm 2.414819e-08
  1 (restart 0) KSP residual norm 1.060387e-08
  2 (restart 0) KSP residual norm 2.606870e-09
  3 (restart 0) KSP residual norm 1.379951e-09
  4 (restart 0) KSP residual norm 7.559427e-10
  5 (restart 0) KSP residual norm 4.200757e-10
  6 (restart 0) KSP residual norm 2.299010e-10
  7 (restart 0) KSP residual norm 1.115831e-10
  8 (restart 0) KSP residual norm 8.668857e-11
  9 (restart 0) KSP residual norm 6.293354e-11
 10 (restart 0) KSP residual norm 5.994221e-11
 11 (restart 0) KSP residual norm 5.939895e-11
 12 (restart 0) KSP residual norm 5.303365e-11
 13 (restart 0) KSP residual norm 5.045320e-11
 14 (restart 0) KSP residual norm 5.030475e-11
 15 (restart 0) KSP residual norm 4.719216e-11
 16 (restart 0) KSP residual norm 4.432188e-11
 17 (restart 0) KSP residual norm 4.401517e-11
 18 (restart 0) KSP residual norm 4.193490e-11
 19 (restart 0) KSP residual norm 3.877920e-11
 20 (restart 0) KSP residual norm 3.804762e-11
 21 (restart 0) KSP residual norm 3.719631e-11
 22 (restart 0) KSP residual norm 3.611891e-11
 23 (restart 0) KSP residual norm 3.438741e-11
 24 (restart 0) KSP residual norm 2.974550e-11
 25 (restart 0) KSP residual norm 1.230798e-11
 26 (restart 0) KSP residual norm 4.488286e-12
 27 (restart 0) KSP residual norm 1.674531e-12
GMRES solver converged in 27 iterations (avg. reduction factor: 7.014e-01)
2 NLEPS (nconv=2, restart=0) residual norm 1.318796e-07
  Residual norms for GMRES solve
  0 (restart 0) KSP residual norm 1.980372e-10
  1 (restart 0) KSP residual norm 1.166611e-10
  2 (restart 0) KSP residual norm 7.287275e-11
  3 (restart 0) KSP residual norm 6.565725e-11
  4 (restart 0) KSP residual norm 5.846500e-11
  5 (restart 0) KSP residual norm 3.954383e-11
  6 (restart 0) KSP residual norm 2.200930e-11
  7 (restart 0) KSP residual norm 1.791248e-11
  8 (restart 0) KSP residual norm 1.713136e-11
  9 (restart 0) KSP residual norm 1.701360e-11
 10 (restart 0) KSP residual norm 1.561926e-11
 11 (restart 0) KSP residual norm 1.265875e-11
 12 (restart 0) KSP residual norm 1.085989e-11
 13 (restart 0) KSP residual norm 1.049554e-11
 14 (restart 0) KSP residual norm 1.043396e-11
 15 (restart 0) KSP residual norm 9.943512e-12
 16 (restart 0) KSP residual norm 8.906007e-12
 17 (restart 0) KSP residual norm 7.584056e-12
 18 (restart 0) KSP residual norm 4.819412e-12
 19 (restart 0) KSP residual norm 2.135423e-12
 20 (restart 0) KSP residual norm 9.007842e-13
GMRES solver converged in 20 iterations (avg. reduction factor: 7.636e-01)
3 NLEPS (nconv=2, restart=0) residual norm 6.041310e-09
Eigenvalue 2, Quasi-Newton converged in 3 iterations (-1.016e-04+8.984e+00i).
  Residual norms for GMRES solve
  0 (restart 0) KSP residual norm 1.367874e+01
  1 (restart 0) KSP residual norm 1.073838e+01
  2 (restart 0) KSP residual norm 3.872878e-01
  3 (restart 0) KSP residual norm 2.020048e-01
  4 (restart 0) KSP residual norm 1.724633e-01
  5 (restart 0) KSP residual norm 1.699500e-01
  6 (restart 0) KSP residual norm 1.684255e-01
  7 (restart 0) KSP residual norm 1.625141e-01
  8 (restart 0) KSP residual norm 1.624414e-01
  9 (restart 0) KSP residual norm 1.620400e-01
 10 (restart 0) KSP residual norm 1.604031e-01
 11 (restart 0) KSP residual norm 1.485172e-01
 12 (restart 0) KSP residual norm 9.740728e-02
 13 (restart 0) KSP residual norm 3.541649e-02
 14 (restart 0) KSP residual norm 1.234321e-02
 15 (restart 0) KSP residual norm 6.336529e-03
 16 (restart 0) KSP residual norm 2.238221e-03
 17 (restart 0) KSP residual norm 1.036845e-03
GMRES solver converged in 17 iterations (avg. reduction factor: 5.723e-01)
0 NLEPS (nconv=3, restart=0) residual norm 1.364297e-01
  Residual norms for GMRES solve
  0 (restart 0) KSP residual norm 1.493878e+00
  1 (restart 0) KSP residual norm 1.060041e+00
  2 (restart 0) KSP residual norm 3.793259e-01
  3 (restart 0) KSP residual norm 1.143884e-01
  4 (restart 0) KSP residual norm 1.648045e-02
  5 (restart 0) KSP residual norm 5.866824e-03
  6 (restart 0) KSP residual norm 4.952259e-03
  7 (restart 0) KSP residual norm 4.604515e-03
  8 (restart 0) KSP residual norm 4.551715e-03
  9 (restart 0) KSP residual norm 4.510008e-03
 10 (restart 0) KSP residual norm 4.499260e-03
 11 (restart 0) KSP residual norm 4.497645e-03
 12 (restart 0) KSP residual norm 4.447775e-03
 13 (restart 0) KSP residual norm 4.434924e-03
 14 (restart 0) KSP residual norm 4.285825e-03
 15 (restart 0) KSP residual norm 3.508450e-03
 16 (restart 0) KSP residual norm 2.165317e-03
 17 (restart 0) KSP residual norm 7.290939e-04
 18 (restart 0) KSP residual norm 3.452674e-04
 19 (restart 0) KSP residual norm 1.363817e-04
GMRES solver converged in 19 iterations (avg. reduction factor: 6.129e-01)
1 NLEPS (nconv=3, restart=0) residual norm 1.275728e-03
  Residual norms for GMRES solve
  0 (restart 0) KSP residual norm 9.426348e-08
  1 (restart 0) KSP residual norm 9.359762e-08
  2 (restart 0) KSP residual norm 2.525719e-08
  3 (restart 0) KSP residual norm 8.845105e-09
  4 (restart 0) KSP residual norm 3.871690e-09
  5 (restart 0) KSP residual norm 2.239243e-09
  6 (restart 0) KSP residual norm 8.407405e-10
  7 (restart 0) KSP residual norm 4.899915e-10
  8 (restart 0) KSP residual norm 4.208188e-10
  9 (restart 0) KSP residual norm 3.653767e-10
 10 (restart 0) KSP residual norm 3.626812e-10
 11 (restart 0) KSP residual norm 3.601109e-10
 12 (restart 0) KSP residual norm 3.600062e-10
 13 (restart 0) KSP residual norm 3.598090e-10
 14 (restart 0) KSP residual norm 3.571789e-10
 15 (restart 0) KSP residual norm 3.562187e-10
 16 (restart 0) KSP residual norm 3.556020e-10
 17 (restart 0) KSP residual norm 3.500072e-10
 18 (restart 0) KSP residual norm 3.467670e-10
 19 (restart 0) KSP residual norm 3.203524e-10
 20 (restart 0) KSP residual norm 2.499922e-10
 21 (restart 0) KSP residual norm 1.442459e-10
 22 (restart 0) KSP residual norm 7.340539e-11
 23 (restart 0) KSP residual norm 2.407600e-11
 24 (restart 0) KSP residual norm 1.005178e-11
 25 (restart 0) KSP residual norm 4.046577e-12
GMRES solver converged in 25 iterations (avg. reduction factor: 6.688e-01)
2 NLEPS (nconv=3, restart=0) residual norm 5.589867e-07
  Residual norms for GMRES solve
  0 (restart 0) KSP residual norm 5.674335e-09
  1 (restart 0) KSP residual norm 2.496578e-09
  2 (restart 0) KSP residual norm 3.578544e-10
  3 (restart 0) KSP residual norm 1.481008e-10
  4 (restart 0) KSP residual norm 8.653174e-11
  5 (restart 0) KSP residual norm 8.520984e-11
  6 (restart 0) KSP residual norm 8.426528e-11
  7 (restart 0) KSP residual norm 8.412504e-11
  8 (restart 0) KSP residual norm 8.351187e-11
  9 (restart 0) KSP residual norm 8.346520e-11
 10 (restart 0) KSP residual norm 8.339140e-11
 11 (restart 0) KSP residual norm 8.336636e-11
 12 (restart 0) KSP residual norm 8.322786e-11
 13 (restart 0) KSP residual norm 8.052848e-11
 14 (restart 0) KSP residual norm 5.956937e-11
 15 (restart 0) KSP residual norm 3.889793e-11
 16 (restart 0) KSP residual norm 1.759310e-11
 17 (restart 0) KSP residual norm 8.827360e-12
 18 (restart 0) KSP residual norm 3.257628e-12
 19 (restart 0) KSP residual norm 1.656198e-12
 20 (restart 0) KSP residual norm 5.755667e-13
GMRES solver converged in 20 iterations (avg. reduction factor: 6.314e-01)
3 NLEPS (nconv=3, restart=0) residual norm 2.775777e-09
Eigenvalue 3, Quasi-Newton converged in 3 iterations (-2.040e-04+9.349e+00i).

Computing solution error estimates and performing postprocessing

     m,        Re{f} (GHz),        Im{f} (GHz),                  Q,      Error (Bkwd.),       Error (Abs.)
     1,      +2.418453e+00,      +6.093251e-05,      +1.984534e+04,      +3.284758e-13,      +4.810543e-09
     2,      +2.418509e+00,      +6.093684e-05,      +1.984439e+04,      +3.636947e-13,      +5.326325e-09
     3,      +2.435493e+00,      +2.754142e-05,      +4.421509e+04,      +4.124851e-13,      +6.040978e-09
     4,      +2.534500e+00,      +5.529111e-05,      +2.291959e+04,      +1.895020e-13,      +2.775633e-09

Completed 0 iterations of adaptive mesh refinement (AMR):
 Indicator norm = 2.967e-02, global unknowns = 333388
 Max. iterations = 0, tol. = 1.000e-02

Estimated peak per-rank memory usage is: Min. 213.3M, Max. 239.1M, Avg. 221.9M, Total 6.9G
Estimated peak per-node memory usage is: Min. 6.9G, Max. 6.9G, Avg. 6.9G, Total 6.9G

Elapsed Time Report (s)           Min.        Max.        Avg.
==============================================================
Initialization                   0.143       0.366       0.359
  Mesh Preprocessing             0.275       0.498       0.282
Operator Construction            0.890       0.903       0.894
Linear Solve                     6.941       7.055       7.020
  Setup                          3.220       3.220       3.220
  Preconditioner                78.406      78.576      78.478
  Coarse Solve                   7.296       7.407       7.322
Eigenvalue Solve                 1.178       1.200       1.194
Div.-Free Projection             3.392       3.400       3.399
Estimation                       0.026       0.029       0.028
  Construction                   0.258       0.258       0.258
  Solve                          1.194       1.198       1.197
Postprocessing                   0.471       0.475       0.472
Disk IO                          0.548       0.548       0.548
--------------------------------------------------------------
Total                          105.819     105.841     105.833

Peak Memory                   Per-Node       Total   Total HWM
==============================================================
Initialization                   59.1M       59.1M       59.1M
  Mesh Preprocessing            114.6M      114.6M      173.6M
Operator Construction             1.2G        1.2G        1.4G
Linear Solve                      1.0M        1.0M        1.4G
  Setup                         611.6M      611.6M        2.0G
  Preconditioner                 16.5M       16.5M        2.0G
  Coarse Solve                    2.5G        2.5G        4.5G
Eigenvalue Solve                182.6M      182.6M        4.7G
Div.-Free Projection            290.0M      290.0M        5.0G
Estimation                      171.2M      171.2M        5.1G
  Construction                  268.0M      268.0M        5.4G
  Solve                         178.5M      178.5M        5.6G
Postprocessing                  468.6M      468.6M        6.0G
Disk IO                          55.4M       55.4M        6.1G
--------------------------------------------------------------
Total                             6.5G        6.5G        6.5G

