>> /opt/amip/envs/emsim/bin/mpirun -n 32 /opt/amip/palace/bin/palace-x86_64.bin h4_field_outer_qtz.json

_____________     _______
_____   __   \____ __   /____ ____________
____   /_/  /  __ ` /  /  __ ` /  ___/  _ \
___   _____/  /_/  /  /  /_/  /  /__/  ___/
  /__/     \___,__/__/\___,__/\_____\_____/

Git changeset ID: v0.17.0-293-g3c83b9db0
Running with 32 MPI processes, 1 OpenMP thread
Device configuration: omp,cpu
Memory configuration: host-std
libCEED backend: /cpu/self/xsmm/blocked

Added 9338 boundary elements for material interfaces to the mesh

Characteristic length and time scales:
 Lc = 1.760e-01 m, tc = 5.871e-01 ns
Finished partitioning mesh into 32 subdomains

Mesh curvature order: 2
Mesh bounding box:
 (Xmin, Ymin, Zmin) = (-8.800e-02, -8.800e-02, -5.771e-02) m
 (Xmax, Ymax, Zmax) = (+8.800e-02, +8.800e-02, +5.771e-02) m

Parallel Mesh Stats:

                minimum     average     maximum       total
 vertices           156         244         336        7829
 edges             1375        1670        1937       53440
 faces             2611        2825        3004       90400
 elements          1360        1399        1441       44788
 neighbors            6          11          25

            minimum     maximum
 h       0.00599519     0.20595
 kappa      1.04998     18.0272

Estimated current per-rank memory usage is: Min. 32.6M, Max. 66.7M, Avg. 34.0M, Total 1.1G
Estimated current per-node memory usage is: Min. 1.1G, Max. 1.1G, Avg. 1.1G, Total 1.1G

Configuring Robin finite conductivity BC at attributes:
 90: σ = 3.500e+07 S/m, n = (-0.1,+0.0,-1.0)

Assembling system matrices, number of global unknowns:
 H1 (p = 2): 61269, ND (p = 2): 287680, RT (p = 2): 405564
 Operator assembly level: Partial
 Mesh geometries:
  Tetrahedron: P = 20, Q = 14 (quadrature order = 4)

Configuring SLEPc eigenvalue solver:
 Scaling γ = 2.825e+01, δ = 3.703e-06
 Configuring divergence-free projection
 Using random starting vector
 Shift-and-invert σ = 2.400e+00 GHz (8.853e+00)

Assembling multigrid hierarchy:
 Level 0 (p = 1): 53440 unknowns
 Level 1 (p = 2): 287680 unknowns
 Level 0 (auxiliary) (p = 1): 7829 unknowns
 Level 1 (auxiliary) (p = 2): 61269 unknowns

#PETSc Option Table entries:
-eps_monitor # (source: code)
#End of PETSc Option Table entries

  Residual norms for GMRES solve
  0 (restart 0) KSP residual norm 1.041801e+00
  1 (restart 0) KSP residual norm 9.730225e-01
  2 (restart 0) KSP residual norm 7.029327e-01
  3 (restart 0) KSP residual norm 9.772238e-02
  4 (restart 0) KSP residual norm 4.190906e-02
  5 (restart 0) KSP residual norm 9.972208e-03
  6 (restart 0) KSP residual norm 1.805294e-03
  7 (restart 0) KSP residual norm 4.291209e-04
  8 (restart 0) KSP residual norm 1.080502e-04
  9 (restart 0) KSP residual norm 2.659617e-05
 10 (restart 0) KSP residual norm 7.263089e-06
 11 (restart 0) KSP residual norm 1.858016e-06
 12 (restart 0) KSP residual norm 4.704626e-07
 13 (restart 0) KSP residual norm 1.324758e-07
 14 (restart 0) KSP residual norm 3.857520e-08
 15 (restart 0) KSP residual norm 1.114385e-08
 16 (restart 0) KSP residual norm 3.142337e-09
GMRES solver converged in 16 iterations (avg. reduction factor: 2.934e-01)
  Residual norms for GMRES solve
  0 (restart 0) KSP residual norm 5.657786e+01
  1 (restart 0) KSP residual norm 3.959668e+01
  2 (restart 0) KSP residual norm 2.052080e+00
  3 (restart 0) KSP residual norm 6.758542e-01
  4 (restart 0) KSP residual norm 9.231487e-02
  5 (restart 0) KSP residual norm 2.774642e-02
  6 (restart 0) KSP residual norm 5.999316e-03
  7 (restart 0) KSP residual norm 1.779061e-03
  8 (restart 0) KSP residual norm 4.454252e-04
  9 (restart 0) KSP residual norm 1.122804e-04
 10 (restart 0) KSP residual norm 2.828036e-05
 11 (restart 0) KSP residual norm 7.506517e-06
 12 (restart 0) KSP residual norm 1.700586e-06
 13 (restart 0) KSP residual norm 4.794995e-07
GMRES solver converged in 13 iterations (avg. reduction factor: 2.394e-01)
  Residual norms for GMRES solve
  0 (restart 0) KSP residual norm 2.047732e+02
  1 (restart 0) KSP residual norm 1.567547e+02
  2 (restart 0) KSP residual norm 6.733573e+00
  3 (restart 0) KSP residual norm 1.619549e+00
  4 (restart 0) KSP residual norm 2.419890e-01
  5 (restart 0) KSP residual norm 5.977725e-02
  6 (restart 0) KSP residual norm 1.433817e-02
  7 (restart 0) KSP residual norm 3.891231e-03
  8 (restart 0) KSP residual norm 1.019842e-03
  9 (restart 0) KSP residual norm 2.970984e-04
 10 (restart 0) KSP residual norm 7.296884e-05
 11 (restart 0) KSP residual norm 2.009948e-05
 12 (restart 0) KSP residual norm 4.683686e-06
 13 (restart 0) KSP residual norm 1.210097e-06
GMRES solver converged in 13 iterations (avg. reduction factor: 2.328e-01)
  Residual norms for GMRES solve
  0 (restart 0) KSP residual norm 1.000564e+02
  1 (restart 0) KSP residual norm 9.710673e+01
  2 (restart 0) KSP residual norm 6.620014e+00
  3 (restart 0) KSP residual norm 2.297988e+00
  4 (restart 0) KSP residual norm 2.614369e-01
  5 (restart 0) KSP residual norm 8.295486e-02
  6 (restart 0) KSP residual norm 1.872322e-02
  7 (restart 0) KSP residual norm 4.337984e-03
  8 (restart 0) KSP residual norm 1.143959e-03
  9 (restart 0) KSP residual norm 2.611931e-04
 10 (restart 0) KSP residual norm 7.572335e-05
 11 (restart 0) KSP residual norm 1.787550e-05
 12 (restart 0) KSP residual norm 4.355529e-06
 13 (restart 0) KSP residual norm 1.144108e-06
 14 (restart 0) KSP residual norm 2.668330e-07
GMRES solver converged in 14 iterations (avg. reduction factor: 2.441e-01)
  Residual norms for GMRES solve
  0 (restart 0) KSP residual norm 1.794366e+02
  1 (restart 0) KSP residual norm 1.395444e+02
  2 (restart 0) KSP residual norm 7.700614e+00
  3 (restart 0) KSP residual norm 1.715076e+00
  4 (restart 0) KSP residual norm 2.487072e-01
  5 (restart 0) KSP residual norm 7.228542e-02
  6 (restart 0) KSP residual norm 1.751686e-02
  7 (restart 0) KSP residual norm 4.712887e-03
  8 (restart 0) KSP residual norm 1.118531e-03
  9 (restart 0) KSP residual norm 3.189837e-04
 10 (restart 0) KSP residual norm 7.907900e-05
 11 (restart 0) KSP residual norm 2.161000e-05
 12 (restart 0) KSP residual norm 4.880705e-06
 13 (restart 0) KSP residual norm 1.270313e-06
GMRES solver converged in 13 iterations (avg. reduction factor: 2.361e-01)
  Residual norms for GMRES solve
  0 (restart 0) KSP residual norm 3.979877e+01
  1 (restart 0) KSP residual norm 2.642870e+01
  2 (restart 0) KSP residual norm 6.878893e+00
  3 (restart 0) KSP residual norm 1.673234e+00
  4 (restart 0) KSP residual norm 3.313842e-01
  5 (restart 0) KSP residual norm 9.968306e-02
  6 (restart 0) KSP residual norm 1.795344e-02
  7 (restart 0) KSP residual norm 4.039654e-03
  8 (restart 0) KSP residual norm 1.036492e-03
  9 (restart 0) KSP residual norm 2.216510e-04
 10 (restart 0) KSP residual norm 7.002893e-05
 11 (restart 0) KSP residual norm 1.671836e-05
 12 (restart 0) KSP residual norm 4.104493e-06
 13 (restart 0) KSP residual norm 1.049043e-06
 14 (restart 0) KSP residual norm 2.434234e-07
GMRES solver converged in 14 iterations (avg. reduction factor: 2.590e-01)
  Residual norms for GMRES solve
  0 (restart 0) KSP residual norm 1.060442e+01
  1 (restart 0) KSP residual norm 9.406396e+00
  2 (restart 0) KSP residual norm 5.088332e+00
  3 (restart 0) KSP residual norm 1.103833e+00
  4 (restart 0) KSP residual norm 2.545386e-01
  5 (restart 0) KSP residual norm 1.045246e-01
  6 (restart 0) KSP residual norm 1.270728e-02
  7 (restart 0) KSP residual norm 3.055575e-03
  8 (restart 0) KSP residual norm 9.122888e-04
  9 (restart 0) KSP residual norm 2.092501e-04
 10 (restart 0) KSP residual norm 6.703137e-05
 11 (restart 0) KSP residual norm 1.496708e-05
 12 (restart 0) KSP residual norm 3.904103e-06
 13 (restart 0) KSP residual norm 9.606637e-07
 14 (restart 0) KSP residual norm 2.150042e-07
 15 (restart 0) KSP residual norm 5.642146e-08
GMRES solver converged in 15 iterations (avg. reduction factor: 2.808e-01)
  Residual norms for GMRES solve
  0 (restart 0) KSP residual norm 1.488953e+01
  1 (restart 0) KSP residual norm 8.702113e+00
  2 (restart 0) KSP residual norm 5.926420e+00
  3 (restart 0) KSP residual norm 2.573904e+00
  4 (restart 0) KSP residual norm 2.643921e-01
  5 (restart 0) KSP residual norm 7.783487e-02
  6 (restart 0) KSP residual norm 1.501995e-02
  7 (restart 0) KSP residual norm 3.093755e-03
  8 (restart 0) KSP residual norm 7.848795e-04
  9 (restart 0) KSP residual norm 2.072232e-04
 10 (restart 0) KSP residual norm 5.535328e-05
 11 (restart 0) KSP residual norm 1.390393e-05
 12 (restart 0) KSP residual norm 3.459678e-06
 13 (restart 0) KSP residual norm 8.438431e-07
 14 (restart 0) KSP residual norm 2.116830e-07
 15 (restart 0) KSP residual norm 5.058909e-08
GMRES solver converged in 15 iterations (avg. reduction factor: 2.725e-01)
  Residual norms for GMRES solve
  0 (restart 0) KSP residual norm 1.110344e+02
  1 (restart 0) KSP residual norm 4.902870e+01
  2 (restart 0) KSP residual norm 1.789177e+01
  3 (restart 0) KSP residual norm 2.133373e+00
  4 (restart 0) KSP residual norm 2.880366e-01
  5 (restart 0) KSP residual norm 6.300748e-02
  6 (restart 0) KSP residual norm 1.486792e-02
  7 (restart 0) KSP residual norm 3.616999e-03
  8 (restart 0) KSP residual norm 9.735230e-04
  9 (restart 0) KSP residual norm 2.267931e-04
 10 (restart 0) KSP residual norm 6.022825e-05
 11 (restart 0) KSP residual norm 1.616963e-05
 12 (restart 0) KSP residual norm 3.825916e-06
 13 (restart 0) KSP residual norm 9.331283e-07
GMRES solver converged in 13 iterations (avg. reduction factor: 2.392e-01)
  Residual norms for GMRES solve
  0 (restart 0) KSP residual norm 4.571617e+01
  1 (restart 0) KSP residual norm 1.743251e+01
  2 (restart 0) KSP residual norm 1.066496e+01
  3 (restart 0) KSP residual norm 2.285945e+00
  4 (restart 0) KSP residual norm 2.574883e-01
  5 (restart 0) KSP residual norm 6.575737e-02
  6 (restart 0) KSP residual norm 1.572402e-02
  7 (restart 0) KSP residual norm 3.374923e-03
  8 (restart 0) KSP residual norm 8.003321e-04
  9 (restart 0) KSP residual norm 1.766362e-04
 10 (restart 0) KSP residual norm 4.670537e-05
 11 (restart 0) KSP residual norm 1.144696e-05
 12 (restart 0) KSP residual norm 3.052362e-06
 13 (restart 0) KSP residual norm 7.517238e-07
 14 (restart 0) KSP residual norm 1.763288e-07
GMRES solver converged in 14 iterations (avg. reduction factor: 2.506e-01)
  Residual norms for GMRES solve
  0 (restart 0) KSP residual norm 9.319382e+00
  1 (restart 0) KSP residual norm 8.206673e+00
  2 (restart 0) KSP residual norm 4.869663e+00
  3 (restart 0) KSP residual norm 1.758717e+00
  4 (restart 0) KSP residual norm 2.308122e-01
  5 (restart 0) KSP residual norm 5.216748e-02
  6 (restart 0) KSP residual norm 1.010173e-02
  7 (restart 0) KSP residual norm 2.006762e-03
  8 (restart 0) KSP residual norm 5.272892e-04
  9 (restart 0) KSP residual norm 1.192207e-04
 10 (restart 0) KSP residual norm 3.252436e-05
 11 (restart 0) KSP residual norm 8.255162e-06
 12 (restart 0) KSP residual norm 1.881194e-06
 13 (restart 0) KSP residual norm 4.811681e-07
 14 (restart 0) KSP residual norm 1.262228e-07
 15 (restart 0) KSP residual norm 2.994499e-08
GMRES solver converged in 15 iterations (avg. reduction factor: 2.715e-01)
  Residual norms for GMRES solve
  0 (restart 0) KSP residual norm 1.067326e+01
  1 (restart 0) KSP residual norm 9.429338e+00
  2 (restart 0) KSP residual norm 3.550993e+00
  3 (restart 0) KSP residual norm 1.630515e+00
  4 (restart 0) KSP residual norm 1.574814e-01
  5 (restart 0) KSP residual norm 3.441712e-02
  6 (restart 0) KSP residual norm 6.083159e-03
  7 (restart 0) KSP residual norm 1.407589e-03
  8 (restart 0) KSP residual norm 3.970282e-04
  9 (restart 0) KSP residual norm 9.051149e-05
 10 (restart 0) KSP residual norm 2.463501e-05
 11 (restart 0) KSP residual norm 5.937087e-06
 12 (restart 0) KSP residual norm 1.590879e-06
 13 (restart 0) KSP residual norm 4.534078e-07
 14 (restart 0) KSP residual norm 1.147018e-07
 15 (restart 0) KSP residual norm 2.957715e-08
GMRES solver converged in 15 iterations (avg. reduction factor: 2.689e-01)
  Residual norms for GMRES solve
  0 (restart 0) KSP residual norm 1.162799e+01
  1 (restart 0) KSP residual norm 5.977296e+00
  2 (restart 0) KSP residual norm 4.230842e+00
  3 (restart 0) KSP residual norm 1.869887e+00
  4 (restart 0) KSP residual norm 1.371268e-01
  5 (restart 0) KSP residual norm 2.703342e-02
  6 (restart 0) KSP residual norm 7.429779e-03
  7 (restart 0) KSP residual norm 1.794863e-03
  8 (restart 0) KSP residual norm 4.134076e-04
  9 (restart 0) KSP residual norm 1.152828e-04
 10 (restart 0) KSP residual norm 2.957793e-05
 11 (restart 0) KSP residual norm 7.522181e-06
 12 (restart 0) KSP residual norm 2.088507e-06
 13 (restart 0) KSP residual norm 4.506574e-07
 14 (restart 0) KSP residual norm 1.138109e-07
GMRES solver converged in 14 iterations (avg. reduction factor: 2.679e-01)
  Residual norms for GMRES solve
  0 (restart 0) KSP residual norm 1.297384e+01
  1 (restart 0) KSP residual norm 1.160831e+01
  2 (restart 0) KSP residual norm 4.771008e+00
  3 (restart 0) KSP residual norm 1.841916e+00
  4 (restart 0) KSP residual norm 2.111056e-01
  5 (restart 0) KSP residual norm 3.840348e-02
  6 (restart 0) KSP residual norm 9.456165e-03
  7 (restart 0) KSP residual norm 2.339702e-03
  8 (restart 0) KSP residual norm 5.481840e-04
  9 (restart 0) KSP residual norm 1.266246e-04
 10 (restart 0) KSP residual norm 3.205033e-05
 11 (restart 0) KSP residual norm 7.337819e-06
 12 (restart 0) KSP residual norm 1.911202e-06
 13 (restart 0) KSP residual norm 4.160543e-07
 14 (restart 0) KSP residual norm 9.943481e-08
GMRES solver converged in 14 iterations (avg. reduction factor: 2.632e-01)
  Residual norms for GMRES solve
  0 (restart 0) KSP residual norm 1.855634e+01
  1 (restart 0) KSP residual norm 6.700110e+00
  2 (restart 0) KSP residual norm 4.978552e+00
  3 (restart 0) KSP residual norm 2.268496e+00
  4 (restart 0) KSP residual norm 2.366462e-01
  5 (restart 0) KSP residual norm 4.234526e-02
  6 (restart 0) KSP residual norm 1.057142e-02
  7 (restart 0) KSP residual norm 2.118643e-03
  8 (restart 0) KSP residual norm 5.251422e-04
  9 (restart 0) KSP residual norm 1.265373e-04
 10 (restart 0) KSP residual norm 3.394033e-05
 11 (restart 0) KSP residual norm 8.278873e-06
 12 (restart 0) KSP residual norm 2.133933e-06
 13 (restart 0) KSP residual norm 5.296120e-07
 14 (restart 0) KSP residual norm 1.175771e-07
GMRES solver converged in 14 iterations (avg. reduction factor: 2.597e-01)
  Residual norms for GMRES solve
  0 (restart 0) KSP residual norm 1.729793e+01
  1 (restart 0) KSP residual norm 1.716071e+01
  2 (restart 0) KSP residual norm 5.675464e+00
  3 (restart 0) KSP residual norm 2.788096e+00
  4 (restart 0) KSP residual norm 2.487241e-01
  5 (restart 0) KSP residual norm 5.013066e-02
  6 (restart 0) KSP residual norm 1.186111e-02
  7 (restart 0) KSP residual norm 2.733751e-03
  8 (restart 0) KSP residual norm 7.326357e-04
  9 (restart 0) KSP residual norm 1.910914e-04
 10 (restart 0) KSP residual norm 4.765942e-05
 11 (restart 0) KSP residual norm 1.135273e-05
 12 (restart 0) KSP residual norm 3.293541e-06
 13 (restart 0) KSP residual norm 7.854597e-07
 14 (restart 0) KSP residual norm 1.730226e-07
 15 (restart 0) KSP residual norm 4.953033e-08
GMRES solver converged in 15 iterations (avg. reduction factor: 2.694e-01)
  Residual norms for GMRES solve
  0 (restart 0) KSP residual norm 1.561982e+01
  1 (restart 0) KSP residual norm 9.597992e+00
  2 (restart 0) KSP residual norm 6.269336e+00
  3 (restart 0) KSP residual norm 3.078358e+00
  4 (restart 0) KSP residual norm 3.315070e-01
  5 (restart 0) KSP residual norm 5.901069e-02
  6 (restart 0) KSP residual norm 1.547029e-02
  7 (restart 0) KSP residual norm 3.265376e-03
  8 (restart 0) KSP residual norm 7.403557e-04
  9 (restart 0) KSP residual norm 2.057320e-04
 10 (restart 0) KSP residual norm 5.771137e-05
 11 (restart 0) KSP residual norm 1.347331e-05
 12 (restart 0) KSP residual norm 3.219843e-06
 13 (restart 0) KSP residual norm 9.082910e-07
 14 (restart 0) KSP residual norm 1.926228e-07
 15 (restart 0) KSP residual norm 5.882934e-08
GMRES solver converged in 15 iterations (avg. reduction factor: 2.744e-01)
  Residual norms for GMRES solve
  0 (restart 0) KSP residual norm 1.669185e+01
  1 (restart 0) KSP residual norm 1.660047e+01
  2 (restart 0) KSP residual norm 4.347308e+00
  3 (restart 0) KSP residual norm 2.016029e+00
  4 (restart 0) KSP residual norm 1.863800e-01
  5 (restart 0) KSP residual norm 5.504438e-02
  6 (restart 0) KSP residual norm 1.150889e-02
  7 (restart 0) KSP residual norm 1.995713e-03
  8 (restart 0) KSP residual norm 5.500008e-04
  9 (restart 0) KSP residual norm 1.164841e-04
 10 (restart 0) KSP residual norm 2.914728e-05
 11 (restart 0) KSP residual norm 7.125723e-06
 12 (restart 0) KSP residual norm 1.906083e-06
 13 (restart 0) KSP residual norm 5.160952e-07
 14 (restart 0) KSP residual norm 1.253342e-07
GMRES solver converged in 14 iterations (avg. reduction factor: 2.628e-01)
  Residual norms for GMRES solve
  0 (restart 0) KSP residual norm 1.190420e+01
  1 (restart 0) KSP residual norm 1.188710e+01
  2 (restart 0) KSP residual norm 4.507538e+00
  3 (restart 0) KSP residual norm 1.733503e+00
  4 (restart 0) KSP residual norm 2.156225e-01
  5 (restart 0) KSP residual norm 4.476796e-02
  6 (restart 0) KSP residual norm 8.518722e-03
  7 (restart 0) KSP residual norm 1.882378e-03
  8 (restart 0) KSP residual norm 4.850164e-04
  9 (restart 0) KSP residual norm 1.064379e-04
 10 (restart 0) KSP residual norm 2.990405e-05
 11 (restart 0) KSP residual norm 7.921040e-06
 12 (restart 0) KSP residual norm 1.948465e-06
 13 (restart 0) KSP residual norm 4.444091e-07
 14 (restart 0) KSP residual norm 1.161225e-07
GMRES solver converged in 14 iterations (avg. reduction factor: 2.678e-01)
  1 EPS nconv=3 first unconverged value (error) 3.2693e-06+0.342555i (1.69391746e-02)
  Residual norms for GMRES solve
  0 (restart 0) KSP residual norm 1.423670e+01
  1 (restart 0) KSP residual norm 9.652916e+00
  2 (restart 0) KSP residual norm 4.311499e+00
  3 (restart 0) KSP residual norm 2.086612e+00
  4 (restart 0) KSP residual norm 1.926777e-01
  5 (restart 0) KSP residual norm 4.271843e-02
  6 (restart 0) KSP residual norm 1.014792e-02
  7 (restart 0) KSP residual norm 1.966180e-03
  8 (restart 0) KSP residual norm 5.035001e-04
  9 (restart 0) KSP residual norm 1.066658e-04
 10 (restart 0) KSP residual norm 2.852934e-05
 11 (restart 0) KSP residual norm 7.024702e-06
 12 (restart 0) KSP residual norm 1.799536e-06
 13 (restart 0) KSP residual norm 4.631326e-07
 14 (restart 0) KSP residual norm 1.072127e-07
GMRES solver converged in 14 iterations (avg. reduction factor: 2.629e-01)
  Residual norms for GMRES solve
  0 (restart 0) KSP residual norm 1.218378e+01
  1 (restart 0) KSP residual norm 8.954528e+00
  2 (restart 0) KSP residual norm 3.837913e+00
  3 (restart 0) KSP residual norm 1.531414e+00
  4 (restart 0) KSP residual norm 2.056694e-01
  5 (restart 0) KSP residual norm 4.315161e-02
  6 (restart 0) KSP residual norm 7.858031e-03
  7 (restart 0) KSP residual norm 1.599811e-03
  8 (restart 0) KSP residual norm 4.350079e-04
  9 (restart 0) KSP residual norm 8.828686e-05
 10 (restart 0) KSP residual norm 2.397618e-05
 11 (restart 0) KSP residual norm 6.046995e-06
 12 (restart 0) KSP residual norm 1.471113e-06
 13 (restart 0) KSP residual norm 3.471974e-07
 14 (restart 0) KSP residual norm 9.133513e-08
GMRES solver converged in 14 iterations (avg. reduction factor: 2.628e-01)
  Residual norms for GMRES solve
  0 (restart 0) KSP residual norm 1.356089e+01
  1 (restart 0) KSP residual norm 7.210609e+00
  2 (restart 0) KSP residual norm 3.784107e+00
  3 (restart 0) KSP residual norm 1.735259e+00
  4 (restart 0) KSP residual norm 1.534715e-01
  5 (restart 0) KSP residual norm 4.513470e-02
  6 (restart 0) KSP residual norm 7.194134e-03
  7 (restart 0) KSP residual norm 1.798005e-03
  8 (restart 0) KSP residual norm 4.257428e-04
  9 (restart 0) KSP residual norm 1.121622e-04
 10 (restart 0) KSP residual norm 2.673558e-05
 11 (restart 0) KSP residual norm 6.480368e-06
 12 (restart 0) KSP residual norm 1.626906e-06
 13 (restart 0) KSP residual norm 4.080708e-07
 14 (restart 0) KSP residual norm 9.632815e-08
GMRES solver converged in 14 iterations (avg. reduction factor: 2.618e-01)
  Residual norms for GMRES solve
  0 (restart 0) KSP residual norm 1.374973e+01
  1 (restart 0) KSP residual norm 6.857295e+00
  2 (restart 0) KSP residual norm 4.864220e+00
  3 (restart 0) KSP residual norm 2.097577e+00
  4 (restart 0) KSP residual norm 1.571340e-01
  5 (restart 0) KSP residual norm 4.262510e-02
  6 (restart 0) KSP residual norm 8.472286e-03
  7 (restart 0) KSP residual norm 1.804340e-03
  8 (restart 0) KSP residual norm 5.036775e-04
  9 (restart 0) KSP residual norm 1.140230e-04
 10 (restart 0) KSP residual norm 3.199196e-05
 11 (restart 0) KSP residual norm 7.865813e-06
 12 (restart 0) KSP residual norm 2.228847e-06
 13 (restart 0) KSP residual norm 5.780050e-07
 14 (restart 0) KSP residual norm 1.464166e-07
 15 (restart 0) KSP residual norm 3.675095e-08
GMRES solver converged in 15 iterations (avg. reduction factor: 2.682e-01)
  Residual norms for GMRES solve
  0 (restart 0) KSP residual norm 1.039767e+01
  1 (restart 0) KSP residual norm 8.225368e+00
  2 (restart 0) KSP residual norm 4.641095e+00
  3 (restart 0) KSP residual norm 3.663699e-01
  4 (restart 0) KSP residual norm 1.106185e-01
  5 (restart 0) KSP residual norm 4.105878e-02
  6 (restart 0) KSP residual norm 7.471888e-03
  7 (restart 0) KSP residual norm 1.570587e-03
  8 (restart 0) KSP residual norm 4.524518e-04
  9 (restart 0) KSP residual norm 1.173373e-04
 10 (restart 0) KSP residual norm 3.377897e-05
 11 (restart 0) KSP residual norm 9.218954e-06
 12 (restart 0) KSP residual norm 2.301212e-06
 13 (restart 0) KSP residual norm 5.611093e-07
 14 (restart 0) KSP residual norm 1.406353e-07
 15 (restart 0) KSP residual norm 3.388359e-08
GMRES solver converged in 15 iterations (avg. reduction factor: 2.718e-01)
  Residual norms for GMRES solve
  0 (restart 0) KSP residual norm 1.364837e+01
  1 (restart 0) KSP residual norm 9.845551e+00
  2 (restart 0) KSP residual norm 3.676292e+00
  3 (restart 0) KSP residual norm 1.829575e+00
  4 (restart 0) KSP residual norm 1.631932e-01
  5 (restart 0) KSP residual norm 3.663073e-02
  6 (restart 0) KSP residual norm 8.941207e-03
  7 (restart 0) KSP residual norm 1.674767e-03
  8 (restart 0) KSP residual norm 4.955441e-04
  9 (restart 0) KSP residual norm 1.129705e-04
 10 (restart 0) KSP residual norm 3.199141e-05
 11 (restart 0) KSP residual norm 8.845060e-06
 12 (restart 0) KSP residual norm 2.152199e-06
 13 (restart 0) KSP residual norm 5.640442e-07
 14 (restart 0) KSP residual norm 1.326509e-07
GMRES solver converged in 14 iterations (avg. reduction factor: 2.677e-01)
  Residual norms for GMRES solve
  0 (restart 0) KSP residual norm 1.552518e+01
  1 (restart 0) KSP residual norm 7.484237e+00
  2 (restart 0) KSP residual norm 2.634200e+00
  3 (restart 0) KSP residual norm 1.341782e+00
  4 (restart 0) KSP residual norm 1.542280e-01
  5 (restart 0) KSP residual norm 2.821816e-02
  6 (restart 0) KSP residual norm 8.757354e-03
  7 (restart 0) KSP residual norm 1.653998e-03
  8 (restart 0) KSP residual norm 4.662496e-04
  9 (restart 0) KSP residual norm 1.007494e-04
 10 (restart 0) KSP residual norm 2.548257e-05
 11 (restart 0) KSP residual norm 6.264160e-06
 12 (restart 0) KSP residual norm 1.744359e-06
 13 (restart 0) KSP residual norm 4.694404e-07
 14 (restart 0) KSP residual norm 1.041357e-07
GMRES solver converged in 14 iterations (avg. reduction factor: 2.607e-01)
  Residual norms for GMRES solve
  0 (restart 0) KSP residual norm 9.600217e+00
  1 (restart 0) KSP residual norm 7.420386e+00
  2 (restart 0) KSP residual norm 4.085920e+00
  3 (restart 0) KSP residual norm 8.322330e-01
  4 (restart 0) KSP residual norm 1.613559e-01
  5 (restart 0) KSP residual norm 2.948972e-02
  6 (restart 0) KSP residual norm 7.707793e-03
  7 (restart 0) KSP residual norm 1.608478e-03
  8 (restart 0) KSP residual norm 4.139836e-04
  9 (restart 0) KSP residual norm 9.847510e-05
 10 (restart 0) KSP residual norm 2.681891e-05
 11 (restart 0) KSP residual norm 6.880250e-06
 12 (restart 0) KSP residual norm 1.789978e-06
 13 (restart 0) KSP residual norm 3.928928e-07
 14 (restart 0) KSP residual norm 1.054551e-07
 15 (restart 0) KSP residual norm 2.326380e-08
GMRES solver converged in 15 iterations (avg. reduction factor: 2.665e-01)
  2 EPS nconv=7 first unconverged value (error) 1.62e-05+0.376361i (1.05338580e-01)

 Linear eigensolve converged (7 eigenpairs) due to CONVERGED_TOL; iterations 2
 Total number of linear systems solved: 27
 Total number of linear solver iterations: 385
 Found 7 converged eigenvalues (first = -2.264e-04+9.008e+00i)

 Refining eigenvalues with Quasi-Newton solver
  Residual norms for GMRES solve
  0 (restart 0) KSP residual norm 9.319708e+00
  1 (restart 0) KSP residual norm 6.440106e-01
  2 (restart 0) KSP residual norm 6.379411e-01
  3 (restart 0) KSP residual norm 4.060143e-01
  4 (restart 0) KSP residual norm 3.974633e-01
  5 (restart 0) KSP residual norm 2.030218e-01
  6 (restart 0) KSP residual norm 1.033347e-01
  7 (restart 0) KSP residual norm 1.032632e-01
  8 (restart 0) KSP residual norm 1.001899e-01
  9 (restart 0) KSP residual norm 9.611976e-02
 10 (restart 0) KSP residual norm 6.621343e-02
 11 (restart 0) KSP residual norm 5.712024e-02
 12 (restart 0) KSP residual norm 5.288609e-02
 13 (restart 0) KSP residual norm 5.287278e-02
 14 (restart 0) KSP residual norm 4.776686e-02
 15 (restart 0) KSP residual norm 4.234686e-02
 16 (restart 0) KSP residual norm 3.281544e-02
 17 (restart 0) KSP residual norm 2.811623e-02
 18 (restart 0) KSP residual norm 1.979150e-02
 19 (restart 0) KSP residual norm 9.276992e-03
 20 (restart 0) KSP residual norm 2.831290e-03
 21 (restart 0) KSP residual norm 8.553868e-04
GMRES solver converged in 21 iterations (avg. reduction factor: 6.423e-01)
0 NLEPS (nconv=0, restart=0) residual norm 6.445357e-04
  Residual norms for GMRES solve
  0 (restart 0) KSP residual norm 5.670454e-06
  1 (restart 0) KSP residual norm 2.763625e-06
  2 (restart 0) KSP residual norm 1.748826e-06
  3 (restart 0) KSP residual norm 9.898999e-07
  4 (restart 0) KSP residual norm 6.893748e-07
  5 (restart 0) KSP residual norm 3.860909e-07
  6 (restart 0) KSP residual norm 3.712494e-07
  7 (restart 0) KSP residual norm 3.421058e-07
  8 (restart 0) KSP residual norm 2.986281e-07
  9 (restart 0) KSP residual norm 2.735838e-07
 10 (restart 0) KSP residual norm 2.714032e-07
 11 (restart 0) KSP residual norm 2.704820e-07
 12 (restart 0) KSP residual norm 2.696317e-07
 13 (restart 0) KSP residual norm 2.688892e-07
 14 (restart 0) KSP residual norm 2.687630e-07
 15 (restart 0) KSP residual norm 2.677897e-07
 16 (restart 0) KSP residual norm 2.655383e-07
 17 (restart 0) KSP residual norm 2.420212e-07
 18 (restart 0) KSP residual norm 1.297185e-07
 19 (restart 0) KSP residual norm 3.929067e-08
 20 (restart 0) KSP residual norm 1.222901e-08
 21 (restart 0) KSP residual norm 3.552422e-09
 22 (restart 0) KSP residual norm 9.932498e-10
 23 (restart 0) KSP residual norm 2.593646e-10
GMRES solver converged in 23 iterations (avg. reduction factor: 6.476e-01)
1 NLEPS (nconv=0, restart=0) residual norm 1.283141e-06
  Residual norms for GMRES solve
  0 (restart 0) KSP residual norm 2.873127e-10
  1 (restart 0) KSP residual norm 2.363973e-10
  2 (restart 0) KSP residual norm 2.172118e-10
  3 (restart 0) KSP residual norm 1.617072e-10
  4 (restart 0) KSP residual norm 1.393284e-10
  5 (restart 0) KSP residual norm 1.390362e-10
  6 (restart 0) KSP residual norm 1.382792e-10
  7 (restart 0) KSP residual norm 1.368487e-10
  8 (restart 0) KSP residual norm 1.342358e-10
  9 (restart 0) KSP residual norm 1.027890e-10
 10 (restart 0) KSP residual norm 4.588828e-11
 11 (restart 0) KSP residual norm 2.983751e-11
 12 (restart 0) KSP residual norm 2.933840e-11
 13 (restart 0) KSP residual norm 2.858719e-11
 14 (restart 0) KSP residual norm 2.600120e-11
 15 (restart 0) KSP residual norm 2.325682e-11
 16 (restart 0) KSP residual norm 2.062715e-11
 17 (restart 0) KSP residual norm 2.032053e-11
 18 (restart 0) KSP residual norm 1.979509e-11
 19 (restart 0) KSP residual norm 1.687866e-11
 20 (restart 0) KSP residual norm 1.352747e-11
 21 (restart 0) KSP residual norm 1.343704e-11
 22 (restart 0) KSP residual norm 4.384214e-12
 23 (restart 0) KSP residual norm 8.386784e-13
GMRES solver converged in 23 iterations (avg. reduction factor: 7.759e-01)
2 NLEPS (nconv=0, restart=0) residual norm 7.446802e-09
Eigenvalue 0, Quasi-Newton converged in 2 iterations (-2.263e-04+9.008e+00i).
  Residual norms for GMRES solve
  0 (restart 0) KSP residual norm 9.319263e+00
  1 (restart 0) KSP residual norm 6.416606e-01
  2 (restart 0) KSP residual norm 6.347853e-01
  3 (restart 0) KSP residual norm 4.198757e-01
  4 (restart 0) KSP residual norm 4.088275e-01
  5 (restart 0) KSP residual norm 2.093779e-01
  6 (restart 0) KSP residual norm 1.085524e-01
  7 (restart 0) KSP residual norm 1.077722e-01
  8 (restart 0) KSP residual norm 9.065507e-02
  9 (restart 0) KSP residual norm 5.704338e-02
 10 (restart 0) KSP residual norm 4.699376e-02
 11 (restart 0) KSP residual norm 4.652992e-02
 12 (restart 0) KSP residual norm 4.647587e-02
 13 (restart 0) KSP residual norm 4.642490e-02
 14 (restart 0) KSP residual norm 4.634782e-02
 15 (restart 0) KSP residual norm 4.632430e-02
 16 (restart 0) KSP residual norm 4.607436e-02
 17 (restart 0) KSP residual norm 4.376342e-02
 18 (restart 0) KSP residual norm 3.107988e-02
 19 (restart 0) KSP residual norm 1.092571e-02
 20 (restart 0) KSP residual norm 2.819061e-03
 21 (restart 0) KSP residual norm 8.592104e-04
GMRES solver converged in 21 iterations (avg. reduction factor: 6.425e-01)
0 NLEPS (nconv=1, restart=0) residual norm 1.062375e-01
  Residual norms for GMRES solve
  0 (restart 0) KSP residual norm 5.711875e+00
  1 (restart 0) KSP residual norm 1.733673e+00
  2 (restart 0) KSP residual norm 1.370066e+00
  3 (restart 0) KSP residual norm 1.008783e+00
  4 (restart 0) KSP residual norm 5.830572e-01
  5 (restart 0) KSP residual norm 5.766866e-01
  6 (restart 0) KSP residual norm 4.534776e-01
  7 (restart 0) KSP residual norm 3.618420e-01
  8 (restart 0) KSP residual norm 1.405531e-01
  9 (restart 0) KSP residual norm 6.137473e-02
 10 (restart 0) KSP residual norm 6.006571e-02
 11 (restart 0) KSP residual norm 5.848350e-02
 12 (restart 0) KSP residual norm 5.848245e-02
 13 (restart 0) KSP residual norm 5.844014e-02
 14 (restart 0) KSP residual norm 5.539392e-02
 15 (restart 0) KSP residual norm 5.146283e-02
 16 (restart 0) KSP residual norm 4.744431e-02
 17 (restart 0) KSP residual norm 4.246159e-02
 18 (restart 0) KSP residual norm 4.052773e-02
 19 (restart 0) KSP residual norm 2.644042e-02
 20 (restart 0) KSP residual norm 7.860009e-03
 21 (restart 0) KSP residual norm 2.104102e-03
 22 (restart 0) KSP residual norm 5.355595e-04
GMRES solver converged in 22 iterations (avg. reduction factor: 6.560e-01)
1 NLEPS (nconv=1, restart=0) residual norm 2.100428e-03
  Residual norms for GMRES solve
  0 (restart 0) KSP residual norm 7.276608e-08
  1 (restart 0) KSP residual norm 6.230409e-08
  2 (restart 0) KSP residual norm 6.215905e-08
  3 (restart 0) KSP residual norm 4.674351e-08
  4 (restart 0) KSP residual norm 3.867033e-08
  5 (restart 0) KSP residual norm 3.515502e-08
  6 (restart 0) KSP residual norm 3.114917e-08
  7 (restart 0) KSP residual norm 2.428511e-08
  8 (restart 0) KSP residual norm 1.199596e-08
  9 (restart 0) KSP residual norm 4.957895e-09
 10 (restart 0) KSP residual norm 3.892313e-09
 11 (restart 0) KSP residual norm 3.778368e-09
 12 (restart 0) KSP residual norm 3.247029e-09
 13 (restart 0) KSP residual norm 2.704715e-09
 14 (restart 0) KSP residual norm 2.332929e-09
 15 (restart 0) KSP residual norm 2.198544e-09
 16 (restart 0) KSP residual norm 2.165520e-09
 17 (restart 0) KSP residual norm 1.956630e-09
 18 (restart 0) KSP residual norm 1.528532e-09
 19 (restart 0) KSP residual norm 1.248138e-09
 20 (restart 0) KSP residual norm 8.380648e-10
 21 (restart 0) KSP residual norm 3.332253e-10
 22 (restart 0) KSP residual norm 7.124210e-11
 23 (restart 0) KSP residual norm 1.946111e-11
 24 (restart 0) KSP residual norm 4.751434e-12
GMRES solver converged in 24 iterations (avg. reduction factor: 6.693e-01)
2 NLEPS (nconv=1, restart=0) residual norm 1.364757e-06
  Residual norms for GMRES solve
  0 (restart 0) KSP residual norm 3.400828e-09
  1 (restart 0) KSP residual norm 7.825267e-10
  2 (restart 0) KSP residual norm 5.056984e-10
  3 (restart 0) KSP residual norm 4.363910e-10
  4 (restart 0) KSP residual norm 3.231669e-10
  5 (restart 0) KSP residual norm 3.206199e-10
  6 (restart 0) KSP residual norm 3.130027e-10
  7 (restart 0) KSP residual norm 3.089211e-10
  8 (restart 0) KSP residual norm 3.008316e-10
  9 (restart 0) KSP residual norm 2.912039e-10
 10 (restart 0) KSP residual norm 2.909033e-10
 11 (restart 0) KSP residual norm 2.908811e-10
 12 (restart 0) KSP residual norm 2.905170e-10
 13 (restart 0) KSP residual norm 2.870426e-10
 14 (restart 0) KSP residual norm 2.818907e-10
 15 (restart 0) KSP residual norm 2.815612e-10
 16 (restart 0) KSP residual norm 2.693574e-10
 17 (restart 0) KSP residual norm 2.096499e-10
 18 (restart 0) KSP residual norm 8.297952e-11
 19 (restart 0) KSP residual norm 2.253948e-11
 20 (restart 0) KSP residual norm 5.699142e-12
 21 (restart 0) KSP residual norm 1.540930e-12
 22 (restart 0) KSP residual norm 4.121658e-13
GMRES solver converged in 22 iterations (avg. reduction factor: 6.637e-01)
3 NLEPS (nconv=1, restart=0) residual norm 2.654676e-09
Eigenvalue 1, Quasi-Newton converged in 3 iterations (-2.263e-04+9.008e+00i).
  Residual norms for GMRES solve
  0 (restart 0) KSP residual norm 9.272452e+00
  1 (restart 0) KSP residual norm 4.529909e-01
  2 (restart 0) KSP residual norm 3.166362e-01
  3 (restart 0) KSP residual norm 1.107569e-01
  4 (restart 0) KSP residual norm 1.013147e-01
  5 (restart 0) KSP residual norm 9.788816e-02
  6 (restart 0) KSP residual norm 8.860768e-02
  7 (restart 0) KSP residual norm 8.340224e-02
  8 (restart 0) KSP residual norm 8.136892e-02
  9 (restart 0) KSP residual norm 8.123413e-02
 10 (restart 0) KSP residual norm 7.031635e-02
 11 (restart 0) KSP residual norm 5.386129e-02
 12 (restart 0) KSP residual norm 4.133732e-02
 13 (restart 0) KSP residual norm 3.617391e-02
 14 (restart 0) KSP residual norm 3.508601e-02
 15 (restart 0) KSP residual norm 2.625674e-02
 16 (restart 0) KSP residual norm 8.020516e-03
 17 (restart 0) KSP residual norm 2.343438e-03
 18 (restart 0) KSP residual norm 5.605925e-04
GMRES solver converged in 18 iterations (avg. reduction factor: 5.830e-01)
0 NLEPS (nconv=2, restart=0) residual norm 1.130476e-01
  Residual norms for GMRES solve
  0 (restart 0) KSP residual norm 5.849584e+00
  1 (restart 0) KSP residual norm 5.715375e+00
  2 (restart 0) KSP residual norm 4.797455e-01
  3 (restart 0) KSP residual norm 3.470590e-01
  4 (restart 0) KSP residual norm 1.506329e-01
  5 (restart 0) KSP residual norm 3.786917e-02
  6 (restart 0) KSP residual norm 2.140222e-02
  7 (restart 0) KSP residual norm 1.946094e-02
  8 (restart 0) KSP residual norm 1.863620e-02
  9 (restart 0) KSP residual norm 1.839340e-02
 10 (restart 0) KSP residual norm 1.703559e-02
 11 (restart 0) KSP residual norm 1.339639e-02
 12 (restart 0) KSP residual norm 1.025899e-02
 13 (restart 0) KSP residual norm 9.476086e-03
 14 (restart 0) KSP residual norm 8.914422e-03
 15 (restart 0) KSP residual norm 8.815428e-03
 16 (restart 0) KSP residual norm 8.809040e-03
 17 (restart 0) KSP residual norm 7.558756e-03
 18 (restart 0) KSP residual norm 2.669254e-03
 19 (restart 0) KSP residual norm 6.802261e-04
 20 (restart 0) KSP residual norm 1.707647e-04
GMRES solver converged in 20 iterations (avg. reduction factor: 5.933e-01)
1 NLEPS (nconv=2, restart=0) residual norm 8.222638e-04
  Residual norms for GMRES solve
  0 (restart 0) KSP residual norm 4.847224e-08
  1 (restart 0) KSP residual norm 3.445092e-08
  2 (restart 0) KSP residual norm 9.705057e-09
  3 (restart 0) KSP residual norm 2.594800e-09
  4 (restart 0) KSP residual norm 1.274069e-09
  5 (restart 0) KSP residual norm 5.317288e-10
  6 (restart 0) KSP residual norm 1.782576e-10
  7 (restart 0) KSP residual norm 1.125079e-10
  8 (restart 0) KSP residual norm 1.089848e-10
  9 (restart 0) KSP residual norm 1.045125e-10
 10 (restart 0) KSP residual norm 1.034836e-10
 11 (restart 0) KSP residual norm 9.852784e-11
 12 (restart 0) KSP residual norm 8.349203e-11
 13 (restart 0) KSP residual norm 6.762216e-11
 14 (restart 0) KSP residual norm 5.504805e-11
 15 (restart 0) KSP residual norm 4.793198e-11
 16 (restart 0) KSP residual norm 4.101450e-11
 17 (restart 0) KSP residual norm 3.834316e-11
 18 (restart 0) KSP residual norm 3.602018e-11
 19 (restart 0) KSP residual norm 1.992223e-11
 20 (restart 0) KSP residual norm 7.289641e-12
 21 (restart 0) KSP residual norm 1.536572e-12
GMRES solver converged in 21 iterations (avg. reduction factor: 6.106e-01)
2 NLEPS (nconv=2, restart=0) residual norm 2.117511e-07
  Residual norms for GMRES solve
  0 (restart 0) KSP residual norm 1.823632e-10
  1 (restart 0) KSP residual norm 1.647763e-10
  2 (restart 0) KSP residual norm 7.694289e-11
  3 (restart 0) KSP residual norm 3.958712e-11
  4 (restart 0) KSP residual norm 3.131106e-11
  5 (restart 0) KSP residual norm 2.778330e-11
  6 (restart 0) KSP residual norm 2.687762e-11
  7 (restart 0) KSP residual norm 2.619705e-11
  8 (restart 0) KSP residual norm 2.437031e-11
  9 (restart 0) KSP residual norm 2.293855e-11
 10 (restart 0) KSP residual norm 2.195602e-11
 11 (restart 0) KSP residual norm 2.155445e-11
 12 (restart 0) KSP residual norm 2.138792e-11
 13 (restart 0) KSP residual norm 2.097696e-11
 14 (restart 0) KSP residual norm 1.733049e-11
 15 (restart 0) KSP residual norm 7.586352e-12
 16 (restart 0) KSP residual norm 2.337583e-12
 17 (restart 0) KSP residual norm 6.563358e-13
GMRES solver converged in 17 iterations (avg. reduction factor: 7.182e-01)
3 NLEPS (nconv=2, restart=0) residual norm 3.084004e-09
Eigenvalue 2, Quasi-Newton converged in 3 iterations (-1.027e-04+9.028e+00i).
  Residual norms for GMRES solve
  0 (restart 0) KSP residual norm 1.118133e+01
  1 (restart 0) KSP residual norm 8.552640e+00
  2 (restart 0) KSP residual norm 2.420838e+00
  3 (restart 0) KSP residual norm 1.584924e-01
  4 (restart 0) KSP residual norm 4.549204e-02
  5 (restart 0) KSP residual norm 4.548259e-02
  6 (restart 0) KSP residual norm 4.209638e-02
  7 (restart 0) KSP residual norm 4.185889e-02
  8 (restart 0) KSP residual norm 3.977866e-02
  9 (restart 0) KSP residual norm 3.336738e-02
 10 (restart 0) KSP residual norm 3.228773e-02
 11 (restart 0) KSP residual norm 2.987953e-02
 12 (restart 0) KSP residual norm 2.984818e-02
 13 (restart 0) KSP residual norm 2.919471e-02
 14 (restart 0) KSP residual norm 2.875997e-02
 15 (restart 0) KSP residual norm 2.874873e-02
 16 (restart 0) KSP residual norm 2.869524e-02
 17 (restart 0) KSP residual norm 2.860409e-02
 18 (restart 0) KSP residual norm 2.653186e-02
 19 (restart 0) KSP residual norm 1.839962e-02
 20 (restart 0) KSP residual norm 6.533313e-03
 21 (restart 0) KSP residual norm 1.994108e-03
 22 (restart 0) KSP residual norm 6.347372e-04
GMRES solver converged in 22 iterations (avg. reduction factor: 6.412e-01)
0 NLEPS (nconv=3, restart=0) residual norm 1.415251e-01
  Residual norms for GMRES solve
  0 (restart 0) KSP residual norm 5.995141e+00
  1 (restart 0) KSP residual norm 1.379322e+00
  2 (restart 0) KSP residual norm 7.039235e-01
  3 (restart 0) KSP residual norm 1.020290e-01
  4 (restart 0) KSP residual norm 2.956631e-02
  5 (restart 0) KSP residual norm 1.448013e-02
  6 (restart 0) KSP residual norm 1.251409e-02
  7 (restart 0) KSP residual norm 1.247895e-02
  8 (restart 0) KSP residual norm 1.218109e-02
  9 (restart 0) KSP residual norm 1.213953e-02
 10 (restart 0) KSP residual norm 1.201040e-02
 11 (restart 0) KSP residual norm 1.199708e-02
 12 (restart 0) KSP residual norm 1.194898e-02
 13 (restart 0) KSP residual norm 1.188874e-02
 14 (restart 0) KSP residual norm 1.185706e-02
 15 (restart 0) KSP residual norm 1.175146e-02
 16 (restart 0) KSP residual norm 1.174864e-02
 17 (restart 0) KSP residual norm 1.174849e-02
 18 (restart 0) KSP residual norm 1.169621e-02
 19 (restart 0) KSP residual norm 1.167195e-02
 20 (restart 0) KSP residual norm 9.807428e-03
 21 (restart 0) KSP residual norm 4.596004e-03
 22 (restart 0) KSP residual norm 1.343256e-03
 23 (restart 0) KSP residual norm 3.946913e-04
GMRES solver converged in 23 iterations (avg. reduction factor: 6.580e-01)
1 NLEPS (nconv=3, restart=0) residual norm 3.317081e-03
  Residual norms for GMRES solve
  0 (restart 0) KSP residual norm 2.807476e-07
  1 (restart 0) KSP residual norm 1.128841e-07
  2 (restart 0) KSP residual norm 5.030066e-08
  3 (restart 0) KSP residual norm 1.620918e-08
  4 (restart 0) KSP residual norm 7.753819e-09
  5 (restart 0) KSP residual norm 5.086143e-09
  6 (restart 0) KSP residual norm 4.797115e-09
  7 (restart 0) KSP residual norm 4.343767e-09
  8 (restart 0) KSP residual norm 4.270055e-09
  9 (restart 0) KSP residual norm 3.955134e-09
 10 (restart 0) KSP residual norm 3.584852e-09
 11 (restart 0) KSP residual norm 2.138812e-09
 12 (restart 0) KSP residual norm 6.985829e-10
 13 (restart 0) KSP residual norm 4.906792e-10
 14 (restart 0) KSP residual norm 4.263390e-10
 15 (restart 0) KSP residual norm 4.260229e-10
 16 (restart 0) KSP residual norm 4.223767e-10
 17 (restart 0) KSP residual norm 4.220912e-10
 18 (restart 0) KSP residual norm 4.194782e-10
 19 (restart 0) KSP residual norm 4.193821e-10
 20 (restart 0) KSP residual norm 4.191083e-10
 21 (restart 0) KSP residual norm 4.152784e-10
 22 (restart 0) KSP residual norm 3.920431e-10
 23 (restart 0) KSP residual norm 2.864736e-10
 24 (restart 0) KSP residual norm 9.530572e-11
 25 (restart 0) KSP residual norm 2.374775e-11
GMRES solver converged in 25 iterations (avg. reduction factor: 6.872e-01)
2 NLEPS (nconv=3, restart=0) residual norm 2.398753e-06
  Residual norms for GMRES solve
  0 (restart 0) KSP residual norm 8.219739e-08
  1 (restart 0) KSP residual norm 2.678752e-08
  2 (restart 0) KSP residual norm 8.216268e-09
  3 (restart 0) KSP residual norm 1.216445e-09
  4 (restart 0) KSP residual norm 5.880713e-10
  5 (restart 0) KSP residual norm 5.272289e-10
  6 (restart 0) KSP residual norm 5.006808e-10
  7 (restart 0) KSP residual norm 4.991692e-10
  8 (restart 0) KSP residual norm 4.927748e-10
  9 (restart 0) KSP residual norm 4.881227e-10
 10 (restart 0) KSP residual norm 4.846144e-10
 11 (restart 0) KSP residual norm 4.834984e-10
 12 (restart 0) KSP residual norm 4.801564e-10
 13 (restart 0) KSP residual norm 4.787454e-10
 14 (restart 0) KSP residual norm 4.781789e-10
 15 (restart 0) KSP residual norm 4.767842e-10
 16 (restart 0) KSP residual norm 4.765227e-10
 17 (restart 0) KSP residual norm 4.757669e-10
 18 (restart 0) KSP residual norm 4.722387e-10
 19 (restart 0) KSP residual norm 4.193733e-10
 20 (restart 0) KSP residual norm 2.241953e-10
 21 (restart 0) KSP residual norm 8.248350e-11
 22 (restart 0) KSP residual norm 2.749929e-11
 23 (restart 0) KSP residual norm 6.537076e-12
 24 (restart 0) KSP residual norm 2.299491e-12
 25 (restart 0) KSP residual norm 5.123230e-13
GMRES solver converged in 25 iterations (avg. reduction factor: 6.191e-01)
3 NLEPS (nconv=3, restart=0) residual norm 1.205082e-10
Eigenvalue 3, Quasi-Newton converged in 3 iterations (-1.987e-04+9.676e+00i).

Computing solution error estimates and performing postprocessing

     m,        Re{f} (GHz),        Im{f} (GHz),                  Q,      Error (Bkwd.),       Error (Abs.)
     1,      +2.441820e+00,      +6.134616e-05,      +1.990198e+04,      +9.821687e-13,      +7.446802e-09
     2,      +2.441869e+00,      +6.134934e-05,      +1.990134e+04,      +3.500879e-13,      +2.654367e-09
     3,      +2.447392e+00,      +2.785128e-05,      +4.393680e+04,      +4.067112e-13,      +3.083713e-09
     4,      +2.622999e+00,      +5.385560e-05,      +2.435214e+04,      +1.588634e-14,      +1.204880e-10

Completed 0 iterations of adaptive mesh refinement (AMR):
 Indicator norm = 3.073e-02, global unknowns = 287680
 Max. iterations = 0, tol. = 1.000e-02

Estimated peak per-rank memory usage is: Min. 190.5M, Max. 214.0M, Avg. 198.9M, Total 6.2G
Estimated peak per-node memory usage is: Min. 6.2G, Max. 6.2G, Avg. 6.2G, Total 6.2G

Elapsed Time Report (s)           Min.        Max.        Avg.
==============================================================
Initialization                   0.132       0.326       0.320
  Mesh Preprocessing             0.244       0.439       0.251
Operator Construction            0.784       0.790       0.786
Linear Solve                     6.249       6.310       6.269
  Setup                          3.591       3.592       3.592
  Preconditioner                74.656      74.793      74.745
  Coarse Solve                   7.437       7.516       7.467
Eigenvalue Solve                 1.142       1.152       1.150
Div.-Free Projection             3.833       3.839       3.838
Estimation                       0.021       0.032       0.024
  Construction                   0.235       0.235       0.235
  Solve                          0.918       0.922       0.921
Postprocessing                   0.439       0.450       0.448
Disk IO                          0.477       0.478       0.478
--------------------------------------------------------------
Total                          101.663     101.685     101.673

Peak Memory                   Per-Node       Total   Total HWM
==============================================================
Initialization                   67.6M       67.6M       67.6M
  Mesh Preprocessing            105.1M      105.1M      172.7M
Operator Construction             1.1G        1.1G        1.2G
Linear Solve                      1.3M        1.3M        1.2G
  Setup                         532.9M      532.9M        1.8G
  Preconditioner                 14.1M       14.1M        1.8G
  Coarse Solve                    2.2G        2.2G        4.0G
Eigenvalue Solve                155.2M      155.2M        4.2G
Div.-Free Projection            260.1M      260.1M        4.4G
Estimation                      147.8M      147.8M        4.6G
  Construction                  228.1M      228.1M        4.8G
  Solve                         148.8M      148.8M        4.9G
Postprocessing                  390.5M      390.5M        5.3G
Disk IO                          50.8M       50.8M        5.4G
--------------------------------------------------------------
Total                             5.8G        5.8G        5.8G

