>> /opt/amip/envs/emsim/bin/mpirun -n 32 /opt/amip/palace/bin/palace-x86_64.bin h4_field_full_quartz.json

_____________     _______
_____   __   \____ __   /____ ____________
____   /_/  /  __ ` /  /  __ ` /  ___/  _ \
___   _____/  /_/  /  /  /_/  /  /__/  ___/
  /__/     \___,__/__/\___,__/\_____\_____/


[38;2;255;255;000m--> Warning![0m
Output folder is not empty; program will overwrite content! (postpro/h4_field_full_quartz)
Git changeset ID: v0.17.0-293-g3c83b9db0
Running with 32 MPI processes, 1 OpenMP thread
Device configuration: omp,cpu
Memory configuration: host-std
libCEED backend: /cpu/self/xsmm/blocked

Added 11795 boundary elements for material interfaces to the mesh

Characteristic length and time scales:
 Lc = 1.760e-01 m, tc = 5.871e-01 ns
Finished partitioning mesh into 32 subdomains

Mesh curvature order: 2
Mesh bounding box:
 (Xmin, Ymin, Zmin) = (-8.800e-02, -8.800e-02, -5.771e-02) m
 (Xmax, Ymax, Zmax) = (+8.800e-02, +8.800e-02, +5.771e-02) m

Parallel Mesh Stats:

                minimum     average     maximum       total
 vertices           177         282         396        9035
 edges             1609        1933        2266       61884
 faces             3059        3275        3534      104810
 elements          1582        1623        1667       51960
 neighbors            6          11          21

            minimum     maximum
 h       0.00383786    0.206037
 kappa      1.02188     14.2676

Estimated current per-rank memory usage is: Min. 32.7M, Max. 71.6M, Avg. 34.3M, Total 1.1G
Estimated current per-node memory usage is: Min. 1.1G, Max. 1.1G, Avg. 1.1G, Total 1.1G

Configuring Robin finite conductivity BC at attributes:
 90: σ = 3.500e+07 S/m, n = (-0.0,-0.0,-1.0)

Assembling system matrices, number of global unknowns:
 H1 (p = 2): 70919, ND (p = 2): 333388, RT (p = 2): 470310
 Operator assembly level: Partial
 Mesh geometries:
  Tetrahedron: P = 20, Q = 14 (quadrature order = 4)

Configuring SLEPc eigenvalue solver:
 Scaling γ = 2.828e+01, δ = 1.736e-06
 Configuring divergence-free projection
 Using random starting vector
 Shift-and-invert σ = 2.400e+00 GHz (8.853e+00)

Assembling multigrid hierarchy:
 Level 0 (p = 1): 61884 unknowns
 Level 1 (p = 2): 333388 unknowns
 Level 0 (auxiliary) (p = 1): 9035 unknowns
 Level 1 (auxiliary) (p = 2): 70919 unknowns

#PETSc Option Table entries:
-eps_monitor # (source: code)
#End of PETSc Option Table entries

  Residual norms for GMRES solve
  0 (restart 0) KSP residual norm 1.316351e+00
  1 (restart 0) KSP residual norm 1.151637e+00
  2 (restart 0) KSP residual norm 6.500803e-01
  3 (restart 0) KSP residual norm 1.030706e-01
  4 (restart 0) KSP residual norm 5.381447e-02
  5 (restart 0) KSP residual norm 1.345602e-02
  6 (restart 0) KSP residual norm 3.571372e-03
  7 (restart 0) KSP residual norm 1.240512e-03
  8 (restart 0) KSP residual norm 4.737115e-04
  9 (restart 0) KSP residual norm 1.698335e-04
 10 (restart 0) KSP residual norm 6.410998e-05
 11 (restart 0) KSP residual norm 2.581239e-05
 12 (restart 0) KSP residual norm 1.016265e-05
 13 (restart 0) KSP residual norm 3.869477e-06
 14 (restart 0) KSP residual norm 1.556074e-06
 15 (restart 0) KSP residual norm 6.485750e-07
 16 (restart 0) KSP residual norm 2.725637e-07
 17 (restart 0) KSP residual norm 1.100783e-07
 18 (restart 0) KSP residual norm 4.416059e-08
 19 (restart 0) KSP residual norm 1.769194e-08
 20 (restart 0) KSP residual norm 7.106499e-09
GMRES solver converged in 20 iterations (avg. reduction factor: 3.860e-01)
  Residual norms for GMRES solve
  0 (restart 0) KSP residual norm 1.317928e+02
  1 (restart 0) KSP residual norm 6.367713e+01
  2 (restart 0) KSP residual norm 6.233272e+00
  3 (restart 0) KSP residual norm 8.631135e-01
  4 (restart 0) KSP residual norm 1.307371e-01
  5 (restart 0) KSP residual norm 3.190986e-02
  6 (restart 0) KSP residual norm 8.433896e-03
  7 (restart 0) KSP residual norm 2.051623e-03
  8 (restart 0) KSP residual norm 6.108634e-04
  9 (restart 0) KSP residual norm 1.711825e-04
 10 (restart 0) KSP residual norm 4.845948e-05
 11 (restart 0) KSP residual norm 1.639232e-05
 12 (restart 0) KSP residual norm 6.622340e-06
 13 (restart 0) KSP residual norm 2.965466e-06
 14 (restart 0) KSP residual norm 1.203707e-06
GMRES solver converged in 14 iterations (avg. reduction factor: 2.665e-01)
  Residual norms for GMRES solve
  0 (restart 0) KSP residual norm 2.401182e+02
  1 (restart 0) KSP residual norm 1.348088e+02
  2 (restart 0) KSP residual norm 1.283319e+01
  3 (restart 0) KSP residual norm 1.409105e+00
  4 (restart 0) KSP residual norm 1.936173e-01
  5 (restart 0) KSP residual norm 5.225565e-02
  6 (restart 0) KSP residual norm 1.274899e-02
  7 (restart 0) KSP residual norm 3.139449e-03
  8 (restart 0) KSP residual norm 9.131467e-04
  9 (restart 0) KSP residual norm 2.493970e-04
 10 (restart 0) KSP residual norm 6.637695e-05
 11 (restart 0) KSP residual norm 2.109957e-05
 12 (restart 0) KSP residual norm 6.693572e-06
 13 (restart 0) KSP residual norm 2.871388e-06
 14 (restart 0) KSP residual norm 1.177841e-06
GMRES solver converged in 14 iterations (avg. reduction factor: 2.550e-01)
  Residual norms for GMRES solve
  0 (restart 0) KSP residual norm 2.386551e+02
  1 (restart 0) KSP residual norm 1.026638e+02
  2 (restart 0) KSP residual norm 7.372063e+00
  3 (restart 0) KSP residual norm 1.794366e+00
  4 (restart 0) KSP residual norm 2.590557e-01
  5 (restart 0) KSP residual norm 9.638670e-02
  6 (restart 0) KSP residual norm 1.975614e-02
  7 (restart 0) KSP residual norm 5.710961e-03
  8 (restart 0) KSP residual norm 1.356165e-03
  9 (restart 0) KSP residual norm 3.692073e-04
 10 (restart 0) KSP residual norm 1.056413e-04
 11 (restart 0) KSP residual norm 2.819007e-05
 12 (restart 0) KSP residual norm 7.507606e-06
 13 (restart 0) KSP residual norm 2.413476e-06
 14 (restart 0) KSP residual norm 9.295407e-07
GMRES solver converged in 14 iterations (avg. reduction factor: 2.508e-01)
  Residual norms for GMRES solve
  0 (restart 0) KSP residual norm 2.051292e+02
  1 (restart 0) KSP residual norm 7.619999e+01
  2 (restart 0) KSP residual norm 5.993161e+00
  3 (restart 0) KSP residual norm 1.843606e+00
  4 (restart 0) KSP residual norm 2.209830e-01
  5 (restart 0) KSP residual norm 9.728569e-02
  6 (restart 0) KSP residual norm 1.654279e-02
  7 (restart 0) KSP residual norm 4.862896e-03
  8 (restart 0) KSP residual norm 1.208699e-03
  9 (restart 0) KSP residual norm 3.160693e-04
 10 (restart 0) KSP residual norm 8.901030e-05
 11 (restart 0) KSP residual norm 2.361460e-05
 12 (restart 0) KSP residual norm 6.657699e-06
 13 (restart 0) KSP residual norm 1.933436e-06
GMRES solver converged in 13 iterations (avg. reduction factor: 2.413e-01)
  Residual norms for GMRES solve
  0 (restart 0) KSP residual norm 3.076145e+01
  1 (restart 0) KSP residual norm 1.461884e+01
  2 (restart 0) KSP residual norm 6.496629e+00
  3 (restart 0) KSP residual norm 1.015138e+00
  4 (restart 0) KSP residual norm 3.041162e-01
  5 (restart 0) KSP residual norm 1.093934e-01
  6 (restart 0) KSP residual norm 1.380590e-02
  7 (restart 0) KSP residual norm 4.385963e-03
  8 (restart 0) KSP residual norm 1.130511e-03
  9 (restart 0) KSP residual norm 3.106860e-04
 10 (restart 0) KSP residual norm 8.148226e-05
 11 (restart 0) KSP residual norm 1.884116e-05
 12 (restart 0) KSP residual norm 5.184699e-06
 13 (restart 0) KSP residual norm 2.028381e-06
 14 (restart 0) KSP residual norm 8.436183e-07
 15 (restart 0) KSP residual norm 3.597199e-07
 16 (restart 0) KSP residual norm 1.317725e-07
GMRES solver converged in 16 iterations (avg. reduction factor: 2.999e-01)
  Residual norms for GMRES solve
  0 (restart 0) KSP residual norm 1.892324e+01
  1 (restart 0) KSP residual norm 1.889965e+01
  2 (restart 0) KSP residual norm 5.548962e+00
  3 (restart 0) KSP residual norm 2.436464e+00
  4 (restart 0) KSP residual norm 2.038970e-01
  5 (restart 0) KSP residual norm 1.157965e-01
  6 (restart 0) KSP residual norm 1.273075e-02
  7 (restart 0) KSP residual norm 3.251801e-03
  8 (restart 0) KSP residual norm 8.516396e-04
  9 (restart 0) KSP residual norm 2.201949e-04
 10 (restart 0) KSP residual norm 6.384167e-05
 11 (restart 0) KSP residual norm 1.599273e-05
 12 (restart 0) KSP residual norm 5.077109e-06
 13 (restart 0) KSP residual norm 2.068677e-06
 14 (restart 0) KSP residual norm 8.491979e-07
 15 (restart 0) KSP residual norm 3.397899e-07
 16 (restart 0) KSP residual norm 1.262062e-07
GMRES solver converged in 16 iterations (avg. reduction factor: 3.083e-01)
  Residual norms for GMRES solve
  0 (restart 0) KSP residual norm 1.196878e+02
  1 (restart 0) KSP residual norm 1.193018e+02
  2 (restart 0) KSP residual norm 2.232125e+01
  3 (restart 0) KSP residual norm 2.124989e+00
  4 (restart 0) KSP residual norm 3.009754e-01
  5 (restart 0) KSP residual norm 7.381759e-02
  6 (restart 0) KSP residual norm 1.620692e-02
  7 (restart 0) KSP residual norm 3.908854e-03
  8 (restart 0) KSP residual norm 1.215799e-03
  9 (restart 0) KSP residual norm 2.941383e-04
 10 (restart 0) KSP residual norm 8.442188e-05
 11 (restart 0) KSP residual norm 2.478339e-05
 12 (restart 0) KSP residual norm 7.719910e-06
 13 (restart 0) KSP residual norm 3.043829e-06
 14 (restart 0) KSP residual norm 1.233835e-06
 15 (restart 0) KSP residual norm 5.015894e-07
GMRES solver converged in 15 iterations (avg. reduction factor: 2.764e-01)
  Residual norms for GMRES solve
  0 (restart 0) KSP residual norm 5.529799e+01
  1 (restart 0) KSP residual norm 5.475401e+01
  2 (restart 0) KSP residual norm 1.046238e+01
  3 (restart 0) KSP residual norm 2.340785e+00
  4 (restart 0) KSP residual norm 2.256056e-01
  5 (restart 0) KSP residual norm 6.943861e-02
  6 (restart 0) KSP residual norm 1.139650e-02
  7 (restart 0) KSP residual norm 3.552811e-03
  8 (restart 0) KSP residual norm 7.557381e-04
  9 (restart 0) KSP residual norm 2.277181e-04
 10 (restart 0) KSP residual norm 6.348152e-05
 11 (restart 0) KSP residual norm 1.837235e-05
 12 (restart 0) KSP residual norm 6.545693e-06
 13 (restart 0) KSP residual norm 2.753382e-06
 14 (restart 0) KSP residual norm 1.138292e-06
 15 (restart 0) KSP residual norm 4.488368e-07
GMRES solver converged in 15 iterations (avg. reduction factor: 2.888e-01)
  Residual norms for GMRES solve
  0 (restart 0) KSP residual norm 1.214954e+01
  1 (restart 0) KSP residual norm 1.087390e+01
  2 (restart 0) KSP residual norm 4.086618e+00
  3 (restart 0) KSP residual norm 1.695646e+00
  4 (restart 0) KSP residual norm 1.887133e-01
  5 (restart 0) KSP residual norm 3.941668e-02
  6 (restart 0) KSP residual norm 1.019304e-02
  7 (restart 0) KSP residual norm 2.039084e-03
  8 (restart 0) KSP residual norm 6.465119e-04
  9 (restart 0) KSP residual norm 1.811435e-04
 10 (restart 0) KSP residual norm 6.693593e-05
 11 (restart 0) KSP residual norm 2.644089e-05
 12 (restart 0) KSP residual norm 1.061578e-05
 13 (restart 0) KSP residual norm 4.645619e-06
 14 (restart 0) KSP residual norm 1.769618e-06
 15 (restart 0) KSP residual norm 6.898493e-07
 16 (restart 0) KSP residual norm 2.737103e-07
 17 (restart 0) KSP residual norm 1.052060e-07
GMRES solver converged in 17 iterations (avg. reduction factor: 3.355e-01)
  Residual norms for GMRES solve
  0 (restart 0) KSP residual norm 1.533751e+01
  1 (restart 0) KSP residual norm 1.162298e+01
  2 (restart 0) KSP residual norm 3.975740e+00
  3 (restart 0) KSP residual norm 1.816017e+00
  4 (restart 0) KSP residual norm 1.833912e-01
  5 (restart 0) KSP residual norm 4.052503e-02
  6 (restart 0) KSP residual norm 8.171671e-03
  7 (restart 0) KSP residual norm 1.740349e-03
  8 (restart 0) KSP residual norm 5.079560e-04
  9 (restart 0) KSP residual norm 1.315227e-04
 10 (restart 0) KSP residual norm 4.117198e-05
 11 (restart 0) KSP residual norm 1.511761e-05
 12 (restart 0) KSP residual norm 6.224100e-06
 13 (restart 0) KSP residual norm 2.692354e-06
 14 (restart 0) KSP residual norm 1.073344e-06
 15 (restart 0) KSP residual norm 4.082059e-07
 16 (restart 0) KSP residual norm 1.585504e-07
 17 (restart 0) KSP residual norm 6.392631e-08
GMRES solver converged in 17 iterations (avg. reduction factor: 3.214e-01)
  Residual norms for GMRES solve
  0 (restart 0) KSP residual norm 1.204766e+01
  1 (restart 0) KSP residual norm 7.425610e+00
  2 (restart 0) KSP residual norm 2.862903e+00
  3 (restart 0) KSP residual norm 1.178764e+00
  4 (restart 0) KSP residual norm 1.689615e-01
  5 (restart 0) KSP residual norm 3.198458e-02
  6 (restart 0) KSP residual norm 8.747349e-03
  7 (restart 0) KSP residual norm 1.829494e-03
  8 (restart 0) KSP residual norm 5.748677e-04
  9 (restart 0) KSP residual norm 1.824764e-04
 10 (restart 0) KSP residual norm 6.804550e-05
 11 (restart 0) KSP residual norm 2.691202e-05
 12 (restart 0) KSP residual norm 1.094017e-05
 13 (restart 0) KSP residual norm 4.586947e-06
 14 (restart 0) KSP residual norm 1.729447e-06
 15 (restart 0) KSP residual norm 6.719546e-07
 16 (restart 0) KSP residual norm 2.703043e-07
 17 (restart 0) KSP residual norm 1.006455e-07
GMRES solver converged in 17 iterations (avg. reduction factor: 3.348e-01)
  Residual norms for GMRES solve
  0 (restart 0) KSP residual norm 1.427190e+01
  1 (restart 0) KSP residual norm 1.424006e+01
  2 (restart 0) KSP residual norm 3.622170e+00
  3 (restart 0) KSP residual norm 1.575169e+00
  4 (restart 0) KSP residual norm 1.384830e-01
  5 (restart 0) KSP residual norm 2.660446e-02
  6 (restart 0) KSP residual norm 7.019586e-03
  7 (restart 0) KSP residual norm 1.591665e-03
  8 (restart 0) KSP residual norm 4.862047e-04
  9 (restart 0) KSP residual norm 1.382768e-04
 10 (restart 0) KSP residual norm 4.523837e-05
 11 (restart 0) KSP residual norm 1.824121e-05
 12 (restart 0) KSP residual norm 7.165831e-06
 13 (restart 0) KSP residual norm 3.212403e-06
 14 (restart 0) KSP residual norm 1.289297e-06
 15 (restart 0) KSP residual norm 4.611964e-07
 16 (restart 0) KSP residual norm 1.879214e-07
 17 (restart 0) KSP residual norm 7.385209e-08
GMRES solver converged in 17 iterations (avg. reduction factor: 3.255e-01)
  Residual norms for GMRES solve
  0 (restart 0) KSP residual norm 1.898219e+01
  1 (restart 0) KSP residual norm 6.951225e+00
  2 (restart 0) KSP residual norm 5.050701e+00
  3 (restart 0) KSP residual norm 1.704459e+00
  4 (restart 0) KSP residual norm 1.442849e-01
  5 (restart 0) KSP residual norm 4.080605e-02
  6 (restart 0) KSP residual norm 8.578009e-03
  7 (restart 0) KSP residual norm 2.063645e-03
  8 (restart 0) KSP residual norm 5.829544e-04
  9 (restart 0) KSP residual norm 1.502840e-04
 10 (restart 0) KSP residual norm 4.345298e-05
 11 (restart 0) KSP residual norm 1.492252e-05
 12 (restart 0) KSP residual norm 5.699206e-06
 13 (restart 0) KSP residual norm 2.469221e-06
 14 (restart 0) KSP residual norm 9.806881e-07
 15 (restart 0) KSP residual norm 3.783718e-07
 16 (restart 0) KSP residual norm 1.477266e-07
GMRES solver converged in 16 iterations (avg. reduction factor: 3.113e-01)
  Residual norms for GMRES solve
  0 (restart 0) KSP residual norm 2.307081e+01
  1 (restart 0) KSP residual norm 2.050159e+01
  2 (restart 0) KSP residual norm 4.238763e+00
  3 (restart 0) KSP residual norm 2.050097e+00
  4 (restart 0) KSP residual norm 2.344345e-01
  5 (restart 0) KSP residual norm 4.836543e-02
  6 (restart 0) KSP residual norm 1.260890e-02
  7 (restart 0) KSP residual norm 3.252627e-03
  8 (restart 0) KSP residual norm 8.193583e-04
  9 (restart 0) KSP residual norm 2.256144e-04
 10 (restart 0) KSP residual norm 6.384150e-05
 11 (restart 0) KSP residual norm 2.186982e-05
 12 (restart 0) KSP residual norm 8.641090e-06
 13 (restart 0) KSP residual norm 3.708954e-06
 14 (restart 0) KSP residual norm 1.564564e-06
 15 (restart 0) KSP residual norm 5.757359e-07
 16 (restart 0) KSP residual norm 2.117408e-07
GMRES solver converged in 16 iterations (avg. reduction factor: 3.145e-01)
  Residual norms for GMRES solve
  0 (restart 0) KSP residual norm 1.830944e+01
  1 (restart 0) KSP residual norm 1.450101e+01
  2 (restart 0) KSP residual norm 5.929129e+00
  3 (restart 0) KSP residual norm 1.890195e+00
  4 (restart 0) KSP residual norm 2.510437e-01
  5 (restart 0) KSP residual norm 5.251163e-02
  6 (restart 0) KSP residual norm 1.408019e-02
  7 (restart 0) KSP residual norm 3.841486e-03
  8 (restart 0) KSP residual norm 9.465623e-04
  9 (restart 0) KSP residual norm 2.690342e-04
 10 (restart 0) KSP residual norm 7.064286e-05
 11 (restart 0) KSP residual norm 2.039755e-05
 12 (restart 0) KSP residual norm 6.388863e-06
 13 (restart 0) KSP residual norm 2.639560e-06
 14 (restart 0) KSP residual norm 1.167070e-06
 15 (restart 0) KSP residual norm 4.621389e-07
 16 (restart 0) KSP residual norm 1.693037e-07
GMRES solver converged in 16 iterations (avg. reduction factor: 3.147e-01)
  Residual norms for GMRES solve
  0 (restart 0) KSP residual norm 1.678129e+01
  1 (restart 0) KSP residual norm 1.675832e+01
  2 (restart 0) KSP residual norm 3.902580e+00
  3 (restart 0) KSP residual norm 1.886508e+00
  4 (restart 0) KSP residual norm 2.045335e-01
  5 (restart 0) KSP residual norm 5.898982e-02
  6 (restart 0) KSP residual norm 1.027005e-02
  7 (restart 0) KSP residual norm 2.365837e-03
  8 (restart 0) KSP residual norm 6.928312e-04
  9 (restart 0) KSP residual norm 1.936781e-04
 10 (restart 0) KSP residual norm 4.957532e-05
 11 (restart 0) KSP residual norm 1.423419e-05
 12 (restart 0) KSP residual norm 4.309900e-06
 13 (restart 0) KSP residual norm 1.752277e-06
 14 (restart 0) KSP residual norm 7.498713e-07
 15 (restart 0) KSP residual norm 3.068146e-07
 16 (restart 0) KSP residual norm 1.082262e-07
GMRES solver converged in 16 iterations (avg. reduction factor: 3.077e-01)
  Residual norms for GMRES solve
  0 (restart 0) KSP residual norm 1.289972e+01
  1 (restart 0) KSP residual norm 1.253112e+01
  2 (restart 0) KSP residual norm 5.099958e+00
  3 (restart 0) KSP residual norm 1.304769e+00
  4 (restart 0) KSP residual norm 2.120907e-01
  5 (restart 0) KSP residual norm 7.647400e-02
  6 (restart 0) KSP residual norm 1.271593e-02
  7 (restart 0) KSP residual norm 3.027658e-03
  8 (restart 0) KSP residual norm 7.915383e-04
  9 (restart 0) KSP residual norm 1.993989e-04
 10 (restart 0) KSP residual norm 5.683487e-05
 11 (restart 0) KSP residual norm 1.556114e-05
 12 (restart 0) KSP residual norm 4.944169e-06
 13 (restart 0) KSP residual norm 2.089606e-06
 14 (restart 0) KSP residual norm 8.781815e-07
 15 (restart 0) KSP residual norm 3.496233e-07
 16 (restart 0) KSP residual norm 1.246737e-07
GMRES solver converged in 16 iterations (avg. reduction factor: 3.156e-01)
  Residual norms for GMRES solve
  0 (restart 0) KSP residual norm 1.038846e+01
  1 (restart 0) KSP residual norm 1.033807e+01
  2 (restart 0) KSP residual norm 4.642680e+00
  3 (restart 0) KSP residual norm 1.466893e+00
  4 (restart 0) KSP residual norm 1.609325e-01
  5 (restart 0) KSP residual norm 6.379821e-02
  6 (restart 0) KSP residual norm 9.426798e-03
  7 (restart 0) KSP residual norm 2.320567e-03
  8 (restart 0) KSP residual norm 6.437426e-04
  9 (restart 0) KSP residual norm 1.571886e-04
 10 (restart 0) KSP residual norm 4.367291e-05
 11 (restart 0) KSP residual norm 1.179683e-05
 12 (restart 0) KSP residual norm 3.434870e-06
 13 (restart 0) KSP residual norm 1.232334e-06
 14 (restart 0) KSP residual norm 4.967299e-07
 15 (restart 0) KSP residual norm 2.025029e-07
 16 (restart 0) KSP residual norm 7.010067e-08
GMRES solver converged in 16 iterations (avg. reduction factor: 3.085e-01)
  1 EPS nconv=3 first unconverged value (error) -4.52042e-06+0.342181i (5.36962063e-03)
  Residual norms for GMRES solve
  0 (restart 0) KSP residual norm 1.332010e+01
  1 (restart 0) KSP residual norm 1.250612e+01
  2 (restart 0) KSP residual norm 3.102938e+00
  3 (restart 0) KSP residual norm 1.434782e+00
  4 (restart 0) KSP residual norm 1.273904e-01
  5 (restart 0) KSP residual norm 4.136920e-02
  6 (restart 0) KSP residual norm 7.231894e-03
  7 (restart 0) KSP residual norm 1.889790e-03
  8 (restart 0) KSP residual norm 4.980577e-04
  9 (restart 0) KSP residual norm 1.377175e-04
 10 (restart 0) KSP residual norm 4.044165e-05
 11 (restart 0) KSP residual norm 1.360187e-05
 12 (restart 0) KSP residual norm 5.194000e-06
 13 (restart 0) KSP residual norm 2.319075e-06
 14 (restart 0) KSP residual norm 9.714407e-07
 15 (restart 0) KSP residual norm 3.695246e-07
 16 (restart 0) KSP residual norm 1.335510e-07
 17 (restart 0) KSP residual norm 5.276420e-08
GMRES solver converged in 17 iterations (avg. reduction factor: 3.204e-01)
  Residual norms for GMRES solve
  0 (restart 0) KSP residual norm 1.079823e+01
  1 (restart 0) KSP residual norm 9.225890e+00
  2 (restart 0) KSP residual norm 3.344324e+00
  3 (restart 0) KSP residual norm 1.118688e+00
  4 (restart 0) KSP residual norm 1.432598e-01
  5 (restart 0) KSP residual norm 5.138788e-02
  6 (restart 0) KSP residual norm 7.290487e-03
  7 (restart 0) KSP residual norm 1.709227e-03
  8 (restart 0) KSP residual norm 5.242602e-04
  9 (restart 0) KSP residual norm 1.215760e-04
 10 (restart 0) KSP residual norm 3.588780e-05
 11 (restart 0) KSP residual norm 9.999185e-06
 12 (restart 0) KSP residual norm 2.718856e-06
 13 (restart 0) KSP residual norm 8.520044e-07
 14 (restart 0) KSP residual norm 3.120036e-07
 15 (restart 0) KSP residual norm 1.389980e-07
 16 (restart 0) KSP residual norm 5.191113e-08
GMRES solver converged in 16 iterations (avg. reduction factor: 3.021e-01)
  Residual norms for GMRES solve
  0 (restart 0) KSP residual norm 9.642784e+00
  1 (restart 0) KSP residual norm 9.499544e+00
  2 (restart 0) KSP residual norm 3.582110e+00
  3 (restart 0) KSP residual norm 1.274735e+00
  4 (restart 0) KSP residual norm 1.308947e-01
  5 (restart 0) KSP residual norm 5.029897e-02
  6 (restart 0) KSP residual norm 7.738020e-03
  7 (restart 0) KSP residual norm 1.848119e-03
  8 (restart 0) KSP residual norm 4.801241e-04
  9 (restart 0) KSP residual norm 1.288419e-04
 10 (restart 0) KSP residual norm 3.626298e-05
 11 (restart 0) KSP residual norm 1.150043e-05
 12 (restart 0) KSP residual norm 4.139803e-06
 13 (restart 0) KSP residual norm 1.862341e-06
 14 (restart 0) KSP residual norm 7.400959e-07
 15 (restart 0) KSP residual norm 2.886339e-07
 16 (restart 0) KSP residual norm 1.064211e-07
 17 (restart 0) KSP residual norm 4.097068e-08
GMRES solver converged in 17 iterations (avg. reduction factor: 3.218e-01)
  Residual norms for GMRES solve
  0 (restart 0) KSP residual norm 1.778109e+01
  1 (restart 0) KSP residual norm 1.749834e+01
  2 (restart 0) KSP residual norm 4.717217e+00
  3 (restart 0) KSP residual norm 2.083830e+00
  4 (restart 0) KSP residual norm 1.309050e-01
  5 (restart 0) KSP residual norm 3.759813e-02
  6 (restart 0) KSP residual norm 8.443404e-03
  7 (restart 0) KSP residual norm 2.512234e-03
  8 (restart 0) KSP residual norm 5.326181e-04
  9 (restart 0) KSP residual norm 1.473582e-04
 10 (restart 0) KSP residual norm 3.715195e-05
 11 (restart 0) KSP residual norm 9.755817e-06
 12 (restart 0) KSP residual norm 3.000826e-06
 13 (restart 0) KSP residual norm 9.963394e-07
 14 (restart 0) KSP residual norm 3.724319e-07
 15 (restart 0) KSP residual norm 1.481206e-07
GMRES solver converged in 15 iterations (avg. reduction factor: 2.893e-01)
  Residual norms for GMRES solve
  0 (restart 0) KSP residual norm 9.690345e+00
  1 (restart 0) KSP residual norm 8.907980e+00
  2 (restart 0) KSP residual norm 3.358870e+00
  3 (restart 0) KSP residual norm 1.476812e+00
  4 (restart 0) KSP residual norm 1.117373e-01
  5 (restart 0) KSP residual norm 3.195111e-02
  6 (restart 0) KSP residual norm 6.908016e-03
  7 (restart 0) KSP residual norm 1.944756e-03
  8 (restart 0) KSP residual norm 5.314714e-04
  9 (restart 0) KSP residual norm 1.540759e-04
 10 (restart 0) KSP residual norm 4.852306e-05
 11 (restart 0) KSP residual norm 1.713069e-05
 12 (restart 0) KSP residual norm 7.371044e-06
 13 (restart 0) KSP residual norm 3.263634e-06
 14 (restart 0) KSP residual norm 1.280575e-06
 15 (restart 0) KSP residual norm 5.028668e-07
 16 (restart 0) KSP residual norm 1.945400e-07
 17 (restart 0) KSP residual norm 7.676533e-08
GMRES solver converged in 17 iterations (avg. reduction factor: 3.338e-01)
  Residual norms for GMRES solve
  0 (restart 0) KSP residual norm 2.005871e+01
  1 (restart 0) KSP residual norm 1.978860e+01
  2 (restart 0) KSP residual norm 4.627678e+00
  3 (restart 0) KSP residual norm 1.609900e+00
  4 (restart 0) KSP residual norm 1.558164e-01
  5 (restart 0) KSP residual norm 3.404972e-02
  6 (restart 0) KSP residual norm 9.131657e-03
  7 (restart 0) KSP residual norm 2.126329e-03
  8 (restart 0) KSP residual norm 5.032895e-04
  9 (restart 0) KSP residual norm 1.362569e-04
 10 (restart 0) KSP residual norm 4.077912e-05
 11 (restart 0) KSP residual norm 1.419902e-05
 12 (restart 0) KSP residual norm 5.677770e-06
 13 (restart 0) KSP residual norm 2.389826e-06
 14 (restart 0) KSP residual norm 1.017118e-06
 15 (restart 0) KSP residual norm 3.897045e-07
 16 (restart 0) KSP residual norm 1.510547e-07
GMRES solver converged in 16 iterations (avg. reduction factor: 3.107e-01)
  Residual norms for GMRES solve
  0 (restart 0) KSP residual norm 1.271897e+01
  1 (restart 0) KSP residual norm 1.064508e+01
  2 (restart 0) KSP residual norm 4.182167e+00
  3 (restart 0) KSP residual norm 1.273740e+00
  4 (restart 0) KSP residual norm 2.188421e-01
  5 (restart 0) KSP residual norm 3.479760e-02
  6 (restart 0) KSP residual norm 7.375278e-03
  7 (restart 0) KSP residual norm 1.620344e-03
  8 (restart 0) KSP residual norm 4.990584e-04
  9 (restart 0) KSP residual norm 1.343342e-04
 10 (restart 0) KSP residual norm 4.116531e-05
 11 (restart 0) KSP residual norm 1.468498e-05
 12 (restart 0) KSP residual norm 5.676323e-06
 13 (restart 0) KSP residual norm 2.472329e-06
 14 (restart 0) KSP residual norm 1.022504e-06
 15 (restart 0) KSP residual norm 3.983019e-07
 16 (restart 0) KSP residual norm 1.562491e-07
 17 (restart 0) KSP residual norm 6.358389e-08
GMRES solver converged in 17 iterations (avg. reduction factor: 3.249e-01)
  Residual norms for GMRES solve
  0 (restart 0) KSP residual norm 1.638543e+01
  1 (restart 0) KSP residual norm 1.364070e+01
  2 (restart 0) KSP residual norm 5.203551e+00
  3 (restart 0) KSP residual norm 2.088770e+00
  4 (restart 0) KSP residual norm 1.870980e-01
  5 (restart 0) KSP residual norm 3.931953e-02
  6 (restart 0) KSP residual norm 8.946414e-03
  7 (restart 0) KSP residual norm 2.004264e-03
  8 (restart 0) KSP residual norm 5.396637e-04
  9 (restart 0) KSP residual norm 1.404466e-04
 10 (restart 0) KSP residual norm 3.988443e-05
 11 (restart 0) KSP residual norm 1.247712e-05
 12 (restart 0) KSP residual norm 4.490055e-06
 13 (restart 0) KSP residual norm 1.861380e-06
 14 (restart 0) KSP residual norm 7.698227e-07
 15 (restart 0) KSP residual norm 3.057090e-07
 16 (restart 0) KSP residual norm 1.161055e-07
GMRES solver converged in 16 iterations (avg. reduction factor: 3.095e-01)
  2 EPS nconv=6 first unconverged value (error) -1.05008e-05+0.363288i (1.04122754e-02)

 Linear eigensolve converged (6 eigenpairs) due to CONVERGED_TOL; iterations 2
 Total number of linear systems solved: 27
 Total number of linear solver iterations: 432
 Found 6 converged eigenvalues (first = -2.270e-04+9.003e+00i)

 Refining eigenvalues with Quasi-Newton solver
  Residual norms for GMRES solve
  0 (restart 0) KSP residual norm 8.860516e+00
  1 (restart 0) KSP residual norm 4.577117e-01
  2 (restart 0) KSP residual norm 4.557911e-01
  3 (restart 0) KSP residual norm 1.771467e-01
  4 (restart 0) KSP residual norm 1.758365e-01
  5 (restart 0) KSP residual norm 1.467732e-01
  6 (restart 0) KSP residual norm 1.304902e-01
  7 (restart 0) KSP residual norm 1.179808e-01
  8 (restart 0) KSP residual norm 7.882550e-02
  9 (restart 0) KSP residual norm 5.942771e-02
 10 (restart 0) KSP residual norm 5.835455e-02
 11 (restart 0) KSP residual norm 5.026169e-02
 12 (restart 0) KSP residual norm 3.942425e-02
 13 (restart 0) KSP residual norm 3.290948e-02
 14 (restart 0) KSP residual norm 3.167941e-02
 15 (restart 0) KSP residual norm 3.166154e-02
 16 (restart 0) KSP residual norm 3.068781e-02
 17 (restart 0) KSP residual norm 2.885422e-02
 18 (restart 0) KSP residual norm 2.776840e-02
 19 (restart 0) KSP residual norm 2.618797e-02
 20 (restart 0) KSP residual norm 2.209492e-02
 21 (restart 0) KSP residual norm 1.269948e-02
 22 (restart 0) KSP residual norm 5.336394e-03
 23 (restart 0) KSP residual norm 1.829157e-03
 24 (restart 0) KSP residual norm 6.598365e-04
GMRES solver converged in 24 iterations (avg. reduction factor: 6.730e-01)
0 NLEPS (nconv=0, restart=0) residual norm 6.329069e-04
  Residual norms for GMRES solve
  0 (restart 0) KSP residual norm 6.175466e-06
  1 (restart 0) KSP residual norm 2.993384e-06
  2 (restart 0) KSP residual norm 1.630089e-06
  3 (restart 0) KSP residual norm 1.029845e-06
  4 (restart 0) KSP residual norm 6.495014e-07
  5 (restart 0) KSP residual norm 3.819151e-07
  6 (restart 0) KSP residual norm 3.743805e-07
  7 (restart 0) KSP residual norm 2.869078e-07
  8 (restart 0) KSP residual norm 2.322930e-07
  9 (restart 0) KSP residual norm 2.154534e-07
 10 (restart 0) KSP residual norm 2.131306e-07
 11 (restart 0) KSP residual norm 2.115032e-07
 12 (restart 0) KSP residual norm 2.114914e-07
 13 (restart 0) KSP residual norm 2.114696e-07
 14 (restart 0) KSP residual norm 2.106164e-07
 15 (restart 0) KSP residual norm 2.103991e-07
 16 (restart 0) KSP residual norm 2.102026e-07
 17 (restart 0) KSP residual norm 2.096755e-07
 18 (restart 0) KSP residual norm 2.094708e-07
 19 (restart 0) KSP residual norm 2.092872e-07
 20 (restart 0) KSP residual norm 2.060990e-07
 21 (restart 0) KSP residual norm 1.932984e-07
 22 (restart 0) KSP residual norm 1.529964e-07
 23 (restart 0) KSP residual norm 8.425213e-08
 24 (restart 0) KSP residual norm 3.847785e-08
 25 (restart 0) KSP residual norm 1.626736e-08
 26 (restart 0) KSP residual norm 6.920411e-09
 27 (restart 0) KSP residual norm 2.902883e-09
 28 (restart 0) KSP residual norm 1.194425e-09
 29 (restart 0) KSP residual norm 4.236306e-10
GMRES solver converged in 29 iterations (avg. reduction factor: 7.185e-01)
1 NLEPS (nconv=0, restart=0) residual norm 3.115168e-06
  Residual norms for GMRES solve
  0 (restart 0) KSP residual norm 4.586396e-10
  1 (restart 0) KSP residual norm 4.432578e-10
  2 (restart 0) KSP residual norm 4.326278e-10
  3 (restart 0) KSP residual norm 4.315044e-10
  4 (restart 0) KSP residual norm 4.283970e-10
  5 (restart 0) KSP residual norm 4.156527e-10
  6 (restart 0) KSP residual norm 4.080195e-10
  7 (restart 0) KSP residual norm 3.841291e-10
  8 (restart 0) KSP residual norm 3.218071e-10
  9 (restart 0) KSP residual norm 2.840520e-10
 10 (restart 0) KSP residual norm 2.128352e-10
 11 (restart 0) KSP residual norm 1.336727e-10
 12 (restart 0) KSP residual norm 5.843115e-11
 13 (restart 0) KSP residual norm 2.948523e-11
 14 (restart 0) KSP residual norm 9.817808e-12
 15 (restart 0) KSP residual norm 6.729058e-12
 16 (restart 0) KSP residual norm 6.638171e-12
 17 (restart 0) KSP residual norm 6.095760e-12
 18 (restart 0) KSP residual norm 5.562759e-12
 19 (restart 0) KSP residual norm 5.344323e-12
 20 (restart 0) KSP residual norm 4.992050e-12
 21 (restart 0) KSP residual norm 4.544168e-12
 22 (restart 0) KSP residual norm 4.256493e-12
 23 (restart 0) KSP residual norm 4.077693e-12
 24 (restart 0) KSP residual norm 4.002643e-12
 25 (restart 0) KSP residual norm 3.877096e-12
 26 (restart 0) KSP residual norm 3.764549e-12
 27 (restart 0) KSP residual norm 3.718417e-12
 28 (restart 0) KSP residual norm 3.630760e-12
 29 (restart 0) KSP residual norm 2.611937e-12
 30 (restart 0) KSP residual norm 1.146674e-12
 31 (restart 0) KSP residual norm 4.222625e-13
GMRES solver converged in 31 iterations (avg. reduction factor: 7.981e-01)
2 NLEPS (nconv=0, restart=0) residual norm 4.054994e-09
Eigenvalue 0, Quasi-Newton converged in 2 iterations (-2.269e-04+9.003e+00i).
  Residual norms for GMRES solve
  0 (restart 0) KSP residual norm 8.860101e+00
  1 (restart 0) KSP residual norm 4.567843e-01
  2 (restart 0) KSP residual norm 4.546624e-01
  3 (restart 0) KSP residual norm 1.779529e-01
  4 (restart 0) KSP residual norm 1.765483e-01
  5 (restart 0) KSP residual norm 1.491879e-01
  6 (restart 0) KSP residual norm 1.354533e-01
  7 (restart 0) KSP residual norm 1.076879e-01
  8 (restart 0) KSP residual norm 4.934646e-02
  9 (restart 0) KSP residual norm 2.359022e-02
 10 (restart 0) KSP residual norm 1.383561e-02
 11 (restart 0) KSP residual norm 1.010163e-02
 12 (restart 0) KSP residual norm 8.957018e-03
 13 (restart 0) KSP residual norm 7.410399e-03
 14 (restart 0) KSP residual norm 7.182608e-03
 15 (restart 0) KSP residual norm 6.996978e-03
 16 (restart 0) KSP residual norm 6.918438e-03
 17 (restart 0) KSP residual norm 6.502542e-03
 18 (restart 0) KSP residual norm 6.253218e-03
 19 (restart 0) KSP residual norm 6.124514e-03
 20 (restart 0) KSP residual norm 6.075056e-03
 21 (restart 0) KSP residual norm 5.771059e-03
 22 (restart 0) KSP residual norm 4.345537e-03
 23 (restart 0) KSP residual norm 1.796023e-03
 24 (restart 0) KSP residual norm 6.508344e-04
GMRES solver converged in 24 iterations (avg. reduction factor: 6.726e-01)
0 NLEPS (nconv=1, restart=0) residual norm 1.070435e-01
  Residual norms for GMRES solve
  0 (restart 0) KSP residual norm 6.193053e+00
  1 (restart 0) KSP residual norm 1.373185e+00
  2 (restart 0) KSP residual norm 1.304464e+00
  3 (restart 0) KSP residual norm 7.453019e-01
  4 (restart 0) KSP residual norm 5.960845e-01
  5 (restart 0) KSP residual norm 5.285481e-01
  6 (restart 0) KSP residual norm 3.811060e-01
  7 (restart 0) KSP residual norm 2.952071e-01
  8 (restart 0) KSP residual norm 1.597121e-01
  9 (restart 0) KSP residual norm 3.862711e-02
 10 (restart 0) KSP residual norm 1.699518e-02
 11 (restart 0) KSP residual norm 1.697778e-02
 12 (restart 0) KSP residual norm 1.535936e-02
 13 (restart 0) KSP residual norm 1.281783e-02
 14 (restart 0) KSP residual norm 1.169101e-02
 15 (restart 0) KSP residual norm 1.118252e-02
 16 (restart 0) KSP residual norm 1.098638e-02
 17 (restart 0) KSP residual norm 1.022271e-02
 18 (restart 0) KSP residual norm 9.697762e-03
 19 (restart 0) KSP residual norm 9.221896e-03
 20 (restart 0) KSP residual norm 9.194966e-03
 21 (restart 0) KSP residual norm 9.101797e-03
 22 (restart 0) KSP residual norm 7.325253e-03
 23 (restart 0) KSP residual norm 5.566003e-03
 24 (restart 0) KSP residual norm 2.837725e-03
 25 (restart 0) KSP residual norm 1.244932e-03
 26 (restart 0) KSP residual norm 5.340342e-04
GMRES solver converged in 26 iterations (avg. reduction factor: 6.977e-01)
1 NLEPS (nconv=1, restart=0) residual norm 1.390292e-03
  Residual norms for GMRES solve
  0 (restart 0) KSP residual norm 9.931098e-08
  1 (restart 0) KSP residual norm 5.583419e-08
  2 (restart 0) KSP residual norm 5.237806e-08
  3 (restart 0) KSP residual norm 4.657290e-08
  4 (restart 0) KSP residual norm 4.430431e-08
  5 (restart 0) KSP residual norm 4.272701e-08
  6 (restart 0) KSP residual norm 4.214067e-08
  7 (restart 0) KSP residual norm 4.110794e-08
  8 (restart 0) KSP residual norm 3.266264e-08
  9 (restart 0) KSP residual norm 1.888644e-08
 10 (restart 0) KSP residual norm 1.054055e-08
 11 (restart 0) KSP residual norm 7.255281e-09
 12 (restart 0) KSP residual norm 4.737656e-09
 13 (restart 0) KSP residual norm 3.288854e-09
 14 (restart 0) KSP residual norm 2.648702e-09
 15 (restart 0) KSP residual norm 2.454410e-09
 16 (restart 0) KSP residual norm 2.427138e-09
 17 (restart 0) KSP residual norm 2.412544e-09
 18 (restart 0) KSP residual norm 2.353730e-09
 19 (restart 0) KSP residual norm 2.176140e-09
 20 (restart 0) KSP residual norm 1.983606e-09
 21 (restart 0) KSP residual norm 1.933076e-09
 22 (restart 0) KSP residual norm 1.929150e-09
 23 (restart 0) KSP residual norm 1.819080e-09
 24 (restart 0) KSP residual norm 1.629775e-09
 25 (restart 0) KSP residual norm 1.340011e-09
 26 (restart 0) KSP residual norm 9.659709e-10
 27 (restart 0) KSP residual norm 5.248786e-10
 28 (restart 0) KSP residual norm 2.281443e-10
 29 (restart 0) KSP residual norm 9.103490e-11
 30 (restart 0) KSP residual norm 3.506160e-11
 31 (restart 0) KSP residual norm 1.187006e-11
 32 (restart 0) KSP residual norm 4.236888e-12
GMRES solver converged in 32 iterations (avg. reduction factor: 7.302e-01)
2 NLEPS (nconv=1, restart=0) residual norm 6.045047e-07
  Residual norms for GMRES solve
  0 (restart 0) KSP residual norm 1.610224e-09
  1 (restart 0) KSP residual norm 2.766308e-10
  2 (restart 0) KSP residual norm 1.969425e-10
  3 (restart 0) KSP residual norm 1.625436e-10
  4 (restart 0) KSP residual norm 1.401039e-10
  5 (restart 0) KSP residual norm 1.390973e-10
  6 (restart 0) KSP residual norm 1.334978e-10
  7 (restart 0) KSP residual norm 1.317030e-10
  8 (restart 0) KSP residual norm 1.185202e-10
  9 (restart 0) KSP residual norm 1.136769e-10
 10 (restart 0) KSP residual norm 1.133672e-10
 11 (restart 0) KSP residual norm 1.112915e-10
 12 (restart 0) KSP residual norm 1.108616e-10
 13 (restart 0) KSP residual norm 1.106754e-10
 14 (restart 0) KSP residual norm 1.101173e-10
 15 (restart 0) KSP residual norm 1.097125e-10
 16 (restart 0) KSP residual norm 1.074022e-10
 17 (restart 0) KSP residual norm 1.066934e-10
 18 (restart 0) KSP residual norm 1.061677e-10
 19 (restart 0) KSP residual norm 1.048360e-10
 20 (restart 0) KSP residual norm 9.734890e-11
 21 (restart 0) KSP residual norm 6.972459e-11
 22 (restart 0) KSP residual norm 3.595565e-11
 23 (restart 0) KSP residual norm 1.506381e-11
 24 (restart 0) KSP residual norm 6.309196e-12
 25 (restart 0) KSP residual norm 2.574273e-12
 26 (restart 0) KSP residual norm 9.714941e-13
GMRES solver converged in 26 iterations (avg. reduction factor: 7.519e-01)
3 NLEPS (nconv=1, restart=0) residual norm 6.966116e-09
Eigenvalue 1, Quasi-Newton converged in 3 iterations (-2.269e-04+9.004e+00i).
  Residual norms for GMRES solve
  0 (restart 0) KSP residual norm 8.812501e+00
  1 (restart 0) KSP residual norm 3.723337e-01
  2 (restart 0) KSP residual norm 3.181616e-01
  3 (restart 0) KSP residual norm 3.116335e-01
  4 (restart 0) KSP residual norm 3.022101e-01
  5 (restart 0) KSP residual norm 2.394233e-01
  6 (restart 0) KSP residual norm 1.311815e-01
  7 (restart 0) KSP residual norm 7.464780e-02
  8 (restart 0) KSP residual norm 7.450592e-02
  9 (restart 0) KSP residual norm 7.446665e-02
 10 (restart 0) KSP residual norm 7.199528e-02
 11 (restart 0) KSP residual norm 7.146820e-02
 12 (restart 0) KSP residual norm 4.748869e-02
 13 (restart 0) KSP residual norm 3.478196e-02
 14 (restart 0) KSP residual norm 3.177946e-02
 15 (restart 0) KSP residual norm 2.975251e-02
 16 (restart 0) KSP residual norm 2.489931e-02
 17 (restart 0) KSP residual norm 1.211156e-02
 18 (restart 0) KSP residual norm 3.904069e-03
 19 (restart 0) KSP residual norm 1.544291e-03
 20 (restart 0) KSP residual norm 6.284775e-04
GMRES solver converged in 20 iterations (avg. reduction factor: 6.204e-01)
0 NLEPS (nconv=2, restart=0) residual norm 1.111890e-01
  Residual norms for GMRES solve
  0 (restart 0) KSP residual norm 5.992976e+00
  1 (restart 0) KSP residual norm 5.985286e+00
  2 (restart 0) KSP residual norm 5.286770e-01
  3 (restart 0) KSP residual norm 3.851729e-01
  4 (restart 0) KSP residual norm 1.490710e-01
  5 (restart 0) KSP residual norm 2.705798e-02
  6 (restart 0) KSP residual norm 1.587299e-02
  7 (restart 0) KSP residual norm 1.538207e-02
  8 (restart 0) KSP residual norm 1.478657e-02
  9 (restart 0) KSP residual norm 1.102549e-02
 10 (restart 0) KSP residual norm 6.682090e-03
 11 (restart 0) KSP residual norm 4.474085e-03
 12 (restart 0) KSP residual norm 3.427325e-03
 13 (restart 0) KSP residual norm 2.908149e-03
 14 (restart 0) KSP residual norm 2.508153e-03
 15 (restart 0) KSP residual norm 2.312719e-03
 16 (restart 0) KSP residual norm 2.285487e-03
 17 (restart 0) KSP residual norm 2.284794e-03
 18 (restart 0) KSP residual norm 2.144579e-03
 19 (restart 0) KSP residual norm 1.853785e-03
 20 (restart 0) KSP residual norm 1.397469e-03
 21 (restart 0) KSP residual norm 8.507503e-04
 22 (restart 0) KSP residual norm 4.251503e-04
GMRES solver converged in 22 iterations (avg. reduction factor: 6.477e-01)
1 NLEPS (nconv=2, restart=0) residual norm 5.439886e-04
  Residual norms for GMRES solve
  0 (restart 0) KSP residual norm 5.110284e-08
  1 (restart 0) KSP residual norm 4.925042e-08
  2 (restart 0) KSP residual norm 2.386338e-08
  3 (restart 0) KSP residual norm 6.498996e-09
  4 (restart 0) KSP residual norm 2.457344e-09
  5 (restart 0) KSP residual norm 9.444623e-10
  6 (restart 0) KSP residual norm 4.925023e-10
  7 (restart 0) KSP residual norm 4.052843e-10
  8 (restart 0) KSP residual norm 3.489112e-10
  9 (restart 0) KSP residual norm 2.737149e-10
 10 (restart 0) KSP residual norm 2.365693e-10
 11 (restart 0) KSP residual norm 2.271558e-10
 12 (restart 0) KSP residual norm 2.172131e-10
 13 (restart 0) KSP residual norm 1.938069e-10
 14 (restart 0) KSP residual norm 1.688257e-10
 15 (restart 0) KSP residual norm 1.478811e-10
 16 (restart 0) KSP residual norm 1.387443e-10
 17 (restart 0) KSP residual norm 1.384829e-10
 18 (restart 0) KSP residual norm 1.349831e-10
 19 (restart 0) KSP residual norm 1.280835e-10
 20 (restart 0) KSP residual norm 1.242244e-10
 21 (restart 0) KSP residual norm 1.191837e-10
 22 (restart 0) KSP residual norm 1.153905e-10
 23 (restart 0) KSP residual norm 1.023356e-10
 24 (restart 0) KSP residual norm 7.781046e-11
 25 (restart 0) KSP residual norm 4.290058e-11
 26 (restart 0) KSP residual norm 1.817341e-11
 27 (restart 0) KSP residual norm 6.766874e-12
 28 (restart 0) KSP residual norm 2.626404e-12
GMRES solver converged in 28 iterations (avg. reduction factor: 7.028e-01)
2 NLEPS (nconv=2, restart=0) residual norm 9.549087e-08
  Residual norms for GMRES solve
  0 (restart 0) KSP residual norm 7.887348e-11
  1 (restart 0) KSP residual norm 6.344916e-11
  2 (restart 0) KSP residual norm 3.042453e-11
  3 (restart 0) KSP residual norm 1.907602e-11
  4 (restart 0) KSP residual norm 1.722139e-11
  5 (restart 0) KSP residual norm 1.349018e-11
  6 (restart 0) KSP residual norm 1.342014e-11
  7 (restart 0) KSP residual norm 1.281735e-11
  8 (restart 0) KSP residual norm 1.205493e-11
  9 (restart 0) KSP residual norm 1.193169e-11
 10 (restart 0) KSP residual norm 1.148371e-11
 11 (restart 0) KSP residual norm 1.045700e-11
 12 (restart 0) KSP residual norm 1.043552e-11
 13 (restart 0) KSP residual norm 1.011942e-11
 14 (restart 0) KSP residual norm 9.417885e-12
 15 (restart 0) KSP residual norm 8.546169e-12
 16 (restart 0) KSP residual norm 7.629336e-12
 17 (restart 0) KSP residual norm 6.912906e-12
 18 (restart 0) KSP residual norm 5.457203e-12
 19 (restart 0) KSP residual norm 2.807634e-12
 20 (restart 0) KSP residual norm 1.053262e-12
 21 (restart 0) KSP residual norm 3.733699e-13
GMRES solver converged in 21 iterations (avg. reduction factor: 7.750e-01)
3 NLEPS (nconv=2, restart=0) residual norm 2.147185e-09
Eigenvalue 2, Quasi-Newton converged in 3 iterations (-1.028e-04+9.027e+00i).
  Residual norms for GMRES solve
  0 (restart 0) KSP residual norm 8.484801e+00
  1 (restart 0) KSP residual norm 7.163939e+00
  2 (restart 0) KSP residual norm 5.791101e-01
  3 (restart 0) KSP residual norm 1.360222e-01
  4 (restart 0) KSP residual norm 2.772423e-02
  5 (restart 0) KSP residual norm 1.614529e-02
  6 (restart 0) KSP residual norm 1.522540e-02
  7 (restart 0) KSP residual norm 1.502526e-02
  8 (restart 0) KSP residual norm 1.423221e-02
  9 (restart 0) KSP residual norm 1.411912e-02
 10 (restart 0) KSP residual norm 6.300348e-03
 11 (restart 0) KSP residual norm 4.427378e-03
 12 (restart 0) KSP residual norm 3.991080e-03
 13 (restart 0) KSP residual norm 3.798329e-03
 14 (restart 0) KSP residual norm 3.743836e-03
 15 (restart 0) KSP residual norm 3.743410e-03
 16 (restart 0) KSP residual norm 3.709315e-03
 17 (restart 0) KSP residual norm 3.665320e-03
 18 (restart 0) KSP residual norm 3.658084e-03
 19 (restart 0) KSP residual norm 3.603996e-03
 20 (restart 0) KSP residual norm 3.545478e-03
 21 (restart 0) KSP residual norm 3.535587e-03
 22 (restart 0) KSP residual norm 3.297318e-03
 23 (restart 0) KSP residual norm 3.012639e-03
 24 (restart 0) KSP residual norm 1.703505e-03
 25 (restart 0) KSP residual norm 8.708723e-04
 26 (restart 0) KSP residual norm 2.921298e-04
GMRES solver converged in 26 iterations (avg. reduction factor: 6.735e-01)
0 NLEPS (nconv=3, restart=0) residual norm 1.396807e-01
  Residual norms for GMRES solve
  0 (restart 0) KSP residual norm 1.286550e+00
  1 (restart 0) KSP residual norm 9.762841e-01
  2 (restart 0) KSP residual norm 6.174538e-01
  3 (restart 0) KSP residual norm 8.731690e-02
  4 (restart 0) KSP residual norm 2.579051e-02
  5 (restart 0) KSP residual norm 7.353688e-03
  6 (restart 0) KSP residual norm 4.533830e-03
  7 (restart 0) KSP residual norm 4.295696e-03
  8 (restart 0) KSP residual norm 4.123018e-03
  9 (restart 0) KSP residual norm 4.013360e-03
 10 (restart 0) KSP residual norm 3.963433e-03
 11 (restart 0) KSP residual norm 3.949315e-03
 12 (restart 0) KSP residual norm 3.947061e-03
 13 (restart 0) KSP residual norm 3.931310e-03
 14 (restart 0) KSP residual norm 3.888312e-03
 15 (restart 0) KSP residual norm 3.841769e-03
 16 (restart 0) KSP residual norm 3.840482e-03
 17 (restart 0) KSP residual norm 3.793380e-03
 18 (restart 0) KSP residual norm 3.711987e-03
 19 (restart 0) KSP residual norm 3.711377e-03
 20 (restart 0) KSP residual norm 3.686055e-03
 21 (restart 0) KSP residual norm 3.480801e-03
 22 (restart 0) KSP residual norm 3.352754e-03
 23 (restart 0) KSP residual norm 2.462661e-03
 24 (restart 0) KSP residual norm 1.494269e-03
 25 (restart 0) KSP residual norm 5.552541e-04
 26 (restart 0) KSP residual norm 2.633795e-04
 27 (restart 0) KSP residual norm 1.085245e-04
GMRES solver converged in 27 iterations (avg. reduction factor: 7.065e-01)
1 NLEPS (nconv=3, restart=0) residual norm 1.404114e-03
  Residual norms for GMRES solve
  0 (restart 0) KSP residual norm 3.668703e-07
  1 (restart 0) KSP residual norm 7.859064e-08
  2 (restart 0) KSP residual norm 4.766581e-08
  3 (restart 0) KSP residual norm 1.272479e-08
  4 (restart 0) KSP residual norm 7.613914e-09
  5 (restart 0) KSP residual norm 4.710719e-09
  6 (restart 0) KSP residual norm 1.851522e-09
  7 (restart 0) KSP residual norm 1.010827e-09
  8 (restart 0) KSP residual norm 6.631789e-10
  9 (restart 0) KSP residual norm 5.710808e-10
 10 (restart 0) KSP residual norm 5.381443e-10
 11 (restart 0) KSP residual norm 5.314601e-10
 12 (restart 0) KSP residual norm 5.184734e-10
 13 (restart 0) KSP residual norm 5.022934e-10
 14 (restart 0) KSP residual norm 4.985194e-10
 15 (restart 0) KSP residual norm 4.586187e-10
 16 (restart 0) KSP residual norm 3.683141e-10
 17 (restart 0) KSP residual norm 2.996633e-10
 18 (restart 0) KSP residual norm 2.781884e-10
 19 (restart 0) KSP residual norm 2.751193e-10
 20 (restart 0) KSP residual norm 2.747241e-10
 21 (restart 0) KSP residual norm 2.735961e-10
 22 (restart 0) KSP residual norm 2.712235e-10
 23 (restart 0) KSP residual norm 2.679186e-10
 24 (restart 0) KSP residual norm 2.663094e-10
 25 (restart 0) KSP residual norm 2.653430e-10
 26 (restart 0) KSP residual norm 2.650478e-10
 27 (restart 0) KSP residual norm 2.622946e-10
 28 (restart 0) KSP residual norm 2.451451e-10
 29 (restart 0) KSP residual norm 2.032426e-10
 30 (restart 0) KSP residual norm 9.950092e-11
 31 (restart 0) KSP residual norm 3.909255e-11
 32 (restart 0) KSP residual norm 1.486088e-11
GMRES solver converged in 32 iterations (avg. reduction factor: 7.290e-01)
2 NLEPS (nconv=3, restart=0) residual norm 4.544436e-07
  Residual norms for GMRES solve
  0 (restart 0) KSP residual norm 1.348907e-08
  1 (restart 0) KSP residual norm 1.402250e-09
  2 (restart 0) KSP residual norm 5.325028e-10
  3 (restart 0) KSP residual norm 1.066740e-10
  4 (restart 0) KSP residual norm 9.537422e-11
  5 (restart 0) KSP residual norm 7.219126e-11
  6 (restart 0) KSP residual norm 7.117477e-11
  7 (restart 0) KSP residual norm 6.677598e-11
  8 (restart 0) KSP residual norm 6.619821e-11
  9 (restart 0) KSP residual norm 6.565433e-11
 10 (restart 0) KSP residual norm 6.449356e-11
 11 (restart 0) KSP residual norm 6.395979e-11
 12 (restart 0) KSP residual norm 6.382303e-11
 13 (restart 0) KSP residual norm 6.352165e-11
 14 (restart 0) KSP residual norm 6.350485e-11
 15 (restart 0) KSP residual norm 6.331794e-11
 16 (restart 0) KSP residual norm 6.316256e-11
 17 (restart 0) KSP residual norm 6.231867e-11
 18 (restart 0) KSP residual norm 6.118936e-11
 19 (restart 0) KSP residual norm 6.066761e-11
 20 (restart 0) KSP residual norm 6.024813e-11
 21 (restart 0) KSP residual norm 5.994104e-11
 22 (restart 0) KSP residual norm 5.884895e-11
 23 (restart 0) KSP residual norm 5.150066e-11
 24 (restart 0) KSP residual norm 3.627598e-11
 25 (restart 0) KSP residual norm 1.677660e-11
 26 (restart 0) KSP residual norm 8.268708e-12
 27 (restart 0) KSP residual norm 3.053009e-12
 28 (restart 0) KSP residual norm 1.303269e-12
 29 (restart 0) KSP residual norm 4.623935e-13
GMRES solver converged in 29 iterations (avg. reduction factor: 7.015e-01)
3 NLEPS (nconv=3, restart=0) residual norm 3.934677e-09
Eigenvalue 3, Quasi-Newton converged in 3 iterations (-1.987e-04+9.676e+00i).

Computing solution error estimates and performing postprocessing

     m,        Re{f} (GHz),        Im{f} (GHz),                  Q,      Error (Bkwd.),       Error (Abs.)
     1,      +2.440676e+00,      +6.150658e-05,      +1.984077e+04,      +2.770247e-13,      +4.054994e-09
     2,      +2.440729e+00,      +6.151159e-05,      +1.983959e+04,      +4.758804e-13,      +6.965775e-09
     3,      +2.447135e+00,      +2.787498e-05,      +4.389482e+04,      +1.466798e-13,      +2.147061e-09
     4,      +2.623048e+00,      +5.386401e-05,      +2.434880e+04,      +2.687536e-13,      +3.934566e-09

Completed 0 iterations of adaptive mesh refinement (AMR):
 Indicator norm = 3.039e-02, global unknowns = 333388
 Max. iterations = 0, tol. = 1.000e-02

Estimated peak per-rank memory usage is: Min. 211.3M, Max. 236.5M, Avg. 221.0M, Total 6.9G
Estimated peak per-node memory usage is: Min. 6.9G, Max. 6.9G, Avg. 6.9G, Total 6.9G

Elapsed Time Report (s)           Min.        Max.        Avg.
==============================================================
Initialization                   0.143       0.366       0.359
  Mesh Preprocessing             0.272       0.495       0.279
Operator Construction            0.899       0.909       0.902
Linear Solve                     8.798       8.923       8.887
  Setup                          3.453       3.453       3.453
  Preconditioner               103.303     103.425     103.351
  Coarse Solve                   8.985       9.135       9.006
Eigenvalue Solve                 1.309       1.324       1.319
Div.-Free Projection             4.662       4.672       4.668
Estimation                       0.026       0.029       0.028
  Construction                   0.256       0.256       0.256
  Solve                          1.143       1.146       1.145
Postprocessing                   0.461       0.465       0.463
Disk IO                          0.549       0.549       0.549
--------------------------------------------------------------
Total                          135.811     135.832     135.822

Peak Memory                   Per-Node       Total   Total HWM
==============================================================
Initialization                   61.9M       61.9M       61.9M
  Mesh Preprocessing            111.6M      111.6M      173.5M
Operator Construction             1.2G        1.2G        1.4G
Linear Solve                      1.0M        1.0M        1.4G
  Setup                         613.2M      613.2M        2.0G
  Preconditioner                 13.2M       13.2M        2.0G
  Coarse Solve                    2.5G        2.5G        4.5G
Eigenvalue Solve                182.7M      182.7M        4.7G
Div.-Free Projection            270.9M      270.9M        4.9G
Estimation                      173.5M      173.5M        5.1G
  Construction                  267.4M      267.4M        5.4G
  Solve                         181.2M      181.2M        5.6G
Postprocessing                  440.0M      440.0M        6.0G
Disk IO                          55.5M       55.5M        6.0G
--------------------------------------------------------------
Total                             6.5G        6.5G        6.5G

