>> /opt/amip/envs/emsim/bin/mpirun -n 32 /opt/amip/palace/bin/palace-x86_64.bin h4_seed_wall_tiny.json

_____________     _______
_____   __   \____ __   /____ ____________
____   /_/  /  __ ` /  /  __ ` /  ___/  _ \
___   _____/  /_/  /  /  /_/  /  /__/  ___/
  /__/     \___,__/__/\___,__/\_____\_____/


[38;2;255;255;000m--> Warning![0m
Output folder is not empty; program will overwrite content! (postpro/h4_seed_wall_tiny)
Git changeset ID: v0.17.0-293-g3c83b9db0
Running with 32 MPI processes, 1 OpenMP thread
Device configuration: omp,cpu
Memory configuration: host-std
libCEED backend: /cpu/self/xsmm/blocked

Added 9914 boundary elements for material interfaces to the mesh

Characteristic length and time scales:
 Lc = 1.760e-01 m, tc = 5.871e-01 ns
Finished partitioning mesh into 32 subdomains

Mesh curvature order: 2
Mesh bounding box:
 (Xmin, Ymin, Zmin) = (-8.800e-02, -8.800e-02, -5.771e-02) m
 (Xmax, Ymax, Zmax) = (+8.800e-02, +8.800e-02, +5.771e-02) m

Parallel Mesh Stats:

                minimum     average     maximum       total
 vertices           136         249         327        7971
 edges             1341        1694        1930       54211
 faces             2617        2864        3055       91659
 elements          1377        1419        1461       45418
 neighbors            6          11          26

            minimum     maximum
 h       0.00384967    0.199324
 kappa      1.05056     18.5051

Estimated current per-rank memory usage is: Min. 32.6M, Max. 67.6M, Avg. 34.2M, Total 1.1G
Estimated current per-node memory usage is: Min. 1.1G, Max. 1.1G, Avg. 1.1G, Total 1.1G

Configuring Robin finite conductivity BC at attributes:
 90: σ = 3.500e+07 S/m, n = (-0.2,+0.0,+1.0)

Assembling system matrices, number of global unknowns:
 H1 (p = 2): 62182, ND (p = 2): 291740, RT (p = 2): 411231
 Operator assembly level: Partial
 Mesh geometries:
  Tetrahedron: P = 20, Q = 14 (quadrature order = 4)

Configuring SLEPc eigenvalue solver:
 Scaling γ = 2.824e+01, δ = 3.704e-06
 Configuring divergence-free projection
 Using random starting vector
 Shift-and-invert σ = 2.400e+00 GHz (8.853e+00)

Assembling multigrid hierarchy:
 Level 0 (p = 1): 54211 unknowns
 Level 1 (p = 2): 291740 unknowns
 Level 0 (auxiliary) (p = 1): 7971 unknowns
 Level 1 (auxiliary) (p = 2): 62182 unknowns

#PETSc Option Table entries:
-eps_monitor # (source: code)
#End of PETSc Option Table entries

  Residual norms for GMRES solve
  0 (restart 0) KSP residual norm 6.855856e+01
  1 (restart 0) KSP residual norm 1.048379e+00
  2 (restart 0) KSP residual norm 4.192613e-01
  3 (restart 0) KSP residual norm 8.822975e-02
  4 (restart 0) KSP residual norm 4.615175e-02
  5 (restart 0) KSP residual norm 3.997814e-02
  6 (restart 0) KSP residual norm 1.051993e-02
  7 (restart 0) KSP residual norm 5.026478e-03
  8 (restart 0) KSP residual norm 2.224187e-03
  9 (restart 0) KSP residual norm 1.103180e-03
 10 (restart 0) KSP residual norm 5.383098e-04
 11 (restart 0) KSP residual norm 2.464734e-04
 12 (restart 0) KSP residual norm 1.168948e-04
 13 (restart 0) KSP residual norm 5.929755e-05
 14 (restart 0) KSP residual norm 3.245212e-05
 15 (restart 0) KSP residual norm 1.703226e-05
 16 (restart 0) KSP residual norm 9.235097e-06
 17 (restart 0) KSP residual norm 4.862399e-06
 18 (restart 0) KSP residual norm 2.239330e-06
 19 (restart 0) KSP residual norm 1.100017e-06
 20 (restart 0) KSP residual norm 4.958437e-07
GMRES solver converged in 20 iterations (avg. reduction factor: 3.917e-01)
  Residual norms for GMRES solve
  0 (restart 0) KSP residual norm 5.954410e+03
  1 (restart 0) KSP residual norm 5.289651e+01
  2 (restart 0) KSP residual norm 2.328078e+00
  3 (restart 0) KSP residual norm 1.267413e+00
  4 (restart 0) KSP residual norm 7.825050e-01
  5 (restart 0) KSP residual norm 1.420573e-01
  6 (restart 0) KSP residual norm 4.250690e-02
  7 (restart 0) KSP residual norm 1.958040e-02
  8 (restart 0) KSP residual norm 6.534906e-03
  9 (restart 0) KSP residual norm 4.420405e-03
 10 (restart 0) KSP residual norm 1.619623e-03
 11 (restart 0) KSP residual norm 5.444819e-04
 12 (restart 0) KSP residual norm 3.486695e-04
 13 (restart 0) KSP residual norm 1.228012e-04
 14 (restart 0) KSP residual norm 5.785070e-05
GMRES solver converged in 14 iterations (avg. reduction factor: 2.677e-01)
  Residual norms for GMRES solve
  0 (restart 0) KSP residual norm 5.143728e+03
  1 (restart 0) KSP residual norm 6.668410e+01
  2 (restart 0) KSP residual norm 2.873120e+00
  3 (restart 0) KSP residual norm 1.546777e+00
  4 (restart 0) KSP residual norm 9.525788e-01
  5 (restart 0) KSP residual norm 1.668460e-01
  6 (restart 0) KSP residual norm 4.234882e-02
  7 (restart 0) KSP residual norm 2.025026e-02
  8 (restart 0) KSP residual norm 7.808908e-03
  9 (restart 0) KSP residual norm 5.159949e-03
 10 (restart 0) KSP residual norm 1.872953e-03
 11 (restart 0) KSP residual norm 6.960927e-04
 12 (restart 0) KSP residual norm 4.254160e-04
 13 (restart 0) KSP residual norm 1.468105e-04
 14 (restart 0) KSP residual norm 6.865986e-05
 15 (restart 0) KSP residual norm 3.388213e-05
GMRES solver converged in 15 iterations (avg. reduction factor: 2.848e-01)
  Residual norms for GMRES solve
  0 (restart 0) KSP residual norm 1.963523e+04
  1 (restart 0) KSP residual norm 2.889129e+01
  2 (restart 0) KSP residual norm 2.000442e+00
  3 (restart 0) KSP residual norm 9.716266e-01
  4 (restart 0) KSP residual norm 5.903533e-01
  5 (restart 0) KSP residual norm 2.358214e-01
  6 (restart 0) KSP residual norm 1.088148e-01
  7 (restart 0) KSP residual norm 4.226814e-02
  8 (restart 0) KSP residual norm 1.000215e-02
  9 (restart 0) KSP residual norm 4.066770e-03
 10 (restart 0) KSP residual norm 2.549342e-03
 11 (restart 0) KSP residual norm 9.012328e-04
 12 (restart 0) KSP residual norm 5.911502e-04
 13 (restart 0) KSP residual norm 2.249507e-04
 14 (restart 0) KSP residual norm 1.206358e-04
GMRES solver converged in 14 iterations (avg. reduction factor: 2.591e-01)
  Residual norms for GMRES solve
  0 (restart 0) KSP residual norm 1.103111e+04
  1 (restart 0) KSP residual norm 1.604892e+01
  2 (restart 0) KSP residual norm 2.716633e+00
  3 (restart 0) KSP residual norm 7.071021e-01
  4 (restart 0) KSP residual norm 3.540507e-01
  5 (restart 0) KSP residual norm 1.682535e-01
  6 (restart 0) KSP residual norm 7.372164e-02
  7 (restart 0) KSP residual norm 2.991199e-02
  8 (restart 0) KSP residual norm 9.329188e-03
  9 (restart 0) KSP residual norm 2.731608e-03
 10 (restart 0) KSP residual norm 1.825761e-03
 11 (restart 0) KSP residual norm 6.643248e-04
 12 (restart 0) KSP residual norm 3.735353e-04
 13 (restart 0) KSP residual norm 1.702543e-04
 14 (restart 0) KSP residual norm 7.520467e-05
GMRES solver converged in 14 iterations (avg. reduction factor: 2.610e-01)
  Residual norms for GMRES solve
  0 (restart 0) KSP residual norm 1.096567e+03
  1 (restart 0) KSP residual norm 9.746561e+00
  2 (restart 0) KSP residual norm 3.563148e+00
  3 (restart 0) KSP residual norm 4.478493e-01
  4 (restart 0) KSP residual norm 2.587949e-01
  5 (restart 0) KSP residual norm 1.854766e-01
  6 (restart 0) KSP residual norm 6.689042e-02
  7 (restart 0) KSP residual norm 1.432579e-02
  8 (restart 0) KSP residual norm 5.395806e-03
  9 (restart 0) KSP residual norm 2.380677e-03
 10 (restart 0) KSP residual norm 1.410330e-03
 11 (restart 0) KSP residual norm 6.399087e-04
 12 (restart 0) KSP residual norm 2.921704e-04
 13 (restart 0) KSP residual norm 1.626807e-04
 14 (restart 0) KSP residual norm 5.709964e-05
 15 (restart 0) KSP residual norm 2.842453e-05
 16 (restart 0) KSP residual norm 1.165993e-05
 17 (restart 0) KSP residual norm 4.203418e-06
GMRES solver converged in 17 iterations (avg. reduction factor: 3.198e-01)
  Residual norms for GMRES solve
  0 (restart 0) KSP residual norm 9.326300e+02
  1 (restart 0) KSP residual norm 4.994329e+01
  2 (restart 0) KSP residual norm 3.878821e+00
  3 (restart 0) KSP residual norm 1.801215e+00
  4 (restart 0) KSP residual norm 1.135213e+00
  5 (restart 0) KSP residual norm 2.231002e-01
  6 (restart 0) KSP residual norm 7.433248e-02
  7 (restart 0) KSP residual norm 1.478870e-02
  8 (restart 0) KSP residual norm 7.883435e-03
  9 (restart 0) KSP residual norm 3.900640e-03
 10 (restart 0) KSP residual norm 1.704588e-03
 11 (restart 0) KSP residual norm 8.727035e-04
 12 (restart 0) KSP residual norm 4.617062e-04
 13 (restart 0) KSP residual norm 1.922343e-04
 14 (restart 0) KSP residual norm 8.140447e-05
 15 (restart 0) KSP residual norm 4.674050e-05
 16 (restart 0) KSP residual norm 2.121035e-05
 17 (restart 0) KSP residual norm 1.000914e-05
 18 (restart 0) KSP residual norm 4.261376e-06
GMRES solver converged in 18 iterations (avg. reduction factor: 3.441e-01)
  Residual norms for GMRES solve
  0 (restart 0) KSP residual norm 1.081594e+03
  1 (restart 0) KSP residual norm 6.952071e+01
  2 (restart 0) KSP residual norm 3.940282e+00
  3 (restart 0) KSP residual norm 1.925455e+00
  4 (restart 0) KSP residual norm 1.312073e+00
  5 (restart 0) KSP residual norm 2.226978e-01
  6 (restart 0) KSP residual norm 6.383060e-02
  7 (restart 0) KSP residual norm 1.399611e-02
  8 (restart 0) KSP residual norm 9.514928e-03
  9 (restart 0) KSP residual norm 3.922597e-03
 10 (restart 0) KSP residual norm 1.846683e-03
 11 (restart 0) KSP residual norm 8.627438e-04
 12 (restart 0) KSP residual norm 4.805307e-04
 13 (restart 0) KSP residual norm 1.804556e-04
 14 (restart 0) KSP residual norm 8.399597e-05
 15 (restart 0) KSP residual norm 4.569681e-05
 16 (restart 0) KSP residual norm 2.220748e-05
 17 (restart 0) KSP residual norm 9.975312e-06
GMRES solver converged in 17 iterations (avg. reduction factor: 3.368e-01)
  Residual norms for GMRES solve
  0 (restart 0) KSP residual norm 3.945124e+02
  1 (restart 0) KSP residual norm 1.889971e+01
  2 (restart 0) KSP residual norm 4.513039e+00
  3 (restart 0) KSP residual norm 9.357202e-01
  4 (restart 0) KSP residual norm 4.689599e-01
  5 (restart 0) KSP residual norm 2.603910e-01
  6 (restart 0) KSP residual norm 5.452976e-02
  7 (restart 0) KSP residual norm 9.136005e-03
  8 (restart 0) KSP residual norm 3.600356e-03
  9 (restart 0) KSP residual norm 2.319127e-03
 10 (restart 0) KSP residual norm 8.418016e-04
 11 (restart 0) KSP residual norm 5.292636e-04
 12 (restart 0) KSP residual norm 2.372266e-04
 13 (restart 0) KSP residual norm 1.230265e-04
 14 (restart 0) KSP residual norm 5.673824e-05
 15 (restart 0) KSP residual norm 2.689430e-05
 16 (restart 0) KSP residual norm 1.258438e-05
 17 (restart 0) KSP residual norm 6.356097e-06
 18 (restart 0) KSP residual norm 2.947769e-06
GMRES solver converged in 18 iterations (avg. reduction factor: 3.536e-01)
  Residual norms for GMRES solve
  0 (restart 0) KSP residual norm 5.406067e+02
  1 (restart 0) KSP residual norm 1.584491e+01
  2 (restart 0) KSP residual norm 3.298069e+00
  3 (restart 0) KSP residual norm 7.766329e-01
  4 (restart 0) KSP residual norm 3.630186e-01
  5 (restart 0) KSP residual norm 1.724895e-01
  6 (restart 0) KSP residual norm 5.593815e-02
  7 (restart 0) KSP residual norm 1.093106e-02
  8 (restart 0) KSP residual norm 3.336310e-03
  9 (restart 0) KSP residual norm 1.945624e-03
 10 (restart 0) KSP residual norm 8.586098e-04
 11 (restart 0) KSP residual norm 5.053042e-04
 12 (restart 0) KSP residual norm 2.416548e-04
 13 (restart 0) KSP residual norm 1.284411e-04
 14 (restart 0) KSP residual norm 5.013441e-05
 15 (restart 0) KSP residual norm 2.431636e-05
 16 (restart 0) KSP residual norm 1.124211e-05
 17 (restart 0) KSP residual norm 5.009106e-06
GMRES solver converged in 17 iterations (avg. reduction factor: 3.369e-01)
  Residual norms for GMRES solve
  0 (restart 0) KSP residual norm 1.570636e+02
  1 (restart 0) KSP residual norm 9.855939e+00
  2 (restart 0) KSP residual norm 3.379427e+00
  3 (restart 0) KSP residual norm 3.428183e-01
  4 (restart 0) KSP residual norm 2.029417e-01
  5 (restart 0) KSP residual norm 1.474106e-01
  6 (restart 0) KSP residual norm 3.778091e-02
  7 (restart 0) KSP residual norm 8.631573e-03
  8 (restart 0) KSP residual norm 2.902179e-03
  9 (restart 0) KSP residual norm 1.543544e-03
 10 (restart 0) KSP residual norm 5.805088e-04
 11 (restart 0) KSP residual norm 3.550956e-04
 12 (restart 0) KSP residual norm 1.663330e-04
 13 (restart 0) KSP residual norm 9.738884e-05
 14 (restart 0) KSP residual norm 3.716743e-05
 15 (restart 0) KSP residual norm 1.632898e-05
 16 (restart 0) KSP residual norm 7.369809e-06
 17 (restart 0) KSP residual norm 2.648775e-06
 18 (restart 0) KSP residual norm 1.327039e-06
GMRES solver converged in 18 iterations (avg. reduction factor: 3.560e-01)
  Residual norms for GMRES solve
  0 (restart 0) KSP residual norm 1.685196e+02
  1 (restart 0) KSP residual norm 1.812238e+01
  2 (restart 0) KSP residual norm 2.110395e+00
  3 (restart 0) KSP residual norm 5.865254e-01
  4 (restart 0) KSP residual norm 3.906482e-01
  5 (restart 0) KSP residual norm 1.197789e-01
  6 (restart 0) KSP residual norm 3.069919e-02
  7 (restart 0) KSP residual norm 6.934239e-03
  8 (restart 0) KSP residual norm 3.408728e-03
  9 (restart 0) KSP residual norm 1.754051e-03
 10 (restart 0) KSP residual norm 8.668998e-04
 11 (restart 0) KSP residual norm 4.335532e-04
 12 (restart 0) KSP residual norm 2.187506e-04
 13 (restart 0) KSP residual norm 9.709448e-05
 14 (restart 0) KSP residual norm 4.734129e-05
 15 (restart 0) KSP residual norm 2.155987e-05
 16 (restart 0) KSP residual norm 7.951389e-06
 17 (restart 0) KSP residual norm 4.273938e-06
 18 (restart 0) KSP residual norm 2.218100e-06
 19 (restart 0) KSP residual norm 1.012116e-06
GMRES solver converged in 19 iterations (avg. reduction factor: 3.692e-01)
  Residual norms for GMRES solve
  0 (restart 0) KSP residual norm 6.774962e+01
  1 (restart 0) KSP residual norm 1.908951e+01
  2 (restart 0) KSP residual norm 2.104712e+00
  3 (restart 0) KSP residual norm 7.340473e-01
  4 (restart 0) KSP residual norm 4.568192e-01
  5 (restart 0) KSP residual norm 1.045942e-01
  6 (restart 0) KSP residual norm 2.099503e-02
  7 (restart 0) KSP residual norm 5.328481e-03
  8 (restart 0) KSP residual norm 2.820614e-03
  9 (restart 0) KSP residual norm 1.450208e-03
 10 (restart 0) KSP residual norm 8.025703e-04
 11 (restart 0) KSP residual norm 3.784598e-04
 12 (restart 0) KSP residual norm 1.458946e-04
 13 (restart 0) KSP residual norm 8.046650e-05
 14 (restart 0) KSP residual norm 4.063103e-05
 15 (restart 0) KSP residual norm 1.868785e-05
 16 (restart 0) KSP residual norm 7.950430e-06
 17 (restart 0) KSP residual norm 4.611768e-06
 18 (restart 0) KSP residual norm 1.980271e-06
 19 (restart 0) KSP residual norm 9.397451e-07
 20 (restart 0) KSP residual norm 3.878264e-07
GMRES solver converged in 20 iterations (avg. reduction factor: 3.872e-01)
  Residual norms for GMRES solve
  0 (restart 0) KSP residual norm 9.005703e+02
  1 (restart 0) KSP residual norm 4.295681e+01
  2 (restart 0) KSP residual norm 2.953619e+00
  3 (restart 0) KSP residual norm 1.438399e+00
  4 (restart 0) KSP residual norm 9.149800e-01
  5 (restart 0) KSP residual norm 1.419136e-01
  6 (restart 0) KSP residual norm 3.331450e-02
  7 (restart 0) KSP residual norm 8.223220e-03
  8 (restart 0) KSP residual norm 4.670242e-03
  9 (restart 0) KSP residual norm 2.460978e-03
 10 (restart 0) KSP residual norm 1.339188e-03
 11 (restart 0) KSP residual norm 5.172530e-04
 12 (restart 0) KSP residual norm 3.138335e-04
 13 (restart 0) KSP residual norm 1.308506e-04
 14 (restart 0) KSP residual norm 6.471342e-05
 15 (restart 0) KSP residual norm 2.864401e-05
 16 (restart 0) KSP residual norm 1.333693e-05
 17 (restart 0) KSP residual norm 6.576973e-06
GMRES solver converged in 17 iterations (avg. reduction factor: 3.322e-01)
  Residual norms for GMRES solve
  0 (restart 0) KSP residual norm 6.618423e+02
  1 (restart 0) KSP residual norm 3.614291e+01
  2 (restart 0) KSP residual norm 3.493064e+00
  3 (restart 0) KSP residual norm 1.391322e+00
  4 (restart 0) KSP residual norm 8.597572e-01
  5 (restart 0) KSP residual norm 1.729976e-01
  6 (restart 0) KSP residual norm 4.591335e-02
  7 (restart 0) KSP residual norm 9.942441e-03
  8 (restart 0) KSP residual norm 4.402280e-03
  9 (restart 0) KSP residual norm 2.409290e-03
 10 (restart 0) KSP residual norm 1.219280e-03
 11 (restart 0) KSP residual norm 5.490478e-04
 12 (restart 0) KSP residual norm 3.222820e-04
 13 (restart 0) KSP residual norm 1.372312e-04
 14 (restart 0) KSP residual norm 5.447295e-05
 15 (restart 0) KSP residual norm 2.823421e-05
 16 (restart 0) KSP residual norm 1.389072e-05
 17 (restart 0) KSP residual norm 6.987859e-06
 18 (restart 0) KSP residual norm 3.247564e-06
GMRES solver converged in 18 iterations (avg. reduction factor: 3.454e-01)
  Residual norms for GMRES solve
  0 (restart 0) KSP residual norm 3.523963e+02
  1 (restart 0) KSP residual norm 1.917177e+01
  2 (restart 0) KSP residual norm 4.918189e+00
  3 (restart 0) KSP residual norm 8.063910e-01
  4 (restart 0) KSP residual norm 4.185759e-01
  5 (restart 0) KSP residual norm 2.238466e-01
  6 (restart 0) KSP residual norm 4.530881e-02
  7 (restart 0) KSP residual norm 1.118175e-02
  8 (restart 0) KSP residual norm 3.410718e-03
  9 (restart 0) KSP residual norm 2.207678e-03
 10 (restart 0) KSP residual norm 9.379093e-04
 11 (restart 0) KSP residual norm 4.981981e-04
 12 (restart 0) KSP residual norm 2.284253e-04
 13 (restart 0) KSP residual norm 1.218594e-04
 14 (restart 0) KSP residual norm 4.074800e-05
 15 (restart 0) KSP residual norm 2.275853e-05
 16 (restart 0) KSP residual norm 1.070507e-05
 17 (restart 0) KSP residual norm 5.286680e-06
 18 (restart 0) KSP residual norm 2.797572e-06
GMRES solver converged in 18 iterations (avg. reduction factor: 3.548e-01)
  Residual norms for GMRES solve
  0 (restart 0) KSP residual norm 5.438517e+02
  1 (restart 0) KSP residual norm 1.032957e+01
  2 (restart 0) KSP residual norm 3.259773e+00
  3 (restart 0) KSP residual norm 4.795535e-01
  4 (restart 0) KSP residual norm 2.618179e-01
  5 (restart 0) KSP residual norm 1.739366e-01
  6 (restart 0) KSP residual norm 5.345625e-02
  7 (restart 0) KSP residual norm 1.061166e-02
  8 (restart 0) KSP residual norm 3.999475e-03
  9 (restart 0) KSP residual norm 2.105522e-03
 10 (restart 0) KSP residual norm 1.135932e-03
 11 (restart 0) KSP residual norm 5.257466e-04
 12 (restart 0) KSP residual norm 2.602712e-04
 13 (restart 0) KSP residual norm 1.377195e-04
 14 (restart 0) KSP residual norm 5.225093e-05
 15 (restart 0) KSP residual norm 2.905756e-05
 16 (restart 0) KSP residual norm 1.116284e-05
 17 (restart 0) KSP residual norm 5.335902e-06
GMRES solver converged in 17 iterations (avg. reduction factor: 3.380e-01)
  Residual norms for GMRES solve
  0 (restart 0) KSP residual norm 4.873568e+02
  1 (restart 0) KSP residual norm 8.790684e+00
  2 (restart 0) KSP residual norm 2.872515e+00
  3 (restart 0) KSP residual norm 3.716716e-01
  4 (restart 0) KSP residual norm 1.887834e-01
  5 (restart 0) KSP residual norm 1.416870e-01
  6 (restart 0) KSP residual norm 5.648876e-02
  7 (restart 0) KSP residual norm 1.087327e-02
  8 (restart 0) KSP residual norm 4.148782e-03
  9 (restart 0) KSP residual norm 2.032104e-03
 10 (restart 0) KSP residual norm 6.948661e-04
 11 (restart 0) KSP residual norm 3.721338e-04
 12 (restart 0) KSP residual norm 1.907259e-04
 13 (restart 0) KSP residual norm 1.046733e-04
 14 (restart 0) KSP residual norm 3.370390e-05
 15 (restart 0) KSP residual norm 1.794748e-05
 16 (restart 0) KSP residual norm 8.403522e-06
 17 (restart 0) KSP residual norm 3.589263e-06
GMRES solver converged in 17 iterations (avg. reduction factor: 3.324e-01)
  Residual norms for GMRES solve
  0 (restart 0) KSP residual norm 3.471067e+02
  1 (restart 0) KSP residual norm 1.211967e+01
  2 (restart 0) KSP residual norm 3.035541e+00
  3 (restart 0) KSP residual norm 5.676684e-01
  4 (restart 0) KSP residual norm 2.435514e-01
  5 (restart 0) KSP residual norm 1.409056e-01
  6 (restart 0) KSP residual norm 4.896997e-02
  7 (restart 0) KSP residual norm 8.923353e-03
  8 (restart 0) KSP residual norm 3.973964e-03
  9 (restart 0) KSP residual norm 1.862698e-03
 10 (restart 0) KSP residual norm 1.012741e-03
 11 (restart 0) KSP residual norm 4.088611e-04
 12 (restart 0) KSP residual norm 1.746441e-04
 13 (restart 0) KSP residual norm 1.056525e-04
 14 (restart 0) KSP residual norm 4.108933e-05
 15 (restart 0) KSP residual norm 2.328949e-05
 16 (restart 0) KSP residual norm 8.751377e-06
 17 (restart 0) KSP residual norm 4.398127e-06
 18 (restart 0) KSP residual norm 2.188988e-06
GMRES solver converged in 18 iterations (avg. reduction factor: 3.503e-01)
  1 EPS nconv=3 first unconverged value (error) -2.37294e-06+0.342608i (9.56582167e-03)
  Residual norms for GMRES solve
  0 (restart 0) KSP residual norm 7.930951e+02
  1 (restart 0) KSP residual norm 1.186029e+01
  2 (restart 0) KSP residual norm 2.718643e+00
  3 (restart 0) KSP residual norm 5.499610e-01
  4 (restart 0) KSP residual norm 2.708470e-01
  5 (restart 0) KSP residual norm 1.505211e-01
  6 (restart 0) KSP residual norm 3.718928e-02
  7 (restart 0) KSP residual norm 1.140206e-02
  8 (restart 0) KSP residual norm 5.181221e-03
  9 (restart 0) KSP residual norm 2.022068e-03
 10 (restart 0) KSP residual norm 1.316964e-03
 11 (restart 0) KSP residual norm 4.985060e-04
 12 (restart 0) KSP residual norm 2.763530e-04
 13 (restart 0) KSP residual norm 1.284685e-04
 14 (restart 0) KSP residual norm 5.197129e-05
 15 (restart 0) KSP residual norm 2.973576e-05
 16 (restart 0) KSP residual norm 1.218947e-05
 17 (restart 0) KSP residual norm 5.752392e-06
GMRES solver converged in 17 iterations (avg. reduction factor: 3.321e-01)
  Residual norms for GMRES solve
  0 (restart 0) KSP residual norm 2.840130e+02
  1 (restart 0) KSP residual norm 9.371166e+00
  2 (restart 0) KSP residual norm 2.957714e+00
  3 (restart 0) KSP residual norm 3.488355e-01
  4 (restart 0) KSP residual norm 2.263890e-01
  5 (restart 0) KSP residual norm 1.445216e-01
  6 (restart 0) KSP residual norm 4.057805e-02
  7 (restart 0) KSP residual norm 9.405546e-03
  8 (restart 0) KSP residual norm 4.551168e-03
  9 (restart 0) KSP residual norm 2.008637e-03
 10 (restart 0) KSP residual norm 1.202063e-03
 11 (restart 0) KSP residual norm 4.258242e-04
 12 (restart 0) KSP residual norm 2.269855e-04
 13 (restart 0) KSP residual norm 1.185010e-04
 14 (restart 0) KSP residual norm 5.254046e-05
 15 (restart 0) KSP residual norm 2.583613e-05
 16 (restart 0) KSP residual norm 8.796763e-06
 17 (restart 0) KSP residual norm 3.423922e-06
 18 (restart 0) KSP residual norm 1.927136e-06
GMRES solver converged in 18 iterations (avg. reduction factor: 3.517e-01)
  Residual norms for GMRES solve
  0 (restart 0) KSP residual norm 1.363068e+03
  1 (restart 0) KSP residual norm 1.584719e+01
  2 (restart 0) KSP residual norm 2.857529e+00
  3 (restart 0) KSP residual norm 7.011214e-01
  4 (restart 0) KSP residual norm 3.261392e-01
  5 (restart 0) KSP residual norm 1.589083e-01
  6 (restart 0) KSP residual norm 4.273850e-02
  7 (restart 0) KSP residual norm 1.105860e-02
  8 (restart 0) KSP residual norm 5.571286e-03
  9 (restart 0) KSP residual norm 2.262946e-03
 10 (restart 0) KSP residual norm 1.331791e-03
 11 (restart 0) KSP residual norm 4.594792e-04
 12 (restart 0) KSP residual norm 2.987015e-04
 13 (restart 0) KSP residual norm 1.170844e-04
 14 (restart 0) KSP residual norm 5.566528e-05
 15 (restart 0) KSP residual norm 2.910798e-05
 16 (restart 0) KSP residual norm 1.124729e-05
GMRES solver converged in 16 iterations (avg. reduction factor: 3.125e-01)
  Residual norms for GMRES solve
  0 (restart 0) KSP residual norm 5.498826e+02
  1 (restart 0) KSP residual norm 2.356918e+01
  2 (restart 0) KSP residual norm 2.619890e+00
  3 (restart 0) KSP residual norm 8.721149e-01
  4 (restart 0) KSP residual norm 5.124819e-01
  5 (restart 0) KSP residual norm 1.246698e-01
  6 (restart 0) KSP residual norm 3.275012e-02
  7 (restart 0) KSP residual norm 9.155727e-03
  8 (restart 0) KSP residual norm 4.698370e-03
  9 (restart 0) KSP residual norm 2.392006e-03
 10 (restart 0) KSP residual norm 1.340482e-03
 11 (restart 0) KSP residual norm 4.677213e-04
 12 (restart 0) KSP residual norm 3.000855e-04
 13 (restart 0) KSP residual norm 1.234026e-04
 14 (restart 0) KSP residual norm 6.278790e-05
 15 (restart 0) KSP residual norm 2.804443e-05
 16 (restart 0) KSP residual norm 1.004390e-05
 17 (restart 0) KSP residual norm 4.998608e-06
GMRES solver converged in 17 iterations (avg. reduction factor: 3.365e-01)
  Residual norms for GMRES solve
  0 (restart 0) KSP residual norm 7.947060e+02
  1 (restart 0) KSP residual norm 1.068861e+01
  2 (restart 0) KSP residual norm 2.658472e+00
  3 (restart 0) KSP residual norm 4.892858e-01
  4 (restart 0) KSP residual norm 2.558950e-01
  5 (restart 0) KSP residual norm 1.385486e-01
  6 (restart 0) KSP residual norm 3.485970e-02
  7 (restart 0) KSP residual norm 1.351003e-02
  8 (restart 0) KSP residual norm 5.392075e-03
  9 (restart 0) KSP residual norm 1.718846e-03
 10 (restart 0) KSP residual norm 1.107860e-03
 11 (restart 0) KSP residual norm 4.052702e-04
 12 (restart 0) KSP residual norm 2.348475e-04
 13 (restart 0) KSP residual norm 1.038856e-04
 14 (restart 0) KSP residual norm 4.723194e-05
 15 (restart 0) KSP residual norm 2.614573e-05
 16 (restart 0) KSP residual norm 1.058051e-05
 17 (restart 0) KSP residual norm 5.704222e-06
GMRES solver converged in 17 iterations (avg. reduction factor: 3.318e-01)
  Residual norms for GMRES solve
  0 (restart 0) KSP residual norm 1.562221e+02
  1 (restart 0) KSP residual norm 9.024799e+00
  2 (restart 0) KSP residual norm 2.561712e+00
  3 (restart 0) KSP residual norm 4.007066e-01
  4 (restart 0) KSP residual norm 2.269779e-01
  5 (restart 0) KSP residual norm 1.386049e-01
  6 (restart 0) KSP residual norm 2.976709e-02
  7 (restart 0) KSP residual norm 8.234219e-03
  8 (restart 0) KSP residual norm 4.071859e-03
  9 (restart 0) KSP residual norm 1.715945e-03
 10 (restart 0) KSP residual norm 9.971364e-04
 11 (restart 0) KSP residual norm 4.014609e-04
 12 (restart 0) KSP residual norm 2.377712e-04
 13 (restart 0) KSP residual norm 1.017288e-04
 14 (restart 0) KSP residual norm 4.820682e-05
 15 (restart 0) KSP residual norm 2.493198e-05
 16 (restart 0) KSP residual norm 9.938483e-06
 17 (restart 0) KSP residual norm 5.449349e-06
 18 (restart 0) KSP residual norm 2.500613e-06
 19 (restart 0) KSP residual norm 1.015911e-06
GMRES solver converged in 19 iterations (avg. reduction factor: 3.708e-01)
  Residual norms for GMRES solve
  0 (restart 0) KSP residual norm 3.542766e+02
  1 (restart 0) KSP residual norm 1.047663e+01
  2 (restart 0) KSP residual norm 2.294019e+00
  3 (restart 0) KSP residual norm 5.224825e-01
  4 (restart 0) KSP residual norm 2.742601e-01
  5 (restart 0) KSP residual norm 1.320126e-01
  6 (restart 0) KSP residual norm 2.984649e-02
  7 (restart 0) KSP residual norm 1.336465e-02
  8 (restart 0) KSP residual norm 5.228989e-03
  9 (restart 0) KSP residual norm 1.190021e-03
 10 (restart 0) KSP residual norm 7.827953e-04
 11 (restart 0) KSP residual norm 3.545812e-04
 12 (restart 0) KSP residual norm 1.732602e-04
 13 (restart 0) KSP residual norm 9.461985e-05
 14 (restart 0) KSP residual norm 4.185162e-05
 15 (restart 0) KSP residual norm 2.306737e-05
 16 (restart 0) KSP residual norm 9.018280e-06
 17 (restart 0) KSP residual norm 4.243273e-06
 18 (restart 0) KSP residual norm 2.236548e-06
GMRES solver converged in 18 iterations (avg. reduction factor: 3.503e-01)
  Residual norms for GMRES solve
  0 (restart 0) KSP residual norm 3.950165e+02
  1 (restart 0) KSP residual norm 8.848648e+00
  2 (restart 0) KSP residual norm 2.396550e+00
  3 (restart 0) KSP residual norm 3.181450e-01
  4 (restart 0) KSP residual norm 1.829984e-01
  5 (restart 0) KSP residual norm 1.063676e-01
  6 (restart 0) KSP residual norm 3.467735e-02
  7 (restart 0) KSP residual norm 1.406377e-02
  8 (restart 0) KSP residual norm 5.350237e-03
  9 (restart 0) KSP residual norm 1.562333e-03
 10 (restart 0) KSP residual norm 1.010743e-03
 11 (restart 0) KSP residual norm 4.258287e-04
 12 (restart 0) KSP residual norm 2.208065e-04
 13 (restart 0) KSP residual norm 1.134431e-04
 14 (restart 0) KSP residual norm 4.908627e-05
 15 (restart 0) KSP residual norm 2.855477e-05
 16 (restart 0) KSP residual norm 1.117348e-05
 17 (restart 0) KSP residual norm 5.956654e-06
 18 (restart 0) KSP residual norm 2.994219e-06
GMRES solver converged in 18 iterations (avg. reduction factor: 3.539e-01)
  2 EPS nconv=7 first unconverged value (error) -1.7797e-05+0.379621i (5.74469383e-03)

 Linear eigensolve converged (7 eigenpairs) due to CONVERGED_TOL; iterations 2
 Total number of linear systems solved: 27
 Total number of linear solver iterations: 466
 Found 7 converged eigenvalues (first = -2.558e-03+9.018e+00i)

 Refining eigenvalues with Quasi-Newton solver
  Residual norms for GMRES solve
  0 (restart 0) KSP residual norm 1.174189e+01
  1 (restart 0) KSP residual norm 5.648708e-01
  2 (restart 0) KSP residual norm 2.858155e-01
  3 (restart 0) KSP residual norm 2.179826e-01
  4 (restart 0) KSP residual norm 1.912426e-01
  5 (restart 0) KSP residual norm 1.886157e-01
  6 (restart 0) KSP residual norm 1.832205e-01
  7 (restart 0) KSP residual norm 1.655942e-01
  8 (restart 0) KSP residual norm 1.507424e-01
  9 (restart 0) KSP residual norm 1.094324e-01
 10 (restart 0) KSP residual norm 1.066304e-01
 11 (restart 0) KSP residual norm 9.864629e-02
 12 (restart 0) KSP residual norm 8.927333e-02
 13 (restart 0) KSP residual norm 8.847229e-02
 14 (restart 0) KSP residual norm 7.825466e-02
 15 (restart 0) KSP residual norm 7.758068e-02
 16 (restart 0) KSP residual norm 7.385500e-02
 17 (restart 0) KSP residual norm 6.991626e-02
 18 (restart 0) KSP residual norm 6.710082e-02
 19 (restart 0) KSP residual norm 6.497319e-02
 20 (restart 0) KSP residual norm 6.295574e-02
 21 (restart 0) KSP residual norm 4.782593e-02
 22 (restart 0) KSP residual norm 3.719801e-02
 23 (restart 0) KSP residual norm 2.594141e-02
 24 (restart 0) KSP residual norm 1.212116e-02
 25 (restart 0) KSP residual norm 5.062748e-03
 26 (restart 0) KSP residual norm 1.981755e-03
 27 (restart 0) KSP residual norm 1.018824e-03
GMRES solver converged in 27 iterations (avg. reduction factor: 7.072e-01)
0 NLEPS (nconv=0, restart=0) residual norm 5.233211e-03
  Residual norms for GMRES solve
  0 (restart 0) KSP residual norm 2.792562e-03
  1 (restart 0) KSP residual norm 3.789777e-04
  2 (restart 0) KSP residual norm 2.067501e-04
  3 (restart 0) KSP residual norm 1.769046e-04
  4 (restart 0) KSP residual norm 4.897307e-05
  5 (restart 0) KSP residual norm 2.847667e-05
  6 (restart 0) KSP residual norm 1.086946e-05
  7 (restart 0) KSP residual norm 7.085992e-06
  8 (restart 0) KSP residual norm 6.315698e-06
  9 (restart 0) KSP residual norm 5.925991e-06
 10 (restart 0) KSP residual norm 5.782571e-06
 11 (restart 0) KSP residual norm 5.770906e-06
 12 (restart 0) KSP residual norm 5.735705e-06
 13 (restart 0) KSP residual norm 5.596069e-06
 14 (restart 0) KSP residual norm 5.511529e-06
 15 (restart 0) KSP residual norm 5.478024e-06
 16 (restart 0) KSP residual norm 5.169516e-06
 17 (restart 0) KSP residual norm 4.930316e-06
 18 (restart 0) KSP residual norm 4.864082e-06
 19 (restart 0) KSP residual norm 4.726356e-06
 20 (restart 0) KSP residual norm 4.480422e-06
 21 (restart 0) KSP residual norm 4.377956e-06
 22 (restart 0) KSP residual norm 4.202915e-06
 23 (restart 0) KSP residual norm 3.902926e-06
 24 (restart 0) KSP residual norm 3.769939e-06
 25 (restart 0) KSP residual norm 3.427121e-06
 26 (restart 0) KSP residual norm 2.861011e-06
 27 (restart 0) KSP residual norm 2.044652e-06
 28 (restart 0) KSP residual norm 1.011867e-06
 29 (restart 0) KSP residual norm 4.873824e-07
 30 (restart 0) KSP residual norm 2.370426e-07
GMRES solver converged in 30 iterations (avg. reduction factor: 7.316e-01)
1 NLEPS (nconv=0, restart=0) residual norm 7.080995e-07
  Residual norms for GMRES solve
  0 (restart 0) KSP residual norm 6.366140e-08
  1 (restart 0) KSP residual norm 5.361070e-08
  2 (restart 0) KSP residual norm 4.154050e-08
  3 (restart 0) KSP residual norm 3.352990e-08
  4 (restart 0) KSP residual norm 1.715758e-08
  5 (restart 0) KSP residual norm 1.024754e-08
  6 (restart 0) KSP residual norm 6.201810e-09
  7 (restart 0) KSP residual norm 5.222075e-09
  8 (restart 0) KSP residual norm 4.604839e-09
  9 (restart 0) KSP residual norm 4.381500e-09
 10 (restart 0) KSP residual norm 4.221961e-09
 11 (restart 0) KSP residual norm 4.189796e-09
 12 (restart 0) KSP residual norm 4.099659e-09
 13 (restart 0) KSP residual norm 4.095378e-09
 14 (restart 0) KSP residual norm 4.002570e-09
 15 (restart 0) KSP residual norm 3.921993e-09
 16 (restart 0) KSP residual norm 3.887283e-09
 17 (restart 0) KSP residual norm 3.762180e-09
 18 (restart 0) KSP residual norm 3.753821e-09
 19 (restart 0) KSP residual norm 3.573434e-09
 20 (restart 0) KSP residual norm 3.562014e-09
 21 (restart 0) KSP residual norm 3.436873e-09
 22 (restart 0) KSP residual norm 3.247629e-09
 23 (restart 0) KSP residual norm 3.184901e-09
 24 (restart 0) KSP residual norm 2.763119e-09
 25 (restart 0) KSP residual norm 2.686701e-09
 26 (restart 0) KSP residual norm 2.003972e-09
 27 (restart 0) KSP residual norm 1.341349e-09
 28 (restart 0) KSP residual norm 7.186197e-10
 29 (restart 0) KSP residual norm 3.274981e-10
 30 (restart 0) KSP residual norm 1.831082e-10
 31 (restart 0) KSP residual norm 9.812512e-11
 32 (restart 0) KSP residual norm 5.263050e-11
 33 (restart 0) KSP residual norm 2.732524e-11
 34 (restart 0) KSP residual norm 1.310302e-11
 35 (restart 0) KSP residual norm 6.362621e-12
 36 (restart 0) KSP residual norm 2.834696e-12
 37 (restart 0) KSP residual norm 1.194717e-12
 38 (restart 0) KSP residual norm 5.138095e-13
GMRES solver converged in 38 iterations (avg. reduction factor: 7.345e-01)
2 NLEPS (nconv=0, restart=0) residual norm 2.000650e-10
Eigenvalue 0, Quasi-Newton converged in 2 iterations (-1.258e-02+9.060e+00i).
  Residual norms for GMRES solve
  0 (restart 0) KSP residual norm 1.121789e+01
  1 (restart 0) KSP residual norm 1.072615e+01
  2 (restart 0) KSP residual norm 4.977455e-01
  3 (restart 0) KSP residual norm 2.559966e-01
  4 (restart 0) KSP residual norm 5.597003e-02
  5 (restart 0) KSP residual norm 3.359374e-02
  6 (restart 0) KSP residual norm 2.205499e-02
  7 (restart 0) KSP residual norm 2.040684e-02
  8 (restart 0) KSP residual norm 2.032783e-02
  9 (restart 0) KSP residual norm 2.025968e-02
 10 (restart 0) KSP residual norm 1.926250e-02
 11 (restart 0) KSP residual norm 1.829887e-02
 12 (restart 0) KSP residual norm 1.764749e-02
 13 (restart 0) KSP residual norm 1.731995e-02
 14 (restart 0) KSP residual norm 1.718176e-02
 15 (restart 0) KSP residual norm 1.709173e-02
 16 (restart 0) KSP residual norm 1.706047e-02
 17 (restart 0) KSP residual norm 1.689295e-02
 18 (restart 0) KSP residual norm 1.687272e-02
 19 (restart 0) KSP residual norm 1.676918e-02
 20 (restart 0) KSP residual norm 1.664794e-02
 21 (restart 0) KSP residual norm 1.657041e-02
 22 (restart 0) KSP residual norm 1.642519e-02
 23 (restart 0) KSP residual norm 1.617388e-02
 24 (restart 0) KSP residual norm 1.582174e-02
 25 (restart 0) KSP residual norm 1.505703e-02
 26 (restart 0) KSP residual norm 1.381685e-02
 27 (restart 0) KSP residual norm 1.154284e-02
 28 (restart 0) KSP residual norm 6.817615e-03
 29 (restart 0) KSP residual norm 3.744428e-03
 30 (restart 0) KSP residual norm 1.986893e-03
 31 (restart 0) KSP residual norm 9.812210e-04
GMRES solver converged in 31 iterations (avg. reduction factor: 7.398e-01)
0 NLEPS (nconv=1, restart=0) residual norm 1.155098e-01
  Residual norms for GMRES solve
  0 (restart 0) KSP residual norm 1.221657e+00
  1 (restart 0) KSP residual norm 7.533850e-01
  2 (restart 0) KSP residual norm 2.250336e-01
  3 (restart 0) KSP residual norm 6.036002e-02
  4 (restart 0) KSP residual norm 1.881263e-02
  5 (restart 0) KSP residual norm 9.105212e-03
  6 (restart 0) KSP residual norm 5.399249e-03
  7 (restart 0) KSP residual norm 3.370025e-03
  8 (restart 0) KSP residual norm 2.292951e-03
  9 (restart 0) KSP residual norm 1.843742e-03
 10 (restart 0) KSP residual norm 1.806353e-03
 11 (restart 0) KSP residual norm 1.774471e-03
 12 (restart 0) KSP residual norm 1.754261e-03
 13 (restart 0) KSP residual norm 1.714541e-03
 14 (restart 0) KSP residual norm 1.711199e-03
 15 (restart 0) KSP residual norm 1.693837e-03
 16 (restart 0) KSP residual norm 1.649781e-03
 17 (restart 0) KSP residual norm 1.647730e-03
 18 (restart 0) KSP residual norm 1.643813e-03
 19 (restart 0) KSP residual norm 1.622439e-03
 20 (restart 0) KSP residual norm 1.610007e-03
 21 (restart 0) KSP residual norm 1.595483e-03
 22 (restart 0) KSP residual norm 1.570175e-03
 23 (restart 0) KSP residual norm 1.562297e-03
 24 (restart 0) KSP residual norm 1.547199e-03
 25 (restart 0) KSP residual norm 1.542562e-03
 26 (restart 0) KSP residual norm 1.529338e-03
 27 (restart 0) KSP residual norm 1.510605e-03
 28 (restart 0) KSP residual norm 1.387063e-03
 29 (restart 0) KSP residual norm 1.185238e-03
 30 (restart 0) KSP residual norm 7.839967e-04
 31 (restart 0) KSP residual norm 3.966788e-04
 32 (restart 0) KSP residual norm 1.992919e-04
 33 (restart 0) KSP residual norm 8.629554e-05
GMRES solver converged in 33 iterations (avg. reduction factor: 7.485e-01)
1 NLEPS (nconv=1, restart=0) residual norm 3.263570e-04
  Residual norms for GMRES solve
  0 (restart 0) KSP residual norm 1.195031e-06
  1 (restart 0) KSP residual norm 2.170250e-07
  2 (restart 0) KSP residual norm 6.181287e-08
  3 (restart 0) KSP residual norm 3.618836e-08
  4 (restart 0) KSP residual norm 1.874567e-08
  5 (restart 0) KSP residual norm 1.045896e-08
  6 (restart 0) KSP residual norm 5.915559e-09
  7 (restart 0) KSP residual norm 4.470783e-09
  8 (restart 0) KSP residual norm 3.495342e-09
  9 (restart 0) KSP residual norm 3.317584e-09
 10 (restart 0) KSP residual norm 2.868665e-09
 11 (restart 0) KSP residual norm 2.863513e-09
 12 (restart 0) KSP residual norm 2.670979e-09
 13 (restart 0) KSP residual norm 2.510237e-09
 14 (restart 0) KSP residual norm 2.299341e-09
 15 (restart 0) KSP residual norm 1.826069e-09
 16 (restart 0) KSP residual norm 1.004942e-09
 17 (restart 0) KSP residual norm 5.854168e-10
 18 (restart 0) KSP residual norm 2.842321e-10
 19 (restart 0) KSP residual norm 1.641196e-10
 20 (restart 0) KSP residual norm 1.094453e-10
GMRES solver converged in 20 iterations (avg. reduction factor: 6.282e-01)
2 NLEPS (nconv=1, restart=0) residual norm 2.340300e-08
  Residual norms for GMRES solve
  0 (restart 0) KSP residual norm 1.050602e-08
  1 (restart 0) KSP residual norm 2.176218e-09
  2 (restart 0) KSP residual norm 9.391310e-11
  3 (restart 0) KSP residual norm 6.699971e-11
  4 (restart 0) KSP residual norm 4.413814e-11
  5 (restart 0) KSP residual norm 2.845158e-11
  6 (restart 0) KSP residual norm 2.214403e-11
  7 (restart 0) KSP residual norm 2.121755e-11
  8 (restart 0) KSP residual norm 1.958354e-11
  9 (restart 0) KSP residual norm 1.900808e-11
 10 (restart 0) KSP residual norm 1.851368e-11
 11 (restart 0) KSP residual norm 1.775385e-11
 12 (restart 0) KSP residual norm 1.430905e-11
 13 (restart 0) KSP residual norm 1.287514e-11
 14 (restart 0) KSP residual norm 9.023484e-12
 15 (restart 0) KSP residual norm 6.339463e-12
 16 (restart 0) KSP residual norm 4.653006e-12
 17 (restart 0) KSP residual norm 3.973769e-12
 18 (restart 0) KSP residual norm 3.591931e-12
 19 (restart 0) KSP residual norm 3.522720e-12
 20 (restart 0) KSP residual norm 3.481544e-12
 21 (restart 0) KSP residual norm 3.463157e-12
 22 (restart 0) KSP residual norm 3.451132e-12
 23 (restart 0) KSP residual norm 3.433764e-12
 24 (restart 0) KSP residual norm 3.412626e-12
 25 (restart 0) KSP residual norm 3.367955e-12
 26 (restart 0) KSP residual norm 3.329594e-12
 27 (restart 0) KSP residual norm 3.297598e-12
 28 (restart 0) KSP residual norm 3.223207e-12
 29 (restart 0) KSP residual norm 3.155692e-12
 30 (restart 0) KSP residual norm 3.066162e-12
 31 (restart 0) KSP residual norm 2.783031e-12
 32 (restart 0) KSP residual norm 2.219680e-12
 33 (restart 0) KSP residual norm 1.309022e-12
 34 (restart 0) KSP residual norm 6.989630e-13
GMRES solver converged in 34 iterations (avg. reduction factor: 7.536e-01)
3 NLEPS (nconv=1, restart=0) residual norm 4.967224e-11
Eigenvalue 1, Quasi-Newton converged in 3 iterations (-1.989e-04+9.676e+00i).
  Residual norms for GMRES solve
  0 (restart 0) KSP residual norm 1.081713e+01
  1 (restart 0) KSP residual norm 1.074927e+01
  2 (restart 0) KSP residual norm 5.249020e-01
  3 (restart 0) KSP residual norm 2.625432e-01
  4 (restart 0) KSP residual norm 5.657651e-02
  5 (restart 0) KSP residual norm 3.505657e-02
  6 (restart 0) KSP residual norm 2.321228e-02
  7 (restart 0) KSP residual norm 2.183173e-02
  8 (restart 0) KSP residual norm 2.177106e-02
  9 (restart 0) KSP residual norm 2.172889e-02
 10 (restart 0) KSP residual norm 2.084089e-02
 11 (restart 0) KSP residual norm 1.831082e-02
 12 (restart 0) KSP residual norm 1.468291e-02
 13 (restart 0) KSP residual norm 1.387169e-02
 14 (restart 0) KSP residual norm 1.303163e-02
 15 (restart 0) KSP residual norm 1.273359e-02
 16 (restart 0) KSP residual norm 1.261119e-02
 17 (restart 0) KSP residual norm 1.230626e-02
 18 (restart 0) KSP residual norm 1.220701e-02
 19 (restart 0) KSP residual norm 1.211672e-02
 20 (restart 0) KSP residual norm 1.201334e-02
 21 (restart 0) KSP residual norm 1.193059e-02
 22 (restart 0) KSP residual norm 1.187406e-02
 23 (restart 0) KSP residual norm 1.185359e-02
 24 (restart 0) KSP residual norm 1.179696e-02
 25 (restart 0) KSP residual norm 1.168254e-02
 26 (restart 0) KSP residual norm 1.126756e-02
 27 (restart 0) KSP residual norm 9.287234e-03
 28 (restart 0) KSP residual norm 5.861913e-03
 29 (restart 0) KSP residual norm 3.444704e-03
 30 (restart 0) KSP residual norm 1.868897e-03
 31 (restart 0) KSP residual norm 9.360800e-04
GMRES solver converged in 31 iterations (avg. reduction factor: 7.395e-01)
0 NLEPS (nconv=2, restart=0) residual norm 1.503141e-01
  Residual norms for GMRES solve
  0 (restart 0) KSP residual norm 1.005724e+02
  1 (restart 0) KSP residual norm 2.498866e+01
  2 (restart 0) KSP residual norm 1.268694e+00
  3 (restart 0) KSP residual norm 9.247623e-01
  4 (restart 0) KSP residual norm 9.140396e-01
  5 (restart 0) KSP residual norm 8.913133e-01
  6 (restart 0) KSP residual norm 8.898911e-01
  7 (restart 0) KSP residual norm 6.580095e-01
  8 (restart 0) KSP residual norm 2.551861e-01
  9 (restart 0) KSP residual norm 1.428675e-01
 10 (restart 0) KSP residual norm 7.508571e-02
 11 (restart 0) KSP residual norm 3.566728e-02
 12 (restart 0) KSP residual norm 1.972606e-02
 13 (restart 0) KSP residual norm 7.387633e-03
GMRES solver converged in 13 iterations (avg. reduction factor: 4.808e-01)
1 NLEPS (nconv=2, restart=0) residual norm 6.116649e-04
  Residual norms for GMRES solve
  0 (restart 0) KSP residual norm 3.456371e-03
  1 (restart 0) KSP residual norm 2.371155e-04
  2 (restart 0) KSP residual norm 3.526004e-05
  3 (restart 0) KSP residual norm 2.492768e-05
  4 (restart 0) KSP residual norm 1.858895e-05
  5 (restart 0) KSP residual norm 1.521455e-05
  6 (restart 0) KSP residual norm 1.372679e-05
  7 (restart 0) KSP residual norm 1.309220e-05
  8 (restart 0) KSP residual norm 1.289113e-05
  9 (restart 0) KSP residual norm 1.269555e-05
 10 (restart 0) KSP residual norm 1.266976e-05
 11 (restart 0) KSP residual norm 1.000929e-05
 12 (restart 0) KSP residual norm 7.965537e-06
 13 (restart 0) KSP residual norm 5.422615e-06
 14 (restart 0) KSP residual norm 2.257723e-06
 15 (restart 0) KSP residual norm 1.427537e-06
 16 (restart 0) KSP residual norm 6.068690e-07
 17 (restart 0) KSP residual norm 4.144126e-07
 18 (restart 0) KSP residual norm 2.457489e-07
GMRES solver converged in 18 iterations (avg. reduction factor: 5.882e-01)
2 NLEPS (nconv=2, restart=0) residual norm 1.626008e-06
  Residual norms for GMRES solve
  0 (restart 0) KSP residual norm 4.300140e-05
  1 (restart 0) KSP residual norm 2.688897e-06
  2 (restart 0) KSP residual norm 1.934501e-07
  3 (restart 0) KSP residual norm 1.057919e-07
  4 (restart 0) KSP residual norm 7.235167e-08
  5 (restart 0) KSP residual norm 5.593766e-08
  6 (restart 0) KSP residual norm 3.901456e-08
  7 (restart 0) KSP residual norm 3.242514e-08
  8 (restart 0) KSP residual norm 3.139907e-08
  9 (restart 0) KSP residual norm 3.119244e-08
 10 (restart 0) KSP residual norm 3.093998e-08
 11 (restart 0) KSP residual norm 2.858348e-08
 12 (restart 0) KSP residual norm 2.707562e-08
 13 (restart 0) KSP residual norm 2.340641e-08
 14 (restart 0) KSP residual norm 1.443529e-08
 15 (restart 0) KSP residual norm 8.796255e-09
 16 (restart 0) KSP residual norm 3.817381e-09
 17 (restart 0) KSP residual norm 2.192530e-09
 18 (restart 0) KSP residual norm 1.443900e-09
 19 (restart 0) KSP residual norm 7.996496e-10
 20 (restart 0) KSP residual norm 6.387404e-10
 21 (restart 0) KSP residual norm 5.616802e-10
 22 (restart 0) KSP residual norm 5.436867e-10
 23 (restart 0) KSP residual norm 5.397539e-10
 24 (restart 0) KSP residual norm 5.364648e-10
 25 (restart 0) KSP residual norm 5.308475e-10
 26 (restart 0) KSP residual norm 5.296230e-10
 27 (restart 0) KSP residual norm 5.294842e-10
 28 (restart 0) KSP residual norm 5.232070e-10
 29 (restart 0) KSP residual norm 5.095845e-10
 30 (restart 0) KSP residual norm 5.063679e-10
 31 (restart 0) KSP residual norm 5.026102e-10
 32 (restart 0) KSP residual norm 4.877899e-10
 33 (restart 0) KSP residual norm 4.165814e-10
 34 (restart 0) KSP residual norm 3.018702e-10
 35 (restart 0) KSP residual norm 1.660757e-10
 36 (restart 0) KSP residual norm 9.445493e-11
 37 (restart 0) KSP residual norm 4.714379e-11
GMRES solver converged in 37 iterations (avg. reduction factor: 6.901e-01)
3 NLEPS (nconv=2, restart=0) residual norm 3.464265e-09
Eigenvalue 2, Quasi-Newton converged in 3 iterations (-1.990e-04+9.676e+00i).
  Residual norms for GMRES solve
  0 (restart 0) KSP residual norm 1.186417e+01
  1 (restart 0) KSP residual norm 9.318915e-01
  2 (restart 0) KSP residual norm 8.915938e-01
  3 (restart 0) KSP residual norm 7.306320e-01
  4 (restart 0) KSP residual norm 5.773525e-01
  5 (restart 0) KSP residual norm 5.082101e-01
  6 (restart 0) KSP residual norm 2.542064e-01
  7 (restart 0) KSP residual norm 1.701916e-01
  8 (restart 0) KSP residual norm 8.363755e-02
  9 (restart 0) KSP residual norm 5.860674e-02
 10 (restart 0) KSP residual norm 3.582031e-02
 11 (restart 0) KSP residual norm 2.725245e-02
 12 (restart 0) KSP residual norm 2.207180e-02
 13 (restart 0) KSP residual norm 1.693291e-02
 14 (restart 0) KSP residual norm 1.487933e-02
 15 (restart 0) KSP residual norm 1.462689e-02
 16 (restart 0) KSP residual norm 1.455457e-02
 17 (restart 0) KSP residual norm 1.412523e-02
 18 (restart 0) KSP residual norm 9.742003e-03
 19 (restart 0) KSP residual norm 4.800006e-03
 20 (restart 0) KSP residual norm 2.238090e-03
 21 (restart 0) KSP residual norm 1.041205e-03
GMRES solver converged in 21 iterations (avg. reduction factor: 6.409e-01)
0 NLEPS (nconv=3, restart=0) residual norm 7.301510e-01
  Residual norms for GMRES solve
  0 (restart 0) KSP residual norm 2.898586e+00
  1 (restart 0) KSP residual norm 2.572346e+00
  2 (restart 0) KSP residual norm 1.576485e+00
  3 (restart 0) KSP residual norm 6.510512e-01
  4 (restart 0) KSP residual norm 6.428571e-01
  5 (restart 0) KSP residual norm 5.039281e-01
  6 (restart 0) KSP residual norm 4.618799e-01
  7 (restart 0) KSP residual norm 2.733404e-01
  8 (restart 0) KSP residual norm 2.357392e-01
  9 (restart 0) KSP residual norm 1.818874e-01
 10 (restart 0) KSP residual norm 7.738721e-02
 11 (restart 0) KSP residual norm 4.101901e-02
 12 (restart 0) KSP residual norm 2.327366e-02
 13 (restart 0) KSP residual norm 1.594003e-02
 14 (restart 0) KSP residual norm 1.331124e-02
 15 (restart 0) KSP residual norm 1.243686e-02
 16 (restart 0) KSP residual norm 9.727902e-03
 17 (restart 0) KSP residual norm 8.025682e-03
 18 (restart 0) KSP residual norm 5.691331e-03
 19 (restart 0) KSP residual norm 3.762190e-03
 20 (restart 0) KSP residual norm 1.923204e-03
 21 (restart 0) KSP residual norm 8.940616e-04
 22 (restart 0) KSP residual norm 4.557411e-04
 23 (restart 0) KSP residual norm 1.854840e-04
GMRES solver converged in 23 iterations (avg. reduction factor: 6.571e-01)
1 NLEPS (nconv=3, restart=0) residual norm 3.024052e-02
  Residual norms for GMRES solve
  0 (restart 0) KSP residual norm 3.205743e-04
  1 (restart 0) KSP residual norm 2.885964e-04
  2 (restart 0) KSP residual norm 2.395748e-04
  3 (restart 0) KSP residual norm 1.139032e-04
  4 (restart 0) KSP residual norm 1.070933e-04
  5 (restart 0) KSP residual norm 6.839580e-05
  6 (restart 0) KSP residual norm 6.279687e-05
  7 (restart 0) KSP residual norm 4.480034e-05
  8 (restart 0) KSP residual norm 3.676910e-05
  9 (restart 0) KSP residual norm 2.563010e-05
 10 (restart 0) KSP residual norm 1.511167e-05
 11 (restart 0) KSP residual norm 8.594222e-06
 12 (restart 0) KSP residual norm 3.744788e-06
 13 (restart 0) KSP residual norm 2.360160e-06
 14 (restart 0) KSP residual norm 1.866347e-06
 15 (restart 0) KSP residual norm 1.557494e-06
 16 (restart 0) KSP residual norm 1.445729e-06
 17 (restart 0) KSP residual norm 1.098033e-06
 18 (restart 0) KSP residual norm 8.774599e-07
 19 (restart 0) KSP residual norm 6.034017e-07
 20 (restart 0) KSP residual norm 3.597738e-07
 21 (restart 0) KSP residual norm 2.022257e-07
 22 (restart 0) KSP residual norm 9.306731e-08
 23 (restart 0) KSP residual norm 4.663498e-08
 24 (restart 0) KSP residual norm 1.726891e-08
GMRES solver converged in 24 iterations (avg. reduction factor: 6.640e-01)
2 NLEPS (nconv=3, restart=0) residual norm 3.094676e-04
  Residual norms for GMRES solve
  0 (restart 0) KSP residual norm 2.093169e-05
  1 (restart 0) KSP residual norm 1.085992e-05
  2 (restart 0) KSP residual norm 9.597783e-06
  3 (restart 0) KSP residual norm 3.786952e-06
  4 (restart 0) KSP residual norm 3.653625e-06
  5 (restart 0) KSP residual norm 2.195764e-06
  6 (restart 0) KSP residual norm 2.080370e-06
  7 (restart 0) KSP residual norm 1.893010e-06
  8 (restart 0) KSP residual norm 1.694666e-06
  9 (restart 0) KSP residual norm 1.110485e-06
 10 (restart 0) KSP residual norm 1.045744e-06
 11 (restart 0) KSP residual norm 1.041564e-06
 12 (restart 0) KSP residual norm 9.514073e-07
 13 (restart 0) KSP residual norm 7.509772e-07
 14 (restart 0) KSP residual norm 6.304802e-07
 15 (restart 0) KSP residual norm 4.669876e-07
 16 (restart 0) KSP residual norm 3.666510e-07
 17 (restart 0) KSP residual norm 1.875382e-07
 18 (restart 0) KSP residual norm 7.950803e-08
 19 (restart 0) KSP residual norm 3.498436e-08
 20 (restart 0) KSP residual norm 1.438655e-08
 21 (restart 0) KSP residual norm 6.745939e-09
 22 (restart 0) KSP residual norm 3.215902e-09
 23 (restart 0) KSP residual norm 1.392761e-09
GMRES solver converged in 23 iterations (avg. reduction factor: 6.583e-01)
3 NLEPS (nconv=3, restart=0) residual norm 3.146793e-07
  Residual norms for GMRES solve
  0 (restart 0) KSP residual norm 1.147999e-05
  1 (restart 0) KSP residual norm 4.267816e-06
  2 (restart 0) KSP residual norm 3.044704e-06
  3 (restart 0) KSP residual norm 2.018847e-06
  4 (restart 0) KSP residual norm 1.762504e-06
  5 (restart 0) KSP residual norm 8.400858e-07
  6 (restart 0) KSP residual norm 7.381972e-07
  7 (restart 0) KSP residual norm 7.327599e-07
  8 (restart 0) KSP residual norm 5.903811e-07
  9 (restart 0) KSP residual norm 5.324536e-07
 10 (restart 0) KSP residual norm 5.012580e-07
 11 (restart 0) KSP residual norm 4.787154e-07
 12 (restart 0) KSP residual norm 4.593496e-07
 13 (restart 0) KSP residual norm 3.856384e-07
 14 (restart 0) KSP residual norm 3.227490e-07
 15 (restart 0) KSP residual norm 2.134459e-07
 16 (restart 0) KSP residual norm 9.980022e-08
 17 (restart 0) KSP residual norm 4.660462e-08
 18 (restart 0) KSP residual norm 1.895963e-08
 19 (restart 0) KSP residual norm 1.000153e-08
 20 (restart 0) KSP residual norm 3.915767e-09
 21 (restart 0) KSP residual norm 1.731571e-09
 22 (restart 0) KSP residual norm 8.604306e-10
 23 (restart 0) KSP residual norm 3.457570e-10
 24 (restart 0) KSP residual norm 1.766013e-10
 25 (restart 0) KSP residual norm 8.588179e-11
 26 (restart 0) KSP residual norm 4.291190e-11
 27 (restart 0) KSP residual norm 2.029375e-11
 28 (restart 0) KSP residual norm 1.068987e-11
 29 (restart 0) KSP residual norm 4.436973e-12
 30 (restart 0) KSP residual norm 1.899951e-12
GMRES solver converged in 30 iterations (avg. reduction factor: 5.942e-01)
4 NLEPS (nconv=3, restart=0) residual norm 1.776015e-07
  Residual norms for GMRES solve
  0 (restart 0) KSP residual norm 8.575278e-06
  1 (restart 0) KSP residual norm 3.187291e-06
  2 (restart 0) KSP residual norm 2.274373e-06
  3 (restart 0) KSP residual norm 1.508578e-06
  4 (restart 0) KSP residual norm 1.316985e-06
  5 (restart 0) KSP residual norm 6.275295e-07
  6 (restart 0) KSP residual norm 5.528888e-07
  7 (restart 0) KSP residual norm 5.493043e-07
  8 (restart 0) KSP residual norm 4.425439e-07
  9 (restart 0) KSP residual norm 3.981532e-07
 10 (restart 0) KSP residual norm 3.744958e-07
 11 (restart 0) KSP residual norm 3.575692e-07
 12 (restart 0) KSP residual norm 3.428987e-07
 13 (restart 0) KSP residual norm 2.875114e-07
 14 (restart 0) KSP residual norm 2.407727e-07
 15 (restart 0) KSP residual norm 1.598397e-07
 16 (restart 0) KSP residual norm 7.499047e-08
 17 (restart 0) KSP residual norm 3.457177e-08
 18 (restart 0) KSP residual norm 1.381835e-08
 19 (restart 0) KSP residual norm 7.363252e-09
 20 (restart 0) KSP residual norm 2.955804e-09
 21 (restart 0) KSP residual norm 1.342915e-09
 22 (restart 0) KSP residual norm 6.675169e-10
 23 (restart 0) KSP residual norm 2.619746e-10
 24 (restart 0) KSP residual norm 1.290187e-10
 25 (restart 0) KSP residual norm 6.355929e-11
 26 (restart 0) KSP residual norm 3.258889e-11
 27 (restart 0) KSP residual norm 1.505725e-11
 28 (restart 0) KSP residual norm 7.837309e-12
 29 (restart 0) KSP residual norm 3.223771e-12
 30 (restart 0) KSP residual norm 1.353283e-12
GMRES solver converged in 30 iterations (avg. reduction factor: 5.933e-01)
5 NLEPS (nconv=3, restart=0) residual norm 1.326617e-07
  Residual norms for GMRES solve
  0 (restart 0) KSP residual norm 6.404213e-06
  1 (restart 0) KSP residual norm 2.380342e-06
  2 (restart 0) KSP residual norm 1.698554e-06
  3 (restart 0) KSP residual norm 1.126641e-06
  4 (restart 0) KSP residual norm 9.835548e-07
  5 (restart 0) KSP residual norm 4.686534e-07
  6 (restart 0) KSP residual norm 4.129100e-07
  7 (restart 0) KSP residual norm 4.102330e-07
  8 (restart 0) KSP residual norm 3.305018e-07
  9 (restart 0) KSP residual norm 2.973498e-07
 10 (restart 0) KSP residual norm 2.796819e-07
 11 (restart 0) KSP residual norm 2.670407e-07
 12 (restart 0) KSP residual norm 2.560845e-07
 13 (restart 0) KSP residual norm 2.147199e-07
 14 (restart 0) KSP residual norm 1.798136e-07
 15 (restart 0) KSP residual norm 1.193708e-07
 16 (restart 0) KSP residual norm 5.600435e-08
 17 (restart 0) KSP residual norm 2.581885e-08
 18 (restart 0) KSP residual norm 1.031970e-08
 19 (restart 0) KSP residual norm 5.498973e-09
 20 (restart 0) KSP residual norm 2.207456e-09
 21 (restart 0) KSP residual norm 1.002919e-09
 22 (restart 0) KSP residual norm 4.985163e-10
 23 (restart 0) KSP residual norm 1.956474e-10
 24 (restart 0) KSP residual norm 9.635333e-11
 25 (restart 0) KSP residual norm 4.746720e-11
 26 (restart 0) KSP residual norm 2.433801e-11
 27 (restart 0) KSP residual norm 1.124506e-11
 28 (restart 0) KSP residual norm 5.853052e-12
 29 (restart 0) KSP residual norm 2.407564e-12
 30 (restart 0) KSP residual norm 1.010659e-12
 31 (restart 0) KSP residual norm 4.618681e-13
GMRES solver converged in 31 iterations (avg. reduction factor: 5.883e-01)
6 NLEPS (nconv=3, restart=0) residual norm 9.907478e-08
  Residual norms for GMRES solve
  0 (restart 0) KSP residual norm 4.782140e-06
  1 (restart 0) KSP residual norm 1.777442e-06
  2 (restart 0) KSP residual norm 1.268339e-06
  3 (restart 0) KSP residual norm 8.412823e-07
  4 (restart 0) KSP residual norm 7.344383e-07
  5 (restart 0) KSP residual norm 3.499518e-07
  6 (restart 0) KSP residual norm 3.083269e-07
  7 (restart 0) KSP residual norm 3.063286e-07
  8 (restart 0) KSP residual norm 2.467911e-07
  9 (restart 0) KSP residual norm 2.220353e-07
 10 (restart 0) KSP residual norm 2.088425e-07
 11 (restart 0) KSP residual norm 1.994032e-07
 12 (restart 0) KSP residual norm 1.912221e-07
 13 (restart 0) KSP residual norm 1.603347e-07
 14 (restart 0) KSP residual norm 1.342697e-07
 15 (restart 0) KSP residual norm 8.913617e-08
 16 (restart 0) KSP residual norm 4.181938e-08
 17 (restart 0) KSP residual norm 1.927921e-08
 18 (restart 0) KSP residual norm 7.705776e-09
 19 (restart 0) KSP residual norm 4.106187e-09
 20 (restart 0) KSP residual norm 1.648375e-09
 21 (restart 0) KSP residual norm 7.489079e-10
 22 (restart 0) KSP residual norm 3.722420e-10
 23 (restart 0) KSP residual norm 1.461004e-10
 24 (restart 0) KSP residual norm 7.195772e-11
 25 (restart 0) KSP residual norm 3.544663e-11
 26 (restart 0) KSP residual norm 1.817425e-11
 27 (restart 0) KSP residual norm 8.397660e-12
 28 (restart 0) KSP residual norm 4.370977e-12
 29 (restart 0) KSP residual norm 1.798037e-12
 30 (restart 0) KSP residual norm 7.548414e-13
GMRES solver converged in 30 iterations (avg. reduction factor: 5.933e-01)
7 NLEPS (nconv=3, restart=0) residual norm 7.398093e-08
  Residual norms for GMRES solve
  0 (restart 0) KSP residual norm 3.570536e-06
  1 (restart 0) KSP residual norm 1.327110e-06
  2 (restart 0) KSP residual norm 9.469934e-07
  3 (restart 0) KSP residual norm 6.281352e-07
  4 (restart 0) KSP residual norm 5.483606e-07
  5 (restart 0) KSP residual norm 2.612880e-07
  6 (restart 0) KSP residual norm 2.302094e-07
  7 (restart 0) KSP residual norm 2.287169e-07
  8 (restart 0) KSP residual norm 1.842644e-07
  9 (restart 0) KSP residual norm 1.657812e-07
 10 (restart 0) KSP residual norm 1.559309e-07
 11 (restart 0) KSP residual norm 1.488830e-07
 12 (restart 0) KSP residual norm 1.427746e-07
 13 (restart 0) KSP residual norm 1.197126e-07
 14 (restart 0) KSP residual norm 1.002513e-07
 15 (restart 0) KSP residual norm 6.655274e-08
 16 (restart 0) KSP residual norm 3.122406e-08
 17 (restart 0) KSP residual norm 1.439476e-08
 18 (restart 0) KSP residual norm 5.753537e-09
 19 (restart 0) KSP residual norm 3.065839e-09
 20 (restart 0) KSP residual norm 1.230721e-09
 21 (restart 0) KSP residual norm 5.591570e-10
 22 (restart 0) KSP residual norm 2.779374e-10
 23 (restart 0) KSP residual norm 1.090792e-10
 24 (restart 0) KSP residual norm 5.371980e-11
 25 (restart 0) KSP residual norm 2.646435e-11
 26 (restart 0) KSP residual norm 1.356915e-11
 27 (restart 0) KSP residual norm 6.269453e-12
 28 (restart 0) KSP residual norm 3.263248e-12
 29 (restart 0) KSP residual norm 1.342287e-12
 30 (restart 0) KSP residual norm 5.634721e-13
GMRES solver converged in 30 iterations (avg. reduction factor: 5.933e-01)
8 NLEPS (nconv=3, restart=0) residual norm 5.523712e-08
  Residual norms for GMRES solve
  0 (restart 0) KSP residual norm 2.665697e-06
  1 (restart 0) KSP residual norm 9.907961e-07
  2 (restart 0) KSP residual norm 7.070079e-07
  3 (restart 0) KSP residual norm 4.689542e-07
  4 (restart 0) KSP residual norm 4.093960e-07
  5 (restart 0) KSP residual norm 1.950728e-07
  6 (restart 0) KSP residual norm 1.718701e-07
  7 (restart 0) KSP residual norm 1.707558e-07
  8 (restart 0) KSP residual norm 1.375684e-07
  9 (restart 0) KSP residual norm 1.237692e-07
 10 (restart 0) KSP residual norm 1.164151e-07
 11 (restart 0) KSP residual norm 1.111533e-07
 12 (restart 0) KSP residual norm 1.065929e-07
 13 (restart 0) KSP residual norm 8.937523e-08
 14 (restart 0) KSP residual norm 7.484580e-08
 15 (restart 0) KSP residual norm 4.968705e-08
 16 (restart 0) KSP residual norm 2.331131e-08
 17 (restart 0) KSP residual norm 1.074687e-08
 18 (restart 0) KSP residual norm 4.295484e-09
 19 (restart 0) KSP residual norm 2.288899e-09
 20 (restart 0) KSP residual norm 9.188339e-10
 21 (restart 0) KSP residual norm 4.174563e-10
 22 (restart 0) KSP residual norm 2.075030e-10
 23 (restart 0) KSP residual norm 8.143651e-11
 24 (restart 0) KSP residual norm 4.010621e-11
 25 (restart 0) KSP residual norm 1.975780e-11
 26 (restart 0) KSP residual norm 1.013048e-11
 27 (restart 0) KSP residual norm 4.680658e-12
 28 (restart 0) KSP residual norm 2.436281e-12
 29 (restart 0) KSP residual norm 1.002127e-12
 30 (restart 0) KSP residual norm 4.206779e-13
GMRES solver converged in 30 iterations (avg. reduction factor: 5.933e-01)
9 NLEPS (nconv=3, restart=0) residual norm 4.123903e-08
  Residual norms for GMRES solve
  0 (restart 0) KSP residual norm 1.990045e-06
  1 (restart 0) KSP residual norm 7.396672e-07
  2 (restart 0) KSP residual norm 5.278084e-07
  3 (restart 0) KSP residual norm 3.500923e-07
  4 (restart 0) KSP residual norm 3.056298e-07
  5 (restart 0) KSP residual norm 1.456293e-07
  6 (restart 0) KSP residual norm 1.283076e-07
  7 (restart 0) KSP residual norm 1.274758e-07
  8 (restart 0) KSP residual norm 1.027001e-07
  9 (restart 0) KSP residual norm 9.239847e-08
 10 (restart 0) KSP residual norm 8.690834e-08
 11 (restart 0) KSP residual norm 8.298021e-08
 12 (restart 0) KSP residual norm 7.957567e-08
 13 (restart 0) KSP residual norm 6.672204e-08
 14 (restart 0) KSP residual norm 5.587526e-08
 15 (restart 0) KSP residual norm 3.709328e-08
 16 (restart 0) KSP residual norm 1.740279e-08
 17 (restart 0) KSP residual norm 8.022947e-09
 18 (restart 0) KSP residual norm 3.206744e-09
 19 (restart 0) KSP residual norm 1.708750e-09
 20 (restart 0) KSP residual norm 6.859447e-10
 21 (restart 0) KSP residual norm 3.116471e-10
 22 (restart 0) KSP residual norm 1.549089e-10
 23 (restart 0) KSP residual norm 6.079547e-11
 24 (restart 0) KSP residual norm 2.994082e-11
 25 (restart 0) KSP residual norm 1.474995e-11
 26 (restart 0) KSP residual norm 7.562791e-12
 27 (restart 0) KSP residual norm 3.494290e-12
 28 (restart 0) KSP residual norm 1.818777e-12
 29 (restart 0) KSP residual norm 7.481263e-13
GMRES solver converged in 29 iterations (avg. reduction factor: 6.004e-01)
10 NLEPS (nconv=3, restart=0) residual norm 3.078651e-08
  Residual norms for GMRES solve
  0 (restart 0) KSP residual norm 1.485581e-06
  1 (restart 0) KSP residual norm 5.521660e-07
  2 (restart 0) KSP residual norm 3.940122e-07
  3 (restart 0) KSP residual norm 2.613463e-07
  4 (restart 0) KSP residual norm 2.281540e-07
  5 (restart 0) KSP residual norm 1.087132e-07
  6 (restart 0) KSP residual norm 9.578298e-08
  7 (restart 0) KSP residual norm 9.516163e-08
  8 (restart 0) KSP residual norm 7.666665e-08
  9 (restart 0) KSP residual norm 6.897683e-08
 10 (restart 0) KSP residual norm 6.487845e-08
 11 (restart 0) KSP residual norm 6.194600e-08
 12 (restart 0) KSP residual norm 5.940445e-08
 13 (restart 0) KSP residual norm 4.980877e-08
 14 (restart 0) KSP residual norm 4.171137e-08
 15 (restart 0) KSP residual norm 2.769034e-08
 16 (restart 0) KSP residual norm 1.299108e-08
 17 (restart 0) KSP residual norm 5.989175e-09
 18 (restart 0) KSP residual norm 2.393923e-09
 19 (restart 0) KSP residual norm 1.275638e-09
 20 (restart 0) KSP residual norm 5.120585e-10
 21 (restart 0) KSP residual norm 2.326266e-10
 22 (restart 0) KSP residual norm 1.156319e-10
 23 (restart 0) KSP residual norm 4.538463e-11
 24 (restart 0) KSP residual norm 2.235355e-11
 25 (restart 0) KSP residual norm 1.101160e-11
 26 (restart 0) KSP residual norm 5.645996e-12
 27 (restart 0) KSP residual norm 2.608633e-12
 28 (restart 0) KSP residual norm 1.357858e-12
 29 (restart 0) KSP residual norm 5.585151e-13
GMRES solver converged in 29 iterations (avg. reduction factor: 6.004e-01)
11 NLEPS (nconv=3, restart=0) residual norm 2.298233e-08
  Residual norms for GMRES solve
  0 (restart 0) KSP residual norm 1.108960e-06
  1 (restart 0) KSP residual norm 4.121822e-07
  2 (restart 0) KSP residual norm 2.941232e-07
  3 (restart 0) KSP residual norm 1.950904e-07
  4 (restart 0) KSP residual norm 1.703130e-07
  5 (restart 0) KSP residual norm 8.115249e-08
  6 (restart 0) KSP residual norm 7.150031e-08
  7 (restart 0) KSP residual norm 7.103648e-08
  8 (restart 0) KSP residual norm 5.723031e-08
  9 (restart 0) KSP residual norm 5.148999e-08
 10 (restart 0) KSP residual norm 4.843063e-08
 11 (restart 0) KSP residual norm 4.624160e-08
 12 (restart 0) KSP residual norm 4.434438e-08
 13 (restart 0) KSP residual norm 3.718137e-08
 14 (restart 0) KSP residual norm 3.113680e-08
 15 (restart 0) KSP residual norm 2.067034e-08
 16 (restart 0) KSP residual norm 9.697610e-09
 17 (restart 0) KSP residual norm 4.470813e-09
 18 (restart 0) KSP residual norm 1.787020e-09
 19 (restart 0) KSP residual norm 9.522408e-10
 20 (restart 0) KSP residual norm 3.822426e-10
 21 (restart 0) KSP residual norm 1.736516e-10
 22 (restart 0) KSP residual norm 8.631716e-11
 23 (restart 0) KSP residual norm 3.387882e-11
 24 (restart 0) KSP residual norm 1.668652e-11
 25 (restart 0) KSP residual norm 8.219960e-12
 26 (restart 0) KSP residual norm 4.214635e-12
 27 (restart 0) KSP residual norm 1.947297e-12
 28 (restart 0) KSP residual norm 1.013616e-12
 29 (restart 0) KSP residual norm 4.169213e-13
GMRES solver converged in 29 iterations (avg. reduction factor: 6.004e-01)
12 NLEPS (nconv=3, restart=0) residual norm 1.715591e-08
  Residual norms for GMRES solve
  0 (restart 0) KSP residual norm 8.277993e-07
  1 (restart 0) KSP residual norm 3.076794e-07
  2 (restart 0) KSP residual norm 2.195525e-07
  3 (restart 0) KSP residual norm 1.456281e-07
  4 (restart 0) KSP residual norm 1.271326e-07
  5 (restart 0) KSP residual norm 6.057746e-08
  6 (restart 0) KSP residual norm 5.337245e-08
  7 (restart 0) KSP residual norm 5.302622e-08
  8 (restart 0) KSP residual norm 4.272039e-08
  9 (restart 0) KSP residual norm 3.843545e-08
 10 (restart 0) KSP residual norm 3.615175e-08
 11 (restart 0) KSP residual norm 3.451771e-08
 12 (restart 0) KSP residual norm 3.310151e-08
 13 (restart 0) KSP residual norm 2.775457e-08
 14 (restart 0) KSP residual norm 2.324252e-08
 15 (restart 0) KSP residual norm 1.542968e-08
 16 (restart 0) KSP residual norm 7.238922e-09
 17 (restart 0) KSP residual norm 3.337303e-09
 18 (restart 0) KSP residual norm 1.333947e-09
 19 (restart 0) KSP residual norm 7.108140e-10
 20 (restart 0) KSP residual norm 2.853305e-10
 21 (restart 0) KSP residual norm 1.296248e-10
 22 (restart 0) KSP residual norm 6.443270e-11
 23 (restart 0) KSP residual norm 2.528934e-11
 24 (restart 0) KSP residual norm 1.245590e-11
 25 (restart 0) KSP residual norm 6.135909e-12
 26 (restart 0) KSP residual norm 3.146076e-12
 27 (restart 0) KSP residual norm 1.453588e-12
 28 (restart 0) KSP residual norm 7.566285e-13
GMRES solver converged in 28 iterations (avg. reduction factor: 6.086e-01)
13 NLEPS (nconv=3, restart=0) residual norm 1.280630e-08
  Residual norms for GMRES solve
  0 (restart 0) KSP residual norm 6.179126e-07
  1 (restart 0) KSP residual norm 2.296682e-07
  2 (restart 0) KSP residual norm 1.638857e-07
  3 (restart 0) KSP residual norm 1.087048e-07
  4 (restart 0) KSP residual norm 9.489783e-08
  5 (restart 0) KSP residual norm 4.521820e-08
  6 (restart 0) KSP residual norm 3.984041e-08
  7 (restart 0) KSP residual norm 3.958164e-08
  8 (restart 0) KSP residual norm 3.188910e-08
  9 (restart 0) KSP residual norm 2.869079e-08
 10 (restart 0) KSP residual norm 2.698610e-08
 11 (restart 0) KSP residual norm 2.576640e-08
 12 (restart 0) KSP residual norm 2.470914e-08
 13 (restart 0) KSP residual norm 2.071748e-08
 14 (restart 0) KSP residual norm 1.734921e-08
 15 (restart 0) KSP residual norm 1.151778e-08
 16 (restart 0) KSP residual norm 5.403343e-09
 17 (restart 0) KSP residual norm 2.491127e-09
 18 (restart 0) KSP residual norm 9.958973e-10
 19 (restart 0) KSP residual norm 5.307347e-10
 20 (restart 0) KSP residual norm 2.129675e-10
 21 (restart 0) KSP residual norm 9.664953e-11
 22 (restart 0) KSP residual norm 4.806708e-11
 23 (restart 0) KSP residual norm 1.887926e-11
 24 (restart 0) KSP residual norm 9.300600e-12
 25 (restart 0) KSP residual norm 4.580236e-12
 26 (restart 0) KSP residual norm 2.348256e-12
 27 (restart 0) KSP residual norm 1.085083e-12
 28 (restart 0) KSP residual norm 5.649059e-13
GMRES solver converged in 28 iterations (avg. reduction factor: 6.086e-01)
14 NLEPS (nconv=3, restart=0) residual norm 9.559292e-09
Eigenvalue 3, Quasi-Newton converged in 14 iterations (-2.615e-03+9.019e+00i).

Computing solution error estimates and performing postprocessing

     m,        Re{f} (GHz),        Im{f} (GHz),                  Q,      Error (Bkwd.),       Error (Abs.)
     1,      +2.444943e+00,      +7.087560e-04,      +1.724813e+03,      +8.298044e-13,      +9.558442e-09
     2,      +2.455944e+00,      +3.410415e-03,      +3.600656e+02,      +1.736719e-14,      +2.000651e-10
     3,      +2.622941e+00,      +5.391832e-05,      +2.432328e+04,      +4.307306e-15,      +4.967216e-11
     4,      +2.623119e+00,      +5.394971e-05,      +2.431078e+04,      +3.003892e-13,      +3.464113e-09

Completed 0 iterations of adaptive mesh refinement (AMR):
 Indicator norm = nan, global unknowns = 291740
 Max. iterations = 0, tol. = 1.000e-02

Estimated peak per-rank memory usage is: Min. 191.8M, Max. 220.6M, Avg. 199.8M, Total 6.2G
Estimated peak per-node memory usage is: Min. 6.2G, Max. 6.2G, Avg. 6.2G, Total 6.2G

Elapsed Time Report (s)           Min.        Max.        Avg.
==============================================================
Initialization                   0.133       0.337       0.331
  Mesh Preprocessing             0.254       0.458       0.261
Operator Construction            0.887       0.895       0.890
Linear Solve                    13.187      13.278      13.237
  Setup                          3.901       3.901       3.901
  Preconditioner               139.976     140.069     140.026
  Coarse Solve                  11.765      11.904      11.812
Eigenvalue Solve                 1.852       1.862       1.859
Div.-Free Projection             6.846       6.853       6.852
Estimation                       0.027       0.030       0.028
  Construction                   0.301       0.302       0.301
  Solve                          1.124       1.126       1.125
Postprocessing                   0.441       0.445       0.442
Disk IO                          0.509       0.510       0.510
--------------------------------------------------------------
Total                          182.713     182.731     182.724

Peak Memory                   Per-Node       Total   Total HWM
==============================================================
Initialization                   61.7M       61.7M       61.7M
  Mesh Preprocessing            111.6M      111.6M      173.3M
Operator Construction             1.1G        1.1G        1.2G
Linear Solve                      1.0M        1.0M        1.2G
  Setup                         539.2M      539.2M        1.8G
  Preconditioner                 10.9M       10.9M        1.8G
  Coarse Solve                    2.2G        2.2G        4.0G
Eigenvalue Solve                168.1M      168.1M        4.2G
Div.-Free Projection            223.4M      223.4M        4.4G
Estimation                      151.2M      151.2M        4.5G
  Construction                  233.0M      233.0M        4.8G
  Solve                         159.5M      159.5M        4.9G
Postprocessing                  424.5M      424.5M        5.3G
Disk IO                          50.6M       50.6M        5.4G
--------------------------------------------------------------
Total                             5.8G        5.8G        5.8G

