=== watch armed 2026-08-27T15:17:34Z on /tmp/tmp.wBoQMKC6fn/rig.log ===
  --- loop 11x8 = 176 mm^2  mount=barrel
    -> Q0=   43,463  Q_ext=    8,716
EXIT=0
✅ run finished
=== watch armed 2026-08-27T15:17:38Z on /tmp/tmp.wBoQMKC6fn/rig.log ===
EXIT=0
✅ run finished
=== watch armed 2026-08-27T15:17:39Z on /tmp/tmp.wBoQMKC6fn/rig.log ===
⚠️  the filter matches NOTHING in /tmp/tmp.wBoQMKC6fn/rig.log so far — this watch may be blind.
    Check WATCH_PAT against the rig's actual output format.
🔴 HOST UNREACHABLE 3x. Cause UNKNOWN from here — check
   /opt/amip/spot-interruptions.log after remounting to tell a
   reclamation from a crash. The volume holds
   the completed cases. Set the new address in ops/env.sh, then
   NOSYNC=1 ops/go ops/mount.sh, then relaunch the SAME slug —
   resume skips whatever already finished.
=== watch armed 2026-08-27T15:17:46Z on /tmp/tmp.wBoQMKC6fn/rig.log ===
EXIT=0
✅ run finished
=== watch armed 2026-08-27T15:17:49Z on /tmp/tmp.wBoQMKC6fn/rig.log ===
⚠️  the log ALREADY contains EXIT= — this run finished BEFORE the watch
    armed. Nothing to stream; read the log directly.
EXIT=0
=== watch armed 2026-08-27T15:18:09Z on /tmp/tmp.36W5Y5rZvL/rig.log ===
  --- loop 11x8 = 176 mm^2  mount=barrel
    -> Q0=   43,463  Q_ext=    8,716
EXIT=0
✅ run finished
=== watch armed 2026-08-27T15:18:13Z on /tmp/tmp.36W5Y5rZvL/rig.log ===
EXIT=0
✅ run finished
=== watch armed 2026-08-27T15:18:15Z on /tmp/tmp.36W5Y5rZvL/rig.log ===
⚠️  the filter matches NOTHING in /tmp/tmp.36W5Y5rZvL/rig.log so far — this watch may be blind.
    Check WATCH_PAT against the rig's actual output format.
🔴 HOST UNREACHABLE 3x. Cause UNKNOWN from here — check
   /opt/amip/spot-interruptions.log after remounting to tell a
   reclamation from a crash. The volume holds
   the completed cases. Set the new address in ops/env.sh, then
   NOSYNC=1 ops/go ops/mount.sh, then relaunch the SAME slug —
   resume skips whatever already finished.
=== watch armed 2026-08-27T15:18:22Z on /tmp/tmp.36W5Y5rZvL/rig.log ===
EXIT=0
✅ run finished
=== watch armed 2026-08-27T15:18:25Z on /tmp/tmp.36W5Y5rZvL/rig.log ===
⚠️  the log ALREADY contains EXIT= — this run finished BEFORE the watch
    armed. Nothing to stream; read the log directly.
EXIT=0
=== watch armed 2026-08-27T18:11:15Z on /tmp/tmp.O7ZyjfTDLd/rig.log ===
  --- loop 11x8 = 176 mm^2  mount=barrel
    -> Q0=   43,463  Q_ext=    8,716
EXIT=0
✅ run finished
=== watch armed 2026-08-27T18:11:19Z on /tmp/tmp.O7ZyjfTDLd/rig.log ===
EXIT=0
✅ run finished
=== watch armed 2026-08-27T18:11:20Z on /tmp/tmp.O7ZyjfTDLd/rig.log ===
⚠️  the filter matches NOTHING in /tmp/tmp.O7ZyjfTDLd/rig.log so far — this watch may be blind.
    Check WATCH_PAT against the rig's actual output format.
🔴 HOST UNREACHABLE 3x. Cause UNKNOWN from here — check
   /opt/amip/spot-interruptions.log after remounting to tell a
   reclamation from a crash. The volume holds
   the completed cases. Set the new address in ops/env.sh, then
   NOSYNC=1 ops/go ops/mount.sh, then relaunch the SAME slug —
   resume skips whatever already finished.
=== watch armed 2026-08-27T18:11:28Z on /tmp/tmp.O7ZyjfTDLd/rig.log ===
EXIT=0
✅ run finished
=== watch armed 2026-08-27T18:11:31Z on /tmp/tmp.O7ZyjfTDLd/rig.log ===
⚠️  the log ALREADY contains EXIT= — this run finished BEFORE the watch
    armed. Nothing to stream; read the log directly.
EXIT=0
=== watch armed 2026-08-27T18:37:48Z on /tmp/tmp.5j3iLiS73T/rig.log ===
  --- loop 11x8 = 176 mm^2  mount=barrel
    -> Q0=   43,463  Q_ext=    8,716
EXIT=0
✅ run finished
=== watch armed 2026-08-27T18:37:52Z on /tmp/tmp.5j3iLiS73T/rig.log ===
EXIT=0
✅ run finished
=== watch armed 2026-08-27T18:37:53Z on /tmp/tmp.5j3iLiS73T/rig.log ===
⚠️  the filter matches NOTHING in /tmp/tmp.5j3iLiS73T/rig.log so far — this watch may be blind.
    Check WATCH_PAT against the rig's actual output format.
🔴 HOST UNREACHABLE 3x. Cause UNKNOWN from here — check
   /opt/amip/spot-interruptions.log after remounting to tell a
   reclamation from a crash. The volume holds
   the completed cases. Set the new address in ops/env.sh, then
   NOSYNC=1 ops/go ops/mount.sh, then relaunch the SAME slug —
   resume skips whatever already finished.
=== watch armed 2026-08-27T18:38:00Z on /tmp/tmp.5j3iLiS73T/rig.log ===
EXIT=0
✅ run finished
=== watch armed 2026-08-27T18:38:03Z on /tmp/tmp.5j3iLiS73T/rig.log ===
⚠️  the log ALREADY contains EXIT= — this run finished BEFORE the watch
    armed. Nothing to stream; read the log directly.
EXIT=0
