>> /opt/amip/envs/emsim/bin/mpirun -n 4 /opt/amip/palace/bin/palace-x86_64.bin e0fine.json

_____________     _______
_____   __   \____ __   /____ ____________
____   /_/  /  __ ` /  /  __ ` /  ___/  _ \
___   _____/  /_/  /  /  /_/  /  /__/  ___/
  /__/     \___,__/__/\___,__/\_____\_____/


[38;2;255;255;000m--> Warning![0m
Output folder is not empty; program will overwrite content! (postpro/e0fine)
Git changeset ID: v0.17.0-293-g3c83b9db0
Running with 4 MPI processes, 1 OpenMP thread
Device configuration: omp,cpu
Memory configuration: host-std
libCEED backend: /cpu/self/xsmm/blocked

Added 11830 boundary elements for material interfaces to the mesh

Characteristic length and time scales:
 Lc = 2.074e-01 m, tc = 6.918e-01 ns
Finished partitioning mesh into 4 subdomains

Mesh curvature order: 2
Mesh bounding box:
 (Xmin, Ymin, Zmin) = (-1.037e-01, -1.037e-01, -4.426e-02) m
 (Xmax, Ymax, Zmax) = (+1.037e-01, +1.037e-01, +4.426e-02) m

Parallel Mesh Stats:

                minimum     average     maximum       total
 vertices          3380        3601        4193       14404
 edges            24153       24810       26558       99243
 faces            41594       42040       43190      168162
 elements         20821       20830       20839       83322
 neighbors            2           2           3

            minimum     maximum
 h       0.00398399    0.114125
 kappa      1.01569     17.0532

Estimated current per-rank memory usage is: Min. 40.8M, Max. 99.6M, Avg. 55.7M, Total 222.7M
Estimated current per-node memory usage is: Min. 222.8M, Max. 222.8M, Avg. 222.8M, Total 222.8M

Configuring Dirichlet PEC BC at attributes:
 90

Assembling system matrices, number of global unknowns:
 H1 (p = 2): 113647, ND (p = 2): 534810, RT (p = 2): 754452
 Operator assembly level: Partial
 Mesh geometries:
  Tetrahedron: P = 20, Q = 14 (quadrature order = 4)

Configuring SLEPc eigenvalue solver:
 Scaling γ = 1.078e+05, δ = 1.577e-04
 Configuring divergence-free projection
 Using random starting vector
 Shift-and-invert σ = 1.050e+00 GHz (4.564e+00)

Assembling multigrid hierarchy:
 Level 0 (p = 1): 99243 unknowns
 Level 1 (p = 2): 534810 unknowns
 Level 0 (auxiliary) (p = 1): 14404 unknowns
 Level 1 (auxiliary) (p = 2): 113647 unknowns

#PETSc Option Table entries:
-eps_monitor # (source: code)
#End of PETSc Option Table entries

  Residual norms for GMRES solve
  0 (restart 0) KSP residual norm 7.990301e-03
  1 (restart 0) KSP residual norm 2.043187e-04
  2 (restart 0) KSP residual norm 2.899345e-05
  3 (restart 0) KSP residual norm 5.443191e-06
  4 (restart 0) KSP residual norm 1.016987e-06
  5 (restart 0) KSP residual norm 1.983089e-07
  6 (restart 0) KSP residual norm 3.805279e-08
  7 (restart 0) KSP residual norm 7.003008e-09
  8 (restart 0) KSP residual norm 1.303640e-09
  9 (restart 0) KSP residual norm 2.420894e-10
 10 (restart 0) KSP residual norm 4.197344e-11
GMRES solver converged in 10 iterations (avg. reduction factor: 1.486e-01)
  Residual norms for GMRES solve
  0 (restart 0) KSP residual norm 8.505170e-01
  1 (restart 0) KSP residual norm 1.571024e-02
  2 (restart 0) KSP residual norm 5.206084e-04
  3 (restart 0) KSP residual norm 6.162252e-05
  4 (restart 0) KSP residual norm 1.065204e-05
  5 (restart 0) KSP residual norm 2.237569e-06
  6 (restart 0) KSP residual norm 4.157080e-07
  7 (restart 0) KSP residual norm 7.529109e-08
  8 (restart 0) KSP residual norm 1.383060e-08
  9 (restart 0) KSP residual norm 2.374686e-09
GMRES solver converged in 9 iterations (avg. reduction factor: 1.121e-01)
  Residual norms for GMRES solve
  0 (restart 0) KSP residual norm 7.745997e+00
  1 (restart 0) KSP residual norm 4.824931e-02
  2 (restart 0) KSP residual norm 2.097679e-03
  3 (restart 0) KSP residual norm 2.873558e-04
  4 (restart 0) KSP residual norm 4.167885e-05
  5 (restart 0) KSP residual norm 7.363801e-06
  6 (restart 0) KSP residual norm 1.214870e-06
  7 (restart 0) KSP residual norm 2.254346e-07
  8 (restart 0) KSP residual norm 4.451439e-08
GMRES solver converged in 8 iterations (avg. reduction factor: 9.331e-02)
  Residual norms for GMRES solve
  0 (restart 0) KSP residual norm 1.139188e+00
  1 (restart 0) KSP residual norm 1.968875e-02
  2 (restart 0) KSP residual norm 6.895450e-04
  3 (restart 0) KSP residual norm 8.952092e-05
  4 (restart 0) KSP residual norm 1.451817e-05
  5 (restart 0) KSP residual norm 2.769784e-06
  6 (restart 0) KSP residual norm 4.831533e-07
  7 (restart 0) KSP residual norm 8.716112e-08
  8 (restart 0) KSP residual norm 1.718055e-08
  9 (restart 0) KSP residual norm 3.146585e-09
GMRES solver converged in 9 iterations (avg. reduction factor: 1.120e-01)
  Residual norms for GMRES solve
  0 (restart 0) KSP residual norm 6.250238e-01
  1 (restart 0) KSP residual norm 2.002276e-02
  2 (restart 0) KSP residual norm 6.291908e-04
  3 (restart 0) KSP residual norm 8.821756e-05
  4 (restart 0) KSP residual norm 1.400430e-05
  5 (restart 0) KSP residual norm 2.496827e-06
  6 (restart 0) KSP residual norm 4.645363e-07
  7 (restart 0) KSP residual norm 8.977359e-08
  8 (restart 0) KSP residual norm 1.672388e-08
  9 (restart 0) KSP residual norm 2.968809e-09
GMRES solver converged in 9 iterations (avg. reduction factor: 1.189e-01)
  Residual norms for GMRES solve
  0 (restart 0) KSP residual norm 5.178046e-01
  1 (restart 0) KSP residual norm 1.693055e-02
  2 (restart 0) KSP residual norm 5.449798e-04
  3 (restart 0) KSP residual norm 7.802834e-05
  4 (restart 0) KSP residual norm 1.223918e-05
  5 (restart 0) KSP residual norm 2.353020e-06
  6 (restart 0) KSP residual norm 4.448664e-07
  7 (restart 0) KSP residual norm 8.292594e-08
  8 (restart 0) KSP residual norm 1.592696e-08
  9 (restart 0) KSP residual norm 2.677945e-09
GMRES solver converged in 9 iterations (avg. reduction factor: 1.200e-01)
  Residual norms for GMRES solve
  0 (restart 0) KSP residual norm 9.101659e-01
  1 (restart 0) KSP residual norm 1.992978e-02
  2 (restart 0) KSP residual norm 6.720120e-04
  3 (restart 0) KSP residual norm 7.875711e-05
  4 (restart 0) KSP residual norm 1.225039e-05
  5 (restart 0) KSP residual norm 2.406334e-06
  6 (restart 0) KSP residual norm 4.341489e-07
  7 (restart 0) KSP residual norm 8.293984e-08
  8 (restart 0) KSP residual norm 1.533105e-08
  9 (restart 0) KSP residual norm 2.671066e-09
GMRES solver converged in 9 iterations (avg. reduction factor: 1.127e-01)
  Residual norms for GMRES solve
  0 (restart 0) KSP residual norm 1.125163e+00
  1 (restart 0) KSP residual norm 1.842994e-02
  2 (restart 0) KSP residual norm 6.200911e-04
  3 (restart 0) KSP residual norm 8.324992e-05
  4 (restart 0) KSP residual norm 1.362350e-05
  5 (restart 0) KSP residual norm 2.775019e-06
  6 (restart 0) KSP residual norm 5.322879e-07
  7 (restart 0) KSP residual norm 9.716064e-08
  8 (restart 0) KSP residual norm 1.763258e-08
  9 (restart 0) KSP residual norm 2.949505e-09
GMRES solver converged in 9 iterations (avg. reduction factor: 1.113e-01)
  Residual norms for GMRES solve
  0 (restart 0) KSP residual norm 3.713970e-01
  1 (restart 0) KSP residual norm 1.230374e-02
  2 (restart 0) KSP residual norm 4.726520e-04
  3 (restart 0) KSP residual norm 6.505509e-05
  4 (restart 0) KSP residual norm 1.069868e-05
  5 (restart 0) KSP residual norm 2.186136e-06
  6 (restart 0) KSP residual norm 4.175798e-07
  7 (restart 0) KSP residual norm 7.298907e-08
  8 (restart 0) KSP residual norm 1.350742e-08
  9 (restart 0) KSP residual norm 2.399665e-09
GMRES solver converged in 9 iterations (avg. reduction factor: 1.230e-01)
  Residual norms for GMRES solve
  0 (restart 0) KSP residual norm 1.324321e+00
  1 (restart 0) KSP residual norm 1.570692e-02
  2 (restart 0) KSP residual norm 6.478803e-04
  3 (restart 0) KSP residual norm 8.862726e-05
  4 (restart 0) KSP residual norm 1.362493e-05
  5 (restart 0) KSP residual norm 2.837946e-06
  6 (restart 0) KSP residual norm 5.236709e-07
  7 (restart 0) KSP residual norm 9.351056e-08
  8 (restart 0) KSP residual norm 1.804736e-08
  9 (restart 0) KSP residual norm 3.022197e-09
GMRES solver converged in 9 iterations (avg. reduction factor: 1.096e-01)
  Residual norms for GMRES solve
  0 (restart 0) KSP residual norm 4.591600e-01
  1 (restart 0) KSP residual norm 1.123264e-02
  2 (restart 0) KSP residual norm 4.727147e-04
  3 (restart 0) KSP residual norm 6.745946e-05
  4 (restart 0) KSP residual norm 1.158120e-05
  5 (restart 0) KSP residual norm 2.421773e-06
  6 (restart 0) KSP residual norm 4.587890e-07
  7 (restart 0) KSP residual norm 7.901275e-08
  8 (restart 0) KSP residual norm 1.377060e-08
  9 (restart 0) KSP residual norm 2.390851e-09
GMRES solver converged in 9 iterations (avg. reduction factor: 1.201e-01)
  Residual norms for GMRES solve
  0 (restart 0) KSP residual norm 1.508093e+00
  1 (restart 0) KSP residual norm 1.482088e-02
  2 (restart 0) KSP residual norm 6.086242e-04
  3 (restart 0) KSP residual norm 8.578893e-05
  4 (restart 0) KSP residual norm 1.343018e-05
  5 (restart 0) KSP residual norm 2.578687e-06
  6 (restart 0) KSP residual norm 4.629420e-07
  7 (restart 0) KSP residual norm 8.404612e-08
  8 (restart 0) KSP residual norm 1.634776e-08
  9 (restart 0) KSP residual norm 3.013840e-09
GMRES solver converged in 9 iterations (avg. reduction factor: 1.080e-01)
  Residual norms for GMRES solve
  0 (restart 0) KSP residual norm 1.169580e+00
  1 (restart 0) KSP residual norm 1.196504e-02
  2 (restart 0) KSP residual norm 5.286801e-04
  3 (restart 0) KSP residual norm 8.361456e-05
  4 (restart 0) KSP residual norm 1.275102e-05
  5 (restart 0) KSP residual norm 2.496945e-06
  6 (restart 0) KSP residual norm 4.842471e-07
  7 (restart 0) KSP residual norm 8.810291e-08
  8 (restart 0) KSP residual norm 1.629947e-08
  9 (restart 0) KSP residual norm 2.814222e-09
GMRES solver converged in 9 iterations (avg. reduction factor: 1.102e-01)
  Residual norms for GMRES solve
  0 (restart 0) KSP residual norm 2.554848e-01
  1 (restart 0) KSP residual norm 8.417589e-03
  2 (restart 0) KSP residual norm 4.716689e-04
  3 (restart 0) KSP residual norm 7.896109e-05
  4 (restart 0) KSP residual norm 1.214884e-05
  5 (restart 0) KSP residual norm 2.255546e-06
  6 (restart 0) KSP residual norm 4.076907e-07
  7 (restart 0) KSP residual norm 7.789640e-08
  8 (restart 0) KSP residual norm 1.465898e-08
  9 (restart 0) KSP residual norm 2.645872e-09
 10 (restart 0) KSP residual norm 4.668131e-10
GMRES solver converged in 10 iterations (avg. reduction factor: 1.337e-01)
  Residual norms for GMRES solve
  0 (restart 0) KSP residual norm 5.105385e-01
  1 (restart 0) KSP residual norm 1.949898e-02
  2 (restart 0) KSP residual norm 5.822583e-04
  3 (restart 0) KSP residual norm 8.706834e-05
  4 (restart 0) KSP residual norm 1.521342e-05
  5 (restart 0) KSP residual norm 3.177843e-06
  6 (restart 0) KSP residual norm 5.939262e-07
  7 (restart 0) KSP residual norm 1.025934e-07
  8 (restart 0) KSP residual norm 1.866981e-08
  9 (restart 0) KSP residual norm 3.214199e-09
GMRES solver converged in 9 iterations (avg. reduction factor: 1.227e-01)
  Residual norms for GMRES solve
  0 (restart 0) KSP residual norm 5.978136e-01
  1 (restart 0) KSP residual norm 1.373958e-02
  2 (restart 0) KSP residual norm 4.790001e-04
  3 (restart 0) KSP residual norm 6.607046e-05
  4 (restart 0) KSP residual norm 1.044541e-05
  5 (restart 0) KSP residual norm 1.940148e-06
  6 (restart 0) KSP residual norm 3.354228e-07
  7 (restart 0) KSP residual norm 6.361422e-08
  8 (restart 0) KSP residual norm 1.253636e-08
  9 (restart 0) KSP residual norm 2.233522e-09
GMRES solver converged in 9 iterations (avg. reduction factor: 1.158e-01)
  Residual norms for GMRES solve
  0 (restart 0) KSP residual norm 1.078703e+00
  1 (restart 0) KSP residual norm 1.106357e-02
  2 (restart 0) KSP residual norm 4.915617e-04
  3 (restart 0) KSP residual norm 7.240518e-05
  4 (restart 0) KSP residual norm 1.202322e-05
  5 (restart 0) KSP residual norm 2.470426e-06
  6 (restart 0) KSP residual norm 4.794078e-07
  7 (restart 0) KSP residual norm 8.409238e-08
  8 (restart 0) KSP residual norm 1.534267e-08
  9 (restart 0) KSP residual norm 2.630054e-09
GMRES solver converged in 9 iterations (avg. reduction factor: 1.104e-01)
  Residual norms for GMRES solve
  0 (restart 0) KSP residual norm 1.118343e+00
  1 (restart 0) KSP residual norm 1.056505e-02
  2 (restart 0) KSP residual norm 4.853592e-04
  3 (restart 0) KSP residual norm 7.288863e-05
  4 (restart 0) KSP residual norm 1.143359e-05
  5 (restart 0) KSP residual norm 2.254928e-06
  6 (restart 0) KSP residual norm 4.534707e-07
  7 (restart 0) KSP residual norm 8.299063e-08
  8 (restart 0) KSP residual norm 1.508715e-08
  9 (restart 0) KSP residual norm 2.497798e-09
GMRES solver converged in 9 iterations (avg. reduction factor: 1.093e-01)
  Residual norms for GMRES solve
  0 (restart 0) KSP residual norm 7.860327e-01
  1 (restart 0) KSP residual norm 2.027787e-02
  2 (restart 0) KSP residual norm 6.724905e-04
  3 (restart 0) KSP residual norm 7.704159e-05
  4 (restart 0) KSP residual norm 1.225926e-05
  5 (restart 0) KSP residual norm 2.481302e-06
  6 (restart 0) KSP residual norm 4.581297e-07
  7 (restart 0) KSP residual norm 8.537972e-08
  8 (restart 0) KSP residual norm 1.602953e-08
  9 (restart 0) KSP residual norm 2.789156e-09
GMRES solver converged in 9 iterations (avg. reduction factor: 1.151e-01)
  Residual norms for GMRES solve
  0 (restart 0) KSP residual norm 6.169662e-01
  1 (restart 0) KSP residual norm 1.615495e-02
  2 (restart 0) KSP residual norm 5.731572e-04
  3 (restart 0) KSP residual norm 7.250424e-05
  4 (restart 0) KSP residual norm 1.218894e-05
  5 (restart 0) KSP residual norm 2.508468e-06
  6 (restart 0) KSP residual norm 4.631910e-07
  7 (restart 0) KSP residual norm 8.471526e-08
  8 (restart 0) KSP residual norm 1.578487e-08
  9 (restart 0) KSP residual norm 2.728719e-09
GMRES solver converged in 9 iterations (avg. reduction factor: 1.180e-01)
  Residual norms for GMRES solve
  0 (restart 0) KSP residual norm 2.067384e+00
  1 (restart 0) KSP residual norm 1.567737e-02
  2 (restart 0) KSP residual norm 6.498644e-04
  3 (restart 0) KSP residual norm 9.825916e-05
  4 (restart 0) KSP residual norm 1.556355e-05
  5 (restart 0) KSP residual norm 3.170085e-06
  6 (restart 0) KSP residual norm 6.039491e-07
  7 (restart 0) KSP residual norm 1.080915e-07
  8 (restart 0) KSP residual norm 2.008218e-08
GMRES solver converged in 8 iterations (avg. reduction factor: 9.964e-02)
  Residual norms for GMRES solve
  0 (restart 0) KSP residual norm 2.025198e+00
  1 (restart 0) KSP residual norm 1.495371e-02
  2 (restart 0) KSP residual norm 6.407481e-04
  3 (restart 0) KSP residual norm 9.732105e-05
  4 (restart 0) KSP residual norm 1.425461e-05
  5 (restart 0) KSP residual norm 2.602705e-06
  6 (restart 0) KSP residual norm 4.672401e-07
  7 (restart 0) KSP residual norm 8.816491e-08
  8 (restart 0) KSP residual norm 1.748911e-08
GMRES solver converged in 8 iterations (avg. reduction factor: 9.818e-02)
  Residual norms for GMRES solve
  0 (restart 0) KSP residual norm 5.595259e-01
  1 (restart 0) KSP residual norm 8.023890e-03
  2 (restart 0) KSP residual norm 3.986013e-04
  3 (restart 0) KSP residual norm 6.066453e-05
  4 (restart 0) KSP residual norm 1.076956e-05
  5 (restart 0) KSP residual norm 2.187823e-06
  6 (restart 0) KSP residual norm 4.162266e-07
  7 (restart 0) KSP residual norm 7.434194e-08
  8 (restart 0) KSP residual norm 1.346699e-08
  9 (restart 0) KSP residual norm 2.276606e-09
GMRES solver converged in 9 iterations (avg. reduction factor: 1.169e-01)
  Residual norms for GMRES solve
  0 (restart 0) KSP residual norm 2.041258e-01
  1 (restart 0) KSP residual norm 6.991508e-03
  2 (restart 0) KSP residual norm 3.852332e-04
  3 (restart 0) KSP residual norm 5.994596e-05
  4 (restart 0) KSP residual norm 9.745641e-06
  5 (restart 0) KSP residual norm 1.853474e-06
  6 (restart 0) KSP residual norm 3.270797e-07
  7 (restart 0) KSP residual norm 5.896132e-08
  8 (restart 0) KSP residual norm 1.156699e-08
  9 (restart 0) KSP residual norm 2.147823e-09
 10 (restart 0) KSP residual norm 3.689104e-10
GMRES solver converged in 10 iterations (avg. reduction factor: 1.336e-01)
  Residual norms for GMRES solve
  0 (restart 0) KSP residual norm 2.817267e-01
  1 (restart 0) KSP residual norm 1.047243e-02
  2 (restart 0) KSP residual norm 5.002965e-04
  3 (restart 0) KSP residual norm 6.903857e-05
  4 (restart 0) KSP residual norm 1.151501e-05
  5 (restart 0) KSP residual norm 2.314626e-06
  6 (restart 0) KSP residual norm 4.135839e-07
  7 (restart 0) KSP residual norm 7.550840e-08
  8 (restart 0) KSP residual norm 1.459423e-08
  9 (restart 0) KSP residual norm 2.551765e-09
GMRES solver converged in 9 iterations (avg. reduction factor: 1.277e-01)
  Residual norms for GMRES solve
  0 (restart 0) KSP residual norm 2.219582e-01
  1 (restart 0) KSP residual norm 8.499849e-03
  2 (restart 0) KSP residual norm 5.593952e-04
  3 (restart 0) KSP residual norm 6.878214e-05
  4 (restart 0) KSP residual norm 1.139387e-05
  5 (restart 0) KSP residual norm 2.179412e-06
  6 (restart 0) KSP residual norm 3.604119e-07
  7 (restart 0) KSP residual norm 6.436472e-08
  8 (restart 0) KSP residual norm 1.252665e-08
  9 (restart 0) KSP residual norm 2.309488e-09
 10 (restart 0) KSP residual norm 4.330078e-10
GMRES solver converged in 10 iterations (avg. reduction factor: 1.346e-01)
  Residual norms for GMRES solve
  0 (restart 0) KSP residual norm 3.512397e-01
  1 (restart 0) KSP residual norm 8.561164e-03
  2 (restart 0) KSP residual norm 4.532785e-04
  3 (restart 0) KSP residual norm 6.419699e-05
  4 (restart 0) KSP residual norm 1.065135e-05
  5 (restart 0) KSP residual norm 2.183607e-06
  6 (restart 0) KSP residual norm 4.175346e-07
  7 (restart 0) KSP residual norm 7.465312e-08
  8 (restart 0) KSP residual norm 1.355573e-08
  9 (restart 0) KSP residual norm 2.344323e-09
GMRES solver converged in 9 iterations (avg. reduction factor: 1.235e-01)
  Residual norms for GMRES solve
  0 (restart 0) KSP residual norm 1.721902e-01
  1 (restart 0) KSP residual norm 5.717873e-03
  2 (restart 0) KSP residual norm 4.015146e-04
  3 (restart 0) KSP residual norm 5.840082e-05
  4 (restart 0) KSP residual norm 9.184411e-06
  5 (restart 0) KSP residual norm 1.731765e-06
  6 (restart 0) KSP residual norm 3.198641e-07
  7 (restart 0) KSP residual norm 5.925922e-08
  8 (restart 0) KSP residual norm 1.136663e-08
  9 (restart 0) KSP residual norm 2.096121e-09
 10 (restart 0) KSP residual norm 3.532566e-10
GMRES solver converged in 10 iterations (avg. reduction factor: 1.353e-01)
  Residual norms for GMRES solve
  0 (restart 0) KSP residual norm 1.942740e-01
  1 (restart 0) KSP residual norm 7.631053e-03
  2 (restart 0) KSP residual norm 4.083540e-04
  3 (restart 0) KSP residual norm 6.738363e-05
  4 (restart 0) KSP residual norm 1.083790e-05
  5 (restart 0) KSP residual norm 2.001006e-06
  6 (restart 0) KSP residual norm 3.580535e-07
  7 (restart 0) KSP residual norm 6.458016e-08
  8 (restart 0) KSP residual norm 1.295313e-08
  9 (restart 0) KSP residual norm 2.392414e-09
 10 (restart 0) KSP residual norm 4.162010e-10
GMRES solver converged in 10 iterations (avg. reduction factor: 1.359e-01)
  Residual norms for GMRES solve
  0 (restart 0) KSP residual norm 2.120786e-01
  1 (restart 0) KSP residual norm 6.682362e-03
  2 (restart 0) KSP residual norm 4.409883e-04
  3 (restart 0) KSP residual norm 6.162599e-05
  4 (restart 0) KSP residual norm 9.996120e-06
  5 (restart 0) KSP residual norm 1.918646e-06
  6 (restart 0) KSP residual norm 3.577199e-07
  7 (restart 0) KSP residual norm 6.546307e-08
  8 (restart 0) KSP residual norm 1.254535e-08
  9 (restart 0) KSP residual norm 2.334115e-09
 10 (restart 0) KSP residual norm 4.040272e-10
GMRES solver converged in 10 iterations (avg. reduction factor: 1.343e-01)
  Residual norms for GMRES solve
  0 (restart 0) KSP residual norm 1.694843e-01
  1 (restart 0) KSP residual norm 7.430117e-03
  2 (restart 0) KSP residual norm 3.773186e-04
  3 (restart 0) KSP residual norm 6.081928e-05
  4 (restart 0) KSP residual norm 1.015258e-05
  5 (restart 0) KSP residual norm 1.883983e-06
  6 (restart 0) KSP residual norm 3.447925e-07
  7 (restart 0) KSP residual norm 6.470068e-08
  8 (restart 0) KSP residual norm 1.239201e-08
  9 (restart 0) KSP residual norm 2.258280e-09
 10 (restart 0) KSP residual norm 3.942766e-10
GMRES solver converged in 10 iterations (avg. reduction factor: 1.370e-01)
  Residual norms for GMRES solve
  0 (restart 0) KSP residual norm 2.205788e-01
  1 (restart 0) KSP residual norm 8.288384e-03
  2 (restart 0) KSP residual norm 4.491232e-04
  3 (restart 0) KSP residual norm 6.842640e-05
  4 (restart 0) KSP residual norm 1.144774e-05
  5 (restart 0) KSP residual norm 2.240131e-06
  6 (restart 0) KSP residual norm 4.081414e-07
  7 (restart 0) KSP residual norm 7.336528e-08
  8 (restart 0) KSP residual norm 1.457417e-08
  9 (restart 0) KSP residual norm 2.638137e-09
 10 (restart 0) KSP residual norm 4.415723e-10
GMRES solver converged in 10 iterations (avg. reduction factor: 1.349e-01)
  Residual norms for GMRES solve
  0 (restart 0) KSP residual norm 3.217745e-01
  1 (restart 0) KSP residual norm 7.788625e-03
  2 (restart 0) KSP residual norm 3.988058e-04
  3 (restart 0) KSP residual norm 5.868897e-05
  4 (restart 0) KSP residual norm 9.426349e-06
  5 (restart 0) KSP residual norm 1.699287e-06
  6 (restart 0) KSP residual norm 3.125612e-07
  7 (restart 0) KSP residual norm 5.838550e-08
  8 (restart 0) KSP residual norm 1.120347e-08
  9 (restart 0) KSP residual norm 1.996054e-09
GMRES solver converged in 9 iterations (avg. reduction factor: 1.225e-01)
  Residual norms for GMRES solve
  0 (restart 0) KSP residual norm 1.704425e-01
  1 (restart 0) KSP residual norm 6.675142e-03
  2 (restart 0) KSP residual norm 3.842740e-04
  3 (restart 0) KSP residual norm 6.269216e-05
  4 (restart 0) KSP residual norm 1.018941e-05
  5 (restart 0) KSP residual norm 1.815090e-06
  6 (restart 0) KSP residual norm 3.201603e-07
  7 (restart 0) KSP residual norm 5.820234e-08
  8 (restart 0) KSP residual norm 1.161529e-08
  9 (restart 0) KSP residual norm 2.185467e-09
 10 (restart 0) KSP residual norm 3.838053e-10
GMRES solver converged in 10 iterations (avg. reduction factor: 1.365e-01)
  Residual norms for GMRES solve
  0 (restart 0) KSP residual norm 2.665624e-01
  1 (restart 0) KSP residual norm 5.701195e-03
  2 (restart 0) KSP residual norm 3.657171e-04
  3 (restart 0) KSP residual norm 5.941031e-05
  4 (restart 0) KSP residual norm 1.008260e-05
  5 (restart 0) KSP residual norm 1.907495e-06
  6 (restart 0) KSP residual norm 3.721737e-07
  7 (restart 0) KSP residual norm 6.656232e-08
  8 (restart 0) KSP residual norm 1.233784e-08
  9 (restart 0) KSP residual norm 2.214227e-09
GMRES solver converged in 9 iterations (avg. reduction factor: 1.265e-01)
  Residual norms for GMRES solve
  0 (restart 0) KSP residual norm 2.479893e-01
  1 (restart 0) KSP residual norm 5.594348e-03
  2 (restart 0) KSP residual norm 3.502676e-04
  3 (restart 0) KSP residual norm 5.946590e-05
  4 (restart 0) KSP residual norm 9.634640e-06
  5 (restart 0) KSP residual norm 1.741548e-06
  6 (restart 0) KSP residual norm 3.241094e-07
  7 (restart 0) KSP residual norm 5.848416e-08
  8 (restart 0) KSP residual norm 1.109401e-08
  9 (restart 0) KSP residual norm 2.104822e-09
GMRES solver converged in 9 iterations (avg. reduction factor: 1.268e-01)
  Residual norms for GMRES solve
  0 (restart 0) KSP residual norm 2.676621e-01
  1 (restart 0) KSP residual norm 7.704101e-03
  2 (restart 0) KSP residual norm 4.005744e-04
  3 (restart 0) KSP residual norm 5.929286e-05
  4 (restart 0) KSP residual norm 9.138370e-06
  5 (restart 0) KSP residual norm 1.674944e-06
  6 (restart 0) KSP residual norm 3.111283e-07
  7 (restart 0) KSP residual norm 6.023749e-08
  8 (restart 0) KSP residual norm 1.143610e-08
  9 (restart 0) KSP residual norm 1.962441e-09
GMRES solver converged in 9 iterations (avg. reduction factor: 1.248e-01)
  Residual norms for GMRES solve
  0 (restart 0) KSP residual norm 2.498342e-01
  1 (restart 0) KSP residual norm 9.671257e-03
  2 (restart 0) KSP residual norm 4.269289e-04
  3 (restart 0) KSP residual norm 6.323288e-05
  4 (restart 0) KSP residual norm 9.866297e-06
  5 (restart 0) KSP residual norm 1.867359e-06
  6 (restart 0) KSP residual norm 3.378298e-07
  7 (restart 0) KSP residual norm 6.554235e-08
  8 (restart 0) KSP residual norm 1.254728e-08
  9 (restart 0) KSP residual norm 2.148103e-09
GMRES solver converged in 9 iterations (avg. reduction factor: 1.270e-01)
  Residual norms for GMRES solve
  0 (restart 0) KSP residual norm 3.740760e-01
  1 (restart 0) KSP residual norm 6.689613e-03
  2 (restart 0) KSP residual norm 3.960935e-04
  3 (restart 0) KSP residual norm 6.058054e-05
  4 (restart 0) KSP residual norm 9.442518e-06
  5 (restart 0) KSP residual norm 1.694535e-06
  6 (restart 0) KSP residual norm 3.202808e-07
  7 (restart 0) KSP residual norm 6.137464e-08
  8 (restart 0) KSP residual norm 1.152322e-08
  9 (restart 0) KSP residual norm 2.044411e-09
GMRES solver converged in 9 iterations (avg. reduction factor: 1.208e-01)
  Residual norms for GMRES solve
  0 (restart 0) KSP residual norm 1.964112e-01
  1 (restart 0) KSP residual norm 7.343890e-03
  2 (restart 0) KSP residual norm 4.136646e-04
  3 (restart 0) KSP residual norm 5.971652e-05
  4 (restart 0) KSP residual norm 9.368656e-06
  5 (restart 0) KSP residual norm 1.748206e-06
  6 (restart 0) KSP residual norm 3.362637e-07
  7 (restart 0) KSP residual norm 6.393613e-08
  8 (restart 0) KSP residual norm 1.182952e-08
  9 (restart 0) KSP residual norm 2.099957e-09
 10 (restart 0) KSP residual norm 3.703852e-10
GMRES solver converged in 10 iterations (avg. reduction factor: 1.341e-01)
  Residual norms for GMRES solve
  0 (restart 0) KSP residual norm 3.204199e-01
  1 (restart 0) KSP residual norm 7.243075e-03
  2 (restart 0) KSP residual norm 4.055993e-04
  3 (restart 0) KSP residual norm 5.679831e-05
  4 (restart 0) KSP residual norm 8.655714e-06
  5 (restart 0) KSP residual norm 1.600768e-06
  6 (restart 0) KSP residual norm 3.131713e-07
  7 (restart 0) KSP residual norm 5.809286e-08
  8 (restart 0) KSP residual norm 1.083056e-08
  9 (restart 0) KSP residual norm 1.916413e-09
GMRES solver converged in 9 iterations (avg. reduction factor: 1.220e-01)
  Residual norms for GMRES solve
  0 (restart 0) KSP residual norm 2.228694e-01
  1 (restart 0) KSP residual norm 8.174070e-03
  2 (restart 0) KSP residual norm 4.479301e-04
  3 (restart 0) KSP residual norm 6.756907e-05
  4 (restart 0) KSP residual norm 1.162067e-05
  5 (restart 0) KSP residual norm 2.274117e-06
  6 (restart 0) KSP residual norm 4.387255e-07
  7 (restart 0) KSP residual norm 7.925527e-08
  8 (restart 0) KSP residual norm 1.434961e-08
  9 (restart 0) KSP residual norm 2.481757e-09
 10 (restart 0) KSP residual norm 4.156207e-10
GMRES solver converged in 10 iterations (avg. reduction factor: 1.340e-01)
  Residual norms for GMRES solve
  0 (restart 0) KSP residual norm 2.954608e-01
  1 (restart 0) KSP residual norm 7.910004e-03
  2 (restart 0) KSP residual norm 4.421748e-04
  3 (restart 0) KSP residual norm 6.456474e-05
  4 (restart 0) KSP residual norm 1.014687e-05
  5 (restart 0) KSP residual norm 1.757674e-06
  6 (restart 0) KSP residual norm 3.096752e-07
  7 (restart 0) KSP residual norm 5.400853e-08
  8 (restart 0) KSP residual norm 1.028497e-08
  9 (restart 0) KSP residual norm 1.976123e-09
GMRES solver converged in 9 iterations (avg. reduction factor: 1.235e-01)
  Residual norms for GMRES solve
  0 (restart 0) KSP residual norm 1.161647e-01
  1 (restart 0) KSP residual norm 4.864149e-03
  2 (restart 0) KSP residual norm 3.412694e-04
  3 (restart 0) KSP residual norm 5.895163e-05
  4 (restart 0) KSP residual norm 1.059734e-05
  5 (restart 0) KSP residual norm 2.049131e-06
  6 (restart 0) KSP residual norm 3.979678e-07
  7 (restart 0) KSP residual norm 6.921482e-08
  8 (restart 0) KSP residual norm 1.243138e-08
  9 (restart 0) KSP residual norm 2.214283e-09
 10 (restart 0) KSP residual norm 3.750684e-10
GMRES solver converged in 10 iterations (avg. reduction factor: 1.415e-01)
  1 EPS nconv=8 first unconverged value (error) 0.000978528+3.23266e-13i (1.09975318e-07)
  Residual norms for GMRES solve
  0 (restart 0) KSP residual norm 3.266384e-01
  1 (restart 0) KSP residual norm 5.675366e-03
  2 (restart 0) KSP residual norm 3.604658e-04
  3 (restart 0) KSP residual norm 5.886769e-05
  4 (restart 0) KSP residual norm 9.532055e-06
  5 (restart 0) KSP residual norm 1.707423e-06
  6 (restart 0) KSP residual norm 3.397052e-07
  7 (restart 0) KSP residual norm 6.238378e-08
  8 (restart 0) KSP residual norm 1.144673e-08
  9 (restart 0) KSP residual norm 2.077109e-09
GMRES solver converged in 9 iterations (avg. reduction factor: 1.228e-01)
  Residual norms for GMRES solve
  0 (restart 0) KSP residual norm 3.075329e-01
  1 (restart 0) KSP residual norm 5.442946e-03
  2 (restart 0) KSP residual norm 3.241299e-04
  3 (restart 0) KSP residual norm 5.333074e-05
  4 (restart 0) KSP residual norm 8.221082e-06
  5 (restart 0) KSP residual norm 1.476477e-06
  6 (restart 0) KSP residual norm 2.764770e-07
  7 (restart 0) KSP residual norm 4.980015e-08
  8 (restart 0) KSP residual norm 9.386607e-09
  9 (restart 0) KSP residual norm 1.759851e-09
GMRES solver converged in 9 iterations (avg. reduction factor: 1.214e-01)
  Residual norms for GMRES solve
  0 (restart 0) KSP residual norm 2.098442e-01
  1 (restart 0) KSP residual norm 5.159059e-03
  2 (restart 0) KSP residual norm 3.404787e-04
  3 (restart 0) KSP residual norm 5.157934e-05
  4 (restart 0) KSP residual norm 8.211437e-06
  5 (restart 0) KSP residual norm 1.455101e-06
  6 (restart 0) KSP residual norm 2.687388e-07
  7 (restart 0) KSP residual norm 5.017331e-08
  8 (restart 0) KSP residual norm 9.687394e-09
  9 (restart 0) KSP residual norm 1.790791e-09
GMRES solver converged in 9 iterations (avg. reduction factor: 1.269e-01)
  Residual norms for GMRES solve
  0 (restart 0) KSP residual norm 3.494984e-01
  1 (restart 0) KSP residual norm 7.500977e-03
  2 (restart 0) KSP residual norm 3.804021e-04
  3 (restart 0) KSP residual norm 6.229243e-05
  4 (restart 0) KSP residual norm 1.047457e-05
  5 (restart 0) KSP residual norm 2.051677e-06
  6 (restart 0) KSP residual norm 4.086434e-07
  7 (restart 0) KSP residual norm 7.118903e-08
  8 (restart 0) KSP residual norm 1.268523e-08
  9 (restart 0) KSP residual norm 2.213096e-09
GMRES solver converged in 9 iterations (avg. reduction factor: 1.228e-01)
  Residual norms for GMRES solve
  0 (restart 0) KSP residual norm 3.378914e-01
  1 (restart 0) KSP residual norm 6.702350e-03
  2 (restart 0) KSP residual norm 3.860975e-04
  3 (restart 0) KSP residual norm 6.264245e-05
  4 (restart 0) KSP residual norm 1.073726e-05
  5 (restart 0) KSP residual norm 2.141050e-06
  6 (restart 0) KSP residual norm 4.121241e-07
  7 (restart 0) KSP residual norm 7.336576e-08
  8 (restart 0) KSP residual norm 1.337609e-08
  9 (restart 0) KSP residual norm 2.344121e-09
GMRES solver converged in 9 iterations (avg. reduction factor: 1.240e-01)
  Residual norms for GMRES solve
  0 (restart 0) KSP residual norm 5.342771e-01
  1 (restart 0) KSP residual norm 6.649436e-03
  2 (restart 0) KSP residual norm 3.814632e-04
  3 (restart 0) KSP residual norm 6.494318e-05
  4 (restart 0) KSP residual norm 1.050338e-05
  5 (restart 0) KSP residual norm 1.942534e-06
  6 (restart 0) KSP residual norm 3.690928e-07
  7 (restart 0) KSP residual norm 6.833121e-08
  8 (restart 0) KSP residual norm 1.281556e-08
  9 (restart 0) KSP residual norm 2.355807e-09
GMRES solver converged in 9 iterations (avg. reduction factor: 1.179e-01)
  Residual norms for GMRES solve
  0 (restart 0) KSP residual norm 1.782456e-01
  1 (restart 0) KSP residual norm 5.505747e-03
  2 (restart 0) KSP residual norm 3.417681e-04
  3 (restart 0) KSP residual norm 5.724802e-05
  4 (restart 0) KSP residual norm 1.063267e-05
  5 (restart 0) KSP residual norm 2.144395e-06
  6 (restart 0) KSP residual norm 4.022182e-07
  7 (restart 0) KSP residual norm 6.956248e-08
  8 (restart 0) KSP residual norm 1.227305e-08
  9 (restart 0) KSP residual norm 2.074856e-09
 10 (restart 0) KSP residual norm 3.558740e-10
GMRES solver converged in 10 iterations (avg. reduction factor: 1.349e-01)
  Residual norms for GMRES solve
  0 (restart 0) KSP residual norm 4.866920e-01
  1 (restart 0) KSP residual norm 6.798126e-03
  2 (restart 0) KSP residual norm 3.914078e-04
  3 (restart 0) KSP residual norm 6.289742e-05
  4 (restart 0) KSP residual norm 1.074905e-05
  5 (restart 0) KSP residual norm 2.177501e-06
  6 (restart 0) KSP residual norm 4.232922e-07
  7 (restart 0) KSP residual norm 7.405572e-08
  8 (restart 0) KSP residual norm 1.319899e-08
  9 (restart 0) KSP residual norm 2.255046e-09
GMRES solver converged in 9 iterations (avg. reduction factor: 1.186e-01)
  Residual norms for GMRES solve
  0 (restart 0) KSP residual norm 1.975695e-01
  1 (restart 0) KSP residual norm 7.620971e-03
  2 (restart 0) KSP residual norm 3.592008e-04
  3 (restart 0) KSP residual norm 5.949395e-05
  4 (restart 0) KSP residual norm 9.577339e-06
  5 (restart 0) KSP residual norm 1.731625e-06
  6 (restart 0) KSP residual norm 3.225330e-07
  7 (restart 0) KSP residual norm 5.913829e-08
  8 (restart 0) KSP residual norm 1.140295e-08
  9 (restart 0) KSP residual norm 2.094496e-09
 10 (restart 0) KSP residual norm 3.633316e-10
GMRES solver converged in 10 iterations (avg. reduction factor: 1.338e-01)
  Residual norms for GMRES solve
  0 (restart 0) KSP residual norm 4.537566e-01
  1 (restart 0) KSP residual norm 6.398332e-03
  2 (restart 0) KSP residual norm 3.786636e-04
  3 (restart 0) KSP residual norm 6.074289e-05
  4 (restart 0) KSP residual norm 1.034420e-05
  5 (restart 0) KSP residual norm 1.936160e-06
  6 (restart 0) KSP residual norm 3.431579e-07
  7 (restart 0) KSP residual norm 6.070869e-08
  8 (restart 0) KSP residual norm 1.177147e-08
  9 (restart 0) KSP residual norm 2.228375e-09
GMRES solver converged in 9 iterations (avg. reduction factor: 1.193e-01)
  Residual norms for GMRES solve
  0 (restart 0) KSP residual norm 1.782054e-01
  1 (restart 0) KSP residual norm 5.595990e-03
  2 (restart 0) KSP residual norm 3.760948e-04
  3 (restart 0) KSP residual norm 5.724506e-05
  4 (restart 0) KSP residual norm 9.490572e-06
  5 (restart 0) KSP residual norm 1.793141e-06
  6 (restart 0) KSP residual norm 3.504610e-07
  7 (restart 0) KSP residual norm 6.481922e-08
  8 (restart 0) KSP residual norm 1.222125e-08
  9 (restart 0) KSP residual norm 2.133848e-09
 10 (restart 0) KSP residual norm 3.595931e-10
GMRES solver converged in 10 iterations (avg. reduction factor: 1.350e-01)
  Residual norms for GMRES solve
  0 (restart 0) KSP residual norm 4.238596e-01
  1 (restart 0) KSP residual norm 6.876379e-03
  2 (restart 0) KSP residual norm 4.386613e-04
  3 (restart 0) KSP residual norm 6.569902e-05
  4 (restart 0) KSP residual norm 1.214341e-05
  5 (restart 0) KSP residual norm 2.515752e-06
  6 (restart 0) KSP residual norm 4.686551e-07
  7 (restart 0) KSP residual norm 7.987296e-08
  8 (restart 0) KSP residual norm 1.410293e-08
  9 (restart 0) KSP residual norm 2.315408e-09
GMRES solver converged in 9 iterations (avg. reduction factor: 1.208e-01)
  Residual norms for GMRES solve
  0 (restart 0) KSP residual norm 3.728697e-01
  1 (restart 0) KSP residual norm 6.381749e-03
  2 (restart 0) KSP residual norm 3.877724e-04
  3 (restart 0) KSP residual norm 5.872067e-05
  4 (restart 0) KSP residual norm 1.010041e-05
  5 (restart 0) KSP residual norm 1.909651e-06
  6 (restart 0) KSP residual norm 3.625605e-07
  7 (restart 0) KSP residual norm 6.641230e-08
  8 (restart 0) KSP residual norm 1.230532e-08
  9 (restart 0) KSP residual norm 2.252925e-09
GMRES solver converged in 9 iterations (avg. reduction factor: 1.221e-01)
  Residual norms for GMRES solve
  0 (restart 0) KSP residual norm 2.026442e-01
  1 (restart 0) KSP residual norm 6.212922e-03
  2 (restart 0) KSP residual norm 4.236807e-04
  3 (restart 0) KSP residual norm 6.144639e-05
  4 (restart 0) KSP residual norm 1.045930e-05
  5 (restart 0) KSP residual norm 2.189210e-06
  6 (restart 0) KSP residual norm 4.191745e-07
  7 (restart 0) KSP residual norm 7.318424e-08
  8 (restart 0) KSP residual norm 1.298036e-08
  9 (restart 0) KSP residual norm 2.172719e-09
 10 (restart 0) KSP residual norm 3.607714e-10
GMRES solver converged in 10 iterations (avg. reduction factor: 1.334e-01)
  Residual norms for GMRES solve
  0 (restart 0) KSP residual norm 3.608555e-01
  1 (restart 0) KSP residual norm 8.611216e-03
  2 (restart 0) KSP residual norm 4.356574e-04
  3 (restart 0) KSP residual norm 6.371717e-05
  4 (restart 0) KSP residual norm 1.068907e-05
  5 (restart 0) KSP residual norm 2.133225e-06
  6 (restart 0) KSP residual norm 3.947531e-07
  7 (restart 0) KSP residual norm 7.039038e-08
  8 (restart 0) KSP residual norm 1.333417e-08
  9 (restart 0) KSP residual norm 2.410288e-09
GMRES solver converged in 9 iterations (avg. reduction factor: 1.235e-01)
  Residual norms for GMRES solve
  0 (restart 0) KSP residual norm 4.084596e-01
  1 (restart 0) KSP residual norm 6.401581e-03
  2 (restart 0) KSP residual norm 3.998216e-04
  3 (restart 0) KSP residual norm 5.999008e-05
  4 (restart 0) KSP residual norm 1.011543e-05
  5 (restart 0) KSP residual norm 2.058960e-06
  6 (restart 0) KSP residual norm 3.917174e-07
  7 (restart 0) KSP residual norm 6.938824e-08
  8 (restart 0) KSP residual norm 1.286462e-08
  9 (restart 0) KSP residual norm 2.340871e-09
GMRES solver converged in 9 iterations (avg. reduction factor: 1.214e-01)
  Residual norms for GMRES solve
  0 (restart 0) KSP residual norm 4.894324e-01
  1 (restart 0) KSP residual norm 6.037164e-03
  2 (restart 0) KSP residual norm 3.616806e-04
  3 (restart 0) KSP residual norm 5.628413e-05
  4 (restart 0) KSP residual norm 9.380267e-06
  5 (restart 0) KSP residual norm 1.819838e-06
  6 (restart 0) KSP residual norm 3.481690e-07
  7 (restart 0) KSP residual norm 6.177537e-08
  8 (restart 0) KSP residual norm 1.170504e-08
  9 (restart 0) KSP residual norm 2.133381e-09
GMRES solver converged in 9 iterations (avg. reduction factor: 1.178e-01)
  Residual norms for GMRES solve
  0 (restart 0) KSP residual norm 1.082738e-01
  1 (restart 0) KSP residual norm 4.851839e-03
  2 (restart 0) KSP residual norm 3.288315e-04
  3 (restart 0) KSP residual norm 5.838464e-05
  4 (restart 0) KSP residual norm 9.839795e-06
  5 (restart 0) KSP residual norm 1.810166e-06
  6 (restart 0) KSP residual norm 3.338291e-07
  7 (restart 0) KSP residual norm 6.132626e-08
  8 (restart 0) KSP residual norm 1.225952e-08
  9 (restart 0) KSP residual norm 2.192979e-09
 10 (restart 0) KSP residual norm 3.499883e-10
GMRES solver converged in 10 iterations (avg. reduction factor: 1.416e-01)
  2 EPS nconv=16 first unconverged value (error) 0.00148097+8.73265e-10i (5.03701132e-05)
  Residual norms for GMRES solve
  0 (restart 0) KSP residual norm 5.496153e-01
  1 (restart 0) KSP residual norm 6.497172e-03
  2 (restart 0) KSP residual norm 3.901640e-04
  3 (restart 0) KSP residual norm 6.987253e-05
  4 (restart 0) KSP residual norm 1.213037e-05
  5 (restart 0) KSP residual norm 2.346618e-06
  6 (restart 0) KSP residual norm 4.529192e-07
  7 (restart 0) KSP residual norm 7.955127e-08
  8 (restart 0) KSP residual norm 1.505516e-08
  9 (restart 0) KSP residual norm 2.731336e-09
GMRES solver converged in 9 iterations (avg. reduction factor: 1.195e-01)
  Residual norms for GMRES solve
  0 (restart 0) KSP residual norm 2.523393e-01
  1 (restart 0) KSP residual norm 6.064408e-03
  2 (restart 0) KSP residual norm 3.378722e-04
  3 (restart 0) KSP residual norm 5.546717e-05
  4 (restart 0) KSP residual norm 8.696355e-06
  5 (restart 0) KSP residual norm 1.661204e-06
  6 (restart 0) KSP residual norm 3.111100e-07
  7 (restart 0) KSP residual norm 5.866982e-08
  8 (restart 0) KSP residual norm 1.110558e-08
  9 (restart 0) KSP residual norm 1.957321e-09
GMRES solver converged in 9 iterations (avg. reduction factor: 1.256e-01)
  Residual norms for GMRES solve
  0 (restart 0) KSP residual norm 3.337050e-01
  1 (restart 0) KSP residual norm 7.842280e-03
  2 (restart 0) KSP residual norm 3.584597e-04
  3 (restart 0) KSP residual norm 5.711681e-05
  4 (restart 0) KSP residual norm 9.870987e-06
  5 (restart 0) KSP residual norm 2.042235e-06
  6 (restart 0) KSP residual norm 3.837991e-07
  7 (restart 0) KSP residual norm 6.980927e-08
  8 (restart 0) KSP residual norm 1.254637e-08
  9 (restart 0) KSP residual norm 2.129641e-09
GMRES solver converged in 9 iterations (avg. reduction factor: 1.229e-01)
  Residual norms for GMRES solve
  0 (restart 0) KSP residual norm 1.781973e-01
  1 (restart 0) KSP residual norm 6.033726e-03
  2 (restart 0) KSP residual norm 3.574484e-04
  3 (restart 0) KSP residual norm 5.734887e-05
  4 (restart 0) KSP residual norm 9.803864e-06
  5 (restart 0) KSP residual norm 1.879838e-06
  6 (restart 0) KSP residual norm 3.679049e-07
  7 (restart 0) KSP residual norm 6.718589e-08
  8 (restart 0) KSP residual norm 1.229271e-08
  9 (restart 0) KSP residual norm 2.116821e-09
 10 (restart 0) KSP residual norm 3.431560e-10
GMRES solver converged in 10 iterations (avg. reduction factor: 1.344e-01)
  Residual norms for GMRES solve
  0 (restart 0) KSP residual norm 3.916576e-01
  1 (restart 0) KSP residual norm 5.589057e-03
  2 (restart 0) KSP residual norm 3.553772e-04
  3 (restart 0) KSP residual norm 5.680348e-05
  4 (restart 0) KSP residual norm 9.716757e-06
  5 (restart 0) KSP residual norm 1.844152e-06
  6 (restart 0) KSP residual norm 3.431912e-07
  7 (restart 0) KSP residual norm 6.141242e-08
  8 (restart 0) KSP residual norm 1.191839e-08
  9 (restart 0) KSP residual norm 2.179062e-09
GMRES solver converged in 9 iterations (avg. reduction factor: 1.210e-01)
  Residual norms for GMRES solve
  0 (restart 0) KSP residual norm 3.273781e-01
  1 (restart 0) KSP residual norm 5.137404e-03
  2 (restart 0) KSP residual norm 3.345189e-04
  3 (restart 0) KSP residual norm 5.636872e-05
  4 (restart 0) KSP residual norm 1.014296e-05
  5 (restart 0) KSP residual norm 2.103908e-06
  6 (restart 0) KSP residual norm 3.961741e-07
  7 (restart 0) KSP residual norm 6.699316e-08
  8 (restart 0) KSP residual norm 1.171982e-08
  9 (restart 0) KSP residual norm 2.024999e-09
GMRES solver converged in 9 iterations (avg. reduction factor: 1.224e-01)
  Residual norms for GMRES solve
  0 (restart 0) KSP residual norm 5.948779e-02
  1 (restart 0) KSP residual norm 2.498024e-03
  2 (restart 0) KSP residual norm 2.875087e-04
  3 (restart 0) KSP residual norm 5.516135e-05
  4 (restart 0) KSP residual norm 1.008311e-05
  5 (restart 0) KSP residual norm 2.013284e-06
  6 (restart 0) KSP residual norm 3.887224e-07
  7 (restart 0) KSP residual norm 6.642665e-08
  8 (restart 0) KSP residual norm 1.167812e-08
  9 (restart 0) KSP residual norm 2.051987e-09
 10 (restart 0) KSP residual norm 3.522583e-10
GMRES solver converged in 10 iterations (avg. reduction factor: 1.504e-01)
  Residual norms for GMRES solve
  0 (restart 0) KSP residual norm 3.655337e-01
  1 (restart 0) KSP residual norm 5.641430e-03
  2 (restart 0) KSP residual norm 3.445409e-04
  3 (restart 0) KSP residual norm 5.845326e-05
  4 (restart 0) KSP residual norm 9.822416e-06
  5 (restart 0) KSP residual norm 1.903451e-06
  6 (restart 0) KSP residual norm 3.843017e-07
  7 (restart 0) KSP residual norm 6.997137e-08
  8 (restart 0) KSP residual norm 1.229313e-08
  9 (restart 0) KSP residual norm 2.085760e-09
GMRES solver converged in 9 iterations (avg. reduction factor: 1.213e-01)
  Residual norms for GMRES solve
  0 (restart 0) KSP residual norm 4.424343e-01
  1 (restart 0) KSP residual norm 5.760379e-03
  2 (restart 0) KSP residual norm 3.533323e-04
  3 (restart 0) KSP residual norm 5.817881e-05
  4 (restart 0) KSP residual norm 9.704772e-06
  5 (restart 0) KSP residual norm 1.759798e-06
  6 (restart 0) KSP residual norm 3.164110e-07
  7 (restart 0) KSP residual norm 5.490802e-08
  8 (restart 0) KSP residual norm 1.060427e-08
  9 (restart 0) KSP residual norm 2.080195e-09
GMRES solver converged in 9 iterations (avg. reduction factor: 1.188e-01)
  Residual norms for GMRES solve
  0 (restart 0) KSP residual norm 1.317507e-01
  1 (restart 0) KSP residual norm 5.180496e-03
  2 (restart 0) KSP residual norm 3.172933e-04
  3 (restart 0) KSP residual norm 5.364773e-05
  4 (restart 0) KSP residual norm 8.888766e-06
  5 (restart 0) KSP residual norm 1.679993e-06
  6 (restart 0) KSP residual norm 3.261725e-07
  7 (restart 0) KSP residual norm 5.987609e-08
  8 (restart 0) KSP residual norm 1.127234e-08
  9 (restart 0) KSP residual norm 2.021905e-09
 10 (restart 0) KSP residual norm 3.457838e-10
GMRES solver converged in 10 iterations (avg. reduction factor: 1.386e-01)
  Residual norms for GMRES solve
  0 (restart 0) KSP residual norm 3.690909e-01
  1 (restart 0) KSP residual norm 5.790944e-03
  2 (restart 0) KSP residual norm 3.500716e-04
  3 (restart 0) KSP residual norm 6.262674e-05
  4 (restart 0) KSP residual norm 1.105476e-05
  5 (restart 0) KSP residual norm 2.172404e-06
  6 (restart 0) KSP residual norm 4.204541e-07
  7 (restart 0) KSP residual norm 7.281766e-08
  8 (restart 0) KSP residual norm 1.318484e-08
  9 (restart 0) KSP residual norm 2.328989e-09
GMRES solver converged in 9 iterations (avg. reduction factor: 1.227e-01)
  Residual norms for GMRES solve
  0 (restart 0) KSP residual norm 2.954587e-01
  1 (restart 0) KSP residual norm 5.467819e-03
  2 (restart 0) KSP residual norm 3.423183e-04
  3 (restart 0) KSP residual norm 5.745159e-05
  4 (restart 0) KSP residual norm 9.611998e-06
  5 (restart 0) KSP residual norm 1.873406e-06
  6 (restart 0) KSP residual norm 3.667559e-07
  7 (restart 0) KSP residual norm 6.632329e-08
  8 (restart 0) KSP residual norm 1.177718e-08
  9 (restart 0) KSP residual norm 2.093437e-09
GMRES solver converged in 9 iterations (avg. reduction factor: 1.243e-01)
  Residual norms for GMRES solve
  0 (restart 0) KSP residual norm 2.643053e-01
  1 (restart 0) KSP residual norm 4.846775e-03
  2 (restart 0) KSP residual norm 3.255636e-04
  3 (restart 0) KSP residual norm 5.543218e-05
  4 (restart 0) KSP residual norm 9.242652e-06
  5 (restart 0) KSP residual norm 1.712442e-06
  6 (restart 0) KSP residual norm 3.534000e-07
  7 (restart 0) KSP residual norm 6.582216e-08
  8 (restart 0) KSP residual norm 1.130696e-08
  9 (restart 0) KSP residual norm 1.948389e-09
GMRES solver converged in 9 iterations (avg. reduction factor: 1.249e-01)
  Residual norms for GMRES solve
  0 (restart 0) KSP residual norm 4.593446e-01
  1 (restart 0) KSP residual norm 5.879598e-03
  2 (restart 0) KSP residual norm 3.822289e-04
  3 (restart 0) KSP residual norm 6.652497e-05
  4 (restart 0) KSP residual norm 1.272604e-05
  5 (restart 0) KSP residual norm 2.587796e-06
  6 (restart 0) KSP residual norm 4.786767e-07
  7 (restart 0) KSP residual norm 7.840792e-08
  8 (restart 0) KSP residual norm 1.321754e-08
  9 (restart 0) KSP residual norm 2.271727e-09
GMRES solver converged in 9 iterations (avg. reduction factor: 1.194e-01)
  3 EPS nconv=20 first unconverged value (error) 0.00155184-3.82192e-12i (2.18383780e-07)
  Residual norms for GMRES solve
  0 (restart 0) KSP residual norm 4.571787e-01
  1 (restart 0) KSP residual norm 5.791775e-03
  2 (restart 0) KSP residual norm 3.562487e-04
  3 (restart 0) KSP residual norm 5.718942e-05
  4 (restart 0) KSP residual norm 8.763714e-06
  5 (restart 0) KSP residual norm 1.539787e-06
  6 (restart 0) KSP residual norm 2.973981e-07
  7 (restart 0) KSP residual norm 5.514673e-08
  8 (restart 0) KSP residual norm 1.039666e-08
  9 (restart 0) KSP residual norm 1.899196e-09
GMRES solver converged in 9 iterations (avg. reduction factor: 1.171e-01)
  Residual norms for GMRES solve
  0 (restart 0) KSP residual norm 4.324428e-01
  1 (restart 0) KSP residual norm 6.049671e-03
  2 (restart 0) KSP residual norm 3.207298e-04
  3 (restart 0) KSP residual norm 5.683219e-05
  4 (restart 0) KSP residual norm 9.647576e-06
  5 (restart 0) KSP residual norm 1.971703e-06
  6 (restart 0) KSP residual norm 3.827515e-07
  7 (restart 0) KSP residual norm 6.561157e-08
  8 (restart 0) KSP residual norm 1.150539e-08
  9 (restart 0) KSP residual norm 1.966796e-09
GMRES solver converged in 9 iterations (avg. reduction factor: 1.183e-01)
  Residual norms for GMRES solve
  0 (restart 0) KSP residual norm 1.803082e-01
  1 (restart 0) KSP residual norm 4.678812e-03
  2 (restart 0) KSP residual norm 3.297270e-04
  3 (restart 0) KSP residual norm 5.221496e-05
  4 (restart 0) KSP residual norm 8.415139e-06
  5 (restart 0) KSP residual norm 1.587396e-06
  6 (restart 0) KSP residual norm 3.181254e-07
  7 (restart 0) KSP residual norm 5.835870e-08
  8 (restart 0) KSP residual norm 1.061207e-08
  9 (restart 0) KSP residual norm 1.822478e-09
 10 (restart 0) KSP residual norm 3.067649e-10
GMRES solver converged in 10 iterations (avg. reduction factor: 1.328e-01)
  Residual norms for GMRES solve
  0 (restart 0) KSP residual norm 8.363984e-01
  1 (restart 0) KSP residual norm 7.713927e-03
  2 (restart 0) KSP residual norm 4.454252e-04
  3 (restart 0) KSP residual norm 7.332951e-05
  4 (restart 0) KSP residual norm 1.265403e-05
  5 (restart 0) KSP residual norm 2.549478e-06
  6 (restart 0) KSP residual norm 4.993660e-07
  7 (restart 0) KSP residual norm 8.508313e-08
  8 (restart 0) KSP residual norm 1.543842e-08
  9 (restart 0) KSP residual norm 2.663060e-09
GMRES solver converged in 9 iterations (avg. reduction factor: 1.137e-01)
  Residual norms for GMRES solve
  0 (restart 0) KSP residual norm 5.597129e-01
  1 (restart 0) KSP residual norm 6.275368e-03
  2 (restart 0) KSP residual norm 3.851868e-04
  3 (restart 0) KSP residual norm 6.334724e-05
  4 (restart 0) KSP residual norm 1.045749e-05
  5 (restart 0) KSP residual norm 1.895661e-06
  6 (restart 0) KSP residual norm 3.406338e-07
  7 (restart 0) KSP residual norm 5.985868e-08
  8 (restart 0) KSP residual norm 1.129171e-08
  9 (restart 0) KSP residual norm 2.182861e-09
GMRES solver converged in 9 iterations (avg. reduction factor: 1.163e-01)
  Residual norms for GMRES solve
  0 (restart 0) KSP residual norm 2.065578e-01
  1 (restart 0) KSP residual norm 5.466708e-03
  2 (restart 0) KSP residual norm 3.309516e-04
  3 (restart 0) KSP residual norm 5.398544e-05
  4 (restart 0) KSP residual norm 9.299105e-06
  5 (restart 0) KSP residual norm 1.707063e-06
  6 (restart 0) KSP residual norm 3.099538e-07
  7 (restart 0) KSP residual norm 5.702322e-08
  8 (restart 0) KSP residual norm 1.101737e-08
  9 (restart 0) KSP residual norm 2.063426e-09
GMRES solver converged in 9 iterations (avg. reduction factor: 1.291e-01)
  Residual norms for GMRES solve
  0 (restart 0) KSP residual norm 5.401759e-01
  1 (restart 0) KSP residual norm 6.373538e-03
  2 (restart 0) KSP residual norm 3.580954e-04
  3 (restart 0) KSP residual norm 5.760545e-05
  4 (restart 0) KSP residual norm 9.334732e-06
  5 (restart 0) KSP residual norm 1.738178e-06
  6 (restart 0) KSP residual norm 3.325383e-07
  7 (restart 0) KSP residual norm 6.333016e-08
  8 (restart 0) KSP residual norm 1.174534e-08
  9 (restart 0) KSP residual norm 2.006623e-09
GMRES solver converged in 9 iterations (avg. reduction factor: 1.157e-01)
  Residual norms for GMRES solve
  0 (restart 0) KSP residual norm 2.702134e-01
  1 (restart 0) KSP residual norm 5.676783e-03
  2 (restart 0) KSP residual norm 3.292421e-04
  3 (restart 0) KSP residual norm 5.448143e-05
  4 (restart 0) KSP residual norm 9.211527e-06
  5 (restart 0) KSP residual norm 1.774710e-06
  6 (restart 0) KSP residual norm 3.484732e-07
  7 (restart 0) KSP residual norm 6.520569e-08
  8 (restart 0) KSP residual norm 1.148623e-08
  9 (restart 0) KSP residual norm 1.918244e-09
GMRES solver converged in 9 iterations (avg. reduction factor: 1.243e-01)
  Residual norms for GMRES solve
  0 (restart 0) KSP residual norm 3.006072e-01
  1 (restart 0) KSP residual norm 5.303822e-03
  2 (restart 0) KSP residual norm 3.295268e-04
  3 (restart 0) KSP residual norm 5.451387e-05
  4 (restart 0) KSP residual norm 9.184304e-06
  5 (restart 0) KSP residual norm 1.768195e-06
  6 (restart 0) KSP residual norm 3.406079e-07
  7 (restart 0) KSP residual norm 6.257488e-08
  8 (restart 0) KSP residual norm 1.139982e-08
  9 (restart 0) KSP residual norm 2.062047e-09
GMRES solver converged in 9 iterations (avg. reduction factor: 1.239e-01)
  Residual norms for GMRES solve
  0 (restart 0) KSP residual norm 5.625841e-01
  1 (restart 0) KSP residual norm 6.140276e-03
  2 (restart 0) KSP residual norm 3.690505e-04
  3 (restart 0) KSP residual norm 5.873209e-05
  4 (restart 0) KSP residual norm 9.536275e-06
  5 (restart 0) KSP residual norm 1.843412e-06
  6 (restart 0) KSP residual norm 3.538255e-07
  7 (restart 0) KSP residual norm 6.467819e-08
  8 (restart 0) KSP residual norm 1.217692e-08
  9 (restart 0) KSP residual norm 2.150083e-09
GMRES solver converged in 9 iterations (avg. reduction factor: 1.161e-01)
  Residual norms for GMRES solve
  0 (restart 0) KSP residual norm 3.873773e-01
  1 (restart 0) KSP residual norm 5.504039e-03
  2 (restart 0) KSP residual norm 3.474684e-04
  3 (restart 0) KSP residual norm 5.357598e-05
  4 (restart 0) KSP residual norm 8.426849e-06
  5 (restart 0) KSP residual norm 1.493176e-06
  6 (restart 0) KSP residual norm 2.690080e-07
  7 (restart 0) KSP residual norm 4.693092e-08
  8 (restart 0) KSP residual norm 8.582734e-09
  9 (restart 0) KSP residual norm 1.667750e-09
GMRES solver converged in 9 iterations (avg. reduction factor: 1.176e-01)
  Residual norms for GMRES solve
  0 (restart 0) KSP residual norm 2.950891e-01
  1 (restart 0) KSP residual norm 4.982732e-03
  2 (restart 0) KSP residual norm 3.333127e-04
  3 (restart 0) KSP residual norm 5.309273e-05
  4 (restart 0) KSP residual norm 8.462037e-06
  5 (restart 0) KSP residual norm 1.621867e-06
  6 (restart 0) KSP residual norm 3.134681e-07
  7 (restart 0) KSP residual norm 5.643967e-08
  8 (restart 0) KSP residual norm 1.075873e-08
  9 (restart 0) KSP residual norm 1.912431e-09
GMRES solver converged in 9 iterations (avg. reduction factor: 1.231e-01)
  4 EPS nconv=27 first unconverged value (error) 0.00201286+5.8267e-10i (3.95032748e-04)

 Linear eigensolve converged (27 eigenpairs) due to CONVERGED_TOL; iterations 4
 Total number of linear systems solved: 88
 Total number of linear solver iterations: 811
 Found 27 converged eigenvalues (first = 2.313e+01+8.417e-11i)

Computing solution error estimates and performing postprocessing

     m,        Re{f} (GHz),        Im{f} (GHz),                  Q,      Error (Bkwd.),       Error (Abs.)
     1,      +1.106490e+00,      +2.012971e-12,      +2.748400e+11,      +6.478582e-12,      +8.217664e-08
     2,      +1.763030e+00,      +1.265320e-10,      +6.966735e+09,      +8.485156e-12,      +1.076643e-07
     3,      +1.763033e+00,      +5.693045e-12,      +1.548409e+11,      +7.495244e-12,      +9.510373e-08
     4,      +1.893337e+00,      +1.172218e-10,      +8.075872e+09,      +8.699586e-12,      +1.103943e-07
     5,      +1.893338e+00,      -1.154239e-10,      +8.201673e+09,      +1.006468e-11,      +1.277168e-07
     6,      +2.022727e+00,      -6.821042e-11,      +1.482711e+10,      +1.324274e-11,      +1.680600e-07
     7,      +2.200509e+00,      -1.361068e-11,      +8.083761e+10,      +1.156661e-11,      +1.468079e-07
     8,      +2.200510e+00,      +7.186546e-12,      +1.530993e+11,      +9.113073e-12,      +1.156667e-07
     9,      +2.363048e+00,      -1.086347e-10,      +1.087612e+10,      +6.982985e-12,      +8.864232e-08
    10,      +2.363061e+00,      +1.029388e-10,      +1.147799e+10,      +1.353791e-11,      +1.718508e-07
    11,      +2.444443e+00,      -1.022703e-10,      +1.195089e+10,      +1.060008e-11,      +1.345672e-07
    12,      +2.444458e+00,      -1.449912e-11,      +8.429674e+10,      +1.145966e-11,      +1.454794e-07
    13,      +2.444520e+00,      +8.846604e-11,      +1.381615e+10,      +9.805955e-12,      +1.244858e-07
    14,      +2.540069e+00,      -3.365504e-10,      +3.773682e+09,      +1.240486e-10,      +1.574917e-06
    15,      +2.569945e+00,      +4.912298e-10,      +2.615827e+09,      +7.792812e-11,      +9.893998e-07
    16,      +2.569965e+00,      -1.507822e-10,      +8.522107e+09,      +2.343400e-11,      +2.975254e-07
    17,      +2.907095e+00,      +2.082289e-10,      +6.980526e+09,      +4.285439e-11,      +5.442686e-07
    18,      +2.907122e+00,      -4.992241e-10,      +2.911640e+09,      +2.732457e-11,      +3.470334e-07
    19,      +2.935791e+00,      -5.546072e-11,      +2.646730e+10,      +2.482883e-11,      +3.153457e-07
    20,      +2.935885e+00,      -1.783708e-10,      +8.229723e+09,      +2.416747e-11,      +3.069460e-07
    21,      +2.975840e+00,      -2.799598e-10,      +5.314763e+09,      +2.475725e-11,      +3.144496e-07
    22,      +2.975862e+00,      +1.229551e-10,      +1.210141e+10,      +2.427532e-11,      +3.083285e-07
    23,      +2.981013e+00,      -2.245437e-10,      +6.637935e+09,      +1.614946e-11,      +2.051205e-07
    24,      +2.981102e+00,      +1.277877e-10,      +1.166427e+10,      +3.158419e-11,      +4.011630e-07
    25,      +3.052759e+00,      -5.498955e-09,      +2.775762e+08,      +6.174708e-11,      +7.843328e-07
    26,      +3.228613e+00,      +2.767538e-10,      +5.833006e+09,      +6.907306e-11,      +8.775594e-07
    27,      +3.228669e+00,      +1.354851e-10,      +1.191522e+10,      +4.717306e-11,      +5.993243e-07

Completed 0 iterations of adaptive mesh refinement (AMR):
 Indicator norm = 1.615e-02, global unknowns = 534810
 Max. iterations = 0, tol. = 1.000e-02

Estimated peak per-rank memory usage is: Min. 1.3G, Max. 1.4G, Avg. 1.4G, Total 5.5G
Estimated peak per-node memory usage is: Min. 5.5G, Max. 5.5G, Avg. 5.5G, Total 5.5G

Elapsed Time Report (s)           Min.        Max.        Avg.
==============================================================
Initialization                   0.307       0.702       0.603
  Mesh Preprocessing             0.535       0.930       0.634
Operator Construction            1.972       1.976       1.974
Linear Solve                    52.375      52.597      52.509
  Setup                         13.701      13.702      13.702
  Preconditioner              1301.214    1301.517    1301.328
  Coarse Solve                  38.190      38.216      38.206
Eigenvalue Solve                 5.300       5.351       5.326
Div.-Free Projection           144.613     144.631     144.625
Estimation                       1.635       1.649       1.641
  Construction                   4.391       4.391       4.391
  Solve                         86.997      87.012      87.005
Postprocessing                  11.538      11.552      11.545
Disk IO                          0.957       0.957       0.957
--------------------------------------------------------------
Total                         1665.551    1665.552    1665.552

Peak Memory                   Per-Node       Total   Total HWM
==============================================================
Initialization                    5.3M        5.3M        5.3M
  Mesh Preprocessing             57.6M       57.6M       62.9M
Operator Construction           623.8M      623.8M      686.7M
Linear Solve                    288.0K      288.0K      686.9M
  Setup                         873.7M      873.7M        1.5G
  Preconditioner                 41.5M       41.5M        1.6G
  Coarse Solve                    1.2G        1.2G        2.8G
Eigenvalue Solve                229.5M      229.5M        3.0G
Div.-Free Projection            284.0M      284.0M        3.3G
Estimation                      272.2M      272.2M        3.5G
  Construction                  451.5M      451.5M        4.0G
  Solve                         263.0M      263.0M        4.2G
Postprocessing                    1.1G        1.1G        5.3G
Disk IO                          65.9M       65.9M        5.4G
--------------------------------------------------------------
Total                             5.4G        5.4G        5.4G

